12-23 12:39:59.089   744   744 E wificond: Failed to get NL80211_STA_INFO_CNAHLOAD
12-23 12:40:02.110   744   744 E wificond: Failed to get NL80211_STA_INFO_CNAHLOAD
12-23 12:40:04.912   744   744 E wificond: Failed to get NL80211_STA_INFO_CNAHLOAD
12-23 12:40:05.133   744   744 E wificond: Failed to get NL80211_STA_INFO_CNAHLOAD
12-23 12:40:07.264   683 10382 I chatty  : uid=1000(system) Binder:683_1F expire 10 lines
12-23 12:40:08.156   744   744 E wificond: Failed to get NL80211_STA_INFO_CNAHLOAD
12-23 12:40:20.933   744   744 E wificond: Failed to get NL80211_STA_INFO_CNAHLOAD
12-23 12:40:22.357   683  1390 I chatty  : uid=1000(system) Binder:683_3 expire 10 lines
12-23 12:40:23.274   744   744 E wificond: Failed to get NL80211_STA_INFO_CNAHLOAD
12-23 12:40:26.294   744   744 E wificond: Failed to get NL80211_STA_INFO_CNAHLOAD
12-23 12:40:29.313   744   744 I chatty  : uid=1010(wifi) /system/bin/wificond identical 14 lines
12-23 12:40:32.334   744   744 E wificond: Failed to get NL80211_STA_INFO_CNAHLOAD
12-23 12:40:33.671   683  1352 I chatty  : uid=1000(system) UEventObserver expire 4 lines
12-23 12:40:33.699   683  1152 I chatty  : uid=1000(system) batterystats-sy expire 5 lines
12-23 12:40:33.787   683  1146 I chatty  : uid=1000(system) ActivityManager expire 12 lines
12-23 12:40:33.795   683   683 I chatty  : uid=1000 system_server expire 12 lines
12-23 12:40:34.776   683  1874 I chatty  : uid=1000(system) watchdog expire 10 lines
12-23 12:40:35.355   744   744 E wificond: Failed to get NL80211_STA_INFO_CNAHLOAD
12-23 12:40:53.478   744   744 E wificond: Failed to get NL80211_STA_INFO_CNAHLOAD
12-23 12:40:54.495   493   633 W SocketListener: sending broadcast to Pid = 683, Uid = 1000 
12-23 12:40:54.499   683  1393 I chatty  : uid=1000(system) NetdConnector expire 10 lines
12-23 12:40:54.505   683  1163 I chatty  : uid=1000(system) android.fg expire 10 lines
12-23 12:40:54.996   493   633 W SocketListener: sending broadcast to Pid = 683, Uid = 1000 
12-23 12:40:56.500   744   744 E wificond: Failed to get NL80211_STA_INFO_CNAHLOAD
12-23 12:40:59.520   744   744 E wificond: Failed to get NL80211_STA_INFO_CNAHLOAD
12-23 12:41:00.962   744   744 E wificond: Failed to get NL80211_STA_INFO_CNAHLOAD
12-23 12:41:00.971   744   744 I chatty  : uid=1010(wifi) /system/bin/wificond identical 11 lines
12-23 12:41:02.540   744   744 E wificond: Failed to get NL80211_STA_INFO_CNAHLOAD
12-23 12:41:05.563   744   744 E wificond: Failed to get NL80211_STA_INFO_CNAHLOAD
12-23 12:41:14.632   744   744 E wificond: Failed to get NL80211_STA_INFO_CNAHLOAD
12-23 12:41:16.937   683  9307 I chatty  : uid=1000(system) Binder:683_17 expire 13 lines
12-23 12:41:16.972   744   744 E wificond: Failed to get NL80211_STA_INFO_CNAHLOAD
12-23 12:41:16.982   744   744 E wificond: Failed to get NL80211_STA_INFO_CNAHLOAD
12-23 12:41:17.652   744   744 E wificond: Failed to get NL80211_STA_INFO_CNAHLOAD
12-23 12:41:20.676   744   744 E wificond: Failed to get NL80211_STA_INFO_CNAHLOAD
12-23 12:41:23.700   744   744 E wificond: Failed to get NL80211_STA_INFO_CNAHLOAD
12-23 12:41:26.719   744   744 E wificond: Failed to get NL80211_STA_INFO_CNAHLOAD
12-23 12:41:29.637   683 10382 I chatty  : uid=1000(system) Binder:683_1F expire 10 lines
12-23 12:41:29.733   744   744 E wificond: Failed to get NL80211_STA_INFO_CNAHLOAD
12-23 12:41:32.755   744   744 E wificond: Failed to get NL80211_STA_INFO_CNAHLOAD
12-23 12:41:32.996   744   744 E wificond: Failed to get NL80211_STA_INFO_CNAHLOAD
12-23 12:41:35.775   744   744 E wificond: Failed to get NL80211_STA_INFO_CNAHLOAD
12-23 12:41:41.820   744   744 E wificond: Failed to get NL80211_STA_INFO_CNAHLOAD
12-23 12:41:44.799   493   633 W SocketListener: sending broadcast to Pid = 683, Uid = 1000 
12-23 12:41:44.815   683  1390 I chatty  : uid=1000(system) Binder:683_3 expire 15 lines
12-23 12:41:44.840   744   744 E wificond: Failed to get NL80211_STA_INFO_CNAHLOAD
12-23 12:41:47.859   744   744 E wificond: Failed to get NL80211_STA_INFO_CNAHLOAD
12-23 12:41:56.997   744   744 I chatty  : uid=1010(wifi) /system/bin/wificond identical 14 lines
12-23 12:41:57.003   744   744 E wificond: Failed to get NL80211_STA_INFO_CNAHLOAD
12-23 12:41:59.728   683  7232 I chatty  : uid=1000(system) Binder:683_15 expire 9 lines
12-23 12:41:59.853   493   633 W SocketListener: sending broadcast to Pid = 683, Uid = 1000 
12-23 12:41:59.945   744   744 E wificond: Failed to get NL80211_STA_INFO_CNAHLOAD
12-23 12:42:02.967   744   744 E wificond: Failed to get NL80211_STA_INFO_CNAHLOAD
12-23 12:42:05.012   744   744 E wificond: Failed to get NL80211_STA_INFO_CNAHLOAD
12-23 12:42:05.987   744   744 E wificond: Failed to get NL80211_STA_INFO_CNAHLOAD
12-23 12:42:09.012   744   744 E wificond: Failed to get NL80211_STA_INFO_CNAHLOAD
12-23 12:42:11.537   683  1148 I chatty  : uid=1000(system) android.ui expire 13 lines
12-23 12:42:12.038   744   744 E wificond: Failed to get NL80211_STA_INFO_CNAHLOAD
12-23 12:42:24.113   744   744 E wificond: Failed to get NL80211_STA_INFO_CNAHLOAD
12-23 12:42:24.575   493   633 W SocketListener: sending broadcast to Pid = 683, Uid = 1000 
12-23 12:42:27.136   744   744 E wificond: Failed to get NL80211_STA_INFO_CNAHLOAD
12-23 12:42:29.042   744   744 I chatty  : uid=1010(wifi) /system/bin/wificond identical 11 lines
12-23 12:42:30.161   744   744 E wificond: Failed to get NL80211_STA_INFO_CNAHLOAD
12-23 12:42:33.183   744   744 E wificond: Failed to get NL80211_STA_INFO_CNAHLOAD
12-23 12:42:36.208   744   744 E wificond: Failed to get NL80211_STA_INFO_CNAHLOAD
12-23 12:42:36.768   493   633 W SocketListener: sending broadcast to Pid = 683, Uid = 1000 
12-23 12:42:36.770   683  1393 I chatty  : uid=1000(system) NetdConnector expire 10 lines
12-23 12:42:37.042   744   744 E wificond: Failed to get NL80211_STA_INFO_CNAHLOAD
12-23 12:42:37.049   744   744 E wificond: Failed to get NL80211_STA_INFO_CNAHLOAD
12-23 12:42:39.233   744   744 E wificond: Failed to get NL80211_STA_INFO_CNAHLOAD
12-23 12:42:53.057   744   744 E wificond: Failed to get NL80211_STA_INFO_CNAHLOAD
12-23 12:42:53.790   493   633 W SocketListener: sending broadcast to Pid = 683, Uid = 1000 
12-23 12:42:54.336   744   744 E wificond: Failed to get NL80211_STA_INFO_CNAHLOAD
12-23 12:42:54.550   493   633 W SocketListener: sending broadcast to Pid = 683, Uid = 1000 
12-23 12:42:54.571   683 10382 I chatty  : uid=1000(system) Binder:683_1F expire 11 lines
12-23 12:42:55.455   683  1142 I chatty  : uid=1000(system) android.bg expire 1 line
12-23 12:42:57.360   744   744 E wificond: Failed to get NL80211_STA_INFO_CNAHLOAD
12-23 12:43:00.273   683  1390 I chatty  : uid=1000(system) Binder:683_3 expire 10 lines
12-23 12:43:00.386   744   744 E wificond: Failed to get NL80211_STA_INFO_CNAHLOAD
12-23 12:43:03.403   744   744 E wificond: Failed to get NL80211_STA_INFO_CNAHLOAD
12-23 12:43:06.433   744   744 E wificond: Failed to get NL80211_STA_INFO_CNAHLOAD
12-23 12:43:09.065   744   744 I chatty  : uid=1010(wifi) /system/bin/wificond identical 10 lines
12-23 12:43:09.070   744   744 E wificond: Failed to get NL80211_STA_INFO_CNAHLOAD
12-23 12:43:09.218   683  1967 I chatty  : uid=1000(system) Binder:683_9 expire 5 lines
12-23 12:43:09.452   744   744 E wificond: Failed to get NL80211_STA_INFO_CNAHLOAD
12-23 12:43:09.556   683  9307 I chatty  : uid=1000(system) Binder:683_17 expire 5 lines
12-23 12:43:12.475   744   744 E wificond: Failed to get NL80211_STA_INFO_CNAHLOAD
12-23 12:43:18.521   744   744 E wificond: Failed to get NL80211_STA_INFO_CNAHLOAD
12-23 12:43:19.181   683  1390 I chatty  : uid=1000(system) Binder:683_3 expire 11 lines
12-23 12:43:21.551   744   744 E wificond: Failed to get NL80211_STA_INFO_CNAHLOAD
12-23 12:43:24.576   493   633 W SocketListener: sending broadcast to Pid = 683, Uid = 1000 
12-23 12:43:24.580   744   744 E wificond: Failed to get NL80211_STA_INFO_CNAHLOAD
12-23 12:43:25.086   744   744 E wificond: Failed to get NL80211_STA_INFO_CNAHLOAD
12-23 12:43:33.649   744   744 E wificond: Failed to get NL80211_STA_INFO_CNAHLOAD
12-23 12:43:36.670   744   744 E wificond: Failed to get NL80211_STA_INFO_CNAHLOAD
12-23 12:43:39.606   493   633 W SocketListener: sending broadcast to Pid = 683, Uid = 1000 
12-23 12:43:39.683   744   744 E wificond: Failed to get NL80211_STA_INFO_CNAHLOAD
12-23 12:43:41.099   744   744 E wificond: Failed to get NL80211_STA_INFO_CNAHLOAD
12-23 12:43:41.674   683   683 I chatty  : uid=1000 system_server expire 11 lines
12-23 12:43:42.705   744   744 E wificond: Failed to get NL80211_STA_INFO_CNAHLOAD
12-23 12:43:45.731   744   744 E wificond: Failed to get NL80211_STA_INFO_CNAHLOAD
12-23 12:43:49.107   744   744 I chatty  : uid=1010(wifi) /system/bin/wificond identical 10 lines
12-23 12:43:51.780   744   744 E wificond: Failed to get NL80211_STA_INFO_CNAHLOAD
12-23 12:43:54.686   493   633 W SocketListener: sending broadcast to Pid = 683, Uid = 1000 
12-23 12:43:54.690   683  1393 I chatty  : uid=1000(system) NetdConnector expire 4 lines
12-23 12:43:54.693   683  1163 I chatty  : uid=1000(system) android.fg expire 2 lines
12-23 12:43:54.803   744   744 E wificond: Failed to get NL80211_STA_INFO_CNAHLOAD
12-23 12:43:57.822   744   744 E wificond: Failed to get NL80211_STA_INFO_CNAHLOAD
12-23 12:44:00.851   744   744 E wificond: Failed to get NL80211_STA_INFO_CNAHLOAD
12-23 12:44:00.960   493   633 W SocketListener: sending broadcast to Pid = 683, Uid = 1000 
12-23 12:44:03.876   744   744 E wificond: Failed to get NL80211_STA_INFO_CNAHLOAD
12-23 12:44:05.120   744   744 E wificond: Failed to get NL80211_STA_INFO_CNAHLOAD
12-23 12:44:13.134   744   744 E wificond: Failed to get NL80211_STA_INFO_CNAHLOAD
12-23 12:44:14.104   683  1390 I chatty  : uid=1000(system) Binder:683_3 expire 12 lines
12-23 12:44:15.965   744   744 E wificond: Failed to get NL80211_STA_INFO_CNAHLOAD
12-23 12:44:18.987   744   744 E wificond: Failed to get NL80211_STA_INFO_CNAHLOAD
12-23 12:44:31.074   744   744 I chatty  : uid=1010(wifi) /system/bin/wificond identical 10 lines
12-23 12:44:34.096   744   744 E wificond: Failed to get NL80211_STA_INFO_CNAHLOAD
12-23 12:44:37.119   744   744 E wificond: Failed to get NL80211_STA_INFO_CNAHLOAD
12-23 12:44:40.145   744   744 E wificond: Failed to get NL80211_STA_INFO_CNAHLOAD
12-23 12:44:43.164   744   744 E wificond: Failed to get NL80211_STA_INFO_CNAHLOAD
12-23 12:44:45.157   744   744 I chatty  : uid=1010(wifi) /system/bin/wificond identical 11 lines
12-23 12:44:45.163   744   744 E wificond: Failed to get NL80211_STA_INFO_CNAHLOAD
12-23 12:44:46.187   744   744 E wificond: Failed to get NL80211_STA_INFO_CNAHLOAD
12-23 12:44:49.208   744   744 E wificond: Failed to get NL80211_STA_INFO_CNAHLOAD
12-23 12:44:51.660   683  1390 I chatty  : uid=1000(system) Binder:683_3 expire 4 lines
12-23 12:44:52.226   744   744 E wificond: Failed to get NL80211_STA_INFO_CNAHLOAD
12-23 12:44:55.247   744   744 E wificond: Failed to get NL80211_STA_INFO_CNAHLOAD
12-23 12:44:58.269   744   744 E wificond: Failed to get NL80211_STA_INFO_CNAHLOAD
12-23 12:45:00.008   683   683 I chatty  : uid=1000 system_server expire 9 lines
12-23 12:45:01.174   744   744 E wificond: Failed to get NL80211_STA_INFO_CNAHLOAD
12-23 12:45:04.316   744   744 E wificond: Failed to get NL80211_STA_INFO_CNAHLOAD
12-23 12:45:07.340   744   744 E wificond: Failed to get NL80211_STA_INFO_CNAHLOAD
12-23 12:45:17.194   744   744 E wificond: Failed to get NL80211_STA_INFO_CNAHLOAD
12-23 12:45:19.429   744   744 E wificond: Failed to get NL80211_STA_INFO_CNAHLOAD
12-23 12:45:22.458   744   744 E wificond: Failed to get NL80211_STA_INFO_CNAHLOAD
12-23 12:45:33.202   744   744 I chatty  : uid=1010(wifi) /system/bin/wificond identical 13 lines
12-23 12:45:33.213   744   744 E wificond: Failed to get NL80211_STA_INFO_CNAHLOAD
12-23 12:45:34.551   744   744 E wificond: Failed to get NL80211_STA_INFO_CNAHLOAD
12-23 12:45:34.805   683  1874 I chatty  : uid=1000(system) watchdog expire 2 lines
12-23 12:45:37.573   744   744 E wificond: Failed to get NL80211_STA_INFO_CNAHLOAD
12-23 12:45:49.658   744   744 E wificond: Failed to get NL80211_STA_INFO_CNAHLOAD
12-23 12:45:51.407   683 10382 I chatty  : uid=1000(system) Binder:683_1F expire 2 lines
12-23 12:45:52.682   744   744 E wificond: Failed to get NL80211_STA_INFO_CNAHLOAD
12-23 12:45:53.835   683  1991 I chatty  : uid=1000(system) Binder:683_B expire 14 lines
12-23 12:45:55.706   744   744 E wificond: Failed to get NL80211_STA_INFO_CNAHLOAD
12-23 12:45:57.225   744   744 I chatty  : uid=1010(wifi) /system/bin/wificond identical 10 lines
12-23 12:45:58.728   744   744 E wificond: Failed to get NL80211_STA_INFO_CNAHLOAD
12-23 12:46:01.749   744   744 E wificond: Failed to get NL80211_STA_INFO_CNAHLOAD
12-23 12:46:04.765   744   744 E wificond: Failed to get NL80211_STA_INFO_CNAHLOAD
12-23 12:46:05.225   744   744 E wificond: Failed to get NL80211_STA_INFO_CNAHLOAD
12-23 12:46:07.789   744   744 E wificond: Failed to get NL80211_STA_INFO_CNAHLOAD
12-23 12:46:08.879   683   683 I chatty  : uid=1000 system_server expire 10 lines
12-23 12:46:08.890   683  1142 I chatty  : uid=1000(system) android.bg expire 12 lines
12-23 12:46:10.809   744   744 E wificond: Failed to get NL80211_STA_INFO_CNAHLOAD
12-23 12:46:22.891   744   744 E wificond: Failed to get NL80211_STA_INFO_CNAHLOAD
12-23 12:46:23.841   683  7232 I chatty  : uid=1000(system) Binder:683_15 expire 10 lines
12-23 12:46:23.927   683  1991 I chatty  : uid=1000(system) Binder:683_B expire 10 lines
12-23 12:46:25.911   744   744 E wificond: Failed to get NL80211_STA_INFO_CNAHLOAD
12-23 12:46:26.266   683  1390 I chatty  : uid=1000(system) Binder:683_3 expire 10 lines
12-23 12:46:28.935   744   744 E wificond: Failed to get NL80211_STA_INFO_CNAHLOAD
12-23 12:46:29.253   744   744 I chatty  : uid=1010(wifi) /system/bin/wificond identical 11 lines
12-23 12:46:29.259   744   744 E wificond: Failed to get NL80211_STA_INFO_CNAHLOAD
12-23 12:46:31.446   683  1148 I chatty  : uid=1000(system) android.ui expire 39 lines
12-23 12:46:31.957   744   744 E wificond: Failed to get NL80211_STA_INFO_CNAHLOAD
12-23 12:46:34.239   683  1146 I chatty  : uid=1000(system) ActivityManager expire 11 lines
12-23 12:46:34.809   683  1874 I chatty  : uid=1000(system) watchdog expire 8 lines
12-23 12:46:34.980   744   744 E wificond: Failed to get NL80211_STA_INFO_CNAHLOAD
12-23 12:46:37.998   744   744 E wificond: Failed to get NL80211_STA_INFO_CNAHLOAD
12-23 12:46:41.025   744   744 E wificond: Failed to get NL80211_STA_INFO_CNAHLOAD
12-23 12:46:56.148   744   744 E wificond: Failed to get NL80211_STA_INFO_CNAHLOAD
12-23 12:46:59.170   744   744 E wificond: Failed to get NL80211_STA_INFO_CNAHLOAD
12-23 12:47:01.276   744   744 E wificond: Failed to get NL80211_STA_INFO_CNAHLOAD
12-23 12:47:01.287   744   744 I chatty  : uid=1010(wifi) /system/bin/wificond identical 17 lines
12-23 12:47:02.188   744   744 E wificond: Failed to get NL80211_STA_INFO_CNAHLOAD
12-23 12:47:03.372   683  1408 I chatty  : uid=1000(system) WifiScanningSer expire 4 lines
12-23 12:47:05.211   744   744 E wificond: Failed to get NL80211_STA_INFO_CNAHLOAD
12-23 12:47:05.657   493   634 W SocketListener: sending broadcast to Pid = 683, Uid = 1000 
12-23 12:47:05.658   683  1393 I chatty  : uid=1000(system) NetdConnector expire 10 lines
12-23 12:47:05.663   683  1163 I chatty  : uid=1000(system) android.fg expire 6 lines
12-23 12:47:05.780   683  1876 I chatty  : uid=1000(system) LocationThread expire 7 lines
12-23 12:47:05.786   683 29102 I chatty  : uid=1000 system_server expire 2 lines
12-23 12:47:05.794   683 29103 I chatty  : uid=1000 system_server expire 1 line
12-23 12:47:05.835   751   751 D libgps  : proxy_gps_inject_location: called.
12-23 12:47:05.947   683  1006 I chatty  : uid=1000(system) Binder:683_2 expire 11 lines
12-23 12:47:05.980   683 29107 I chatty  : uid=1000 system_server expire 2 lines
12-23 12:47:05.986   683 29108 I chatty  : uid=1000 system_server expire 1 line
12-23 12:47:05.994   751   751 D libgps  : proxy_gps_inject_location: called.
12-23 12:47:08.232   744   744 E wificond: Failed to get NL80211_STA_INFO_CNAHLOAD
12-23 12:47:09.282   744   744 E wificond: Failed to get NL80211_STA_INFO_CNAHLOAD
12-23 12:47:10.644   683   683 I chatty  : uid=1000 system_server expire 10 lines
12-23 12:47:11.252   744   744 E wificond: Failed to get NL80211_STA_INFO_CNAHLOAD
12-23 12:47:20.319   744   744 E wificond: Failed to get NL80211_STA_INFO_CNAHLOAD
12-23 12:47:23.342   744   744 E wificond: Failed to get NL80211_STA_INFO_CNAHLOAD
12-23 12:47:26.360   744   744 E wificond: Failed to get NL80211_STA_INFO_CNAHLOAD
12-23 12:47:29.381   744   744 E wificond: Failed to get NL80211_STA_INFO_CNAHLOAD
12-23 12:47:30.779   683  1991 I chatty  : uid=1000(system) Binder:683_B expire 10 lines
12-23 12:47:32.406   744   744 E wificond: Failed to get NL80211_STA_INFO_CNAHLOAD
12-23 12:47:33.311   744   744 E wificond: Failed to get NL80211_STA_INFO_CNAHLOAD
12-23 12:47:35.425   744   744 E wificond: Failed to get NL80211_STA_INFO_CNAHLOAD
12-23 12:47:50.540   744   744 E wificond: Failed to get NL80211_STA_INFO_CNAHLOAD
12-23 12:47:51.071   493   633 W SocketListener: sending broadcast to Pid = 683, Uid = 1000 
12-23 12:47:53.566   744   744 E wificond: Failed to get NL80211_STA_INFO_CNAHLOAD
12-23 12:47:57.327   744   744 I chatty  : uid=1010(wifi) /system/bin/wificond identical 10 lines
12-23 12:47:57.335   744   744 E wificond: Failed to get NL80211_STA_INFO_CNAHLOAD
12-23 12:47:59.610   744   744 E wificond: Failed to get NL80211_STA_INFO_CNAHLOAD
12-23 12:48:02.634   744   744 E wificond: Failed to get NL80211_STA_INFO_CNAHLOAD
12-23 12:48:05.338   744   744 E wificond: Failed to get NL80211_STA_INFO_CNAHLOAD
12-23 12:48:08.682   744   744 E wificond: Failed to get NL80211_STA_INFO_CNAHLOAD
12-23 12:48:09.209   493   633 W SocketListener: sending broadcast to Pid = 683, Uid = 1000 
12-23 12:48:09.212   683  7232 I chatty  : uid=1000(system) Binder:683_15 expire 6 lines
12-23 12:48:09.427   683  9307 I chatty  : uid=1000(system) Binder:683_17 expire 10 lines
12-23 12:48:09.482   683 10397 I chatty  : uid=1000(system) Binder:683_20 expire 10 lines
12-23 12:48:11.615   683  1967 I chatty  : uid=1000(system) Binder:683_9 expire 4 lines
12-23 12:48:11.702   744   744 E wificond: Failed to get NL80211_STA_INFO_CNAHLOAD
12-23 12:48:13.342   744   744 E wificond: Failed to get NL80211_STA_INFO_CNAHLOAD
12-23 12:48:23.796   744   744 E wificond: Failed to get NL80211_STA_INFO_CNAHLOAD
12-23 12:48:24.991   493   633 W SocketListener: sending broadcast to Pid = 683, Uid = 1000 
12-23 12:48:26.817   744   744 E wificond: Failed to get NL80211_STA_INFO_CNAHLOAD
12-23 12:48:29.836   744   744 I chatty  : uid=1010(wifi) /system/bin/wificond identical 11 lines
12-23 12:48:32.856   744   744 E wificond: Failed to get NL80211_STA_INFO_CNAHLOAD
12-23 12:48:35.878   744   744 E wificond: Failed to get NL80211_STA_INFO_CNAHLOAD
12-23 12:48:36.701   493   633 W SocketListener: sending broadcast to Pid = 683, Uid = 1000 
12-23 12:48:37.360   744   744 E wificond: Failed to get NL80211_STA_INFO_CNAHLOAD
12-23 12:48:38.900   744   744 E wificond: Failed to get NL80211_STA_INFO_CNAHLOAD
12-23 12:48:41.927   744   744 E wificond: Failed to get NL80211_STA_INFO_CNAHLOAD
12-23 12:48:44.946   744   744 E wificond: Failed to get NL80211_STA_INFO_CNAHLOAD
12-23 12:48:57.031   744   744 E wificond: Failed to get NL80211_STA_INFO_CNAHLOAD
12-23 12:49:00.057   744   744 E wificond: Failed to get NL80211_STA_INFO_CNAHLOAD
12-23 12:49:00.246   683  1148 I chatty  : uid=1000(system) android.ui expire 1 line
12-23 12:49:01.382   744   744 E wificond: Failed to get NL80211_STA_INFO_CNAHLOAD
12-23 12:49:01.391   744   744 I chatty  : uid=1010(wifi) /system/bin/wificond identical 11 lines
12-23 12:49:03.075   744   744 E wificond: Failed to get NL80211_STA_INFO_CNAHLOAD
12-23 12:49:06.095   744   744 E wificond: Failed to get NL80211_STA_INFO_CNAHLOAD
12-23 12:49:12.142   744   744 E wificond: Failed to get NL80211_STA_INFO_CNAHLOAD
12-23 12:49:15.164   744   744 E wificond: Failed to get NL80211_STA_INFO_CNAHLOAD
12-23 12:49:16.467   683  1991 I chatty  : uid=1000(system) Binder:683_B expire 16 lines
12-23 12:49:17.398   744   744 E wificond: Failed to get NL80211_STA_INFO_CNAHLOAD
12-23 12:49:18.188   744   744 E wificond: Failed to get NL80211_STA_INFO_CNAHLOAD
12-23 12:49:18.423   683  1398 I chatty  : uid=1000(system) WifiStateMachin expire 1 line
12-23 12:49:20.734   493   634 W SocketListener: sending broadcast to Pid = 683, Uid = 1000 
12-23 12:49:20.736   683  1393 I chatty  : uid=1000(system) NetdConnector expire 2 lines
12-23 12:49:21.215   744   744 E wificond: Failed to get NL80211_STA_INFO_CNAHLOAD
12-23 12:49:24.236   744   744 E wificond: Failed to get NL80211_STA_INFO_CNAHLOAD
12-23 12:49:33.421   744   744 E wificond: Failed to get NL80211_STA_INFO_CNAHLOAD
12-23 12:49:36.316   744   744 E wificond: Failed to get NL80211_STA_INFO_CNAHLOAD
12-23 12:49:39.338   744   744 E wificond: Failed to get NL80211_STA_INFO_CNAHLOAD
12-23 12:49:49.438   744   744 I chatty  : uid=1010(wifi) /system/bin/wificond identical 9 lines
12-23 12:49:51.428   744   744 E wificond: Failed to get NL80211_STA_INFO_CNAHLOAD
12-23 12:49:52.273   683   683 I chatty  : uid=1000 system_server expire 31 lines
12-23 12:49:54.449   744   744 E wificond: Failed to get NL80211_STA_INFO_CNAHLOAD
12-23 12:49:54.678   683  1991 I chatty  : uid=1000(system) Binder:683_B expire 11 lines
12-23 12:49:57.439   744   744 E wificond: Failed to get NL80211_STA_INFO_CNAHLOAD
12-23 12:49:57.464   744   744 E wificond: Failed to get NL80211_STA_INFO_CNAHLOAD
12-23 12:50:00.492   744   744 E wificond: Failed to get NL80211_STA_INFO_CNAHLOAD
12-23 12:50:03.516   744   744 E wificond: Failed to get NL80211_STA_INFO_CNAHLOAD
12-23 12:50:05.446   744   744 E wificond: Failed to get NL80211_STA_INFO_CNAHLOAD
12-23 12:50:06.537   744   744 E wificond: Failed to get NL80211_STA_INFO_CNAHLOAD
12-23 12:50:06.572   683  1403 I chatty  : uid=1000(system) IpManager.wlan0 expire 2 lines
12-23 12:50:06.680   683  1410 I chatty  : uid=1000(system) WifiP2pService expire 6 lines
12-23 12:50:06.689   683 26388 I chatty  : uid=1000(system) DhcpClient expire 7 lines
12-23 12:50:06.730   744   744 E wificond: Failed to get NL80211_STA_INFO_CNAHLOAD
12-23 12:50:06.739   683  1413 I chatty  : uid=1000(system) ConnectivitySer expire 8 lines
12-23 12:50:06.742   683   683 I chatty  : uid=1000 system_server expire 17 lines
12-23 12:50:06.744   683  1393 I chatty  : uid=1000(system) NetdConnector expire 10 lines
12-23 12:50:06.804   683  1146 I chatty  : uid=1000(system) ActivityManager expire 10 lines
12-23 12:50:06.831 12219 12219 W ContextImpl: Calling a method in the system process without a qualified user: android.app.ContextImpl.startService:1656 android.content.ContextWrapper.startService:644 android.content.ContextWrapper.startService:644 com.android.settings.wifi.AccessPointConnectedReceiver.onReceive:28 android.app.ActivityThread.handleReceiver:3695 
12-23 12:50:09.562   744   744 E wificond: Failed to get NL80211_STA_INFO_CNAHLOAD
12-23 12:50:21.470   744   744 I chatty  : uid=1010(wifi) /system/bin/wificond identical 10 lines
12-23 12:50:21.650   744   744 E wificond: Failed to get NL80211_STA_INFO_CNAHLOAD
12-23 12:50:21.725   493   633 W SocketListener: sending broadcast to Pid = 683, Uid = 1000 
12-23 12:50:21.735   683  1163 I chatty  : uid=1000(system) android.fg expire 10 lines
12-23 12:50:24.677   744   744 E wificond: Failed to get NL80211_STA_INFO_CNAHLOAD
12-23 12:50:24.789   683  7232 I chatty  : uid=1000(system) Binder:683_15 expire 10 lines
12-23 12:50:25.081   493   633 W SocketListener: sending broadcast to Pid = 683, Uid = 1000 
12-23 12:50:27.696   744   744 E wificond: Failed to get NL80211_STA_INFO_CNAHLOAD
12-23 12:50:33.742   744   744 E wificond: Failed to get NL80211_STA_INFO_CNAHLOAD
12-23 12:50:34.629   683  1352 I chatty  : uid=1000(system) UEventObserver expire 4 lines
12-23 12:50:34.658   683  1152 I chatty  : uid=1000(system) batterystats-sy expire 8 lines
12-23 12:50:34.831   683  1874 I chatty  : uid=1000(system) watchdog expire 9 lines
12-23 12:50:36.764   744   744 E wificond: Failed to get NL80211_STA_INFO_CNAHLOAD
12-23 12:50:37.474   744   744 E wificond: Failed to get NL80211_STA_INFO_CNAHLOAD
12-23 12:50:37.481   744   744 I chatty  : uid=1010(wifi) /system/bin/wificond identical 10 lines
12-23 12:50:39.786   744   744 E wificond: Failed to get NL80211_STA_INFO_CNAHLOAD
12-23 12:50:40.159   493   633 W SocketListener: sending broadcast to Pid = 683, Uid = 1000 
12-23 12:50:40.162   683  1393 I chatty  : uid=1000(system) NetdConnector expire 10 lines
12-23 12:50:42.809   744   744 E wificond: Failed to get NL80211_STA_INFO_CNAHLOAD
12-23 12:50:48.853   744   744 E wificond: Failed to get NL80211_STA_INFO_CNAHLOAD
12-23 12:50:50.307   742   823 E /system/bin/storaged: pid_info get_pids failed
12-23 12:50:51.877   744   744 E wificond: Failed to get NL80211_STA_INFO_CNAHLOAD
12-23 12:50:54.897   744   744 E wificond: Failed to get NL80211_STA_INFO_CNAHLOAD
12-23 12:50:57.032   493   633 W SocketListener: sending broadcast to Pid = 683, Uid = 1000 
12-23 12:50:57.918   744   744 E wificond: Failed to get NL80211_STA_INFO_CNAHLOAD
12-23 12:50:59.993   683  1466 I chatty  : uid=1000(system) StatisticsCHRMs expire 4 lines
12-23 12:51:00.943   744   744 E wificond: Failed to get NL80211_STA_INFO_CNAHLOAD
12-23 12:51:03.964   744   744 E wificond: Failed to get NL80211_STA_INFO_CNAHLOAD
12-23 12:51:06.983   744   744 E wificond: Failed to get NL80211_STA_INFO_CNAHLOAD
12-23 12:51:09.519   744   744 E wificond: Failed to get NL80211_STA_INFO_CNAHLOAD
12-23 12:51:09.693   683  7232 I chatty  : uid=1000(system) Binder:683_15 expire 12 lines
12-23 12:51:10.009   744   744 E wificond: Failed to get NL80211_STA_INFO_CNAHLOAD
12-23 12:51:16.055   744   744 E wificond: Failed to get NL80211_STA_INFO_CNAHLOAD
12-23 12:51:16.135   683  1142 I chatty  : uid=1000(system) android.bg expire 3 lines
12-23 12:51:17.519   744   744 E wificond: Failed to get NL80211_STA_INFO_CNAHLOAD
12-23 12:51:17.527   744   744 E wificond: Failed to get NL80211_STA_INFO_CNAHLOAD
12-23 12:51:19.078   744   744 E wificond: Failed to get NL80211_STA_INFO_CNAHLOAD
12-23 12:51:28.147   744   744 I chatty  : uid=1010(wifi) /system/bin/wificond identical 10 lines
12-23 12:51:31.169   744   744 E wificond: Failed to get NL80211_STA_INFO_CNAHLOAD
12-23 12:51:31.360   493   633 W SocketListener: sending broadcast to Pid = 683, Uid = 1000 
12-23 12:51:33.531   744   744 E wificond: Failed to get NL80211_STA_INFO_CNAHLOAD
12-23 12:51:34.191   744   744 E wificond: Failed to get NL80211_STA_INFO_CNAHLOAD
12-23 12:51:37.215   744   744 E wificond: Failed to get NL80211_STA_INFO_CNAHLOAD
12-23 12:51:46.278   744   744 E wificond: Failed to get NL80211_STA_INFO_CNAHLOAD
12-23 12:51:48.539   683  1390 I chatty  : uid=1000(system) Binder:683_3 expire 10 lines
12-23 12:51:49.304   744   744 E wificond: Failed to get NL80211_STA_INFO_CNAHLOAD
12-23 12:51:49.544   744   744 I chatty  : uid=1010(wifi) /system/bin/wificond identical 11 lines
12-23 12:51:49.551   744   744 E wificond: Failed to get NL80211_STA_INFO_CNAHLOAD
12-23 12:51:50.005   493   633 W SocketListener: sending broadcast to Pid = 683, Uid = 1000 
12-23 12:51:50.020   683  1945 I chatty  : uid=1000(system) Binder:683_7 expire 30 lines
12-23 12:51:52.324   744   744 E wificond: Failed to get NL80211_STA_INFO_CNAHLOAD
12-23 12:51:58.370   744   744 E wificond: Failed to get NL80211_STA_INFO_CNAHLOAD
12-23 12:52:00.004   683   683 I chatty  : uid=1000 system_server expire 11 lines
12-23 12:52:01.396   744   744 E wificond: Failed to get NL80211_STA_INFO_CNAHLOAD
12-23 12:52:04.420   744   744 E wificond: Failed to get NL80211_STA_INFO_CNAHLOAD
12-23 12:52:05.563   744   744 E wificond: Failed to get NL80211_STA_INFO_CNAHLOAD
12-23 12:52:19.542   744   744 E wificond: Failed to get NL80211_STA_INFO_CNAHLOAD
12-23 12:52:20.896   493   633 W SocketListener: sending broadcast to Pid = 683, Uid = 1000 
12-23 12:52:21.195   493   633 W SocketListener: sending broadcast to Pid = 683, Uid = 1000 
12-23 12:52:21.197   683  1393 I chatty  : uid=1000(system) NetdConnector expire 10 lines
12-23 12:52:21.578   744   744 E wificond: Failed to get NL80211_STA_INFO_CNAHLOAD
12-23 12:52:21.587   744   744 I chatty  : uid=1010(wifi) /system/bin/wificond identical 13 lines
12-23 12:52:22.563   744   744 E wificond: Failed to get NL80211_STA_INFO_CNAHLOAD
12-23 12:52:25.585   744   744 E wificond: Failed to get NL80211_STA_INFO_CNAHLOAD
12-23 12:52:34.662   744   744 E wificond: Failed to get NL80211_STA_INFO_CNAHLOAD
12-23 12:52:37.595   744   744 E wificond: Failed to get NL80211_STA_INFO_CNAHLOAD
12-23 12:52:40.698   744   744 E wificond: Failed to get NL80211_STA_INFO_CNAHLOAD
12-23 12:52:43.718   744   744 E wificond: Failed to get NL80211_STA_INFO_CNAHLOAD
12-23 12:52:53.608   744   744 E wificond: Failed to get NL80211_STA_INFO_CNAHLOAD
12-23 12:52:55.804   744   744 E wificond: Failed to get NL80211_STA_INFO_CNAHLOAD
12-23 12:52:56.160   493   633 W SocketListener: sending broadcast to Pid = 683, Uid = 1000 
12-23 12:52:57.129   493   633 W SocketListener: sending broadcast to Pid = 683, Uid = 1000 
12-23 12:52:58.826   744   744 E wificond: Failed to get NL80211_STA_INFO_CNAHLOAD
12-23 12:53:01.612   744   744 E wificond: Failed to get NL80211_STA_INFO_CNAHLOAD
12-23 12:53:01.619   744   744 I chatty  : uid=1010(wifi) /system/bin/wificond identical 12 lines
12-23 12:53:01.844   744   744 E wificond: Failed to get NL80211_STA_INFO_CNAHLOAD
12-23 12:53:04.865   744   744 E wificond: Failed to get NL80211_STA_INFO_CNAHLOAD
12-23 12:53:06.141   493   637 W SocketListener: sending broadcast to Pid = 683, Uid = 1000 
12-23 12:53:06.151   683  1163 I chatty  : uid=1000(system) android.fg expire 5 lines
12-23 12:53:07.889   744   744 E wificond: Failed to get NL80211_STA_INFO_CNAHLOAD
12-23 12:53:09.130   683  7232 I chatty  : uid=1000(system) Binder:683_15 expire 13 lines
12-23 12:53:09.223   683  1390 I chatty  : uid=1000(system) Binder:683_3 expire 7 lines
12-23 12:53:09.459   683  1966 I chatty  : uid=1000(system) Binder:683_8 expire 13 lines
12-23 12:53:09.616   744   744 E wificond: Failed to get NL80211_STA_INFO_CNAHLOAD
12-23 12:53:09.624   744   744 E wificond: Failed to get NL80211_STA_INFO_CNAHLOAD
12-23 12:53:10.911   744   744 E wificond: Failed to get NL80211_STA_INFO_CNAHLOAD
12-23 12:53:13.936   744   744 E wificond: Failed to get NL80211_STA_INFO_CNAHLOAD
12-23 12:53:17.633   744   744 E wificond: Failed to get NL80211_STA_INFO_CNAHLOAD
12-23 12:53:19.985   744   744 E wificond: Failed to get NL80211_STA_INFO_CNAHLOAD
12-23 12:53:23.008   744   744 E wificond: Failed to get NL80211_STA_INFO_CNAHLOAD
12-23 12:53:25.634   744   744 E wificond: Failed to get NL80211_STA_INFO_CNAHLOAD
12-23 12:53:33.648   744   744 E wificond: Failed to get NL80211_STA_INFO_CNAHLOAD
12-23 12:53:35.085   744   744 E wificond: Failed to get NL80211_STA_INFO_CNAHLOAD
12-23 12:53:44.157   744   744 E wificond: Failed to get NL80211_STA_INFO_CNAHLOAD
12-23 12:53:46.870   683  1945 I chatty  : uid=1000(system) Binder:683_7 expire 7 lines
12-23 12:53:47.182   744   744 E wificond: Failed to get NL80211_STA_INFO_CNAHLOAD
12-23 12:53:53.222   744   744 I chatty  : uid=1010(wifi) /system/bin/wificond identical 11 lines
12-23 12:53:56.245   744   744 E wificond: Failed to get NL80211_STA_INFO_CNAHLOAD
12-23 12:53:57.660   744   744 E wificond: Failed to get NL80211_STA_INFO_CNAHLOAD
12-23 12:53:59.266   744   744 E wificond: Failed to get NL80211_STA_INFO_CNAHLOAD
12-23 12:53:59.713   493   633 W SocketListener: sending broadcast to Pid = 683, Uid = 1000 
12-23 12:53:59.724   683 10397 I chatty  : uid=1000(system) Binder:683_20 expire 6 lines
12-23 12:54:00.005   683   683 I chatty  : uid=1000 system_server expire 2 lines
12-23 12:54:00.280   493   633 W SocketListener: sending broadcast to Pid = 683, Uid = 1000 
12-23 12:54:00.282   683  1393 I chatty  : uid=1000(system) NetdConnector expire 2 lines
12-23 12:54:02.285   744   744 E wificond: Failed to get NL80211_STA_INFO_CNAHLOAD
12-23 12:54:05.309   744   744 E wificond: Failed to get NL80211_STA_INFO_CNAHLOAD
12-23 12:54:14.375   744   744 E wificond: Failed to get NL80211_STA_INFO_CNAHLOAD
12-23 12:54:16.986   683  1966 I chatty  : uid=1000(system) Binder:683_8 expire 10 lines
12-23 12:54:17.396   744   744 E wificond: Failed to get NL80211_STA_INFO_CNAHLOAD
12-23 12:54:20.419   744   744 E wificond: Failed to get NL80211_STA_INFO_CNAHLOAD
12-23 12:54:29.702   744   744 I chatty  : uid=1010(wifi) /system/bin/wificond identical 14 lines
12-23 12:54:32.515   744   744 E wificond: Failed to get NL80211_STA_INFO_CNAHLOAD
12-23 12:54:35.535   744   744 E wificond: Failed to get NL80211_STA_INFO_CNAHLOAD
12-23 12:54:47.630   744   744 E wificond: Failed to get NL80211_STA_INFO_CNAHLOAD
12-23 12:54:50.651   744   744 E wificond: Failed to get NL80211_STA_INFO_CNAHLOAD
12-23 12:54:53.671   744   744 E wificond: Failed to get NL80211_STA_INFO_CNAHLOAD
12-23 12:54:53.707   744   744 I chatty  : uid=1010(wifi) /system/bin/wificond identical 10 lines
12-23 12:54:53.715   744   744 E wificond: Failed to get NL80211_STA_INFO_CNAHLOAD
12-23 12:54:55.155   683  1146 I chatty  : uid=1000(system) ActivityManager expire 12 lines
12-23 12:54:55.157   683   683 I chatty  : uid=1000 system_server expire 10 lines
12-23 12:54:56.691   744   744 E wificond: Failed to get NL80211_STA_INFO_CNAHLOAD
12-23 12:54:59.714   744   744 E wificond: Failed to get NL80211_STA_INFO_CNAHLOAD
12-23 12:55:00.296   683  1390 I chatty  : uid=1000(system) Binder:683_3 expire 10 lines
12-23 12:55:01.718   744   744 E wificond: Failed to get NL80211_STA_INFO_CNAHLOAD
12-23 12:55:02.740   744   744 E wificond: Failed to get NL80211_STA_INFO_CNAHLOAD
12-23 12:55:04.852   683  1874 I chatty  : uid=1000(system) watchdog expire 10 lines
12-23 12:55:05.767   744   744 E wificond: Failed to get NL80211_STA_INFO_CNAHLOAD
12-23 12:55:20.874   744   744 E wificond: Failed to get NL80211_STA_INFO_CNAHLOAD
12-23 12:55:23.899   744   744 E wificond: Failed to get NL80211_STA_INFO_CNAHLOAD
12-23 12:55:25.734   744   744 E wificond: Failed to get NL80211_STA_INFO_CNAHLOAD
12-23 12:55:26.917   744   744 I chatty  : uid=1010(wifi) /system/bin/wificond identical 11 lines
12-23 12:55:29.938   744   744 E wificond: Failed to get NL80211_STA_INFO_CNAHLOAD
12-23 12:55:32.638   493   633 W SocketListener: sending broadcast to Pid = 683, Uid = 1000 
12-23 12:55:32.640   683  1393 I chatty  : uid=1000(system) NetdConnector expire 10 lines
12-23 12:55:32.645   683  1163 I chatty  : uid=1000(system) android.fg expire 10 lines
12-23 12:55:32.958   744   744 E wificond: Failed to get NL80211_STA_INFO_CNAHLOAD
12-23 12:55:33.751   744   744 E wificond: Failed to get NL80211_STA_INFO_CNAHLOAD
12-23 12:55:35.978   744   744 E wificond: Failed to get NL80211_STA_INFO_CNAHLOAD
12-23 12:55:38.999   744   744 E wificond: Failed to get NL80211_STA_INFO_CNAHLOAD
12-23 12:55:40.441   493   633 W SocketListener: sending broadcast to Pid = 683, Uid = 1000 
12-23 12:55:40.696   683  1945 I chatty  : uid=1000(system) Binder:683_7 expire 10 lines
12-23 12:55:40.751  3457 16273 W SettingsEx: SettingsEx.Systemex.getInt deprecated use Settings.System.getInt instead ;callers=com.huawei.recsys.util.SystemUtil.getNotificationUpdateMode:177 com.huawei.recsys.util.SystemUtil.isAllowUpdate:112 com.huawei.recsys.controller.notification.http.NotificationUpdateController.startNotificationUpdate:85 
12-23 12:55:41.297   683 29331 I chatty  : uid=1000 system_server expire 2 lines
12-23 12:55:41.751   744   744 E wificond: Failed to get NL80211_STA_INFO_CNAHLOAD
12-23 12:55:45.038   744   744 E wificond: Failed to get NL80211_STA_INFO_CNAHLOAD
12-23 12:55:48.061   744   744 E wificond: Failed to get NL80211_STA_INFO_CNAHLOAD
12-23 12:55:54.099   744   744 E wificond: Failed to get NL80211_STA_INFO_CNAHLOAD
12-23 12:55:57.118   744   744 E wificond: Failed to get NL80211_STA_INFO_CNAHLOAD
12-23 12:55:57.768   744   744 E wificond: Failed to get NL80211_STA_INFO_CNAHLOAD
12-23 12:56:00.154   744   744 E wificond: Failed to get NL80211_STA_INFO_CNAHLOAD
12-23 12:56:03.178   744   744 E wificond: Failed to get NL80211_STA_INFO_CNAHLOAD
12-23 12:56:05.771   744   744 E wificond: Failed to get NL80211_STA_INFO_CNAHLOAD
12-23 12:56:09.221   744   744 E wificond: Failed to get NL80211_STA_INFO_CNAHLOAD
12-23 12:56:09.407   493   633 W SocketListener: sending broadcast to Pid = 683, Uid = 1000 
12-23 12:56:12.244   744   744 E wificond: Failed to get NL80211_STA_INFO_CNAHLOAD
12-23 12:56:21.791   744   744 I chatty  : uid=1010(wifi) /system/bin/wificond identical 16 lines
12-23 12:56:24.336   744   744 E wificond: Failed to get NL80211_STA_INFO_CNAHLOAD
12-23 12:56:25.493   493   633 W SocketListener: sending broadcast to Pid = 683, Uid = 1000 
12-23 12:56:25.513   683  1390 I chatty  : uid=1000(system) Binder:683_3 expire 20 lines
12-23 12:56:27.358   744   744 E wificond: Failed to get NL80211_STA_INFO_CNAHLOAD
12-23 12:56:29.794   744   744 E wificond: Failed to get NL80211_STA_INFO_CNAHLOAD
12-23 12:56:30.375   744   744 E wificond: Failed to get NL80211_STA_INFO_CNAHLOAD
12-23 12:56:33.395   744   744 E wificond: Failed to get NL80211_STA_INFO_CNAHLOAD
12-23 12:56:36.418   744   744 E wificond: Failed to get NL80211_STA_INFO_CNAHLOAD
12-23 12:56:37.811   744   744 E wificond: Failed to get NL80211_STA_INFO_CNAHLOAD
12-23 12:56:39.442   744   744 E wificond: Failed to get NL80211_STA_INFO_CNAHLOAD
12-23 12:56:53.823   744   744 E wificond: Failed to get NL80211_STA_INFO_CNAHLOAD
12-23 12:56:54.049   493   633 W SocketListener: sending broadcast to Pid = 683, Uid = 1000 
12-23 12:56:54.551   744   744 E wificond: Failed to get NL80211_STA_INFO_CNAHLOAD
12-23 12:56:57.575   744   744 E wificond: Failed to get NL80211_STA_INFO_CNAHLOAD
12-23 12:56:59.173   493   633 W SocketListener: sending broadcast to Pid = 683, Uid = 1000 
12-23 12:56:59.176   683  1393 I chatty  : uid=1000(system) NetdConnector expire 10 lines
12-23 12:56:59.195   683  1966 I chatty  : uid=1000(system) Binder:683_8 expire 11 lines
12-23 12:57:00.595   744   744 E wificond: Failed to get NL80211_STA_INFO_CNAHLOAD
12-23 12:57:01.824   744   744 E wificond: Failed to get NL80211_STA_INFO_CNAHLOAD
12-23 12:57:01.832   744   744 E wificond: Failed to get NL80211_STA_INFO_CNAHLOAD
12-23 12:57:03.337   683  1390 I chatty  : uid=1000(system) Binder:683_3 expire 13 lines
12-23 12:57:03.396   683  1945 I chatty  : uid=1000(system) Binder:683_7 expire 13 lines
12-23 12:57:03.616   744   744 E wificond: Failed to get NL80211_STA_INFO_CNAHLOAD
12-23 12:57:03.632   683  1876 I chatty  : uid=1000(system) LocationThread expire 7 lines
12-23 12:57:03.638   683 29355 I chatty  : uid=1000 system_server expire 2 lines
12-23 12:57:03.645   683 29356 I chatty  : uid=1000 system_server expire 1 line
12-23 12:57:03.694   751   751 D libgps  : proxy_gps_inject_location: called.
12-23 12:57:03.822   683 29360 I chatty  : uid=1000 system_server expire 2 lines
12-23 12:57:03.829   683 29361 I chatty  : uid=1000 system_server expire 1 line
12-23 12:57:03.837   751   751 D libgps  : proxy_gps_inject_location: called.
12-23 12:57:06.641   744   744 E wificond: Failed to get NL80211_STA_INFO_CNAHLOAD
12-23 12:57:27.799   744   744 I chatty  : uid=1010(wifi) /system/bin/wificond identical 23 lines
12-23 12:57:30.822   744   744 E wificond: Failed to get NL80211_STA_INFO_CNAHLOAD
12-23 12:57:31.471   683  1991 I chatty  : uid=1000(system) Binder:683_B expire 5 lines
12-23 12:57:33.665   493   633 W SocketListener: sending broadcast to Pid = 683, Uid = 1000 
12-23 12:57:33.843   744   744 E wificond: Failed to get NL80211_STA_INFO_CNAHLOAD
12-23 12:57:33.859   744   744 E wificond: Failed to get NL80211_STA_INFO_CNAHLOAD
12-23 12:57:36.863   744   744 E wificond: Failed to get NL80211_STA_INFO_CNAHLOAD
12-23 12:57:54.996   744   744 E wificond: Failed to get NL80211_STA_INFO_CNAHLOAD
12-23 12:57:55.597   493   633 W SocketListener: sending broadcast to Pid = 683, Uid = 1000 
12-23 12:57:57.882   744   744 E wificond: Failed to get NL80211_STA_INFO_CNAHLOAD
12-23 12:57:57.889   744   744 I chatty  : uid=1010(wifi) /system/bin/wificond identical 10 lines
12-23 12:57:58.014   744   744 E wificond: Failed to get NL80211_STA_INFO_CNAHLOAD
12-23 12:57:59.338   683   683 I chatty  : uid=1000 system_server expire 15 lines
12-23 12:58:01.036   744   744 E wificond: Failed to get NL80211_STA_INFO_CNAHLOAD
12-23 12:58:04.058   744   744 E wificond: Failed to get NL80211_STA_INFO_CNAHLOAD
12-23 12:58:05.889   744   744 E wificond: Failed to get NL80211_STA_INFO_CNAHLOAD
12-23 12:58:07.079   744   744 E wificond: Failed to get NL80211_STA_INFO_CNAHLOAD
12-23 12:58:09.244   683 10397 I chatty  : uid=1000(system) Binder:683_20 expire 10 lines
12-23 12:58:10.098   744   744 E wificond: Failed to get NL80211_STA_INFO_CNAHLOAD
12-23 12:58:13.123   744   744 E wificond: Failed to get NL80211_STA_INFO_CNAHLOAD
12-23 12:58:19.169   744   744 E wificond: Failed to get NL80211_STA_INFO_CNAHLOAD
12-23 12:58:21.906   744   744 E wificond: Failed to get NL80211_STA_INFO_CNAHLOAD
12-23 12:58:22.187   744   744 E wificond: Failed to get NL80211_STA_INFO_CNAHLOAD
12-23 12:58:25.219   744   744 E wificond: Failed to get NL80211_STA_INFO_CNAHLOAD
12-23 12:58:34.282   744   744 E wificond: Failed to get NL80211_STA_INFO_CNAHLOAD
12-23 12:58:37.306   744   744 E wificond: Failed to get NL80211_STA_INFO_CNAHLOAD
12-23 12:58:40.325   744   744 I chatty  : uid=1010(wifi) /system/bin/wificond identical 10 lines
12-23 12:58:43.350   744   744 E wificond: Failed to get NL80211_STA_INFO_CNAHLOAD
12-23 12:58:44.086   683  1394 I chatty  : uid=1000(system) NetworkStats expire 7 lines
12-23 12:58:44.133   683  1945 I chatty  : uid=1000(system) Binder:683_7 expire 3 lines
12-23 12:58:45.921   744   744 E wificond: Failed to get NL80211_STA_INFO_CNAHLOAD
12-23 12:58:46.368   744   744 E wificond: Failed to get NL80211_STA_INFO_CNAHLOAD
12-23 12:58:46.561   683  1966 I chatty  : uid=1000(system) Binder:683_8 expire 10 lines
12-23 12:58:49.390   744   744 E wificond: Failed to get NL80211_STA_INFO_CNAHLOAD
12-23 12:58:55.436   744   744 E wificond: Failed to get NL80211_STA_INFO_CNAHLOAD
12-23 12:58:55.669   683   683 I chatty  : uid=1000 system_server expire 11 lines
12-23 12:58:58.465   744   744 E wificond: Failed to get NL80211_STA_INFO_CNAHLOAD
12-23 12:59:01.489   744   744 E wificond: Failed to get NL80211_STA_INFO_CNAHLOAD
12-23 12:59:01.941   744   744 E wificond: Failed to get NL80211_STA_INFO_CNAHLOAD
12-23 12:59:04.509   744   744 E wificond: Failed to get NL80211_STA_INFO_CNAHLOAD
12-23 12:59:07.532   744   744 E wificond: Failed to get NL80211_STA_INFO_CNAHLOAD
12-23 12:59:09.340   683  1390 I chatty  : uid=1000(system) Binder:683_3 expire 8 lines
12-23 12:59:09.934   744   744 E wificond: Failed to get NL80211_STA_INFO_CNAHLOAD
12-23 12:59:13.573   744   744 E wificond: Failed to get NL80211_STA_INFO_CNAHLOAD
12-23 12:59:16.599   744   744 E wificond: Failed to get NL80211_STA_INFO_CNAHLOAD
12-23 12:59:16.689   683 10397 I chatty  : uid=1000(system) Binder:683_20 expire 20 lines
12-23 12:59:17.942   744   744 E wificond: Failed to get NL80211_STA_INFO_CNAHLOAD
12-23 12:59:17.951   744   744 E wificond: Failed to get NL80211_STA_INFO_CNAHLOAD
12-23 12:59:19.618   744   744 E wificond: Failed to get NL80211_STA_INFO_CNAHLOAD
12-23 12:59:22.644   744   744 E wificond: Failed to get NL80211_STA_INFO_CNAHLOAD
12-23 12:59:33.966   744   744 I chatty  : uid=1010(wifi) /system/bin/wificond identical 11 lines
12-23 12:59:34.732   744   744 E wificond: Failed to get NL80211_STA_INFO_CNAHLOAD
12-23 12:59:37.753   744   744 E wificond: Failed to get NL80211_STA_INFO_CNAHLOAD
12-23 12:59:46.823   744   744 E wificond: Failed to get NL80211_STA_INFO_CNAHLOAD
12-23 12:59:49.847   744   744 E wificond: Failed to get NL80211_STA_INFO_CNAHLOAD
12-23 12:59:49.969   744   744 I chatty  : uid=1010(wifi) /system/bin/wificond identical 7 lines
12-23 12:59:49.976   744   744 E wificond: Failed to get NL80211_STA_INFO_CNAHLOAD
12-23 12:59:52.863   744   744 E wificond: Failed to get NL80211_STA_INFO_CNAHLOAD
12-23 12:59:55.886   744   744 E wificond: Failed to get NL80211_STA_INFO_CNAHLOAD
12-23 12:59:58.905   744   744 E wificond: Failed to get NL80211_STA_INFO_CNAHLOAD
12-23 13:00:00.315  3457  6832 W ContextImpl: Calling a method in the system process without a qualified user: android.app.ContextImpl.bindService:1736 android.content.ContextWrapper.bindService:678 com.huawei.nb.dataservice.dsclient.RemoteServiceConnection.open:90 com.huawei.nb.dataservice.dsclient.DataServiceProxy.connect:105 com.huawei.nb.dataservice.rsclient.internal.RemoteRuleService.start:27 
12-23 13:00:00.355  3457 13444 W ContextImpl: Calling a method in the system process without a qualified user: android.app.ContextImpl.bindService:1736 android.content.ContextWrapper.bindService:678 com.huawei.nb.dataservice.dsclient.RemoteServiceConnection.open:90 com.huawei.nb.dataservice.dsclient.DataServiceProxy.connect:105 com.huawei.nb.dataservice.rsclient.internal.RemoteRuleService.start:27 
12-23 13:00:01.927   744   744 E wificond: Failed to get NL80211_STA_INFO_CNAHLOAD
12-23 13:00:04.876   683  1874 I chatty  : uid=1000(system) watchdog expire 1 line
12-23 13:00:04.953   744   744 E wificond: Failed to get NL80211_STA_INFO_CNAHLOAD
12-23 13:00:07.975   744   744 E wificond: Failed to get NL80211_STA_INFO_CNAHLOAD
12-23 13:00:08.864   493   633 W SocketListener: sending broadcast to Pid = 683, Uid = 1000 
12-23 13:00:08.870   683  1393 I chatty  : uid=1000(system) NetdConnector expire 4 lines
12-23 13:00:09.126   493   633 W SocketListener: sending broadcast to Pid = 683, Uid = 1000 
12-23 13:00:09.186   683  1152 I chatty  : uid=1000(system) batterystats-sy expire 1 line
12-23 13:00:10.997   744   744 E wificond: Failed to get NL80211_STA_INFO_CNAHLOAD
12-23 13:00:14.023   744   744 E wificond: Failed to get NL80211_STA_INFO_CNAHLOAD
12-23 13:00:15.557   683  1352 I chatty  : uid=1000(system) UEventObserver expire 4 lines
12-23 13:00:15.575   683  1146 I chatty  : uid=1000(system) ActivityManager expire 11 lines
12-23 13:00:15.585   683   683 I chatty  : uid=1000 system_server expire 10 lines
12-23 13:00:15.603   683  1152 I chatty  : uid=1000(system) batterystats-sy expire 4 lines
12-23 13:00:17.044   744   744 E wificond: Failed to get NL80211_STA_INFO_CNAHLOAD
12-23 13:00:20.063   744   744 E wificond: Failed to get NL80211_STA_INFO_CNAHLOAD
12-23 13:00:21.456   683 10397 I chatty  : uid=1000(system) Binder:683_20 expire 14 lines
12-23 13:00:21.993   744   744 E wificond: Failed to get NL80211_STA_INFO_CNAHLOAD
12-23 13:00:22.001   744   744 I chatty  : uid=1010(wifi) /system/bin/wificond identical 10 lines
12-23 13:00:23.082   744   744 E wificond: Failed to get NL80211_STA_INFO_CNAHLOAD
12-23 13:00:23.869   683  1945 I chatty  : uid=1000(system) Binder:683_7 expire 2 lines
12-23 13:00:26.106   744   744 E wificond: Failed to get NL80211_STA_INFO_CNAHLOAD
12-23 13:00:29.127   744   744 E wificond: Failed to get NL80211_STA_INFO_CNAHLOAD
12-23 13:00:29.432   683  1390 I chatty  : uid=1000(system) Binder:683_3 expire 10 lines
12-23 13:00:29.481   683  7232 I chatty  : uid=1000(system) Binder:683_15 expire 7 lines
12-23 13:00:29.722  3457 16273 W SettingsEx: SettingsEx.Systemex.getInt deprecated use Settings.System.getInt instead ;callers=com.huawei.recsys.util.SystemUtil.getNotificationUpdateMode:177 com.huawei.recsys.util.SystemUtil.isAllowUpdate:112 com.huawei.recsys.controller.notification.http.NotificationUpdateController.startNotificationUpdate:85 
12-23 13:00:30.000   744   744 E wificond: Failed to get NL80211_STA_INFO_CNAHLOAD
12-23 13:00:32.148   744   744 E wificond: Failed to get NL80211_STA_INFO_CNAHLOAD
12-23 13:00:34.879   683  1874 I chatty  : uid=1000(system) watchdog expire 10 lines
12-23 13:00:35.166   744   744 E wificond: Failed to get NL80211_STA_INFO_CNAHLOAD
12-23 13:00:37.078   683  1966 I chatty  : uid=1000(system) Binder:683_8 expire 9 lines
12-23 13:00:38.010   744   744 E wificond: Failed to get NL80211_STA_INFO_CNAHLOAD
12-23 13:00:50.286   744   744 E wificond: Failed to get NL80211_STA_INFO_CNAHLOAD
12-23 13:00:52.126   493   633 W SocketListener: sending broadcast to Pid = 683, Uid = 1000 
12-23 13:00:52.128   683  1393 I chatty  : uid=1000(system) NetdConnector expire 10 lines
12-23 13:00:52.134   683  1163 I chatty  : uid=1000(system) android.fg expire 10 lines
12-23 13:00:53.305   744   744 E wificond: Failed to get NL80211_STA_INFO_CNAHLOAD
12-23 13:00:54.033   744   744 E wificond: Failed to get NL80211_STA_INFO_CNAHLOAD
12-23 13:00:55.801   493   633 W SocketListener: sending broadcast to Pid = 683, Uid = 1000 
12-23 13:00:56.324   744   744 E wificond: Failed to get NL80211_STA_INFO_CNAHLOAD
12-23 13:00:56.549   683  1991 I chatty  : uid=1000(system) Binder:683_B expire 5 lines
12-23 13:00:59.344   744   744 E wificond: Failed to get NL80211_STA_INFO_CNAHLOAD
12-23 13:01:02.034   744   744 E wificond: Failed to get NL80211_STA_INFO_CNAHLOAD
12-23 13:01:02.039   744   744 I chatty  : uid=1010(wifi) /system/bin/wificond identical 13 lines
12-23 13:01:02.364   744   744 E wificond: Failed to get NL80211_STA_INFO_CNAHLOAD
12-23 13:01:05.387   744   744 E wificond: Failed to get NL80211_STA_INFO_CNAHLOAD
12-23 13:01:26.539   744   744 E wificond: Failed to get NL80211_STA_INFO_CNAHLOAD
12-23 13:01:27.998   493   633 W SocketListener: sending broadcast to Pid = 683, Uid = 1000 
