--------- beginning of system
12-23 11:53:14.815  1508  1508 I ContextImpl: ContextImpl#createApplicationContext pi.resDir is/data/app/com.huawei.health-zWVGnnCpQRKFGYEpjQbyhQ==/base.apk
12-23 11:53:14.819  1508  1508 I ContextImpl: ContextImpl#createApplicationContext pi.resDir is/data/app/com.huawei.health-zWVGnnCpQRKFGYEpjQbyhQ==/base.apk
12-23 11:53:15.215   683  1379 I chatty  : uid=1000(system) InputDispatcher expire 7 lines
12-23 11:53:15.316  1798  2200 I HwNetworkPolicyManager: getHwUidPolicy uid = 10056 policy = 0
12-23 11:53:15.319 14638 14638 V ActivityThread: Handle window ActivityRecord{23a9e95 token=android.os.BinderProxy@9f0698a {com.eg.android.AlipayGphone/com.eg.android.AlipayGphone.AlipayLogin}} visibility: false
12-23 11:53:15.324  1508  1535 I CommandQueue: updateBarBgColor
12-23 11:53:15.324  1508  1535 D CommandQueue: CommandQueue, setBarBackgroundColor
12-23 11:53:15.742  1798  3027 I ContextImpl: ContextImpl#createApplicationContext pi.resDir is/data/app/com.huawei.health-zWVGnnCpQRKFGYEpjQbyhQ==/base.apk
12-23 11:53:15.743  1508  1508 I ContextImpl: ContextImpl#createApplicationContext pi.resDir is/data/app/com.huawei.health-zWVGnnCpQRKFGYEpjQbyhQ==/base.apk
12-23 11:53:15.744  1508  1508 I ContextImpl: ContextImpl#createApplicationContext pi.resDir is/data/app/com.huawei.health-zWVGnnCpQRKFGYEpjQbyhQ==/base.apk
12-23 11:53:15.744  1508  1760 I ContextImpl: ContextImpl#createApplicationContext pi.resDir is/data/app/com.huawei.health-zWVGnnCpQRKFGYEpjQbyhQ==/base.apk
12-23 11:53:15.745  1508  1508 I ContextImpl: ContextImpl#createApplicationContext pi.resDir is/data/app/com.huawei.health-zWVGnnCpQRKFGYEpjQbyhQ==/base.apk
12-23 11:53:15.746  1508  1508 I ContextImpl: ContextImpl#createApplicationContext pi.resDir is/data/app/com.huawei.health-zWVGnnCpQRKFGYEpjQbyhQ==/base.apk
12-23 11:53:16.763  1798  6663 I ContextImpl: ContextImpl#createApplicationContext pi.resDir is/data/app/com.huawei.health-zWVGnnCpQRKFGYEpjQbyhQ==/base.apk
12-23 11:53:16.767  1508  1508 I ContextImpl: ContextImpl#createApplicationContext pi.resDir is/data/app/com.huawei.health-zWVGnnCpQRKFGYEpjQbyhQ==/base.apk
12-23 11:53:16.769  1508  1508 I ContextImpl: ContextImpl#createApplicationContext pi.resDir is/data/app/com.huawei.health-zWVGnnCpQRKFGYEpjQbyhQ==/base.apk
12-23 11:53:16.771  1508  1760 I ContextImpl: ContextImpl#createApplicationContext pi.resDir is/data/app/com.huawei.health-zWVGnnCpQRKFGYEpjQbyhQ==/base.apk
12-23 11:53:16.773  1508  1508 I ContextImpl: ContextImpl#createApplicationContext pi.resDir is/data/app/com.huawei.health-zWVGnnCpQRKFGYEpjQbyhQ==/base.apk
12-23 11:53:16.776  1508  1508 I ContextImpl: ContextImpl#createApplicationContext pi.resDir is/data/app/com.huawei.health-zWVGnnCpQRKFGYEpjQbyhQ==/base.apk
12-23 11:53:17.811  1798  6663 I ContextImpl: ContextImpl#createApplicationContext pi.resDir is/data/app/com.huawei.health-zWVGnnCpQRKFGYEpjQbyhQ==/base.apk
12-23 11:53:17.815  1508  1508 I ContextImpl: ContextImpl#createApplicationContext pi.resDir is/data/app/com.huawei.health-zWVGnnCpQRKFGYEpjQbyhQ==/base.apk
12-23 11:53:17.819  1508  1508 I ContextImpl: ContextImpl#createApplicationContext pi.resDir is/data/app/com.huawei.health-zWVGnnCpQRKFGYEpjQbyhQ==/base.apk
12-23 11:53:17.821  1508  1760 I ContextImpl: ContextImpl#createApplicationContext pi.resDir is/data/app/com.huawei.health-zWVGnnCpQRKFGYEpjQbyhQ==/base.apk
12-23 11:53:17.825  1508  1508 I ContextImpl: ContextImpl#createApplicationContext pi.resDir is/data/app/com.huawei.health-zWVGnnCpQRKFGYEpjQbyhQ==/base.apk
12-23 11:53:17.829  1508  1508 I ContextImpl: ContextImpl#createApplicationContext pi.resDir is/data/app/com.huawei.health-zWVGnnCpQRKFGYEpjQbyhQ==/base.apk
12-23 11:53:18.749  1798  6663 I ContextImpl: ContextImpl#createApplicationContext pi.resDir is/data/app/com.huawei.health-zWVGnnCpQRKFGYEpjQbyhQ==/base.apk
12-23 11:53:18.752  1508  1508 I ContextImpl: ContextImpl#createApplicationContext pi.resDir is/data/app/com.huawei.health-zWVGnnCpQRKFGYEpjQbyhQ==/base.apk
12-23 11:53:18.753  1508  1508 I ContextImpl: ContextImpl#createApplicationContext pi.resDir is/data/app/com.huawei.health-zWVGnnCpQRKFGYEpjQbyhQ==/base.apk
12-23 11:53:18.754  1508  1760 I ContextImpl: ContextImpl#createApplicationContext pi.resDir is/data/app/com.huawei.health-zWVGnnCpQRKFGYEpjQbyhQ==/base.apk
12-23 11:53:18.755  1508  1508 I ContextImpl: ContextImpl#createApplicationContext pi.resDir is/data/app/com.huawei.health-zWVGnnCpQRKFGYEpjQbyhQ==/base.apk
12-23 11:53:18.756  1508  1508 I ContextImpl: ContextImpl#createApplicationContext pi.resDir is/data/app/com.huawei.health-zWVGnnCpQRKFGYEpjQbyhQ==/base.apk
12-23 11:53:19.207   683  1876 I chatty  : uid=1000(system) LocationThread expire 6 lines
12-23 11:53:19.212   683 26796 I chatty  : uid=1000 system_server expire 3 lines
12-23 11:53:19.218   683  1482 I chatty  : uid=1000(system) PhotonicModulat expire 476 lines
12-23 11:53:19.261   751   751 D libgps  : proxy_gps_inject_location: called.
12-23 11:53:19.310   683  6722 I chatty  : uid=1000(system) Binder:683_12 expire 12 lines
12-23 11:53:19.315   683  6848 I chatty  : uid=1000(system) Binder:683_13 expire 20 lines
12-23 11:53:19.437   683 26679 I chatty  : uid=1000 system_server expire 3 lines
12-23 11:53:19.502   751   751 D libgps  : proxy_gps_inject_location: called.
12-23 11:53:19.689   683  1966 I chatty  : uid=1000(system) Binder:683_8 expire 16 lines
12-23 11:53:19.775   683  1346 I chatty  : uid=1000(system) android.anim expire 38 lines
12-23 11:53:19.777 26812 26812 D ActivityThread: ActivityThread,attachApplication
12-23 11:53:19.787   683  1942 I chatty  : uid=1000(system) Binder:683_6 expire 13 lines
12-23 11:53:19.790   683  1148 I chatty  : uid=1000(system) android.ui expire 80 lines
12-23 11:53:19.793  1798  2200 I HwNetworkPolicyManager: getHwUidPolicy uid = 10155 policy = 0
12-23 11:53:19.900   683  7232 I chatty  : uid=1000(system) Binder:683_15 expire 18 lines
12-23 11:53:20.856 26812 26812 V ActivityThread: ActivityThread,callActivityOnCreate
12-23 11:53:20.898 26812 26812 D ActivityThread: add activity client record, r= ActivityRecord{7fc38eb token=android.os.BinderProxy@ac5abe5 {com.xunlei.downloadprovider/com.xunlei.downloadprovider.launch.LaunchActivity}} token= android.os.BinderProxy@ac5abe5
12-23 11:53:21.042   683  7073 I chatty  : uid=1000(system) Binder:683_14 expire 38 lines
12-23 11:53:21.146   683  1967 I chatty  : uid=1000(system) Binder:683_9 expire 11 lines
12-23 11:53:21.241 26999 26999 D ActivityThread: ActivityThread,attachApplication
12-23 11:53:21.304 26812 26812 V ActivityThread: ActivityThread,callActivityOnCreate
12-23 11:53:21.366 26812 26812 D ActivityThread: add activity client record, r= ActivityRecord{67bf180 token=android.os.BinderProxy@be4f649 {com.xunlei.downloadprovider/com.xunlei.downloadprovider.loading.LoadingActivity}} token= android.os.BinderProxy@be4f649
12-23 11:53:21.427  1508  1535 I CommandQueue: updateBarBgColor
12-23 11:53:21.428  1508  1535 D CommandQueue: CommandQueue, setBarBackgroundColor
12-23 11:53:21.450   683  1413 I chatty  : uid=1000(system) ConnectivitySer expire 5 lines
12-23 11:53:21.550 26812 26812 D ActivityThread: Remove activity client record, r= ActivityRecord{7fc38eb token=android.os.BinderProxy@ac5abe5 {com.xunlei.downloadprovider/com.xunlei.downloadprovider.launch.LaunchActivity}} token= android.os.BinderProxy@ac5abe5
12-23 11:53:21.599   683  1142 I chatty  : uid=1000(system) android.bg expire 1 line
12-23 11:53:25.820 26812 26812 V ActivityThread: ActivityThread,callActivityOnCreate
12-23 11:53:25.986 26812 26812 D ActivityThread: add activity client record, r= ActivityRecord{5756bac token=android.os.BinderProxy@87c86b6 {com.xunlei.downloadprovider/com.xunlei.downloadprovider.frame.MainTabActivity}} token= android.os.BinderProxy@87c86b6
12-23 11:53:26.204  1508  1535 I CommandQueue: updateBarBgColor
12-23 11:53:26.204  1508  1535 D CommandQueue: CommandQueue, setBarBackgroundColor
12-23 11:53:26.265   683  9307 I chatty  : uid=1000(system) Binder:683_17 expire 60 lines
12-23 11:53:26.870 26812 26812 D ActivityThread: Remove activity client record, r= ActivityRecord{67bf180 token=android.os.BinderProxy@be4f649 {com.xunlei.downloadprovider/com.xunlei.downloadprovider.loading.LoadingActivity}} token= android.os.BinderProxy@be4f649
12-23 11:53:28.430 27245 27245 D ActivityThread: ActivityThread,attachApplication
12-23 11:53:28.510 26812 26812 D ActivityThread: add activity client record, r= ActivityRecord{5672bea token=android.os.BinderProxy@4d628c4 {com.xunlei.downloadprovider/com.xunlei.downloadprovider.download.center.DownloadCenterActivity}} token= android.os.BinderProxy@4d628c4
12-23 11:53:28.528   683 10397 I chatty  : uid=1000(system) Binder:683_20 expire 8 lines
12-23 11:53:28.672  1508  1535 I CommandQueue: updateBarBgColor
12-23 11:53:28.672  1508  1535 D CommandQueue: CommandQueue, setBarBackgroundColor
12-23 11:53:29.674   683  1177 I chatty  : uid=1000(system) PowerManagerSer expire 5 lines
12-23 11:53:30.180   493   635 W SocketListener: sending broadcast to Pid = 683, Uid = 1000 
12-23 11:53:30.181   683  1393 I chatty  : uid=1000(system) NetdConnector expire 6 lines
12-23 11:53:30.184   683  1163 I chatty  : uid=1000(system) android.fg expire 1 line
12-23 11:53:30.194   683  1394 I chatty  : uid=1000(system) NetworkStats expire 5 lines
12-23 11:53:30.699   683  6722 I chatty  : uid=1000(system) Binder:683_12 expire 19 lines
12-23 11:53:30.979   683  1991 I chatty  : uid=1000(system) Binder:683_B expire 3 lines
12-23 11:53:31.007 27431 27431 D ActivityThread: ActivityThread,attachApplication
12-23 11:53:31.447  1948  3304 D FaceRecognizeService: release result val = 0 package = com.android.systemui
12-23 11:53:32.684   744   744 I chatty  : uid=1010(wifi) /system/bin/wificond expire 15 lines
12-23 11:53:33.077   683  9685 I chatty  : uid=1000(system) Binder:683_1A expire 10 lines
12-23 11:53:33.090 26812 26812 V ActivityThread: ActivityThread,callActivityOnCreate
12-23 11:53:33.436 26812 26812 D ActivityThread: add activity client record, r= ActivityRecord{7c857d6 token=android.os.BinderProxy@5310e6 {com.xunlei.downloadprovider/com.xunlei.downloadprovider.vodnew.VodPlayerActivityNew}} token= android.os.BinderProxy@5310e6
12-23 11:53:33.456  1508  1535 I CommandQueue: updateBarBgColor
12-23 11:53:33.456  1508  1535 D CommandQueue: CommandQueue, setBarBackgroundColor
12-23 11:53:34.000   683  7232 I chatty  : uid=1000(system) Binder:683_15 expire 73 lines
12-23 11:53:34.025   683   683 I chatty  : uid=1000 system_server expire 16 lines
12-23 11:53:34.179  3684  3684 I ActivityThread: ActivityThread.handleConfigurationChanged , new config = {1.0 460mcc2mnc [zh_CN_#Hans] ldltr sw360dp w640dp h336dp 480dpi nrml long land finger -keyb/v/h -nav/h appBounds=Rect(0, 0 - 1920, 1080) nonFullScreen=0 suim:1 s.63}, compat = null
12-23 11:53:34.207  3793  3793 I ActivityThread: ActivityThread.handleConfigurationChanged , new config = {1.0 460mcc2mnc [zh_CN_#Hans] ldltr sw360dp w640dp h336dp 480dpi nrml long land finger -keyb/v/h -nav/h appBounds=Rect(0, 0 - 1920, 1080) nonFullScreen=0 suim:1 s.63}, compat = null
12-23 11:53:34.276 17749 17749 I ActivityThread: ActivityThread.handleConfigurationChanged , new config = {1.0 460mcc2mnc [zh_CN_#Hans] ldltr sw360dp w640dp h336dp 480dpi nrml long land finger -keyb/v/h -nav/h appBounds=Rect(0, 0 - 1920, 1080) nonFullScreen=0 suim:1 s.63}, compat = null
12-23 11:53:34.307  3498  3498 I ActivityThread: ActivityThread.handleConfigurationChanged , new config = {1.0 460mcc2mnc [zh_CN_#Hans] ldltr sw360dp w640dp h336dp 480dpi nrml long land finger -keyb/v/h -nav/h appBounds=Rect(0, 0 - 1920, 1080) nonFullScreen=0 suim:1 s.63}, compat = null
12-23 11:53:34.430   683  1967 I chatty  : uid=1000(system) Binder:683_9 expire 24 lines
12-23 11:53:34.471  4826  4826 I ActivityThread: ActivityThread.handleConfigurationChanged , new config = {1.0 460mcc2mnc [zh_CN_#Hans] ldltr sw360dp w640dp h336dp 480dpi nrml long land finger -keyb/v/h -nav/h appBounds=Rect(0, 0 - 1920, 1080) nonFullScreen=0 suim:1 s.63}, compat = null
12-23 11:53:34.487  4839  4839 I ActivityThread: ActivityThread.handleConfigurationChanged , new config = {1.0 460mcc2mnc [zh_CN_#Hans] ldltr sw360dp w640dp h336dp 480dpi nrml long land finger -keyb/v/h -nav/h appBounds=Rect(0, 0 - 1920, 1080) nonFullScreen=0 suim:1 s.63}, compat = null
12-23 11:53:34.553   683  1874 I chatty  : uid=1000(system) watchdog expire 11 lines
12-23 11:53:34.787  1798  2920 I ContextImpl: ContextImpl#createApplicationContext pi.resDir is/data/app/com.huawei.health-zWVGnnCpQRKFGYEpjQbyhQ==/base.apk
12-23 11:53:34.898  1508  1508 I ContextImpl: ContextImpl#createApplicationContext pi.resDir is/data/app/com.huawei.health-zWVGnnCpQRKFGYEpjQbyhQ==/base.apk
12-23 11:53:34.900  1508  1508 I ContextImpl: ContextImpl#createApplicationContext pi.resDir is/data/app/com.huawei.health-zWVGnnCpQRKFGYEpjQbyhQ==/base.apk
12-23 11:53:34.900  1508  1760 I ContextImpl: ContextImpl#createApplicationContext pi.resDir is/data/app/com.huawei.health-zWVGnnCpQRKFGYEpjQbyhQ==/base.apk
12-23 11:53:34.900  1508  1508 I ContextImpl: ContextImpl#createApplicationContext pi.resDir is/data/app/com.huawei.health-zWVGnnCpQRKFGYEpjQbyhQ==/base.apk
12-23 11:53:34.912  1508  1508 I ContextImpl: ContextImpl#createApplicationContext pi.resDir is/data/app/com.huawei.health-zWVGnnCpQRKFGYEpjQbyhQ==/base.apk
12-23 11:53:34.958 17681 17681 I ActivityThread: ActivityThread.handleConfigurationChanged , new config = {1.0 460mcc2mnc [zh_CN_#Hans] ldltr sw360dp w640dp h336dp 480dpi nrml long land finger -keyb/v/h -nav/h appBounds=Rect(0, 0 - 1920, 1080) nonFullScreen=0 suim:1 s.63}, compat = null
12-23 11:53:37.041   683  2158 I chatty  : uid=1000(system) Binder:683_E expire 15 lines
12-23 11:53:40.112   683  1482 I chatty  : uid=1000(system) PhotonicModulat expire 794 lines
12-23 11:53:44.198   683  1884 I chatty  : uid=1000(system) Binder:683_5 expire 12 lines
12-23 11:53:44.307   683 10397 I chatty  : uid=1000(system) Binder:683_20 expire 17 lines
12-23 11:53:59.327   493   633 W SocketListener: sending broadcast to Pid = 683, Uid = 1000 
12-23 11:53:59.331   683  1393 I chatty  : uid=1000(system) NetdConnector expire 14 lines
12-23 11:53:59.334   683  1163 I chatty  : uid=1000(system) android.fg expire 11 lines
12-23 11:53:59.855   744   744 I chatty  : uid=1010(wifi) /system/bin/wificond expire 20 lines
12-23 11:54:02.616   683  1482 I chatty  : uid=1000(system) PhotonicModulat expire 68 lines
12-23 11:54:03.485   683  1876 I chatty  : uid=1000(system) LocationThread expire 7 lines
12-23 11:54:03.491   683 27664 I chatty  : uid=1000 system_server expire 2 lines
12-23 11:54:03.505   683 27665 I chatty  : uid=1000 system_server expire 1 line
12-23 11:54:03.529   751   751 D libgps  : proxy_gps_inject_location: called.
12-23 11:54:03.574   493   633 W SocketListener: sending broadcast to Pid = 683, Uid = 1000 
12-23 11:54:04.764   683 27669 I chatty  : uid=1000 system_server expire 2 lines
12-23 11:54:04.772   683 27670 I chatty  : uid=1000 system_server expire 1 line
12-23 11:54:04.782   751   751 D libgps  : proxy_gps_inject_location: called.
12-23 11:54:09.636   683  1148 I chatty  : uid=1000(system) android.ui expire 117 lines
12-23 11:54:13.857  1976  1976 W SettingsEx: SettingsEx.Systemex.getString deprecated use Settings.System.getString instead ;callers=com.android.internal.telephony.gsm.HwCustGsmServiceStateManagerImpl.isMccForShowNetname:213 com.android.internal.telephony.gsm.HwCustGsmServiceStateManagerImpl.isShowNetnameByMcc:204 com.android.internal.telephony.gsm.HwCustGsmServiceStateManagerImpl.setOnsDisplayCustomization:155 
12-23 11:54:14.952   744   744 I chatty  : uid=1010(wifi) /system/bin/wificond expire 30 lines
12-23 11:54:55.420   683  9307 I chatty  : uid=1000(system) Binder:683_17 expire 14 lines
12-23 11:55:00.306   683  1967 I chatty  : uid=1000(system) Binder:683_9 expire 10 lines
12-23 11:55:03.650   683  1146 I chatty  : uid=1000(system) ActivityManager expire 10 lines
12-23 11:55:20.544   493   633 W SocketListener: sending broadcast to Pid = 683, Uid = 1000 
12-23 11:55:21.403   744   744 I chatty  : uid=1010(wifi) /system/bin/wificond expire 19 lines
12-23 11:55:23.195   493   633 W SocketListener: sending broadcast to Pid = 683, Uid = 1000 
12-23 11:55:27.849   683  1884 I chatty  : uid=1000(system) Binder:683_5 expire 10 lines
12-23 11:55:51.326   493   633 W SocketListener: sending broadcast to Pid = 683, Uid = 1000 
12-23 11:55:51.620   744   744 I chatty  : uid=1010(wifi) /system/bin/wificond expire 29 lines
12-23 11:55:55.212   493   633 W SocketListener: sending broadcast to Pid = 683, Uid = 1000 
12-23 11:56:13.150   493   633 W SocketListener: sending broadcast to Pid = 683, Uid = 1000 
12-23 11:56:13.163   683  2158 I chatty  : uid=1000(system) Binder:683_E expire 4 lines
12-23 11:56:15.799   744   744 I chatty  : uid=1010(wifi) /system/bin/wificond expire 26 lines
12-23 11:56:21.321   493   633 W SocketListener: sending broadcast to Pid = 683, Uid = 1000 
12-23 11:56:21.324   683  1393 I chatty  : uid=1000(system) NetdConnector expire 12 lines
12-23 11:56:29.412   683  1352 I chatty  : uid=1000(system) UEventObserver expire 2 lines
12-23 11:56:29.469   683  1152 I chatty  : uid=1000(system) batterystats-sy expire 2 lines
12-23 11:57:01.600   493   633 W SocketListener: sending broadcast to Pid = 683, Uid = 1000 
12-23 11:57:02.982   493   633 W SocketListener: sending broadcast to Pid = 683, Uid = 1000 
12-23 11:57:05.164   683  1967 I chatty  : uid=1000(system) Binder:683_9 expire 16 lines
12-23 11:57:19.258   683  1413 I chatty  : uid=1000(system) ConnectivitySer expire 18 lines
12-23 11:57:19.303   683  1398 I chatty  : uid=1000(system) WifiStateMachin expire 4 lines
12-23 11:57:19.325   683  1408 I chatty  : uid=1000(system) WifiScanningSer expire 2 lines
12-23 11:57:21.629   493   634 W SocketListener: sending broadcast to Pid = 683, Uid = 1000 
12-23 11:57:22.276   744   744 I chatty  : uid=1010(wifi) /system/bin/wificond expire 86 lines
12-23 11:57:23.724   683  1967 I chatty  : uid=1000(system) Binder:683_9 expire 14 lines
12-23 11:57:35.259   683  9307 I chatty  : uid=1000(system) Binder:683_17 expire 12 lines
12-23 11:57:35.300   683  1884 I chatty  : uid=1000(system) Binder:683_5 expire 22 lines
12-23 11:58:00.004   683   683 I chatty  : uid=1000 system_server expire 26 lines
12-23 11:58:09.150   683  1146 I chatty  : uid=1000(system) ActivityManager expire 12 lines
12-23 11:58:09.207   683  7232 I chatty  : uid=1000(system) Binder:683_15 expire 20 lines
12-23 11:58:44.030   683  1394 I chatty  : uid=1000(system) NetworkStats expire 7 lines
12-23 11:59:04.579   683  1874 I chatty  : uid=1000(system) watchdog expire 18 lines
12-23 11:59:06.646   683  1148 I chatty  : uid=1000(system) android.ui expire 26 lines
12-23 11:59:19.034   683 10397 I chatty  : uid=1000(system) Binder:683_20 expire 10 lines
12-23 11:59:47.747   683  2158 I chatty  : uid=1000(system) Binder:683_E expire 13 lines
12-23 11:59:48.272   683  1177 I chatty  : uid=1000(system) PowerManagerSer expire 19 lines
12-23 11:59:48.312   683  1482 I chatty  : uid=1000(system) PhotonicModulat expire 83 lines
12-23 12:00:00.289  3457  7607 W ContextImpl: Calling a method in the system process without a qualified user: android.app.ContextImpl.bindService:1736 android.content.ContextWrapper.bindService:678 com.huawei.nb.dataservice.dsclient.RemoteServiceConnection.open:90 com.huawei.nb.dataservice.dsclient.DataServiceProxy.connect:105 com.huawei.nb.dataservice.rsclient.internal.RemoteRuleService.start:27 
12-23 12:00:00.336  3457 10624 W ContextImpl: Calling a method in the system process without a qualified user: android.app.ContextImpl.bindService:1736 android.content.ContextWrapper.bindService:678 com.huawei.nb.dataservice.dsclient.RemoteServiceConnection.open:90 com.huawei.nb.dataservice.dsclient.DataServiceProxy.connect:105 com.huawei.nb.dataservice.rsclient.internal.RemoteRuleService.start:27 
12-23 12:00:01.273   683  1390 I chatty  : uid=1000(system) Binder:683_3 expire 12 lines
12-23 12:00:01.273   683   683 I chatty  : uid=1000 system_server expire 11 lines
12-23 12:00:02.500   744   744 I chatty  : uid=1010(wifi) /system/bin/wificond expire 40 lines
12-23 12:00:33.967   683  9307 I chatty  : uid=1000(system) Binder:683_17 expire 29 lines
12-23 12:01:08.896   493   633 W SocketListener: sending broadcast to Pid = 683, Uid = 1000 
12-23 12:01:08.898   683  1393 I chatty  : uid=1000(system) NetdConnector expire 18 lines
12-23 12:01:08.904   683  1163 I chatty  : uid=1000(system) android.fg expire 12 lines
12-23 12:01:08.989   744   744 I chatty  : uid=1010(wifi) /system/bin/wificond expire 16 lines
12-23 12:01:09.862   683  1352 I chatty  : uid=1000(system) UEventObserver expire 6 lines
12-23 12:01:09.894   683  1152 I chatty  : uid=1000(system) batterystats-sy expire 7 lines
12-23 12:01:09.993   683  1146 I chatty  : uid=1000(system) ActivityManager expire 16 lines
12-23 12:01:36.684   493   633 W SocketListener: sending broadcast to Pid = 683, Uid = 1000 
12-23 12:01:36.699   683 10397 I chatty  : uid=1000(system) Binder:683_20 expire 17 lines
12-23 12:01:38.955   744   744 I chatty  : uid=1010(wifi) /system/bin/wificond expire 15 lines
12-23 12:01:41.207   683  1148 I chatty  : uid=1000(system) android.ui expire 13 lines
12-23 12:01:54.335   493   633 W SocketListener: sending broadcast to Pid = 683, Uid = 1000 
12-23 12:01:54.354   683  7232 I chatty  : uid=1000(system) Binder:683_15 expire 11 lines
12-23 12:01:54.971   744   744 I chatty  : uid=1010(wifi) /system/bin/wificond expire 21 lines
12-23 12:02:00.004   683   683 I chatty  : uid=1000 system_server expire 37 lines
12-23 12:02:21.737   493   633 W SocketListener: sending broadcast to Pid = 683, Uid = 1000 
12-23 12:02:24.548   744   744 I chatty  : uid=1010(wifi) /system/bin/wificond expire 14 lines
12-23 12:02:57.929  3457 16273 W SettingsEx: SettingsEx.Systemex.getInt deprecated use Settings.System.getInt instead ;callers=com.huawei.recsys.util.SystemUtil.getNotificationUpdateMode:177 com.huawei.recsys.util.SystemUtil.isAllowUpdate:112 com.huawei.recsys.controller.notification.http.NotificationUpdateController.startNotificationUpdate:85 
12-23 12:02:59.024   744   744 I chatty  : uid=1010(wifi) /system/bin/wificond expire 44 lines
12-23 12:03:02.726   683  1967 I chatty  : uid=1000(system) Binder:683_9 expire 17 lines
12-23 12:03:16.395   683  2158 I chatty  : uid=1000(system) Binder:683_E expire 7 lines
12-23 12:03:48.741   683  1884 I chatty  : uid=1000(system) Binder:683_5 expire 15 lines
12-23 12:04:03.790   683  1876 I chatty  : uid=1000(system) LocationThread expire 7 lines
12-23 12:04:03.795   683 27999 I chatty  : uid=1000 system_server expire 2 lines
12-23 12:04:03.800   683 28000 I chatty  : uid=1000 system_server expire 1 line
12-23 12:04:03.839   751   751 D libgps  : proxy_gps_inject_location: called.
12-23 12:04:03.957   683 28003 I chatty  : uid=1000 system_server expire 2 lines
12-23 12:04:03.975   683 28004 I chatty  : uid=1000 system_server expire 1 line
12-23 12:04:03.980   751   751 D libgps  : proxy_gps_inject_location: called.
12-23 12:04:04.283   744   744 I chatty  : uid=1010(wifi) /system/bin/wificond expire 35 lines
12-23 12:04:15.458   683  1884 I chatty  : uid=1000(system) Binder:683_5 expire 10 lines
12-23 12:04:23.568   683  1966 I chatty  : uid=1000(system) Binder:683_8 expire 18 lines
12-23 12:04:53.688   683  1142 I chatty  : uid=1000(system) android.bg expire 12 lines
12-23 12:05:00.004   683   683 I chatty  : uid=1000 system_server expire 11 lines
12-23 12:05:06.147   683  1403 I chatty  : uid=1000(system) IpManager.wlan0 expire 2 lines
12-23 12:05:06.257   683  1410 I chatty  : uid=1000(system) WifiP2pService expire 6 lines
12-23 12:05:06.265   683 26388 I chatty  : uid=1000(system) DhcpClient expire 7 lines
12-23 12:05:06.287   683  1413 I chatty  : uid=1000(system) ConnectivitySer expire 11 lines
12-23 12:05:06.429 12219 12219 W ContextImpl: Calling a method in the system process without a qualified user: android.app.ContextImpl.startService:1656 android.content.ContextWrapper.startService:644 android.content.ContextWrapper.startService:644 com.android.settings.wifi.AccessPointConnectedReceiver.onReceive:28 android.app.ActivityThread.handleReceiver:3695 
12-23 12:05:07.136   744   744 I chatty  : uid=1010(wifi) /system/bin/wificond expire 18 lines
12-23 12:05:21.312   493   633 W SocketListener: sending broadcast to Pid = 683, Uid = 1000 
12-23 12:05:21.581   493   633 W SocketListener: sending broadcast to Pid = 683, Uid = 1000 
12-23 12:05:21.592   683 10397 I chatty  : uid=1000(system) Binder:683_20 expire 11 lines
12-23 12:05:26.095   683  1967 I chatty  : uid=1000(system) Binder:683_9 expire 26 lines
12-23 12:05:37.886   493   633 W SocketListener: sending broadcast to Pid = 683, Uid = 1000 
12-23 12:05:37.891   683  1393 I chatty  : uid=1000(system) NetdConnector expire 10 lines
12-23 12:05:37.969   744   744 I chatty  : uid=1010(wifi) /system/bin/wificond expire 15 lines
12-23 12:05:50.212   742   823 E /system/bin/storaged: pid_info get_pids failed
12-23 12:05:58.646   493   633 W SocketListener: sending broadcast to Pid = 683, Uid = 1000 
12-23 12:05:59.120   744   744 I chatty  : uid=1010(wifi) /system/bin/wificond expire 26 lines
12-23 12:06:22.047   493   633 W SocketListener: sending broadcast to Pid = 683, Uid = 1000 
12-23 12:06:30.838   683  1146 I chatty  : uid=1000(system) ActivityManager expire 11 lines
12-23 12:06:30.960   683 10382 I chatty  : uid=1000(system) Binder:683_1F expire 2 lines
12-23 12:06:31.401   683   683 I chatty  : uid=1000 system_server expire 42 lines
12-23 12:06:33.278   683  1990 I chatty  : uid=1000(system) Binder:683_A expire 7 lines
12-23 12:06:36.759   493   633 W SocketListener: sending broadcast to Pid = 683, Uid = 1000 
12-23 12:06:36.775   683 10397 I chatty  : uid=1000(system) Binder:683_20 expire 12 lines
12-23 12:06:38.409   744   744 I chatty  : uid=1010(wifi) /system/bin/wificond expire 19 lines
12-23 12:07:00.305   683  1148 I chatty  : uid=1000(system) android.ui expire 14 lines
12-23 12:07:03.467   683  1005 I chatty  : uid=1000(system) Binder:683_1 expire 4 lines
12-23 12:07:18.782   493   633 W SocketListener: sending broadcast to Pid = 683, Uid = 1000 
12-23 12:07:20.712   744   744 I chatty  : uid=1010(wifi) /system/bin/wificond expire 50 lines
12-23 12:07:37.101   493   633 W SocketListener: sending broadcast to Pid = 683, Uid = 1000 
12-23 12:07:37.103   683  1393 I chatty  : uid=1000(system) NetdConnector expire 10 lines
12-23 12:08:04.616   683  1874 I chatty  : uid=1000(system) watchdog expire 17 lines
12-23 12:08:07.893   683  9307 I chatty  : uid=1000(system) Binder:683_17 expire 10 lines
12-23 12:08:09.445   683  1006 I chatty  : uid=1000(system) Binder:683_2 expire 10 lines
12-23 12:08:11.647   683 10292 I chatty  : uid=1000(system) Binder:683_1E expire 11 lines
12-23 12:08:57.054   493   633 W SocketListener: sending broadcast to Pid = 683, Uid = 1000 
12-23 12:08:57.061   683  1163 I chatty  : uid=1000(system) android.fg expire 10 lines
12-23 12:08:57.074   683 10292 I chatty  : uid=1000(system) Binder:683_1E expire 17 lines
12-23 12:08:57.404   744   744 I chatty  : uid=1010(wifi) /system/bin/wificond expire 22 lines
12-23 12:09:02.943   493   633 W SocketListener: sending broadcast to Pid = 683, Uid = 1000 
12-23 12:09:29.631   493   633 W SocketListener: sending broadcast to Pid = 683, Uid = 1000 
12-23 12:09:30.637   744   744 I chatty  : uid=1010(wifi) /system/bin/wificond expire 29 lines
12-23 12:09:41.810   493   633 W SocketListener: sending broadcast to Pid = 683, Uid = 1000 
12-23 12:09:46.602 28130 28130 D ActivityThread: ActivityThread,attachApplication
12-23 12:09:47.682   683   683 I chatty  : uid=1000 system_server expire 11 lines
12-23 12:09:48.973   683  1967 I chatty  : uid=1000(system) Binder:683_9 expire 10 lines
12-23 12:10:02.635   683  1966 I chatty  : uid=1000(system) Binder:683_8 expire 14 lines
12-23 12:10:17.759   493   633 W SocketListener: sending broadcast to Pid = 683, Uid = 1000 
12-23 12:10:17.764   683  1393 I chatty  : uid=1000(system) NetdConnector expire 10 lines
12-23 12:10:18.919   493   633 W SocketListener: sending broadcast to Pid = 683, Uid = 1000 
12-23 12:10:19.002   744   744 I chatty  : uid=1010(wifi) /system/bin/wificond expire 23 lines
12-23 12:10:28.314   683  9307 I chatty  : uid=1000(system) Binder:683_17 expire 1 line
12-23 12:10:29.431   683  1966 I chatty  : uid=1000(system) Binder:683_8 expire 17 lines
12-23 12:11:05.758   493   633 W SocketListener: sending broadcast to Pid = 683, Uid = 1000 
12-23 12:11:07.365   744   744 I chatty  : uid=1010(wifi) /system/bin/wificond expire 23 lines
12-23 12:11:07.612   493   633 W SocketListener: sending broadcast to Pid = 683, Uid = 1000 
12-23 12:11:07.632   683  1967 I chatty  : uid=1000(system) Binder:683_9 expire 15 lines
12-23 12:11:23.828   683  1006 I chatty  : uid=1000(system) Binder:683_2 expire 15 lines
12-23 12:11:25.591   683  1966 I chatty  : uid=1000(system) Binder:683_8 expire 20 lines
12-23 12:11:45.056   493   633 W SocketListener: sending broadcast to Pid = 683, Uid = 1000 
12-23 12:11:46.637   744   744 I chatty  : uid=1010(wifi) /system/bin/wificond expire 58 lines
12-23 12:11:55.628   493   633 W SocketListener: sending broadcast to Pid = 683, Uid = 1000 
12-23 12:11:55.631   683  1393 I chatty  : uid=1000(system) NetdConnector expire 12 lines
12-23 12:12:00.007   683   683 I chatty  : uid=1000 system_server expire 15 lines
12-23 12:12:55.686   683  1146 I chatty  : uid=1000(system) ActivityManager expire 12 lines
12-23 12:13:07.583   493   633 W SocketListener: sending broadcast to Pid = 683, Uid = 1000 
12-23 12:13:07.590   683  1163 I chatty  : uid=1000(system) android.fg expire 6 lines
12-23 12:13:08.218   744   744 I chatty  : uid=1010(wifi) /system/bin/wificond expire 35 lines
12-23 12:13:09.190   493   633 W SocketListener: sending broadcast to Pid = 683, Uid = 1000 
12-23 12:13:09.249   683  1967 I chatty  : uid=1000(system) Binder:683_9 expire 10 lines
12-23 12:13:17.924   683 10292 I chatty  : uid=1000(system) Binder:683_1E expire 22 lines
12-23 12:13:24.219   683  1966 I chatty  : uid=1000(system) Binder:683_8 expire 10 lines
12-23 12:13:25.793   683  1142 I chatty  : uid=1000(system) android.bg expire 1 line
12-23 12:13:46.680   683 10397 I chatty  : uid=1000(system) Binder:683_20 expire 10 lines
12-23 12:14:00.004   683   683 I chatty  : uid=1000 system_server expire 10 lines
12-23 12:14:04.571   683  1379 I chatty  : uid=1000(system) InputDispatcher expire 3 lines
12-23 12:14:04.746   683  1148 I chatty  : uid=1000(system) android.ui expire 26 lines
12-23 12:14:04.786   683  1423 I chatty  : uid=1000(system) AudioService expire 4 lines
12-23 12:14:11.629   744   744 E wificond: Failed to get NL80211_STA_INFO_CNAHLOAD
12-23 12:14:14.691   744   744 E wificond: Failed to get NL80211_STA_INFO_CNAHLOAD
12-23 12:14:17.712   744   744 E wificond: Failed to get NL80211_STA_INFO_CNAHLOAD
12-23 12:14:19.637   744   744 E wificond: Failed to get NL80211_STA_INFO_CNAHLOAD
12-23 12:14:32.823   744   744 E wificond: Failed to get NL80211_STA_INFO_CNAHLOAD
12-23 12:14:35.650   744   744 E wificond: Failed to get NL80211_STA_INFO_CNAHLOAD
12-23 12:14:35.656   744   744 I chatty  : uid=1010(wifi) /system/bin/wificond identical 10 lines
12-23 12:14:35.841   744   744 E wificond: Failed to get NL80211_STA_INFO_CNAHLOAD
12-23 12:14:37.726   683  1966 I chatty  : uid=1000(system) Binder:683_8 expire 17 lines
12-23 12:14:38.863   744   744 E wificond: Failed to get NL80211_STA_INFO_CNAHLOAD
12-23 12:14:41.882   744   744 E wificond: Failed to get NL80211_STA_INFO_CNAHLOAD
12-23 12:14:43.658   744   744 E wificond: Failed to get NL80211_STA_INFO_CNAHLOAD
12-23 12:14:43.664   744   744 E wificond: Failed to get NL80211_STA_INFO_CNAHLOAD
12-23 12:14:44.904   744   744 E wificond: Failed to get NL80211_STA_INFO_CNAHLOAD
12-23 12:14:47.928   744   744 E wificond: Failed to get NL80211_STA_INFO_CNAHLOAD
12-23 12:14:49.175   683  1966 I chatty  : uid=1000(system) Binder:683_8 expire 6 lines
12-23 12:14:50.952   744   744 E wificond: Failed to get NL80211_STA_INFO_CNAHLOAD
12-23 12:14:51.667   744   744 E wificond: Failed to get NL80211_STA_INFO_CNAHLOAD
12-23 12:14:59.678   744   744 E wificond: Failed to get NL80211_STA_INFO_CNAHLOAD
12-23 12:15:00.005   683   683 I chatty  : uid=1000 system_server expire 6 lines
12-23 12:15:00.028   744   744 E wificond: Failed to get NL80211_STA_INFO_CNAHLOAD
12-23 12:15:03.049   744   744 E wificond: Failed to get NL80211_STA_INFO_CNAHLOAD
12-23 12:15:03.404   683  1408 I chatty  : uid=1000(system) WifiScanningSer expire 2 lines
12-23 12:15:04.352   493   633 W SocketListener: sending broadcast to Pid = 683, Uid = 1000 
12-23 12:15:04.363   683 10292 I chatty  : uid=1000(system) Binder:683_1E expire 3 lines
12-23 12:15:05.467   683  1876 I chatty  : uid=1000(system) LocationThread expire 7 lines
12-23 12:15:05.470   493   633 W SocketListener: sending broadcast to Pid = 683, Uid = 1000 
12-23 12:15:05.473   683 28307 I chatty  : uid=1000 system_server expire 2 lines
12-23 12:15:05.484   683 28308 I chatty  : uid=1000 system_server expire 1 line
12-23 12:15:05.514   751   751 D libgps  : proxy_gps_inject_location: called.
12-23 12:15:05.687   493   634 W SocketListener: sending broadcast to Pid = 683, Uid = 1000 
12-23 12:15:06.064   683 28316 I chatty  : uid=1000 system_server expire 2 lines
12-23 12:15:06.068   744   744 E wificond: Failed to get NL80211_STA_INFO_CNAHLOAD
12-23 12:15:06.073   683 28317 I chatty  : uid=1000 system_server expire 1 line
12-23 12:15:06.088   751   751 D libgps  : proxy_gps_inject_location: called.
12-23 12:15:07.673   744   744 E wificond: Failed to get NL80211_STA_INFO_CNAHLOAD
12-23 12:15:07.679   744   744 E wificond: Failed to get NL80211_STA_INFO_CNAHLOAD
12-23 12:15:08.796   683  1148 I chatty  : uid=1000(system) android.ui expire 13 lines
12-23 12:15:09.086   744   744 E wificond: Failed to get NL80211_STA_INFO_CNAHLOAD
12-23 12:15:21.174   744   744 E wificond: Failed to get NL80211_STA_INFO_CNAHLOAD
12-23 12:15:23.693   744   744 E wificond: Failed to get NL80211_STA_INFO_CNAHLOAD
12-23 12:15:23.701   744   744 E wificond: Failed to get NL80211_STA_INFO_CNAHLOAD
12-23 12:15:24.199   744   744 E wificond: Failed to get NL80211_STA_INFO_CNAHLOAD
12-23 12:15:31.715   744   744 I chatty  : uid=1010(wifi) /system/bin/wificond identical 11 lines
12-23 12:15:33.262   744   744 E wificond: Failed to get NL80211_STA_INFO_CNAHLOAD
12-23 12:15:36.281   744   744 E wificond: Failed to get NL80211_STA_INFO_CNAHLOAD
12-23 12:15:48.375   744   744 E wificond: Failed to get NL80211_STA_INFO_CNAHLOAD
12-23 12:15:51.273   683  1352 I chatty  : uid=1000(system) UEventObserver expire 2 lines
12-23 12:15:51.296   683  1152 I chatty  : uid=1000(system) batterystats-sy expire 2 lines
12-23 12:15:51.415   744   744 E wificond: Failed to get NL80211_STA_INFO_CNAHLOAD
12-23 12:15:53.936   683  1967 I chatty  : uid=1000(system) Binder:683_9 expire 3 lines
12-23 12:15:54.433   744   744 E wificond: Failed to get NL80211_STA_INFO_CNAHLOAD
12-23 12:15:55.718   744   744 I chatty  : uid=1010(wifi) /system/bin/wificond identical 8 lines
12-23 12:15:55.733   744   744 E wificond: Failed to get NL80211_STA_INFO_CNAHLOAD
12-23 12:15:56.339   683  1006 I chatty  : uid=1000(system) Binder:683_2 expire 2 lines
12-23 12:15:57.453   744   744 E wificond: Failed to get NL80211_STA_INFO_CNAHLOAD
12-23 12:16:00.477   744   744 E wificond: Failed to get NL80211_STA_INFO_CNAHLOAD
12-23 12:16:03.733   744   744 E wificond: Failed to get NL80211_STA_INFO_CNAHLOAD
12-23 12:16:06.522   744   744 E wificond: Failed to get NL80211_STA_INFO_CNAHLOAD
12-23 12:16:15.595   744   744 E wificond: Failed to get NL80211_STA_INFO_CNAHLOAD
12-23 12:16:18.402   493   633 W SocketListener: sending broadcast to Pid = 683, Uid = 1000 
12-23 12:16:18.406   683  1393 I chatty  : uid=1000(system) NetdConnector expire 10 lines
12-23 12:16:18.615   744   744 E wificond: Failed to get NL80211_STA_INFO_CNAHLOAD
12-23 12:16:19.747   744   744 E wificond: Failed to get NL80211_STA_INFO_CNAHLOAD
12-23 12:16:20.433   493   633 W SocketListener: sending broadcast to Pid = 683, Uid = 1000 
12-23 12:16:20.439   683  1163 I chatty  : uid=1000(system) android.fg expire 5 lines
12-23 12:16:20.450   683  1966 I chatty  : uid=1000(system) Binder:683_8 expire 11 lines
12-23 12:16:20.909   683  1967 I chatty  : uid=1000(system) Binder:683_9 expire 10 lines
12-23 12:16:21.633   744   744 E wificond: Failed to get NL80211_STA_INFO_CNAHLOAD
12-23 12:16:21.666   683  1148 I chatty  : uid=1000(system) android.ui expire 65 lines
12-23 12:16:24.652   744   744 E wificond: Failed to get NL80211_STA_INFO_CNAHLOAD
12-23 12:16:27.678   744   744 E wificond: Failed to get NL80211_STA_INFO_CNAHLOAD
12-23 12:16:27.742   744   744 I chatty  : uid=1010(wifi) /system/bin/wificond identical 10 lines
12-23 12:16:27.749   744   744 E wificond: Failed to get NL80211_STA_INFO_CNAHLOAD
12-23 12:16:28.775   683  1006 I chatty  : uid=1000(system) Binder:683_2 expire 13 lines
12-23 12:16:30.698   744   744 E wificond: Failed to get NL80211_STA_INFO_CNAHLOAD
12-23 12:16:33.720   744   744 E wificond: Failed to get NL80211_STA_INFO_CNAHLOAD
12-23 12:16:34.659   683  1874 I chatty  : uid=1000(system) watchdog expire 8 lines
12-23 12:16:35.753   744   744 E wificond: Failed to get NL80211_STA_INFO_CNAHLOAD
12-23 12:16:35.760   744   744 E wificond: Failed to get NL80211_STA_INFO_CNAHLOAD
12-23 12:16:36.741   744   744 E wificond: Failed to get NL80211_STA_INFO_CNAHLOAD
12-23 12:16:54.869   744   744 E wificond: Failed to get NL80211_STA_INFO_CNAHLOAD
12-23 12:16:57.891   744   744 E wificond: Failed to get NL80211_STA_INFO_CNAHLOAD
12-23 12:16:59.775   744   744 I chatty  : uid=1010(wifi) /system/bin/wificond identical 10 lines
12-23 12:16:59.784   744   744 E wificond: Failed to get NL80211_STA_INFO_CNAHLOAD
12-23 12:17:00.002   683   683 I chatty  : uid=1000 system_server expire 11 lines
12-23 12:17:00.291   683  1967 I chatty  : uid=1000(system) Binder:683_9 expire 10 lines
12-23 12:17:00.913   744   744 E wificond: Failed to get NL80211_STA_INFO_CNAHLOAD
12-23 12:17:03.934   744   744 E wificond: Failed to get NL80211_STA_INFO_CNAHLOAD
12-23 12:17:06.956   744   744 E wificond: Failed to get NL80211_STA_INFO_CNAHLOAD
12-23 12:17:09.977   744   744 E wificond: Failed to get NL80211_STA_INFO_CNAHLOAD
12-23 12:17:11.180   683 10292 I chatty  : uid=1000(system) Binder:683_1E expire 11 lines
12-23 12:17:13.000   744   744 E wificond: Failed to get NL80211_STA_INFO_CNAHLOAD
12-23 12:17:13.537   683  1006 I chatty  : uid=1000(system) Binder:683_2 expire 11 lines
12-23 12:17:15.787   744   744 E wificond: Failed to get NL80211_STA_INFO_CNAHLOAD
12-23 12:17:19.044   744   744 E wificond: Failed to get NL80211_STA_INFO_CNAHLOAD
12-23 12:17:20.513   683  1146 I chatty  : uid=1000(system) ActivityManager expire 7 lines
12-23 12:17:22.071   744   744 E wificond: Failed to get NL80211_STA_INFO_CNAHLOAD
12-23 12:17:25.091   744   744 E wificond: Failed to get NL80211_STA_INFO_CNAHLOAD
12-23 12:17:28.114   744   744 E wificond: Failed to get NL80211_STA_INFO_CNAHLOAD
12-23 12:17:34.162   744   744 E wificond: Failed to get NL80211_STA_INFO_CNAHLOAD
12-23 12:17:37.183   744   744 E wificond: Failed to get NL80211_STA_INFO_CNAHLOAD
12-23 12:17:40.206   744   744 I chatty  : uid=1010(wifi) /system/bin/wificond identical 10 lines
12-23 12:17:43.228   744   744 E wificond: Failed to get NL80211_STA_INFO_CNAHLOAD
12-23 12:17:43.636   683  1966 I chatty  : uid=1000(system) Binder:683_8 expire 20 lines
12-23 12:17:46.247   744   744 E wificond: Failed to get NL80211_STA_INFO_CNAHLOAD
12-23 12:17:55.317   744   744 E wificond: Failed to get NL80211_STA_INFO_CNAHLOAD
12-23 12:17:55.358   493   633 W SocketListener: sending broadcast to Pid = 683, Uid = 1000 
12-23 12:17:55.823   744   744 E wificond: Failed to get NL80211_STA_INFO_CNAHLOAD
12-23 12:17:58.339   744   744 E wificond: Failed to get NL80211_STA_INFO_CNAHLOAD
12-23 12:18:01.367   744   744 E wificond: Failed to get NL80211_STA_INFO_CNAHLOAD
12-23 12:18:04.387   744   744 E wificond: Failed to get NL80211_STA_INFO_CNAHLOAD
12-23 12:18:07.411   744   744 E wificond: Failed to get NL80211_STA_INFO_CNAHLOAD
12-23 12:18:07.830   493   633 W SocketListener: sending broadcast to Pid = 683, Uid = 1000 
12-23 12:18:10.432   744   744 E wificond: Failed to get NL80211_STA_INFO_CNAHLOAD
12-23 12:18:11.844   744   744 I chatty  : uid=1010(wifi) /system/bin/wificond identical 14 lines
12-23 12:18:13.457   744   744 E wificond: Failed to get NL80211_STA_INFO_CNAHLOAD
12-23 12:18:15.988   683  1006 I chatty  : uid=1000(system) Binder:683_2 expire 3 lines
12-23 12:18:16.038   683  1966 I chatty  : uid=1000(system) Binder:683_8 expire 3 lines
12-23 12:18:16.480   744   744 E wificond: Failed to get NL80211_STA_INFO_CNAHLOAD
12-23 12:18:19.501   744   744 E wificond: Failed to get NL80211_STA_INFO_CNAHLOAD
12-23 12:18:22.521   744   744 E wificond: Failed to get NL80211_STA_INFO_CNAHLOAD
12-23 12:18:25.543   744   744 E wificond: Failed to get NL80211_STA_INFO_CNAHLOAD
12-23 12:18:34.599   744   744 E wificond: Failed to get NL80211_STA_INFO_CNAHLOAD
12-23 12:18:35.858   744   744 E wificond: Failed to get NL80211_STA_INFO_CNAHLOAD
12-23 12:18:46.679   744   744 E wificond: Failed to get NL80211_STA_INFO_CNAHLOAD
12-23 12:18:49.704   744   744 E wificond: Failed to get NL80211_STA_INFO_CNAHLOAD
12-23 12:18:51.875   744   744 E wificond: Failed to get NL80211_STA_INFO_CNAHLOAD
12-23 12:18:51.882   744   744 I chatty  : uid=1010(wifi) /system/bin/wificond identical 14 lines
12-23 12:18:52.725   744   744 E wificond: Failed to get NL80211_STA_INFO_CNAHLOAD
12-23 12:18:54.449   683 10292 I chatty  : uid=1000(system) Binder:683_1E expire 4 lines
12-23 12:18:55.747   744   744 E wificond: Failed to get NL80211_STA_INFO_CNAHLOAD
12-23 12:18:59.889   744   744 E wificond: Failed to get NL80211_STA_INFO_CNAHLOAD
12-23 12:19:01.788   744   744 E wificond: Failed to get NL80211_STA_INFO_CNAHLOAD
12-23 12:19:04.815   744   744 E wificond: Failed to get NL80211_STA_INFO_CNAHLOAD
12-23 12:19:07.895   744   744 E wificond: Failed to get NL80211_STA_INFO_CNAHLOAD
12-23 12:19:10.863   744   744 E wificond: Failed to get NL80211_STA_INFO_CNAHLOAD
12-23 12:19:19.936   744   744 E wificond: Failed to get NL80211_STA_INFO_CNAHLOAD
12-23 12:19:20.967   683   683 I chatty  : uid=1000 system_server expire 28 lines
12-23 12:19:21.076   683 10397 I chatty  : uid=1000(system) Binder:683_20 expire 6 lines
12-23 12:19:22.962   744   744 E wificond: Failed to get NL80211_STA_INFO_CNAHLOAD
12-23 12:19:23.905   744   744 E wificond: Failed to get NL80211_STA_INFO_CNAHLOAD
12-23 12:19:32.030   744   744 E wificond: Failed to get NL80211_STA_INFO_CNAHLOAD
12-23 12:19:35.055   744   744 E wificond: Failed to get NL80211_STA_INFO_CNAHLOAD
12-23 12:19:50.169   744   744 I chatty  : uid=1010(wifi) /system/bin/wificond identical 11 lines
12-23 12:19:53.192   744   744 E wificond: Failed to get NL80211_STA_INFO_CNAHLOAD
12-23 12:19:53.330   683  1142 I chatty  : uid=1000(system) android.bg expire 9 lines
12-23 12:19:55.806   493   633 W SocketListener: sending broadcast to Pid = 683, Uid = 1000 
12-23 12:19:55.922   744   744 E wificond: Failed to get NL80211_STA_INFO_CNAHLOAD
12-23 12:19:59.235   744   744 E wificond: Failed to get NL80211_STA_INFO_CNAHLOAD
12-23 12:20:00.002   683   683 I chatty  : uid=1000 system_server expire 2 lines
12-23 12:20:00.318   683  1967 I chatty  : uid=1000(system) Binder:683_9 expire 2 lines
12-23 12:20:02.259   744   744 E wificond: Failed to get NL80211_STA_INFO_CNAHLOAD
12-23 12:20:03.930   744   744 I chatty  : uid=1010(wifi) /system/bin/wificond identical 1 line
12-23 12:20:03.936   744   744 E wificond: Failed to get NL80211_STA_INFO_CNAHLOAD
12-23 12:20:05.281   744   744 E wificond: Failed to get NL80211_STA_INFO_CNAHLOAD
12-23 12:20:05.717   493   633 W SocketListener: sending broadcast to Pid = 683, Uid = 1000 
12-23 12:20:05.719   683  1393 I chatty  : uid=1000(system) NetdConnector expire 2 lines
12-23 12:20:06.283   683  1403 I chatty  : uid=1000(system) IpManager.wlan0 expire 2 lines
12-23 12:20:06.399   683  1410 I chatty  : uid=1000(system) WifiP2pService expire 5 lines
12-23 12:20:06.408   683 26388 I chatty  : uid=1000(system) DhcpClient expire 7 lines
12-23 12:20:06.432   683  1410 I chatty  : uid=1000(system) WifiP2pService expire 1 line
12-23 12:20:06.438   683  1413 I chatty  : uid=1000(system) ConnectivitySer expire 9 lines
12-23 12:20:06.445   744   744 E wificond: Failed to get NL80211_STA_INFO_CNAHLOAD
12-23 12:20:06.458   683   683 I chatty  : uid=1000 system_server expire 10 lines
12-23 12:20:06.469   683  1393 I chatty  : uid=1000(system) NetdConnector expire 10 lines
12-23 12:20:06.487   683  1146 I chatty  : uid=1000(system) ActivityManager expire 7 lines
12-23 12:20:06.516 12219 12219 W ContextImpl: Calling a method in the system process without a qualified user: android.app.ContextImpl.startService:1656 android.content.ContextWrapper.startService:644 android.content.ContextWrapper.startService:644 com.android.settings.wifi.AccessPointConnectedReceiver.onReceive:28 android.app.ActivityThread.handleReceiver:3695 
12-23 12:20:08.299   744   744 E wificond: Failed to get NL80211_STA_INFO_CNAHLOAD
12-23 12:20:11.318   744   744 E wificond: Failed to get NL80211_STA_INFO_CNAHLOAD
12-23 12:20:19.948   744   744 I chatty  : uid=1010(wifi) /system/bin/wificond identical 10 lines
12-23 12:20:20.384   744   744 E wificond: Failed to get NL80211_STA_INFO_CNAHLOAD
12-23 12:20:21.437   493   633 W SocketListener: sending broadcast to Pid = 683, Uid = 1000 
12-23 12:20:21.446   683  1163 I chatty  : uid=1000(system) android.fg expire 11 lines
12-23 12:20:21.455   683 10292 I chatty  : uid=1000(system) Binder:683_1E expire 8 lines
12-23 12:20:22.985   493   633 W SocketListener: sending broadcast to Pid = 683, Uid = 1000 
12-23 12:20:23.017   683  1152 I chatty  : uid=1000(system) batterystats-sy expire 5 lines
12-23 12:20:23.404   744   744 E wificond: Failed to get NL80211_STA_INFO_CNAHLOAD
12-23 12:20:25.851   683 10397 I chatty  : uid=1000(system) Binder:683_20 expire 15 lines
12-23 12:20:26.433   744   744 E wificond: Failed to get NL80211_STA_INFO_CNAHLOAD
12-23 12:20:27.955   744   744 E wificond: Failed to get NL80211_STA_INFO_CNAHLOAD
12-23 12:20:28.159   683  1967 I chatty  : uid=1000(system) Binder:683_9 expire 10 lines
12-23 12:20:29.464   744   744 E wificond: Failed to get NL80211_STA_INFO_CNAHLOAD
12-23 12:20:32.485   744   744 E wificond: Failed to get NL80211_STA_INFO_CNAHLOAD
12-23 12:20:34.678   683  1874 I chatty  : uid=1000(system) watchdog expire 6 lines
12-23 12:20:35.507   744   744 E wificond: Failed to get NL80211_STA_INFO_CNAHLOAD
12-23 12:20:35.964   744   744 E wificond: Failed to get NL80211_STA_INFO_CNAHLOAD
12-23 12:20:38.532   744   744 E wificond: Failed to get NL80211_STA_INFO_CNAHLOAD
12-23 12:20:41.554   744   744 E wificond: Failed to get NL80211_STA_INFO_CNAHLOAD
12-23 12:20:44.576   744   744 E wificond: Failed to get NL80211_STA_INFO_CNAHLOAD
12-23 12:20:45.663   493   633 W SocketListener: sending broadcast to Pid = 683, Uid = 1000 
12-23 12:20:45.666   683  1393 I chatty  : uid=1000(system) NetdConnector expire 10 lines
12-23 12:20:47.599   744   744 E wificond: Failed to get NL80211_STA_INFO_CNAHLOAD
12-23 12:20:49.121   493   633 W SocketListener: sending broadcast to Pid = 683, Uid = 1000 
12-23 12:20:50.235   742   823 E /system/bin/storaged: open file /data/storaged/storaged.txt failed!2
12-23 12:20:50.236   742   823 E /system/bin/storaged: write(append)  diskstat data failed!ts:1545538850,read bytes:3602145280, write bytes: 690909184
12-23 12:20:50.290   742   823 E /system/bin/storaged: curr_io_stats:  size: 281
12-23 12:20:50.297   742   823 E /system/bin/storaged: open file /data/storaged/storaged.txt failed!2
12-23 12:20:50.297   742   823 E /system/bin/storaged: write(append)  uid data failed!
12-23 12:20:50.298   742   823 E /system/bin/storaged: pid_info get_pids failed
12-23 12:20:50.620   744   744 E wificond: Failed to get NL80211_STA_INFO_CNAHLOAD
12-23 12:20:53.639   744   744 I chatty  : uid=1010(wifi) /system/bin/wificond identical 11 lines
12-23 12:20:56.662   744   744 E wificond: Failed to get NL80211_STA_INFO_CNAHLOAD
12-23 12:20:59.682   744   744 E wificond: Failed to get NL80211_STA_INFO_CNAHLOAD
12-23 12:20:59.916   683  1466 I chatty  : uid=1000(system) StatisticsCHRMs expire 4 lines
12-23 12:20:59.984   744   744 E wificond: Failed to get NL80211_STA_INFO_CNAHLOAD
12-23 12:20:59.990   744   744 E wificond: Failed to get NL80211_STA_INFO_CNAHLOAD
12-23 12:21:02.704   744   744 E wificond: Failed to get NL80211_STA_INFO_CNAHLOAD
12-23 12:21:05.726   744   744 E wificond: Failed to get NL80211_STA_INFO_CNAHLOAD
12-23 12:21:20.833   744   744 E wificond: Failed to get NL80211_STA_INFO_CNAHLOAD
12-23 12:21:23.103   493   633 W SocketListener: sending broadcast to Pid = 683, Uid = 1000 
12-23 12:21:23.854   744   744 E wificond: Failed to get NL80211_STA_INFO_CNAHLOAD
12-23 12:21:26.879   744   744 I chatty  : uid=1010(wifi) /system/bin/wificond identical 10 lines
12-23 12:21:29.900   744   744 E wificond: Failed to get NL80211_STA_INFO_CNAHLOAD
12-23 12:21:30.837   493   633 W SocketListener: sending broadcast to Pid = 683, Uid = 1000 
12-23 12:21:31.812   683  1352 I chatty  : uid=1000(system) UEventObserver expire 2 lines
12-23 12:21:32.011   744   744 E wificond: Failed to get NL80211_STA_INFO_CNAHLOAD
12-23 12:21:32.017   744   744 E wificond: Failed to get NL80211_STA_INFO_CNAHLOAD
