12-23 12:21:32.925   744   744 E wificond: Failed to get NL80211_STA_INFO_CNAHLOAD
12-23 12:21:32.964   683  1006 I chatty  : uid=1000(system) Binder:683_2 expire 11 lines
12-23 12:21:35.955   744   744 E wificond: Failed to get NL80211_STA_INFO_CNAHLOAD
12-23 12:21:37.973   683 10397 I chatty  : uid=1000(system) Binder:683_20 expire 17 lines
12-23 12:21:38.986   744   744 E wificond: Failed to get NL80211_STA_INFO_CNAHLOAD
12-23 12:21:45.029   744   744 E wificond: Failed to get NL80211_STA_INFO_CNAHLOAD
12-23 12:21:48.033   744   744 E wificond: Failed to get NL80211_STA_INFO_CNAHLOAD
12-23 12:21:54.104   744   744 E wificond: Failed to get NL80211_STA_INFO_CNAHLOAD
12-23 12:21:55.987   683  1148 I chatty  : uid=1000(system) android.ui expire 39 lines
12-23 12:21:56.032   744   744 E wificond: Failed to get NL80211_STA_INFO_CNAHLOAD
12-23 12:21:57.131   744   744 E wificond: Failed to get NL80211_STA_INFO_CNAHLOAD
12-23 12:22:00.166   744   744 E wificond: Failed to get NL80211_STA_INFO_CNAHLOAD
12-23 12:22:03.210   744   744 E wificond: Failed to get NL80211_STA_INFO_CNAHLOAD
12-23 12:22:04.036   744   744 I chatty  : uid=1010(wifi) /system/bin/wificond identical 10 lines
12-23 12:22:04.043   744   744 E wificond: Failed to get NL80211_STA_INFO_CNAHLOAD
12-23 12:22:05.411   683  1967 I chatty  : uid=1000(system) Binder:683_9 expire 13 lines
12-23 12:22:06.235   744   744 E wificond: Failed to get NL80211_STA_INFO_CNAHLOAD
12-23 12:22:08.158   493   633 W SocketListener: sending broadcast to Pid = 683, Uid = 1000 
12-23 12:22:09.258   744   744 E wificond: Failed to get NL80211_STA_INFO_CNAHLOAD
12-23 12:22:18.341   744   744 E wificond: Failed to get NL80211_STA_INFO_CNAHLOAD
12-23 12:22:19.227   683  1148 I chatty  : uid=1000(system) android.ui expire 13 lines
12-23 12:22:20.041   744   744 E wificond: Failed to get NL80211_STA_INFO_CNAHLOAD
12-23 12:22:21.366   744   744 E wificond: Failed to get NL80211_STA_INFO_CNAHLOAD
12-23 12:22:21.729   493   633 W SocketListener: sending broadcast to Pid = 683, Uid = 1000 
12-23 12:22:21.731   683  1393 I chatty  : uid=1000(system) NetdConnector expire 4 lines
12-23 12:22:24.387   744   744 E wificond: Failed to get NL80211_STA_INFO_CNAHLOAD
12-23 12:22:33.468   744   744 E wificond: Failed to get NL80211_STA_INFO_CNAHLOAD
12-23 12:22:36.050   744   744 E wificond: Failed to get NL80211_STA_INFO_CNAHLOAD
12-23 12:22:36.057   744   744 I chatty  : uid=1010(wifi) /system/bin/wificond identical 10 lines
12-23 12:22:36.489   744   744 E wificond: Failed to get NL80211_STA_INFO_CNAHLOAD
12-23 12:22:39.513   744   744 E wificond: Failed to get NL80211_STA_INFO_CNAHLOAD
12-23 12:22:48.582   744   744 E wificond: Failed to get NL80211_STA_INFO_CNAHLOAD
12-23 12:22:48.664   683  1006 I chatty  : uid=1000(system) Binder:683_2 expire 11 lines
12-23 12:22:51.604   744   744 E wificond: Failed to get NL80211_STA_INFO_CNAHLOAD
12-23 12:22:54.626   744   744 E wificond: Failed to get NL80211_STA_INFO_CNAHLOAD
12-23 12:22:54.857   683  1148 I chatty  : uid=1000(system) android.ui expire 13 lines
12-23 12:22:55.133   493   637 W SocketListener: sending broadcast to Pid = 683, Uid = 1000 
12-23 12:22:55.230   683  1400 I chatty  : uid=1000(system) HwWifiCHRStateM expire 6 lines
12-23 12:22:55.408 28457 28457 D ActivityThread: ActivityThread,attachApplication
12-23 12:22:57.649   744   744 E wificond: Failed to get NL80211_STA_INFO_CNAHLOAD
12-23 12:23:00.003   683   683 I chatty  : uid=1000 system_server expire 5 lines
12-23 12:23:00.066   744   744 E wificond: Failed to get NL80211_STA_INFO_CNAHLOAD
12-23 12:23:00.080   744   744 E wificond: Failed to get NL80211_STA_INFO_CNAHLOAD
12-23 12:23:00.671   744   744 E wificond: Failed to get NL80211_STA_INFO_CNAHLOAD
12-23 12:23:03.698   744   744 E wificond: Failed to get NL80211_STA_INFO_CNAHLOAD
12-23 12:23:06.723   744   744 E wificond: Failed to get NL80211_STA_INFO_CNAHLOAD
12-23 12:23:08.081   744   744 E wificond: Failed to get NL80211_STA_INFO_CNAHLOAD
12-23 12:23:09.136   683 10397 I chatty  : uid=1000(system) Binder:683_20 expire 7 lines
12-23 12:23:09.261   683  1945 I chatty  : uid=1000(system) Binder:683_7 expire 2 lines
12-23 12:23:09.424   683  1966 I chatty  : uid=1000(system) Binder:683_8 expire 2 lines
12-23 12:23:09.742   744   744 E wificond: Failed to get NL80211_STA_INFO_CNAHLOAD
12-23 12:23:12.760   744   744 E wificond: Failed to get NL80211_STA_INFO_CNAHLOAD
12-23 12:23:16.085   744   744 E wificond: Failed to get NL80211_STA_INFO_CNAHLOAD
12-23 12:23:18.336   683  1967 I chatty  : uid=1000(system) Binder:683_9 expire 11 lines
12-23 12:23:18.805   744   744 E wificond: Failed to get NL80211_STA_INFO_CNAHLOAD
12-23 12:23:20.293   683  1151 I chatty  : uid=1000(system) keyAppHanderThr expire 1 line
12-23 12:23:20.858   683   683 I chatty  : uid=1000 system_server expire 10 lines
12-23 12:23:21.786   683  1146 I chatty  : uid=1000(system) ActivityManager expire 9 lines
12-23 12:23:21.826   744   744 E wificond: Failed to get NL80211_STA_INFO_CNAHLOAD
12-23 12:23:24.085   744   744 I chatty  : uid=1010(wifi) /system/bin/wificond identical 12 lines
12-23 12:23:24.091   744   744 E wificond: Failed to get NL80211_STA_INFO_CNAHLOAD
12-23 12:23:24.843   744   744 E wificond: Failed to get NL80211_STA_INFO_CNAHLOAD
12-23 12:23:27.868   744   744 E wificond: Failed to get NL80211_STA_INFO_CNAHLOAD
12-23 12:23:28.540  1798  8448 I ContextImpl: ContextImpl#createApplicationContext pi.resDir is/data/app/com.huawei.health-zWVGnnCpQRKFGYEpjQbyhQ==/base.apk
12-23 12:23:28.555  1508  1508 I ContextImpl: ContextImpl#createApplicationContext pi.resDir is/data/app/com.huawei.health-zWVGnnCpQRKFGYEpjQbyhQ==/base.apk
12-23 12:23:28.580  1508  1508 I ContextImpl: ContextImpl#createApplicationContext pi.resDir is/data/app/com.huawei.health-zWVGnnCpQRKFGYEpjQbyhQ==/base.apk
12-23 12:23:28.582  1508  1760 I ContextImpl: ContextImpl#createApplicationContext pi.resDir is/data/app/com.huawei.health-zWVGnnCpQRKFGYEpjQbyhQ==/base.apk
12-23 12:23:28.584  1508  1508 I ContextImpl: ContextImpl#createApplicationContext pi.resDir is/data/app/com.huawei.health-zWVGnnCpQRKFGYEpjQbyhQ==/base.apk
12-23 12:23:28.587  1508  1508 I ContextImpl: ContextImpl#createApplicationContext pi.resDir is/data/app/com.huawei.health-zWVGnnCpQRKFGYEpjQbyhQ==/base.apk
12-23 12:23:29.111  1508  1508 I ContextImpl: ContextImpl#createApplicationContext pi.resDir is/data/app/com.huawei.health-zWVGnnCpQRKFGYEpjQbyhQ==/base.apk
12-23 12:23:29.112  1798  8448 I ContextImpl: ContextImpl#createApplicationContext pi.resDir is/data/app/com.huawei.health-zWVGnnCpQRKFGYEpjQbyhQ==/base.apk
12-23 12:23:29.119  1508  1508 I ContextImpl: ContextImpl#createApplicationContext pi.resDir is/data/app/com.huawei.health-zWVGnnCpQRKFGYEpjQbyhQ==/base.apk
12-23 12:23:29.121  1508  1760 I ContextImpl: ContextImpl#createApplicationContext pi.resDir is/data/app/com.huawei.health-zWVGnnCpQRKFGYEpjQbyhQ==/base.apk
12-23 12:23:29.125  1508  1508 I ContextImpl: ContextImpl#createApplicationContext pi.resDir is/data/app/com.huawei.health-zWVGnnCpQRKFGYEpjQbyhQ==/base.apk
12-23 12:23:29.129  1508  1508 I ContextImpl: ContextImpl#createApplicationContext pi.resDir is/data/app/com.huawei.health-zWVGnnCpQRKFGYEpjQbyhQ==/base.apk
12-23 12:23:30.888   744   744 E wificond: Failed to get NL80211_STA_INFO_CNAHLOAD
12-23 12:23:33.909   744   744 E wificond: Failed to get NL80211_STA_INFO_CNAHLOAD
12-23 12:23:34.691   683  1874 I chatty  : uid=1000(system) watchdog expire 6 lines
12-23 12:23:36.932   744   744 E wificond: Failed to get NL80211_STA_INFO_CNAHLOAD
12-23 12:23:40.107   744   744 E wificond: Failed to get NL80211_STA_INFO_CNAHLOAD
12-23 12:23:41.592   683 10292 I chatty  : uid=1000(system) Binder:683_1E expire 13 lines
12-23 12:23:41.674   683 10397 I chatty  : uid=1000(system) Binder:683_20 expire 15 lines
12-23 12:23:42.980   744   744 E wificond: Failed to get NL80211_STA_INFO_CNAHLOAD
12-23 12:23:43.983   683  1945 I chatty  : uid=1000(system) Binder:683_7 expire 3 lines
12-23 12:23:46.005   744   744 E wificond: Failed to get NL80211_STA_INFO_CNAHLOAD
12-23 12:23:58.102   744   744 E wificond: Failed to get NL80211_STA_INFO_CNAHLOAD
12-23 12:24:01.126   744   744 E wificond: Failed to get NL80211_STA_INFO_CNAHLOAD
12-23 12:24:04.133   744   744 I chatty  : uid=1010(wifi) /system/bin/wificond identical 11 lines
12-23 12:24:04.148   744   744 E wificond: Failed to get NL80211_STA_INFO_CNAHLOAD
12-23 12:24:07.169   744   744 E wificond: Failed to get NL80211_STA_INFO_CNAHLOAD
12-23 12:24:13.215   744   744 E wificond: Failed to get NL80211_STA_INFO_CNAHLOAD
12-23 12:24:16.240   744   744 E wificond: Failed to get NL80211_STA_INFO_CNAHLOAD
12-23 12:24:16.427   683  1966 I chatty  : uid=1000(system) Binder:683_8 expire 10 lines
12-23 12:24:19.265   744   744 E wificond: Failed to get NL80211_STA_INFO_CNAHLOAD
12-23 12:24:20.141   744   744 E wificond: Failed to get NL80211_STA_INFO_CNAHLOAD
12-23 12:24:22.287   744   744 E wificond: Failed to get NL80211_STA_INFO_CNAHLOAD
12-23 12:24:23.327   493   633 W SocketListener: sending broadcast to Pid = 683, Uid = 1000 
12-23 12:24:23.330   683  1393 I chatty  : uid=1000(system) NetdConnector expire 8 lines
12-23 12:24:23.334   683  1163 I chatty  : uid=1000(system) android.fg expire 4 lines
12-23 12:24:25.307   744   744 E wificond: Failed to get NL80211_STA_INFO_CNAHLOAD
12-23 12:24:27.193   493   633 W SocketListener: sending broadcast to Pid = 683, Uid = 1000 
12-23 12:24:28.138   744   744 E wificond: Failed to get NL80211_STA_INFO_CNAHLOAD
12-23 12:24:34.371   744   744 E wificond: Failed to get NL80211_STA_INFO_CNAHLOAD
12-23 12:24:36.140   744   744 E wificond: Failed to get NL80211_STA_INFO_CNAHLOAD
12-23 12:24:40.416   744   744 E wificond: Failed to get NL80211_STA_INFO_CNAHLOAD
12-23 12:24:40.836   683  1148 I chatty  : uid=1000(system) android.ui expire 65 lines
12-23 12:24:43.436   744   744 E wificond: Failed to get NL80211_STA_INFO_CNAHLOAD
12-23 12:24:44.149   744   744 E wificond: Failed to get NL80211_STA_INFO_CNAHLOAD
12-23 12:24:44.157   744   744 E wificond: Failed to get NL80211_STA_INFO_CNAHLOAD
12-23 12:24:46.456   683  1967 I chatty  : uid=1000(system) Binder:683_9 expire 10 lines
12-23 12:24:46.464   744   744 E wificond: Failed to get NL80211_STA_INFO_CNAHLOAD
12-23 12:24:49.488   744   744 E wificond: Failed to get NL80211_STA_INFO_CNAHLOAD
12-23 12:24:52.157   744   744 E wificond: Failed to get NL80211_STA_INFO_CNAHLOAD
12-23 12:24:52.165   744   744 I chatty  : uid=1010(wifi) /system/bin/wificond identical 11 lines
12-23 12:24:52.508   744   744 E wificond: Failed to get NL80211_STA_INFO_CNAHLOAD
12-23 12:24:52.947   683  1148 I chatty  : uid=1000(system) android.ui expire 26 lines
12-23 12:24:55.531   744   744 E wificond: Failed to get NL80211_STA_INFO_CNAHLOAD
12-23 12:24:58.556   744   744 E wificond: Failed to get NL80211_STA_INFO_CNAHLOAD
12-23 12:25:00.003   683   683 I chatty  : uid=1000 system_server expire 11 lines
12-23 12:25:00.174   744   744 E wificond: Failed to get NL80211_STA_INFO_CNAHLOAD
12-23 12:25:00.187   744   744 E wificond: Failed to get NL80211_STA_INFO_CNAHLOAD
12-23 12:25:01.578   744   744 E wificond: Failed to get NL80211_STA_INFO_CNAHLOAD
12-23 12:25:04.599   744   744 E wificond: Failed to get NL80211_STA_INFO_CNAHLOAD
12-23 12:25:07.622   744   744 E wificond: Failed to get NL80211_STA_INFO_CNAHLOAD
12-23 12:25:08.172   744   744 E wificond: Failed to get NL80211_STA_INFO_CNAHLOAD
12-23 12:25:16.687   744   744 E wificond: Failed to get NL80211_STA_INFO_CNAHLOAD
12-23 12:25:18.894   683 10397 I chatty  : uid=1000(system) Binder:683_20 expire 5 lines
12-23 12:25:19.708   744   744 E wificond: Failed to get NL80211_STA_INFO_CNAHLOAD
12-23 12:25:22.728   744   744 E wificond: Failed to get NL80211_STA_INFO_CNAHLOAD
12-23 12:25:23.168   493   633 W SocketListener: sending broadcast to Pid = 683, Uid = 1000 
12-23 12:25:23.454   493   633 W SocketListener: sending broadcast to Pid = 683, Uid = 1000 
12-23 12:25:23.478   683  1152 I chatty  : uid=1000(system) batterystats-sy expire 3 lines
12-23 12:25:24.186   744   744 E wificond: Failed to get NL80211_STA_INFO_CNAHLOAD
12-23 12:25:32.202   744   744 E wificond: Failed to get NL80211_STA_INFO_CNAHLOAD
12-23 12:25:34.813   744   744 E wificond: Failed to get NL80211_STA_INFO_CNAHLOAD
12-23 12:25:48.216   744   744 I chatty  : uid=1010(wifi) /system/bin/wificond identical 10 lines
12-23 12:25:49.921   744   744 E wificond: Failed to get NL80211_STA_INFO_CNAHLOAD
12-23 12:25:52.946   744   744 E wificond: Failed to get NL80211_STA_INFO_CNAHLOAD
12-23 12:25:55.967   744   744 E wificond: Failed to get NL80211_STA_INFO_CNAHLOAD
12-23 12:25:58.991   744   744 E wificond: Failed to get NL80211_STA_INFO_CNAHLOAD
12-23 12:26:02.012   744   744 E wificond: Failed to get NL80211_STA_INFO_CNAHLOAD
12-23 12:26:03.345   683  7232 I chatty  : uid=1000(system) Binder:683_15 expire 8 lines
12-23 12:26:03.375   683  1876 I chatty  : uid=1000(system) LocationThread expire 7 lines
12-23 12:26:03.382   683 28575 I chatty  : uid=1000 system_server expire 2 lines
12-23 12:26:03.391   683 28576 I chatty  : uid=1000 system_server expire 1 line
12-23 12:26:03.420   751   751 D libgps  : proxy_gps_inject_location: called.
12-23 12:26:03.617   683 28581 I chatty  : uid=1000 system_server expire 2 lines
12-23 12:26:03.625   683 28582 I chatty  : uid=1000 system_server expire 1 line
12-23 12:26:03.637   751   751 D libgps  : proxy_gps_inject_location: called.
12-23 12:26:04.225   744   744 E wificond: Failed to get NL80211_STA_INFO_CNAHLOAD
12-23 12:26:04.231   744   744 E wificond: Failed to get NL80211_STA_INFO_CNAHLOAD
12-23 12:26:05.030   744   744 E wificond: Failed to get NL80211_STA_INFO_CNAHLOAD
12-23 12:26:08.054   744   744 E wificond: Failed to get NL80211_STA_INFO_CNAHLOAD
12-23 12:26:08.554   683  1379 I chatty  : uid=1000(system) InputDispatcher expire 9 lines
12-23 12:26:08.719   683  1423 I chatty  : uid=1000(system) AudioService expire 10 lines
12-23 12:26:11.077   744   744 E wificond: Failed to get NL80211_STA_INFO_CNAHLOAD
12-23 12:26:12.232   744   744 E wificond: Failed to get NL80211_STA_INFO_CNAHLOAD
12-23 12:26:12.240   744   744 E wificond: Failed to get NL80211_STA_INFO_CNAHLOAD
12-23 12:26:12.262   683  1352 I chatty  : uid=1000(system) UEventObserver expire 2 lines
12-23 12:26:14.107   744   744 E wificond: Failed to get NL80211_STA_INFO_CNAHLOAD
12-23 12:26:20.241   744   744 I chatty  : uid=1010(wifi) /system/bin/wificond identical 3 lines
12-23 12:26:20.248   744   744 E wificond: Failed to get NL80211_STA_INFO_CNAHLOAD
12-23 12:26:22.899   683   683 I chatty  : uid=1000 system_server expire 2 lines
12-23 12:26:22.956   683 10292 I chatty  : uid=1000(system) Binder:683_1E expire 8 lines
12-23 12:26:23.182   744   744 E wificond: Failed to get NL80211_STA_INFO_CNAHLOAD
12-23 12:26:23.427   683  1423 I chatty  : uid=1000(system) AudioService expire 2 lines
12-23 12:26:23.708   683  7232 I chatty  : uid=1000(system) Binder:683_15 expire 9 lines
12-23 12:26:24.457   683 10397 I chatty  : uid=1000(system) Binder:683_20 expire 10 lines
12-23 12:26:26.205   744   744 E wificond: Failed to get NL80211_STA_INFO_CNAHLOAD
12-23 12:26:28.245   744   744 E wificond: Failed to get NL80211_STA_INFO_CNAHLOAD
12-23 12:26:28.253   744   744 I chatty  : uid=1010(wifi) /system/bin/wificond identical 15 lines
12-23 12:26:29.227   744   744 E wificond: Failed to get NL80211_STA_INFO_CNAHLOAD
12-23 12:26:31.735  1976  1976 W SettingsEx: SettingsEx.Systemex.getString deprecated use Settings.System.getString instead ;callers=com.android.internal.telephony.gsm.HwCustGsmServiceStateManagerImpl.isMccForShowNetname:213 com.android.internal.telephony.gsm.HwCustGsmServiceStateManagerImpl.isShowNetnameByMcc:204 com.android.internal.telephony.gsm.HwCustGsmServiceStateManagerImpl.setOnsDisplayCustomization:155 
12-23 12:26:32.248   744   744 E wificond: Failed to get NL80211_STA_INFO_CNAHLOAD
12-23 12:26:34.711   683  1874 I chatty  : uid=1000(system) watchdog expire 10 lines
12-23 12:26:35.196   683  1966 I chatty  : uid=1000(system) Binder:683_8 expire 5 lines
12-23 12:26:35.264   744   744 E wificond: Failed to get NL80211_STA_INFO_CNAHLOAD
12-23 12:26:38.284   744   744 E wificond: Failed to get NL80211_STA_INFO_CNAHLOAD
12-23 12:26:41.304   744   744 E wificond: Failed to get NL80211_STA_INFO_CNAHLOAD
12-23 12:26:47.342   744   744 E wificond: Failed to get NL80211_STA_INFO_CNAHLOAD
12-23 12:26:50.302   493   633 W SocketListener: sending broadcast to Pid = 683, Uid = 1000 
12-23 12:26:50.304   683  1393 I chatty  : uid=1000(system) NetdConnector expire 10 lines
12-23 12:26:50.309   683  1163 I chatty  : uid=1000(system) android.fg expire 10 lines
12-23 12:26:50.355   744   744 E wificond: Failed to get NL80211_STA_INFO_CNAHLOAD
12-23 12:26:52.276   744   744 E wificond: Failed to get NL80211_STA_INFO_CNAHLOAD
12-23 12:26:52.712   493   633 W SocketListener: sending broadcast to Pid = 683, Uid = 1000 
12-23 12:26:52.734   683 10397 I chatty  : uid=1000(system) Binder:683_20 expire 11 lines
12-23 12:26:53.373   744   744 E wificond: Failed to get NL80211_STA_INFO_CNAHLOAD
12-23 12:26:56.389   744   744 E wificond: Failed to get NL80211_STA_INFO_CNAHLOAD
12-23 12:26:59.409   744   744 E wificond: Failed to get NL80211_STA_INFO_CNAHLOAD
12-23 12:27:00.004   683   683 I chatty  : uid=1000 system_server expire 12 lines
12-23 12:27:00.279   744   744 E wificond: Failed to get NL80211_STA_INFO_CNAHLOAD
12-23 12:27:00.285   744   744 E wificond: Failed to get NL80211_STA_INFO_CNAHLOAD
12-23 12:27:02.430   744   744 E wificond: Failed to get NL80211_STA_INFO_CNAHLOAD
12-23 12:27:05.453   744   744 E wificond: Failed to get NL80211_STA_INFO_CNAHLOAD
12-23 12:27:20.549   744   744 E wificond: Failed to get NL80211_STA_INFO_CNAHLOAD
12-23 12:27:23.552   493   633 W SocketListener: sending broadcast to Pid = 683, Uid = 1000 
12-23 12:27:23.569   683  1990 I chatty  : uid=1000(system) Binder:683_A expire 11 lines
12-23 12:27:23.574   744   744 E wificond: Failed to get NL80211_STA_INFO_CNAHLOAD
12-23 12:27:24.307   744   744 I chatty  : uid=1010(wifi) /system/bin/wificond identical 14 lines
12-23 12:27:26.594   744   744 E wificond: Failed to get NL80211_STA_INFO_CNAHLOAD
12-23 12:27:29.615   744   744 E wificond: Failed to get NL80211_STA_INFO_CNAHLOAD
12-23 12:27:32.307   744   744 E wificond: Failed to get NL80211_STA_INFO_CNAHLOAD
12-23 12:27:32.636   744   744 E wificond: Failed to get NL80211_STA_INFO_CNAHLOAD
12-23 12:27:35.662   744   744 E wificond: Failed to get NL80211_STA_INFO_CNAHLOAD
12-23 12:27:41.704   744   744 E wificond: Failed to get NL80211_STA_INFO_CNAHLOAD
12-23 12:27:42.047   493   633 W SocketListener: sending broadcast to Pid = 683, Uid = 1000 
12-23 12:27:44.729   744   744 E wificond: Failed to get NL80211_STA_INFO_CNAHLOAD
12-23 12:27:59.849   744   744 E wificond: Failed to get NL80211_STA_INFO_CNAHLOAD
12-23 12:28:01.051   683  1006 I chatty  : uid=1000(system) Binder:683_2 expire 11 lines
12-23 12:28:02.874   744   744 E wificond: Failed to get NL80211_STA_INFO_CNAHLOAD
12-23 12:28:04.335   744   744 E wificond: Failed to get NL80211_STA_INFO_CNAHLOAD
12-23 12:28:04.341   744   744 E wificond: Failed to get NL80211_STA_INFO_CNAHLOAD
12-23 12:28:05.895   744   744 E wificond: Failed to get NL80211_STA_INFO_CNAHLOAD
12-23 12:28:08.920   744   744 E wificond: Failed to get NL80211_STA_INFO_CNAHLOAD
12-23 12:28:09.122   683  1146 I chatty  : uid=1000(system) ActivityManager expire 9 lines
12-23 12:28:09.332   683  1945 I chatty  : uid=1000(system) Binder:683_7 expire 11 lines
12-23 12:28:09.418   683  9307 I chatty  : uid=1000(system) Binder:683_17 expire 10 lines
12-23 12:28:11.943   744   744 E wificond: Failed to get NL80211_STA_INFO_CNAHLOAD
12-23 12:28:12.345   744   744 I chatty  : uid=1010(wifi) /system/bin/wificond identical 13 lines
12-23 12:28:12.352   744   744 E wificond: Failed to get NL80211_STA_INFO_CNAHLOAD
12-23 12:28:13.273  3457 16273 W SettingsEx: SettingsEx.Systemex.getInt deprecated use Settings.System.getInt instead ;callers=com.huawei.recsys.util.SystemUtil.getNotificationUpdateMode:177 com.huawei.recsys.util.SystemUtil.isAllowUpdate:112 com.huawei.recsys.controller.notification.http.NotificationUpdateController.startNotificationUpdate:85 
12-23 12:28:14.969   744   744 E wificond: Failed to get NL80211_STA_INFO_CNAHLOAD
12-23 12:28:17.994   744   744 E wificond: Failed to get NL80211_STA_INFO_CNAHLOAD
12-23 12:28:20.345   744   744 E wificond: Failed to get NL80211_STA_INFO_CNAHLOAD
12-23 12:28:24.036   744   744 E wificond: Failed to get NL80211_STA_INFO_CNAHLOAD
12-23 12:28:27.057   744   744 E wificond: Failed to get NL80211_STA_INFO_CNAHLOAD
12-23 12:28:33.103   744   744 E wificond: Failed to get NL80211_STA_INFO_CNAHLOAD
12-23 12:28:35.798   683 10397 I chatty  : uid=1000(system) Binder:683_20 expire 10 lines
12-23 12:28:36.123   744   744 E wificond: Failed to get NL80211_STA_INFO_CNAHLOAD
12-23 12:28:36.360   744   744 E wificond: Failed to get NL80211_STA_INFO_CNAHLOAD
12-23 12:28:38.219   683  1990 I chatty  : uid=1000(system) Binder:683_A expire 12 lines
12-23 12:28:39.150   744   744 E wificond: Failed to get NL80211_STA_INFO_CNAHLOAD
12-23 12:28:42.171   744   744 E wificond: Failed to get NL80211_STA_INFO_CNAHLOAD
12-23 12:28:52.380   744   744 E wificond: Failed to get NL80211_STA_INFO_CNAHLOAD
12-23 12:28:53.920   493   633 W SocketListener: sending broadcast to Pid = 683, Uid = 1000 
12-23 12:28:53.952   493   633 W SocketListener: sending broadcast to Pid = 683, Uid = 1000 
12-23 12:28:53.955   683  1393 I chatty  : uid=1000(system) NetdConnector expire 10 lines
12-23 12:28:53.994   683  1152 I chatty  : uid=1000(system) batterystats-sy expire 1 line
12-23 12:28:54.257   744   744 E wificond: Failed to get NL80211_STA_INFO_CNAHLOAD
12-23 12:28:56.351   683  1990 I chatty  : uid=1000(system) Binder:683_A expire 10 lines
12-23 12:28:57.280   744   744 E wificond: Failed to get NL80211_STA_INFO_CNAHLOAD
12-23 12:29:00.005   683   683 I chatty  : uid=1000 system_server expire 12 lines
12-23 12:29:00.296   683  1945 I chatty  : uid=1000(system) Binder:683_7 expire 3 lines
12-23 12:29:00.303   744   744 E wificond: Failed to get NL80211_STA_INFO_CNAHLOAD
12-23 12:29:00.380   744   744 I chatty  : uid=1010(wifi) /system/bin/wificond identical 15 lines
12-23 12:29:03.326   744   744 E wificond: Failed to get NL80211_STA_INFO_CNAHLOAD
12-23 12:29:05.912   683  1394 I chatty  : uid=1000(system) NetworkStats expire 7 lines
12-23 12:29:06.352   744   744 E wificond: Failed to get NL80211_STA_INFO_CNAHLOAD
12-23 12:29:08.380   744   744 E wificond: Failed to get NL80211_STA_INFO_CNAHLOAD
12-23 12:29:21.471   744   744 E wificond: Failed to get NL80211_STA_INFO_CNAHLOAD
12-23 12:29:24.393   744   744 E wificond: Failed to get NL80211_STA_INFO_CNAHLOAD
12-23 12:29:33.564   744   744 E wificond: Failed to get NL80211_STA_INFO_CNAHLOAD
12-23 12:29:36.589   744   744 E wificond: Failed to get NL80211_STA_INFO_CNAHLOAD
12-23 12:29:38.261   683  9307 I chatty  : uid=1000(system) Binder:683_17 expire 11 lines
12-23 12:29:39.613   744   744 E wificond: Failed to get NL80211_STA_INFO_CNAHLOAD
12-23 12:29:40.406   744   744 I chatty  : uid=1010(wifi) /system/bin/wificond identical 13 lines
12-23 12:29:40.417   744   744 E wificond: Failed to get NL80211_STA_INFO_CNAHLOAD
12-23 12:29:42.639   744   744 E wificond: Failed to get NL80211_STA_INFO_CNAHLOAD
12-23 12:29:45.669   744   744 E wificond: Failed to get NL80211_STA_INFO_CNAHLOAD
12-23 12:29:51.703   744   744 E wificond: Failed to get NL80211_STA_INFO_CNAHLOAD
12-23 12:29:54.724   744   744 E wificond: Failed to get NL80211_STA_INFO_CNAHLOAD
12-23 12:29:57.743   744   744 E wificond: Failed to get NL80211_STA_INFO_CNAHLOAD
12-23 12:30:00.762   744   744 E wificond: Failed to get NL80211_STA_INFO_CNAHLOAD
12-23 12:30:04.434   744   744 E wificond: Failed to get NL80211_STA_INFO_CNAHLOAD
12-23 12:30:06.804   744   744 E wificond: Failed to get NL80211_STA_INFO_CNAHLOAD
12-23 12:30:06.878   493   633 W SocketListener: sending broadcast to Pid = 683, Uid = 1000 
12-23 12:30:08.660   493   633 W SocketListener: sending broadcast to Pid = 683, Uid = 1000 
12-23 12:30:09.826   744   744 E wificond: Failed to get NL80211_STA_INFO_CNAHLOAD
12-23 12:30:12.437   744   744 E wificond: Failed to get NL80211_STA_INFO_CNAHLOAD
12-23 12:30:12.844   744   744 E wificond: Failed to get NL80211_STA_INFO_CNAHLOAD
12-23 12:30:13.072   683  1990 I chatty  : uid=1000(system) Binder:683_A expire 10 lines
12-23 12:30:15.867   744   744 E wificond: Failed to get NL80211_STA_INFO_CNAHLOAD
12-23 12:30:24.928   744   744 E wificond: Failed to get NL80211_STA_INFO_CNAHLOAD
12-23 12:30:25.888   493   633 W SocketListener: sending broadcast to Pid = 683, Uid = 1000 
12-23 12:30:25.890   683  1393 I chatty  : uid=1000(system) NetdConnector expire 4 lines
12-23 12:30:27.950   744   744 E wificond: Failed to get NL80211_STA_INFO_CNAHLOAD
12-23 12:30:28.450   744   744 I chatty  : uid=1010(wifi) /system/bin/wificond identical 4 lines
12-23 12:30:28.459   744   744 E wificond: Failed to get NL80211_STA_INFO_CNAHLOAD
12-23 12:30:29.374   493   633 W SocketListener: sending broadcast to Pid = 683, Uid = 1000 
12-23 12:30:30.971   744   744 E wificond: Failed to get NL80211_STA_INFO_CNAHLOAD
12-23 12:30:33.993   744   744 E wificond: Failed to get NL80211_STA_INFO_CNAHLOAD
12-23 12:30:36.460   744   744 E wificond: Failed to get NL80211_STA_INFO_CNAHLOAD
12-23 12:30:36.468   744   744 E wificond: Failed to get NL80211_STA_INFO_CNAHLOAD
12-23 12:30:36.555   683 10397 I chatty  : uid=1000(system) Binder:683_20 expire 15 lines
12-23 12:30:36.718 28685 28685 D ActivityThread: ActivityThread,attachApplication
12-23 12:30:37.011   744   744 E wificond: Failed to get NL80211_STA_INFO_CNAHLOAD
12-23 12:30:37.961   683  1990 I chatty  : uid=1000(system) Binder:683_A expire 8 lines
12-23 12:30:40.032   744   744 E wificond: Failed to get NL80211_STA_INFO_CNAHLOAD
12-23 12:30:44.471   744   744 E wificond: Failed to get NL80211_STA_INFO_CNAHLOAD
12-23 12:30:46.072   744   744 E wificond: Failed to get NL80211_STA_INFO_CNAHLOAD
12-23 12:30:49.093   744   744 E wificond: Failed to get NL80211_STA_INFO_CNAHLOAD
12-23 12:30:50.652   683 10397 I chatty  : uid=1000(system) Binder:683_20 expire 5 lines
12-23 12:30:52.108   744   744 E wificond: Failed to get NL80211_STA_INFO_CNAHLOAD
12-23 12:30:52.479   744   744 E wificond: Failed to get NL80211_STA_INFO_CNAHLOAD
12-23 12:30:55.128   744   744 E wificond: Failed to get NL80211_STA_INFO_CNAHLOAD
12-23 12:30:58.149   744   744 E wificond: Failed to get NL80211_STA_INFO_CNAHLOAD
12-23 12:31:00.077   683  9307 I chatty  : uid=1000(system) Binder:683_17 expire 2 lines
12-23 12:31:00.477   744   744 E wificond: Failed to get NL80211_STA_INFO_CNAHLOAD
12-23 12:31:00.482   744   744 E wificond: Failed to get NL80211_STA_INFO_CNAHLOAD
12-23 12:31:00.639   683   683 I chatty  : uid=1000 system_server expire 10 lines
12-23 12:31:01.175   744   744 E wificond: Failed to get NL80211_STA_INFO_CNAHLOAD
12-23 12:31:04.197   744   744 E wificond: Failed to get NL80211_STA_INFO_CNAHLOAD
12-23 12:31:05.730   683 10397 I chatty  : uid=1000(system) Binder:683_20 expire 10 lines
12-23 12:31:07.223   744   744 E wificond: Failed to get NL80211_STA_INFO_CNAHLOAD
12-23 12:31:08.486   744   744 I chatty  : uid=1010(wifi) /system/bin/wificond identical 11 lines
12-23 12:31:08.493   744   744 E wificond: Failed to get NL80211_STA_INFO_CNAHLOAD
12-23 12:31:09.374   683  1006 I chatty  : uid=1000(system) Binder:683_2 expire 10 lines
12-23 12:31:09.538  1919  1919 W ContextImpl: Calling a method in the system process without a qualified user: android.app.ContextImpl.bindService:1736 android.content.ContextWrapper.bindService:678 com.huawei.nps.NpsDailyJobService.onStartJob:85 android.app.job.JobService$1.onStartJob:71 android.app.job.JobServiceEngine$JobHandler.handleMessage:108 
12-23 12:31:09.589 28734 28734 D ActivityThread: ActivityThread,attachApplication
12-23 12:31:10.192   683  1945 I chatty  : uid=1000(system) Binder:683_7 expire 3 lines
12-23 12:31:10.242   744   744 E wificond: Failed to get NL80211_STA_INFO_CNAHLOAD
12-23 12:31:11.801   683  7232 I chatty  : uid=1000(system) Binder:683_15 expire 5 lines
12-23 12:31:12.744   683  1352 I chatty  : uid=1000(system) UEventObserver expire 2 lines
12-23 12:31:12.763   683  1146 I chatty  : uid=1000(system) ActivityManager expire 10 lines
12-23 12:31:12.784   683  1152 I chatty  : uid=1000(system) batterystats-sy expire 4 lines
12-23 12:31:13.261   744   744 E wificond: Failed to get NL80211_STA_INFO_CNAHLOAD
12-23 12:31:16.285   744   744 E wificond: Failed to get NL80211_STA_INFO_CNAHLOAD
12-23 12:31:16.491   744   744 E wificond: Failed to get NL80211_STA_INFO_CNAHLOAD
12-23 12:31:19.305   744   744 E wificond: Failed to get NL80211_STA_INFO_CNAHLOAD
12-23 12:31:19.467   683  9307 I chatty  : uid=1000(system) Binder:683_17 expire 20 lines
12-23 12:31:22.330   744   744 E wificond: Failed to get NL80211_STA_INFO_CNAHLOAD
12-23 12:31:34.412   744   744 E wificond: Failed to get NL80211_STA_INFO_CNAHLOAD
12-23 12:31:34.732   683  1874 I chatty  : uid=1000(system) watchdog expire 8 lines
12-23 12:31:37.437   744   744 E wificond: Failed to get NL80211_STA_INFO_CNAHLOAD
12-23 12:31:40.502   744   744 E wificond: Failed to get NL80211_STA_INFO_CNAHLOAD
12-23 12:31:41.829   683   683 I chatty  : uid=1000 system_server expire 10 lines
12-23 12:31:43.479   744   744 E wificond: Failed to get NL80211_STA_INFO_CNAHLOAD
12-23 12:31:46.502   744   744 E wificond: Failed to get NL80211_STA_INFO_CNAHLOAD
12-23 12:31:56.515   744   744 I chatty  : uid=1010(wifi) /system/bin/wificond identical 10 lines
12-23 12:31:56.521   744   744 E wificond: Failed to get NL80211_STA_INFO_CNAHLOAD
12-23 12:31:58.366   493   633 W SocketListener: sending broadcast to Pid = 683, Uid = 1000 
12-23 12:31:58.368   683  1393 I chatty  : uid=1000(system) NetdConnector expire 10 lines
12-23 12:31:58.376   683  1163 I chatty  : uid=1000(system) android.fg expire 10 lines
12-23 12:31:58.582   744   744 E wificond: Failed to get NL80211_STA_INFO_CNAHLOAD
12-23 12:32:01.602   744   744 E wificond: Failed to get NL80211_STA_INFO_CNAHLOAD
12-23 12:32:04.623   744   744 E wificond: Failed to get NL80211_STA_INFO_CNAHLOAD
12-23 12:32:07.643   744   744 E wificond: Failed to get NL80211_STA_INFO_CNAHLOAD
12-23 12:32:08.342   493   633 W SocketListener: sending broadcast to Pid = 683, Uid = 1000 
12-23 12:32:10.668   744   744 E wificond: Failed to get NL80211_STA_INFO_CNAHLOAD
12-23 12:32:13.689   744   744 E wificond: Failed to get NL80211_STA_INFO_CNAHLOAD
12-23 12:32:14.388   683  9307 I chatty  : uid=1000(system) Binder:683_17 expire 10 lines
12-23 12:32:16.712   744   744 E wificond: Failed to get NL80211_STA_INFO_CNAHLOAD
12-23 12:32:16.725   683 10397 I chatty  : uid=1000(system) Binder:683_20 expire 10 lines
12-23 12:32:19.734   744   744 E wificond: Failed to get NL80211_STA_INFO_CNAHLOAD
12-23 12:32:20.543   744   744 I chatty  : uid=1010(wifi) /system/bin/wificond identical 15 lines
12-23 12:32:22.757   744   744 E wificond: Failed to get NL80211_STA_INFO_CNAHLOAD
12-23 12:32:23.391   493   633 W SocketListener: sending broadcast to Pid = 683, Uid = 1000 
12-23 12:32:23.816   493   633 W SocketListener: sending broadcast to Pid = 683, Uid = 1000 
12-23 12:32:25.780   744   744 E wificond: Failed to get NL80211_STA_INFO_CNAHLOAD
12-23 12:32:31.821   744   744 E wificond: Failed to get NL80211_STA_INFO_CNAHLOAD
12-23 12:32:34.843   744   744 E wificond: Failed to get NL80211_STA_INFO_CNAHLOAD
12-23 12:32:37.862   744   744 E wificond: Failed to get NL80211_STA_INFO_CNAHLOAD
12-23 12:32:40.223   493   633 W SocketListener: sending broadcast to Pid = 683, Uid = 1000 
12-23 12:32:40.886   744   744 E wificond: Failed to get NL80211_STA_INFO_CNAHLOAD
12-23 12:32:55.991   744   744 E wificond: Failed to get NL80211_STA_INFO_CNAHLOAD
12-23 12:32:56.278   493   633 W SocketListener: sending broadcast to Pid = 683, Uid = 1000 
12-23 12:32:56.282   683  1393 I chatty  : uid=1000(system) NetdConnector expire 10 lines
12-23 12:32:56.303   683  1006 I chatty  : uid=1000(system) Binder:683_2 expire 11 lines
12-23 12:32:59.011   744   744 E wificond: Failed to get NL80211_STA_INFO_CNAHLOAD
12-23 12:33:00.567   744   744 E wificond: Failed to get NL80211_STA_INFO_CNAHLOAD
12-23 12:33:00.576   744   744 I chatty  : uid=1010(wifi) /system/bin/wificond identical 10 lines
12-23 12:33:02.030   744   744 E wificond: Failed to get NL80211_STA_INFO_CNAHLOAD
12-23 12:33:05.053   744   744 E wificond: Failed to get NL80211_STA_INFO_CNAHLOAD
12-23 12:33:08.584   744   744 E wificond: Failed to get NL80211_STA_INFO_CNAHLOAD
12-23 12:33:09.191   683  1991 I chatty  : uid=1000(system) Binder:683_B expire 10 lines
12-23 12:33:11.105   744   744 E wificond: Failed to get NL80211_STA_INFO_CNAHLOAD
12-23 12:33:14.135   744   744 E wificond: Failed to get NL80211_STA_INFO_CNAHLOAD
12-23 12:33:17.154   744   744 E wificond: Failed to get NL80211_STA_INFO_CNAHLOAD
12-23 12:33:20.178   744   744 E wificond: Failed to get NL80211_STA_INFO_CNAHLOAD
12-23 12:33:23.203   744   744 E wificond: Failed to get NL80211_STA_INFO_CNAHLOAD
12-23 12:33:24.595   744   744 E wificond: Failed to get NL80211_STA_INFO_CNAHLOAD
12-23 12:33:32.611   744   744 E wificond: Failed to get NL80211_STA_INFO_CNAHLOAD
12-23 12:33:35.295   744   744 E wificond: Failed to get NL80211_STA_INFO_CNAHLOAD
12-23 12:33:40.612   744   744 I chatty  : uid=1010(wifi) /system/bin/wificond identical 13 lines
12-23 12:33:41.332   744   744 E wificond: Failed to get NL80211_STA_INFO_CNAHLOAD
12-23 12:33:44.362   744   744 E wificond: Failed to get NL80211_STA_INFO_CNAHLOAD
12-23 12:33:44.369   683  9307 I chatty  : uid=1000(system) Binder:683_17 expire 3 lines
12-23 12:33:44.443   683  1991 I chatty  : uid=1000(system) Binder:683_B expire 7 lines
12-23 12:33:47.386   744   744 E wificond: Failed to get NL80211_STA_INFO_CNAHLOAD
12-23 12:33:53.427   744   744 E wificond: Failed to get NL80211_STA_INFO_CNAHLOAD
12-23 12:33:56.366   683   683 I chatty  : uid=1000 system_server expire 10 lines
12-23 12:33:56.451   744   744 E wificond: Failed to get NL80211_STA_INFO_CNAHLOAD
12-23 12:33:59.470   744   744 E wificond: Failed to get NL80211_STA_INFO_CNAHLOAD
12-23 12:34:02.493   744   744 E wificond: Failed to get NL80211_STA_INFO_CNAHLOAD
12-23 12:34:04.639   744   744 E wificond: Failed to get NL80211_STA_INFO_CNAHLOAD
12-23 12:34:05.513   744   744 E wificond: Failed to get NL80211_STA_INFO_CNAHLOAD
12-23 12:34:14.581   744   744 E wificond: Failed to get NL80211_STA_INFO_CNAHLOAD
12-23 12:34:16.159   493   633 W SocketListener: sending broadcast to Pid = 683, Uid = 1000 
12-23 12:34:16.788   683  1006 I chatty  : uid=1000(system) Binder:683_2 expire 6 lines
12-23 12:34:16.818   493   633 W SocketListener: sending broadcast to Pid = 683, Uid = 1000 
12-23 12:34:16.856   683 10397 I chatty  : uid=1000(system) Binder:683_20 expire 9 lines
12-23 12:34:17.601   744   744 E wificond: Failed to get NL80211_STA_INFO_CNAHLOAD
12-23 12:34:20.623   744   744 E wificond: Failed to get NL80211_STA_INFO_CNAHLOAD
12-23 12:34:29.688   744   744 I chatty  : uid=1010(wifi) /system/bin/wificond identical 12 lines
12-23 12:34:32.713   744   744 E wificond: Failed to get NL80211_STA_INFO_CNAHLOAD
12-23 12:34:35.736   744   744 E wificond: Failed to get NL80211_STA_INFO_CNAHLOAD
12-23 12:34:36.667   744   744 E wificond: Failed to get NL80211_STA_INFO_CNAHLOAD
12-23 12:34:37.378   683  1148 I chatty  : uid=1000(system) android.ui expire 13 lines
12-23 12:34:38.760   744   744 E wificond: Failed to get NL80211_STA_INFO_CNAHLOAD
12-23 12:34:47.822   744   744 E wificond: Failed to get NL80211_STA_INFO_CNAHLOAD
12-23 12:34:50.844   744   744 E wificond: Failed to get NL80211_STA_INFO_CNAHLOAD
12-23 12:34:52.669   744   744 E wificond: Failed to get NL80211_STA_INFO_CNAHLOAD
12-23 12:34:52.675   744   744 I chatty  : uid=1010(wifi) /system/bin/wificond identical 9 lines
12-23 12:34:53.868   744   744 E wificond: Failed to get NL80211_STA_INFO_CNAHLOAD
12-23 12:34:54.046   493   633 W SocketListener: sending broadcast to Pid = 683, Uid = 1000 
12-23 12:34:56.766   683  1148 I chatty  : uid=1000(system) android.ui expire 13 lines
12-23 12:34:56.887   744   744 E wificond: Failed to get NL80211_STA_INFO_CNAHLOAD
12-23 12:34:57.475   493   633 W SocketListener: sending broadcast to Pid = 683, Uid = 1000 
12-23 12:34:59.907   744   744 E wificond: Failed to get NL80211_STA_INFO_CNAHLOAD
12-23 12:35:00.671   744   744 E wificond: Failed to get NL80211_STA_INFO_CNAHLOAD
12-23 12:35:02.926   744   744 E wificond: Failed to get NL80211_STA_INFO_CNAHLOAD
12-23 12:35:05.946   744   744 E wificond: Failed to get NL80211_STA_INFO_CNAHLOAD
12-23 12:35:06.422   683  1403 I chatty  : uid=1000(system) IpManager.wlan0 expire 2 lines
12-23 12:35:06.531   683  1410 I chatty  : uid=1000(system) WifiP2pService expire 6 lines
12-23 12:35:06.540   683 26388 I chatty  : uid=1000(system) DhcpClient expire 7 lines
12-23 12:35:06.574   683  1413 I chatty  : uid=1000(system) ConnectivitySer expire 9 lines
12-23 12:35:06.595   744   744 E wificond: Failed to get NL80211_STA_INFO_CNAHLOAD
12-23 12:35:06.609   683  1393 I chatty  : uid=1000(system) NetdConnector expire 6 lines
12-23 12:35:06.678 12219 12219 W ContextImpl: Calling a method in the system process without a qualified user: android.app.ContextImpl.startService:1656 android.content.ContextWrapper.startService:644 android.content.ContextWrapper.startService:644 com.android.settings.wifi.AccessPointConnectedReceiver.onReceive:28 android.app.ActivityThread.handleReceiver:3695 
12-23 12:35:06.705   683  1146 I chatty  : uid=1000(system) ActivityManager expire 1 line
12-23 12:35:08.673   744   744 E wificond: Failed to get NL80211_STA_INFO_CNAHLOAD
12-23 12:35:21.067   744   744 E wificond: Failed to get NL80211_STA_INFO_CNAHLOAD
12-23 12:35:21.691   683   683 I chatty  : uid=1000 system_server expire 3 lines
12-23 12:35:21.694   683  1365 I chatty  : uid=1000(system) AlarmManager expire 1 line
12-23 12:35:21.725   683   683 I chatty  : uid=1000 system_server expire 23 lines
12-23 12:35:21.728   683  1991 I chatty  : uid=1000(system) Binder:683_B expire 10 lines
12-23 12:35:21.751   683  1142 I chatty  : uid=1000(system) android.bg expire 9 lines
12-23 12:35:21.805   683  1390 I chatty  : uid=1000(system) Binder:683_3 expire 10 lines
12-23 12:35:24.085   744   744 E wificond: Failed to get NL80211_STA_INFO_CNAHLOAD
12-23 12:35:24.689   744   744 E wificond: Failed to get NL80211_STA_INFO_CNAHLOAD
12-23 12:35:24.700   744   744 I chatty  : uid=1010(wifi) /system/bin/wificond identical 11 lines
12-23 12:35:27.100   744   744 E wificond: Failed to get NL80211_STA_INFO_CNAHLOAD
12-23 12:35:27.388   683  1967 I chatty  : uid=1000(system) Binder:683_9 expire 3 lines
12-23 12:35:30.122   744   744 E wificond: Failed to get NL80211_STA_INFO_CNAHLOAD
12-23 12:35:33.141   744   744 E wificond: Failed to get NL80211_STA_INFO_CNAHLOAD
12-23 12:35:34.754   683  1874 I chatty  : uid=1000(system) watchdog expire 10 lines
12-23 12:35:36.161   744   744 E wificond: Failed to get NL80211_STA_INFO_CNAHLOAD
12-23 12:35:38.465   683  9307 I chatty  : uid=1000(system) Binder:683_17 expire 19 lines
12-23 12:35:39.183   744   744 E wificond: Failed to get NL80211_STA_INFO_CNAHLOAD
12-23 12:35:42.207   744   744 E wificond: Failed to get NL80211_STA_INFO_CNAHLOAD
12-23 12:35:45.230   744   744 E wificond: Failed to get NL80211_STA_INFO_CNAHLOAD
12-23 12:35:48.714   744   744 E wificond: Failed to get NL80211_STA_INFO_CNAHLOAD
12-23 12:35:50.302   742   823 E /system/bin/storaged: pid_info get_pids failed
12-23 12:35:51.273   744   744 E wificond: Failed to get NL80211_STA_INFO_CNAHLOAD
12-23 12:35:53.537   493   633 W SocketListener: sending broadcast to Pid = 683, Uid = 1000 
12-23 12:35:53.539   683  1393 I chatty  : uid=1000(system) NetdConnector expire 10 lines
12-23 12:35:53.543   683  1163 I chatty  : uid=1000(system) android.fg expire 8 lines
12-23 12:35:54.294   744   744 E wificond: Failed to get NL80211_STA_INFO_CNAHLOAD
12-23 12:35:56.551   683  7232 I chatty  : uid=1000(system) Binder:683_15 expire 10 lines
12-23 12:35:56.713   744   744 E wificond: Failed to get NL80211_STA_INFO_CNAHLOAD
12-23 12:35:57.315   744   744 E wificond: Failed to get NL80211_STA_INFO_CNAHLOAD
12-23 12:36:00.003   683   683 I chatty  : uid=1000 system_server expire 11 lines
12-23 12:36:00.345   744   744 E wificond: Failed to get NL80211_STA_INFO_CNAHLOAD
12-23 12:36:03.366   744   744 E wificond: Failed to get NL80211_STA_INFO_CNAHLOAD
12-23 12:36:03.406   683  1991 I chatty  : uid=1000(system) Binder:683_B expire 11 lines
12-23 12:36:03.569   493   633 W SocketListener: sending broadcast to Pid = 683, Uid = 1000 
12-23 12:36:03.728   683  1876 I chatty  : uid=1000(system) LocationThread expire 7 lines
12-23 12:36:03.736   683 28887 I chatty  : uid=1000 system_server expire 2 lines
12-23 12:36:03.756   683 28889 I chatty  : uid=1000 system_server expire 1 line
12-23 12:36:03.782   751   751 D libgps  : proxy_gps_inject_location: called.
12-23 12:36:03.914   683 28891 I chatty  : uid=1000 system_server expire 2 lines
12-23 12:36:03.931   683 28892 I chatty  : uid=1000 system_server expire 1 line
12-23 12:36:03.937   751   751 D libgps  : proxy_gps_inject_location: called.
12-23 12:36:04.723   744   744 E wificond: Failed to get NL80211_STA_INFO_CNAHLOAD
12-23 12:36:04.734   744   744 E wificond: Failed to get NL80211_STA_INFO_CNAHLOAD
12-23 12:36:06.389   744   744 E wificond: Failed to get NL80211_STA_INFO_CNAHLOAD
12-23 12:36:12.734   744   744 E wificond: Failed to get NL80211_STA_INFO_CNAHLOAD
12-23 12:36:13.220   683  1352 I chatty  : uid=1000(system) UEventObserver expire 2 lines
12-23 12:36:13.239   683  1146 I chatty  : uid=1000(system) ActivityManager expire 11 lines
12-23 12:36:13.282   683  1152 I chatty  : uid=1000(system) batterystats-sy expire 2 lines
12-23 12:36:15.456   744   744 E wificond: Failed to get NL80211_STA_INFO_CNAHLOAD
12-23 12:36:18.476   744   744 E wificond: Failed to get NL80211_STA_INFO_CNAHLOAD
12-23 12:36:19.667   683  9307 I chatty  : uid=1000(system) Binder:683_17 expire 10 lines
12-23 12:36:19.803  3457 16273 W SettingsEx: SettingsEx.Systemex.getInt deprecated use Settings.System.getInt instead ;callers=com.huawei.recsys.util.SystemUtil.getNotificationUpdateMode:177 com.huawei.recsys.util.SystemUtil.isAllowUpdate:112 com.huawei.recsys.controller.notification.http.NotificationUpdateController.startNotificationUpdate:85 
12-23 12:36:20.724   744   744 E wificond: Failed to get NL80211_STA_INFO_CNAHLOAD
12-23 12:36:20.730   744   744 I chatty  : uid=1010(wifi) /system/bin/wificond identical 12 lines
12-23 12:36:21.494   744   744 E wificond: Failed to get NL80211_STA_INFO_CNAHLOAD
12-23 12:36:24.517   744   744 E wificond: Failed to get NL80211_STA_INFO_CNAHLOAD
12-23 12:36:27.541   744   744 E wificond: Failed to get NL80211_STA_INFO_CNAHLOAD
12-23 12:36:28.741   744   744 E wificond: Failed to get NL80211_STA_INFO_CNAHLOAD
12-23 12:36:30.565   744   744 E wificond: Failed to get NL80211_STA_INFO_CNAHLOAD
12-23 12:36:33.586   744   744 E wificond: Failed to get NL80211_STA_INFO_CNAHLOAD
12-23 12:36:36.608   744   744 E wificond: Failed to get NL80211_STA_INFO_CNAHLOAD
12-23 12:36:39.628   744   744 E wificond: Failed to get NL80211_STA_INFO_CNAHLOAD
12-23 12:36:42.653   744   744 E wificond: Failed to get NL80211_STA_INFO_CNAHLOAD
12-23 12:36:57.771   744   744 E wificond: Failed to get NL80211_STA_INFO_CNAHLOAD
12-23 12:37:00.757   744   744 E wificond: Failed to get NL80211_STA_INFO_CNAHLOAD
12-23 12:37:00.763   744   744 I chatty  : uid=1010(wifi) /system/bin/wificond identical 12 lines
12-23 12:37:00.788   744   744 E wificond: Failed to get NL80211_STA_INFO_CNAHLOAD
12-23 12:37:01.373   683  9307 I chatty  : uid=1000(system) Binder:683_17 expire 14 lines
12-23 12:37:03.808   744   744 E wificond: Failed to get NL80211_STA_INFO_CNAHLOAD
12-23 12:37:06.828   744   744 E wificond: Failed to get NL80211_STA_INFO_CNAHLOAD
12-23 12:37:12.875   744   744 E wificond: Failed to get NL80211_STA_INFO_CNAHLOAD
12-23 12:37:13.760   493   633 W SocketListener: sending broadcast to Pid = 683, Uid = 1000 
12-23 12:37:15.901   744   744 E wificond: Failed to get NL80211_STA_INFO_CNAHLOAD
12-23 12:37:31.015   744   744 E wificond: Failed to get NL80211_STA_INFO_CNAHLOAD
12-23 12:37:31.650   493   633 W SocketListener: sending broadcast to Pid = 683, Uid = 1000 
12-23 12:37:32.776   744   744 E wificond: Failed to get NL80211_STA_INFO_CNAHLOAD
12-23 12:37:32.783   744   744 E wificond: Failed to get NL80211_STA_INFO_CNAHLOAD
12-23 12:37:34.033   744   744 E wificond: Failed to get NL80211_STA_INFO_CNAHLOAD
12-23 12:37:37.054   744   744 E wificond: Failed to get NL80211_STA_INFO_CNAHLOAD
12-23 12:37:43.102   744   744 I chatty  : uid=1010(wifi) /system/bin/wificond identical 10 lines
12-23 12:37:46.126   744   744 E wificond: Failed to get NL80211_STA_INFO_CNAHLOAD
12-23 12:37:48.789   744   744 E wificond: Failed to get NL80211_STA_INFO_CNAHLOAD
12-23 12:37:58.221   744   744 E wificond: Failed to get NL80211_STA_INFO_CNAHLOAD
12-23 12:38:01.244   744   744 E wificond: Failed to get NL80211_STA_INFO_CNAHLOAD
12-23 12:38:01.952   493   633 W SocketListener: sending broadcast to Pid = 683, Uid = 1000 
12-23 12:38:01.971   683  1390 I chatty  : uid=1000(system) Binder:683_3 expire 9 lines
12-23 12:38:04.269   744   744 E wificond: Failed to get NL80211_STA_INFO_CNAHLOAD
12-23 12:38:04.806   744   744 E wificond: Failed to get NL80211_STA_INFO_CNAHLOAD
12-23 12:38:04.813   744   744 I chatty  : uid=1010(wifi) /system/bin/wificond identical 11 lines
12-23 12:38:07.291   744   744 E wificond: Failed to get NL80211_STA_INFO_CNAHLOAD
12-23 12:38:09.145   683  1991 I chatty  : uid=1000(system) Binder:683_B expire 1 line
12-23 12:38:09.149   683   683 I chatty  : uid=1000 system_server expire 11 lines
12-23 12:38:09.241   493   633 W SocketListener: sending broadcast to Pid = 683, Uid = 1000 
12-23 12:38:09.243   683  1393 I chatty  : uid=1000(system) NetdConnector expire 6 lines
12-23 12:38:09.252   683 10382 I chatty  : uid=1000(system) Binder:683_1F expire 14 lines
12-23 12:38:10.312   744   744 E wificond: Failed to get NL80211_STA_INFO_CNAHLOAD
12-23 12:38:11.656   683  9307 I chatty  : uid=1000(system) Binder:683_17 expire 11 lines
12-23 12:38:12.813   744   744 E wificond: Failed to get NL80211_STA_INFO_CNAHLOAD
12-23 12:38:22.398   744   744 E wificond: Failed to get NL80211_STA_INFO_CNAHLOAD
12-23 12:38:25.419   744   744 E wificond: Failed to get NL80211_STA_INFO_CNAHLOAD
12-23 12:38:34.478   744   744 E wificond: Failed to get NL80211_STA_INFO_CNAHLOAD
12-23 12:38:36.829   744   744 E wificond: Failed to get NL80211_STA_INFO_CNAHLOAD
12-23 12:38:44.837   744   744 I chatty  : uid=1010(wifi) /system/bin/wificond identical 11 lines
12-23 12:38:44.846   744   744 E wificond: Failed to get NL80211_STA_INFO_CNAHLOAD
12-23 12:38:46.565   744   744 E wificond: Failed to get NL80211_STA_INFO_CNAHLOAD
12-23 12:38:47.475   683  9307 I chatty  : uid=1000(system) Binder:683_17 expire 8 lines
12-23 12:38:49.587   744   744 E wificond: Failed to get NL80211_STA_INFO_CNAHLOAD
12-23 12:38:58.656   744   744 E wificond: Failed to get NL80211_STA_INFO_CNAHLOAD
12-23 12:39:00.852   744   744 E wificond: Failed to get NL80211_STA_INFO_CNAHLOAD
12-23 12:39:04.697   744   744 E wificond: Failed to get NL80211_STA_INFO_CNAHLOAD
12-23 12:39:07.723   744   744 E wificond: Failed to get NL80211_STA_INFO_CNAHLOAD
12-23 12:39:08.861   744   744 E wificond: Failed to get NL80211_STA_INFO_CNAHLOAD
12-23 12:39:08.869   744   744 E wificond: Failed to get NL80211_STA_INFO_CNAHLOAD
12-23 12:39:10.745   744   744 E wificond: Failed to get NL80211_STA_INFO_CNAHLOAD
12-23 12:39:16.861   744   744 I chatty  : uid=1010(wifi) /system/bin/wificond identical 14 lines
12-23 12:39:16.869   744   744 E wificond: Failed to get NL80211_STA_INFO_CNAHLOAD
12-23 12:39:17.483   683 10382 I chatty  : uid=1000(system) Binder:683_1F expire 4 lines
12-23 12:39:19.816   744   744 E wificond: Failed to get NL80211_STA_INFO_CNAHLOAD
12-23 12:39:19.863   683  7232 I chatty  : uid=1000(system) Binder:683_15 expire 10 lines
12-23 12:39:22.839   744   744 E wificond: Failed to get NL80211_STA_INFO_CNAHLOAD
12-23 12:39:32.885   744   744 E wificond: Failed to get NL80211_STA_INFO_CNAHLOAD
12-23 12:39:34.928   744   744 E wificond: Failed to get NL80211_STA_INFO_CNAHLOAD
12-23 12:39:47.005   744   744 E wificond: Failed to get NL80211_STA_INFO_CNAHLOAD
12-23 12:39:47.487   493   633 W SocketListener: sending broadcast to Pid = 683, Uid = 1000 
12-23 12:39:48.894   744   744 E wificond: Failed to get NL80211_STA_INFO_CNAHLOAD
12-23 12:39:48.903   744   744 E wificond: Failed to get NL80211_STA_INFO_CNAHLOAD
12-23 12:39:50.027   744   744 E wificond: Failed to get NL80211_STA_INFO_CNAHLOAD
12-23 12:39:50.097   493   633 W SocketListener: sending broadcast to Pid = 683, Uid = 1000 
12-23 12:39:51.657  1976  1976 W SettingsEx: SettingsEx.Systemex.getString deprecated use Settings.System.getString instead ;callers=com.android.internal.telephony.gsm.HwCustGsmServiceStateManagerImpl.isMccForShowNetname:213 com.android.internal.telephony.gsm.HwCustGsmServiceStateManagerImpl.isShowNetnameByMcc:204 com.android.internal.telephony.gsm.HwCustGsmServiceStateManagerImpl.setOnsDisplayCustomization:155 
12-23 12:39:53.048   744   744 E wificond: Failed to get NL80211_STA_INFO_CNAHLOAD
12-23 12:39:56.910   744   744 I chatty  : uid=1010(wifi) /system/bin/wificond identical 11 lines
