12-23 14:23:14.604   683  7073 D HwWifiService: binder uid:10023, proxy :false
12-23 14:23:14.604   683  7073 D WifiLockManager: mTempLocks : []
12-23 14:23:14.607   683  7073 D SmartHeartBeat: isPendingPackage, false, pkg:com.android.deskclock, action:com.android.deskclock.ALARM_ALERT,not pending alarm with AlarmClockInfo
12-23 14:23:14.607   683  1146 W BroadcastQueue: Background execution not allowed: receiving Intent { act=android.intent.action.ACTION_POWER_CONNECTED flg=0x4000010 (has extras) } to com.android.browser/com.tencent.mtt.browser.push.service.ConnectivityReceiver
12-23 14:23:14.607   683  1146 V ActivityManager: startProcess: name=com.android.gallery3d app=null knownToBeDead=true thread=null pid=-1
12-23 14:23:14.614   683  1146 I ActivityManager: Start proc 31471:com.android.gallery3d/u0a17 for broadcast com.android.gallery3d/com.huawei.gallery.phonestatus.PowerStateReceiver
12-23 14:23:14.617   683   683 D JobServiceContext: Scheduling time out for '.InstalledAppJobService' jId: 4096, in 18 s
12-23 14:23:14.618   683   683 V ActivityManager: startProcess: name=com.google.android.partnersetup app=null knownToBeDead=true thread=null pid=-1
12-23 14:23:14.621   683  1177 I HwAmbientLuxFilterAlgo: LastScreenBuffer: sumLux=0.0, cntValidData=0, InambientLux=24.0
12-23 14:23:14.622   683  1177 I DisplayPowerController: mPowerRequest.useSmartBacklight : true
12-23 14:23:14.623   683  1177 I DisplayPowerController: mPowerRequest.useSmartBacklight : true
12-23 14:23:14.624   683  7073 W ProcBatteryStats: timer is not running , not stop, name: com.android.phone, uid: 1001, tag: RILJ
12-23 14:23:14.631 31471 31471 D ActivityThread: ActivityThread,attachApplication
12-23 14:23:14.636   683  2975 D WindowManager: finishDrawingWindow: Window{a3c2c9a u0 StatusBar} mDrawState=DRAW_PENDING
12-23 14:23:14.646   683   683 I ActivityManager: Start proc 31500:com.google.android.partnersetup/u0a101 for service com.google.android.partnersetup/.InstalledAppJobService
12-23 14:23:14.647   683   683 D JobServiceContext: Scheduling time out for 'com.android.server.content.SyncJobService' jId: 106019, in 18 s
12-23 14:23:14.647   683  6722 V HwBroadcastQueue: unproxy foreground, moving receivers in Ordered Broadcasts (BroadcastRecord{446c1 u-1 android.intent.action.SCREEN_ON}) to proxyList, Move receivers : [BroadcastFilter{c0c8dd2 u0 ReceiverList{c5d605d 27170 com.UCMobile:push/10175/u0 remote:df90a34}}, BroadcastFilter{49989e4 u0 ReceiverList{c635977 27170 com.UCMobile:push/10175/u0 remote:bc92f76}}]
12-23 14:23:14.648   683  6722 V HwBroadcastQueue: unproxy background, moving receivers in Ordered Broadcasts (BroadcastRecord{caba153 u-1 android.intent.action.ACTION_POWER_CONNECTED}) to proxyList, Move receivers : [ResolveInfo{a015ed8 com.UCMobile/com.pp.assistant.cockroach.CockroachBroadcastReceiver m=0x108000}]
12-23 14:23:14.648   683  2158 D ActivityManager: ActivityManagerService,attachApplication,callingPid = 31471
12-23 14:23:14.649   683  6722 D SmartHeartBeat: setAlarmsPending ...
12-23 14:23:14.655 31500 31500 D ActivityThread: ActivityThread,attachApplication
12-23 14:23:14.656   683   683 D JobServiceContext: Scheduling time out for 'com.android.server.content.SyncJobService' jId: 101886, in 18 s
12-23 14:23:14.656   683   683 D JobServiceContext: Scheduling time out for 'com.huawei.placerecognition.service.PlaceRecognitionService' jId: 3000, in 18 s
12-23 14:23:14.659   683  7073 D ActivityManager: ActivityManagerService,attachApplication,callingPid = 31500
12-23 14:23:14.665   683  1967 W ProcBatteryStats: timer is running , not start, name: com.huawei.android.chr, uid: 1000, tag: CHR_ACK_WL
12-23 14:23:14.669   683  2158 D HwWifiService: binder uid:10175, proxy :false
12-23 14:23:14.669   683  2158 D WifiLockManager: mTempLocks : []
12-23 14:23:14.670   683  1006 D SmartHeartBeat: setAlarmsAdjust ...
12-23 14:23:14.682   683  1967 W ProcBatteryStats: timer is not running , not stop, name: com.android.phone, uid: 1001, tag: RILJ
12-23 14:23:14.699   683  1184 W FingerprintService: onAcquired 1
12-23 14:23:14.699   683  1356 W FingerprintService: onAcquired 2
12-23 14:23:14.699   683  1356 D PickUpWakeScreenManager: isPickupSensorSupport isSensorSupport = true
12-23 14:23:14.781   683  1346 I HwPhoneWindowManager: updateSystemUiColorLw isCoverWindow return Window{4c4ffaf u0 ChargingAnimView}
12-23 14:23:14.781   683  1346 W WindowManager: reset canBeSeen for statusbar when keyguard on
12-23 14:23:14.790   683  1165 I WindowManager: All windows ready for display!
12-23 14:23:14.824   683  1184 W FingerprintService: onAuthenticated 1
12-23 14:23:14.824   683  1356 W FingerprintService: onAuthenticated 2
12-23 14:23:14.826   683  1356 V FingerprintService: onAuthenticated(owner=com.android.systemui, id=1822332036, gp=0)
12-23 14:23:14.833   683  3541 D FingerprintService:  Remaining Num Attempts = 5
12-23 14:23:14.834  1948  3304 D FaceRecognizeService: resetTimeout begin!
12-23 14:23:14.834  1948  2340 E FaceRecognizeService: handleMessage EVT = 1002
12-23 14:23:14.834  1948  2340 D AntiBruteForceProcessor: Reset facerecognize lockout, clearAttemptCounter=true
12-23 14:23:14.853   683  9346 D ActivityManager: keyguardGoingAway flags : 4 callingPid = 1508
12-23 14:23:14.883   683  9990 W ProcBatteryStats: timer is not running , not stop, name: com.huawei.android.chr, uid: 1000, tag: CHR_ACK_WL
12-23 14:23:14.995   683  1942 W HwAlarmManagerService: isContainsAppUidInWorksource-->happend NameNotFoundException
12-23 14:23:14.997   683  9346 V WindowManager: clear UnknownApp for KeyguardGoingAwayTransit
12-23 14:23:15.003   683  6848 D NetdConnector: SND -> {7701 bandwidth gettetherstats}
12-23 14:23:15.003   683  1393 D NetdConnector: RCV <- {200 7701 Tethering stats list completed}
12-23 14:23:15.003   683  1393 D NetdConnector: RCV <- {200 7701 Tethering stats list completed}
12-23 14:23:15.005   683  6848 W NetworkStatsFactory: mStatsXtProcUid: /proc/net/comm/stats does not exist!
12-23 14:23:15.005   683  6848 D HwNetworkStatsService: hwRecordUidAndProcSnapshotLocked currentTime = 1545546195060
12-23 14:23:15.007   683  9346 V WindowManager: No longer Stopped: AppWindowToken{d04998e token=Token{3db9589 ActivityRecord{25f6890 u0 com.huawei.android.launcher/.unihome.UniHomeLauncher t1}}}
12-23 14:23:15.009   683  9346 V WindowManager: notifyAppResumed: wasStopped=true AppWindowToken{d04998e token=Token{3db9589 ActivityRecord{25f6890 u0 com.huawei.android.launcher/.unihome.UniHomeLauncher t1}}}
12-23 14:23:15.013   683  6848 I NetworkStatsFactory: javaReadNetworkStatsUidAndProcDetail. cost time = 7
12-23 14:23:15.023   683  9346 I HwPhoneWindowManager: updateSystemUiColorLw isCoverWindow return Window{4c4ffaf u0 ChargingAnimView}
12-23 14:23:15.024   683  9346 V WindowManager: Checking 1 opening apps (frozen=false timeout=false)...
12-23 14:23:15.024   683  9346 V WindowManager: Check opening app=AppWindowToken{d04998e token=Token{3db9589 ActivityRecord{25f6890 u0 com.huawei.android.launcher/.unihome.UniHomeLauncher t1}}}: allDrawn=false startingDisplayed=false startingMoved=false isRelaunching()=false
12-23 14:23:15.025   683  6848 D HwNetworkStatsService: hwMaybeUidAndProcPersistLocked currentTime = 1545546195060
12-23 14:23:15.028   683  2158 I HwPhoneWindowManager: updateSystemUiColorLw isCoverWindow return Window{4c4ffaf u0 ChargingAnimView}
12-23 14:23:15.028   683  2158 V WindowManager: Checking 1 opening apps (frozen=false timeout=false)...
12-23 14:23:15.029   683  2158 V WindowManager: Check opening app=AppWindowToken{d04998e token=Token{3db9589 ActivityRecord{25f6890 u0 com.huawei.android.launcher/.unihome.UniHomeLauncher t1}}}: allDrawn=false startingDisplayed=false startingMoved=false isRelaunching()=false
12-23 14:23:15.030   683  1148 W Looper  : Dispatch took 422ms on android.ui, h=Handler (com.android.server.am.ActivityManagerService$UiHandler) {68bc7e9} cb=null msg=53
12-23 14:23:15.030   683  8635 W WindowManager: EGLdebug Created surface WindowStateAnimator{7dd2cf7 com.huawei.intelligent.Workspace}
12-23 14:23:15.031   683  8635 I HwPhoneWindowManager: updateSystemUiColorLw isCoverWindow return Window{4c4ffaf u0 ChargingAnimView}
12-23 14:23:15.032   683  8635 V WindowManager: Checking 1 opening apps (frozen=false timeout=false)...
12-23 14:23:15.032   683  8635 V WindowManager: Check opening app=AppWindowToken{d04998e token=Token{3db9589 ActivityRecord{25f6890 u0 com.huawei.android.launcher/.unihome.UniHomeLauncher t1}}}: allDrawn=false startingDisplayed=false startingMoved=false isRelaunching()=false
12-23 14:23:15.034   683  8635 D SmartHeartBeat: setAlarmsAdjust ...
12-23 14:23:15.034   683  8635 D SmartHeartBeat: setAlarmsAdjust ...
12-23 14:23:15.046   683  1356 V FingerprintService: ClientMonitor destroy
12-23 14:23:15.046   683  1356 V FingerprintService: Done with client: com.android.systemui
12-23 14:23:15.049   683  1148 I WindowManager: Finished screen turning on...
12-23 14:23:15.053   683  1177 I DisplayPowerController: mPowerRequest.useSmartBacklight : true
12-23 14:23:15.054   683  1177 I DisplayPowerController: mPowerRequest.useSmartBacklight : true
12-23 14:23:15.054   683  1177 D HwPhoneWindowManager: screenTurnedOn
12-23 14:23:15.054   683  1177 D PickUpWakeScreenManager: mIsPickupSwitchOn = false
12-23 14:23:15.056   683  7073 D WindowManager: finishDrawingWindow: Window{cb20a1b u0 com.huawei.intelligent.Workspace} mDrawState=DRAW_PENDING
12-23 14:23:15.057   683  1482 D LightsService: HighPrecision, Set button brihtness:0, bcaklight brightness:0
12-23 14:23:15.058   683  1346 I HwPhoneWindowManager: updateSystemUiColorLw isCoverWindow return Window{4c4ffaf u0 ChargingAnimView}
12-23 14:23:15.058   683  1177 W PowerManagerService: Screen on took 636 ms
12-23 14:23:15.059   683  1346 V WindowManager: Checking 1 opening apps (frozen=false timeout=false)...
12-23 14:23:15.059   683  1346 V WindowManager: Check opening app=AppWindowToken{d04998e token=Token{3db9589 ActivityRecord{25f6890 u0 com.huawei.android.launcher/.unihome.UniHomeLauncher t1}}}: allDrawn=false startingDisplayed=false startingMoved=false isRelaunching()=false
12-23 14:23:15.062   683  1967 W WindowManager: EGLdebug Created surface WindowStateAnimator{bdd4bb5 com.huawei.android.launcher/com.huawei.android.launcher.unihome.UniHomeLauncher}
12-23 14:23:15.063   683  1967 I HwPhoneWindowManager: updateSystemUiColorLw isCoverWindow return Window{4c4ffaf u0 ChargingAnimView}
12-23 14:23:15.064   683  1967 V WindowManager: Checking 1 opening apps (frozen=false timeout=false)...
12-23 14:23:15.064   683  1967 V WindowManager: Check opening app=AppWindowToken{d04998e token=Token{3db9589 ActivityRecord{25f6890 u0 com.huawei.android.launcher/.unihome.UniHomeLauncher t1}}}: allDrawn=false startingDisplayed=false startingMoved=false isRelaunching()=false
12-23 14:23:15.069  1948  2340 D AntiBruteForceProcessor: resetTotalFailedTimes current total times = 0
12-23 14:23:15.072   683   683 D JobServiceContext: handleServiceBound for d2e7e10 #1000/106019 cn.etouch.ecalendar.account.provider/cn.etouch.ecalendar.account:android
12-23 14:23:15.072   683   683 D JobServiceContext: Scheduling time out for 'com.android.server.content.SyncJobService' jId: 106019, in 8 s
12-23 14:23:15.072   683   683 W ProcBatteryStats: timer is running , not start, name: , uid: 10169, tag: *job*/cn.etouch.ecalendar.account.provider/cn.etouch.ecalendar.account:android
12-23 14:23:15.072   683   683 D JobServiceContext: handleServiceBound for 9e36b0e #1000/101886 cn.etouch.ecalendar.account.provider/cn.etouch.ecalendar.account:android
12-23 14:23:15.072   683   683 D JobServiceContext: Scheduling time out for 'com.android.server.content.SyncJobService' jId: 101886, in 8 s
12-23 14:23:15.074   683   683 D JobServiceContext: handleServiceBound for bec0edf #u0a19/3000 com.huawei.intelligent/com.huawei.placerecognition.service.PlaceRecognitionService
12-23 14:23:15.074   683   683 D JobServiceContext: Scheduling time out for 'com.huawei.placerecognition.service.PlaceRecognitionService' jId: 3000, in 8 s
12-23 14:23:15.075   683   683 D JobServiceContext: handleServiceBound for c2c5374 #u0a101/4096 com.google.android.partnersetup/.InstalledAppJobService
12-23 14:23:15.075   683   683 D JobServiceContext: Scheduling time out for '.InstalledAppJobService' jId: 4096, in 8 s
12-23 14:23:15.075   683  6848 D JobServiceContext: doCallback of : JobStatus{bec0edf #u0a19/3000 com.huawei.intelligent/com.huawei.placerecognition.service.PlaceRecognitionService u=0 s=10019 TIME=none:+14m54s174ms NET=1 PERSISTED READY} v:VERB_STARTING
12-23 14:23:15.075   683  6848 D JobServiceContext: Scheduling time out for 'com.huawei.placerecognition.service.PlaceRecognitionService' jId: 3000, in 600 s
12-23 14:23:15.089   683  1768 D WindowManager: finishDrawingWindow: Window{92c87ed u0 com.huawei.android.launcher/com.huawei.android.launcher.unihome.UniHomeLauncher} mDrawState=DRAW_PENDING
12-23 14:23:15.090   683  1346 I HwPhoneWindowManager: updateSystemUiColorLw isCoverWindow return Window{4c4ffaf u0 ChargingAnimView}
12-23 14:23:15.090   683  1346 V WindowManager: Checking 1 opening apps (frozen=false timeout=false)...
12-23 14:23:15.090   683  1346 V WindowManager: Check opening app=AppWindowToken{d04998e token=Token{3db9589 ActivityRecord{25f6890 u0 com.huawei.android.launcher/.unihome.UniHomeLauncher t1}}}: allDrawn=true startingDisplayed=false startingMoved=false isRelaunching()=false
12-23 14:23:15.091   683  2157 D ConnectivityService: Returning unblocked NetworkInfo to uid=10246
12-23 14:23:15.095   683  1346 I HwPhoneWindowManager: updateSystemUiColorLw isCoverWindow return Window{4c4ffaf u0 ChargingAnimView}
12-23 14:23:15.101  1508  1508 V KeyguardDisplayManager: hide
12-23 14:23:15.102   683  1768 I HwAftPolicyService: notifyKeyguardStateChange, Keyguard state has change to false
12-23 14:23:15.102  1508  1508 V KeyguardViewMediator: updateInputRestrictedLocked 1 isInputApp = false, inputRestricted = false
12-23 14:23:15.107   683  1346 I WindowManager: skip show window when cover added. Target: Window{92c87ed u0 com.huawei.android.launcher/com.huawei.android.launcher.unihome.UniHomeLauncher}
12-23 14:23:15.107   683  1346 I HwPhoneWindowManager: updateSystemUiColorLw isCoverWindow return Window{4c4ffaf u0 ChargingAnimView}
12-23 14:23:15.119   683  1346 I WindowManager: skip show window when cover added. Target: Window{92c87ed u0 com.huawei.android.launcher/com.huawei.android.launcher.unihome.UniHomeLauncher}
12-23 14:23:15.119   683  1346 I HwPhoneWindowManager: updateSystemUiColorLw isCoverWindow return Window{4c4ffaf u0 ChargingAnimView}
12-23 14:23:15.121   683  1942 I WindowManager: skip show window when cover added. Target: Window{92c87ed u0 com.huawei.android.launcher/com.huawei.android.launcher.unihome.UniHomeLauncher}
12-23 14:23:15.121   683  1942 I HwPhoneWindowManager: updateSystemUiColorLw isCoverWindow return Window{4c4ffaf u0 ChargingAnimView}
12-23 14:23:15.126   683  1382 D VoldConnector: SND -> {85 fstrim stoptrim}
12-23 14:23:15.126   683  1382 D VoldConnector: SND -> {85 fstrim stoptrim}
12-23 14:23:15.126   455   463 I vold    : TrimTask running tasks: 0
12-23 14:23:15.127   683  1385 D VoldConnector: RCV <- {200 85 Command succeeded}
12-23 14:23:15.130   683   683 I SyncManager: SyncJobService->onStartJob:put job to map, jobid:106019
12-23 14:23:15.130   683   683 D JobServiceContext: doCallback of : JobStatus{d2e7e10 #1000/106019 cn.etouch.ecalendar.account.provider/cn.etouch.ecalendar.account:android u=0 s=10169 TIME=-3m22s732ms:+1m37s268ms NET=1 PERSISTED READY} v:VERB_STARTING
12-23 14:23:15.130   683   683 D JobServiceContext: Scheduling time out for 'com.android.server.content.SyncJobService' jId: 106019, in 600 s
12-23 14:23:15.130   683   683 I SyncManager: SyncJobService->onStartJob:put job to map, jobid:101886
12-23 14:23:15.130   683   683 D JobServiceContext: doCallback of : JobStatus{9e36b0e #1000/101886 cn.etouch.ecalendar.account.provider/cn.etouch.ecalendar.account:android u=0 s=10169 TIME=-3m22s705ms:+1m37s295ms NET=1 PERSISTED READY} v:VERB_STARTING
12-23 14:23:15.130   683   683 D JobServiceContext: Scheduling time out for 'com.android.server.content.SyncJobService' jId: 101886, in 600 s
12-23 14:23:15.132   683   683 I HwAftPolicyService: call aft hidl keyguard showing state=false
12-23 14:23:15.133   683   683 I WindowManager: notifyAccessibilityButtonVisibilityChanged visible:false
12-23 14:23:15.140   683   683 D HwWifiP2pService: onReceive, action:android.intent.action.SCREEN_ON
12-23 14:23:15.140   683  1410 D WifiP2pService: InactiveState143466
12-23 14:23:15.141   683  1410 E HwWifiP2pService: Unhandled message when=106847893 what=143466 arg1=0 arg2=0
12-23 14:23:15.141   683  1410 D WifiP2pService: P2pEnabledState when=106847893 what=143466 arg1=0 arg2=0
12-23 14:23:15.141   683  1410 D WifiP2pService: DefaultState{ when=0 what=143466 target=com.android.internal.util.StateMachine$SmHandler }
12-23 14:23:15.141   683  1410 D HwWifiP2pService: cancel alarm.
12-23 14:23:15.145   683  6848 D ActivityManager: setLockScreenShown showing : false callingPid = 1508
12-23 14:23:15.148   683  9990 D SmartHeartBeat: isPendingPackage, false, pkg:com.android.deskclock, action:com.android.deskclock.ALARM_ALERT,not pending alarm with AlarmClockInfo
12-23 14:23:15.148   683  1967 I StatusBarManagerService: Disable records remove token DisableRecord{userId=0 pkg=com.android.systemui what1=3200000 what2=0} list: []
12-23 14:23:15.151   683  1146 W BroadcastQueue: Permission Denial: broadcasting Intent { act=android.intent.action.USER_PRESENT flg=0x24000010 } from com.android.systemui (pid=1508, uid=10039) requires com.huawei.wifipro.permission.RECV.WIFI_CONNECTED_CONCURRENTLY due to registered receiver BroadcastFilter{d879bb9 u0 ReceiverList{59be980 683 system/1000/u0 local:fd34603}}
12-23 14:23:15.155   683  1398 I HwAlarmManagerService: hwSetAlarm listenerTag: WifiConnectivityManager Schedule Hour Periodic Scan Timer
12-23 14:23:15.157   683  1142 I SyncManager: dispatchSyncOperation:we are going to sync JobId: 106019, XXXXXXXXX u0 (cn.etouch.ecalendar.account), cn.etouch.ecalendar.account.provider, PERIODIC, reason: Periodic, period: 900000, flexMillis: 36000
12-23 14:23:15.159   683  1768 I HwNetworkPolicy: onTransact, code = 13
12-23 14:23:15.160   683   683 D SmartHeartBeat: isPendingPackage, false, pkg:com.android.deskclock, action:com.android.deskclock.ALARM_ALERT,not pending alarm with AlarmClockInfo
12-23 14:23:15.162   744   744 E wificond: Failed to get NL80211_STA_INFO_CNAHLOAD
12-23 14:23:15.164   683  2157 I WindowManager: skip show window when cover added. Target: Window{92c87ed u0 com.huawei.android.launcher/com.huawei.android.launcher.unihome.UniHomeLauncher}
12-23 14:23:15.164   683  2157 I HwPhoneWindowManager: updateSystemUiColorLw isCoverWindow return Window{4c4ffaf u0 ChargingAnimView}
12-23 14:23:15.171   683  2157 I WindowManager: skip show window when cover added. Target: Window{92c87ed u0 com.huawei.android.launcher/com.huawei.android.launcher.unihome.UniHomeLauncher}
12-23 14:23:15.171   683  2157 I HwPhoneWindowManager: updateSystemUiColorLw isCoverWindow return Window{4c4ffaf u0 ChargingAnimView}
12-23 14:23:15.173   683  2158 D NetdConnector: SND -> {7702 bandwidth gettetherstats}
12-23 14:23:15.173   683  1393 D NetdConnector: RCV <- {200 7702 Tethering stats list completed}
12-23 14:23:15.174   683  1393 D NetdConnector: RCV <- {200 7702 Tethering stats list completed}
12-23 14:23:15.182   683 10193 D JobServiceContext: doCallback of : JobStatus{bec0edf #u0a19/3000 com.huawei.intelligent/com.huawei.placerecognition.service.PlaceRecognitionService u=0 s=10019 TIME=none:+14m54s66ms NET=1 PERSISTED READY} v:VERB_EXECUTING
12-23 14:23:15.184   683  2158 W NetworkStatsFactory: mStatsXtProcUid: /proc/net/comm/stats does not exist!
12-23 14:23:15.185   683  2158 D HwNetworkStatsService: hwRecordUidAndProcSnapshotLocked currentTime = 1545546195230
12-23 14:23:15.185   683 10193 I HwAlarmManagerService: isContainsAppUidInWorksource-->worksource contains app's.uid
12-23 14:23:15.188   683 10193 D SmartHeartBeat: isPendingPackage, false, pkg:com.android.deskclock, action:com.android.deskclock.ALARM_ALERT,not pending alarm with AlarmClockInfo
12-23 14:23:15.189   683 10193 I HwAlarmManagerService: hwSetAlarm listenerTag: *job.delay*
12-23 14:23:15.189   683 10193 I JobScheduler.Time: mNextDelayExpiredElapsedMillis: 142603161
12-23 14:23:15.189   683 10193 W HwAlarmManagerService: isContainsAppUidInWorksource-->happend NameNotFoundException
12-23 14:23:15.191   683 10193 D SmartHeartBeat: isPendingPackage, false, pkg:com.android.deskclock, action:com.android.deskclock.ALARM_ALERT,not pending alarm with AlarmClockInfo
12-23 14:23:15.192   683 10193 I HwAlarmManagerService: hwSetAlarm listenerTag: *job.deadline*
12-23 14:23:15.192   683 10193 I JobScheduler.Time: mNextJobExpiredElapsedMillis: 142003295
12-23 14:23:15.207   683  1142 E SyncManager: Bind attempt failed - target: ComponentInfo{cn.etouch.ecalendar/cn.etouch.ecalendar.keeplive.account.SyncAccountService}
12-23 14:23:15.207   683  2158 I NetworkStatsFactory: javaReadNetworkStatsUidAndProcDetail. cost time = 23
12-23 14:23:15.208   683  2158 D HwNetworkStatsService: hwMaybeUidAndProcPersistLocked currentTime = 1545546195230
12-23 14:23:15.216   683 10212 W HwAlarmManagerService: isContainsAppUidInWorksource-->happend NameNotFoundException
12-23 14:23:15.219   683 10212 D SmartHeartBeat: isPendingPackage, false, pkg:com.android.deskclock, action:com.android.deskclock.ALARM_ALERT,not pending alarm with AlarmClockInfo
12-23 14:23:15.219   683  1142 I SyncManager: SyncJobService->callJobFinished: remove job to map, jobid:106019
12-23 14:23:15.220   683 10212 I HwAlarmManagerService: hwSetAlarm listenerTag: *job.delay*
12-23 14:23:15.220   683 10212 I JobScheduler.Time: mNextDelayExpiredElapsedMillis: 142506112
12-23 14:23:15.221   683  7073 D JobServiceContext: doCallback of : JobStatus{c2c5374 #u0a101/4096 com.google.android.partnersetup/.InstalledAppJobService u=0 s=10101 TIME=-6h15m4s801ms:-6h15m4s801ms READY} v:VERB_STARTING
12-23 14:23:15.240   683  2975 W ProcBatteryStats: timer is not running , not stop, name: com.android.phone, uid: 1001, tag: RILJ_ACK_WL
12-23 14:23:15.250  1976  1976 I Telephony-PstnPhoneCapabilitiesNotifier: handleVideoCapabilitesChanged. Video capability - true
12-23 14:23:15.253   683  1142 I SyncManager: dispatchSyncOperation:we are going to sync JobId: 101886, XXXXXXXXX u0 (cn.etouch.ecalendar.account), cn.etouch.ecalendar.account.provider, PERIODIC, reason: Periodic, period: 900000, flexMillis: 36000
12-23 14:23:15.268   683  2975 D SmartHeartBeat: setAlarmsPending ...
12-23 14:23:15.270   683  1768 D SmartHeartBeat: setAlarmsPending ...
12-23 14:23:15.280   683  9990 D Telecom-PhoneAccountRegistrar: addOrReplacePhoneAccount(ComponentInfo{com.android.phone/com.android.services.telephony.TelephonyConnectionService}, [****], UserHandle{0} -> [[ ] PhoneAccount: ComponentInfo{com.android.phone/com.android.services.telephony.TelephonyConnectionService}, [****], UserHandle{0} Capabilities: Video CallProvider MultiUser PlaceEmerg SimSub  Audio Routes: BESW Schemes: tel voicemail  Extras: null GroupId: [****]])
12-23 14:23:15.280   683  9990 I Telecom-PhoneAccountRegistrar: [ComponentInfo{com.android.phone/com.android.services.telephony.TelephonyConnectionService}, [****], UserHandle{0}(icon: Icon(typ=BITMAP size=72x72) -> Icon(typ=BITMAP size=72x72))]
12-23 14:23:15.286   683  1884 W HwAlarmManagerService: isContainsAppUidInWorksource-->happend NameNotFoundException
12-23 14:23:15.287   683  1142 E SyncManager: Bind attempt failed - target: ComponentInfo{cn.etouch.ecalendar/cn.etouch.ecalendar.keeplive.account.SyncAccountService}
12-23 14:23:15.287   683  1142 I SyncManager: SyncJobService->callJobFinished: remove job to map, jobid:101886
12-23 14:23:15.288   683  2158 D SmartHeartBeat: isPendingPackage, false, pkg:com.android.deskclock, action:com.android.deskclock.ALARM_ALERT,not pending alarm with AlarmClockInfo
12-23 14:23:15.290   683  1967 D SmartHeartBeat: isPendingPackage, false, pkg:com.android.deskclock, action:com.android.deskclock.ALARM_ALERT,not pending alarm with AlarmClockInfo
12-23 14:23:15.300  1976  1976 W SettingsEx: SettingsEx.Systemex.getString deprecated use Settings.System.getString instead ;callers=com.android.internal.telephony.gsm.HwCustGsmServiceStateManagerImpl.isMccForShowNetname:213 com.android.internal.telephony.gsm.HwCustGsmServiceStateManagerImpl.isShowNetnameByMcc:204 com.android.internal.telephony.gsm.HwCustGsmServiceStateManagerImpl.setOnsDisplayCustomization:155 
12-23 14:23:15.309   683  1967 D SmartHeartBeat: isPendingPackage, false, pkg:com.android.deskclock, action:com.android.deskclock.ALARM_ALERT,not pending alarm with AlarmClockInfo
12-23 14:23:15.312   683  2157 D SmartHeartBeat: isPendingPackage, false, pkg:com.android.deskclock, action:com.android.deskclock.ALARM_ALERT,not pending alarm with AlarmClockInfo
12-23 14:23:15.332   683  2158 I ActivityManager: Need to start process com.huawei.hidisk for provider ContentProviderInfo{name=com.huawei.android.cg.albumProvider className=com.huawei.android.cg.provider.AlbumProvider}, callerApp: ProcessRecord{59b2fec 31471:com.android.gallery3d/u0a17}
12-23 14:23:15.332   683  2158 V ActivityManager: startProcess: name=com.huawei.hidisk app=null knownToBeDead=false thread=null pid=-1
12-23 14:23:15.340   683  2158 I ActivityManager: Start proc 31647:com.huawei.hidisk/1001 for content provider com.huawei.hidisk/com.huawei.android.cg.provider.AlbumProvider
12-23 14:23:15.340   683  2158 V ActivityManager_MU: Waiting to start provider ContentProviderRecord{44382e0 u0 com.huawei.hidisk/com.huawei.android.cg.provider.AlbumProvider} launchingApp=ProcessRecord{b17e912 31647:com.huawei.hidisk/1001} caller pid= 31471
12-23 14:23:15.356 31647 31647 D ActivityThread: ActivityThread,attachApplication
12-23 14:23:15.356   683  2152 D ActivityManager: ActivityManagerService,attachApplication,callingPid = 31647
12-23 14:23:15.362   683  1967 W HwAlarmManagerService: isContainsAppUidInWorksource-->happend NameNotFoundException
12-23 14:23:15.421   683  1351 V ActivityManager: Successfully start provider ContentProviderRecord{5363b45 u0 com.android.providers.media/.MediaProvider} launchingApp=ProcessRecord{1d32f89 31426:android.process.media/u0a7} caller pid= 683
12-23 14:23:15.423   683   683 D HwWifiP2pService: onReceive, action:android.intent.action.USER_PRESENT
12-23 14:23:15.423   683  1410 D WifiP2pService: InactiveState143468
12-23 14:23:15.423   683   683 D HwGameAssistantController: isGameForeground? false
12-23 14:23:15.423   683  1410 E HwWifiP2pService: Unhandled message when=106848176 what=143468 arg1=0 arg2=0
12-23 14:23:15.423   683  1410 D WifiP2pService: P2pEnabledState when=106848176 what=143468 arg1=0 arg2=0
12-23 14:23:15.423   683  1410 D WifiP2pService: DefaultState{ when=0 what=143468 target=com.android.internal.util.StateMachine$SmHandler }
12-23 14:23:15.423   683  1410 E HwWifiP2pService: Unhandled message { when=0 what=143468 target=com.android.internal.util.StateMachine$SmHandler }
12-23 14:23:15.423   683   683 D WifiService: onReceive, action:android.intent.action.USER_PRESENT
12-23 14:23:15.424   683   683 I WindowManager: notifyAccessibilityButtonVisibilityChanged visible:false
12-23 14:23:15.425   683  1346 I WindowManager: skip show window when cover added. Target: Window{92c87ed u0 com.huawei.android.launcher/com.huawei.android.launcher.unihome.UniHomeLauncher}
12-23 14:23:15.425   683  1346 I HwPhoneWindowManager: updateSystemUiColorLw isCoverWindow return Window{4c4ffaf u0 ChargingAnimView}
12-23 14:23:15.427   683  1346 I WindowManager: skip show window when cover added. Target: Window{92c87ed u0 com.huawei.android.launcher/com.huawei.android.launcher.unihome.UniHomeLauncher}
12-23 14:23:15.427   683  1346 I HwPhoneWindowManager: updateSystemUiColorLw isCoverWindow return Window{4c4ffaf u0 ChargingAnimView}
12-23 14:23:15.428   683  1967 W BroadcastQueue: Background execution not allowed: receiving Intent { act=android.intent.action.ACTION_POWER_CONNECTED flg=0x4000010 (has extras) } to com.baidu.BaiduMap/com.baidu.android.pushservice.PushServiceReceiver
12-23 14:23:15.431   683   683 D JobServiceContext: Scheduling time out for 'com.taobao.accs.internal.AccsJobService' jId: 2050, in 18 s
12-23 14:23:15.437   683  2152 D SmartHeartBeat: isPendingPackage, false, pkg:com.android.deskclock, action:com.android.deskclock.ALARM_ALERT,not pending alarm with AlarmClockInfo
12-23 14:23:15.439   683   683 I Telecom : TelecomSystem:  onReceive ACTION huawei.intent.action.IMS_SERVICE_STATE_CHANGED
12-23 14:23:15.439   683   683 I Telecom-TelecomImsManager:  updateImsNotificationState sub 0  state REGISTERED
12-23 14:23:15.441   683  2157 W HwAlarmManagerService: isContainsAppUidInWorksource-->happend NameNotFoundException
12-23 14:23:15.441   683  1346 I WindowManager: skip show window when cover added. Target: Window{92c87ed u0 com.huawei.android.launcher/com.huawei.android.launcher.unihome.UniHomeLauncher}
12-23 14:23:15.442   683  1346 I HwPhoneWindowManager: updateSystemUiColorLw isCoverWindow return Window{4c4ffaf u0 ChargingAnimView}
12-23 14:23:15.445   683   683 I Telecom-TelecomImsManager:  isCTCardAndSupportVolte is false
12-23 14:23:15.447   683   683 I Telecom-TelecomImsManager:  clearNoVolteNotification sub 0 hasSend falsefalse
12-23 14:23:15.447   683   683 I Telecom-TelecomImsManager:  clearNoVolteNotification sub 1 hasSend falsefalse
12-23 14:23:15.447   683   683 I Telecom : TelecomSystem:  onReceive ACTION huawei.intent.action.IMS_SERVICE_STATE_CHANGED
12-23 14:23:15.447   683   683 I Telecom-TelecomImsManager:  updateImsNotificationState sub 0  state REGISTERED
12-23 14:23:15.450   683   683 I Telecom-TelecomImsManager:  isCTCardAndSupportVolte is false
12-23 14:23:15.451   683   683 I Telecom-TelecomImsManager:  clearNoVolteNotification sub 0 hasSend falsefalse
12-23 14:23:15.451   683   683 I Telecom-TelecomImsManager:  clearNoVolteNotification sub 1 hasSend falsefalse
12-23 14:23:15.451   683   683 D JobServiceContext: doCallback of : JobStatus{d2e7e10 #1000/106019 cn.etouch.ecalendar.account.provider/cn.etouch.ecalendar.account:android u=0 s=10169 TIME=-3m23s52ms:+1m36s948ms NET=1 PERSISTED READY} v:VERB_EXECUTING
12-23 14:23:15.453   683   683 W HwAlarmManagerService: isContainsAppUidInWorksource-->happend NameNotFoundException
12-23 14:23:15.454   683   683 D SmartHeartBeat: isPendingPackage, false, pkg:com.android.deskclock, action:com.android.deskclock.ALARM_ALERT,not pending alarm with AlarmClockInfo
12-23 14:23:15.455   683   683 I HwAlarmManagerService: hwSetAlarm listenerTag: *job.deadline*
12-23 14:23:15.455   683   683 I JobScheduler.Time: mNextJobExpiredElapsedMillis: 142003322
12-23 14:23:15.456   683   683 D JobServiceContext: doCallback of : JobStatus{9e36b0e #1000/101886 cn.etouch.ecalendar.account.provider/cn.etouch.ecalendar.account:android u=0 s=10169 TIME=-3m23s30ms:+1m36s970ms NET=1 PERSISTED READY} v:VERB_EXECUTING
12-23 14:23:15.456   683   683 W ProcBatteryStats: timer is not running , not stop, name: , uid: 10169, tag: *job*/cn.etouch.ecalendar.account.provider/cn.etouch.ecalendar.account:android
12-23 14:23:15.457   683   683 W HwAlarmManagerService: isContainsAppUidInWorksource-->happend NameNotFoundException
12-23 14:23:15.459   683   683 D SmartHeartBeat: isPendingPackage, false, pkg:com.android.deskclock, action:com.android.deskclock.ALARM_ALERT,not pending alarm with AlarmClockInfo
12-23 14:23:15.460   683   683 I HwAlarmManagerService: hwSetAlarm listenerTag: *job.deadline*
12-23 14:23:15.460   683   683 I JobScheduler.Time: mNextJobExpiredElapsedMillis: 142224276
12-23 14:23:15.463   683   683 D WifiService: onReceive, action:android.intent.action.SCREEN_ON
12-23 14:23:15.468   683   683 D LightsService: HighPrecision, Set button brihtness:0, bcaklight brightness:0
12-23 14:23:15.469   683   683 I EyeProtectionControllerImpl: onReceive intent action = android.intent.action.SCREEN_ON
12-23 14:23:15.473   683  2152 I WindowManager: rotationForOrientationLw(orient=1, last=0); user=0 USER_ROTATION_LOCKED
12-23 14:23:15.473   683  2152 D HwPhoneWindowManager: face_rotation: not enabled,use sensor real
12-23 14:23:15.473   683  2152 D HwPhoneWindowManager: face_rotation:real sensor rotation = -1
12-23 14:23:15.473   683  2152 D HwPhoneWindowManager: face_rotation: rotation = 0
12-23 14:23:15.473   683  2152 I WindowManager: Selected orientation 1, got rotation 0 which has compatible metrics
12-23 14:23:15.474   683  2152 I WindowManager: skip show window when cover added. Target: Window{92c87ed u0 com.huawei.android.launcher/com.huawei.android.launcher.unihome.UniHomeLauncher}
12-23 14:23:15.475   683   683 I WindowManager: notifyAccessibilityButtonVisibilityChanged visible:false
12-23 14:23:15.476   683  1967 D NetdConnector: SND -> {7703 bandwidth gettetherstats}
12-23 14:23:15.476   683  1393 D NetdConnector: RCV <- {200 7703 Tethering stats list completed}
12-23 14:23:15.477   683  1393 D NetdConnector: RCV <- {200 7703 Tethering stats list completed}
12-23 14:23:15.477   683  2152 V WindowManager: removeIfPossible: Window{4c4ffaf u0 ChargingAnimView} callers=com.android.server.wm.WindowState.removeIfPossible:1914 com.android.server.wm.WindowManagerService.removeWindow:2032 com.android.server.wm.Session.remove:218 android.view.IWindowSession$Stub.onTransact:242 com.android.server.wm.Session.onTransact:161 
12-23 14:23:15.477   683  2152 I WindowManager: Destroying surface Surface(name=ChargingAnimView) called by com.android.server.wm.WindowStateAnimator.destroySurface:2072 com.android.server.wm.WindowStateAnimator.destroySurfaceLocked:884 com.android.server.wm.HwWindowStateAnimator.destroySurfaceLocked:1006 com.android.server.wm.WindowState.removeImmediately:1899 com.android.server.wm.WindowState.removeIfPossible:2051 com.android.server.wm.WindowState.removeIfPossible:1914 com.android.server.wm.WindowManagerService.removeWindow:2032 com.android.server.wm.Session.remove:218 
12-23 14:23:15.477   683  2152 V WindowManager: postWindowRemoveCleanupLocked: Window{4c4ffaf u0 ChargingAnimView}
12-23 14:23:15.477   683  2152 V WindowManager: Removing Window{4c4ffaf u0 ChargingAnimView} from WindowToken{e225fbc android.os.BinderProxy@c5d2b8e}
12-23 14:23:15.480   683  1967 W NetworkStatsFactory: mStatsXtProcUid: /proc/net/comm/stats does not exist!
12-23 14:23:15.480   683  1967 D HwNetworkStatsService: hwRecordUidAndProcSnapshotLocked currentTime = 1545546195534
12-23 14:23:15.488   683  1967 I NetworkStatsFactory: javaReadNetworkStatsUidAndProcDetail. cost time = 8
12-23 14:23:15.489   683  1967 D HwNetworkStatsService: hwMaybeUidAndProcPersistLocked currentTime = 1545546195534
12-23 14:23:15.677   683   683 D JobServiceContext: handleServiceBound for cfabe13 #u0a175/2050 com.UCMobile/com.taobao.accs.internal.AccsJobService
12-23 14:23:15.677   683   683 D JobServiceContext: Scheduling time out for 'com.taobao.accs.internal.AccsJobService' jId: 2050, in 8 s
12-23 14:23:15.761   683  2158 V ActivityManager: Successfully start provider ContentProviderRecord{44382e0 u0 com.huawei.hidisk/com.huawei.android.cg.provider.AlbumProvider} launchingApp=ProcessRecord{b17e912 31647:com.huawei.hidisk/1001} caller pid= 31471
12-23 14:23:15.866   683  2158 D SmartHeartBeat: isPendingPackage, false, pkg:com.android.deskclock, action:com.android.deskclock.ALARM_ALERT,not pending alarm with AlarmClockInfo
12-23 14:23:15.912   683  1768 D SmartHeartBeat: isPendingPackage, false, pkg:com.android.deskclock, action:com.android.deskclock.ALARM_ALERT,not pending alarm with AlarmClockInfo
12-23 14:23:15.927   683  2158 W ProcBatteryStats: timer is running , not start, name: android, uid: 1000, tag: dispatcher
12-23 14:23:16.013   683  2158 D ConnectivityService: listenForNetwork for uid/pid:1001/31647 NetworkRequest [ LISTEN id=410, [ Capabilities: INTERNET&NOT_RESTRICTED&TRUSTED&NOT_VPN] ]
12-23 14:23:16.016   683  2157 D SmartHeartBeat: isPendingPackage, false, pkg:com.android.deskclock, action:com.android.deskclock.ALARM_ALERT,not pending alarm with AlarmClockInfo
12-23 14:23:16.016   683  1413 D ConnectivityService: rematching NetworkAgentInfo [WIFI () - 156]
12-23 14:23:16.016   683  1413 D ConnectivityService:  network has: [ Transports: WIFI Capabilities: NOT_METERED&INTERNET&NOT_RESTRICTED&TRUSTED&NOT_VPN&VALIDATED&FOREGROUND LinkUpBandwidth>=1048576Kbps LinkDnBandwidth>=1048576Kbps SignalStrength: -57]
12-23 14:23:16.016   683  1413 D ConnectivityService: Network NetworkAgentInfo [WIFI () - 156] was already satisfying request 1. No change.
12-23 14:23:16.016   683  1413 D ConnectivityService: Network NetworkAgentInfo [WIFI () - 156] was already satisfying request 3. No change.
12-23 14:23:16.016   683  1413 D ConnectivityService: Network NetworkAgentInfo [WIFI () - 156] was already satisfying request 4. No change.
12-23 14:23:16.023   683  1768 V ActivityManager: startProcess: name=com.huawei.android.ds app=null knownToBeDead=true thread=null pid=-1
12-23 14:23:16.033   683  1768 I ActivityManager: Start proc 31767:com.huawei.android.ds/1001 for service com.huawei.hidisk/com.huawei.android.hicloud.sync.service.aidl.SyncObserverService
12-23 14:23:16.048 31767 31767 D ActivityThread: ActivityThread,attachApplication
12-23 14:23:16.049   683  2157 D ActivityManager: ActivityManagerService,attachApplication,callingPid = 31767
12-23 14:23:16.061   683  2157 W HwAlarmManagerService: isContainsAppUidInWorksource-->happend NameNotFoundException
12-23 14:23:16.075   683  2157 D SmartHeartBeat: isPendingPackage, false, pkg:com.android.deskclock, action:com.android.deskclock.ALARM_ALERT,not pending alarm with AlarmClockInfo
12-23 14:23:16.076   683  2157 I HwAlarmManagerService: hwSetAlarm listenerTag: *job.delay*
12-23 14:23:16.076   683  2157 I JobScheduler.Time: mNextDelayExpiredElapsedMillis: 142506127
12-23 14:23:16.077   683  6722 W HwAlarmManagerService: isContainsAppUidInWorksource-->happend NameNotFoundException
12-23 14:23:16.078   683  6722 D SmartHeartBeat: isPendingPackage, false, pkg:com.android.deskclock, action:com.android.deskclock.ALARM_ALERT,not pending alarm with AlarmClockInfo
12-23 14:23:16.079   683  6722 I HwAlarmManagerService: hwSetAlarm listenerTag: *job.delay*
12-23 14:23:16.079   683  6722 I JobScheduler.Time: mNextDelayExpiredElapsedMillis: 142506958
12-23 14:23:16.088   683  6722 D SmartHeartBeat: isPendingPackage, false, pkg:com.android.deskclock, action:com.android.deskclock.ALARM_ALERT,not pending alarm with AlarmClockInfo
12-23 14:23:16.092   683  2152 D SmartHeartBeat: isPendingPackage, false, pkg:com.android.deskclock, action:com.android.deskclock.ALARM_ALERT,not pending alarm with AlarmClockInfo
12-23 14:23:16.122  3457 12721 W ContextImpl: Calling a method in the system process without a qualified user: android.app.ContextImpl.bindService:1736 android.content.ContextWrapper.bindService:678 com.huawei.nb.dataservice.dsclient.RemoteServiceConnection.open:90 com.huawei.nb.dataservice.dsclient.DataServiceProxy.connect:105 com.huawei.nb.dataservice.rsclient.internal.RemoteRuleService.start:27 
12-23 14:23:16.126   683   683 V HwNotificationManagerService: isHwSoundAllow pkg=com.huawei.health, channelId=channel_common_id, userId=0, cfg=3
12-23 14:23:16.128  1798  1811 I ContextImpl: ContextImpl#createApplicationContext pi.resDir is/data/app/com.huawei.health-zWVGnnCpQRKFGYEpjQbyhQ==/base.apk
12-23 14:23:16.131  1508  1508 I ContextImpl: ContextImpl#createApplicationContext pi.resDir is/data/app/com.huawei.health-zWVGnnCpQRKFGYEpjQbyhQ==/base.apk
12-23 14:23:16.138  1508  1508 I ContextImpl: ContextImpl#createApplicationContext pi.resDir is/data/app/com.huawei.health-zWVGnnCpQRKFGYEpjQbyhQ==/base.apk
12-23 14:23:16.140  1508  1760 I ContextImpl: ContextImpl#createApplicationContext pi.resDir is/data/app/com.huawei.health-zWVGnnCpQRKFGYEpjQbyhQ==/base.apk
12-23 14:23:16.185  1508  1508 I ContextImpl: ContextImpl#createApplicationContext pi.resDir is/data/app/com.huawei.health-zWVGnnCpQRKFGYEpjQbyhQ==/base.apk
12-23 14:23:16.187  1508  1508 I ContextImpl: ContextImpl#createApplicationContext pi.resDir is/data/app/com.huawei.health-zWVGnnCpQRKFGYEpjQbyhQ==/base.apk
12-23 14:23:16.193   683  3541 D JobServiceContext: Scheduling time out for 'com.huawei.android.hicloud.commonlib.jobscheduler.HiCloudJobService' jId: 2, in 18 s
12-23 14:23:16.193   683  1768 D SmartHeartBeat: isPendingPackage, false, pkg:com.android.deskclock, action:com.android.deskclock.ALARM_ALERT,not pending alarm with AlarmClockInfo
12-23 14:23:16.202   683  2975 D SmartHeartBeat: isPendingPackage, false, pkg:com.android.deskclock, action:com.android.deskclock.ALARM_ALERT,not pending alarm with AlarmClockInfo
12-23 14:23:16.259   683  7073 D ConnectivityService: listenForNetwork for uid/pid:1001/31767 NetworkRequest [ LISTEN id=411, [ Capabilities: INTERNET&NOT_RESTRICTED&TRUSTED&NOT_VPN] ]
12-23 14:23:16.259   683  1413 D ConnectivityService: rematching NetworkAgentInfo [WIFI () - 156]
12-23 14:23:16.259   683  1413 D ConnectivityService:  network has: [ Transports: WIFI Capabilities: NOT_METERED&INTERNET&NOT_RESTRICTED&TRUSTED&NOT_VPN&VALIDATED&FOREGROUND LinkUpBandwidth>=1048576Kbps LinkDnBandwidth>=1048576Kbps SignalStrength: -57]
12-23 14:23:16.259   683  1413 D ConnectivityService: Network NetworkAgentInfo [WIFI () - 156] was already satisfying request 1. No change.
12-23 14:23:16.259   683  1413 D ConnectivityService: Network NetworkAgentInfo [WIFI () - 156] was already satisfying request 3. No change.
12-23 14:23:16.259   683  1413 D ConnectivityService: Network NetworkAgentInfo [WIFI () - 156] was already satisfying request 4. No change.
12-23 14:23:16.267   683  7073 V BroadcastQueue: Finished with ordered broadcast BroadcastRecord{4733c83 u0 com.igexin.sdk.action.wMjCber5Dw8Qy2mNW81DkA}
12-23 14:23:16.331   683  1146 V BroadcastQueue: Finished with ordered broadcast BroadcastRecord{caba153 u-1 android.intent.action.ACTION_POWER_CONNECTED}
12-23 14:23:16.618   683  1146 W HwBroadcastQueue: current receiver should not report timeout.
12-23 14:23:16.618   683  1768 V BroadcastQueue: Finished with ordered broadcast BroadcastRecord{446c1 u-1 android.intent.action.SCREEN_ON}
12-23 14:23:16.670   683  9685 D JobServiceContext: doCallback of : JobStatus{cfabe13 #u0a175/2050 com.UCMobile/com.taobao.accs.internal.AccsJobService u=0 s=10175 TIME=-4h9m12s312ms:-4h9m12s312ms NET=1 READY} v:VERB_STARTING
12-23 14:23:16.670   683  9685 D JobServiceContext: Scheduling time out for 'com.taobao.accs.internal.AccsJobService' jId: 2050, in 600 s
12-23 14:23:16.671   683  1146 W BroadcastQueue: Permission Denial: broadcasting Intent { act=android.net.conn.CONNECTIVITY_CHANGE flg=0x4000010 (has extras) } from null (pid=-1, uid=-1) requires com.huawei.cg.permission.SERVICE due to registered receiver BroadcastFilter{2a5f6c7 u0 ReceiverList{949b006 31647 com.huawei.hidisk/1001/u0 remote:3759ae1}}
12-23 14:23:16.672   683  1146 W BroadcastQueue: Permission Denial: broadcasting Intent { act=android.intent.action.BATTERY_CHANGED flg=0x60000010 (has extras) } from null (pid=-1, uid=-1) requires com.huawei.cg.permission.SERVICE due to registered receiver BroadcastFilter{2a5f6c7 u0 ReceiverList{949b006 31647 com.huawei.hidisk/1001/u0 remote:3759ae1}}
12-23 14:23:16.673   683  1967 D JobServiceContext: doCallback of : JobStatus{cfabe13 #u0a175/2050 com.UCMobile/com.taobao.accs.internal.AccsJobService u=0 s=10175 TIME=-4h9m12s315ms:-4h9m12s315ms NET=1 READY} v:VERB_EXECUTING
12-23 14:23:16.676   683  1768 V BroadcastQueue: Finished with ordered broadcast BroadcastRecord{f2d6eb u-1 android.net.wifi.supplicant.STATE_CHANGE}
12-23 14:23:16.689   683  1768 V BroadcastQueue: Finished with ordered broadcast BroadcastRecord{9a34c48 u-1 android.intent.action.SCREEN_OFF}
12-23 14:23:16.715   683 10212 V BroadcastQueue: Finished with ordered broadcast BroadcastRecord{6c4e4f4 u-1 android.net.conn.CONNECTIVITY_CHANGE}
12-23 14:23:16.724   683  9685 V BroadcastQueue: Finished with ordered broadcast BroadcastRecord{3b41fb7 u-1 android.net.conn.CONNECTIVITY_CHANGE}
12-23 14:23:16.727   683   683 D JobServiceContext: handleServiceBound for 2736da #1001/2 com.huawei.hidisk/com.huawei.android.hicloud.commonlib.jobscheduler.HiCloudJobService
12-23 14:23:16.727   683   683 D JobServiceContext: Scheduling time out for 'com.huawei.android.hicloud.commonlib.jobscheduler.HiCloudJobService' jId: 2, in 8 s
12-23 14:23:16.741   683  9685 V BroadcastQueue: Finished with ordered broadcast BroadcastRecord{7989d90 u-1 android.net.conn.CONNECTIVITY_CHANGE}
12-23 14:23:16.743   683  9685 V BroadcastQueue: Finished with ordered broadcast BroadcastRecord{cc55c60 u0 com.uc.base.rism.ACTION_RECEIVE_MESSAGE}
12-23 14:23:16.748   683  7073 V BroadcastQueue: Finished with ordered broadcast BroadcastRecord{46dc519 u-1 android.intent.action.SCREEN_OFF}
12-23 14:23:16.750   683  7073 V BroadcastQueue: Finished with ordered broadcast BroadcastRecord{f1ded54 u-1 android.intent.action.SCREEN_OFF}
12-23 14:23:16.751   683  9685 V BroadcastQueue: Finished with ordered broadcast BroadcastRecord{105d4fd u-1 android.intent.action.SCREEN_ON}
12-23 14:23:16.753   683  9685 V BroadcastQueue: Finished with ordered broadcast BroadcastRecord{f0ef5f2 u-1 android.intent.action.SCREEN_ON}
12-23 14:23:16.756   683  1768 D JobServiceContext: doCallback of : JobStatus{2736da #1001/2 com.huawei.hidisk/com.huawei.android.hicloud.commonlib.jobscheduler.HiCloudJobService u=0 s=1001 TIME=-564ms:+59s436ms NET=1 READY} v:VERB_STARTING
12-23 14:23:16.756   683  1768 D JobServiceContext: Scheduling time out for 'com.huawei.android.hicloud.commonlib.jobscheduler.HiCloudJobService' jId: 2, in 600 s
12-23 14:23:16.771   683  2157 V BroadcastQueue: Finished with ordered broadcast BroadcastRecord{e5a8ea8 u0 android.intent.action.USER_PRESENT}
12-23 14:23:16.778   683  2157 V BroadcastQueue: Finished with ordered broadcast BroadcastRecord{1610053 u0 com.pp.assistant.cockroach.ACTION_WAKE_UP}
12-23 14:23:16.787   683  2157 V BroadcastQueue: Finished with ordered broadcast BroadcastRecord{37aa443 u0 com.pp.assistant.cockroach.ACTION_WAKE_UP}
12-23 14:23:16.789   683  1146 W BroadcastQueue: Background execution not allowed: receiving Intent { act=android.intent.action.USER_PRESENT flg=0x24000010 } to com.baidu.BaiduMap/com.baidu.android.pushservice.PushServiceReceiver
12-23 14:23:16.795 12219 12219 W ContextImpl: Calling a method in the system process without a qualified user: android.app.ContextImpl.startService:1656 android.content.ContextWrapper.startService:644 android.content.ContextWrapper.startService:644 com.android.settings.deviceinfo.UsbReceiver.startUsbService:282 com.android.settings.deviceinfo.UsbReceiver.onUsbStateReceive:159 
12-23 14:23:16.798 12219 12219 W ContextImpl: Calling a method in the system process without a qualified user: android.app.ContextImpl.startService:1656 android.content.ContextWrapper.startService:644 android.content.ContextWrapper.startService:644 com.android.settings.deviceinfo.UsbReceiver.startUsbService:282 com.android.settings.deviceinfo.UsbReceiver.onUsbStateReceive:206 
12-23 14:23:16.801   683  1146 V BroadcastQueue: Finished with ordered broadcast BroadcastRecord{ac06c1c u-1 android.hardware.usb.action.USB_STATE}
12-23 14:23:16.981   683  1967 D SmartHeartBeat: isPendingPackage, false, pkg:com.android.deskclock, action:com.android.deskclock.ALARM_ALERT,not pending alarm with AlarmClockInfo
12-23 14:23:17.027   683  2157 W HwAlarmManagerService: isContainsAppUidInWorksource-->happend NameNotFoundException
12-23 14:23:17.041   683  1967 W HwAlarmManagerService: isContainsAppUidInWorksource-->happend NameNotFoundException
12-23 14:23:17.077   683  1768 D SmartHeartBeat: isPendingPackage, false, pkg:com.android.deskclock, action:com.android.deskclock.ALARM_ALERT,not pending alarm with AlarmClockInfo
12-23 14:23:17.105   683 10212 W HwAlarmManagerService: isContainsAppUidInWorksource-->happend NameNotFoundException
12-23 14:23:17.116   683 10212 V BroadcastQueue: Finished with ordered broadcast BroadcastRecord{a10f74c u0 com.pp.assistant.cockroach.ACTION_WAKE_UP}
12-23 14:23:17.124   683  1967 W BroadcastQueue: Background execution not allowed: receiving Intent { act=android.intent.action.USER_PRESENT flg=0x24000010 } to com.amahua.ywofnbfd/com.taobao.accs.EventReceiver
12-23 14:23:17.131   683  1967 W BroadcastQueue: Permission Denial: broadcasting Intent { act=android.intent.action.USER_PRESENT flg=0x24000010 } from com.android.systemui (pid=1508, uid=10039) requires getui.permission.GetuiService.com.sgcc.cs due to receiver com.sgcc.cs/com.igexin.sdk.PushReceiver
12-23 14:23:17.132   683  1146 V BroadcastQueue: Finished with ordered broadcast BroadcastRecord{90e123 u0 android.intent.action.USER_PRESENT}
12-23 14:23:17.133   683  2157 D SmartHeartBeat: isPendingPackage, false, pkg:com.android.deskclock, action:com.android.deskclock.ALARM_ALERT,not pending alarm with AlarmClockInfo
12-23 14:23:17.138   683  2157 V BroadcastQueue: Finished with ordered broadcast BroadcastRecord{abad09b u-1 android.net.wifi.STATE_CHANGE}
12-23 14:23:17.153   683  1967 V BroadcastQueue: Finished with ordered broadcast BroadcastRecord{ffc3c38 u-1 android.intent.action.ACTION_POWER_CONNECTED}
12-23 14:23:17.154   683  2157 W HwAlarmManagerService: isContainsAppUidInWorksource-->happend NameNotFoundException
12-23 14:23:17.158   683  1967 V BroadcastQueue: Finished with ordered broadcast BroadcastRecord{40ee411 u0 com.pp.assistant.cockroach.ACTION_WAKE_UP}
