--------- beginning of system
12-23 11:53:13.873   683  1967 I chatty  : uid=1000(system) Binder:683_9 expire 9 lines
12-23 11:53:14.551   744   744 E wificond: Failed to get NL80211_STA_INFO_CNAHLOAD
12-23 11:53:14.559   744   744 I chatty  : uid=1010(wifi) /system/bin/wificond identical 11 lines
12-23 11:53:14.795  1798  3442 I ContextImpl: ContextImpl#createApplicationContext pi.resDir is/data/app/com.huawei.health-zWVGnnCpQRKFGYEpjQbyhQ==/base.apk
12-23 11:53:14.804  1508  1508 I ContextImpl: ContextImpl#createApplicationContext pi.resDir is/data/app/com.huawei.health-zWVGnnCpQRKFGYEpjQbyhQ==/base.apk
12-23 11:53:14.808  1508  1508 I ContextImpl: ContextImpl#createApplicationContext pi.resDir is/data/app/com.huawei.health-zWVGnnCpQRKFGYEpjQbyhQ==/base.apk
12-23 11:53:14.811  1508  1760 I ContextImpl: ContextImpl#createApplicationContext pi.resDir is/data/app/com.huawei.health-zWVGnnCpQRKFGYEpjQbyhQ==/base.apk
12-23 11:53:14.815  1508  1508 I ContextImpl: ContextImpl#createApplicationContext pi.resDir is/data/app/com.huawei.health-zWVGnnCpQRKFGYEpjQbyhQ==/base.apk
12-23 11:53:14.819  1508  1508 I ContextImpl: ContextImpl#createApplicationContext pi.resDir is/data/app/com.huawei.health-zWVGnnCpQRKFGYEpjQbyhQ==/base.apk
12-23 11:53:15.215   683  1379 I chatty  : uid=1000(system) InputDispatcher expire 7 lines
12-23 11:53:15.316  1798  2200 I HwNetworkPolicyManager: getHwUidPolicy uid = 10056 policy = 0
12-23 11:53:15.319 14638 14638 V ActivityThread: Handle window ActivityRecord{23a9e95 token=android.os.BinderProxy@9f0698a {com.eg.android.AlipayGphone/com.eg.android.AlipayGphone.AlipayLogin}} visibility: false
12-23 11:53:15.324  1508  1535 I CommandQueue: updateBarBgColor
12-23 11:53:15.324  1508  1535 D CommandQueue: CommandQueue, setBarBackgroundColor
12-23 11:53:15.742  1798  3027 I ContextImpl: ContextImpl#createApplicationContext pi.resDir is/data/app/com.huawei.health-zWVGnnCpQRKFGYEpjQbyhQ==/base.apk
12-23 11:53:15.743  1508  1508 I ContextImpl: ContextImpl#createApplicationContext pi.resDir is/data/app/com.huawei.health-zWVGnnCpQRKFGYEpjQbyhQ==/base.apk
12-23 11:53:15.744  1508  1508 I ContextImpl: ContextImpl#createApplicationContext pi.resDir is/data/app/com.huawei.health-zWVGnnCpQRKFGYEpjQbyhQ==/base.apk
12-23 11:53:15.744  1508  1760 I ContextImpl: ContextImpl#createApplicationContext pi.resDir is/data/app/com.huawei.health-zWVGnnCpQRKFGYEpjQbyhQ==/base.apk
12-23 11:53:15.745  1508  1508 I ContextImpl: ContextImpl#createApplicationContext pi.resDir is/data/app/com.huawei.health-zWVGnnCpQRKFGYEpjQbyhQ==/base.apk
12-23 11:53:15.746  1508  1508 I ContextImpl: ContextImpl#createApplicationContext pi.resDir is/data/app/com.huawei.health-zWVGnnCpQRKFGYEpjQbyhQ==/base.apk
12-23 11:53:16.763  1798  6663 I ContextImpl: ContextImpl#createApplicationContext pi.resDir is/data/app/com.huawei.health-zWVGnnCpQRKFGYEpjQbyhQ==/base.apk
12-23 11:53:16.767  1508  1508 I ContextImpl: ContextImpl#createApplicationContext pi.resDir is/data/app/com.huawei.health-zWVGnnCpQRKFGYEpjQbyhQ==/base.apk
12-23 11:53:16.769  1508  1508 I ContextImpl: ContextImpl#createApplicationContext pi.resDir is/data/app/com.huawei.health-zWVGnnCpQRKFGYEpjQbyhQ==/base.apk
12-23 11:53:16.771  1508  1760 I ContextImpl: ContextImpl#createApplicationContext pi.resDir is/data/app/com.huawei.health-zWVGnnCpQRKFGYEpjQbyhQ==/base.apk
12-23 11:53:16.773  1508  1508 I ContextImpl: ContextImpl#createApplicationContext pi.resDir is/data/app/com.huawei.health-zWVGnnCpQRKFGYEpjQbyhQ==/base.apk
12-23 11:53:16.776  1508  1508 I ContextImpl: ContextImpl#createApplicationContext pi.resDir is/data/app/com.huawei.health-zWVGnnCpQRKFGYEpjQbyhQ==/base.apk
12-23 11:53:17.811  1798  6663 I ContextImpl: ContextImpl#createApplicationContext pi.resDir is/data/app/com.huawei.health-zWVGnnCpQRKFGYEpjQbyhQ==/base.apk
12-23 11:53:17.815  1508  1508 I ContextImpl: ContextImpl#createApplicationContext pi.resDir is/data/app/com.huawei.health-zWVGnnCpQRKFGYEpjQbyhQ==/base.apk
12-23 11:53:17.819  1508  1508 I ContextImpl: ContextImpl#createApplicationContext pi.resDir is/data/app/com.huawei.health-zWVGnnCpQRKFGYEpjQbyhQ==/base.apk
12-23 11:53:17.821  1508  1760 I ContextImpl: ContextImpl#createApplicationContext pi.resDir is/data/app/com.huawei.health-zWVGnnCpQRKFGYEpjQbyhQ==/base.apk
12-23 11:53:17.825  1508  1508 I ContextImpl: ContextImpl#createApplicationContext pi.resDir is/data/app/com.huawei.health-zWVGnnCpQRKFGYEpjQbyhQ==/base.apk
12-23 11:53:17.829  1508  1508 I ContextImpl: ContextImpl#createApplicationContext pi.resDir is/data/app/com.huawei.health-zWVGnnCpQRKFGYEpjQbyhQ==/base.apk
12-23 11:53:18.749  1798  6663 I ContextImpl: ContextImpl#createApplicationContext pi.resDir is/data/app/com.huawei.health-zWVGnnCpQRKFGYEpjQbyhQ==/base.apk
12-23 11:53:18.752  1508  1508 I ContextImpl: ContextImpl#createApplicationContext pi.resDir is/data/app/com.huawei.health-zWVGnnCpQRKFGYEpjQbyhQ==/base.apk
12-23 11:53:18.753  1508  1508 I ContextImpl: ContextImpl#createApplicationContext pi.resDir is/data/app/com.huawei.health-zWVGnnCpQRKFGYEpjQbyhQ==/base.apk
12-23 11:53:18.754  1508  1760 I ContextImpl: ContextImpl#createApplicationContext pi.resDir is/data/app/com.huawei.health-zWVGnnCpQRKFGYEpjQbyhQ==/base.apk
12-23 11:53:18.755  1508  1508 I ContextImpl: ContextImpl#createApplicationContext pi.resDir is/data/app/com.huawei.health-zWVGnnCpQRKFGYEpjQbyhQ==/base.apk
12-23 11:53:18.756  1508  1508 I ContextImpl: ContextImpl#createApplicationContext pi.resDir is/data/app/com.huawei.health-zWVGnnCpQRKFGYEpjQbyhQ==/base.apk
12-23 11:53:19.207   683  1876 I chatty  : uid=1000(system) LocationThread expire 6 lines
12-23 11:53:19.212   683 26796 I chatty  : uid=1000 system_server expire 3 lines
12-23 11:53:19.218   683  1482 I chatty  : uid=1000(system) PhotonicModulat expire 476 lines
12-23 11:53:19.261   751   751 D libgps  : proxy_gps_inject_location: called.
12-23 11:53:19.310   683  6722 I chatty  : uid=1000(system) Binder:683_12 expire 12 lines
12-23 11:53:19.315   683  6848 I chatty  : uid=1000(system) Binder:683_13 expire 20 lines
12-23 11:53:19.437   683 26679 I chatty  : uid=1000 system_server expire 3 lines
12-23 11:53:19.502   751   751 D libgps  : proxy_gps_inject_location: called.
12-23 11:53:19.689   683  1966 I chatty  : uid=1000(system) Binder:683_8 expire 16 lines
12-23 11:53:19.775   683  1346 I chatty  : uid=1000(system) android.anim expire 38 lines
12-23 11:53:19.777 26812 26812 D ActivityThread: ActivityThread,attachApplication
12-23 11:53:19.787   683  1942 I chatty  : uid=1000(system) Binder:683_6 expire 13 lines
12-23 11:53:19.790   683  1148 I chatty  : uid=1000(system) android.ui expire 80 lines
12-23 11:53:19.793  1798  2200 I HwNetworkPolicyManager: getHwUidPolicy uid = 10155 policy = 0
12-23 11:53:19.900   683  7232 I chatty  : uid=1000(system) Binder:683_15 expire 18 lines
12-23 11:53:20.856 26812 26812 V ActivityThread: ActivityThread,callActivityOnCreate
12-23 11:53:20.898 26812 26812 D ActivityThread: add activity client record, r= ActivityRecord{7fc38eb token=android.os.BinderProxy@ac5abe5 {com.xunlei.downloadprovider/com.xunlei.downloadprovider.launch.LaunchActivity}} token= android.os.BinderProxy@ac5abe5
12-23 11:53:21.042   683  7073 I chatty  : uid=1000(system) Binder:683_14 expire 38 lines
12-23 11:53:21.146   683  1967 I chatty  : uid=1000(system) Binder:683_9 expire 11 lines
12-23 11:53:21.241 26999 26999 D ActivityThread: ActivityThread,attachApplication
12-23 11:53:21.304 26812 26812 V ActivityThread: ActivityThread,callActivityOnCreate
12-23 11:53:21.366 26812 26812 D ActivityThread: add activity client record, r= ActivityRecord{67bf180 token=android.os.BinderProxy@be4f649 {com.xunlei.downloadprovider/com.xunlei.downloadprovider.loading.LoadingActivity}} token= android.os.BinderProxy@be4f649
12-23 11:53:21.427  1508  1535 I CommandQueue: updateBarBgColor
12-23 11:53:21.428  1508  1535 D CommandQueue: CommandQueue, setBarBackgroundColor
12-23 11:53:21.450   683  1413 I chatty  : uid=1000(system) ConnectivitySer expire 5 lines
12-23 11:53:21.550 26812 26812 D ActivityThread: Remove activity client record, r= ActivityRecord{7fc38eb token=android.os.BinderProxy@ac5abe5 {com.xunlei.downloadprovider/com.xunlei.downloadprovider.launch.LaunchActivity}} token= android.os.BinderProxy@ac5abe5
12-23 11:53:21.599   683  1142 I chatty  : uid=1000(system) android.bg expire 1 line
12-23 11:53:25.820 26812 26812 V ActivityThread: ActivityThread,callActivityOnCreate
12-23 11:53:25.986 26812 26812 D ActivityThread: add activity client record, r= ActivityRecord{5756bac token=android.os.BinderProxy@87c86b6 {com.xunlei.downloadprovider/com.xunlei.downloadprovider.frame.MainTabActivity}} token= android.os.BinderProxy@87c86b6
12-23 11:53:26.204  1508  1535 I CommandQueue: updateBarBgColor
12-23 11:53:26.204  1508  1535 D CommandQueue: CommandQueue, setBarBackgroundColor
12-23 11:53:26.265   683  9307 I chatty  : uid=1000(system) Binder:683_17 expire 60 lines
12-23 11:53:26.870 26812 26812 D ActivityThread: Remove activity client record, r= ActivityRecord{67bf180 token=android.os.BinderProxy@be4f649 {com.xunlei.downloadprovider/com.xunlei.downloadprovider.loading.LoadingActivity}} token= android.os.BinderProxy@be4f649
12-23 11:53:28.430 27245 27245 D ActivityThread: ActivityThread,attachApplication
12-23 11:53:28.510 26812 26812 D ActivityThread: add activity client record, r= ActivityRecord{5672bea token=android.os.BinderProxy@4d628c4 {com.xunlei.downloadprovider/com.xunlei.downloadprovider.download.center.DownloadCenterActivity}} token= android.os.BinderProxy@4d628c4
12-23 11:53:28.528   683 10397 I chatty  : uid=1000(system) Binder:683_20 expire 8 lines
12-23 11:53:28.672  1508  1535 I CommandQueue: updateBarBgColor
12-23 11:53:28.672  1508  1535 D CommandQueue: CommandQueue, setBarBackgroundColor
12-23 11:53:29.674   683  1177 I chatty  : uid=1000(system) PowerManagerSer expire 5 lines
12-23 11:53:30.180   493   635 W SocketListener: sending broadcast to Pid = 683, Uid = 1000 
12-23 11:53:30.181   683  1393 I chatty  : uid=1000(system) NetdConnector expire 6 lines
12-23 11:53:30.184   683  1163 I chatty  : uid=1000(system) android.fg expire 1 line
12-23 11:53:30.194   683  1394 I chatty  : uid=1000(system) NetworkStats expire 5 lines
12-23 11:53:30.699   683  6722 I chatty  : uid=1000(system) Binder:683_12 expire 19 lines
12-23 11:53:30.979   683  1991 I chatty  : uid=1000(system) Binder:683_B expire 3 lines
12-23 11:53:31.007 27431 27431 D ActivityThread: ActivityThread,attachApplication
12-23 11:53:31.447  1948  3304 D FaceRecognizeService: release result val = 0 package = com.android.systemui
12-23 11:53:32.684   744   744 I chatty  : uid=1010(wifi) /system/bin/wificond expire 6 lines
12-23 11:53:33.077   683  9685 I chatty  : uid=1000(system) Binder:683_1A expire 10 lines
12-23 11:53:33.090 26812 26812 V ActivityThread: ActivityThread,callActivityOnCreate
12-23 11:53:33.436 26812 26812 D ActivityThread: add activity client record, r= ActivityRecord{7c857d6 token=android.os.BinderProxy@5310e6 {com.xunlei.downloadprovider/com.xunlei.downloadprovider.vodnew.VodPlayerActivityNew}} token= android.os.BinderProxy@5310e6
12-23 11:53:33.456  1508  1535 I CommandQueue: updateBarBgColor
12-23 11:53:33.456  1508  1535 D CommandQueue: CommandQueue, setBarBackgroundColor
12-23 11:53:34.000   683  7232 I chatty  : uid=1000(system) Binder:683_15 expire 73 lines
12-23 11:53:34.025   683   683 I chatty  : uid=1000 system_server expire 3 lines
12-23 11:53:34.179  3684  3684 I ActivityThread: ActivityThread.handleConfigurationChanged , new config = {1.0 460mcc2mnc [zh_CN_#Hans] ldltr sw360dp w640dp h336dp 480dpi nrml long land finger -keyb/v/h -nav/h appBounds=Rect(0, 0 - 1920, 1080) nonFullScreen=0 suim:1 s.63}, compat = null
12-23 11:53:34.207  3793  3793 I ActivityThread: ActivityThread.handleConfigurationChanged , new config = {1.0 460mcc2mnc [zh_CN_#Hans] ldltr sw360dp w640dp h336dp 480dpi nrml long land finger -keyb/v/h -nav/h appBounds=Rect(0, 0 - 1920, 1080) nonFullScreen=0 suim:1 s.63}, compat = null
12-23 11:53:34.276 17749 17749 I ActivityThread: ActivityThread.handleConfigurationChanged , new config = {1.0 460mcc2mnc [zh_CN_#Hans] ldltr sw360dp w640dp h336dp 480dpi nrml long land finger -keyb/v/h -nav/h appBounds=Rect(0, 0 - 1920, 1080) nonFullScreen=0 suim:1 s.63}, compat = null
12-23 11:53:34.307  3498  3498 I ActivityThread: ActivityThread.handleConfigurationChanged , new config = {1.0 460mcc2mnc [zh_CN_#Hans] ldltr sw360dp w640dp h336dp 480dpi nrml long land finger -keyb/v/h -nav/h appBounds=Rect(0, 0 - 1920, 1080) nonFullScreen=0 suim:1 s.63}, compat = null
12-23 11:53:34.430   683  1967 I chatty  : uid=1000(system) Binder:683_9 expire 16 lines
12-23 11:53:34.471  4826  4826 I ActivityThread: ActivityThread.handleConfigurationChanged , new config = {1.0 460mcc2mnc [zh_CN_#Hans] ldltr sw360dp w640dp h336dp 480dpi nrml long land finger -keyb/v/h -nav/h appBounds=Rect(0, 0 - 1920, 1080) nonFullScreen=0 suim:1 s.63}, compat = null
12-23 11:53:34.487  4839  4839 I ActivityThread: ActivityThread.handleConfigurationChanged , new config = {1.0 460mcc2mnc [zh_CN_#Hans] ldltr sw360dp w640dp h336dp 480dpi nrml long land finger -keyb/v/h -nav/h appBounds=Rect(0, 0 - 1920, 1080) nonFullScreen=0 suim:1 s.63}, compat = null
12-23 11:53:34.553   683  1874 I chatty  : uid=1000(system) watchdog expire 1 line
12-23 11:53:34.787  1798  2920 I ContextImpl: ContextImpl#createApplicationContext pi.resDir is/data/app/com.huawei.health-zWVGnnCpQRKFGYEpjQbyhQ==/base.apk
12-23 11:53:34.898  1508  1508 I ContextImpl: ContextImpl#createApplicationContext pi.resDir is/data/app/com.huawei.health-zWVGnnCpQRKFGYEpjQbyhQ==/base.apk
12-23 11:53:34.900  1508  1508 I ContextImpl: ContextImpl#createApplicationContext pi.resDir is/data/app/com.huawei.health-zWVGnnCpQRKFGYEpjQbyhQ==/base.apk
12-23 11:53:34.900  1508  1760 I ContextImpl: ContextImpl#createApplicationContext pi.resDir is/data/app/com.huawei.health-zWVGnnCpQRKFGYEpjQbyhQ==/base.apk
12-23 11:53:34.900  1508  1508 I ContextImpl: ContextImpl#createApplicationContext pi.resDir is/data/app/com.huawei.health-zWVGnnCpQRKFGYEpjQbyhQ==/base.apk
12-23 11:53:34.912  1508  1508 I ContextImpl: ContextImpl#createApplicationContext pi.resDir is/data/app/com.huawei.health-zWVGnnCpQRKFGYEpjQbyhQ==/base.apk
12-23 11:53:34.958 17681 17681 I ActivityThread: ActivityThread.handleConfigurationChanged , new config = {1.0 460mcc2mnc [zh_CN_#Hans] ldltr sw360dp w640dp h336dp 480dpi nrml long land finger -keyb/v/h -nav/h appBounds=Rect(0, 0 - 1920, 1080) nonFullScreen=0 suim:1 s.63}, compat = null
12-23 11:53:37.041   683  2158 I chatty  : uid=1000(system) Binder:683_E expire 8 lines
12-23 11:53:40.112   683  1482 I chatty  : uid=1000(system) PhotonicModulat expire 179 lines
12-23 11:53:44.176   683  1967 I chatty  : uid=1000(system) Binder:683_9 expire 8 lines
12-23 11:53:44.180   683   683 I chatty  : uid=1000 system_server expire 3 lines
12-23 11:53:44.198   683  1884 I chatty  : uid=1000(system) Binder:683_5 expire 12 lines
12-23 11:53:44.307   683 10397 I chatty  : uid=1000(system) Binder:683_20 expire 1 line
12-23 11:53:44.749   744   744 E wificond: Failed to get NL80211_STA_INFO_CNAHLOAD
12-23 11:53:45.980   683  2158 I chatty  : uid=1000(system) Binder:683_E expire 7 lines
12-23 11:53:46.579   744   744 E wificond: Failed to get NL80211_STA_INFO_CNAHLOAD
12-23 11:53:46.587   744   744 E wificond: Failed to get NL80211_STA_INFO_CNAHLOAD
12-23 11:53:47.770   744   744 E wificond: Failed to get NL80211_STA_INFO_CNAHLOAD
12-23 11:53:50.788   744   744 E wificond: Failed to get NL80211_STA_INFO_CNAHLOAD
12-23 11:53:50.956   683  1482 I chatty  : uid=1000(system) PhotonicModulat expire 615 lines
12-23 11:53:53.809   744   744 E wificond: Failed to get NL80211_STA_INFO_CNAHLOAD
12-23 11:53:54.586   744   744 E wificond: Failed to get NL80211_STA_INFO_CNAHLOAD
12-23 11:53:54.599   744   744 E wificond: Failed to get NL80211_STA_INFO_CNAHLOAD
12-23 11:53:56.832   744   744 E wificond: Failed to get NL80211_STA_INFO_CNAHLOAD
12-23 11:53:59.327   493   633 W SocketListener: sending broadcast to Pid = 683, Uid = 1000 
12-23 11:53:59.331   683  1393 I chatty  : uid=1000(system) NetdConnector expire 4 lines
12-23 11:53:59.334   683  1163 I chatty  : uid=1000(system) android.fg expire 2 lines
12-23 11:53:59.855   744   744 E wificond: Failed to get NL80211_STA_INFO_CNAHLOAD
12-23 11:54:02.598   744   744 E wificond: Failed to get NL80211_STA_INFO_CNAHLOAD
12-23 11:54:02.607   744   744 E wificond: Failed to get NL80211_STA_INFO_CNAHLOAD
12-23 11:54:02.616   683  1482 I chatty  : uid=1000(system) PhotonicModulat expire 68 lines
12-23 11:54:02.873   744   744 E wificond: Failed to get NL80211_STA_INFO_CNAHLOAD
12-23 11:54:03.485   683  1876 I chatty  : uid=1000(system) LocationThread expire 7 lines
12-23 11:54:03.491   683 27664 I chatty  : uid=1000 system_server expire 2 lines
12-23 11:54:03.505   683 27665 I chatty  : uid=1000 system_server expire 1 line
12-23 11:54:03.529   751   751 D libgps  : proxy_gps_inject_location: called.
12-23 11:54:03.574   493   633 W SocketListener: sending broadcast to Pid = 683, Uid = 1000 
12-23 11:54:04.557   683  1874 I chatty  : uid=1000(system) watchdog expire 2 lines
12-23 11:54:04.764   683 27669 I chatty  : uid=1000 system_server expire 2 lines
12-23 11:54:04.772   683 27670 I chatty  : uid=1000 system_server expire 1 line
12-23 11:54:04.782   751   751 D libgps  : proxy_gps_inject_location: called.
12-23 11:54:05.890   744   744 E wificond: Failed to get NL80211_STA_INFO_CNAHLOAD
12-23 11:54:08.911   744   744 E wificond: Failed to get NL80211_STA_INFO_CNAHLOAD
12-23 11:54:09.636   683  1148 I chatty  : uid=1000(system) android.ui expire 26 lines
12-23 11:54:10.601   744   744 E wificond: Failed to get NL80211_STA_INFO_CNAHLOAD
12-23 11:54:10.607   744   744 I chatty  : uid=1010(wifi) /system/bin/wificond identical 12 lines
12-23 11:54:11.932   744   744 E wificond: Failed to get NL80211_STA_INFO_CNAHLOAD
12-23 11:54:13.857  1976  1976 W SettingsEx: SettingsEx.Systemex.getString deprecated use Settings.System.getString instead ;callers=com.android.internal.telephony.gsm.HwCustGsmServiceStateManagerImpl.isMccForShowNetname:213 com.android.internal.telephony.gsm.HwCustGsmServiceStateManagerImpl.isShowNetnameByMcc:204 com.android.internal.telephony.gsm.HwCustGsmServiceStateManagerImpl.setOnsDisplayCustomization:155 
12-23 11:54:14.952   744   744 E wificond: Failed to get NL80211_STA_INFO_CNAHLOAD
12-23 11:54:17.971   744   744 E wificond: Failed to get NL80211_STA_INFO_CNAHLOAD
12-23 11:54:18.615   744   744 E wificond: Failed to get NL80211_STA_INFO_CNAHLOAD
12-23 11:54:20.990   744   744 E wificond: Failed to get NL80211_STA_INFO_CNAHLOAD
12-23 11:54:27.032   744   744 E wificond: Failed to get NL80211_STA_INFO_CNAHLOAD
12-23 11:54:30.056   744   744 E wificond: Failed to get NL80211_STA_INFO_CNAHLOAD
12-23 11:54:33.081   744   744 E wificond: Failed to get NL80211_STA_INFO_CNAHLOAD
12-23 11:54:34.615   744   744 E wificond: Failed to get NL80211_STA_INFO_CNAHLOAD
12-23 11:54:34.624   744   744 E wificond: Failed to get NL80211_STA_INFO_CNAHLOAD
12-23 11:54:36.099   744   744 E wificond: Failed to get NL80211_STA_INFO_CNAHLOAD
12-23 11:54:39.121   744   744 E wificond: Failed to get NL80211_STA_INFO_CNAHLOAD
12-23 11:54:51.192   744   744 E wificond: Failed to get NL80211_STA_INFO_CNAHLOAD
12-23 11:54:54.212   744   744 E wificond: Failed to get NL80211_STA_INFO_CNAHLOAD
12-23 11:54:55.420   683  9307 I chatty  : uid=1000(system) Binder:683_17 expire 3 lines
12-23 11:54:56.326   683  1148 I chatty  : uid=1000(system) android.ui expire 91 lines
12-23 11:54:57.231   744   744 E wificond: Failed to get NL80211_STA_INFO_CNAHLOAD
12-23 11:54:58.637   744   744 E wificond: Failed to get NL80211_STA_INFO_CNAHLOAD
12-23 11:54:58.643   744   744 E wificond: Failed to get NL80211_STA_INFO_CNAHLOAD
12-23 11:55:00.003   683   683 I chatty  : uid=1000 system_server expire 10 lines
12-23 11:55:00.249   744   744 E wificond: Failed to get NL80211_STA_INFO_CNAHLOAD
12-23 11:55:00.306   683  1967 I chatty  : uid=1000(system) Binder:683_9 expire 10 lines
12-23 11:55:03.270   744   744 E wificond: Failed to get NL80211_STA_INFO_CNAHLOAD
12-23 11:55:03.650   683  1146 I chatty  : uid=1000(system) ActivityManager expire 10 lines
12-23 11:55:04.561   683  1874 I chatty  : uid=1000(system) watchdog expire 8 lines
12-23 11:55:06.291   744   744 E wificond: Failed to get NL80211_STA_INFO_CNAHLOAD
12-23 11:55:15.359   744   744 I chatty  : uid=1010(wifi) /system/bin/wificond identical 10 lines
12-23 11:55:18.378   744   744 E wificond: Failed to get NL80211_STA_INFO_CNAHLOAD
12-23 11:55:20.544   493   633 W SocketListener: sending broadcast to Pid = 683, Uid = 1000 
12-23 11:55:20.547   683  1393 I chatty  : uid=1000(system) NetdConnector expire 10 lines
12-23 11:55:20.552   683  1163 I chatty  : uid=1000(system) android.fg expire 9 lines
12-23 11:55:20.564   683  9307 I chatty  : uid=1000(system) Binder:683_17 expire 11 lines
12-23 11:55:21.403   744   744 E wificond: Failed to get NL80211_STA_INFO_CNAHLOAD
12-23 11:55:22.660   744   744 E wificond: Failed to get NL80211_STA_INFO_CNAHLOAD
12-23 11:55:23.195   493   633 W SocketListener: sending broadcast to Pid = 683, Uid = 1000 
12-23 11:55:24.418   744   744 E wificond: Failed to get NL80211_STA_INFO_CNAHLOAD
12-23 11:55:27.440   744   744 E wificond: Failed to get NL80211_STA_INFO_CNAHLOAD
12-23 11:55:27.849   683  1884 I chatty  : uid=1000(system) Binder:683_5 expire 10 lines
12-23 11:55:30.461   744   744 E wificond: Failed to get NL80211_STA_INFO_CNAHLOAD
12-23 11:55:33.488   744   744 E wificond: Failed to get NL80211_STA_INFO_CNAHLOAD
12-23 11:55:36.511   744   744 E wificond: Failed to get NL80211_STA_INFO_CNAHLOAD
12-23 11:55:46.682   744   744 I chatty  : uid=1010(wifi) /system/bin/wificond identical 11 lines
12-23 11:55:48.602   744   744 E wificond: Failed to get NL80211_STA_INFO_CNAHLOAD
12-23 11:55:51.326   493   633 W SocketListener: sending broadcast to Pid = 683, Uid = 1000 
12-23 11:55:51.620   744   744 E wificond: Failed to get NL80211_STA_INFO_CNAHLOAD
12-23 11:55:54.679   744   744 E wificond: Failed to get NL80211_STA_INFO_CNAHLOAD
12-23 11:55:55.212   493   633 W SocketListener: sending broadcast to Pid = 683, Uid = 1000 
12-23 11:55:57.663   744   744 E wificond: Failed to get NL80211_STA_INFO_CNAHLOAD
12-23 11:56:00.680   744   744 E wificond: Failed to get NL80211_STA_INFO_CNAHLOAD
12-23 11:56:03.701   744   744 E wificond: Failed to get NL80211_STA_INFO_CNAHLOAD
12-23 11:56:06.727   744   744 E wificond: Failed to get NL80211_STA_INFO_CNAHLOAD
12-23 11:56:10.698   744   744 I chatty  : uid=1010(wifi) /system/bin/wificond identical 22 lines
12-23 11:56:12.779   744   744 E wificond: Failed to get NL80211_STA_INFO_CNAHLOAD
12-23 11:56:13.150   493   633 W SocketListener: sending broadcast to Pid = 683, Uid = 1000 
12-23 11:56:13.163   683  2158 I chatty  : uid=1000(system) Binder:683_E expire 4 lines
12-23 11:56:15.799   744   744 E wificond: Failed to get NL80211_STA_INFO_CNAHLOAD
12-23 11:56:18.816   744   744 E wificond: Failed to get NL80211_STA_INFO_CNAHLOAD
12-23 11:56:21.321   493   633 W SocketListener: sending broadcast to Pid = 683, Uid = 1000 
12-23 11:56:21.324   683  1393 I chatty  : uid=1000(system) NetdConnector expire 12 lines
12-23 11:56:21.836   744   744 E wificond: Failed to get NL80211_STA_INFO_CNAHLOAD
12-23 11:56:27.879   744   744 E wificond: Failed to get NL80211_STA_INFO_CNAHLOAD
12-23 11:56:29.412   683  1352 I chatty  : uid=1000(system) UEventObserver expire 2 lines
12-23 11:56:29.469   683  1152 I chatty  : uid=1000(system) batterystats-sy expire 2 lines
12-23 11:56:30.901   744   744 E wificond: Failed to get NL80211_STA_INFO_CNAHLOAD
12-23 11:56:33.920   744   744 E wificond: Failed to get NL80211_STA_INFO_CNAHLOAD
12-23 11:56:34.713   744   744 E wificond: Failed to get NL80211_STA_INFO_CNAHLOAD
12-23 11:56:58.738   744   744 E wificond: Failed to get NL80211_STA_INFO_CNAHLOAD
12-23 11:57:01.124   744   744 E wificond: Failed to get NL80211_STA_INFO_CNAHLOAD
12-23 11:57:01.600   493   633 W SocketListener: sending broadcast to Pid = 683, Uid = 1000 
12-23 11:57:02.982   493   633 W SocketListener: sending broadcast to Pid = 683, Uid = 1000 
12-23 11:57:04.141   744   744 E wificond: Failed to get NL80211_STA_INFO_CNAHLOAD
12-23 11:57:05.164   683  1967 I chatty  : uid=1000(system) Binder:683_9 expire 16 lines
12-23 11:57:06.735   744   744 E wificond: Failed to get NL80211_STA_INFO_CNAHLOAD
12-23 11:57:06.742   744   744 E wificond: Failed to get NL80211_STA_INFO_CNAHLOAD
12-23 11:57:07.155   744   744 E wificond: Failed to get NL80211_STA_INFO_CNAHLOAD
12-23 11:57:10.185   744   744 E wificond: Failed to get NL80211_STA_INFO_CNAHLOAD
12-23 11:57:16.228   744   744 I chatty  : uid=1010(wifi) /system/bin/wificond identical 11 lines
12-23 11:57:19.252   744   744 E wificond: Failed to get NL80211_STA_INFO_CNAHLOAD
12-23 11:57:19.258   683  1413 I chatty  : uid=1000(system) ConnectivitySer expire 18 lines
12-23 11:57:19.303   683  1398 I chatty  : uid=1000(system) WifiStateMachin expire 4 lines
12-23 11:57:19.325   683  1408 I chatty  : uid=1000(system) WifiScanningSer expire 2 lines
12-23 11:57:21.629   493   634 W SocketListener: sending broadcast to Pid = 683, Uid = 1000 
12-23 11:57:22.276   744   744 E wificond: Failed to get NL80211_STA_INFO_CNAHLOAD
12-23 11:57:22.755   744   744 E wificond: Failed to get NL80211_STA_INFO_CNAHLOAD
12-23 11:57:23.724   683  1967 I chatty  : uid=1000(system) Binder:683_9 expire 4 lines
12-23 11:57:25.299   744   744 E wificond: Failed to get NL80211_STA_INFO_CNAHLOAD
12-23 11:57:34.364   744   744 E wificond: Failed to get NL80211_STA_INFO_CNAHLOAD
12-23 11:57:35.259   683  9307 I chatty  : uid=1000(system) Binder:683_17 expire 12 lines
12-23 11:57:35.300   683  1884 I chatty  : uid=1000(system) Binder:683_5 expire 10 lines
12-23 11:57:37.389   744   744 E wificond: Failed to get NL80211_STA_INFO_CNAHLOAD
12-23 11:57:38.756   744   744 E wificond: Failed to get NL80211_STA_INFO_CNAHLOAD
12-23 11:57:43.432   744   744 E wificond: Failed to get NL80211_STA_INFO_CNAHLOAD
12-23 11:57:46.455   744   744 E wificond: Failed to get NL80211_STA_INFO_CNAHLOAD
12-23 11:57:55.525   744   744 I chatty  : uid=1010(wifi) /system/bin/wificond identical 13 lines
12-23 11:57:58.554   744   744 E wificond: Failed to get NL80211_STA_INFO_CNAHLOAD
12-23 11:58:00.004   683   683 I chatty  : uid=1000 system_server expire 16 lines
12-23 11:58:01.576   744   744 E wificond: Failed to get NL80211_STA_INFO_CNAHLOAD
12-23 11:58:02.789   744   744 E wificond: Failed to get NL80211_STA_INFO_CNAHLOAD
12-23 11:58:04.597   744   744 E wificond: Failed to get NL80211_STA_INFO_CNAHLOAD
12-23 11:58:07.625   744   744 E wificond: Failed to get NL80211_STA_INFO_CNAHLOAD
12-23 11:58:09.150   683  1146 I chatty  : uid=1000(system) ActivityManager expire 2 lines
12-23 11:58:09.207   683  7232 I chatty  : uid=1000(system) Binder:683_15 expire 8 lines
12-23 11:58:09.232   683 10397 I chatty  : uid=1000(system) Binder:683_20 expire 6 lines
12-23 11:58:10.646   744   744 E wificond: Failed to get NL80211_STA_INFO_CNAHLOAD
12-23 11:58:10.794   744   744 E wificond: Failed to get NL80211_STA_INFO_CNAHLOAD
12-23 11:58:11.598   683  1884 I chatty  : uid=1000(system) Binder:683_5 expire 8 lines
12-23 11:58:13.663   744   744 E wificond: Failed to get NL80211_STA_INFO_CNAHLOAD
12-23 11:58:22.734   744   744 E wificond: Failed to get NL80211_STA_INFO_CNAHLOAD
12-23 11:58:25.754   744   744 E wificond: Failed to get NL80211_STA_INFO_CNAHLOAD
12-23 11:58:26.810   744   744 I chatty  : uid=1010(wifi) /system/bin/wificond identical 5 lines
12-23 11:58:28.777   744   744 E wificond: Failed to get NL80211_STA_INFO_CNAHLOAD
12-23 11:58:31.803   744   744 E wificond: Failed to get NL80211_STA_INFO_CNAHLOAD
12-23 11:58:34.804   744   744 E wificond: Failed to get NL80211_STA_INFO_CNAHLOAD
12-23 11:58:34.833   744   744 E wificond: Failed to get NL80211_STA_INFO_CNAHLOAD
12-23 11:58:37.857   744   744 E wificond: Failed to get NL80211_STA_INFO_CNAHLOAD
12-23 11:58:40.883   744   744 E wificond: Failed to get NL80211_STA_INFO_CNAHLOAD
12-23 11:58:43.904   744   744 E wificond: Failed to get NL80211_STA_INFO_CNAHLOAD
12-23 11:58:44.030   683  1394 I chatty  : uid=1000(system) NetworkStats expire 7 lines
12-23 11:58:46.926   744   744 E wificond: Failed to get NL80211_STA_INFO_CNAHLOAD
12-23 11:58:49.945   744   744 E wificond: Failed to get NL80211_STA_INFO_CNAHLOAD
12-23 11:58:50.561   683 10397 I chatty  : uid=1000(system) Binder:683_20 expire 10 lines
12-23 11:58:50.819   744   744 E wificond: Failed to get NL80211_STA_INFO_CNAHLOAD
12-23 11:58:50.825   744   744 E wificond: Failed to get NL80211_STA_INFO_CNAHLOAD
12-23 11:58:52.967   744   744 E wificond: Failed to get NL80211_STA_INFO_CNAHLOAD
12-23 11:58:54.465   683  1884 I chatty  : uid=1000(system) Binder:683_5 expire 4 lines
12-23 11:58:55.991   744   744 E wificond: Failed to get NL80211_STA_INFO_CNAHLOAD
12-23 11:58:58.837   744   744 I chatty  : uid=1010(wifi) /system/bin/wificond identical 10 lines
12-23 11:58:59.011   744   744 E wificond: Failed to get NL80211_STA_INFO_CNAHLOAD
12-23 11:59:00.003   683   683 I chatty  : uid=1000 system_server expire 10 lines
12-23 11:59:02.035   744   744 E wificond: Failed to get NL80211_STA_INFO_CNAHLOAD
12-23 11:59:02.087   683  1146 I chatty  : uid=1000(system) ActivityManager expire 10 lines
12-23 11:59:04.579   683  1874 I chatty  : uid=1000(system) watchdog expire 9 lines
12-23 11:59:05.057   744   744 E wificond: Failed to get NL80211_STA_INFO_CNAHLOAD
12-23 11:59:06.646   683  1148 I chatty  : uid=1000(system) android.ui expire 13 lines
12-23 11:59:06.838   744   744 E wificond: Failed to get NL80211_STA_INFO_CNAHLOAD
12-23 11:59:14.852   744   744 E wificond: Failed to get NL80211_STA_INFO_CNAHLOAD
12-23 11:59:16.723   683  7232 I chatty  : uid=1000(system) Binder:683_15 expire 12 lines
12-23 11:59:17.163   744   744 E wificond: Failed to get NL80211_STA_INFO_CNAHLOAD
12-23 11:59:19.034   683 10397 I chatty  : uid=1000(system) Binder:683_20 expire 10 lines
12-23 11:59:20.186   744   744 E wificond: Failed to get NL80211_STA_INFO_CNAHLOAD
12-23 11:59:22.855   744   744 E wificond: Failed to get NL80211_STA_INFO_CNAHLOAD
12-23 11:59:29.254   744   744 E wificond: Failed to get NL80211_STA_INFO_CNAHLOAD
12-23 11:59:30.862   744   744 E wificond: Failed to get NL80211_STA_INFO_CNAHLOAD
12-23 11:59:30.870   744   744 I chatty  : uid=1010(wifi) /system/bin/wificond identical 12 lines
12-23 11:59:32.282   744   744 E wificond: Failed to get NL80211_STA_INFO_CNAHLOAD
12-23 11:59:35.298   744   744 E wificond: Failed to get NL80211_STA_INFO_CNAHLOAD
12-23 11:59:47.388   744   744 E wificond: Failed to get NL80211_STA_INFO_CNAHLOAD
12-23 11:59:47.747   683  2158 I chatty  : uid=1000(system) Binder:683_E expire 13 lines
12-23 11:59:48.272   683  1177 I chatty  : uid=1000(system) PowerManagerSer expire 19 lines
12-23 11:59:48.312   683  1482 I chatty  : uid=1000(system) PhotonicModulat expire 83 lines
12-23 11:59:50.326   683  1148 I chatty  : uid=1000(system) android.ui expire 13 lines
12-23 11:59:50.411   744   744 E wificond: Failed to get NL80211_STA_INFO_CNAHLOAD
12-23 11:59:59.479   744   744 E wificond: Failed to get NL80211_STA_INFO_CNAHLOAD
12-23 12:00:00.289  3457  7607 W ContextImpl: Calling a method in the system process without a qualified user: android.app.ContextImpl.bindService:1736 android.content.ContextWrapper.bindService:678 com.huawei.nb.dataservice.dsclient.RemoteServiceConnection.open:90 com.huawei.nb.dataservice.dsclient.DataServiceProxy.connect:105 com.huawei.nb.dataservice.rsclient.internal.RemoteRuleService.start:27 
12-23 12:00:00.336  3457 10624 W ContextImpl: Calling a method in the system process without a qualified user: android.app.ContextImpl.bindService:1736 android.content.ContextWrapper.bindService:678 com.huawei.nb.dataservice.dsclient.RemoteServiceConnection.open:90 com.huawei.nb.dataservice.dsclient.DataServiceProxy.connect:105 com.huawei.nb.dataservice.rsclient.internal.RemoteRuleService.start:27 
12-23 12:00:01.273   683  1390 I chatty  : uid=1000(system) Binder:683_3 expire 6 lines
12-23 12:00:01.273   683   683 I chatty  : uid=1000 system_server expire 11 lines
12-23 12:00:02.500   744   744 E wificond: Failed to get NL80211_STA_INFO_CNAHLOAD
12-23 12:00:02.885   744   744 I chatty  : uid=1010(wifi) /system/bin/wificond identical 15 lines
12-23 12:00:02.892   744   744 E wificond: Failed to get NL80211_STA_INFO_CNAHLOAD
12-23 12:00:05.524   744   744 E wificond: Failed to get NL80211_STA_INFO_CNAHLOAD
12-23 12:00:32.732   744   744 E wificond: Failed to get NL80211_STA_INFO_CNAHLOAD
12-23 12:00:33.967   683  9307 I chatty  : uid=1000(system) Binder:683_17 expire 20 lines
12-23 12:00:34.911   744   744 E wificond: Failed to get NL80211_STA_INFO_CNAHLOAD
12-23 12:00:34.916   744   744 I chatty  : uid=1010(wifi) /system/bin/wificond identical 12 lines
12-23 12:00:35.752   744   744 E wificond: Failed to get NL80211_STA_INFO_CNAHLOAD
12-23 12:00:38.780   744   744 E wificond: Failed to get NL80211_STA_INFO_CNAHLOAD
12-23 12:00:41.800   744   744 E wificond: Failed to get NL80211_STA_INFO_CNAHLOAD
12-23 12:00:59.929   744   744 E wificond: Failed to get NL80211_STA_INFO_CNAHLOAD
12-23 12:01:02.951   744   744 E wificond: Failed to get NL80211_STA_INFO_CNAHLOAD
12-23 12:01:05.973   744   744 E wificond: Failed to get NL80211_STA_INFO_CNAHLOAD
12-23 12:01:06.757   683  9307 I chatty  : uid=1000(system) Binder:683_17 expire 9 lines
12-23 12:01:06.921   744   744 E wificond: Failed to get NL80211_STA_INFO_CNAHLOAD
12-23 12:01:06.930   744   744 E wificond: Failed to get NL80211_STA_INFO_CNAHLOAD
12-23 12:01:08.896   493   633 W SocketListener: sending broadcast to Pid = 683, Uid = 1000 
12-23 12:01:08.898   683  1393 I chatty  : uid=1000(system) NetdConnector expire 8 lines
12-23 12:01:08.904   683  1163 I chatty  : uid=1000(system) android.fg expire 4 lines
12-23 12:01:08.989   744   744 E wificond: Failed to get NL80211_STA_INFO_CNAHLOAD
12-23 12:01:09.862   683  1352 I chatty  : uid=1000(system) UEventObserver expire 2 lines
12-23 12:01:09.894   683  1152 I chatty  : uid=1000(system) batterystats-sy expire 2 lines
12-23 12:01:09.993   683  1146 I chatty  : uid=1000(system) ActivityManager expire 5 lines
12-23 12:01:12.008   744   744 E wificond: Failed to get NL80211_STA_INFO_CNAHLOAD
12-23 12:01:30.954   744   744 I chatty  : uid=1010(wifi) /system/bin/wificond identical 12 lines
12-23 12:01:33.155   744   744 E wificond: Failed to get NL80211_STA_INFO_CNAHLOAD
12-23 12:01:36.177   744   744 E wificond: Failed to get NL80211_STA_INFO_CNAHLOAD
12-23 12:01:36.684   493   633 W SocketListener: sending broadcast to Pid = 683, Uid = 1000 
12-23 12:01:36.699   683 10397 I chatty  : uid=1000(system) Binder:683_20 expire 6 lines
12-23 12:01:38.955   744   744 E wificond: Failed to get NL80211_STA_INFO_CNAHLOAD
12-23 12:01:38.964   744   744 E wificond: Failed to get NL80211_STA_INFO_CNAHLOAD
12-23 12:01:39.195   744   744 E wificond: Failed to get NL80211_STA_INFO_CNAHLOAD
12-23 12:01:41.207   683  1148 I chatty  : uid=1000(system) android.ui expire 13 lines
12-23 12:01:42.224   744   744 E wificond: Failed to get NL80211_STA_INFO_CNAHLOAD
12-23 12:01:51.294   744   744 I chatty  : uid=1010(wifi) /system/bin/wificond identical 10 lines
12-23 12:01:54.315   744   744 E wificond: Failed to get NL80211_STA_INFO_CNAHLOAD
12-23 12:01:54.335   493   633 W SocketListener: sending broadcast to Pid = 683, Uid = 1000 
12-23 12:01:54.354   683  7232 I chatty  : uid=1000(system) Binder:683_15 expire 5 lines
12-23 12:01:54.971   744   744 E wificond: Failed to get NL80211_STA_INFO_CNAHLOAD
12-23 12:01:57.337   744   744 E wificond: Failed to get NL80211_STA_INFO_CNAHLOAD
12-23 12:02:00.004   683   683 I chatty  : uid=1000 system_server expire 4 lines
12-23 12:02:00.357   744   744 E wificond: Failed to get NL80211_STA_INFO_CNAHLOAD
12-23 12:02:03.381   744   744 E wificond: Failed to get NL80211_STA_INFO_CNAHLOAD
12-23 12:02:06.402   744   744 E wificond: Failed to get NL80211_STA_INFO_CNAHLOAD
12-23 12:02:10.995   744   744 E wificond: Failed to get NL80211_STA_INFO_CNAHLOAD
12-23 12:02:12.454   744   744 E wificond: Failed to get NL80211_STA_INFO_CNAHLOAD
12-23 12:02:13.883   683  1967 I chatty  : uid=1000(system) Binder:683_9 expire 10 lines
12-23 12:02:15.476   744   744 E wificond: Failed to get NL80211_STA_INFO_CNAHLOAD
12-23 12:02:19.002   744   744 I chatty  : uid=1010(wifi) /system/bin/wificond identical 12 lines
12-23 12:02:21.525   744   744 E wificond: Failed to get NL80211_STA_INFO_CNAHLOAD
12-23 12:02:21.737   493   633 W SocketListener: sending broadcast to Pid = 683, Uid = 1000 
12-23 12:02:24.548   744   744 E wificond: Failed to get NL80211_STA_INFO_CNAHLOAD
12-23 12:02:33.633   744   744 E wificond: Failed to get NL80211_STA_INFO_CNAHLOAD
12-23 12:02:35.003   744   744 E wificond: Failed to get NL80211_STA_INFO_CNAHLOAD
12-23 12:02:43.019   744   744 E wificond: Failed to get NL80211_STA_INFO_CNAHLOAD
12-23 12:02:45.720   744   744 E wificond: Failed to get NL80211_STA_INFO_CNAHLOAD
12-23 12:02:48.750   744   744 E wificond: Failed to get NL80211_STA_INFO_CNAHLOAD
12-23 12:02:51.771   744   744 I chatty  : uid=1010(wifi) /system/bin/wificond identical 6 lines
12-23 12:02:54.793   744   744 E wificond: Failed to get NL80211_STA_INFO_CNAHLOAD
12-23 12:02:57.817   744   744 E wificond: Failed to get NL80211_STA_INFO_CNAHLOAD
12-23 12:02:57.929  3457 16273 W SettingsEx: SettingsEx.Systemex.getInt deprecated use Settings.System.getInt instead ;callers=com.huawei.recsys.util.SystemUtil.getNotificationUpdateMode:177 com.huawei.recsys.util.SystemUtil.isAllowUpdate:112 com.huawei.recsys.controller.notification.http.NotificationUpdateController.startNotificationUpdate:85 
12-23 12:02:59.024   744   744 E wificond: Failed to get NL80211_STA_INFO_CNAHLOAD
12-23 12:02:59.032   744   744 E wificond: Failed to get NL80211_STA_INFO_CNAHLOAD
12-23 12:03:00.837   744   744 E wificond: Failed to get NL80211_STA_INFO_CNAHLOAD
12-23 12:03:02.726   683  1967 I chatty  : uid=1000(system) Binder:683_9 expire 7 lines
12-23 12:03:03.854   744   744 E wificond: Failed to get NL80211_STA_INFO_CNAHLOAD
12-23 12:03:06.873   744   744 E wificond: Failed to get NL80211_STA_INFO_CNAHLOAD
12-23 12:03:07.040   744   744 E wificond: Failed to get NL80211_STA_INFO_CNAHLOAD
12-23 12:03:09.894   744   744 E wificond: Failed to get NL80211_STA_INFO_CNAHLOAD
12-23 12:03:12.920   744   744 E wificond: Failed to get NL80211_STA_INFO_CNAHLOAD
12-23 12:03:15.940   744   744 E wificond: Failed to get NL80211_STA_INFO_CNAHLOAD
12-23 12:03:16.395   683  2158 I chatty  : uid=1000(system) Binder:683_E expire 7 lines
12-23 12:03:18.716   683  7232 I chatty  : uid=1000(system) Binder:683_15 expire 6 lines
12-23 12:03:18.964   744   744 E wificond: Failed to get NL80211_STA_INFO_CNAHLOAD
12-23 12:03:21.738   683 10397 I chatty  : uid=1000(system) Binder:683_20 expire 11 lines
12-23 12:03:21.807   683   683 I chatty  : uid=1000 system_server expire 33 lines
12-23 12:03:21.811   683  1146 I chatty  : uid=1000(system) ActivityManager expire 11 lines
12-23 12:03:21.985   744   744 E wificond: Failed to get NL80211_STA_INFO_CNAHLOAD
12-23 12:03:23.042   744   744 I chatty  : uid=1010(wifi) /system/bin/wificond identical 11 lines
12-23 12:03:23.048   744   744 E wificond: Failed to get NL80211_STA_INFO_CNAHLOAD
12-23 12:03:25.005   744   744 E wificond: Failed to get NL80211_STA_INFO_CNAHLOAD
12-23 12:03:34.072   744   744 E wificond: Failed to get NL80211_STA_INFO_CNAHLOAD
12-23 12:03:34.596   683  1874 I chatty  : uid=1000(system) watchdog expire 9 lines
12-23 12:03:37.093   744   744 E wificond: Failed to get NL80211_STA_INFO_CNAHLOAD
12-23 12:03:47.071   744   744 E wificond: Failed to get NL80211_STA_INFO_CNAHLOAD
12-23 12:03:48.741   683  1884 I chatty  : uid=1000(system) Binder:683_5 expire 15 lines
12-23 12:03:49.170   744   744 E wificond: Failed to get NL80211_STA_INFO_CNAHLOAD
12-23 12:03:52.192   744   744 E wificond: Failed to get NL80211_STA_INFO_CNAHLOAD
12-23 12:03:55.083   744   744 I chatty  : uid=1010(wifi) /system/bin/wificond identical 10 lines
12-23 12:03:55.211   744   744 E wificond: Failed to get NL80211_STA_INFO_CNAHLOAD
12-23 12:03:58.232   744   744 E wificond: Failed to get NL80211_STA_INFO_CNAHLOAD
12-23 12:03:59.383   683  1967 I chatty  : uid=1000(system) Binder:683_9 expire 10 lines
12-23 12:04:01.255   744   744 E wificond: Failed to get NL80211_STA_INFO_CNAHLOAD
12-23 12:04:03.083   744   744 E wificond: Failed to get NL80211_STA_INFO_CNAHLOAD
12-23 12:04:03.089   744   744 E wificond: Failed to get NL80211_STA_INFO_CNAHLOAD
12-23 12:04:03.790   683  1876 I chatty  : uid=1000(system) LocationThread expire 7 lines
12-23 12:04:03.795   683 27999 I chatty  : uid=1000 system_server expire 2 lines
12-23 12:04:03.800   683 28000 I chatty  : uid=1000 system_server expire 1 line
12-23 12:04:03.839   751   751 D libgps  : proxy_gps_inject_location: called.
12-23 12:04:03.957   683 28003 I chatty  : uid=1000 system_server expire 2 lines
12-23 12:04:03.975   683 28004 I chatty  : uid=1000 system_server expire 1 line
12-23 12:04:03.980   751   751 D libgps  : proxy_gps_inject_location: called.
12-23 12:04:04.283   744   744 E wificond: Failed to get NL80211_STA_INFO_CNAHLOAD
12-23 12:04:07.304   744   744 E wificond: Failed to get NL80211_STA_INFO_CNAHLOAD
12-23 12:04:10.326   744   744 E wificond: Failed to get NL80211_STA_INFO_CNAHLOAD
12-23 12:04:13.351   744   744 E wificond: Failed to get NL80211_STA_INFO_CNAHLOAD
12-23 12:04:15.458   683  1884 I chatty  : uid=1000(system) Binder:683_5 expire 10 lines
12-23 12:04:16.372   744   744 E wificond: Failed to get NL80211_STA_INFO_CNAHLOAD
12-23 12:04:19.393   744   744 E wificond: Failed to get NL80211_STA_INFO_CNAHLOAD
12-23 12:04:22.416   744   744 E wificond: Failed to get NL80211_STA_INFO_CNAHLOAD
12-23 12:04:23.568   683  1966 I chatty  : uid=1000(system) Binder:683_8 expire 8 lines
12-23 12:04:25.437   744   744 E wificond: Failed to get NL80211_STA_INFO_CNAHLOAD
12-23 12:04:34.498   744   744 E wificond: Failed to get NL80211_STA_INFO_CNAHLOAD
12-23 12:04:35.110   744   744 E wificond: Failed to get NL80211_STA_INFO_CNAHLOAD
12-23 12:04:35.116   744   744 E wificond: Failed to get NL80211_STA_INFO_CNAHLOAD
12-23 12:04:37.518   744   744 E wificond: Failed to get NL80211_STA_INFO_CNAHLOAD
12-23 12:04:51.124   744   744 I chatty  : uid=1010(wifi) /system/bin/wificond identical 15 lines
12-23 12:04:51.129   744   744 E wificond: Failed to get NL80211_STA_INFO_CNAHLOAD
12-23 12:04:52.625   744   744 E wificond: Failed to get NL80211_STA_INFO_CNAHLOAD
12-23 12:04:53.688   683  1142 I chatty  : uid=1000(system) android.bg expire 9 lines
12-23 12:04:55.646   744   744 E wificond: Failed to get NL80211_STA_INFO_CNAHLOAD
12-23 12:04:58.671   744   744 E wificond: Failed to get NL80211_STA_INFO_CNAHLOAD
12-23 12:04:59.139   744   744 E wificond: Failed to get NL80211_STA_INFO_CNAHLOAD
12-23 12:05:00.004   683   683 I chatty  : uid=1000 system_server expire 11 lines
12-23 12:05:01.692   744   744 E wificond: Failed to get NL80211_STA_INFO_CNAHLOAD
12-23 12:05:04.715   744   744 E wificond: Failed to get NL80211_STA_INFO_CNAHLOAD
12-23 12:05:06.147   683  1403 I chatty  : uid=1000(system) IpManager.wlan0 expire 2 lines
12-23 12:05:06.257   683  1410 I chatty  : uid=1000(system) WifiP2pService expire 6 lines
12-23 12:05:06.265   683 26388 I chatty  : uid=1000(system) DhcpClient expire 7 lines
12-23 12:05:06.287   683  1413 I chatty  : uid=1000(system) ConnectivitySer expire 9 lines
12-23 12:05:06.319   744   744 E wificond: Failed to get NL80211_STA_INFO_CNAHLOAD
12-23 12:05:06.344   683  1393 I chatty  : uid=1000(system) NetdConnector expire 10 lines
12-23 12:05:06.429 12219 12219 W ContextImpl: Calling a method in the system process without a qualified user: android.app.ContextImpl.startService:1656 android.content.ContextWrapper.startService:644 android.content.ContextWrapper.startService:644 com.android.settings.wifi.AccessPointConnectedReceiver.onReceive:28 android.app.ActivityThread.handleReceiver:3695 
12-23 12:05:07.136   744   744 E wificond: Failed to get NL80211_STA_INFO_CNAHLOAD
12-23 12:05:19.824   744   744 E wificond: Failed to get NL80211_STA_INFO_CNAHLOAD
12-23 12:05:21.312   493   633 W SocketListener: sending broadcast to Pid = 683, Uid = 1000 
12-23 12:05:21.319   683  1163 I chatty  : uid=1000(system) android.fg expire 8 lines
12-23 12:05:21.581   493   633 W SocketListener: sending broadcast to Pid = 683, Uid = 1000 
12-23 12:05:21.592   683 10397 I chatty  : uid=1000(system) Binder:683_20 expire 11 lines
12-23 12:05:21.608   683  1152 I chatty  : uid=1000(system) batterystats-sy expire 3 lines
12-23 12:05:22.846   744   744 E wificond: Failed to get NL80211_STA_INFO_CNAHLOAD
12-23 12:05:23.152   744   744 I chatty  : uid=1010(wifi) /system/bin/wificond identical 11 lines
12-23 12:05:25.869   744   744 E wificond: Failed to get NL80211_STA_INFO_CNAHLOAD
12-23 12:05:26.095   683  1967 I chatty  : uid=1000(system) Binder:683_9 expire 3 lines
12-23 12:05:28.905   744   744 E wificond: Failed to get NL80211_STA_INFO_CNAHLOAD
12-23 12:05:31.929   744   744 E wificond: Failed to get NL80211_STA_INFO_CNAHLOAD
12-23 12:05:34.952   744   744 E wificond: Failed to get NL80211_STA_INFO_CNAHLOAD
12-23 12:05:37.886   493   633 W SocketListener: sending broadcast to Pid = 683, Uid = 1000 
12-23 12:05:37.891   683  1393 I chatty  : uid=1000(system) NetdConnector expire 10 lines
12-23 12:05:37.907   683  1390 I chatty  : uid=1000(system) Binder:683_3 expire 6 lines
12-23 12:05:37.969   744   744 E wificond: Failed to get NL80211_STA_INFO_CNAHLOAD
12-23 12:05:50.056   744   744 E wificond: Failed to get NL80211_STA_INFO_CNAHLOAD
12-23 12:05:50.212   742   823 E /system/bin/storaged: pid_info get_pids failed
12-23 12:05:50.309   683  1352 I chatty  : uid=1000(system) UEventObserver expire 2 lines
12-23 12:05:53.075   744   744 E wificond: Failed to get NL80211_STA_INFO_CNAHLOAD
12-23 12:05:55.185   744   744 I chatty  : uid=1010(wifi) /system/bin/wificond identical 11 lines
12-23 12:05:56.099   744   744 E wificond: Failed to get NL80211_STA_INFO_CNAHLOAD
12-23 12:05:58.646   493   633 W SocketListener: sending broadcast to Pid = 683, Uid = 1000 
12-23 12:05:59.120   744   744 E wificond: Failed to get NL80211_STA_INFO_CNAHLOAD
12-23 12:06:02.142   744   744 E wificond: Failed to get NL80211_STA_INFO_CNAHLOAD
12-23 12:06:03.193   744   744 E wificond: Failed to get NL80211_STA_INFO_CNAHLOAD
12-23 12:06:05.161   744   744 E wificond: Failed to get NL80211_STA_INFO_CNAHLOAD
12-23 12:06:20.280   744   744 E wificond: Failed to get NL80211_STA_INFO_CNAHLOAD
12-23 12:06:22.047   493   633 W SocketListener: sending broadcast to Pid = 683, Uid = 1000 
12-23 12:06:23.300   744   744 E wificond: Failed to get NL80211_STA_INFO_CNAHLOAD
12-23 12:06:27.212   744   744 I chatty  : uid=1010(wifi) /system/bin/wificond identical 16 lines
12-23 12:06:29.345   744   744 E wificond: Failed to get NL80211_STA_INFO_CNAHLOAD
12-23 12:06:30.838   683  1146 I chatty  : uid=1000(system) ActivityManager expire 3 lines
12-23 12:06:30.960   683 10382 I chatty  : uid=1000(system) Binder:683_1F expire 2 lines
12-23 12:06:31.401   683   683 I chatty  : uid=1000 system_server expire 8 lines
12-23 12:06:32.367   744   744 E wificond: Failed to get NL80211_STA_INFO_CNAHLOAD
12-23 12:06:33.278   683  1990 I chatty  : uid=1000(system) Binder:683_A expire 3 lines
12-23 12:06:35.212   744   744 E wificond: Failed to get NL80211_STA_INFO_CNAHLOAD
12-23 12:06:35.387   744   744 E wificond: Failed to get NL80211_STA_INFO_CNAHLOAD
12-23 12:06:36.759   493   633 W SocketListener: sending broadcast to Pid = 683, Uid = 1000 
12-23 12:06:36.775   683 10397 I chatty  : uid=1000(system) Binder:683_20 expire 7 lines
12-23 12:06:38.409   744   744 E wificond: Failed to get NL80211_STA_INFO_CNAHLOAD
12-23 12:06:59.562   744   744 E wificond: Failed to get NL80211_STA_INFO_CNAHLOAD
12-23 12:07:00.305   683  1148 I chatty  : uid=1000(system) android.ui expire 1 line
12-23 12:07:02.584   744   744 E wificond: Failed to get NL80211_STA_INFO_CNAHLOAD
12-23 12:07:03.467   683  1005 I chatty  : uid=1000(system) Binder:683_1 expire 3 lines
12-23 12:07:05.606   744   744 E wificond: Failed to get NL80211_STA_INFO_CNAHLOAD
12-23 12:07:07.246   744   744 E wificond: Failed to get NL80211_STA_INFO_CNAHLOAD
12-23 12:07:15.255   744   744 I chatty  : uid=1010(wifi) /system/bin/wificond identical 13 lines
12-23 12:07:17.693   744   744 E wificond: Failed to get NL80211_STA_INFO_CNAHLOAD
12-23 12:07:18.782   493   633 W SocketListener: sending broadcast to Pid = 683, Uid = 1000 
12-23 12:07:20.712   744   744 E wificond: Failed to get NL80211_STA_INFO_CNAHLOAD
12-23 12:07:32.792   744   744 E wificond: Failed to get NL80211_STA_INFO_CNAHLOAD
12-23 12:07:35.813   744   744 E wificond: Failed to get NL80211_STA_INFO_CNAHLOAD
12-23 12:07:37.101   493   633 W SocketListener: sending broadcast to Pid = 683, Uid = 1000 
12-23 12:07:37.103   683  1393 I chatty  : uid=1000(system) NetdConnector expire 10 lines
12-23 12:07:37.121   683  1967 I chatty  : uid=1000(system) Binder:683_9 expire 13 lines
12-23 12:07:37.431   683   683 I chatty  : uid=1000 system_server expire 11 lines
12-23 12:07:37.447   683  1142 I chatty  : uid=1000(system) android.bg expire 3 lines
12-23 12:07:38.832   744   744 E wificond: Failed to get NL80211_STA_INFO_CNAHLOAD
12-23 12:07:39.273   744   744 I chatty  : uid=1010(wifi) /system/bin/wificond identical 12 lines
