12-23 13:31:03.645   744   744 E wificond: Failed to get NL80211_STA_INFO_CNAHLOAD
12-23 13:31:06.313   683  2189 I chatty  : uid=1000(system) Binder:683_F expire 6 lines
12-23 13:31:06.573   744   744 E wificond: Failed to get NL80211_STA_INFO_CNAHLOAD
12-23 13:31:09.594   744   744 E wificond: Failed to get NL80211_STA_INFO_CNAHLOAD
12-23 13:31:11.641   744   744 E wificond: Failed to get NL80211_STA_INFO_CNAHLOAD
12-23 13:31:11.657   744   744 E wificond: Failed to get NL80211_STA_INFO_CNAHLOAD
12-23 13:31:12.615   744   744 E wificond: Failed to get NL80211_STA_INFO_CNAHLOAD
12-23 13:31:27.716   744   744 E wificond: Failed to get NL80211_STA_INFO_CNAHLOAD
12-23 13:31:30.740   744   744 E wificond: Failed to get NL80211_STA_INFO_CNAHLOAD
12-23 13:31:33.759   744   744 E wificond: Failed to get NL80211_STA_INFO_CNAHLOAD
12-23 13:31:34.732   683 10382 I chatty  : uid=1000(system) Binder:683_1F expire 13 lines
12-23 13:31:34.782   683  2158 I chatty  : uid=1000(system) Binder:683_E expire 13 lines
12-23 13:31:35.665   744   744 E wificond: Failed to get NL80211_STA_INFO_CNAHLOAD
12-23 13:31:36.781   744   744 I chatty  : uid=1010(wifi) /system/bin/wificond identical 10 lines
12-23 13:31:39.801   744   744 E wificond: Failed to get NL80211_STA_INFO_CNAHLOAD
12-23 13:31:42.823   744   744 E wificond: Failed to get NL80211_STA_INFO_CNAHLOAD
12-23 13:31:48.864   744   744 E wificond: Failed to get NL80211_STA_INFO_CNAHLOAD
12-23 13:31:49.894   683   683 I chatty  : uid=1000 system_server expire 9 lines
12-23 13:31:51.681   744   744 E wificond: Failed to get NL80211_STA_INFO_CNAHLOAD
12-23 13:31:59.699   744   744 E wificond: Failed to get NL80211_STA_INFO_CNAHLOAD
12-23 13:32:00.951   744   744 E wificond: Failed to get NL80211_STA_INFO_CNAHLOAD
12-23 13:32:03.978   744   744 E wificond: Failed to get NL80211_STA_INFO_CNAHLOAD
12-23 13:32:04.146   683  2158 I chatty  : uid=1000(system) Binder:683_E expire 1 line
12-23 13:32:07.001   744   744 E wificond: Failed to get NL80211_STA_INFO_CNAHLOAD
12-23 13:32:23.712   744   744 I chatty  : uid=1010(wifi) /system/bin/wificond identical 13 lines
12-23 13:32:23.717   744   744 E wificond: Failed to get NL80211_STA_INFO_CNAHLOAD
12-23 13:32:25.159   744   744 E wificond: Failed to get NL80211_STA_INFO_CNAHLOAD
12-23 13:32:31.725   744   744 E wificond: Failed to get NL80211_STA_INFO_CNAHLOAD
12-23 13:32:34.173   683  1005 I chatty  : uid=1000(system) Binder:683_1 expire 2 lines
12-23 13:32:34.237   744   744 E wificond: Failed to get NL80211_STA_INFO_CNAHLOAD
12-23 13:32:37.258   744   744 E wificond: Failed to get NL80211_STA_INFO_CNAHLOAD
12-23 13:32:40.283   744   744 I chatty  : uid=1010(wifi) /system/bin/wificond identical 9 lines
12-23 13:32:43.307   744   744 E wificond: Failed to get NL80211_STA_INFO_CNAHLOAD
12-23 13:32:45.547   683  1148 I chatty  : uid=1000(system) android.ui expire 26 lines
12-23 13:32:46.331   744   744 E wificond: Failed to get NL80211_STA_INFO_CNAHLOAD
12-23 13:32:47.733   744   744 E wificond: Failed to get NL80211_STA_INFO_CNAHLOAD
12-23 13:32:49.351   744   744 E wificond: Failed to get NL80211_STA_INFO_CNAHLOAD
12-23 13:32:49.942   683  1146 I chatty  : uid=1000(system) ActivityManager expire 4 lines
12-23 13:32:52.372   744   744 E wificond: Failed to get NL80211_STA_INFO_CNAHLOAD
12-23 13:32:58.418   744   744 E wificond: Failed to get NL80211_STA_INFO_CNAHLOAD
12-23 13:32:58.950  1976  1976 W SettingsEx: SettingsEx.Systemex.getString deprecated use Settings.System.getString instead ;callers=com.android.internal.telephony.gsm.HwCustGsmServiceStateManagerImpl.isMccForShowNetname:213 com.android.internal.telephony.gsm.HwCustGsmServiceStateManagerImpl.isShowNetnameByMcc:204 com.android.internal.telephony.gsm.HwCustGsmServiceStateManagerImpl.setOnsDisplayCustomization:155 
12-23 13:33:01.440   744   744 E wificond: Failed to get NL80211_STA_INFO_CNAHLOAD
12-23 13:33:04.461   744   744 E wificond: Failed to get NL80211_STA_INFO_CNAHLOAD
12-23 13:33:07.482   744   744 E wificond: Failed to get NL80211_STA_INFO_CNAHLOAD
12-23 13:33:09.144   683  9307 I chatty  : uid=1000(system) Binder:683_17 expire 21 lines
12-23 13:33:09.165   683  1146 I chatty  : uid=1000(system) ActivityManager expire 10 lines
12-23 13:33:09.177   683   683 I chatty  : uid=1000 system_server expire 12 lines
12-23 13:33:09.186   683  1884 I chatty  : uid=1000(system) Binder:683_5 expire 10 lines
12-23 13:33:09.190   683 10382 I chatty  : uid=1000(system) Binder:683_1F expire 10 lines
12-23 13:33:09.744   683  1005 I chatty  : uid=1000(system) Binder:683_1 expire 8 lines
12-23 13:33:10.504   744   744 E wificond: Failed to get NL80211_STA_INFO_CNAHLOAD
12-23 13:33:11.749   744   744 E wificond: Failed to get NL80211_STA_INFO_CNAHLOAD
12-23 13:33:13.522   744   744 I chatty  : uid=1010(wifi) /system/bin/wificond identical 10 lines
12-23 13:33:16.548   744   744 E wificond: Failed to get NL80211_STA_INFO_CNAHLOAD
12-23 13:33:18.822   683  1352 I chatty  : uid=1000(system) UEventObserver expire 2 lines
12-23 13:33:18.845   683  1152 I chatty  : uid=1000(system) batterystats-sy expire 2 lines
12-23 13:33:19.569   744   744 E wificond: Failed to get NL80211_STA_INFO_CNAHLOAD
12-23 13:33:19.761   744   744 E wificond: Failed to get NL80211_STA_INFO_CNAHLOAD
12-23 13:33:22.592   744   744 E wificond: Failed to get NL80211_STA_INFO_CNAHLOAD
12-23 13:33:24.222   683 10382 I chatty  : uid=1000(system) Binder:683_1F expire 10 lines
12-23 13:33:25.614   744   744 E wificond: Failed to get NL80211_STA_INFO_CNAHLOAD
12-23 13:33:34.661   744   744 E wificond: Failed to get NL80211_STA_INFO_CNAHLOAD
12-23 13:33:35.037   683  1874 I chatty  : uid=1000(system) watchdog expire 7 lines
12-23 13:33:35.770   744   744 E wificond: Failed to get NL80211_STA_INFO_CNAHLOAD
12-23 13:33:40.704   744   744 E wificond: Failed to get NL80211_STA_INFO_CNAHLOAD
12-23 13:33:43.726   744   744 E wificond: Failed to get NL80211_STA_INFO_CNAHLOAD
12-23 13:33:43.780   744   744 E wificond: Failed to get NL80211_STA_INFO_CNAHLOAD
12-23 13:33:46.749   744   744 E wificond: Failed to get NL80211_STA_INFO_CNAHLOAD
12-23 13:33:59.794   744   744 I chatty  : uid=1010(wifi) /system/bin/wificond identical 10 lines
12-23 13:33:59.802   744   744 E wificond: Failed to get NL80211_STA_INFO_CNAHLOAD
12-23 13:34:01.858   744   744 E wificond: Failed to get NL80211_STA_INFO_CNAHLOAD
12-23 13:34:04.881   744   744 E wificond: Failed to get NL80211_STA_INFO_CNAHLOAD
12-23 13:34:07.802   744   744 E wificond: Failed to get NL80211_STA_INFO_CNAHLOAD
12-23 13:34:13.945   744   744 E wificond: Failed to get NL80211_STA_INFO_CNAHLOAD
12-23 13:34:15.809   744   744 E wificond: Failed to get NL80211_STA_INFO_CNAHLOAD
12-23 13:34:15.816   744   744 E wificond: Failed to get NL80211_STA_INFO_CNAHLOAD
12-23 13:34:16.970   744   744 E wificond: Failed to get NL80211_STA_INFO_CNAHLOAD
12-23 13:34:19.994   744   744 E wificond: Failed to get NL80211_STA_INFO_CNAHLOAD
12-23 13:34:31.839   744   744 I chatty  : uid=1010(wifi) /system/bin/wificond identical 11 lines
12-23 13:34:32.079   744   744 E wificond: Failed to get NL80211_STA_INFO_CNAHLOAD
12-23 13:34:35.101   744   744 E wificond: Failed to get NL80211_STA_INFO_CNAHLOAD
12-23 13:34:44.170   744   744 E wificond: Failed to get NL80211_STA_INFO_CNAHLOAD
12-23 13:34:46.420   683  1967 I chatty  : uid=1000(system) Binder:683_9 expire 4 lines
12-23 13:34:47.190   744   744 E wificond: Failed to get NL80211_STA_INFO_CNAHLOAD
12-23 13:34:47.842   744   744 I chatty  : uid=1010(wifi) /system/bin/wificond identical 10 lines
12-23 13:34:47.849   744   744 E wificond: Failed to get NL80211_STA_INFO_CNAHLOAD
12-23 13:34:48.842   683  1884 I chatty  : uid=1000(system) Binder:683_5 expire 10 lines
12-23 13:34:50.211   744   744 E wificond: Failed to get NL80211_STA_INFO_CNAHLOAD
12-23 13:34:59.273   744   744 E wificond: Failed to get NL80211_STA_INFO_CNAHLOAD
12-23 13:35:01.726   493   633 W SocketListener: sending broadcast to Pid = 683, Uid = 1000 
12-23 13:35:01.729   683  1393 I chatty  : uid=1000(system) NetdConnector expire 10 lines
12-23 13:35:01.734   683  1163 I chatty  : uid=1000(system) android.fg expire 6 lines
12-23 13:35:02.297   744   744 E wificond: Failed to get NL80211_STA_INFO_CNAHLOAD
12-23 13:35:03.870   744   744 E wificond: Failed to get NL80211_STA_INFO_CNAHLOAD
12-23 13:35:05.320   744   744 E wificond: Failed to get NL80211_STA_INFO_CNAHLOAD
12-23 13:35:06.990   683  1403 I chatty  : uid=1000(system) IpManager.wlan0 expire 2 lines
12-23 13:35:07.101   683  1410 I chatty  : uid=1000(system) WifiP2pService expire 6 lines
12-23 13:35:07.109   493   633 W SocketListener: sending broadcast to Pid = 683, Uid = 1000 
12-23 13:35:07.111   683 26388 I chatty  : uid=1000(system) DhcpClient expire 7 lines
12-23 13:35:07.147   683  1413 I chatty  : uid=1000(system) ConnectivitySer expire 9 lines
12-23 13:35:07.158   744   744 E wificond: Failed to get NL80211_STA_INFO_CNAHLOAD
12-23 13:35:07.228 12219 12219 W ContextImpl: Calling a method in the system process without a qualified user: android.app.ContextImpl.startService:1656 android.content.ContextWrapper.startService:644 android.content.ContextWrapper.startService:644 com.android.settings.wifi.AccessPointConnectedReceiver.onReceive:28 android.app.ActivityThread.handleReceiver:3695 
12-23 13:35:08.342   744   744 E wificond: Failed to get NL80211_STA_INFO_CNAHLOAD
12-23 13:35:10.400   683   683 I chatty  : uid=1000 system_server expire 23 lines
12-23 13:35:10.422   683  1142 I chatty  : uid=1000(system) android.bg expire 9 lines
12-23 13:35:11.363   744   744 E wificond: Failed to get NL80211_STA_INFO_CNAHLOAD
12-23 13:35:17.408   744   744 E wificond: Failed to get NL80211_STA_INFO_CNAHLOAD
12-23 13:35:18.863   683  9307 I chatty  : uid=1000(system) Binder:683_17 expire 1 line
12-23 13:35:18.950   683  1945 I chatty  : uid=1000(system) Binder:683_7 expire 9 lines
12-23 13:35:19.876   744   744 E wificond: Failed to get NL80211_STA_INFO_CNAHLOAD
12-23 13:35:20.429   744   744 E wificond: Failed to get NL80211_STA_INFO_CNAHLOAD
12-23 13:35:21.271   683  2189 I chatty  : uid=1000(system) Binder:683_F expire 11 lines
12-23 13:35:23.454   744   744 E wificond: Failed to get NL80211_STA_INFO_CNAHLOAD
12-23 13:35:29.496   744   744 I chatty  : uid=1010(wifi) /system/bin/wificond identical 11 lines
12-23 13:35:32.516   744   744 E wificond: Failed to get NL80211_STA_INFO_CNAHLOAD
12-23 13:35:35.540   744   744 E wificond: Failed to get NL80211_STA_INFO_CNAHLOAD
12-23 13:35:43.898   744   744 E wificond: Failed to get NL80211_STA_INFO_CNAHLOAD
12-23 13:35:44.601   744   744 E wificond: Failed to get NL80211_STA_INFO_CNAHLOAD
12-23 13:35:46.077   683  1148 I chatty  : uid=1000(system) android.ui expire 13 lines
12-23 13:35:47.622   744   744 E wificond: Failed to get NL80211_STA_INFO_CNAHLOAD
12-23 13:35:49.955   683   683 I chatty  : uid=1000 system_server expire 4 lines
12-23 13:35:50.365   742   823 E /system/bin/storaged: pid_info get_pids failed
12-23 13:35:50.646   744   744 E wificond: Failed to get NL80211_STA_INFO_CNAHLOAD
12-23 13:35:51.899   744   744 E wificond: Failed to get NL80211_STA_INFO_CNAHLOAD
12-23 13:35:51.905   744   744 E wificond: Failed to get NL80211_STA_INFO_CNAHLOAD
12-23 13:35:53.033  1976  1976 W SettingsEx: SettingsEx.Systemex.getString deprecated use Settings.System.getString instead ;callers=com.android.internal.telephony.gsm.HwCustGsmServiceStateManagerImpl.isMccForShowNetname:213 com.android.internal.telephony.gsm.HwCustGsmServiceStateManagerImpl.isShowNetnameByMcc:204 com.android.internal.telephony.gsm.HwCustGsmServiceStateManagerImpl.setOnsDisplayCustomization:155 
12-23 13:35:53.668   744   744 E wificond: Failed to get NL80211_STA_INFO_CNAHLOAD
12-23 13:35:56.691   744   744 E wificond: Failed to get NL80211_STA_INFO_CNAHLOAD
12-23 13:35:59.911   744   744 E wificond: Failed to get NL80211_STA_INFO_CNAHLOAD
12-23 13:36:02.736   744   744 E wificond: Failed to get NL80211_STA_INFO_CNAHLOAD
12-23 13:36:05.754   744   744 E wificond: Failed to get NL80211_STA_INFO_CNAHLOAD
12-23 13:36:06.560   493   633 W SocketListener: sending broadcast to Pid = 683, Uid = 1000 
12-23 13:36:06.562   683  1393 I chatty  : uid=1000(system) NetdConnector expire 8 lines
12-23 13:36:07.905   744   744 E wificond: Failed to get NL80211_STA_INFO_CNAHLOAD
12-23 13:36:07.917   744   744 I chatty  : uid=1010(wifi) /system/bin/wificond identical 15 lines
12-23 13:36:08.772   744   744 E wificond: Failed to get NL80211_STA_INFO_CNAHLOAD
12-23 13:36:10.085   683  1884 I chatty  : uid=1000(system) Binder:683_5 expire 12 lines
12-23 13:36:10.113   493   633 W SocketListener: sending broadcast to Pid = 683, Uid = 1000 
12-23 13:36:11.793   744   744 E wificond: Failed to get NL80211_STA_INFO_CNAHLOAD
12-23 13:36:20.861   744   744 E wificond: Failed to get NL80211_STA_INFO_CNAHLOAD
12-23 13:36:23.886   744   744 E wificond: Failed to get NL80211_STA_INFO_CNAHLOAD
12-23 13:36:23.921   744   744 E wificond: Failed to get NL80211_STA_INFO_CNAHLOAD
12-23 13:36:26.914   744   744 E wificond: Failed to get NL80211_STA_INFO_CNAHLOAD
12-23 13:36:29.935   744   744 E wificond: Failed to get NL80211_STA_INFO_CNAHLOAD
12-23 13:36:31.930   744   744 E wificond: Failed to get NL80211_STA_INFO_CNAHLOAD
12-23 13:36:32.956   744   744 E wificond: Failed to get NL80211_STA_INFO_CNAHLOAD
12-23 13:36:35.976   744   744 E wificond: Failed to get NL80211_STA_INFO_CNAHLOAD
12-23 13:36:51.082   744   744 E wificond: Failed to get NL80211_STA_INFO_CNAHLOAD
12-23 13:36:51.870   493   633 W SocketListener: sending broadcast to Pid = 683, Uid = 1000 
12-23 13:36:54.105   744   744 E wificond: Failed to get NL80211_STA_INFO_CNAHLOAD
12-23 13:36:55.948   744   744 I chatty  : uid=1010(wifi) /system/bin/wificond identical 1 line
12-23 13:36:55.959   744   744 E wificond: Failed to get NL80211_STA_INFO_CNAHLOAD
12-23 13:36:56.037   493   633 W SocketListener: sending broadcast to Pid = 683, Uid = 1000 
12-23 13:36:56.081   683  1884 I chatty  : uid=1000(system) Binder:683_5 expire 4 lines
12-23 13:36:57.126   744   744 E wificond: Failed to get NL80211_STA_INFO_CNAHLOAD
12-23 13:36:58.457   683  1148 I chatty  : uid=1000(system) android.ui expire 15 lines
12-23 13:36:58.599   683  2189 I chatty  : uid=1000(system) Binder:683_F expire 11 lines
12-23 13:36:59.228   683  1148 I chatty  : uid=1000(system) android.ui expire 11 lines
12-23 13:37:00.004   683   683 I chatty  : uid=1000 system_server expire 10 lines
12-23 13:37:00.154   744   744 E wificond: Failed to get NL80211_STA_INFO_CNAHLOAD
12-23 13:37:03.175   744   744 E wificond: Failed to get NL80211_STA_INFO_CNAHLOAD
12-23 13:37:03.954   744   744 I chatty  : uid=1010(wifi) /system/bin/wificond identical 14 lines
12-23 13:37:03.962   744   744 E wificond: Failed to get NL80211_STA_INFO_CNAHLOAD
12-23 13:37:05.053   683  1874 I chatty  : uid=1000(system) watchdog expire 10 lines
12-23 13:37:06.197   744   744 E wificond: Failed to get NL80211_STA_INFO_CNAHLOAD
12-23 13:37:12.244   744   744 E wificond: Failed to get NL80211_STA_INFO_CNAHLOAD
12-23 13:37:15.041   493   633 W SocketListener: sending broadcast to Pid = 683, Uid = 1000 
12-23 13:37:15.043   683  1393 I chatty  : uid=1000(system) NetdConnector expire 10 lines
12-23 13:37:15.045   683  1163 I chatty  : uid=1000(system) android.fg expire 10 lines
12-23 13:37:15.263   744   744 E wificond: Failed to get NL80211_STA_INFO_CNAHLOAD
12-23 13:37:18.287   744   744 E wificond: Failed to get NL80211_STA_INFO_CNAHLOAD
12-23 13:37:19.588   493   633 W SocketListener: sending broadcast to Pid = 683, Uid = 1000 
12-23 13:37:19.965   744   744 E wificond: Failed to get NL80211_STA_INFO_CNAHLOAD
12-23 13:37:27.981   744   744 E wificond: Failed to get NL80211_STA_INFO_CNAHLOAD
12-23 13:37:28.711   683  1005 I chatty  : uid=1000(system) Binder:683_1 expire 11 lines
12-23 13:37:30.377   744   744 E wificond: Failed to get NL80211_STA_INFO_CNAHLOAD
12-23 13:37:33.399   744   744 E wificond: Failed to get NL80211_STA_INFO_CNAHLOAD
12-23 13:37:35.981   744   744 E wificond: Failed to get NL80211_STA_INFO_CNAHLOAD
12-23 13:37:43.996   744   744 E wificond: Failed to get NL80211_STA_INFO_CNAHLOAD
12-23 13:37:45.090   683  1945 I chatty  : uid=1000(system) Binder:683_7 expire 11 lines
12-23 13:37:45.484   744   744 E wificond: Failed to get NL80211_STA_INFO_CNAHLOAD
12-23 13:37:54.549   744   744 I chatty  : uid=1010(wifi) /system/bin/wificond identical 12 lines
12-23 13:37:57.575   744   744 E wificond: Failed to get NL80211_STA_INFO_CNAHLOAD
12-23 13:38:00.006   744   744 E wificond: Failed to get NL80211_STA_INFO_CNAHLOAD
12-23 13:38:00.016   744   744 E wificond: Failed to get NL80211_STA_INFO_CNAHLOAD
12-23 13:38:00.160   493   633 W SocketListener: sending broadcast to Pid = 683, Uid = 1000 
12-23 13:38:00.595   744   744 E wificond: Failed to get NL80211_STA_INFO_CNAHLOAD
12-23 13:38:03.617   744   744 E wificond: Failed to get NL80211_STA_INFO_CNAHLOAD
12-23 13:38:06.639   744   744 E wificond: Failed to get NL80211_STA_INFO_CNAHLOAD
12-23 13:38:08.020   744   744 E wificond: Failed to get NL80211_STA_INFO_CNAHLOAD
12-23 13:38:09.137   683  1146 I chatty  : uid=1000(system) ActivityManager expire 8 lines
12-23 13:38:09.168   683  2189 I chatty  : uid=1000(system) Binder:683_F expire 10 lines
12-23 13:38:09.172   683  1884 I chatty  : uid=1000(system) Binder:683_5 expire 13 lines
12-23 13:38:09.218   493   633 W SocketListener: sending broadcast to Pid = 683, Uid = 1000 
12-23 13:38:09.321   683  1352 I chatty  : uid=1000(system) UEventObserver expire 2 lines
12-23 13:38:09.374   683  1152 I chatty  : uid=1000(system) batterystats-sy expire 2 lines
12-23 13:38:09.441   683  1006 I chatty  : uid=1000(system) Binder:683_2 expire 25 lines
12-23 13:38:09.653   744   744 E wificond: Failed to get NL80211_STA_INFO_CNAHLOAD
12-23 13:38:12.677   744   744 E wificond: Failed to get NL80211_STA_INFO_CNAHLOAD
12-23 13:38:24.039   744   744 E wificond: Failed to get NL80211_STA_INFO_CNAHLOAD
12-23 13:38:24.768   744   744 E wificond: Failed to get NL80211_STA_INFO_CNAHLOAD
12-23 13:38:24.798   493   633 W SocketListener: sending broadcast to Pid = 683, Uid = 1000 
12-23 13:38:27.798   744   744 E wificond: Failed to get NL80211_STA_INFO_CNAHLOAD
12-23 13:38:28.382   493   633 W SocketListener: sending broadcast to Pid = 683, Uid = 1000 
12-23 13:38:28.387   683  1393 I chatty  : uid=1000(system) NetdConnector expire 10 lines
12-23 13:38:30.819   744   744 E wificond: Failed to get NL80211_STA_INFO_CNAHLOAD
12-23 13:38:32.040   744   744 I chatty  : uid=1010(wifi) /system/bin/wificond identical 13 lines
12-23 13:38:33.839   744   744 E wificond: Failed to get NL80211_STA_INFO_CNAHLOAD
12-23 13:38:36.858   744   744 E wificond: Failed to get NL80211_STA_INFO_CNAHLOAD
12-23 13:38:40.053   744   744 E wificond: Failed to get NL80211_STA_INFO_CNAHLOAD
12-23 13:38:42.899   744   744 E wificond: Failed to get NL80211_STA_INFO_CNAHLOAD
12-23 13:38:44.326   683  1006 I chatty  : uid=1000(system) Binder:683_2 expire 11 lines
12-23 13:38:44.335   683   683 I chatty  : uid=1000 system_server expire 10 lines
12-23 13:38:45.919   744   744 E wificond: Failed to get NL80211_STA_INFO_CNAHLOAD
12-23 13:38:48.054   744   744 E wificond: Failed to get NL80211_STA_INFO_CNAHLOAD
12-23 13:38:54.989   744   744 E wificond: Failed to get NL80211_STA_INFO_CNAHLOAD
12-23 13:38:55.080   683  1884 I chatty  : uid=1000(system) Binder:683_5 expire 7 lines
12-23 13:38:56.063   744   744 E wificond: Failed to get NL80211_STA_INFO_CNAHLOAD
12-23 13:38:58.009   744   744 E wificond: Failed to get NL80211_STA_INFO_CNAHLOAD
12-23 13:39:01.031   744   744 E wificond: Failed to get NL80211_STA_INFO_CNAHLOAD
12-23 13:39:03.397   683  1876 I chatty  : uid=1000(system) LocationThread expire 7 lines
12-23 13:39:03.403   683 30481 I chatty  : uid=1000 system_server expire 2 lines
12-23 13:39:03.418   683 30482 I chatty  : uid=1000 system_server expire 1 line
12-23 13:39:03.441   751   751 D libgps  : proxy_gps_inject_location: called.
12-23 13:39:03.737   683 30486 I chatty  : uid=1000 system_server expire 2 lines
12-23 13:39:03.758   683 30487 I chatty  : uid=1000 system_server expire 1 line
12-23 13:39:03.758   751   751 D libgps  : proxy_gps_inject_location: called.
12-23 13:39:04.053   744   744 E wificond: Failed to get NL80211_STA_INFO_CNAHLOAD
12-23 13:39:04.071   744   744 E wificond: Failed to get NL80211_STA_INFO_CNAHLOAD
12-23 13:39:07.073   744   744 E wificond: Failed to get NL80211_STA_INFO_CNAHLOAD
12-23 13:39:16.140   744   744 E wificond: Failed to get NL80211_STA_INFO_CNAHLOAD
12-23 13:39:19.177   744   744 E wificond: Failed to get NL80211_STA_INFO_CNAHLOAD
12-23 13:39:20.085   744   744 E wificond: Failed to get NL80211_STA_INFO_CNAHLOAD
12-23 13:39:28.101   744   744 I chatty  : uid=1010(wifi) /system/bin/wificond identical 11 lines
12-23 13:39:28.244   744   744 E wificond: Failed to get NL80211_STA_INFO_CNAHLOAD
12-23 13:39:31.261   744   744 E wificond: Failed to get NL80211_STA_INFO_CNAHLOAD
12-23 13:39:34.283   744   744 E wificond: Failed to get NL80211_STA_INFO_CNAHLOAD
12-23 13:39:35.746   683  1148 I chatty  : uid=1000(system) android.ui expire 13 lines
12-23 13:39:36.101   744   744 E wificond: Failed to get NL80211_STA_INFO_CNAHLOAD
12-23 13:39:46.367   744   744 E wificond: Failed to get NL80211_STA_INFO_CNAHLOAD
12-23 13:39:49.386   744   744 E wificond: Failed to get NL80211_STA_INFO_CNAHLOAD
12-23 13:39:51.570   683  2189 I chatty  : uid=1000(system) Binder:683_F expire 10 lines
12-23 13:39:52.115   744   744 E wificond: Failed to get NL80211_STA_INFO_CNAHLOAD
12-23 13:39:52.122   744   744 E wificond: Failed to get NL80211_STA_INFO_CNAHLOAD
12-23 13:39:52.222   493   633 W SocketListener: sending broadcast to Pid = 683, Uid = 1000 
12-23 13:39:52.406   744   744 E wificond: Failed to get NL80211_STA_INFO_CNAHLOAD
12-23 13:39:55.425   744   744 I chatty  : uid=1010(wifi) /system/bin/wificond identical 11 lines
12-23 13:39:58.449   744   744 E wificond: Failed to get NL80211_STA_INFO_CNAHLOAD
12-23 13:39:58.484   493   633 W SocketListener: sending broadcast to Pid = 683, Uid = 1000 
12-23 13:40:00.121   744   744 E wificond: Failed to get NL80211_STA_INFO_CNAHLOAD
12-23 13:40:00.139   744   744 E wificond: Failed to get NL80211_STA_INFO_CNAHLOAD
12-23 13:40:01.469   744   744 E wificond: Failed to get NL80211_STA_INFO_CNAHLOAD
12-23 13:40:04.494   744   744 E wificond: Failed to get NL80211_STA_INFO_CNAHLOAD
12-23 13:40:07.516   744   744 E wificond: Failed to get NL80211_STA_INFO_CNAHLOAD
12-23 13:40:13.563   744   744 E wificond: Failed to get NL80211_STA_INFO_CNAHLOAD
12-23 13:40:13.629   493   633 W SocketListener: sending broadcast to Pid = 683, Uid = 1000 
12-23 13:40:16.130   744   744 E wificond: Failed to get NL80211_STA_INFO_CNAHLOAD
12-23 13:40:16.584   744   744 E wificond: Failed to get NL80211_STA_INFO_CNAHLOAD
12-23 13:40:18.213   493   633 W SocketListener: sending broadcast to Pid = 683, Uid = 1000 
12-23 13:40:19.604   744   744 E wificond: Failed to get NL80211_STA_INFO_CNAHLOAD
12-23 13:40:22.623   744   744 E wificond: Failed to get NL80211_STA_INFO_CNAHLOAD
12-23 13:40:24.136   744   744 E wificond: Failed to get NL80211_STA_INFO_CNAHLOAD
12-23 13:40:34.701   744   744 E wificond: Failed to get NL80211_STA_INFO_CNAHLOAD
12-23 13:40:37.723   744   744 E wificond: Failed to get NL80211_STA_INFO_CNAHLOAD
12-23 13:40:48.152   744   744 I chatty  : uid=1010(wifi) /system/bin/wificond identical 10 lines
12-23 13:40:48.159   744   744 E wificond: Failed to get NL80211_STA_INFO_CNAHLOAD
12-23 13:40:48.679   683  9307 I chatty  : uid=1000(system) Binder:683_17 expire 4 lines
12-23 13:40:49.801   744   744 E wificond: Failed to get NL80211_STA_INFO_CNAHLOAD
12-23 13:40:52.823   744   744 E wificond: Failed to get NL80211_STA_INFO_CNAHLOAD
12-23 13:40:55.848   744   744 E wificond: Failed to get NL80211_STA_INFO_CNAHLOAD
12-23 13:40:56.175   744   744 E wificond: Failed to get NL80211_STA_INFO_CNAHLOAD
12-23 13:40:58.870   744   744 E wificond: Failed to get NL80211_STA_INFO_CNAHLOAD
12-23 13:41:01.894   744   744 E wificond: Failed to get NL80211_STA_INFO_CNAHLOAD
12-23 13:41:04.171   744   744 E wificond: Failed to get NL80211_STA_INFO_CNAHLOAD
12-23 13:41:04.914   744   744 E wificond: Failed to get NL80211_STA_INFO_CNAHLOAD
12-23 13:41:07.936   744   744 E wificond: Failed to get NL80211_STA_INFO_CNAHLOAD
12-23 13:41:09.086   493   633 W SocketListener: sending broadcast to Pid = 683, Uid = 1000 
12-23 13:41:09.088   683  1393 I chatty  : uid=1000(system) NetdConnector expire 8 lines
12-23 13:41:09.093   683  1163 I chatty  : uid=1000(system) android.fg expire 4 lines
12-23 13:41:10.959   744   744 E wificond: Failed to get NL80211_STA_INFO_CNAHLOAD
12-23 13:41:13.982   744   744 E wificond: Failed to get NL80211_STA_INFO_CNAHLOAD
12-23 13:41:14.296   683   683 I chatty  : uid=1000 system_server expire 3 lines
12-23 13:41:15.168   493   633 W SocketListener: sending broadcast to Pid = 683, Uid = 1000 
12-23 13:41:15.181   683  2189 I chatty  : uid=1000(system) Binder:683_F expire 5 lines
12-23 13:41:15.187   683  1945 I chatty  : uid=1000(system) Binder:683_7 expire 10 lines
12-23 13:41:17.005   744   744 E wificond: Failed to get NL80211_STA_INFO_CNAHLOAD
12-23 13:41:20.186   744   744 I chatty  : uid=1010(wifi) /system/bin/wificond identical 13 lines
12-23 13:41:20.196   744   744 E wificond: Failed to get NL80211_STA_INFO_CNAHLOAD
12-23 13:41:23.051   744   744 E wificond: Failed to get NL80211_STA_INFO_CNAHLOAD
12-23 13:41:26.075   744   744 E wificond: Failed to get NL80211_STA_INFO_CNAHLOAD
12-23 13:41:28.194   744   744 E wificond: Failed to get NL80211_STA_INFO_CNAHLOAD
12-23 13:41:28.202   744   744 E wificond: Failed to get NL80211_STA_INFO_CNAHLOAD
12-23 13:41:28.821   683  1006 I chatty  : uid=1000(system) Binder:683_2 expire 8 lines
12-23 13:41:29.098   744   744 E wificond: Failed to get NL80211_STA_INFO_CNAHLOAD
12-23 13:41:32.121   744   744 E wificond: Failed to get NL80211_STA_INFO_CNAHLOAD
12-23 13:41:35.143   744   744 E wificond: Failed to get NL80211_STA_INFO_CNAHLOAD
12-23 13:41:53.275   744   744 E wificond: Failed to get NL80211_STA_INFO_CNAHLOAD
12-23 13:41:53.440   493   633 W SocketListener: sending broadcast to Pid = 683, Uid = 1000 
12-23 13:41:56.300   744   744 E wificond: Failed to get NL80211_STA_INFO_CNAHLOAD
12-23 13:41:59.324   744   744 E wificond: Failed to get NL80211_STA_INFO_CNAHLOAD
12-23 13:42:00.222   744   744 E wificond: Failed to get NL80211_STA_INFO_CNAHLOAD
12-23 13:42:00.228   744   744 E wificond: Failed to get NL80211_STA_INFO_CNAHLOAD
12-23 13:42:02.343   744   744 E wificond: Failed to get NL80211_STA_INFO_CNAHLOAD
12-23 13:42:05.079   683  1874 I chatty  : uid=1000(system) watchdog expire 10 lines
12-23 13:42:05.361   744   744 E wificond: Failed to get NL80211_STA_INFO_CNAHLOAD
12-23 13:42:06.400   493   633 W SocketListener: sending broadcast to Pid = 683, Uid = 1000 
12-23 13:42:08.230   744   744 E wificond: Failed to get NL80211_STA_INFO_CNAHLOAD
12-23 13:42:08.236   744   744 I chatty  : uid=1010(wifi) /system/bin/wificond identical 10 lines
12-23 13:42:08.383   744   744 E wificond: Failed to get NL80211_STA_INFO_CNAHLOAD
12-23 13:42:10.844   683  1006 I chatty  : uid=1000(system) Binder:683_2 expire 10 lines
12-23 13:42:11.403   744   744 E wificond: Failed to get NL80211_STA_INFO_CNAHLOAD
12-23 13:42:26.511   744   744 E wificond: Failed to get NL80211_STA_INFO_CNAHLOAD
12-23 13:42:28.704   493   633 W SocketListener: sending broadcast to Pid = 683, Uid = 1000 
12-23 13:42:28.708   683  1393 I chatty  : uid=1000(system) NetdConnector expire 10 lines
12-23 13:42:28.713   683  1163 I chatty  : uid=1000(system) android.fg expire 10 lines
12-23 13:42:28.722   683  1005 I chatty  : uid=1000(system) Binder:683_1 expire 10 lines
12-23 13:42:29.528   744   744 E wificond: Failed to get NL80211_STA_INFO_CNAHLOAD
12-23 13:42:31.341   683  1945 I chatty  : uid=1000(system) Binder:683_7 expire 3 lines
12-23 13:42:31.483   493   633 W SocketListener: sending broadcast to Pid = 683, Uid = 1000 
12-23 13:42:32.244   744   744 E wificond: Failed to get NL80211_STA_INFO_CNAHLOAD
12-23 13:42:32.548   744   744 E wificond: Failed to get NL80211_STA_INFO_CNAHLOAD
12-23 13:42:33.665   683  2189 I chatty  : uid=1000(system) Binder:683_F expire 10 lines
12-23 13:42:35.566   744   744 E wificond: Failed to get NL80211_STA_INFO_CNAHLOAD
12-23 13:42:48.265   744   744 I chatty  : uid=1010(wifi) /system/bin/wificond identical 14 lines
12-23 13:42:50.686   744   744 E wificond: Failed to get NL80211_STA_INFO_CNAHLOAD
12-23 13:42:51.806   493   633 W SocketListener: sending broadcast to Pid = 683, Uid = 1000 
12-23 13:42:53.710   744   744 E wificond: Failed to get NL80211_STA_INFO_CNAHLOAD
12-23 13:42:55.402  1976  1976 W SettingsEx: SettingsEx.Systemex.getString deprecated use Settings.System.getString instead ;callers=com.android.internal.telephony.gsm.HwCustGsmServiceStateManagerImpl.isMccForShowNetname:213 com.android.internal.telephony.gsm.HwCustGsmServiceStateManagerImpl.isShowNetnameByMcc:204 com.android.internal.telephony.gsm.HwCustGsmServiceStateManagerImpl.setOnsDisplayCustomization:155 
12-23 13:42:56.265   744   744 E wificond: Failed to get NL80211_STA_INFO_CNAHLOAD
12-23 13:42:56.729   744   744 E wificond: Failed to get NL80211_STA_INFO_CNAHLOAD
12-23 13:42:58.691   493   633 W SocketListener: sending broadcast to Pid = 683, Uid = 1000 
12-23 13:42:59.747   744   744 E wificond: Failed to get NL80211_STA_INFO_CNAHLOAD
12-23 13:43:00.003   683   683 I chatty  : uid=1000 system_server expire 10 lines
12-23 13:43:02.768   744   744 E wificond: Failed to get NL80211_STA_INFO_CNAHLOAD
12-23 13:43:04.272   744   744 E wificond: Failed to get NL80211_STA_INFO_CNAHLOAD
12-23 13:43:04.281   744   744 E wificond: Failed to get NL80211_STA_INFO_CNAHLOAD
12-23 13:43:05.789   744   744 E wificond: Failed to get NL80211_STA_INFO_CNAHLOAD
12-23 13:43:08.810   744   744 E wificond: Failed to get NL80211_STA_INFO_CNAHLOAD
12-23 13:43:09.110   683  1146 I chatty  : uid=1000(system) ActivityManager expire 11 lines
12-23 13:43:09.144   683  9307 I chatty  : uid=1000(system) Binder:683_17 expire 11 lines
12-23 13:43:09.183   683  1006 I chatty  : uid=1000(system) Binder:683_2 expire 7 lines
12-23 13:43:09.797   683  1352 I chatty  : uid=1000(system) UEventObserver expire 4 lines
12-23 13:43:09.837   683  1152 I chatty  : uid=1000(system) batterystats-sy expire 5 lines
12-23 13:43:11.837   744   744 E wificond: Failed to get NL80211_STA_INFO_CNAHLOAD
12-23 13:43:20.295   744   744 E wificond: Failed to get NL80211_STA_INFO_CNAHLOAD
12-23 13:43:20.903   744   744 E wificond: Failed to get NL80211_STA_INFO_CNAHLOAD
12-23 13:43:23.925   744   744 E wificond: Failed to get NL80211_STA_INFO_CNAHLOAD
12-23 13:43:24.162   683  1005 I chatty  : uid=1000(system) Binder:683_1 expire 10 lines
12-23 13:43:24.209   683  9307 I chatty  : uid=1000(system) Binder:683_17 expire 10 lines
12-23 13:43:26.945   744   744 E wificond: Failed to get NL80211_STA_INFO_CNAHLOAD
12-23 13:43:29.968   744   744 I chatty  : uid=1010(wifi) /system/bin/wificond identical 10 lines
12-23 13:43:32.992   744   744 E wificond: Failed to get NL80211_STA_INFO_CNAHLOAD
12-23 13:43:36.016   744   744 E wificond: Failed to get NL80211_STA_INFO_CNAHLOAD
12-23 13:43:36.302   744   744 E wificond: Failed to get NL80211_STA_INFO_CNAHLOAD
12-23 13:43:36.308   744   744 E wificond: Failed to get NL80211_STA_INFO_CNAHLOAD
12-23 13:43:39.040   744   744 E wificond: Failed to get NL80211_STA_INFO_CNAHLOAD
12-23 13:43:52.315   744   744 E wificond: Failed to get NL80211_STA_INFO_CNAHLOAD
12-23 13:43:54.116   683   683 I chatty  : uid=1000 system_server expire 11 lines
12-23 13:43:54.156   744   744 E wificond: Failed to get NL80211_STA_INFO_CNAHLOAD
12-23 13:43:57.180   744   744 E wificond: Failed to get NL80211_STA_INFO_CNAHLOAD
12-23 13:43:58.816   493   633 W SocketListener: sending broadcast to Pid = 683, Uid = 1000 
12-23 13:44:00.208   744   744 E wificond: Failed to get NL80211_STA_INFO_CNAHLOAD
12-23 13:44:00.321   744   744 E wificond: Failed to get NL80211_STA_INFO_CNAHLOAD
12-23 13:44:00.326   744   744 I chatty  : uid=1010(wifi) /system/bin/wificond identical 11 lines
12-23 13:44:03.232   744   744 E wificond: Failed to get NL80211_STA_INFO_CNAHLOAD
12-23 13:44:03.599   493   633 W SocketListener: sending broadcast to Pid = 683, Uid = 1000 
12-23 13:44:03.603   683  1393 I chatty  : uid=1000(system) NetdConnector expire 10 lines
12-23 13:44:03.621   683  2189 I chatty  : uid=1000(system) Binder:683_F expire 10 lines
12-23 13:44:06.253   744   744 E wificond: Failed to get NL80211_STA_INFO_CNAHLOAD
12-23 13:44:08.333   744   744 E wificond: Failed to get NL80211_STA_INFO_CNAHLOAD
12-23 13:44:09.271   744   744 E wificond: Failed to get NL80211_STA_INFO_CNAHLOAD
12-23 13:44:12.295   744   744 E wificond: Failed to get NL80211_STA_INFO_CNAHLOAD
12-23 13:44:24.381   744   744 E wificond: Failed to get NL80211_STA_INFO_CNAHLOAD
12-23 13:44:26.783   493   633 W SocketListener: sending broadcast to Pid = 683, Uid = 1000 
12-23 13:44:27.401   744   744 E wificond: Failed to get NL80211_STA_INFO_CNAHLOAD
12-23 13:44:28.794   493   633 W SocketListener: sending broadcast to Pid = 683, Uid = 1000 
12-23 13:44:30.424   744   744 E wificond: Failed to get NL80211_STA_INFO_CNAHLOAD
12-23 13:44:33.441   744   744 E wificond: Failed to get NL80211_STA_INFO_CNAHLOAD
12-23 13:44:36.466   744   744 E wificond: Failed to get NL80211_STA_INFO_CNAHLOAD
12-23 13:44:40.351   744   744 I chatty  : uid=1010(wifi) /system/bin/wificond identical 11 lines
12-23 13:44:40.358   744   744 E wificond: Failed to get NL80211_STA_INFO_CNAHLOAD
12-23 13:44:42.512   744   744 E wificond: Failed to get NL80211_STA_INFO_CNAHLOAD
12-23 13:44:45.535   744   744 E wificond: Failed to get NL80211_STA_INFO_CNAHLOAD
12-23 13:44:51.572   744   744 E wificond: Failed to get NL80211_STA_INFO_CNAHLOAD
12-23 13:44:54.595   744   744 E wificond: Failed to get NL80211_STA_INFO_CNAHLOAD
12-23 13:44:56.364   744   744 E wificond: Failed to get NL80211_STA_INFO_CNAHLOAD
12-23 13:44:57.617   744   744 E wificond: Failed to get NL80211_STA_INFO_CNAHLOAD
12-23 13:45:00.639   744   744 E wificond: Failed to get NL80211_STA_INFO_CNAHLOAD
12-23 13:45:04.379   744   744 E wificond: Failed to get NL80211_STA_INFO_CNAHLOAD
12-23 13:45:06.679   744   744 E wificond: Failed to get NL80211_STA_INFO_CNAHLOAD
12-23 13:45:12.722   744   744 E wificond: Failed to get NL80211_STA_INFO_CNAHLOAD
12-23 13:45:13.377   683  1005 I chatty  : uid=1000(system) Binder:683_1 expire 11 lines
12-23 13:45:13.758   493   633 W SocketListener: sending broadcast to Pid = 683, Uid = 1000 
12-23 13:45:13.844   493   633 W SocketListener: sending broadcast to Pid = 683, Uid = 1000 
12-23 13:45:15.752   744   744 E wificond: Failed to get NL80211_STA_INFO_CNAHLOAD
12-23 13:45:15.772   683  2189 I chatty  : uid=1000(system) Binder:683_F expire 10 lines
12-23 13:45:15.789   683  9307 I chatty  : uid=1000(system) Binder:683_17 expire 14 lines
12-23 13:45:18.774   744   744 E wificond: Failed to get NL80211_STA_INFO_CNAHLOAD
12-23 13:45:20.389   744   744 I chatty  : uid=1010(wifi) /system/bin/wificond identical 12 lines
12-23 13:45:21.794   744   744 E wificond: Failed to get NL80211_STA_INFO_CNAHLOAD
12-23 13:45:24.814   744   744 E wificond: Failed to get NL80211_STA_INFO_CNAHLOAD
12-23 13:45:33.877   744   744 E wificond: Failed to get NL80211_STA_INFO_CNAHLOAD
12-23 13:45:36.391   744   744 E wificond: Failed to get NL80211_STA_INFO_CNAHLOAD
12-23 13:45:36.896   744   744 E wificond: Failed to get NL80211_STA_INFO_CNAHLOAD
12-23 13:45:39.918   744   744 E wificond: Failed to get NL80211_STA_INFO_CNAHLOAD
12-23 13:45:42.946   744   744 E wificond: Failed to get NL80211_STA_INFO_CNAHLOAD
12-23 13:45:44.407   744   744 E wificond: Failed to get NL80211_STA_INFO_CNAHLOAD
12-23 13:45:45.981   744   744 E wificond: Failed to get NL80211_STA_INFO_CNAHLOAD
12-23 13:45:48.188   683  9307 I chatty  : uid=1000(system) Binder:683_17 expire 10 lines
12-23 13:45:49.004   744   744 E wificond: Failed to get NL80211_STA_INFO_CNAHLOAD
12-23 13:45:58.070   744   744 E wificond: Failed to get NL80211_STA_INFO_CNAHLOAD
12-23 13:46:00.413   744   744 E wificond: Failed to get NL80211_STA_INFO_CNAHLOAD
12-23 13:46:01.087   744   744 I chatty  : uid=1010(wifi) /system/bin/wificond identical 10 lines
12-23 13:46:04.109   744   744 E wificond: Failed to get NL80211_STA_INFO_CNAHLOAD
12-23 13:46:07.132   744   744 E wificond: Failed to get NL80211_STA_INFO_CNAHLOAD
12-23 13:46:13.171   744   744 E wificond: Failed to get NL80211_STA_INFO_CNAHLOAD
12-23 13:46:15.072   493   633 W SocketListener: sending broadcast to Pid = 683, Uid = 1000 
12-23 13:46:15.076   683  1393 I chatty  : uid=1000(system) NetdConnector expire 10 lines
12-23 13:46:15.080   683  1163 I chatty  : uid=1000(system) android.fg expire 7 lines
12-23 13:46:16.197   744   744 E wificond: Failed to get NL80211_STA_INFO_CNAHLOAD
12-23 13:46:16.432   744   744 E wificond: Failed to get NL80211_STA_INFO_CNAHLOAD
12-23 13:46:19.218   744   744 E wificond: Failed to get NL80211_STA_INFO_CNAHLOAD
12-23 13:46:21.663   493   633 W SocketListener: sending broadcast to Pid = 683, Uid = 1000 
12-23 13:46:22.238   744   744 E wificond: Failed to get NL80211_STA_INFO_CNAHLOAD
12-23 13:46:31.309   744   744 E wificond: Failed to get NL80211_STA_INFO_CNAHLOAD
12-23 13:46:32.443   744   744 E wificond: Failed to get NL80211_STA_INFO_CNAHLOAD
12-23 13:46:32.450   744   744 E wificond: Failed to get NL80211_STA_INFO_CNAHLOAD
12-23 13:46:34.201   683  1005 I chatty  : uid=1000(system) Binder:683_1 expire 6 lines
12-23 13:46:34.351   744   744 E wificond: Failed to get NL80211_STA_INFO_CNAHLOAD
12-23 13:46:36.702   493   633 W SocketListener: sending broadcast to Pid = 683, Uid = 1000 
12-23 13:46:37.372   744   744 E wificond: Failed to get NL80211_STA_INFO_CNAHLOAD
12-23 13:46:38.626   683   683 I chatty  : uid=1000 system_server expire 7 lines
12-23 13:46:40.399   744   744 E wificond: Failed to get NL80211_STA_INFO_CNAHLOAD
12-23 13:46:40.450   744   744 I chatty  : uid=1010(wifi) /system/bin/wificond identical 11 lines
12-23 13:46:43.424   744   744 E wificond: Failed to get NL80211_STA_INFO_CNAHLOAD
12-23 13:46:43.950   493   633 W SocketListener: sending broadcast to Pid = 683, Uid = 1000 
12-23 13:46:46.450   744   744 E wificond: Failed to get NL80211_STA_INFO_CNAHLOAD
12-23 13:46:49.470   744   744 E wificond: Failed to get NL80211_STA_INFO_CNAHLOAD
12-23 13:46:50.619   683  9307 I chatty  : uid=1000(system) Binder:683_17 expire 7 lines
12-23 13:46:52.493   744   744 E wificond: Failed to get NL80211_STA_INFO_CNAHLOAD
12-23 13:46:55.515   744   744 E wificond: Failed to get NL80211_STA_INFO_CNAHLOAD
12-23 13:46:58.534   744   744 E wificond: Failed to get NL80211_STA_INFO_CNAHLOAD
12-23 13:47:01.558   744   744 E wificond: Failed to get NL80211_STA_INFO_CNAHLOAD
12-23 13:47:04.581   744   744 E wificond: Failed to get NL80211_STA_INFO_CNAHLOAD
12-23 13:47:05.101   683  1874 I chatty  : uid=1000(system) watchdog expire 3 lines
12-23 13:47:07.600   744   744 E wificond: Failed to get NL80211_STA_INFO_CNAHLOAD
12-23 13:47:13.646   744   744 E wificond: Failed to get NL80211_STA_INFO_CNAHLOAD
12-23 13:47:16.063   493   633 W SocketListener: sending broadcast to Pid = 683, Uid = 1000 
12-23 13:47:16.547   493   633 W SocketListener: sending broadcast to Pid = 683, Uid = 1000 
12-23 13:47:16.550   683  1393 I chatty  : uid=1000(system) NetdConnector expire 4 lines
12-23 13:47:16.662   744   744 E wificond: Failed to get NL80211_STA_INFO_CNAHLOAD
12-23 13:47:20.475   744   744 I chatty  : uid=1010(wifi) /system/bin/wificond identical 15 lines
12-23 13:47:20.484   744   744 E wificond: Failed to get NL80211_STA_INFO_CNAHLOAD
12-23 13:47:22.704   744   744 E wificond: Failed to get NL80211_STA_INFO_CNAHLOAD
12-23 13:47:23.109   683  2189 I chatty  : uid=1000(system) Binder:683_F expire 6 lines
12-23 13:47:25.724   744   744 E wificond: Failed to get NL80211_STA_INFO_CNAHLOAD
12-23 13:47:28.742   744   744 E wificond: Failed to get NL80211_STA_INFO_CNAHLOAD
12-23 13:47:31.766   744   744 E wificond: Failed to get NL80211_STA_INFO_CNAHLOAD
12-23 13:47:34.789   744   744 E wificond: Failed to get NL80211_STA_INFO_CNAHLOAD
12-23 13:47:36.491   744   744 E wificond: Failed to get NL80211_STA_INFO_CNAHLOAD
12-23 13:47:55.947   744   744 E wificond: Failed to get NL80211_STA_INFO_CNAHLOAD
12-23 13:47:57.153   493   633 W SocketListener: sending broadcast to Pid = 683, Uid = 1000 
12-23 13:47:58.970   744   744 E wificond: Failed to get NL80211_STA_INFO_CNAHLOAD
12-23 13:48:00.512   744   744 E wificond: Failed to get NL80211_STA_INFO_CNAHLOAD
12-23 13:48:01.993   744   744 I chatty  : uid=1010(wifi) /system/bin/wificond identical 3 lines
12-23 13:48:05.017   744   744 E wificond: Failed to get NL80211_STA_INFO_CNAHLOAD
12-23 13:48:08.042   744   744 E wificond: Failed to get NL80211_STA_INFO_CNAHLOAD
12-23 13:48:08.529   744   744 E wificond: Failed to get NL80211_STA_INFO_CNAHLOAD
12-23 13:48:09.152   683  1146 I chatty  : uid=1000(system) ActivityManager expire 10 lines
12-23 13:48:09.164   683   683 I chatty  : uid=1000 system_server expire 31 lines
12-23 13:48:09.173   683  1945 I chatty  : uid=1000(system) Binder:683_7 expire 8 lines
12-23 13:48:09.183   683  2189 I chatty  : uid=1000(system) Binder:683_F expire 2 lines
12-23 13:48:09.189   683  9307 I chatty  : uid=1000(system) Binder:683_17 expire 10 lines
12-23 13:48:09.202   493   633 W SocketListener: sending broadcast to Pid = 683, Uid = 1000 
12-23 13:48:09.204   683  1393 I chatty  : uid=1000(system) NetdConnector expire 10 lines
12-23 13:48:09.209   683  1163 I chatty  : uid=1000(system) android.fg expire 7 lines
12-23 13:48:09.267   683  1006 I chatty  : uid=1000(system) Binder:683_2 expire 12 lines
12-23 13:48:09.830   683  1005 I chatty  : uid=1000(system) Binder:683_1 expire 10 lines
12-23 13:48:11.068   744   744 E wificond: Failed to get NL80211_STA_INFO_CNAHLOAD
12-23 13:48:14.087   744   744 E wificond: Failed to get NL80211_STA_INFO_CNAHLOAD
12-23 13:48:17.107   744   744 I chatty  : uid=1010(wifi) /system/bin/wificond identical 11 lines
12-23 13:48:20.128   744   744 E wificond: Failed to get NL80211_STA_INFO_CNAHLOAD
12-23 13:48:23.147   744   744 E wificond: Failed to get NL80211_STA_INFO_CNAHLOAD
12-23 13:48:24.541   744   744 E wificond: Failed to get NL80211_STA_INFO_CNAHLOAD
12-23 13:48:32.553   744   744 E wificond: Failed to get NL80211_STA_INFO_CNAHLOAD
12-23 13:48:35.106   683  1874 I chatty  : uid=1000(system) watchdog expire 6 lines
12-23 13:48:35.238   744   744 E wificond: Failed to get NL80211_STA_INFO_CNAHLOAD
12-23 13:48:41.281   744   744 E wificond: Failed to get NL80211_STA_INFO_CNAHLOAD
12-23 13:48:41.681   683  1006 I chatty  : uid=1000(system) Binder:683_2 expire 8 lines
12-23 13:48:44.304   744   744 E wificond: Failed to get NL80211_STA_INFO_CNAHLOAD
12-23 13:48:48.571   744   744 I chatty  : uid=1010(wifi) /system/bin/wificond identical 13 lines
12-23 13:48:50.348   744   744 E wificond: Failed to get NL80211_STA_INFO_CNAHLOAD
12-23 13:48:51.805   493   633 W SocketListener: sending broadcast to Pid = 683, Uid = 1000 
12-23 13:48:53.366   744   744 E wificond: Failed to get NL80211_STA_INFO_CNAHLOAD
12-23 13:48:56.581   744   744 E wificond: Failed to get NL80211_STA_INFO_CNAHLOAD
12-23 13:48:59.104   493   633 W SocketListener: sending broadcast to Pid = 683, Uid = 1000 
12-23 13:48:59.406   744   744 E wificond: Failed to get NL80211_STA_INFO_CNAHLOAD
12-23 13:49:02.427   744   744 E wificond: Failed to get NL80211_STA_INFO_CNAHLOAD
12-23 13:49:03.363   683  1408 I chatty  : uid=1000(system) WifiScanningSer expire 4 lines
12-23 13:49:04.581   744   744 E wificond: Failed to get NL80211_STA_INFO_CNAHLOAD
12-23 13:49:04.589   744   744 E wificond: Failed to get NL80211_STA_INFO_CNAHLOAD
12-23 13:49:05.444   744   744 E wificond: Failed to get NL80211_STA_INFO_CNAHLOAD
12-23 13:49:05.653   493   634 W SocketListener: sending broadcast to Pid = 683, Uid = 1000 
12-23 13:49:05.755   683  1876 I chatty  : uid=1000(system) LocationThread expire 7 lines
12-23 13:49:05.760   683 30684 I chatty  : uid=1000 system_server expire 2 lines
12-23 13:49:05.771   683 30685 I chatty  : uid=1000 system_server expire 1 line
12-23 13:49:05.805   751   751 D libgps  : proxy_gps_inject_location: called.
12-23 13:49:05.957   683  9307 I chatty  : uid=1000(system) Binder:683_17 expire 9 lines
12-23 13:49:05.978   683 30689 I chatty  : uid=1000 system_server expire 2 lines
12-23 13:49:05.996   683 30690 I chatty  : uid=1000 system_server expire 1 line
12-23 13:49:05.996   751   751 D libgps  : proxy_gps_inject_location: called.
12-23 13:49:08.467   744   744 E wificond: Failed to get NL80211_STA_INFO_CNAHLOAD
12-23 13:49:11.062   683  1884 I chatty  : uid=1000(system) Binder:683_5 expire 10 lines
12-23 13:49:11.491   744   744 E wificond: Failed to get NL80211_STA_INFO_CNAHLOAD
12-23 13:49:17.531   744   744 E wificond: Failed to get NL80211_STA_INFO_CNAHLOAD
12-23 13:49:18.425   683  1398 I chatty  : uid=1000(system) WifiStateMachin expire 1 line
12-23 13:49:20.552   744   744 E wificond: Failed to get NL80211_STA_INFO_CNAHLOAD
12-23 13:49:20.596   744   744 E wificond: Failed to get NL80211_STA_INFO_CNAHLOAD
12-23 13:49:20.729   493   634 W SocketListener: sending broadcast to Pid = 683, Uid = 1000 
12-23 13:49:23.574   744   744 E wificond: Failed to get NL80211_STA_INFO_CNAHLOAD
12-23 13:49:32.634   744   744 E wificond: Failed to get NL80211_STA_INFO_CNAHLOAD
12-23 13:49:35.662   744   744 E wificond: Failed to get NL80211_STA_INFO_CNAHLOAD
12-23 13:49:53.796   744   744 I chatty  : uid=1010(wifi) /system/bin/wificond identical 12 lines
12-23 13:49:56.819   744   744 E wificond: Failed to get NL80211_STA_INFO_CNAHLOAD
12-23 13:49:59.230   493   633 W SocketListener: sending broadcast to Pid = 683, Uid = 1000 
12-23 13:49:59.232   683  1393 I chatty  : uid=1000(system) NetdConnector expire 10 lines
12-23 13:49:59.841   744   744 E wificond: Failed to get NL80211_STA_INFO_CNAHLOAD
12-23 13:50:00.621   493   633 W SocketListener: sending broadcast to Pid = 683, Uid = 1000 
12-23 13:50:00.633   744   744 E wificond: Failed to get NL80211_STA_INFO_CNAHLOAD
12-23 13:50:00.646   744   744 E wificond: Failed to get NL80211_STA_INFO_CNAHLOAD
12-23 13:50:02.867   744   744 E wificond: Failed to get NL80211_STA_INFO_CNAHLOAD
12-23 13:50:05.889   744   744 E wificond: Failed to get NL80211_STA_INFO_CNAHLOAD
12-23 13:50:06.526   683  1142 I chatty  : uid=1000(system) android.bg expire 10 lines
12-23 13:50:07.128   683  1403 I chatty  : uid=1000(system) IpManager.wlan0 expire 2 lines
12-23 13:50:07.235   683  1410 I chatty  : uid=1000(system) WifiP2pService expire 6 lines
12-23 13:50:07.243   683 26388 I chatty  : uid=1000(system) DhcpClient expire 7 lines
12-23 13:50:07.276   683  1413 I chatty  : uid=1000(system) ConnectivitySer expire 9 lines
12-23 13:50:07.296   744   744 E wificond: Failed to get NL80211_STA_INFO_CNAHLOAD
12-23 13:50:07.327   683   683 I chatty  : uid=1000 system_server expire 14 lines
12-23 13:50:07.376 12219 12219 W ContextImpl: Calling a method in the system process without a qualified user: android.app.ContextImpl.startService:1656 android.content.ContextWrapper.startService:644 android.content.ContextWrapper.startService:644 com.android.settings.wifi.AccessPointConnectedReceiver.onReceive:28 android.app.ActivityThread.handleReceiver:3695 
12-23 13:50:08.639   744   744 E wificond: Failed to get NL80211_STA_INFO_CNAHLOAD
12-23 13:50:08.645   744   744 I chatty  : uid=1010(wifi) /system/bin/wificond identical 11 lines
12-23 13:50:08.911   744   744 E wificond: Failed to get NL80211_STA_INFO_CNAHLOAD
12-23 13:50:09.375   683 10382 I chatty  : uid=1000(system) Binder:683_1F expire 10 lines
12-23 13:50:09.557   683  1884 I chatty  : uid=1000(system) Binder:683_5 expire 12 lines
12-23 13:50:11.936   744   744 E wificond: Failed to get NL80211_STA_INFO_CNAHLOAD
12-23 13:50:12.519   683  2158 I chatty  : uid=1000(system) Binder:683_E expire 6 lines
12-23 13:50:14.962   744   744 E wificond: Failed to get NL80211_STA_INFO_CNAHLOAD
12-23 13:50:16.644   744   744 E wificond: Failed to get NL80211_STA_INFO_CNAHLOAD
12-23 13:50:24.027   744   744 E wificond: Failed to get NL80211_STA_INFO_CNAHLOAD
12-23 13:50:24.649   744   744 E wificond: Failed to get NL80211_STA_INFO_CNAHLOAD
12-23 13:50:33.081   744   744 E wificond: Failed to get NL80211_STA_INFO_CNAHLOAD
12-23 13:50:36.102   744   744 E wificond: Failed to get NL80211_STA_INFO_CNAHLOAD
12-23 13:50:37.606   683  1152 I chatty  : uid=1000(system) batterystats-sy expire 2 lines
12-23 13:50:39.127   744   744 E wificond: Failed to get NL80211_STA_INFO_CNAHLOAD
12-23 13:50:42.145   744   744 E wificond: Failed to get NL80211_STA_INFO_CNAHLOAD
12-23 13:50:43.476   683  1148 I chatty  : uid=1000(system) android.ui expire 13 lines
12-23 13:50:45.170   744   744 E wificond: Failed to get NL80211_STA_INFO_CNAHLOAD
12-23 13:50:48.674   744   744 I chatty  : uid=1010(wifi) /system/bin/wificond identical 6 lines
12-23 13:50:48.683   744   744 E wificond: Failed to get NL80211_STA_INFO_CNAHLOAD
12-23 13:50:50.369   742   823 E /system/bin/storaged: pid_info get_pids failed
12-23 13:50:51.214   744   744 E wificond: Failed to get NL80211_STA_INFO_CNAHLOAD
12-23 13:50:54.238   744   744 E wificond: Failed to get NL80211_STA_INFO_CNAHLOAD
12-23 13:50:56.679   744   744 E wificond: Failed to get NL80211_STA_INFO_CNAHLOAD
12-23 13:50:57.260   744   744 E wificond: Failed to get NL80211_STA_INFO_CNAHLOAD
