12-23 14:34:00.632   683  1456 I chatty  : uid=1000(system) WiFiArpStateMac expire 12 lines
12-23 14:34:01.332  1508  1760 I chatty  : uid=10039(u0_a39) SystemUI_subThr expire 12 lines
12-23 14:34:02.028   744   744 E wificond: Failed to get NL80211_STA_INFO_CNAHLOAD
12-23 14:34:02.039   683  1470 I chatty  : uid=1000(system) HuaweiWifiWatch expire 34 lines
12-23 14:34:02.049   683  5715 I chatty  : uid=1000(system) MobileQosDetect expire 3 lines
12-23 14:34:02.078   699   699 E WifiHAL : enter wifi_get_link_stats
12-23 14:34:02.086   683  1398 I chatty  : uid=1000(system) WifiStateMachin expire 11 lines
12-23 14:34:02.087   683  1400 I chatty  : uid=1000(system) HwWifiCHRStateM expire 15 lines
12-23 14:34:02.296  3413 32679 W NetRec  : [3556] aeqv.a: Timeout after 2202 ms while waiting for score updates. Rescheduling.
12-23 14:34:02.301  3413 32679 I NetRec  : [3556] aeqv.a: Still entries pending update, scheduling new rapid_refresh_scores_task refresh.
12-23 14:34:02.316  3413 32679 I NetRec  : [3556] aeqv.a: Completed rapid_refresh_scores_task score refresh task in 2279 ms, returning 1
12-23 14:34:02.037   744   744 I chatty  : uid=1010(wifi) /system/bin/wificond identical 1 line
12-23 14:34:02.086   744   744 E wificond: Failed to get NL80211_STA_INFO_CNAHLOAD
12-23 14:34:02.327   683  1884 V BroadcastQueue: Finished with ordered broadcast BroadcastRecord{7b97538 u0 com.google.android.gms.gcm.ACTION_SCHEDULE}
12-23 14:34:02.339  3413 10722 D WorkSource: Insert in WorkSource{} @ 0 uid 10099 name com.google.android.gms
12-23 14:34:02.341   683  1390 W HwAlarmManagerService: isContainsAppUidInWorksource-->happend NameNotFoundException
12-23 14:34:02.349   683  1390 D SmartHeartBeat: isPendingPackage, false, pkg:com.android.deskclock, action:com.android.deskclock.ALARM_ALERT,not pending alarm with AlarmClockInfo
12-23 14:34:03.262  3457  6781 D [HwRecSys]LocationController: receive msg MSG_LOCATION_PASSIVE_TIME_OUT
12-23 14:34:03.263  3457  6781 D [HwRecSys]LocationController: stopReceivingLocationUpdates
12-23 14:34:03.265   683  1876 I chatty  : uid=1000(system) LocationThread expire 35 lines
12-23 14:34:03.268  1961  2090 D DeviceMonitor: GPS request stop:com.huawei.recsys pid:3457 interval(s): -1 reqId:cb54d9b
12-23 14:34:03.269  3457  6781 D [HwRecSys]LocationController: startReceivingLocationUpdates
12-23 14:34:03.270  3457  6781 D [HwRecSys]LocationController: requestLocationUpdates provider:network
12-23 14:34:03.280  1919  2075 E SensorManager: sensor or listener is null
12-23 14:34:03.281  1919  2082 D NcDft_GnssDataStatisticsManager: increaseGnssStatisticCount, counttype = 7
12-23 14:34:03.285  1919  2082 D NcDft_GnssDataBaseManager: check If statistic database exist, record Count=1
12-23 14:34:03.290   683  1884 D WifiService: startScan, pid:3971, uid:10084, appName:com.baidu.map.location
12-23 14:34:03.293  3971  7901 I baidu_location_service: wifi start scan
12-23 14:34:03.298  1919  2082 D NcDft_GnssDataBaseManager: writeGnssDB  succ, rowChg=1
12-23 14:34:03.302  3971  3971 D TelephonyManager: getAllCellInfo calling app is com.baidu.map.location
12-23 14:34:03.304  1976  2452 W PhoneInterfaceManager: shouldBlockLocation running ...
12-23 14:34:03.305  1976  2452 I PhoneInterfaceManager: shouldBlockLocation  ret:false
12-23 14:34:03.308   683  1390 I chatty  : uid=1000(system) Binder:683_3 expire 2 lines
12-23 14:34:03.310  1933  1946 D HwMSDPDeviceStatusServiceProxy: getCurrentDeviceStatus in
12-23 14:34:03.310  1933  1946 D ARMoudle.HwActivityRecognition: getCurrentActivityExtend
12-23 14:34:03.312   660   660 I ArData  : (ar_data_get_state:1203):id[2]
12-23 14:34:03.315  1933  1946 D ARMoudle.HwActivityRecognition: hwActivityEvent:[ ActivityChangedExtendEvent:
12-23 14:34:03.315  1933  1946 D ARMoudle.HwActivityRecognition:     Activity='android.activity_recognition.still', EventType=1, TimestampNs=142165333810869
12-23 14:34:03.315  1933  1946 D ARMoudle.HwActivityRecognition: ]
12-23 14:34:03.315  1933  1946 D HwMSDPDeviceStatusServiceProxy: timestampNs is (get) :142165333
12-23 14:34:03.315  1933  1946 D HwMSDPDeviceStatusServiceProxy: sensorHubStatus  is android.activity_recognition.stillmEventType is 1mTimestampNs is 142165333
12-23 14:34:03.316  1933  1946 D HwMSDPDeviceStatusServiceProxy: get current device status results is [ActivityChangedEvent:
12-23 14:34:03.316  1933  1946 D HwMSDPDeviceStatusServiceProxy: DeviceStatus='android.activity_recognition.still_of_absolute_level_one',EventType='1',TimestampNs=142165333
12-23 14:34:03.316  1933  1946 D HwMSDPDeviceStatusServiceProxy: ]
12-23 14:34:03.316  1933  1946 D HwMSDPDeviceStatusService: hwMSDPDeviceStatusEvents  is [DeviceStatus='android.activity_recognition.still_of_absolute_level_one',EventType='1',TimestampNs=142165333]
12-23 14:34:03.354  3971  3971 D baidu_location_service: start network locating ...true  false
12-23 14:34:03.354  3971  3971 D NLP_STA : network locating ...true  false
12-23 14:34:03.356  3971  3971 D TelephonyManager: getAllCellInfo calling app is com.baidu.map.location
12-23 14:34:03.358  1976  2452 W PhoneInterfaceManager: shouldBlockLocation running ...
12-23 14:34:03.359  1976  2452 I PhoneInterfaceManager: shouldBlockLocation  ret:false
12-23 14:34:03.379  3971  3971 D TelephonyManager: getAllCellInfo calling app is com.baidu.map.location
12-23 14:34:03.382  1976  2452 W PhoneInterfaceManager: shouldBlockLocation running ...
12-23 14:34:03.382  1976  2452 I PhoneInterfaceManager: shouldBlockLocation  ret:false
12-23 14:34:03.393  3971  3971 D TelephonyManager: getNeighboringCellInfo calling app is com.baidu.map.location
12-23 14:34:03.396  1976  2452 W PhoneInterfaceManager: shouldBlockLocation running ...
12-23 14:34:03.396  1976  2452 I PhoneInterfaceManager: shouldBlockLocation  ret:false
12-23 14:34:03.414  3971  3971 D baidu_location_service: WifiScan finished, in callback.
12-23 14:34:03.426   493 32683 D libc    : GetAddrInfoHandler addr: xxx.168.18.254
12-23 14:34:03.443   493 32683 W libc    : Set property "hw.wifi.dns_stat" to "688,23,13448,1,122399"
12-23 14:34:04.033   683   683 I chatty  : uid=1000 system_server expire 44 lines
12-23 14:34:04.121  3971  3971 I NLP     : result:[location successful], reason:[network location]
12-23 14:34:04.124   683  1945 I chatty  : uid=1000(system) Binder:683_7 expire 4 lines
12-23 14:34:04.132   683  1876 D HwLocalLocationProvider: this loc is Better than Last Location
12-23 14:34:04.138   683 32686 D HwLocalLocationProvider: cellid is Exist, update  cellinfo to DB
12-23 14:34:04.138   683 32686 D HwLocalLocationProvider: update loc to cell database
12-23 14:34:04.138  1919  2930 D NcDft_ServiceImpl: notifyNcDftEvent domain is : 0 ;eventID is: 29 ;List is [19]
12-23 14:34:04.139  1919  2075 E HwNLPSessionRecorder:  update NLP status:  19
12-23 14:34:04.143  3312 16220 D HiBoard_LocationService: onStatusChanged provider=network status=19
12-23 14:34:04.145  3457  6781 D [HwRecSys]LocationController:  onLocationChanged--network
12-23 14:34:04.145  3457  6781 D [HwRecSys]LocationController:  -- onLocationChanged->enter
12-23 14:34:04.151   683 32687 D HwLocalLocationProvider: update loc to bssid database
12-23 14:34:04.156   683  1876 W ProcBatteryStats: timer is running , not start, name: , uid: 1000, tag: LocationManagerService
12-23 14:34:04.158   683  1876 W ProcBatteryStats: timer is running , not start, name: , uid: 1000, tag: LocationManagerService
12-23 14:34:04.181   751   751 D libgps  : proxy_gps_inject_location: called.
12-23 14:34:04.182  1919  2930 D NcDft_ServiceImpl: notifyNcDftEvent domain is : 0 ;eventID is: 24 ;List is [ref_location]
12-23 14:34:04.182  1919  2075 D NcDft_GnssDftManager: handlerInjectExtraParam ref_location
12-23 14:34:04.182   683  1876 W ProcBatteryStats: timer is not running , not stop, name: , uid: 1000, tag: LocationManagerService
12-23 14:34:04.321   683  1399 I chatty  : uid=1000(system) HwWifiStatStore expire 10 lines
12-23 14:34:04.466  1919  2167 W DoneDirFilePackUtil: collectAllFilesInDoneDir NumberFormatException
12-23 14:34:04.467  1919  2167 W DoneDirFilePackUtil: collectAllFilesInDoneDir NumberFormatException
12-23 14:34:04.468  1919  2167 E LogFilePackager: filterLogListWithThreshold loglist is null
12-23 14:34:04.469  1919  2167 W DoneDirFilePackUtil: collectAllFilesInDoneDir NumberFormatException
12-23 14:34:04.469  1919  2167 W DoneDirFilePackUtil: collectAllFilesInDoneDir NumberFormatException
12-23 14:34:04.470  1919  2167 E LogFilePackager: filterLogListWithThreshold loglist is null
12-23 14:34:04.963  3971 30156 I NLP     : result:[rego successful]
12-23 14:34:04.966  3457  6781 I [HwRecSys]DirectServiceController: onLocationSuccess lastHwDirectServicesEntry is null!
12-23 14:34:04.966  3457  6781 E [HwRecSys]AwareLocationReceiver: no need modify city code
12-23 14:34:04.966  3457  6781 W [HwRecSys]WeatherController:  request in
12-23 14:34:04.966  3457  6781 W [HwRecSys]WeatherController:  request in 1 
12-23 14:34:04.974  3457  6781 D [HwRecSys]LocationController: receive msg MSG_STOP_NETWORK_LOCATION
12-23 14:34:04.974  3457  6781 D [HwRecSys]LocationController: stopReceivingLocationUpdates
12-23 14:34:04.975  2098 32690 W TotemWeather: CityInfoUtils: updateCityInfoFromWeatherInfo mCityName is null, use weather's cityName
12-23 14:34:04.977   683  1884 W ProcBatteryStats: timer is not running , not stop, name: , uid: 1000, tag: LocationManagerService
12-23 14:34:04.980  1961  2090 D DeviceMonitor: GPS request stop:com.huawei.recsys pid:3457 interval(s): -1 reqId:b912877
12-23 14:34:04.982  3457  6781 D [HwRecSys]LocationController:  onStatusChanged--network status:19 extras:Bundle[EMPTY_PARCEL]
12-23 14:34:04.982  3971  7901 D baidu_location_service: wifi valid time < 10S
12-23 14:34:04.983  3971  7901 D TelephonyManager: getAllCellInfo calling app is com.baidu.map.location
12-23 14:34:04.986  1976  2452 W PhoneInterfaceManager: shouldBlockLocation running ...
12-23 14:34:04.986  1976  2452 I PhoneInterfaceManager: shouldBlockLocation  ret:false
12-23 14:34:05.003  3971  7901 D baidu_location_service: start network locating ...false  false
12-23 14:34:05.004  3971  7901 D NLP_STA : network locating ...false  false
12-23 14:34:05.006  3971  3971 I NLP     : result:[location successful], reason:[network location]
12-23 14:34:05.008  3457  3476 I [HwRecSys]DirectServiceController: onWeatherSuccess lastHwDirectServicesEntry is null!
12-23 14:34:05.011   683  1876 D HwLocalLocationProvider: this loc is Better than Last Location
12-23 14:34:05.015   683 32691 D HwLocalLocationProvider: cellid is Exist, update  cellinfo to DB
12-23 14:34:05.015   683 32691 D HwLocalLocationProvider: update loc to cell database
12-23 14:34:05.016  1919  2930 D NcDft_ServiceImpl: notifyNcDftEvent domain is : 0 ;eventID is: 29 ;List is [3]
12-23 14:34:05.017  1919  2075 E HwNLPSessionRecorder:  update NLP status:  3
12-23 14:34:05.019  3312 16220 D HiBoard_LocationService: onStatusChanged provider=network status=3
12-23 14:34:05.022   683 32692 D HwLocalLocationProvider: update loc to bssid database
12-23 14:34:05.029   683  1876 W ProcBatteryStats: timer is running , not start, name: , uid: 1000, tag: LocationManagerService
12-23 14:34:05.039   751   751 D libgps  : proxy_gps_inject_location: called.
12-23 14:34:05.040  1919  2930 D NcDft_ServiceImpl: notifyNcDftEvent domain is : 0 ;eventID is: 24 ;List is [ref_location]
12-23 14:34:05.041  1919  2075 D NcDft_GnssDftManager: handlerInjectExtraParam ref_location
12-23 14:34:05.041   683  1876 W ProcBatteryStats: timer is not running , not stop, name: , uid: 1000, tag: LocationManagerService
12-23 14:34:05.093   699   699 E WifiHAL : enter wifi_get_link_stats
12-23 14:34:05.102   744   744 E wificond: Failed to get NL80211_STA_INFO_CNAHLOAD
12-23 14:34:05.302  3971  3971 D TelephonyManager: getAllCellInfo calling app is com.baidu.map.location
12-23 14:34:05.305  1976  2452 W PhoneInterfaceManager: shouldBlockLocation running ...
12-23 14:34:05.306  1976  2452 I PhoneInterfaceManager: shouldBlockLocation  ret:false
12-23 14:34:06.378   683  1365 I chatty  : uid=1000(system) AlarmManager expire 1 line
12-23 14:34:06.384   683   683 V BroadcastQueue: Finished with ordered broadcast BroadcastRecord{253e949 u0 com.huawei.android.bastet.ACTION_SEND_HEARTBEAT}
12-23 14:34:06.458   965  1065 W libc    : Set property "ril.hw_modem0.rssi" to "-120"
12-23 14:34:06.467  1976  1976 W libc    : Set property "gsm.rssi.sim1" to "-120"
12-23 14:34:06.475   683  1165 I chatty  : uid=1000(system) android.display expire 8 lines
12-23 14:34:06.483   723   830 D bastetd : [HbTaskManager  ] handleTaskTimeout# task schedule timer timeout
12-23 14:34:06.484   723   830 E bastetd : [EventDevice    ] doIoctl# Failed to ioctl: (Bad address)
12-23 14:34:06.484   723   830 E bastetd : [HbmAdapter     ] sendHeartbeatPacket# send heartbeat content failed: Bad address
12-23 14:34:06.484   723   830 D bastetd : [HbProxyTask    ] sendHeartbeat# protId=3, taskId=25 interval=1 sent heartbeat content
12-23 14:34:06.484   723   830 D bastetd : [HbTaskManager  ] handleTaskTimeout# set reply timer: 20000
12-23 14:34:06.484   723   830 D bastetd : [HbTaskManager  ] rescheduleTimer# detector supplied interval 1
12-23 14:34:06.479   723   723 W EventThread: type=1400 audit(0.0:11705): avc: denied { write } for laddr=::ffff:192.168.18.60 lport=57148 faddr=::ffff:122.11.34.192 fport=9877 scontext=u:r:bastetd:s0 tcontext=u:r:platform_app:s0:c512,c768 tclass=tcp_socket permissive=0
12-23 14:34:06.485   723   830 D bastetd : [HbTaskManager  ] rescheduleTimer# reset schedule timer: +300000
12-23 14:34:08.109   699   699 E WifiHAL : enter wifi_get_link_stats
12-23 14:34:08.125   744   744 E wificond: Failed to get NL80211_STA_INFO_CNAHLOAD
12-23 14:34:09.505   743   743 E Thermal-daemon: [battery] temp_new :29  temp_old :28
12-23 14:34:09.506  1961 24649 I ThermalService: Receive temperature change, type: 9, temp: 29 from thermald
12-23 14:34:09.506  1961 24649 I ThermalTrace_ThermalRaise: Battery:29
12-23 14:34:09.507   743   743 E Thermal-daemon: Report temperature: [battery] temp :29  report_threshold:1
12-23 14:34:10.052   683  2951 I chatty  : uid=1000(system) wifipro_uid_tcp expire 3 lines
12-23 14:34:11.132   699   699 E WifiHAL : enter wifi_get_link_stats
12-23 14:34:13.359  1508  1508 I chatty  : uid=10039(u0_a39) com.android.systemui expire 66 lines
12-23 14:34:14.139   965  1065 W libc    : Set property "ril.hw_modem0.rssi" to "-117"
12-23 14:34:14.147  1976  1976 W libc    : Set property "gsm.rssi.sim1" to "-117"
12-23 14:34:14.156   699   699 E WifiHAL : enter wifi_get_link_stats
12-23 14:34:14.172   683  1400 I chatty  : uid=1000(system) HwWifiCHRStateM expire 27 lines
12-23 14:34:14.408   683   683 I chatty  : uid=1000 system_server expire 71 lines
12-23 14:34:11.147   744   744 I chatty  : uid=1010(wifi) /system/bin/wificond identical 3 lines
12-23 14:34:14.171   744   744 E wificond: Failed to get NL80211_STA_INFO_CNAHLOAD
12-23 14:34:14.411   683   683 D WifiService: onReceive, action:android.intent.action.BATTERY_CHANGED
12-23 14:34:14.411   683   683 D WifiService: ACTION_BATTERY_CHANGED pluggedType: 2
12-23 14:34:14.421  1961  1961 I MsgReceiver: intent action: android.intent.action.BATTERY_CHANGED
12-23 14:34:14.426 31647 32273 I [10.3.0.302]CloudAlbum.OperationUtil: cancelNotify
12-23 14:34:16.370  1508  1760 I chatty  : uid=10039(u0_a39) SystemUI_subThr expire 11 lines
12-23 14:34:17.179   699   699 E WifiHAL : enter wifi_get_link_stats
12-23 14:34:17.194   744   744 E wificond: Failed to get NL80211_STA_INFO_CNAHLOAD
12-23 14:34:17.194   683  1398 I chatty  : uid=1000(system) WifiStateMachin expire 15 lines
12-23 14:34:18.052   683  1470 I chatty  : uid=1000(system) HuaweiWifiWatch expire 21 lines
12-23 14:34:18.044   744   744 I chatty  : uid=1010(wifi) /system/bin/wificond identical 1 line
12-23 14:34:18.051   744   744 E wificond: Failed to get NL80211_STA_INFO_CNAHLOAD
12-23 14:34:19.158   683  1352 D HwBatteryService: onUEvent fcpStatus = 0,scpStatus =0,ovpStatus=0
12-23 14:34:19.161   683  1352 I UsbDeviceManager: water_intrused state= 0
12-23 14:34:19.181   683   683 D WifiService: onReceive, action:android.intent.action.BATTERY_CHANGED
12-23 14:34:19.181   683   683 D WifiService: ACTION_BATTERY_CHANGED pluggedType: 2
12-23 14:34:19.185  1961  1961 I MsgReceiver: intent action: android.intent.action.BATTERY_CHANGED
12-23 14:34:19.198 31647 32273 I [10.3.0.302]CloudAlbum.OperationUtil: cancelNotify
12-23 14:34:19.516   743   743 E Thermal-daemon: [shell_temp] temp_new :30  temp_old :29
12-23 14:34:19.517  1961 24649 I ThermalService: Receive temperature change, type: 22, temp: 30 from thermald
12-23 14:34:19.517  1961 24649 I ThermalTrace_ThermalRaise: Shell:28,29,30,currentBatteryTemp:29
12-23 14:34:19.519   743   743 E Thermal-daemon: Report temperature: [shell_temp] temp :30  report_threshold:1
12-23 14:34:19.519   743   743 E Thermal-daemon: [battery] temp_new :28  temp_old :29
12-23 14:34:19.520  1961 24649 I ThermalService: Receive temperature change, type: 9, temp: 28 from thermald
12-23 14:34:19.520  1961 24649 I ThermalTrace_ThermalRaise: Battery:28
12-23 14:34:19.520   743   743 E Thermal-daemon: Report temperature: [battery] temp :28  report_threshold:1
12-23 14:34:19.522   743   743 E Thermal-daemon: [charger_ic] temp_new :30  temp_old :31
12-23 14:34:19.522  1961 24649 I ThermalService: Receive temperature change, type: 2, temp: 30 from thermald
12-23 14:34:19.523   743   743 E Thermal-daemon: Report temperature: [charger_ic] temp :30  report_threshold:1
12-23 14:34:20.201   699   699 E WifiHAL : enter wifi_get_link_stats
12-23 14:34:20.217   744   744 E wificond: Failed to get NL80211_STA_INFO_CNAHLOAD
12-23 14:34:23.226   699   699 E WifiHAL : enter wifi_get_link_stats
12-23 14:34:24.525   743   743 E Thermal-daemon: [shell_temp] temp_new :29  temp_old :30
12-23 14:34:24.526  1961 24649 I ThermalService: Receive temperature change, type: 22, temp: 29 from thermald
12-23 14:34:24.526  1961 24649 I ThermalTrace_ThermalRaise: Shell:29,30,29,currentBatteryTemp:28
12-23 14:34:24.527   743   743 E Thermal-daemon: Report temperature: [shell_temp] temp :29  report_threshold:1
12-23 14:34:24.528   743   743 E Thermal-daemon: [pa_0] temp_new :30  temp_old :29
12-23 14:34:24.529  1961 24649 I ThermalService: Receive temperature change, type: 1, temp: 30 from thermald
12-23 14:34:24.529   743   743 E Thermal-daemon: Report temperature: [pa_0] temp :30  report_threshold:1
12-23 14:34:24.530   743   743 E Thermal-daemon: [charger_ic] temp_new :31  temp_old :30
12-23 14:34:24.530  1961 24649 I ThermalService: Receive temperature change, type: 2, temp: 31 from thermald
12-23 14:34:24.531   743   743 E Thermal-daemon: Report temperature: [charger_ic] temp :31  report_threshold:1
12-23 14:34:25.392  1508  1508 I chatty  : uid=10039(u0_a39) com.android.systemui expire 55 lines
12-23 14:34:25.621   683  1456 I chatty  : uid=1000(system) WiFiArpStateMac expire 23 lines
12-23 14:34:26.249   699   699 E WifiHAL : enter wifi_get_link_stats
12-23 14:34:26.503   723   830 D bastetd : [HbTaskManager  ] handleReplyTimeout# reply timer timeout
12-23 14:34:26.504   723   830 D bastetd : [HwpgedPCA      ] reportAction# TO HWPGED, pid=3918, action=0, reserve=0
12-23 14:34:26.504   723   830 D bastetd : [BastetDevice   ] setSocketClosed# Proxy socket closed
12-23 14:34:26.504   723   830 D bastetd : [HbProxyTask    ] ~HbProxyTask# protId=3, taskId=25 removed
12-23 14:34:26.505   723   830 D bastetd : [HbTaskManager  ] rescheduleTimer# detector supplied interval 1
12-23 14:34:26.505   723   830 D bastetd : [HbTaskManager  ] rescheduleTimer# no started state proxy task
12-23 14:34:26.505   748 10271 I Pged-IPgedBinderService: hwpged receiveBastetAction, pid: 3918, action: 0, reserve: 0
12-23 14:34:26.506  3918 32475 E HiAction_XChannel.f-416: run(): inputStream.read SocketException: java.net.SocketException: Connection reset
12-23 14:34:26.506  3918 32475 I HiAction_XChannel.f-416: run(): not ETIMEDOUT exception, should refresh pusher address
12-23 14:34:26.506  3918 32475 I HiAction_XChannel.k-416: stopAlarm(): 
12-23 14:34:26.506  1961 24649 I PgedBinderListener: net callback uids list:[0, 3918]
12-23 14:34:26.506  3918 32475 I HiAction_XChannel.k-416: notifyRestartWork(): 
12-23 14:34:26.506  3918 32475 I HiAction_XChannel.XChannelService: sdkStatusChange(): 
12-23 14:34:26.508  1961  2326 I ash     : recordCanProxyApps: state: 0, pid: 3918
12-23 14:34:26.508  3918 32475 I HiAction_XChannel.k-416: setIntoMsgQueue(): 
12-23 14:34:26.508  3918 32475 I HiAction_XChannel.f-416: run(): RecvThread exit
12-23 14:34:26.509  3918 32476 I HiAction_XChannel.i-416: run(): get stop message and stop current thread
12-23 14:34:26.509  3918 32476 I HiAction_XChannel.i-416: run(): release wakelock before SendThread exit
12-23 14:34:26.509  3918 32476 I HiAction_XChannel.k-416: notifyRestartWork(): 
12-23 14:34:26.509  3918 32476 I HiAction_XChannel.XChannelService: sdkStatusChange(): 
12-23 14:34:26.510  3918 32700 I HiAction_XChannel.e: sdkStatusChange(): 
12-23 14:34:26.511  3918 32700 I HiAction_XChannel.a: onSdkStatusChange(): isAvaliable[false] status[PUSH_MSG_UNAVAILABLE]
12-23 14:34:26.512  3918 32476 I HiAction_XChannel.k-416: setIntoMsgQueue(): 
12-23 14:34:26.519  3918 32701 I HiAction_XChannel.e: sdkStatusChange(): 
12-23 14:34:26.519  3918 32701 I HiAction_XChannel.a: onSdkStatusChange(): isAvaliable[false] status[PUSH_MSG_UNAVAILABLE]
12-23 14:34:26.065   744   744 I chatty  : uid=1010(wifi) /system/bin/wificond identical 3 lines
12-23 14:34:26.266   744   744 E wificond: Failed to get NL80211_STA_INFO_CNAHLOAD
12-23 14:34:26.529   683  1945 D SmartHeartBeat: isPendingPackage, false, pkg:com.android.deskclock, action:com.android.deskclock.ALARM_ALERT,not pending alarm with AlarmClockInfo
12-23 14:34:27.034  6277  6301 D LogUtil_LogConfig: getLogFile(): logFilePath = /data/data/com.huawei.health/files/com.huawei.health/com.huawei.health_DaemonService/
12-23 14:34:27.035  6277  6301 D LogUtil_LogConfig: obtainSavePath(): path = 1
12-23 14:34:27.035  6277  6301 D LogUtil_LogConfig: acquireMaxLogFileLengthContainsOffset describe: com.huawei.health:DaemonService result:5242880
12-23 14:34:27.401   683  1874 W Watchdog: hungtask: writing kick
12-23 14:34:27.407   683  1163 I chatty  : uid=1000(system) android.fg expire 2 lines
12-23 14:34:28.226   965  1065 W libc    : Set property "ril.hw_modem0.rssi" to "-120"
12-23 14:34:28.233  1976  1976 W libc    : Set property "gsm.rssi.sim1" to "-120"
12-23 14:34:28.435  1508  1760 I chatty  : uid=10039(u0_a39) SystemUI_subThr expire 10 lines
12-23 14:34:28.512  3918 32476 I HiAction_XChannel.i-416: run(): schedule to restart XChannelClient
12-23 14:34:28.513  3918 32476 I HiAction_XChannel.k: startWork(): 
12-23 14:34:28.518  3918 32476 I HiAction_XChannel.k: getDelay(): current time is 2018?12?23? 14:34:28, last connect time is 2018?12?23? 14:29:04
12-23 14:34:28.518  3918 32476 I HiAction_XChannel.k: getDelay(): more than one minute between tow connections, delay is set to be 0
12-23 14:34:28.520  3918 32476 I HiAction_XChannel.k: run(): startWork is scheduled
12-23 14:34:28.520  3918 32476 I HiAction_XChannel.i-416: run(): SendThread exit
12-23 14:34:28.527  3918 32702 I HiAction_XChannel.k-417: run(): 
12-23 14:34:28.527  3918 32702 I HiAction_XChannel.k-417: reset(): 
12-23 14:34:28.527  3918 32702 I HiAction_XChannel.k-417: reset(): stop expired alarm
12-23 14:34:28.527  3918 32702 I HiAction_XChannel.k-417: stopAlarm(): 
12-23 14:34:28.527  3918 32702 I HiAction_XChannel.k-417: reset(): interrupt recvThread
12-23 14:34:28.527  3918 32702 I HiAction_XChannel.k-417: reset(): interrupt sendThread
12-23 14:34:28.527  3918 32702 I HiAction_XChannel.k-417: reset(): close expired socket
12-23 14:34:28.528   723   830 D bastetd : [BastetDevice   ] indSocketClosed# proxyId: 0x00000278, reconnEnable=0, proxy_id: 0x00000278
12-23 14:34:28.529  3918 32702 I HiAction_XChannel.k-417: reset(): ensure expired threads exit
12-23 14:34:28.529  3918 32702 I HiAction_XChannel.k-417: reset(): receive thread exit
12-23 14:34:28.529  3918 32702 I HiAction_XChannel.k-417: reset(): send thread exit
12-23 14:34:28.530  3918 32702 I HiAction_XChannel.k-417: reset(): clear expired data
12-23 14:34:28.530  3918 32702 I HiAction_XChannel.d: clear(): 
12-23 14:34:28.530  3918 32702 I HiAction_XChannel.a: clear(): 
12-23 14:34:28.530  3918  3935 D HwBastet: HwBastet handleProxyMessage: proxyId=632, err=-16, ext=1
12-23 14:34:28.530  3918 32702 I HiAction_XChannel.k-417: reset(): success
12-23 14:34:28.530  3918 32702 I HiAction_XChannel.k-417: getPusher(): 
12-23 14:34:28.530   723   723 D bastetd : [ProxyBase      ] clearBastetProxy# proxyId: 0x00000278, report=1
12-23 14:34:28.530   723   723 D bastetd : [BastetStore    ] removeRecordByRec# Remove Record proxyId: 0x00000278
12-23 14:34:28.530   723   723 D bastetd : [HwpgedPCA      ] reportAction# TO HWPGED, pid=3918, action=2, reserve=0
12-23 14:34:28.531   723   723 D bastetd : [ProxyBase      ] removeTaskId# remove taskId=25
12-23 14:34:28.531   748 10271 I Pged-IPgedBinderService: hwpged receiveBastetAction, pid: 3918, action: 2, reserve: 0
12-23 14:34:28.532  1961 24649 I PgedBinderListener: net callback uids list:[-2, 3918]
12-23 14:34:28.532  3918  3935 D HwBastet: Clear all nrt data
12-23 14:34:28.532  3918  3935 D HwBastet: HwBastet handleProxyMessage: proxyId=632, err=-10, ext=0
12-23 14:34:28.533  1961  2326 I ash     : recordCanProxyApps: state: -2, pid: 3918
12-23 14:34:28.592  3918 32702 I HiAction_ThreadStateSync: get threadAllReady
12-23 14:34:28.593  3918 32702 I HiAction_ThreadStateSync: get isSendThreadReady
12-23 14:34:28.594  3918 32703 I HiAction_XChannel.f-417: run():
12-23 14:34:28.594  3918 32703 I HiAction_ThreadStateSync: receiveThreadRun
12-23 14:34:28.595  3918 32704 I HiAction_XChannel.i-417: run 
12-23 14:34:28.595  3918 32704 I HiAction_ThreadStateSync: sendThreadRun
12-23 14:34:28.595  3918 32704 I HiAction_XChannel.k-417: getFromMsgReqQueue(): 
12-23 14:34:28.595  3918 32702 I HiAction_ThreadStateSync: SendThreadBlockQueue get  :java.lang.Object@acd0bff
12-23 14:34:28.595  3918 32702 I HiAction_ThreadStateSync: get isReceiveThreadReady
12-23 14:34:28.595  3918 32702 I HiAction_ThreadStateSync: ReceiveThreadBlockQueue  get  :java.lang.Object@92ffdcc
12-23 14:34:28.595  3918 32702 I HiAction_b: handshake(): 
12-23 14:34:28.595  3918 32702 I HiAction_b: firstStep(): 
12-23 14:34:28.595  3918 32702 I HiAction_b: firstStepContent(): 
12-23 14:34:28.595  3918 32702 I HiAction_b: firstStepContent(): encryptLength=155
12-23 14:34:28.599  3918 32702 I HiAction_b: firstStep(): body.length=403
12-23 14:34:28.599  3918 32702 W HiAction_b: TraceFlow.PushMessageFlow: syncSend type:3 requestid:213613121
12-23 14:34:28.599  3918 32702 I HiAction_XChannel.d: setQueue(): 
12-23 14:34:28.599  3918 32702 I HiAction_b: syncSend(): send message to server
12-23 14:34:28.600  3918 32702 I HiAction_b: syncSend(): to get response
12-23 14:34:28.600  3918 32702 I HiAction_XChannel.d: getMessage(): 
12-23 14:34:28.744  3918 32703 W HiAction_XChannel.f-417: TraceFlow.PushMessageFlow: handlePacket type:2
12-23 14:34:28.744  3918 32703 I HiAction_XChannel.d: addMessage(): 
12-23 14:34:28.745  3918 32702 I HiAction_XChannel.d: getMessage(): AESKEY_RES
12-23 14:34:28.745  3918 32702 I HiAction_b: syncSend(): received response
12-23 14:34:28.814  3918 32702 I HiAction_XChannel.XChannelService: notify Refresh ChannelId:AE71C791879DE2CE
12-23 14:34:28.814  3918 32702 I HiAction_XChannel.e: register(): 
12-23 14:34:28.814  3918 32702 I HiAction_XChannel.a: onRegister :
12-23 14:34:28.814  3918 32702 I HiAction_XChannel.a: mChannelId is already exist
12-23 14:34:28.814  3918 32702 I HiAction_b: secondStep(): 
12-23 14:34:28.815  3918 32702 W HiAction_b: TraceFlow.PushMessageFlow: syncSend type:5 requestid:367966307
12-23 14:34:28.815  3918 32702 I HiAction_XChannel.d: setQueue(): 
12-23 14:34:28.815  3918 32702 I HiAction_b: syncSend(): send message to server
12-23 14:34:28.816  3918 32702 I HiAction_b: syncSend(): to get response
12-23 14:34:28.816  3918 32702 I HiAction_XChannel.d: getMessage(): 
12-23 14:34:29.274   699   699 E WifiHAL : enter wifi_get_link_stats
12-23 14:34:29.289   744   744 E wificond: Failed to get NL80211_STA_INFO_CNAHLOAD
12-23 14:34:29.534   743   743 E Thermal-daemon: [shell_temp] temp_new :30  temp_old :29
12-23 14:34:29.536  1961 24649 I ThermalService: Receive temperature change, type: 22, temp: 30 from thermald
12-23 14:34:29.536  1961 24649 I ThermalTrace_ThermalRaise: Shell:30,29,30,currentBatteryTemp:28
12-23 14:34:29.537   743   743 E Thermal-daemon: Report temperature: [shell_temp] temp :30  report_threshold:1
12-23 14:34:29.537   743   743 E Thermal-daemon: [pa_0] temp_new :29  temp_old :30
12-23 14:34:29.538  1961 24649 I ThermalService: Receive temperature change, type: 1, temp: 29 from thermald
12-23 14:34:29.538   743   743 E Thermal-daemon: Report temperature: [pa_0] temp :29  report_threshold:1
12-23 14:34:30.786   965  1065 W libc    : Set property "ril.hw_modem0.rssi" to "-117"
12-23 14:34:30.796  1976  1976 W libc    : Set property "gsm.rssi.sim1" to "-117"
12-23 14:34:30.816  3918 32702 E HiAction_b: syncSend(): receive response timeout
12-23 14:34:30.816  3918 32702 I HiAction_XChannel.d: removeMessage(): 
12-23 14:34:30.817  3918 32702 I HiAction_XChannel.k-417: run(): check bastet model
12-23 14:34:30.817  3918 32702 I HiAction_XChannel.a: clearBastetProxy: clear bastet proxy succeed
12-23 14:34:30.823   723   723 D bastetd : [HbTaskManager  ] addTask# protId=3, taskId=26, isDetector=0 added
12-23 14:34:30.823   723   723 D bastetd : [HwpgedPCA      ] reportAction# TO HWPGED, pid=3918, action=1, reserve=0
12-23 14:34:30.823   723   723 D bastetd : [ProxyHeartbeat ] prepareHeartbeatProxy# proxyId: 0x00000279, uid: 10110, pid: 3918, fd: 59, detector: 0, protId: 3, taskId: 26, netType: 1
12-23 14:34:30.824   748 10271 I Pged-IPgedBinderService: hwpged receiveBastetAction, pid: 3918, action: 1, reserve: 0
12-23 14:34:30.824  3918 32702 D HwBastet: OsConstants MSG_HRT: 655360
12-23 14:34:30.824  1961 24649 I PgedBinderListener: net callback uids list:[-1, 3918]
12-23 14:34:30.824  3918 32702 D HwBastet: OsConstants MSG_LPW: 524288
12-23 14:34:30.825  3918 32702 D HwBastet: OsConstants TCP_RECONN: 100
12-23 14:34:30.825  3918 32702 I HiAction_XChannel.a: establish(): Create a HwBastet
12-23 14:34:30.825  1961  2326 I ash     : recordCanProxyApps: state: -1, pid: 3918
12-23 14:34:30.826  3918 32702 I HiAction_XChannel.a: establish(): Bastet Available
12-23 14:34:30.826   723   723 D bastetd : [ProxyBase      ] updateRepeatInterval# proxyId: 0x00000279, interval: 2
12-23 14:34:30.827   723   723 D bastetd : [HbProxyTask    ] setInterval# protId=3, taskId=26, interval=2
12-23 14:34:30.827   723   723 D bastetd : [ProxyHeartbeat ] setHeartbeatFixedCtnt# proxyId: 0x00000279
12-23 14:34:30.827   723   723 D bastetd : [HbProxyTask    ] setFixedContent# protId=3, taskId=26, content length=24
12-23 14:34:30.828   723   723 D bastetd : [ProxyBase      ] startBastetProxy# proxyId: 0x00000279
12-23 14:34:30.829   723   723 D bastetd : [HbProxyTask    ] startProxy# protId=3, taskId=26, proxy started
12-23 14:34:30.829   723   723 D bastetd : [HbTaskManager  ] rescheduleTimer# detector supplied interval 1
12-23 14:34:30.829   723   723 D bastetd : [HbTaskManager  ] rescheduleTimer# start schedule timer: +300000
12-23 14:34:30.829   683  1006 I chatty  : uid=1000(system) Binder:683_2 expire 4 lines
12-23 14:34:30.829  3918 32702 I HiAction_XChannel.k-417: run(): bastet model available
12-23 14:34:30.829  3918 32702 I HiAction_XChannel.XChannelService: sdkStatusChange(): 
12-23 14:34:30.830  3918 32702 I HiAction_XChannel.k-417: run(): XChannelClient on working
12-23 14:34:30.830  3918 32701 I HiAction_XChannel.e: sdkStatusChange(): 
12-23 14:34:30.830  3918 32701 I HiAction_XChannel.a: onSdkStatusChange(): isAvaliable[true] status[PUSH_MSG_AVAILABLE]
12-23 14:34:32.297   699   699 E WifiHAL : enter wifi_get_link_stats
12-23 14:34:33.263  1798  2183 E NotificationManager: notifyAsUser: tag=null, id=1074741829, user=UserHandle{0}
12-23 14:34:33.276   683   683 I chatty  : uid=1000 system_server expire 51 lines
12-23 14:34:33.283  1961  2090 I AppManager: app:com.huawei.systemmanager Notification update time:142584179
12-23 14:34:34.058   683  1400 I chatty  : uid=1000(system) HwWifiCHRStateM expire 18 lines
12-23 14:34:34.067   683  1470 I chatty  : uid=1000(system) HuaweiWifiWatch expire 27 lines
12-23 14:34:34.080   683  5715 I chatty  : uid=1000(system) MobileQosDetect expire 5 lines
12-23 14:34:34.247   683  1165 I chatty  : uid=1000(system) android.display expire 12 lines
12-23 14:34:34.377   683  1399 I chatty  : uid=1000(system) HwWifiStatStore expire 18 lines
12-23 14:34:35.315   699   699 E WifiHAL : enter wifi_get_link_stats
12-23 14:34:35.331   683  1398 I chatty  : uid=1000(system) WifiStateMachin expire 11 lines
12-23 14:34:38.339   699   699 E WifiHAL : enter wifi_get_link_stats
12-23 14:34:40.430  1508  1508 I chatty  : uid=10039(u0_a39) com.android.systemui expire 45 lines
12-23 14:34:41.360   699   699 E WifiHAL : enter wifi_get_link_stats
12-23 14:34:43.440  1508  1760 I chatty  : uid=10039(u0_a39) SystemUI_subThr expire 11 lines
12-23 14:34:42.066   744   744 I chatty  : uid=1010(wifi) /system/bin/wificond identical 7 lines
12-23 14:34:42.073   744   744 E wificond: Failed to get NL80211_STA_INFO_CNAHLOAD
12-23 14:34:43.986   493   633 W SocketListener: sending broadcast to Pid = 683, Uid = 1000 
12-23 14:34:43.988   683  1393 D NetdConnector: RCV <- {613 IfaceClass idle 1 142594880127326}
12-23 14:34:43.991   683  1393 D NetdConnector: RCV <- {613 IfaceClass idle 1 142594880127326}
12-23 14:34:43.994   683  1163 D NetdConnector: RCV unsolicited event from native daemon, event = 613
12-23 14:34:44.004   683  1884 V BroadcastQueue: Finished with ordered broadcast BroadcastRecord{468d105 u-1 android.net.conn.DATA_ACTIVITY_CHANGE}
12-23 14:34:44.384   699   699 E WifiHAL : enter wifi_get_link_stats
12-23 14:34:44.398   744   744 E wificond: Failed to get NL80211_STA_INFO_CNAHLOAD
12-23 14:34:44.552   743   743 E Thermal-daemon: [pa_0] temp_new :30  temp_old :29
12-23 14:34:44.553  1961 24649 I ThermalService: Receive temperature change, type: 1, temp: 30 from thermald
12-23 14:34:44.554   743   743 E Thermal-daemon: Report temperature: [pa_0] temp :30  report_threshold:1
12-23 14:34:46.102   683   683 I chatty  : uid=1000 system_server expire 38 lines
12-23 14:34:47.406   699   699 E WifiHAL : enter wifi_get_link_stats
12-23 14:34:47.424   683  1400 I chatty  : uid=1000(system) HwWifiCHRStateM expire 30 lines
12-23 14:34:47.422   744   744 E wificond: Failed to get NL80211_STA_INFO_CNAHLOAD
12-23 14:34:49.372   683  1352 D HwBatteryService: onUEvent fcpStatus = 0,scpStatus =0,ovpStatus=0
12-23 14:34:49.373   683  1352 I UsbDeviceManager: water_intrused state= 0
12-23 14:34:49.390   683   683 D WifiService: onReceive, action:android.intent.action.BATTERY_CHANGED
12-23 14:34:49.390   683   683 D WifiService: ACTION_BATTERY_CHANGED pluggedType: 2
12-23 14:34:49.394  1961  1961 I MsgReceiver: intent action: android.intent.action.BATTERY_CHANGED
12-23 14:34:49.411 31647 32273 I [10.3.0.302]CloudAlbum.OperationUtil: cancelNotify
12-23 14:34:49.558   743   743 E Thermal-daemon: [battery] temp_new :29  temp_old :28
12-23 14:34:49.559  1961  8061 I ThermalService: Receive temperature change, type: 9, temp: 29 from thermald
12-23 14:34:49.559  1961  8061 I ThermalTrace_ThermalRaise: Battery:29
12-23 14:34:49.560   743   743 E Thermal-daemon: Report temperature: [battery] temp :29  report_threshold:1
12-23 14:34:50.074   744   744 E wificond: Failed to get NL80211_STA_INFO_CNAHLOAD
12-23 14:34:50.075   683  1398 I chatty  : uid=1000(system) WifiStateMachin expire 17 lines
12-23 14:34:50.082   683  1470 I chatty  : uid=1000(system) HuaweiWifiWatch expire 44 lines
12-23 14:34:50.428   699   699 E WifiHAL : enter wifi_get_link_stats
12-23 14:34:52.265   683  1365 I chatty  : uid=1000(system) AlarmManager expire 4 lines
12-23 14:34:50.081   744   744 I chatty  : uid=1010(wifi) /system/bin/wificond identical 1 line
12-23 14:34:50.444   744   744 E wificond: Failed to get NL80211_STA_INFO_CNAHLOAD
12-23 14:34:52.271   683   683 W HwAlarmManagerService: isContainsAppUidInWorksource-->happend NameNotFoundException
12-23 14:34:52.276   683   683 I HwAlarmManagerService: hwSetAlarm listenerTag: *job.delay*
12-23 14:34:52.277   683   683 I JobScheduler.Time: mNextDelayExpiredElapsedMillis: 142603295
12-23 14:34:52.278   683   683 D JobServiceContext: Scheduling time out for 'com.android.server.content.SyncJobService' jId: 105527, in 18 s
12-23 14:34:52.283   683   683 D JobServiceContext: handleServiceBound for 91c17eb #1000/105527 com.android.email.provider/com.android.email:android
12-23 14:34:52.283   683   683 D JobServiceContext: Scheduling time out for 'com.android.server.content.SyncJobService' jId: 105527, in 8 s
12-23 14:34:52.283   683  1945 I chatty  : uid=1000(system) Binder:683_7 expire 2 lines
12-23 14:34:52.283   683   683 I SyncManager: SyncJobService->onStartJob:put job to map, jobid:105527
12-23 14:34:52.284   683   683 D JobServiceContext: doCallback of : JobStatus{91c17eb #1000/105527 com.android.email.provider/com.android.email:android u=0 s=10014 TIME=-19ms:+4m59s981ms NET=1 PERSISTED READY} v:VERB_STARTING
12-23 14:34:52.284   683   683 D JobServiceContext: Scheduling time out for 'com.android.server.content.SyncJobService' jId: 105527, in 600 s
12-23 14:34:52.285   683  1884 V BroadcastQueue: Finished with ordered broadcast BroadcastRecord{e109c68 u0 com.google.android.gms.gcm.ACTION_CHECK_QUEUE}
12-23 14:34:52.296   683  1142 I SyncManager: dispatchSyncOperation:we are going to sync JobId: 105527, XXXXXXXXX u0 (com.android.email), com.android.email.provider, PERIODIC, reason: Periodic, period: 900000, flexMillis: 36000
12-23 14:34:52.310   683  1142 E SyncManager: Bind attempt failed - target: ComponentInfo{com.android.email/com.android.email.service.LegacyImapSyncAdapterService}
12-23 14:34:52.312   683  1142 I SyncManager: SyncJobService->callJobFinished: remove job to map, jobid:105527
12-23 14:34:52.312   683   683 D JobServiceContext: doCallback of : JobStatus{91c17eb #1000/105527 com.android.email.provider/com.android.email:android u=0 s=10014 TIME=-48ms:+4m59s952ms NET=1 PERSISTED READY} v:VERB_EXECUTING
12-23 14:34:52.319   683   683 W HwAlarmManagerService: isContainsAppUidInWorksource-->happend NameNotFoundException
12-23 14:34:52.324  3413  4724 D WorkSource: Insert in WorkSource{} @ 0 uid 10099 name com.google.android.gms
12-23 14:34:52.325   683   683 D SmartHeartBeat: isPendingPackage, false, pkg:com.android.deskclock, action:com.android.deskclock.ALARM_ALERT,not pending alarm with AlarmClockInfo
12-23 14:34:52.327   683   683 I HwAlarmManagerService: hwSetAlarm listenerTag: *job.deadline*
12-23 14:34:52.325  3413  4724 D WorkSource: Insert in WorkSource{} @ 0 uid 10099 name com.google.android.gms
12-23 14:34:52.328   683   683 I JobScheduler.Time: mNextJobExpiredElapsedMillis: 142903295
12-23 14:34:52.362  3413  4724 D WorkSource: Insert in WorkSource{} @ 0 uid 10099 name com.google.android.gms
12-23 14:34:52.364   683  1945 W HwAlarmManagerService: isContainsAppUidInWorksource-->happend NameNotFoundException
12-23 14:34:52.400   683   683 W HwAlarmManagerService: isContainsAppUidInWorksource-->happend NameNotFoundException
12-23 14:34:52.402   683   683 I HwAlarmManagerService: hwSetAlarm listenerTag: *job.delay*
12-23 14:34:52.403   683   683 I JobScheduler.Time: mNextDelayExpiredElapsedMillis: 142603322
12-23 14:34:52.405   683   683 D JobServiceContext: Scheduling time out for 'com.android.server.content.SyncJobService' jId: 106019, in 18 s
12-23 14:34:52.408   683   683 D JobServiceContext: handleServiceBound for 44febd4 #1000/106019 cn.etouch.ecalendar.account.provider/cn.etouch.ecalendar.account:android
12-23 14:34:52.408   683   683 D JobServiceContext: Scheduling time out for 'com.android.server.content.SyncJobService' jId: 106019, in 8 s
12-23 14:34:52.408   683   683 I SyncManager: SyncJobService->onStartJob:put job to map, jobid:106019
12-23 14:34:52.409   683   683 D JobServiceContext: doCallback of : JobStatus{44febd4 #1000/106019 cn.etouch.ecalendar.account.provider/cn.etouch.ecalendar.account:android u=0 s=10169 TIME=-10ms:+4m59s990ms NET=1 PERSISTED READY} v:VERB_STARTING
12-23 14:34:52.409   683   683 D JobServiceContext: Scheduling time out for 'com.android.server.content.SyncJobService' jId: 106019, in 600 s
12-23 14:34:52.414   683  1142 I SyncManager: dispatchSyncOperation:we are going to sync JobId: 106019, XXXXXXXXX u0 (cn.etouch.ecalendar.account), cn.etouch.ecalendar.account.provider, PERIODIC, reason: Periodic, period: 900000, flexMillis: 36000
12-23 14:34:52.422  3413 32714 I NetRec  : [3557] aeqv.a: Refreshing scores for 150 networks.
12-23 14:34:52.427   683  1142 E SyncManager: Bind attempt failed - target: ComponentInfo{cn.etouch.ecalendar/cn.etouch.ecalendar.keeplive.account.SyncAccountService}
12-23 14:34:52.428   683  1142 I SyncManager: SyncJobService->callJobFinished: remove job to map, jobid:106019
12-23 14:34:52.428   683   683 D JobServiceContext: doCallback of : JobStatus{44febd4 #1000/106019 cn.etouch.ecalendar.account.provider/cn.etouch.ecalendar.account:android u=0 s=10169 TIME=-29ms:+4m59s971ms NET=1 PERSISTED READY} v:VERB_EXECUTING
12-23 14:34:52.432   683   683 W HwAlarmManagerService: isContainsAppUidInWorksource-->happend NameNotFoundException
12-23 14:34:52.437   683   683 D SmartHeartBeat: isPendingPackage, false, pkg:com.android.deskclock, action:com.android.deskclock.ALARM_ALERT,not pending alarm with AlarmClockInfo
12-23 14:34:52.439   683   683 I HwAlarmManagerService: hwSetAlarm listenerTag: *job.delay*
12-23 14:34:52.440   683   683 I JobScheduler.Time: mNextDelayExpiredElapsedMillis: 143080319
12-23 14:34:52.441   683   683 W HwAlarmManagerService: isContainsAppUidInWorksource-->happend NameNotFoundException
12-23 14:34:52.446   683   683 D SmartHeartBeat: isPendingPackage, false, pkg:com.android.deskclock, action:com.android.deskclock.ALARM_ALERT,not pending alarm with AlarmClockInfo
12-23 14:34:52.448   683   683 I HwAlarmManagerService: hwSetAlarm listenerTag: *job.deadline*
12-23 14:34:52.448   683   683 I JobScheduler.Time: mNextJobExpiredElapsedMillis: 142903322
12-23 14:34:52.450   683   683 D JobServiceContext: Scheduling time out for 'com.android.server.content.SyncJobService' jId: 101886, in 18 s
12-23 14:34:52.451   683   683 D JobServiceContext: handleServiceBound for 9da317d #1000/101886 cn.etouch.ecalendar.account.provider/cn.etouch.ecalendar.account:android
12-23 14:34:52.451   683   683 D JobServiceContext: Scheduling time out for 'com.android.server.content.SyncJobService' jId: 101886, in 8 s
12-23 14:34:52.451   683   683 I SyncManager: SyncJobService->onStartJob:put job to map, jobid:101886
12-23 14:34:52.452   683   683 D JobServiceContext: doCallback of : JobStatus{9da317d #1000/101886 cn.etouch.ecalendar.account.provider/cn.etouch.ecalendar.account:android u=0 s=10169 TIME=-26ms:+4m59s974ms NET=1 PERSISTED READY} v:VERB_STARTING
12-23 14:34:52.452   683   683 D JobServiceContext: Scheduling time out for 'com.android.server.content.SyncJobService' jId: 101886, in 600 s
12-23 14:34:52.457   683  1142 I SyncManager: dispatchSyncOperation:we are going to sync JobId: 101886, XXXXXXXXX u0 (cn.etouch.ecalendar.account), cn.etouch.ecalendar.account.provider, PERIODIC, reason: Periodic, period: 900000, flexMillis: 36000
12-23 14:34:52.458  1508  1508 I chatty  : uid=10039(u0_a39) com.android.systemui expire 52 lines
12-23 14:34:52.477   683  1142 E SyncManager: Bind attempt failed - target: ComponentInfo{cn.etouch.ecalendar/cn.etouch.ecalendar.keeplive.account.SyncAccountService}
12-23 14:34:52.486   683  1142 I SyncManager: SyncJobService->callJobFinished: remove job to map, jobid:101886
12-23 14:34:52.488   683   683 D JobServiceContext: doCallback of : JobStatus{9da317d #1000/101886 cn.etouch.ecalendar.account.provider/cn.etouch.ecalendar.account:android u=0 s=10169 TIME=-63ms:+4m59s937ms NET=1 PERSISTED READY} v:VERB_EXECUTING
12-23 14:34:52.499   683   683 W HwAlarmManagerService: isContainsAppUidInWorksource-->happend NameNotFoundException
12-23 14:34:52.502   683   683 D SmartHeartBeat: isPendingPackage, false, pkg:com.android.deskclock, action:com.android.deskclock.ALARM_ALERT,not pending alarm with AlarmClockInfo
12-23 14:34:52.504   683   683 I HwAlarmManagerService: hwSetAlarm listenerTag: *job.deadline*
12-23 14:34:52.504   683   683 I JobScheduler.Time: mNextJobExpiredElapsedMillis: 143380319
12-23 14:34:52.508   493 32715 W libc    : Set property "hw.wifi.dns_stat" to "690,23,13448,1,122572"
12-23 14:34:52.541  3413  3424 I zygote64: Background concurrent copying GC freed 170158(5MB) AllocSpace objects, 6(120KB) LOS objects, 49% free, 5MB/11MB, paused 504us total 108.172ms
12-23 14:34:53.450   699   699 E WifiHAL : enter wifi_get_link_stats
12-23 14:34:53.466   744   744 E wificond: Failed to get NL80211_STA_INFO_CNAHLOAD
12-23 14:34:53.826   965  1065 W libc    : Set property "ril.hw_modem0.rssi" to "-120"
12-23 14:34:53.837  1976  1976 W libc    : Set property "gsm.rssi.sim1" to "-120"
12-23 14:34:54.644  3413 32714 W NetRec  : [3557] aeqv.a: Timeout after 2203 ms while waiting for score updates. Rescheduling.
12-23 14:34:54.650  3413 32714 I NetRec  : [3557] aeqv.a: Still entries pending update, scheduling new rapid_refresh_scores_task refresh.
12-23 14:34:54.669  3413 32714 I NetRec  : [3557] aeqv.a: Completed rapid_refresh_scores_task score refresh task in 2301 ms, returning 1
12-23 14:34:54.676   683  1006 V BroadcastQueue: Finished with ordered broadcast BroadcastRecord{90b58f3 u0 com.google.android.gms.gcm.ACTION_SCHEDULE}
12-23 14:34:54.689  3413 10722 D WorkSource: Insert in WorkSource{} @ 0 uid 10099 name com.google.android.gms
12-23 14:34:54.690   683  1006 W HwAlarmManagerService: isContainsAppUidInWorksource-->happend NameNotFoundException
12-23 14:34:54.696   683  1006 D SmartHeartBeat: isPendingPackage, false, pkg:com.android.deskclock, action:com.android.deskclock.ALARM_ALERT,not pending alarm with AlarmClockInfo
12-23 14:34:56.386   965  1065 W libc    : Set property "ril.hw_modem0.rssi" to "-117"
12-23 14:34:56.395  1976  1976 W libc    : Set property "gsm.rssi.sim1" to "-117"
12-23 14:34:56.475   699   699 E WifiHAL : enter wifi_get_link_stats
12-23 14:34:56.494   744   744 E wificond: Failed to get NL80211_STA_INFO_CNAHLOAD
12-23 14:34:57.086   493   633 W SocketListener: sending broadcast to Pid = 683, Uid = 1000 
12-23 14:34:57.089   683  1393 D NetdConnector: RCV <- {613 IfaceClass active 1 142607980168991 0}
12-23 14:34:57.091   683  1393 D NetdConnector: RCV <- {613 IfaceClass active 1 142607980168991 0}
12-23 14:34:57.095   683  1163 D NetdConnector: RCV unsolicited event from native daemon, event = 613
12-23 14:34:57.105   683  1006 V BroadcastQueue: Finished with ordered broadcast BroadcastRecord{ccbc029 u-1 android.net.conn.DATA_ACTIVITY_CHANGE}
12-23 14:34:57.403   683  1874 W Watchdog: hungtask: writing kick
12-23 14:34:57.688   683  1456 I chatty  : uid=1000(system) WiFiArpStateMac expire 13 lines
12-23 14:34:58.084   744   744 E wificond: Failed to get NL80211_STA_INFO_CNAHLOAD
12-23 14:34:58.096   683   683 I chatty  : uid=1000 system_server expire 38 lines
12-23 14:34:58.474  1508  1760 I chatty  : uid=10039(u0_a39) SystemUI_subThr expire 6 lines
12-23 14:34:59.504   699   699 E WifiHAL : enter wifi_get_link_stats
12-23 14:34:59.570   743   743 E Thermal-daemon: [battery] temp_new :28  temp_old :29
12-23 14:34:59.571  1961  8061 I ThermalService: Receive temperature change, type: 9, temp: 28 from thermald
12-23 14:34:59.571  1961  8061 I ThermalTrace_ThermalRaise: Battery:28
12-23 14:34:59.572   743   743 E Thermal-daemon: Report temperature: [battery] temp :28  report_threshold:1
12-23 14:34:58.092   744   744 I chatty  : uid=1010(wifi) /system/bin/wificond identical 1 line
12-23 14:34:59.520   744   744 E wificond: Failed to get NL80211_STA_INFO_CNAHLOAD
12-23 14:35:00.003   683   683 V AlarmManager: Received TIME_TICK alarm; rescheduling
12-23 14:35:00.005   683   683 I HwAlarmManagerService: hwSetAlarm listenerTag: time_tick
12-23 14:35:00.045  1508  1778 I chatty  : uid=10039(u0_a39) KG_Background_H expire 1 line
12-23 14:35:00.048  1992  1992 I HwLauncher: Model  onReceive intent=Intent { act=android.intent.action.TIME_TICK flg=0x50200014 hwFlg=0x900 (has extras) }
12-23 14:35:00.048  1992  1992 I HwLauncher: Model  onReceive user=UserHandle{0}
12-23 14:35:00.062  1992  2123 E HwLauncher: SettingsEx , no such field.
12-23 14:35:00.062  1992  2123 W HwLauncher: Clock getDataFormat the getSystemString failed.
12-23 14:35:00.092  6277  6374 I Step_LSC: 90004307|processHandleBroadcastAction action:android.intent.action.TIME_TICK
12-23 14:35:00.105  6277  6374 I Step_SPUtils: 90004307|setAliveRecord  success: timestampArg=1545546900093 elapsedRealtimeArg=142610989
12-23 14:35:00.239  3457  3457 I [HwRecSys]TimerController: onMinuteChange requestWeather
12-23 14:35:00.240  3457  6781 D [HwRecSys]LocationController: receive msg MSG_START_PASSIVE_LOCATION
12-23 14:35:00.240  3457  6781 E [HwRecSys]LocationController: location valid no need locate
12-23 14:35:00.240   683  1390 V BroadcastQueue: Finished with ordered broadcast BroadcastRecord{f8914f u-1 android.intent.action.TIME_TICK}
12-23 14:35:02.529   699   699 E WifiHAL : enter wifi_get_link_stats
12-23 14:35:02.544   744   744 E wificond: Failed to get NL80211_STA_INFO_CNAHLOAD
