12-23 14:30:58.081  3413 32546 W NetRec  : [3540] aeqv.a: Timeout after 2202 ms while waiting for score updates. Rescheduling.
12-23 14:30:58.085  3413 32546 I NetRec  : [3540] aeqv.a: Still entries pending update, scheduling new rapid_refresh_scores_task refresh.
12-23 14:30:58.099  3413 32546 I NetRec  : [3540] aeqv.a: Completed rapid_refresh_scores_task score refresh task in 2285 ms, returning 1
12-23 14:30:57.857   744   744 I chatty  : uid=1010(wifi) /system/bin/wificond identical 1 line
12-23 14:30:57.865   744   744 E wificond: Failed to get NL80211_STA_INFO_CNAHLOAD
12-23 14:30:58.110   683  9346 V BroadcastQueue: Finished with ordered broadcast BroadcastRecord{c303537 u0 com.google.android.gms.gcm.ACTION_SCHEDULE}
12-23 14:30:58.124  3413 10723 D WorkSource: Insert in WorkSource{} @ 0 uid 10099 name com.google.android.gms
12-23 14:30:58.125   683  1991 W HwAlarmManagerService: isContainsAppUidInWorksource-->happend NameNotFoundException
12-23 14:30:58.130   683  1991 D SmartHeartBeat: isPendingPackage, false, pkg:com.android.deskclock, action:com.android.deskclock.ALARM_ALERT,not pending alarm with AlarmClockInfo
12-23 14:31:00.005   683   683 V AlarmManager: Received TIME_TICK alarm; rescheduling
12-23 14:31:00.006   683   683 I HwAlarmManagerService: hwSetAlarm listenerTag: time_tick
12-23 14:31:00.048  1508  1778 I chatty  : uid=10039(u0_a39) KG_Background_H expire 1 line
12-23 14:31:00.052  1992  1992 I HwLauncher: Model  onReceive intent=Intent { act=android.intent.action.TIME_TICK flg=0x50200014 hwFlg=0x900 (has extras) }
12-23 14:31:00.052  1992  1992 I HwLauncher: Model  onReceive user=UserHandle{0}
12-23 14:31:00.063  1992  2123 E HwLauncher: SettingsEx , no such field.
12-23 14:31:00.063  1992  2123 W HwLauncher: Clock getDataFormat the getSystemString failed.
12-23 14:31:00.083  6277  6374 I Step_LSC: 90004307|processHandleBroadcastAction action:android.intent.action.TIME_TICK
12-23 14:31:00.096  6277  6374 I Step_SPUtils: 90004307|setAliveRecord  success: timestampArg=1545546660084 elapsedRealtimeArg=142370980
12-23 14:31:00.124  1508  1508 I chatty  : uid=10039(u0_a39) com.android.systemui expire 35 lines
12-23 14:31:00.194  3457  3457 I [HwRecSys]TimerController: onMinuteChange requestWeather
12-23 14:31:00.195  3457  6781 D [HwRecSys]LocationController: receive msg MSG_START_PASSIVE_LOCATION
12-23 14:31:00.195  3457  6781 E [HwRecSys]LocationController: location valid no need locate
12-23 14:31:00.195   683  6848 V BroadcastQueue: Finished with ordered broadcast BroadcastRecord{8092bc2 u-1 android.intent.action.TIME_TICK}
12-23 14:31:00.678   699   699 E WifiHAL : enter wifi_get_link_stats
12-23 14:31:00.694   744   744 E wificond: Failed to get NL80211_STA_INFO_CNAHLOAD
12-23 14:31:00.819  1508  1760 I chatty  : uid=10039(u0_a39) SystemUI_subThr expire 10 lines
12-23 14:31:03.702   699   699 E WifiHAL : enter wifi_get_link_stats
12-23 14:31:03.719   683  1400 I chatty  : uid=1000(system) HwWifiCHRStateM expire 18 lines
12-23 14:31:05.869   683  1398 I chatty  : uid=1000(system) WifiStateMachin expire 18 lines
12-23 14:31:05.877   683  1470 I chatty  : uid=1000(system) HuaweiWifiWatch expire 30 lines
12-23 14:31:05.880   683   683 I chatty  : uid=1000 system_server expire 84 lines
12-23 14:31:06.724   699   699 E WifiHAL : enter wifi_get_link_stats
12-23 14:31:09.750   699   699 E WifiHAL : enter wifi_get_link_stats
12-23 14:31:12.775   699   699 E WifiHAL : enter wifi_get_link_stats
12-23 14:31:12.844  1508  1508 I chatty  : uid=10039(u0_a39) com.android.systemui expire 54 lines
12-23 14:31:14.392   683  1456 I chatty  : uid=1000(system) WiFiArpStateMac expire 12 lines
12-23 14:31:13.877   744   744 I chatty  : uid=1010(wifi) /system/bin/wificond identical 7 lines
12-23 14:31:13.884   744   744 E wificond: Failed to get NL80211_STA_INFO_CNAHLOAD
12-23 14:31:14.414   683   683 D WifiService: onReceive, action:android.intent.action.BATTERY_CHANGED
12-23 14:31:14.415   683   683 D WifiService: ACTION_BATTERY_CHANGED pluggedType: 2
12-23 14:31:14.432  1961  1961 I MsgReceiver: intent action: android.intent.action.BATTERY_CHANGED
12-23 14:31:14.442 31647 32273 I [10.3.0.302]CloudAlbum.OperationUtil: cancelNotify
12-23 14:31:15.800   699   699 E WifiHAL : enter wifi_get_link_stats
12-23 14:31:15.816   744   744 E wificond: Failed to get NL80211_STA_INFO_CNAHLOAD
12-23 14:31:15.817   683  1400 I chatty  : uid=1000(system) HwWifiCHRStateM expire 15 lines
12-23 14:31:15.850  1508  1760 I chatty  : uid=10039(u0_a39) SystemUI_subThr expire 10 lines
12-23 14:31:16.304   493   633 W SocketListener: sending broadcast to Pid = 683, Uid = 1000 
12-23 14:31:16.306   683  1393 D NetdConnector: RCV <- {613 IfaceClass active 1 142387198703400 10246}
12-23 14:31:16.309   683  1393 D NetdConnector: RCV <- {613 IfaceClass active 1 142387198703400 10246}
12-23 14:31:16.312   683  1163 D NetdConnector: RCV unsolicited event from native daemon, event = 613
12-23 14:31:16.321   683  1991 V BroadcastQueue: Finished with ordered broadcast BroadcastRecord{8b5bd10 u-1 android.net.conn.DATA_ACTIVITY_CHANGE}
12-23 14:31:16.381   683  1991 D SmartHeartBeat: isPendingPackage, false, pkg:com.android.deskclock, action:com.android.deskclock.ALARM_ALERT,not pending alarm with AlarmClockInfo
12-23 14:31:17.916   683  1352 D HwBatteryService: onUEvent fcpStatus = 0,scpStatus =0,ovpStatus=0
12-23 14:31:17.918   683  1352 I UsbDeviceManager: water_intrused state= 0
12-23 14:31:17.941   683   683 D WifiService: onReceive, action:android.intent.action.BATTERY_CHANGED
12-23 14:31:17.941   683   683 D WifiService: ACTION_BATTERY_CHANGED pluggedType: 2
12-23 14:31:17.944  1961  1961 I MsgReceiver: intent action: android.intent.action.BATTERY_CHANGED
12-23 14:31:17.972 31647 32273 I [10.3.0.302]CloudAlbum.OperationUtil: cancelNotify
12-23 14:31:18.824   699   699 E WifiHAL : enter wifi_get_link_stats
12-23 14:31:18.840   744   744 E wificond: Failed to get NL80211_STA_INFO_CNAHLOAD
12-23 14:31:18.895  1508  1508 I chatty  : uid=10039(u0_a39) com.android.systemui expire 44 lines
12-23 14:31:21.847   699   699 E WifiHAL : enter wifi_get_link_stats
12-23 14:31:21.886   683  1470 I chatty  : uid=1000(system) HuaweiWifiWatch expire 47 lines
12-23 14:31:21.892   683  2951 I chatty  : uid=1000(system) wifipro_uid_tcp expire 2 lines
12-23 14:31:21.896   683  5715 I chatty  : uid=1000(system) MobileQosDetect expire 4 lines
12-23 14:31:24.871   699   699 E WifiHAL : enter wifi_get_link_stats
12-23 14:31:25.373   683  1456 I chatty  : uid=1000(system) WiFiArpStateMac expire 10 lines
12-23 14:31:26.159   683  1365 I chatty  : uid=1000(system) AlarmManager expire 6 lines
12-23 14:31:26.179 31484 31533 I [push]core: 1/NimService onStartCommand from#4 flags#0 startId#582
12-23 14:31:26.185 31484 31533 D [push]service: 1/start repeating alarm
12-23 14:31:21.885   744   744 I chatty  : uid=1010(wifi) /system/bin/wificond identical 3 lines
12-23 14:31:24.886   744   744 E wificond: Failed to get NL80211_STA_INFO_CNAHLOAD
12-23 14:31:26.189   683  1991 D SmartHeartBeat: isPendingPackage, false, pkg:com.android.deskclock, action:com.android.deskclock.ALARM_ALERT,not pending alarm with AlarmClockInfo
12-23 14:31:26.193 31484 31533 D [push]service: 1/start keep alive alarm
12-23 14:31:26.193 31484 31533 I [push]im_packet: 398/send PacketHeader [SID 1 , CID 2 , SER 0 , RES 200 , TAG 0 , LEN 5]
12-23 14:31:26.361 31484 31533 V [push]core: 398/received packetSize: 8, readableBytes: 4
12-23 14:31:26.361 31403 31470 V [ui]core: 393/handle packet: PacketHeader [SID 1 , CID 2 , SER 0 , RES 200 , TAG 2 , LEN 7]
12-23 14:31:26.361 31484 31533 I [push]im_packet: 398/received PacketHeader [SID 1 , CID 2 , SER 0 , RES 200 , TAG 2 , LEN 7]
12-23 14:31:26.892  6277  6301 D LogUtil_LogConfig: getLogFile(): logFilePath = /data/data/com.huawei.health/files/com.huawei.health/com.huawei.health_DaemonService/
12-23 14:31:26.893  6277  6301 D LogUtil_LogConfig: obtainSavePath(): path = 1
12-23 14:31:26.893  6277  6301 D LogUtil_LogConfig: acquireMaxLogFileLengthContainsOffset describe: com.huawei.health:DaemonService result:5242880
12-23 14:31:27.386   683  1874 W Watchdog: hungtask: writing kick
12-23 14:31:27.389   683  1163 I chatty  : uid=1000(system) android.fg expire 1 line
12-23 14:31:27.894   699   699 E WifiHAL : enter wifi_get_link_stats
12-23 14:31:27.910   744   744 E wificond: Failed to get NL80211_STA_INFO_CNAHLOAD
12-23 14:31:27.912   683  1400 I chatty  : uid=1000(system) HwWifiCHRStateM expire 21 lines
12-23 14:31:27.915   683  1398 I chatty  : uid=1000(system) WifiStateMachin expire 11 lines
12-23 14:31:28.136   683  1991 V BroadcastQueue: Finished with ordered broadcast BroadcastRecord{ad6444b u0 com.oppo.im.imservice.manager.imheartbeatmanager}
12-23 14:31:28.148   683  1991 V BroadcastQueue: Finished with ordered broadcast BroadcastRecord{30c1e28 u0 com.google.android.gms.gcm.ACTION_CHECK_QUEUE}
12-23 14:31:28.149   683  6848 I chatty  : uid=1000(system) Binder:683_13 expire 1 line
12-23 14:31:28.162   683  9346 V BroadcastQueue: Finished with ordered broadcast BroadcastRecord{34884e6 u0 com.huawei.hwsystemmanager.power.SCHEDULE_RECORD_POWER_CONSUME}
12-23 14:31:28.224  3413  4724 D WorkSource: Insert in WorkSource{} @ 0 uid 10099 name com.google.android.gms
12-23 14:31:28.225  3413  4724 D WorkSource: Insert in WorkSource{} @ 0 uid 10099 name com.google.android.gms
12-23 14:31:28.227   683  9346 I chatty  : uid=1000(system) Binder:683_18 expire 1 line
12-23 14:31:28.261  3413  4724 D WorkSource: Insert in WorkSource{} @ 0 uid 10099 name com.google.android.gms
12-23 14:31:28.262   683  1991 W HwAlarmManagerService: isContainsAppUidInWorksource-->happend NameNotFoundException
12-23 14:31:28.304  1961  2223 I PGServer: com.huawei.systemmanager calls getBatteryStats 
12-23 14:31:28.304  1961  2223 D PG_DBS_MAIN: getBatteryStats
12-23 14:31:28.317  3413 32562 I NetRec  : [3541] aeqv.a: Refreshing scores for 150 networks.
12-23 14:31:28.329  1961  2223 I PG_DBS_CPU: parseCpuInfo, abnormal cpu time, time: 13246870, uid: 1000, name: system_server, strTime: 1324687
12-23 14:31:28.329  1961  2223 I PG_DBS_CPU: parseCpuInfo, abnormal cpu time, time: 10839260, uid: 1000, name: /system/bin/surfaceflinger, strTime: 1083926
12-23 14:31:28.330  1961  2223 I PG_DBS_MAIN: calcSharedUidCpuList, abnormal cpu time, time: 13246870, uid: 1000, name: system_server
12-23 14:31:28.330  1961  2223 I PG_DBS_MAIN: calcSharedUidCpuList, abnormal cpu time, time: 10839260, uid: 1000, name: /system/bin/surfaceflinger
12-23 14:31:28.330  1961  2223 D DetailBatterySipper: minus negative, entry.mItem[i]: -843194, i: 0
12-23 14:31:28.330  1961  2223 D DetailBatterySipper: minus negative, entry.mItem[i]: -424667, i: 1
12-23 14:31:28.330  1961  2223 D DetailBatterySipper: minus negative, entry.mItem[i]: -4862, i: 2
12-23 14:31:28.330  1961  2223 D DetailBatterySipper: minus negative, entry.mItem[i]: -3669, i: 3
12-23 14:31:28.335  1961  2223 I PG_DBS_MAIN: DBS_Acc_Power: 1172.9, levelPower: 2560, chargeNow: 1922, screen: 0.0, time: 0, cpu: 1042.5, time: 34426, mobile: 0.0, time: 15218, wifi: 94.1, time: 117, pakcets: 18632187, bytes: 15052987423, wl: 34.1, time: 5339, sensor: 2.1, time: 49292, gps: 0.1, time: 3
12-23 14:31:28.364   493 32563 D libc    : GetAddrInfoHandler addr: xxx.168.18.254
12-23 14:31:28.380   493 32563 W libc    : Set property "hw.wifi.dns_stat" to "672,23,13448,1,121347"
12-23 14:31:28.808   683   683 I chatty  : uid=1000 system_server expire 59 lines
12-23 14:31:29.889   744   744 E wificond: Failed to get NL80211_STA_INFO_CNAHLOAD
12-23 14:31:30.540  3413 32562 W NetRec  : [3541] aeqv.a: Timeout after 2204 ms while waiting for score updates. Rescheduling.
12-23 14:31:30.547  3413 32562 I NetRec  : [3541] aeqv.a: Still entries pending update, scheduling new rapid_refresh_scores_task refresh.
12-23 14:31:30.560  3413 32562 I NetRec  : [3541] aeqv.a: Completed rapid_refresh_scores_task score refresh task in 2287 ms, returning 1
12-23 14:31:29.897   744   744 E wificond: Failed to get NL80211_STA_INFO_CNAHLOAD
12-23 14:31:30.570   683  9346 V BroadcastQueue: Finished with ordered broadcast BroadcastRecord{3ff8835 u0 com.google.android.gms.gcm.ACTION_SCHEDULE}
12-23 14:31:30.901  1508  1508 I chatty  : uid=10039(u0_a39) com.android.systemui expire 49 lines
12-23 14:31:30.902  1508  1760 I chatty  : uid=10039(u0_a39) SystemUI_subThr expire 10 lines
12-23 14:31:30.917   699   699 E WifiHAL : enter wifi_get_link_stats
12-23 14:31:30.933   744   744 E wificond: Failed to get NL80211_STA_INFO_CNAHLOAD
12-23 14:31:31.046   683  1399 I chatty  : uid=1000(system) HwWifiStatStore expire 14 lines
12-23 14:31:33.049  1798  2183 E NotificationManager: notifyAsUser: tag=null, id=1074741829, user=UserHandle{0}
12-23 14:31:33.058   683  1991 I chatty  : uid=1000(system) Binder:683_B expire 11 lines
12-23 14:31:33.071  1961  2090 I AppManager: app:com.huawei.systemmanager Notification update time:142403967
12-23 14:31:33.941   699   699 E WifiHAL : enter wifi_get_link_stats
12-23 14:31:35.425   965  1065 W libc    : Set property "ril.hw_modem0.rssi" to "-116"
12-23 14:31:35.436  1976  1976 W libc    : Set property "gsm.rssi.sim1" to "-116"
12-23 14:31:35.446   683  1165 I chatty  : uid=1000(system) android.display expire 14 lines
12-23 14:31:36.965   699   699 E WifiHAL : enter wifi_get_link_stats
12-23 14:31:37.278   493 32567 W libc    : Set property "hw.wifi.dns_stat" to "673,23,13448,1,121358"
12-23 14:31:37.984   965  1065 W libc    : Set property "ril.hw_modem0.rssi" to "-119"
12-23 14:31:37.990  1976  1976 W libc    : Set property "gsm.rssi.sim1" to "-119"
12-23 14:31:38.288 21052 32566 W GAv4-SVC: Network compressed POST connection error: java.net.ConnectException: Failed to connect to ssl.google-analytics.com/203.208.40.62:443
12-23 14:31:39.585   683  2158 I chatty  : uid=1000(system) Binder:683_E expire 5 lines
12-23 14:31:37.897   744   744 I chatty  : uid=1010(wifi) /system/bin/wificond identical 3 lines
12-23 14:31:37.906   744   744 E wificond: Failed to get NL80211_STA_INFO_CNAHLOAD
12-23 14:31:39.586   683  1991 V BroadcastQueue: Finished with ordered broadcast BroadcastRecord{b24d63b u0 com.google.android.gms.gcm.ACTION_CHECK_QUEUE}
12-23 14:31:39.623  3413  4724 D WorkSource: Insert in WorkSource{} @ 0 uid 10099 name com.google.android.gms
12-23 14:31:39.624  3413  4724 D WorkSource: Insert in WorkSource{} @ 0 uid 10099 name com.google.android.gms
12-23 14:31:39.666  3413  4724 D WorkSource: Insert in WorkSource{} @ 0 uid 10099 name com.google.android.gms
12-23 14:31:39.668   683  2158 W HwAlarmManagerService: isContainsAppUidInWorksource-->happend NameNotFoundException
12-23 14:31:39.673 21052 32568 I GCM-GMS : Registering GMS 745476177629
12-23 14:31:39.706   683  2158 V BroadcastQueue: Finished with ordered broadcast BroadcastRecord{31f396 u0 com.google.iid.TOKEN_REQUEST}
12-23 14:31:39.987   699   699 E WifiHAL : enter wifi_get_link_stats
12-23 14:31:40.000   744   744 E wificond: Failed to get NL80211_STA_INFO_CNAHLOAD
12-23 14:31:40.254   493 32572 W libc    : Set property "hw.wifi.dns_stat" to "674,23,13448,1,121869"
12-23 14:31:40.544   965  1065 W libc    : Set property "ril.hw_modem0.rssi" to "-116"
12-23 14:31:40.552  1976  1976 W libc    : Set property "gsm.rssi.sim1" to "-116"
12-23 14:31:40.826   683   683 I chatty  : uid=1000 system_server expire 48 lines
12-23 14:31:41.214 31484 31533 I [push]core: 1/NimService onStartCommand from#4 flags#0 startId#583
12-23 14:31:41.217 31484 31533 D [push]service: 1/start repeating alarm
12-23 14:31:41.227   683  1991 D SmartHeartBeat: isPendingPackage, false, pkg:com.android.deskclock, action:com.android.deskclock.ALARM_ALERT,not pending alarm with AlarmClockInfo
12-23 14:31:41.230 31484 31533 D [push]service: 1/start keep alive alarm
12-23 14:31:41.578  1508  1508 I chatty  : uid=10039(u0_a39) com.android.systemui expire 14 lines
12-23 14:31:42.931  1508  1760 I chatty  : uid=10039(u0_a39) SystemUI_subThr expire 11 lines
12-23 14:31:43.007   699   699 E WifiHAL : enter wifi_get_link_stats
12-23 14:31:43.022   744   744 E wificond: Failed to get NL80211_STA_INFO_CNAHLOAD
12-23 14:31:43.023   683  1398 I chatty  : uid=1000(system) WifiStateMachin expire 10 lines
12-23 14:31:43.024   683  1400 I chatty  : uid=1000(system) HwWifiCHRStateM expire 15 lines
12-23 14:31:43.275 21052 32568 W GCM-GMS : Failed to get registration: java.io.IOException: SERVICE_NOT_AVAILABLE
12-23 14:31:43.312   683  1991 D SmartHeartBeat: isPendingPackage, false, pkg:com.android.deskclock, action:com.android.deskclock.ALARM_ALERT,not pending alarm with AlarmClockInfo
12-23 14:31:43.362  3413  4724 D WorkSource: Insert in WorkSource{} @ 0 uid 10099 name com.google.android.gms
12-23 14:31:43.363  3413  4724 D WorkSource: Insert in WorkSource{} @ 0 uid 10099 name com.google.android.gms
12-23 14:31:43.429  3413  4724 D WorkSource: Insert in WorkSource{} @ 0 uid 10099 name com.google.android.gms
12-23 14:31:43.430  3413  4724 D WorkSource: Insert in WorkSource{} @ 0 uid 10099 name com.google.android.gms
12-23 14:31:43.476  3413  4724 D WorkSource: Insert in WorkSource{} @ 0 uid 10099 name com.google.android.gms
12-23 14:31:43.477   683  1991 W HwAlarmManagerService: isContainsAppUidInWorksource-->happend NameNotFoundException
12-23 14:31:43.480  3413 32573 I NetRec  : [3545] aeqv.a: Refreshing scores for 150 networks.
12-23 14:31:43.512 21052 21052 D WorkSource: i1=0 i2=0 N1=0: insert 10099 com.google.android.gms
12-23 14:31:43.512 21052 21052 D WorkSource: Insert in WorkSource{} @ 0 uid 10099 name com.google.android.gms
12-23 14:31:43.528   493 32575 W libc    : Set property "hw.wifi.dns_stat" to "675,23,13448,1,121871"
12-23 14:31:43.548   683  1991 D SmartHeartBeat: isPendingPackage, false, pkg:com.android.deskclock, action:com.android.deskclock.ALARM_ALERT,not pending alarm with AlarmClockInfo
12-23 14:31:43.576  3413  4724 D WorkSource: Insert in WorkSource{} @ 0 uid 10099 name com.google.android.gms
12-23 14:31:43.577  3413  4724 D WorkSource: Insert in WorkSource{} @ 0 uid 10099 name com.google.android.gms
12-23 14:31:43.609  3413  4724 D WorkSource: Insert in WorkSource{} @ 0 uid 10099 name com.google.android.gms
12-23 14:31:43.611   683  2158 W HwAlarmManagerService: isContainsAppUidInWorksource-->happend NameNotFoundException
12-23 14:31:43.685   418   418 W /system/bin/hwservicemanager: Cannot open /odm/manifest.xml
12-23 14:31:43.691   738 15075 I DrmHal  : makeDrmFactories: factory instance default is Remote
12-23 14:31:43.695   418   418 W /system/bin/hwservicemanager: Cannot open /odm/manifest.xml
12-23 14:31:43.700   738 15075 I DrmHal  : makeDrmFactories: factory instance widevine is Remote
12-23 14:31:43.702   664  9944 I WVCdm   : CdmEngine::OpenSession
12-23 14:31:43.702   664  9944 D WVCdm   : CryptoSession::Open: Lock: requested_security_level: Default
12-23 14:31:43.703   664  9944 W WVCdm   : DeviceFiles::RetrieveHashedFile: /data/mediadrm/IDM1013/L3/cert.bin does not exist
12-23 14:31:43.705 30180 32579 W DG.WV   : Waiting for device certificate provisioning.
12-23 14:31:43.705 30180 32579 W DG.WV   : sov: Waiting for provisioning response from server.
12-23 14:31:43.705 30180 32579 W DG.WV   : 	at sln.run(:com.google.android.gms@12876023@12.8.76 (040400-207938145):27)
12-23 14:31:43.705 30180 32579 W DG.WV   : 	at pmz.run(:com.google.android.gms@12876023@12.8.76 (040400-207938145):28)
12-23 14:31:43.705 30180 32579 W DG.WV   : 	at java.util.concurrent.ThreadPoolExecutor.runWorker(ThreadPoolExecutor.java:1162)
12-23 14:31:43.705 30180 32579 W DG.WV   : 	at java.util.concurrent.ThreadPoolExecutor$Worker.run(ThreadPoolExecutor.java:636)
12-23 14:31:43.705 30180 32579 W DG.WV   : 	at ptb.run(Unknown Source:7)
12-23 14:31:43.705 30180 32579 W DG.WV   : 	at java.lang.Thread.run(Thread.java:784)
12-23 14:31:43.705 30180 32579 W DG.WV   : Caused by: android.media.NotProvisionedException: Failed to open session
12-23 14:31:43.705 30180 32579 W DG.WV   : 	at android.media.MediaDrm.openSession(Native Method)
12-23 14:31:43.705 30180 32579 W DG.WV   : 	at sln.run(:com.google.android.gms@12876023@12.8.76 (040400-207938145):17)
12-23 14:31:43.705 30180 32579 W DG.WV   : 	... 5 more
12-23 14:31:43.706   664  9944 D WVCdm   : CryptoSession::Open: Lock: requested_security_level: Default
12-23 14:31:43.925   724   866 I emcomd  : [EMCOMD_NET] parse_dns_process# dns query duplication
12-23 14:31:44.388   965  1065 W libc    : Set property "ril.hw_modem0.rssi" to "-119"
12-23 14:31:44.398  1976  1976 W libc    : Set property "gsm.rssi.sim1" to "-119"
12-23 14:31:44.588  1508  1508 I chatty  : uid=10039(u0_a39) com.android.systemui expire 49 lines
12-23 14:31:45.440   683  1456 I chatty  : uid=1000(system) WiFiArpStateMac expire 12 lines
12-23 14:31:45.696  3413 32573 W NetRec  : [3545] aeqv.a: Timeout after 2203 ms while waiting for score updates. Rescheduling.
12-23 14:31:45.704  3413 32573 I NetRec  : [3545] aeqv.a: Still entries pending update, scheduling new refresh_scores_task refresh.
12-23 14:31:45.717  3413 32573 I NetRec  : [3545] aeqv.a: Completed refresh_scores_task score refresh task in 2298 ms, returning 1
12-23 14:31:45.738   683  2158 V BroadcastQueue: Finished with ordered broadcast BroadcastRecord{6072ecc u0 com.google.android.gms.gcm.ACTION_SCHEDULE}
12-23 14:31:45.904   744   744 E wificond: Failed to get NL80211_STA_INFO_CNAHLOAD
12-23 14:31:45.911   683  1470 I chatty  : uid=1000(system) HuaweiWifiWatch expire 30 lines
12-23 14:31:45.924   683  5715 I chatty  : uid=1000(system) MobileQosDetect expire 3 lines
12-23 14:31:46.028   699   699 E WifiHAL : enter wifi_get_link_stats
12-23 14:31:46.941 30180 32582 E DG.WV   : Could not communicate with the provisioning server.
12-23 14:31:46.941 30180 32582 E DG.WV   : java.net.ConnectException: Failed to connect to www.googleapis.com/216.58.200.10:443
12-23 14:31:46.941 30180 32582 E DG.WV   : 	at com.android.okhttp.internal.io.RealConnection.connectSocket(RealConnection.java:143)
12-23 14:31:46.941 30180 32582 E DG.WV   : 	at com.android.okhttp.internal.io.RealConnection.connect(RealConnection.java:112)
12-23 14:31:46.941 30180 32582 E DG.WV   : 	at com.android.okhttp.internal.http.StreamAllocation.findConnection(StreamAllocation.java:184)
12-23 14:31:46.941 30180 32582 E DG.WV   : 	at com.android.okhttp.internal.http.StreamAllocation.findHealthyConnection(StreamAllocation.java:126)
12-23 14:31:46.941 30180 32582 E DG.WV   : 	at com.android.okhttp.internal.http.StreamAllocation.newStream(StreamAllocation.java:95)
12-23 14:31:46.941 30180 32582 E DG.WV   : 	at com.android.okhttp.internal.http.HttpEngine.connect(HttpEngine.java:281)
12-23 14:31:46.941 30180 32582 E DG.WV   : 	at com.android.okhttp.internal.http.HttpEngine.sendRequest(HttpEngine.java:224)
12-23 14:31:46.941 30180 32582 E DG.WV   : 	at com.android.okhttp.internal.huc.HttpURLConnectionImpl.execute(HttpURLConnectionImpl.java:461)
12-23 14:31:46.941 30180 32582 E DG.WV   : 	at com.android.okhttp.internal.huc.HttpURLConnectionImpl.connect(HttpURLConnectionImpl.java:127)
12-23 14:31:46.941 30180 32582 E DG.WV   : 	at com.android.okhttp.internal.huc.HttpURLConnectionImpl.getOutputStream(HttpURLConnectionImpl.java:258)
12-23 14:31:46.941 30180 32582 E DG.WV   : 	at com.android.okhttp.internal.huc.DelegatingHttpsURLConnection.getOutputStream(DelegatingHttpsURLConnection.java:218)
12-23 14:31:46.941 30180 32582 E DG.WV   : 	at com.android.okhttp.internal.huc.HttpsURLConnectionImpl.getOutputStream(Unknown Source:0)
12-23 14:31:46.941 30180 32582 E DG.WV   : 	at slt.a(:com.google.android.gms@12876023@12.8.76 (040400-207938145):23)
12-23 14:31:46.941 30180 32582 E DG.WV   : 	at slt.a(:com.google.android.gms@12876023@12.8.76 (040400-207938145):12)
12-23 14:31:46.941 30180 32582 E DG.WV   : 	at sou.run(:com.google.android.gms@12876023@12.8.76 (040400-207938145):4)
12-23 14:31:46.948   965  1065 W libc    : Set property "ril.hw_modem0.rssi" to "-116"
12-23 14:31:46.956  1976  1976 W libc    : Set property "gsm.rssi.sim1" to "-116"
12-23 14:31:46.982   418   418 W /system/bin/hwservicemanager: Cannot open /odm/manifest.xml
12-23 14:31:46.985   738   738 I DrmHal  : makeDrmFactories: factory instance default is Remote
12-23 14:31:46.986   418   418 W /system/bin/hwservicemanager: Cannot open /odm/manifest.xml
12-23 14:31:46.989   738   738 I DrmHal  : makeDrmFactories: factory instance widevine is Remote
12-23 14:31:46.993   664  9944 I WVCdm   : CdmEngine::OpenSession
12-23 14:31:46.993   664  9944 D WVCdm   : CryptoSession::Open: Lock: requested_security_level: Default
12-23 14:31:46.994   664  9944 W WVCdm   : DeviceFiles::RetrieveHashedFile: /data/mediadrm/IDM1013/L3/cert.bin does not exist
12-23 14:31:47.062  3413  4215 W GLSUser : [AppCertManager] Failed to get security token.
12-23 14:31:47.062  3413  4215 W GLSUser : java.io.IOException: SERVICE_NOT_AVAILABLE
12-23 14:31:47.062  3413  4215 W GLSUser : 	at zgb.a(:com.google.android.gms@12876023@12.8.76 (040400-207938145):21)
12-23 14:31:47.062  3413  4215 W GLSUser : 	at zfl.b(:com.google.android.gms@12876023@12.8.76 (040400-207938145):9)
12-23 14:31:47.062  3413  4215 W GLSUser : 	at zfl.a(:com.google.android.gms@12876023@12.8.76 (040400-207938145):22)
12-23 14:31:47.062  3413  4215 W GLSUser : 	at hdw.b(:com.google.android.gms@12876023@12.8.76 (040400-207938145):4)
12-23 14:31:47.062  3413  4215 W GLSUser : 	at hdw.a(:com.google.android.gms@12876023@12.8.76 (040400-207938145):55)
12-23 14:31:47.062  3413  4215 W GLSUser : 	at hdu.a(:com.google.android.gms@12876023@12.8.76 (040400-207938145):8)
12-23 14:31:47.062  3413  4215 W GLSUser : 	at hdq.a(:com.google.android.gms@12876023@12.8.76 (040400-207938145):1)
12-23 14:31:47.062  3413  4215 W GLSUser : 	at hdp.a(:com.google.android.gms@12876023@12.8.76 (040400-207938145):10)
12-23 14:31:47.062  3413  4215 W GLSUser : 	at com.google.android.gms.auth.account.be.legacy.AuthCronChimeraService.b(:com.google.android.gms@12876023@12.8.76 (040400-207938145):7)
12-23 14:31:47.062  3413  4215 W GLSUser : 	at gcv.call(:com.google.android.gms@12876023@12.8.76 (040400-207938145):3)
12-23 14:31:47.062  3413  4215 W GLSUser : 	at java.util.concurrent.FutureTask.run(FutureTask.java:266)
12-23 14:31:47.062  3413  4215 W GLSUser : 	at pmz.run(:com.google.android.gms@12876023@12.8.76 (040400-207938145):28)
12-23 14:31:47.062  3413  4215 W GLSUser : 	at java.util.concurrent.ThreadPoolExecutor.runWorker(ThreadPoolExecutor.java:1162)
12-23 14:31:47.062  3413  4215 W GLSUser : 	at java.util.concurrent.ThreadPoolExecutor$Worker.run(ThreadPoolExecutor.java:636)
12-23 14:31:47.062  3413  4215 W GLSUser : 	at ptb.run(Unknown Source:7)
12-23 14:31:47.062  3413  4215 W GLSUser : 	at java.lang.Thread.run(Thread.java:784)
12-23 14:31:47.090   493 32594 W libc    : Set property "hw.wifi.dns_stat" to "678,23,13448,1,122279"
12-23 14:31:45.910   744   744 I chatty  : uid=1010(wifi) /system/bin/wificond identical 1 line
12-23 14:31:46.039   744   744 E wificond: Failed to get NL80211_STA_INFO_CNAHLOAD
12-23 14:31:48.117   683  1352 D HwBatteryService: onUEvent fcpStatus = 0,scpStatus =0,ovpStatus=0
12-23 14:31:48.119   683  1352 I UsbDeviceManager: water_intrused state= 0
12-23 14:31:48.146   683   683 D WifiService: onReceive, action:android.intent.action.BATTERY_CHANGED
12-23 14:31:48.146   683   683 D WifiService: ACTION_BATTERY_CHANGED pluggedType: 2
12-23 14:31:48.147  1961  1961 I MsgReceiver: intent action: android.intent.action.BATTERY_CHANGED
12-23 14:31:48.172 31647 32273 I [10.3.0.302]CloudAlbum.OperationUtil: cancelNotify
12-23 14:31:48.225   965  1065 W libc    : Set property "ril.hw_modem0.rssi" to "-119"
12-23 14:31:48.232  1976  1976 W libc    : Set property "gsm.rssi.sim1" to "-119"
12-23 14:31:49.048   699   699 E WifiHAL : enter wifi_get_link_stats
12-23 14:31:49.066   744   744 E wificond: Failed to get NL80211_STA_INFO_CNAHLOAD
12-23 14:31:50.127  3413  4215 W GLSUser : [AppCertManager] IOException while requesting key: 
12-23 14:31:50.127  3413  4215 W GLSUser : java.net.ConnectException: Failed to connect to android.clients.google.com/172.217.163.238:443
12-23 14:31:50.127  3413  4215 W GLSUser : 	at com.android.okhttp.internal.io.RealConnection.connectSocket(RealConnection.java:143)
12-23 14:31:50.127  3413  4215 W GLSUser : 	at com.android.okhttp.internal.io.RealConnection.connect(RealConnection.java:112)
12-23 14:31:50.127  3413  4215 W GLSUser : 	at com.android.okhttp.internal.http.StreamAllocation.findConnection(StreamAllocation.java:184)
12-23 14:31:50.127  3413  4215 W GLSUser : 	at com.android.okhttp.internal.http.StreamAllocation.findHealthyConnection(StreamAllocation.java:126)
12-23 14:31:50.127  3413  4215 W GLSUser : 	at com.android.okhttp.internal.http.StreamAllocation.newStream(StreamAllocation.java:95)
12-23 14:31:50.127  3413  4215 W GLSUser : 	at com.android.okhttp.internal.http.HttpEngine.connect(HttpEngine.java:281)
12-23 14:31:50.127  3413  4215 W GLSUser : 	at com.android.okhttp.internal.http.HttpEngine.sendRequest(HttpEngine.java:224)
12-23 14:31:50.127  3413  4215 W GLSUser : 	at com.android.okhttp.internal.huc.HttpURLConnectionImpl.execute(HttpURLConnectionImpl.java:461)
12-23 14:31:50.127  3413  4215 W GLSUser : 	at com.android.okhttp.internal.huc.HttpURLConnectionImpl.connect(HttpURLConnectionImpl.java:127)
12-23 14:31:50.127  3413  4215 W GLSUser : 	at com.android.okhttp.internal.huc.HttpURLConnectionImpl.getOutputStream(HttpURLConnectionImpl.java:258)
12-23 14:31:50.127  3413  4215 W GLSUser : 	at com.android.okhttp.internal.huc.DelegatingHttpsURLConnection.getOutputStream(DelegatingHttpsURLConnection.java:218)
12-23 14:31:50.127  3413  4215 W GLSUser : 	at com.android.okhttp.internal.huc.HttpsURLConnectionImpl.getOutputStream(Unknown Source:0)
12-23 14:31:50.127  3413  4215 W GLSUser : 	at xtq.a(:com.google.android.gms@12876023@12.8.76 (040400-207938145):60)
12-23 14:31:50.127  3413  4215 W GLSUser : 	at icz.a(Unknown Source:20)
12-23 14:31:50.127  3413  4215 W GLSUser : 	at geb.a(:com.google.android.gms@12876023@12.8.76 (040400-207938145):6)
12-23 14:31:50.127  3413  4215 W GLSUser : 	at geb.a(:com.google.android.gms@12876023@12.8.76 (040400-207938145):2)
12-23 14:31:50.127  3413  4215 W GLSUser : 	at hdw.a(:com.google.android.gms@12876023@12.8.76 (040400-207938145):11)
12-23 14:31:50.127  3413  4215 W GLSUser : 	at hdw.a(:com.google.android.gms@12876023@12.8.76 (040400-207938145):64)
12-23 14:31:50.127  3413  4215 W GLSUser : 	at hdu.a(:com.google.android.gms@12876023@12.8.76 (040400-207938145):8)
12-23 14:31:50.127  3413  4215 W GLSUser : 	at hdq.a(:com.google.android.gms@12876023@12.8.76 (040400-207938145):1)
12-23 14:31:50.127  3413  4215 W GLSUser : 	at hdp.a(:com.google.android.gms@12876023@12.8.76 (040400-207938145):10)
12-23 14:31:50.127  3413  4215 W GLSUser : 	at com.google.android.gms.auth.account.be.legacy.AuthCronChimeraService.b(:com.google.android.gms@12876023@12.8.76 (040400-207938145):7)
12-23 14:31:50.127  3413  4215 W GLSUser : 	at gcv.call(:com.google.android.gms@12876023@12.8.76 (040400-207938145):3)
12-23 14:31:50.127  3413  4215 W GLSUser : 	at java.util.concurrent.FutureTask.run(FutureTask.java:266)
12-23 14:31:50.127  3413  4215 W GLSUser : 	at pmz.run(:com.google.android.gms@12876023@12.8.76 (040400-207938145):28)
12-23 14:31:50.127  3413  4215 W GLSUser : 	at java.util.concurrent.ThreadPoolExecutor.runWorker(ThreadPoolExecutor.java:1162)
12-23 14:31:50.127  3413  4215 W GLSUser : 	at java.util.concurrent.ThreadPoolExecutor$Worker.run(ThreadPoolExecutor.java:636)
12-23 14:31:50.127  3413  4215 W GLSUser : 	at ptb.run(Unknown Source:7)
12-23 14:31:50.127  3413  4215 W GLSUser : 	at java.lang.Thread.run(Thread.java:784)
12-23 14:31:50.167   683  2158 D SmartHeartBeat: isPendingPackage, false, pkg:com.android.deskclock, action:com.android.deskclock.ALARM_ALERT,not pending alarm with AlarmClockInfo
12-23 14:31:50.200  3413  4724 D WorkSource: Insert in WorkSource{} @ 0 uid 10099 name com.google.android.gms
12-23 14:31:50.201  3413  4724 D WorkSource: Insert in WorkSource{} @ 0 uid 10099 name com.google.android.gms
12-23 14:31:50.270  3413  4724 D WorkSource: Insert in WorkSource{} @ 0 uid 10099 name com.google.android.gms
12-23 14:31:50.273  3413  4724 D WorkSource: Insert in WorkSource{} @ 0 uid 10099 name com.google.android.gms
12-23 14:31:50.274   683  1006 I chatty  : uid=1000(system) Binder:683_2 expire 1 line
12-23 14:31:50.301  3413  4724 D WorkSource: Insert in WorkSource{} @ 0 uid 10099 name com.google.android.gms
12-23 14:31:50.302   683  2158 W HwAlarmManagerService: isContainsAppUidInWorksource-->happend NameNotFoundException
12-23 14:31:50.315   493 32608 W libc    : Set property "hw.wifi.dns_stat" to "679,23,13448,1,122280"
12-23 14:31:50.350  3413 32607 I NetRec  : [3550] aeqv.a: Refreshing scores for 150 networks.
12-23 14:31:50.391   683  1390 I chatty  : uid=1000(system) Binder:683_3 expire 4 lines
12-23 14:31:50.396   683  1390 W ContextImpl: Calling a method in the system process without a qualified user: android.app.ContextImpl.sendBroadcast:1095 com.android.server.HwConnectivityManagerImpl.sendIntentDnsEvent:726 com.android.server.HwConnectivityManagerImpl.onDnsEvent:629 com.android.server.connectivity.NetdEventListenerService.onDnsEvent:127 android.net.metrics.INetdEventListener$Stub.onTransact:69 
12-23 14:31:52.073   699   699 E WifiHAL : enter wifi_get_link_stats
12-23 14:31:52.093   744   744 E wificond: Failed to get NL80211_STA_INFO_CNAHLOAD
12-23 14:31:52.573  3413 32607 W NetRec  : [3550] aeqv.a: Timeout after 2202 ms while waiting for score updates. Rescheduling.
12-23 14:31:52.580  3413 32607 I NetRec  : [3550] aeqv.a: Still entries pending update, scheduling new rapid_refresh_scores_task refresh.
12-23 14:31:52.595  3413 32607 I NetRec  : [3550] aeqv.a: Completed rapid_refresh_scores_task score refresh task in 2288 ms, returning 1
12-23 14:31:52.606   683  1390 V BroadcastQueue: Finished with ordered broadcast BroadcastRecord{8169d85 u0 com.google.android.gms.gcm.ACTION_SCHEDULE}
12-23 14:31:52.620  3413 10723 D WorkSource: Insert in WorkSource{} @ 0 uid 10099 name com.google.android.gms
12-23 14:31:52.621   683  1884 W HwAlarmManagerService: isContainsAppUidInWorksource-->happend NameNotFoundException
12-23 14:31:52.626   683  1884 D SmartHeartBeat: isPendingPackage, false, pkg:com.android.deskclock, action:com.android.deskclock.ALARM_ALERT,not pending alarm with AlarmClockInfo
12-23 14:31:52.845   683   683 I chatty  : uid=1000 system_server expire 50 lines
12-23 14:31:53.333 21052 32596 E Ads     : [JAMS] Failed to negotiate
12-23 14:31:53.367   683  1390 V BroadcastQueue: Finished with ordered broadcast BroadcastRecord{80eb40b u0 com.google.android.gms.gcm.ACTION_SCHEDULE}
12-23 14:31:53.912   744   744 E wificond: Failed to get NL80211_STA_INFO_CNAHLOAD
12-23 14:31:53.913   683  1400 I chatty  : uid=1000(system) HwWifiCHRStateM expire 15 lines
12-23 14:31:54.964  1508  1760 I chatty  : uid=10039(u0_a39) SystemUI_subThr expire 13 lines
12-23 14:31:55.003  1508  1508 I chatty  : uid=10039(u0_a39) com.android.systemui expire 48 lines
12-23 14:31:55.098   699   699 E WifiHAL : enter wifi_get_link_stats
12-23 14:31:55.113   683  1398 I chatty  : uid=1000(system) WifiStateMachin expire 19 lines
12-23 14:31:55.904   965  1065 W libc    : Set property "ril.hw_modem0.rssi" to "-116"
12-23 14:31:55.910  1976  1976 W libc    : Set property "gsm.rssi.sim1" to "-116"
12-23 14:31:56.411   683  1456 I chatty  : uid=1000(system) WiFiArpStateMac expire 20 lines
12-23 14:31:53.920   744   744 I chatty  : uid=1010(wifi) /system/bin/wificond identical 1 line
12-23 14:31:55.112   744   744 E wificond: Failed to get NL80211_STA_INFO_CNAHLOAD
12-23 14:31:57.388   683  1874 W Watchdog: hungtask: writing kick
12-23 14:31:57.395   683  1163 I chatty  : uid=1000(system) android.fg expire 1 line
12-23 14:31:58.120   699   699 E WifiHAL : enter wifi_get_link_stats
12-23 14:31:58.136   744   744 E wificond: Failed to get NL80211_STA_INFO_CNAHLOAD
12-23 14:31:58.464   965  1065 W libc    : Set property "ril.hw_modem0.rssi" to "-119"
12-23 14:31:58.474  1976  1976 W libc    : Set property "gsm.rssi.sim1" to "-119"
12-23 14:31:58.930   493   633 W SocketListener: sending broadcast to Pid = 683, Uid = 1000 
12-23 14:31:58.933   683  1393 D NetdConnector: RCV <- {613 IfaceClass idle 1 142429824366935}
12-23 14:31:58.937   683  1393 D NetdConnector: RCV <- {613 IfaceClass idle 1 142429824366935}
12-23 14:31:58.940   683  1163 D NetdConnector: RCV unsolicited event from native daemon, event = 613
12-23 14:31:58.950   683  1390 V BroadcastQueue: Finished with ordered broadcast BroadcastRecord{4a032e8 u-1 android.net.conn.DATA_ACTIVITY_CHANGE}
12-23 14:31:59.071  1961  2733 I LogPowerAdapter: do thermal temperature:28action:app_ctrl value:0 to PG
12-23 14:31:59.071  1961  2733 D HwPolicyDispatcher: send ctrl to PG,0
12-23 14:31:59.075  1961  2326 I TClean  : TClean trigger policy = 0
12-23 14:31:59.077  1961  2326 I HardwareAdapter: file:/sys/class/hw_power/charger/direct_charger/adaptor_detect, fileExists:false, fileCanRead:false
12-23 14:31:59.077  1961  2326 I HardwareAdapter: isOnlyChargingType adaptor_detect=null
12-23 14:31:59.079  1961  2326 I HardwareAdapter: isOnlyChargingType chargerType=0
12-23 14:31:59.079  1961  2326 I ash     : not only power charing.
12-23 14:32:00.003   683   683 V AlarmManager: Received TIME_TICK alarm; rescheduling
12-23 14:32:00.005   683   683 I HwAlarmManagerService: hwSetAlarm listenerTag: time_tick
12-23 14:32:00.043  1508  1778 I chatty  : uid=10039(u0_a39) KG_Background_H expire 1 line
12-23 14:32:00.044  1992  1992 I HwLauncher: Model  onReceive intent=Intent { act=android.intent.action.TIME_TICK flg=0x50200014 hwFlg=0x900 (has extras) }
12-23 14:32:00.044  1992  1992 I HwLauncher: Model  onReceive user=UserHandle{0}
12-23 14:32:00.053  1992  2123 E HwLauncher: SettingsEx , no such field.
12-23 14:32:00.053  1992  2123 W HwLauncher: Clock getDataFormat the getSystemString failed.
12-23 14:32:00.077  6277  6374 I Step_LSC: 90004307|processHandleBroadcastAction action:android.intent.action.TIME_TICK
12-23 14:32:00.090  6277  6374 I Step_SPUtils: 90004307|setAliveRecord  success: timestampArg=1545546720078 elapsedRealtimeArg=142430975
12-23 14:32:00.195  3457  3457 I [HwRecSys]TimerController: onMinuteChange requestWeather
12-23 14:32:00.196  3457  6781 D [HwRecSys]LocationController: receive msg MSG_START_PASSIVE_LOCATION
12-23 14:32:00.197  3457  6781 E [HwRecSys]LocationController: location valid no need locate
12-23 14:32:00.197   683  2158 V BroadcastQueue: Finished with ordered broadcast BroadcastRecord{f0087a6 u-1 android.intent.action.TIME_TICK}
12-23 14:32:01.147   699   699 E WifiHAL : enter wifi_get_link_stats
12-23 14:32:01.162   744   744 E wificond: Failed to get NL80211_STA_INFO_CNAHLOAD
12-23 14:32:01.928   683  1470 I chatty  : uid=1000(system) HuaweiWifiWatch expire 48 lines
12-23 14:32:04.171   699   699 E WifiHAL : enter wifi_get_link_stats
12-23 14:32:04.187   683  1400 I chatty  : uid=1000(system) HwWifiCHRStateM expire 21 lines
12-23 14:32:04.488   683  1165 I chatty  : uid=1000(system) android.display expire 6 lines
12-23 14:32:04.496   683   683 I chatty  : uid=1000 system_server expire 62 lines
12-23 14:32:07.109   683  1399 I chatty  : uid=1000(system) HwWifiStatStore expire 9 lines
12-23 14:32:07.193   699   699 E WifiHAL : enter wifi_get_link_stats
12-23 14:32:09.949   683  5715 I chatty  : uid=1000(system) MobileQosDetect expire 4 lines
12-23 14:32:10.009  1508  1508 I chatty  : uid=10039(u0_a39) com.android.systemui expire 64 lines
12-23 14:32:10.009  1508  1760 I chatty  : uid=10039(u0_a39) SystemUI_subThr expire 12 lines
12-23 14:32:10.217   699   699 E WifiHAL : enter wifi_get_link_stats
12-23 14:32:12.545   965  1065 W libc    : Set property "ril.hw_modem0.rssi" to "-116"
12-23 14:32:12.558  1976  1976 W libc    : Set property "gsm.rssi.sim1" to "-116"
12-23 14:32:13.240   699   699 E WifiHAL : enter wifi_get_link_stats
12-23 14:32:13.826   965  1065 W libc    : Set property "ril.hw_modem0.rssi" to "-119"
12-23 14:32:13.833  1976  1976 W libc    : Set property "gsm.rssi.sim1" to "-119"
12-23 14:32:10.233   744   744 I chatty  : uid=1010(wifi) /system/bin/wificond identical 7 lines
12-23 14:32:13.256   744   744 E wificond: Failed to get NL80211_STA_INFO_CNAHLOAD
12-23 14:32:14.417   683   683 D WifiService: onReceive, action:android.intent.action.BATTERY_CHANGED
12-23 14:32:14.417   683   683 D WifiService: ACTION_BATTERY_CHANGED pluggedType: 2
12-23 14:32:14.419  1961  1961 I MsgReceiver: intent action: android.intent.action.BATTERY_CHANGED
12-23 14:32:14.434 31647 32273 I [10.3.0.302]CloudAlbum.OperationUtil: cancelNotify
12-23 14:32:16.264   699   699 E WifiHAL : enter wifi_get_link_stats
12-23 14:32:16.279   744   744 E wificond: Failed to get NL80211_STA_INFO_CNAHLOAD
12-23 14:32:16.604   493   633 W SocketListener: sending broadcast to Pid = 683, Uid = 1000 
12-23 14:32:16.606   683  1393 D NetdConnector: RCV <- {613 IfaceClass active 1 142447499112245 10246}
12-23 14:32:16.609   683  1393 D NetdConnector: RCV <- {613 IfaceClass active 1 142447499112245 10246}
12-23 14:32:16.612   683  1163 D NetdConnector: RCV unsolicited event from native daemon, event = 613
12-23 14:32:16.621   683  2158 V BroadcastQueue: Finished with ordered broadcast BroadcastRecord{cf285e7 u-1 android.net.conn.DATA_ACTIVITY_CHANGE}
12-23 14:32:16.742 31767 31862 I [10.3.0.302]HiCloud.CBObserverTimer: removeMessages isCharging.
12-23 14:32:17.942   744   744 E wificond: Failed to get NL80211_STA_INFO_CNAHLOAD
12-23 14:32:17.951   744   744 E wificond: Failed to get NL80211_STA_INFO_CNAHLOAD
12-23 14:32:18.323   683  1352 D HwBatteryService: onUEvent fcpStatus = 0,scpStatus =0,ovpStatus=0
12-23 14:32:18.325   683  1352 I UsbDeviceManager: water_intrused state= 0
12-23 14:32:18.346  1961  1961 I MsgReceiver: intent action: android.intent.action.BATTERY_CHANGED
12-23 14:32:18.348   683   683 D WifiService: onReceive, action:android.intent.action.BATTERY_CHANGED
12-23 14:32:18.348   683   683 D WifiService: ACTION_BATTERY_CHANGED pluggedType: 2
12-23 14:32:18.365 31647 32273 I [10.3.0.302]CloudAlbum.OperationUtil: cancelNotify
12-23 14:32:19.093  1961  2733 I LogPowerAdapter: do thermal temperature:27action:app_ctrl value:0 to PG
12-23 14:32:19.093  1961  2733 D HwPolicyDispatcher: send ctrl to PG,0
12-23 14:32:19.096  1961  2326 I TClean  : TClean trigger policy = 0
12-23 14:32:19.097  1961  2326 I HardwareAdapter: file:/sys/class/hw_power/charger/direct_charger/adaptor_detect, fileExists:false, fileCanRead:false
12-23 14:32:19.097  1961  2326 I HardwareAdapter: isOnlyChargingType adaptor_detect=null
12-23 14:32:19.099  1961  2326 I HardwareAdapter: isOnlyChargingType chargerType=0
12-23 14:32:19.099  1961  2326 I ash     : not only power charing.
12-23 14:32:19.285   699   699 E WifiHAL : enter wifi_get_link_stats
12-23 14:32:19.300   744   744 E wificond: Failed to get NL80211_STA_INFO_CNAHLOAD
12-23 14:32:19.301   683  1398 I chatty  : uid=1000(system) WifiStateMachin expire 11 lines
12-23 14:32:19.301   683  1400 I chatty  : uid=1000(system) HwWifiCHRStateM expire 15 lines
12-23 14:32:20.682  1508  1508 I chatty  : uid=10039(u0_a39) com.android.systemui expire 48 lines
12-23 14:32:21.879   683   683 I chatty  : uid=1000 system_server expire 36 lines
12-23 14:32:22.307   699   699 E WifiHAL : enter wifi_get_link_stats
12-23 14:32:22.609   683  1365 I chatty  : uid=1000(system) AlarmManager expire 2 lines
12-23 14:32:22.628   683  2158 I chatty  : uid=1000(system) Binder:683_E expire 2 lines
12-23 14:32:22.324   744   744 E wificond: Failed to get NL80211_STA_INFO_CNAHLOAD
12-23 14:32:22.628   683  1884 V BroadcastQueue: Finished with ordered broadcast BroadcastRecord{20ff83d u0 com.google.android.gms.gcm.ACTION_CHECK_QUEUE}
12-23 14:32:22.670  3413  4724 D WorkSource: Insert in WorkSource{} @ 0 uid 10099 name com.google.android.gms
12-23 14:32:22.672  3413  4724 D WorkSource: Insert in WorkSource{} @ 0 uid 10099 name com.google.android.gms
12-23 14:32:22.705  3413  4724 D WorkSource: Insert in WorkSource{} @ 0 uid 10099 name com.google.android.gms
12-23 14:32:22.706   683  2158 W HwAlarmManagerService: isContainsAppUidInWorksource-->happend NameNotFoundException
12-23 14:32:22.769  3413 32619 I NetRec  : [3551] aeqv.a: Refreshing scores for 150 networks.
12-23 14:32:22.812   493 32620 W libc    : Set property "hw.wifi.dns_stat" to "681,23,13448,1,122283"
12-23 14:32:24.987  3413 32619 W NetRec  : [3551] aeqv.a: Timeout after 2202 ms while waiting for score updates. Rescheduling.
12-23 14:32:24.992  3413 32619 I NetRec  : [3551] aeqv.a: Still entries pending update, scheduling new rapid_refresh_scores_task refresh.
12-23 14:32:25.006  3413 32619 I NetRec  : [3551] aeqv.a: Completed rapid_refresh_scores_task score refresh task in 2289 ms, returning 1
12-23 14:32:25.017   683  1884 V BroadcastQueue: Finished with ordered broadcast BroadcastRecord{238b5fb u0 com.google.android.gms.gcm.ACTION_SCHEDULE}
12-23 14:32:25.032  3413 11675 D WorkSource: Insert in WorkSource{} @ 0 uid 10099 name com.google.android.gms
12-23 14:32:25.033   683  1884 W HwAlarmManagerService: isContainsAppUidInWorksource-->happend NameNotFoundException
12-23 14:32:25.040   683  1884 D SmartHeartBeat: isPendingPackage, false, pkg:com.android.deskclock, action:com.android.deskclock.ALARM_ALERT,not pending alarm with AlarmClockInfo
12-23 14:32:25.043  1508  1760 I chatty  : uid=10039(u0_a39) SystemUI_subThr expire 7 lines
12-23 14:32:25.333   699   699 E WifiHAL : enter wifi_get_link_stats
12-23 14:32:25.347   744   744 E wificond: Failed to get NL80211_STA_INFO_CNAHLOAD
12-23 14:32:25.952   683  1470 I chatty  : uid=1000(system) HuaweiWifiWatch expire 53 lines
12-23 14:32:26.438  1961  2090 I DeviceStateService: no user activity duration:540109 timeout:32000
12-23 14:32:26.445  1961  2090 W APwTrigger: block the screen timeout, no user activity duraion:540109
12-23 14:32:26.936  6277  6301 D LogUtil_LogConfig: getLogFile(): logFilePath = /data/data/com.huawei.health/files/com.huawei.health/com.huawei.health_DaemonService/
12-23 14:32:26.936  6277  6301 D LogUtil_LogConfig: obtainSavePath(): path = 1
12-23 14:32:26.936  6277  6301 D LogUtil_LogConfig: acquireMaxLogFileLengthContainsOffset describe: com.huawei.health:DaemonService result:5242880
12-23 14:32:25.946   744   744 I chatty  : uid=1010(wifi) /system/bin/wificond identical 1 line
12-23 14:32:25.952   744   744 E wificond: Failed to get NL80211_STA_INFO_CNAHLOAD
12-23 14:32:27.390   683  1874 W Watchdog: hungtask: writing kick
12-23 14:32:27.394   683  1163 I chatty  : uid=1000(system) android.fg expire 1 line
12-23 14:32:27.462   683  1456 I chatty  : uid=1000(system) WiFiArpStateMac expire 6 lines
12-23 14:32:28.355   699   699 E WifiHAL : enter wifi_get_link_stats
12-23 14:32:28.370   744   744 E wificond: Failed to get NL80211_STA_INFO_CNAHLOAD
12-23 14:32:31.379   699   699 E WifiHAL : enter wifi_get_link_stats
12-23 14:32:31.398   683  1400 I chatty  : uid=1000(system) HwWifiCHRStateM expire 6 lines
12-23 14:32:32.719  1508  1508 I chatty  : uid=10039(u0_a39) com.android.systemui expire 60 lines
12-23 14:32:33.136  1798  2183 E NotificationManager: notifyAsUser: tag=null, id=1074741829, user=UserHandle{0}
12-23 14:32:33.144   683  1884 I chatty  : uid=1000(system) Binder:683_5 expire 3 lines
12-23 14:32:33.152   683   683 I chatty  : uid=1000 system_server expire 56 lines
12-23 14:32:33.157  1961  2090 I AppManager: app:com.huawei.systemmanager Notification update time:142464053
12-23 14:32:33.947   683  1398 I chatty  : uid=1000(system) WifiStateMachin expire 10 lines
12-23 14:32:33.974   683  5715 I chatty  : uid=1000(system) MobileQosDetect expire 4 lines
12-23 14:32:34.103  1508  1760 I chatty  : uid=10039(u0_a39) SystemUI_subThr expire 11 lines
12-23 14:32:34.154   683  1399 I chatty  : uid=1000(system) HwWifiStatStore expire 15 lines
12-23 14:32:34.404   699   699 E WifiHAL : enter wifi_get_link_stats
12-23 14:32:34.419   683  1400 I chatty  : uid=1000(system) HwWifiCHRStateM expire 15 lines
12-23 14:32:33.953   744   744 I chatty  : uid=1010(wifi) /system/bin/wificond identical 3 lines
12-23 14:32:34.418   744   744 E wificond: Failed to get NL80211_STA_INFO_CNAHLOAD
12-23 14:32:34.968   683  1352 D HwBatteryService: onUEvent fcpStatus = 0,scpStatus =0,ovpStatus=0
12-23 14:32:34.970   683  1352 I UsbDeviceManager: water_intrused state= 0
12-23 14:32:34.980   750  1372 D dubaid  : [HourlyRoutine.cpp] handleRequestOffset# timestamp=1545544800000, expire=1645020
12-23 14:32:34.982   699   699 E WifiHAL : enter wifi_get_link_stats
12-23 14:32:34.988   683   683 D WifiService: onReceive, action:android.intent.action.BATTERY_CHANGED
12-23 14:32:34.988   683   683 D WifiService: ACTION_BATTERY_CHANGED pluggedType: 2
12-23 14:32:34.990  1961  1961 I MsgReceiver: intent action: android.intent.action.BATTERY_CHANGED
12-23 14:32:34.994  1961 32623 W libc    : Set property "debug.aps.current_battery" to "38"
12-23 14:32:35.004 31647 32273 I [10.3.0.302]CloudAlbum.OperationUtil: cancelNotify
12-23 14:32:35.005   683  1152 E BatteryStatsService: no controller energy info supplied
12-23 14:32:35.054   683  1152 E BatteryStatsService: modem info is invalid: ModemActivityInfo{ mTimestamp=0 mSleepTimeMs=0 mIdleTimeMs=0 mTxTimeMs[]=[0, 0, 0, 0, 0] mRxTimeMs=0 mEnergyUsed=0}
12-23 14:32:37.424   699   699 E WifiHAL : enter wifi_get_link_stats
12-23 14:32:37.440   744   744 E wificond: Failed to get NL80211_STA_INFO_CNAHLOAD
12-23 14:32:37.494   683  1456 I chatty  : uid=1000(system) WiFiArpStateMac expire 16 lines
12-23 14:32:39.116  1961  2733 I LogPowerAdapter: do thermal temperature:28action:app_ctrl value:0 to PG
12-23 14:32:39.117  1961  2733 D HwPolicyDispatcher: send ctrl to PG,0
