12-23 13:51:00.209   683  1466 I chatty  : uid=1000(system) StatisticsCHRMs expire 4 lines
12-23 13:51:00.282   744   744 E wificond: Failed to get NL80211_STA_INFO_CNAHLOAD
12-23 13:51:03.302   744   744 E wificond: Failed to get NL80211_STA_INFO_CNAHLOAD
12-23 13:51:04.685   744   744 E wificond: Failed to get NL80211_STA_INFO_CNAHLOAD
12-23 13:51:04.693   744   744 E wificond: Failed to get NL80211_STA_INFO_CNAHLOAD
12-23 13:51:05.002   683 10382 I chatty  : uid=1000(system) Binder:683_1F expire 1 line
12-23 13:51:06.325   744   744 E wificond: Failed to get NL80211_STA_INFO_CNAHLOAD
12-23 13:51:12.703   744   744 E wificond: Failed to get NL80211_STA_INFO_CNAHLOAD
12-23 13:51:13.222   683  1884 I chatty  : uid=1000(system) Binder:683_5 expire 10 lines
12-23 13:51:15.393   744   744 E wificond: Failed to get NL80211_STA_INFO_CNAHLOAD
12-23 13:51:16.109   683   683 I chatty  : uid=1000 system_server expire 11 lines
12-23 13:51:16.117   683  1142 I chatty  : uid=1000(system) android.bg expire 3 lines
12-23 13:51:16.200   683 10382 I chatty  : uid=1000(system) Binder:683_1F expire 1 line
12-23 13:51:18.416   744   744 E wificond: Failed to get NL80211_STA_INFO_CNAHLOAD
12-23 13:51:18.495   683  1006 I chatty  : uid=1000(system) Binder:683_2 expire 10 lines
12-23 13:51:20.701   744   744 E wificond: Failed to get NL80211_STA_INFO_CNAHLOAD
12-23 13:51:30.509   744   744 I chatty  : uid=1010(wifi) /system/bin/wificond identical 13 lines
12-23 13:51:33.529   744   744 E wificond: Failed to get NL80211_STA_INFO_CNAHLOAD
12-23 13:51:35.119   683  1874 I chatty  : uid=1000(system) watchdog expire 10 lines
12-23 13:51:36.551   744   744 E wificond: Failed to get NL80211_STA_INFO_CNAHLOAD
12-23 13:51:45.606   744   744 E wificond: Failed to get NL80211_STA_INFO_CNAHLOAD
12-23 13:51:48.633   744   744 E wificond: Failed to get NL80211_STA_INFO_CNAHLOAD
12-23 13:51:50.944   683  9307 I chatty  : uid=1000(system) Binder:683_17 expire 10 lines
12-23 13:51:51.654   744   744 E wificond: Failed to get NL80211_STA_INFO_CNAHLOAD
12-23 13:51:52.729   744   744 I chatty  : uid=1010(wifi) /system/bin/wificond identical 11 lines
12-23 13:51:52.734   744   744 E wificond: Failed to get NL80211_STA_INFO_CNAHLOAD
12-23 13:51:54.316   683  1148 I chatty  : uid=1000(system) android.ui expire 13 lines
12-23 13:51:54.676   744   744 E wificond: Failed to get NL80211_STA_INFO_CNAHLOAD
12-23 13:51:57.699   744   744 E wificond: Failed to get NL80211_STA_INFO_CNAHLOAD
12-23 13:52:00.720   744   744 E wificond: Failed to get NL80211_STA_INFO_CNAHLOAD
12-23 13:52:00.739   683  1146 I chatty  : uid=1000(system) ActivityManager expire 11 lines
12-23 13:52:00.748   744   744 E wificond: Failed to get NL80211_STA_INFO_CNAHLOAD
12-23 13:52:00.756   744   744 E wificond: Failed to get NL80211_STA_INFO_CNAHLOAD
12-23 13:52:03.739   744   744 E wificond: Failed to get NL80211_STA_INFO_CNAHLOAD
12-23 13:52:06.761   744   744 E wificond: Failed to get NL80211_STA_INFO_CNAHLOAD
12-23 13:52:09.786   744   744 E wificond: Failed to get NL80211_STA_INFO_CNAHLOAD
12-23 13:52:12.153  1976  1976 W SettingsEx: SettingsEx.Systemex.getString deprecated use Settings.System.getString instead ;callers=com.android.internal.telephony.gsm.HwCustGsmServiceStateManagerImpl.isMccForShowNetname:213 com.android.internal.telephony.gsm.HwCustGsmServiceStateManagerImpl.isShowNetnameByMcc:204 com.android.internal.telephony.gsm.HwCustGsmServiceStateManagerImpl.setOnsDisplayCustomization:155 
12-23 13:52:12.810   744   744 E wificond: Failed to get NL80211_STA_INFO_CNAHLOAD
12-23 13:52:14.399   493   633 W SocketListener: sending broadcast to Pid = 683, Uid = 1000 
12-23 13:52:14.402   683  1393 I chatty  : uid=1000(system) NetdConnector expire 10 lines
12-23 13:52:14.406   683  1163 I chatty  : uid=1000(system) android.fg expire 10 lines
12-23 13:52:15.833   744   744 E wificond: Failed to get NL80211_STA_INFO_CNAHLOAD
12-23 13:52:18.855   744   744 E wificond: Failed to get NL80211_STA_INFO_CNAHLOAD
12-23 13:52:21.738   493   633 W SocketListener: sending broadcast to Pid = 683, Uid = 1000 
12-23 13:52:21.877   744   744 E wificond: Failed to get NL80211_STA_INFO_CNAHLOAD
12-23 13:52:23.114   683  1884 I chatty  : uid=1000(system) Binder:683_5 expire 17 lines
12-23 13:52:24.762   744   744 E wificond: Failed to get NL80211_STA_INFO_CNAHLOAD
12-23 13:52:24.896   744   744 E wificond: Failed to get NL80211_STA_INFO_CNAHLOAD
12-23 13:52:27.923   744   744 E wificond: Failed to get NL80211_STA_INFO_CNAHLOAD
12-23 13:52:33.977   744   744 E wificond: Failed to get NL80211_STA_INFO_CNAHLOAD
12-23 13:52:37.000   744   744 E wificond: Failed to get NL80211_STA_INFO_CNAHLOAD
12-23 13:52:40.776   744   744 E wificond: Failed to get NL80211_STA_INFO_CNAHLOAD
12-23 13:52:43.047   744   744 E wificond: Failed to get NL80211_STA_INFO_CNAHLOAD
12-23 13:52:56.792   744   744 I chatty  : uid=1010(wifi) /system/bin/wificond identical 10 lines
12-23 13:52:58.158   744   744 E wificond: Failed to get NL80211_STA_INFO_CNAHLOAD
12-23 13:52:59.423   493   633 W SocketListener: sending broadcast to Pid = 683, Uid = 1000 
12-23 13:53:00.319   683  1148 I chatty  : uid=1000(system) android.ui expire 14 lines
12-23 13:53:00.319   683  2158 I chatty  : uid=1000(system) Binder:683_E expire 1 line
12-23 13:53:01.180   744   744 E wificond: Failed to get NL80211_STA_INFO_CNAHLOAD
12-23 13:53:04.798   744   744 E wificond: Failed to get NL80211_STA_INFO_CNAHLOAD
12-23 13:53:07.231   744   744 E wificond: Failed to get NL80211_STA_INFO_CNAHLOAD
12-23 13:53:09.143   683   683 I chatty  : uid=1000 system_server expire 11 lines
12-23 13:53:09.195   493   633 W SocketListener: sending broadcast to Pid = 683, Uid = 1000 
12-23 13:53:09.205   683  1884 I chatty  : uid=1000(system) Binder:683_5 expire 11 lines
12-23 13:53:09.245   683  1006 I chatty  : uid=1000(system) Binder:683_2 expire 8 lines
12-23 13:53:09.258   683  2189 I chatty  : uid=1000(system) Binder:683_F expire 11 lines
12-23 13:53:10.254   744   744 E wificond: Failed to get NL80211_STA_INFO_CNAHLOAD
12-23 13:53:10.757   683  1352 I chatty  : uid=1000(system) UEventObserver expire 2 lines
12-23 13:53:10.805   683  1152 I chatty  : uid=1000(system) batterystats-sy expire 2 lines
12-23 13:53:12.806   744   744 E wificond: Failed to get NL80211_STA_INFO_CNAHLOAD
12-23 13:53:20.804   744   744 I chatty  : uid=1010(wifi) /system/bin/wificond identical 11 lines
12-23 13:53:20.811   744   744 E wificond: Failed to get NL80211_STA_INFO_CNAHLOAD
12-23 13:53:22.349   744   744 E wificond: Failed to get NL80211_STA_INFO_CNAHLOAD
12-23 13:53:25.341   493   637 W SocketListener: sending broadcast to Pid = 683, Uid = 1000 
12-23 13:53:25.379   744   744 E wificond: Failed to get NL80211_STA_INFO_CNAHLOAD
12-23 13:53:34.462   744   744 E wificond: Failed to get NL80211_STA_INFO_CNAHLOAD
12-23 13:53:36.826   744   744 E wificond: Failed to get NL80211_STA_INFO_CNAHLOAD
12-23 13:53:40.506   744   744 E wificond: Failed to get NL80211_STA_INFO_CNAHLOAD
12-23 13:53:41.408   683  1005 I chatty  : uid=1000(system) Binder:683_1 expire 10 lines
12-23 13:53:43.526   744   744 E wificond: Failed to get NL80211_STA_INFO_CNAHLOAD
12-23 13:53:44.036   683  1967 I chatty  : uid=1000(system) Binder:683_9 expire 10 lines
12-23 13:53:44.835   744   744 E wificond: Failed to get NL80211_STA_INFO_CNAHLOAD
12-23 13:53:52.851   744   744 I chatty  : uid=1010(wifi) /system/bin/wificond identical 10 lines
12-23 13:53:55.613   744   744 E wificond: Failed to get NL80211_STA_INFO_CNAHLOAD
12-23 13:53:58.636   744   744 E wificond: Failed to get NL80211_STA_INFO_CNAHLOAD
12-23 13:54:00.854   744   744 E wificond: Failed to get NL80211_STA_INFO_CNAHLOAD
12-23 13:54:04.678   744   744 E wificond: Failed to get NL80211_STA_INFO_CNAHLOAD
12-23 13:54:07.702   744   744 E wificond: Failed to get NL80211_STA_INFO_CNAHLOAD
12-23 13:54:10.724   744   744 E wificond: Failed to get NL80211_STA_INFO_CNAHLOAD
12-23 13:54:13.750   744   744 E wificond: Failed to get NL80211_STA_INFO_CNAHLOAD
12-23 13:54:14.063   683  1005 I chatty  : uid=1000(system) Binder:683_1 expire 10 lines
12-23 13:54:16.771   744   744 E wificond: Failed to get NL80211_STA_INFO_CNAHLOAD
12-23 13:54:32.870   744   744 I chatty  : uid=1010(wifi) /system/bin/wificond identical 13 lines
12-23 13:54:32.880   744   744 E wificond: Failed to get NL80211_STA_INFO_CNAHLOAD
12-23 13:54:34.908   744   744 E wificond: Failed to get NL80211_STA_INFO_CNAHLOAD
12-23 13:54:37.924   744   744 E wificond: Failed to get NL80211_STA_INFO_CNAHLOAD
12-23 13:54:43.963   744   744 E wificond: Failed to get NL80211_STA_INFO_CNAHLOAD
12-23 13:54:46.471   683  2189 I chatty  : uid=1000(system) Binder:683_F expire 17 lines
12-23 13:54:46.982   744   744 E wificond: Failed to get NL80211_STA_INFO_CNAHLOAD
12-23 13:54:48.889   744   744 E wificond: Failed to get NL80211_STA_INFO_CNAHLOAD
12-23 13:54:48.895   744   744 E wificond: Failed to get NL80211_STA_INFO_CNAHLOAD
12-23 13:54:50.009   744   744 E wificond: Failed to get NL80211_STA_INFO_CNAHLOAD
12-23 13:54:51.930   683  1005 I chatty  : uid=1000(system) Binder:683_1 expire 9 lines
12-23 13:54:53.030   744   744 E wificond: Failed to get NL80211_STA_INFO_CNAHLOAD
12-23 13:54:56.906   744   744 I chatty  : uid=1010(wifi) /system/bin/wificond identical 13 lines
12-23 13:54:59.085   744   744 E wificond: Failed to get NL80211_STA_INFO_CNAHLOAD
12-23 13:55:02.108   744   744 E wificond: Failed to get NL80211_STA_INFO_CNAHLOAD
12-23 13:55:05.130   744   744 E wificond: Failed to get NL80211_STA_INFO_CNAHLOAD
12-23 13:55:08.153   744   744 E wificond: Failed to get NL80211_STA_INFO_CNAHLOAD
12-23 13:55:10.896   683  1146 I chatty  : uid=1000(system) ActivityManager expire 3 lines
12-23 13:55:10.898   683   683 I chatty  : uid=1000 system_server expire 4 lines
12-23 13:55:11.173   744   744 E wificond: Failed to get NL80211_STA_INFO_CNAHLOAD
12-23 13:55:17.217   744   744 E wificond: Failed to get NL80211_STA_INFO_CNAHLOAD
12-23 13:55:18.894   683  1967 I chatty  : uid=1000(system) Binder:683_9 expire 4 lines
12-23 13:55:20.240   744   744 E wificond: Failed to get NL80211_STA_INFO_CNAHLOAD
12-23 13:55:20.917   744   744 E wificond: Failed to get NL80211_STA_INFO_CNAHLOAD
12-23 13:55:23.264   744   744 E wificond: Failed to get NL80211_STA_INFO_CNAHLOAD
12-23 13:55:32.343   744   744 E wificond: Failed to get NL80211_STA_INFO_CNAHLOAD
12-23 13:55:34.111   493   633 W SocketListener: sending broadcast to Pid = 683, Uid = 1000 
12-23 13:55:34.114   683  1393 I chatty  : uid=1000(system) NetdConnector expire 10 lines
12-23 13:55:35.367   744   744 E wificond: Failed to get NL80211_STA_INFO_CNAHLOAD
12-23 13:55:36.864   493   633 W SocketListener: sending broadcast to Pid = 683, Uid = 1000 
12-23 13:55:36.919   744   744 E wificond: Failed to get NL80211_STA_INFO_CNAHLOAD
12-23 13:55:47.455   744   744 I chatty  : uid=1010(wifi) /system/bin/wificond identical 10 lines
12-23 13:55:50.479   744   744 E wificond: Failed to get NL80211_STA_INFO_CNAHLOAD
12-23 13:55:52.938   744   744 E wificond: Failed to get NL80211_STA_INFO_CNAHLOAD
12-23 13:55:53.499   744   744 E wificond: Failed to get NL80211_STA_INFO_CNAHLOAD
12-23 13:55:56.521   744   744 E wificond: Failed to get NL80211_STA_INFO_CNAHLOAD
12-23 13:55:59.545   744   744 E wificond: Failed to get NL80211_STA_INFO_CNAHLOAD
12-23 13:56:00.945   744   744 E wificond: Failed to get NL80211_STA_INFO_CNAHLOAD
12-23 13:56:02.565   744   744 E wificond: Failed to get NL80211_STA_INFO_CNAHLOAD
12-23 13:56:05.588   744   744 E wificond: Failed to get NL80211_STA_INFO_CNAHLOAD
12-23 13:56:07.583   493   633 W SocketListener: sending broadcast to Pid = 683, Uid = 1000 
12-23 13:56:08.608   744   744 E wificond: Failed to get NL80211_STA_INFO_CNAHLOAD
12-23 13:56:08.961   744   744 E wificond: Failed to get NL80211_STA_INFO_CNAHLOAD
12-23 13:56:11.411   493   633 W SocketListener: sending broadcast to Pid = 683, Uid = 1000 
12-23 13:56:11.419   683  1163 I chatty  : uid=1000(system) android.fg expire 2 lines
12-23 13:56:11.626   744   744 E wificond: Failed to get NL80211_STA_INFO_CNAHLOAD
12-23 13:56:20.688   744   744 I chatty  : uid=1010(wifi) /system/bin/wificond identical 13 lines
12-23 13:56:23.709   744   744 E wificond: Failed to get NL80211_STA_INFO_CNAHLOAD
12-23 13:56:23.778   683  2189 I chatty  : uid=1000(system) Binder:683_F expire 4 lines
12-23 13:56:24.970   744   744 E wificond: Failed to get NL80211_STA_INFO_CNAHLOAD
12-23 13:56:24.976   744   744 E wificond: Failed to get NL80211_STA_INFO_CNAHLOAD
12-23 13:56:26.728   744   744 E wificond: Failed to get NL80211_STA_INFO_CNAHLOAD
12-23 13:56:29.746   744   744 E wificond: Failed to get NL80211_STA_INFO_CNAHLOAD
12-23 13:56:32.766   744   744 E wificond: Failed to get NL80211_STA_INFO_CNAHLOAD
12-23 13:56:32.984   744   744 E wificond: Failed to get NL80211_STA_INFO_CNAHLOAD
12-23 13:56:35.150   683  1874 I chatty  : uid=1000(system) watchdog expire 7 lines
12-23 13:56:35.792   744   744 E wificond: Failed to get NL80211_STA_INFO_CNAHLOAD
12-23 13:56:41.832   744   744 E wificond: Failed to get NL80211_STA_INFO_CNAHLOAD
12-23 13:56:44.766   493   633 W SocketListener: sending broadcast to Pid = 683, Uid = 1000 
12-23 13:56:44.847   744   744 E wificond: Failed to get NL80211_STA_INFO_CNAHLOAD
12-23 13:56:53.916   744   744 E wificond: Failed to get NL80211_STA_INFO_CNAHLOAD
12-23 13:56:56.937   744   744 E wificond: Failed to get NL80211_STA_INFO_CNAHLOAD
12-23 13:56:56.997   744   744 I chatty  : uid=1010(wifi) /system/bin/wificond identical 10 lines
12-23 13:56:57.004   744   744 E wificond: Failed to get NL80211_STA_INFO_CNAHLOAD
12-23 13:56:58.572   683  1005 I chatty  : uid=1000(system) Binder:683_1 expire 10 lines
12-23 13:56:59.960   744   744 E wificond: Failed to get NL80211_STA_INFO_CNAHLOAD
12-23 13:57:00.003   683   683 I chatty  : uid=1000 system_server expire 12 lines
12-23 13:57:00.316   683  2189 I chatty  : uid=1000(system) Binder:683_F expire 6 lines
12-23 13:57:02.983   744   744 E wificond: Failed to get NL80211_STA_INFO_CNAHLOAD
12-23 13:57:05.023   744   744 E wificond: Failed to get NL80211_STA_INFO_CNAHLOAD
12-23 13:57:06.004   744   744 E wificond: Failed to get NL80211_STA_INFO_CNAHLOAD
12-23 13:57:13.024   744   744 E wificond: Failed to get NL80211_STA_INFO_CNAHLOAD
12-23 13:57:14.667   493   633 W SocketListener: sending broadcast to Pid = 683, Uid = 1000 
12-23 13:57:14.669   683  1393 I chatty  : uid=1000(system) NetdConnector expire 6 lines
12-23 13:57:14.677   683  1163 I chatty  : uid=1000(system) android.fg expire 1 line
12-23 13:57:15.064   744   744 E wificond: Failed to get NL80211_STA_INFO_CNAHLOAD
12-23 13:57:27.145   744   744 E wificond: Failed to get NL80211_STA_INFO_CNAHLOAD
12-23 13:57:29.039   744   744 E wificond: Failed to get NL80211_STA_INFO_CNAHLOAD
12-23 13:57:29.045   744   744 I chatty  : uid=1010(wifi) /system/bin/wificond identical 10 lines
12-23 13:57:30.167   744   744 E wificond: Failed to get NL80211_STA_INFO_CNAHLOAD
12-23 13:57:31.172   683  1352 I chatty  : uid=1000(system) UEventObserver expire 2 lines
12-23 13:57:31.194   683  1152 I chatty  : uid=1000(system) batterystats-sy expire 2 lines
12-23 13:57:31.282   683  1146 I chatty  : uid=1000(system) ActivityManager expire 10 lines
12-23 13:57:33.187   744   744 E wificond: Failed to get NL80211_STA_INFO_CNAHLOAD
12-23 13:57:36.212   744   744 E wificond: Failed to get NL80211_STA_INFO_CNAHLOAD
12-23 13:57:37.042   744   744 E wificond: Failed to get NL80211_STA_INFO_CNAHLOAD
12-23 13:57:45.275   744   744 E wificond: Failed to get NL80211_STA_INFO_CNAHLOAD
12-23 13:57:48.297   744   744 E wificond: Failed to get NL80211_STA_INFO_CNAHLOAD
12-23 13:57:51.320   744   744 E wificond: Failed to get NL80211_STA_INFO_CNAHLOAD
12-23 13:57:51.596   683  1148 I chatty  : uid=1000(system) android.ui expire 26 lines
12-23 13:57:53.058   744   744 E wificond: Failed to get NL80211_STA_INFO_CNAHLOAD
12-23 13:57:57.370   744   744 E wificond: Failed to get NL80211_STA_INFO_CNAHLOAD
12-23 13:58:00.394   744   744 E wificond: Failed to get NL80211_STA_INFO_CNAHLOAD
12-23 13:58:03.416   744   744 E wificond: Failed to get NL80211_STA_INFO_CNAHLOAD
12-23 13:58:04.116   683  1006 I chatty  : uid=1000(system) Binder:683_2 expire 15 lines
12-23 13:58:04.136   683  1967 I chatty  : uid=1000(system) Binder:683_9 expire 8 lines
12-23 13:58:06.437   744   744 E wificond: Failed to get NL80211_STA_INFO_CNAHLOAD
12-23 13:58:09.072   744   744 I chatty  : uid=1010(wifi) /system/bin/wificond identical 11 lines
12-23 13:58:09.081   744   744 E wificond: Failed to get NL80211_STA_INFO_CNAHLOAD
12-23 13:58:09.183   683 10382 I chatty  : uid=1000(system) Binder:683_1F expire 11 lines
12-23 13:58:09.221   683  1884 I chatty  : uid=1000(system) Binder:683_5 expire 11 lines
12-23 13:58:09.260   683  1945 I chatty  : uid=1000(system) Binder:683_7 expire 10 lines
12-23 13:58:09.479   744   744 E wificond: Failed to get NL80211_STA_INFO_CNAHLOAD
12-23 13:58:12.504   744   744 E wificond: Failed to get NL80211_STA_INFO_CNAHLOAD
12-23 13:58:18.550   744   744 E wificond: Failed to get NL80211_STA_INFO_CNAHLOAD
12-23 13:58:21.572   744   744 E wificond: Failed to get NL80211_STA_INFO_CNAHLOAD
12-23 13:58:24.596   744   744 E wificond: Failed to get NL80211_STA_INFO_CNAHLOAD
12-23 13:58:30.642   744   744 E wificond: Failed to get NL80211_STA_INFO_CNAHLOAD
12-23 13:58:31.256   683   683 I chatty  : uid=1000 system_server expire 10 lines
12-23 13:58:33.094   744   744 E wificond: Failed to get NL80211_STA_INFO_CNAHLOAD
12-23 13:58:33.658   744   744 E wificond: Failed to get NL80211_STA_INFO_CNAHLOAD
12-23 13:58:36.681   744   744 E wificond: Failed to get NL80211_STA_INFO_CNAHLOAD
12-23 13:58:42.721   744   744 E wificond: Failed to get NL80211_STA_INFO_CNAHLOAD
12-23 13:58:44.347   683  1365 I chatty  : uid=1000(system) AlarmManager expire 1 line
12-23 13:58:44.362   683  1394 I chatty  : uid=1000(system) NetworkStats expire 7 lines
12-23 13:58:44.406   683  1006 I chatty  : uid=1000(system) Binder:683_2 expire 10 lines
12-23 13:58:45.737   744   744 E wificond: Failed to get NL80211_STA_INFO_CNAHLOAD
12-23 13:58:48.762   744   744 E wificond: Failed to get NL80211_STA_INFO_CNAHLOAD
12-23 13:58:57.119   744   744 I chatty  : uid=1010(wifi) /system/bin/wificond identical 10 lines
12-23 13:58:57.824   744   744 E wificond: Failed to get NL80211_STA_INFO_CNAHLOAD
12-23 13:59:00.003   683   683 I chatty  : uid=1000 system_server expire 9 lines
12-23 13:59:00.278   683  1884 I chatty  : uid=1000(system) Binder:683_5 expire 4 lines
12-23 13:59:00.843   744   744 E wificond: Failed to get NL80211_STA_INFO_CNAHLOAD
12-23 13:59:03.636   683  1876 I chatty  : uid=1000(system) LocationThread expire 7 lines
12-23 13:59:03.646   683 30952 I chatty  : uid=1000 system_server expire 2 lines
12-23 13:59:03.657   683 30953 I chatty  : uid=1000 system_server expire 1 line
12-23 13:59:03.708   751   751 D libgps  : proxy_gps_inject_location: called.
12-23 13:59:03.852   683 30957 I chatty  : uid=1000 system_server expire 2 lines
12-23 13:59:03.861   683 30963 I chatty  : uid=1000 system_server expire 1 line
12-23 13:59:03.868   744   744 E wificond: Failed to get NL80211_STA_INFO_CNAHLOAD
12-23 13:59:03.873   751   751 D libgps  : proxy_gps_inject_location: called.
12-23 13:59:05.116   744   744 E wificond: Failed to get NL80211_STA_INFO_CNAHLOAD
12-23 13:59:05.123   744   744 E wificond: Failed to get NL80211_STA_INFO_CNAHLOAD
12-23 13:59:06.885   744   744 E wificond: Failed to get NL80211_STA_INFO_CNAHLOAD
12-23 13:59:09.909   744   744 E wificond: Failed to get NL80211_STA_INFO_CNAHLOAD
12-23 13:59:12.931   744   744 E wificond: Failed to get NL80211_STA_INFO_CNAHLOAD
12-23 13:59:15.954   744   744 E wificond: Failed to get NL80211_STA_INFO_CNAHLOAD
12-23 13:59:18.972   744   744 E wificond: Failed to get NL80211_STA_INFO_CNAHLOAD
12-23 13:59:19.440   683  1005 I chatty  : uid=1000(system) Binder:683_1 expire 19 lines
12-23 13:59:21.133   744   744 E wificond: Failed to get NL80211_STA_INFO_CNAHLOAD
12-23 13:59:21.139   744   744 E wificond: Failed to get NL80211_STA_INFO_CNAHLOAD
12-23 13:59:21.991   744   744 E wificond: Failed to get NL80211_STA_INFO_CNAHLOAD
12-23 13:59:25.014   744   744 E wificond: Failed to get NL80211_STA_INFO_CNAHLOAD
12-23 13:59:28.035   744   744 E wificond: Failed to get NL80211_STA_INFO_CNAHLOAD
12-23 13:59:31.053   744   744 E wificond: Failed to get NL80211_STA_INFO_CNAHLOAD
12-23 13:59:31.320   683  1146 I chatty  : uid=1000(system) ActivityManager expire 3 lines
12-23 13:59:34.078   744   744 E wificond: Failed to get NL80211_STA_INFO_CNAHLOAD
12-23 13:59:37.097   744   744 E wificond: Failed to get NL80211_STA_INFO_CNAHLOAD
12-23 13:59:37.146   744   744 I chatty  : uid=1010(wifi) /system/bin/wificond identical 6 lines
12-23 13:59:40.121   744   744 E wificond: Failed to get NL80211_STA_INFO_CNAHLOAD
12-23 13:59:43.142   744   744 E wificond: Failed to get NL80211_STA_INFO_CNAHLOAD
12-23 13:59:52.208   744   744 E wificond: Failed to get NL80211_STA_INFO_CNAHLOAD
12-23 13:59:52.987   683  1379 I chatty  : uid=1000(system) InputDispatcher expire 2 lines
12-23 13:59:53.077   683 10382 I chatty  : uid=1000(system) Binder:683_1F expire 31 lines
12-23 13:59:53.164   744   744 E wificond: Failed to get NL80211_STA_INFO_CNAHLOAD
12-23 13:59:53.168   744   744 E wificond: Failed to get NL80211_STA_INFO_CNAHLOAD
12-23 13:59:53.259   683  1346 I chatty  : uid=1000(system) android.anim expire 13 lines
12-23 13:59:53.285  3684  3684 I ActivityThread: ActivityThread.handleConfigurationChanged , new config = {1.0 460mcc2mnc [zh_CN_#Hans] ldltr sw360dp w360dp h616dp 480dpi nrml long port finger -keyb/v/h -nav/h appBounds=Rect(0, 0 - 1080, 1920) nonFullScreen=0 suim:1 s.64}, compat = null
12-23 13:59:53.291  4839  4839 I ActivityThread: ActivityThread.handleConfigurationChanged , new config = {1.0 460mcc2mnc [zh_CN_#Hans] ldltr sw360dp w360dp h616dp 480dpi nrml long port finger -keyb/v/h -nav/h appBounds=Rect(0, 0 - 1080, 1920) nonFullScreen=0 suim:1 s.64}, compat = null
12-23 13:59:53.293  3793  3793 I ActivityThread: ActivityThread.handleConfigurationChanged , new config = {1.0 460mcc2mnc [zh_CN_#Hans] ldltr sw360dp w360dp h616dp 480dpi nrml long port finger -keyb/v/h -nav/h appBounds=Rect(0, 0 - 1080, 1920) nonFullScreen=0 suim:1 s.64}, compat = null
12-23 13:59:53.296  3498  3498 I ActivityThread: ActivityThread.handleConfigurationChanged , new config = {1.0 460mcc2mnc [zh_CN_#Hans] ldltr sw360dp w360dp h616dp 480dpi nrml long port finger -keyb/v/h -nav/h appBounds=Rect(0, 0 - 1080, 1920) nonFullScreen=0 suim:1 s.64}, compat = null
12-23 13:59:53.357 26812 26812 V ActivityThread: Handle window ActivityRecord{5756bac token=android.os.BinderProxy@87c86b6 {com.xunlei.downloadprovider/com.xunlei.downloadprovider.frame.MainTabActivity}} visibility: true
12-23 13:59:53.394  4826  4826 I ActivityThread: ActivityThread.handleConfigurationChanged , new config = {1.0 460mcc2mnc [zh_CN_#Hans] ldltr sw360dp w360dp h616dp 480dpi nrml long port finger -keyb/v/h -nav/h appBounds=Rect(0, 0 - 1080, 1920) nonFullScreen=0 suim:1 s.64}, compat = null
12-23 13:59:53.596  1508  2032 I CommandQueue: updateBarBgColor
12-23 13:59:53.596  1508  2032 D CommandQueue: CommandQueue, setBarBackgroundColor
12-23 13:59:53.747   683  1945 I chatty  : uid=1000(system) Binder:683_7 expire 28 lines
12-23 13:59:53.751   683  1346 I chatty  : uid=1000(system) android.anim expire 39 lines
12-23 13:59:53.753   683 10382 I chatty  : uid=1000(system) Binder:683_1F expire 19 lines
12-23 13:59:53.782   683   683 I chatty  : uid=1000 system_server expire 11 lines
12-23 13:59:53.783   683  2158 I chatty  : uid=1000(system) Binder:683_E expire 18 lines
12-23 13:59:53.784  1798  2920 I ContextImpl: ContextImpl#createApplicationContext pi.resDir is/data/app/com.huawei.health-zWVGnnCpQRKFGYEpjQbyhQ==/base.apk
12-23 13:59:53.850 26812 26812 D ActivityThread: Remove activity client record, r= ActivityRecord{7c857d6 token=android.os.BinderProxy@5310e6 {com.xunlei.downloadprovider/com.xunlei.downloadprovider.vodnew.VodPlayerActivityNew}} token= android.os.BinderProxy@5310e6
12-23 13:59:53.854   683  1967 I chatty  : uid=1000(system) Binder:683_9 expire 45 lines
12-23 13:59:53.981   683  1379 I chatty  : uid=1000(system) InputDispatcher expire 12 lines
12-23 13:59:53.981   683  1177 I chatty  : uid=1000(system) PowerManagerSer expire 11 lines
12-23 13:59:54.015   683  1482 I chatty  : uid=1000(system) PhotonicModulat expire 31 lines
12-23 13:59:54.018  1508  1508 I ContextImpl: ContextImpl#createApplicationContext pi.resDir is/data/app/com.huawei.health-zWVGnnCpQRKFGYEpjQbyhQ==/base.apk
12-23 13:59:54.019  1508  1508 I ContextImpl: ContextImpl#createApplicationContext pi.resDir is/data/app/com.huawei.health-zWVGnnCpQRKFGYEpjQbyhQ==/base.apk
12-23 13:59:54.020  1508  1760 I ContextImpl: ContextImpl#createApplicationContext pi.resDir is/data/app/com.huawei.health-zWVGnnCpQRKFGYEpjQbyhQ==/base.apk
12-23 13:59:54.020  1508  1508 I ContextImpl: ContextImpl#createApplicationContext pi.resDir is/data/app/com.huawei.health-zWVGnnCpQRKFGYEpjQbyhQ==/base.apk
12-23 13:59:54.021  1508  1508 I ContextImpl: ContextImpl#createApplicationContext pi.resDir is/data/app/com.huawei.health-zWVGnnCpQRKFGYEpjQbyhQ==/base.apk
12-23 13:59:55.019   683  1884 I chatty  : uid=1000(system) Binder:683_5 expire 7 lines
12-23 13:59:55.021  1508  2032 I CommandQueue: updateBarBgColor
12-23 13:59:55.021  1508  2032 D CommandQueue: CommandQueue, setBarBackgroundColor
12-23 13:59:55.231   744   744 E wificond: Failed to get NL80211_STA_INFO_CNAHLOAD
12-23 13:59:55.508 26812 26812 D ActivityThread: Remove activity client record, r= ActivityRecord{5672bea token=android.os.BinderProxy@4d628c4 {com.xunlei.downloadprovider/com.xunlei.downloadprovider.download.center.DownloadCenterActivity}} token= android.os.BinderProxy@4d628c4
12-23 13:59:55.509   683  9307 I chatty  : uid=1000(system) Binder:683_17 expire 13 lines
12-23 13:59:57.597   683  1006 I chatty  : uid=1000(system) Binder:683_2 expire 12 lines
12-23 13:59:58.258   744   744 E wificond: Failed to get NL80211_STA_INFO_CNAHLOAD
12-23 13:59:59.582   683  1148 I chatty  : uid=1000(system) android.ui expire 4 lines
12-23 13:59:59.589  1798  2200 I HwNetworkPolicyManager: getHwUidPolicy uid = 10056 policy = 0
12-23 13:59:59.607  1508  2031 I CommandQueue: updateBarBgColor
12-23 13:59:59.607  1508  2031 D CommandQueue: CommandQueue, setBarBackgroundColor
12-23 13:59:59.740   683  1876 I chatty  : uid=1000(system) LocationThread expire 6 lines
12-23 13:59:59.741   683 31053 I chatty  : uid=1000 system_server expire 2 lines
12-23 13:59:59.745   683 31055 I chatty  : uid=1000 system_server expire 1 line
12-23 13:59:59.761   751   751 D libgps  : proxy_gps_inject_location: called.
12-23 13:59:59.772   683 31064 I chatty  : uid=1000 system_server expire 2 lines
12-23 13:59:59.774   683 31065 I chatty  : uid=1000 system_server expire 1 line
12-23 13:59:59.776   751   751 D libgps  : proxy_gps_inject_location: called.
12-23 14:00:00.142  3457 10622 W ContextImpl: Calling a method in the system process without a qualified user: android.app.ContextImpl.bindService:1736 android.content.ContextWrapper.bindService:678 com.huawei.nb.dataservice.dsclient.RemoteServiceConnection.open:90 com.huawei.nb.dataservice.dsclient.DataServiceProxy.connect:105 com.huawei.nb.dataservice.rsclient.internal.RemoteRuleService.start:27 
12-23 14:00:00.162  3457 12290 W ContextImpl: Calling a method in the system process without a qualified user: android.app.ContextImpl.bindService:1736 android.content.ContextWrapper.bindService:678 com.huawei.nb.dataservice.dsclient.RemoteServiceConnection.open:90 com.huawei.nb.dataservice.dsclient.DataServiceProxy.connect:105 com.huawei.nb.dataservice.rsclient.internal.RemoteRuleService.start:27 
12-23 14:00:00.167   683  1005 I chatty  : uid=1000(system) Binder:683_1 expire 1 line
12-23 14:00:00.246   683  1413 I chatty  : uid=1000(system) ConnectivitySer expire 2 lines
12-23 14:00:00.268   683  1165 I chatty  : uid=1000(system) android.display expire 1 line
12-23 14:00:00.335   683  1146 I chatty  : uid=1000(system) ActivityManager expire 5 lines
12-23 14:00:00.614 31083 31083 D ActivityThread: ActivityThread,attachApplication
12-23 14:00:01.086   683  9460 I chatty  : uid=1000(system) Binder:683_19 expire 4 lines
12-23 14:00:01.168   744   744 E wificond: Failed to get NL80211_STA_INFO_CNAHLOAD
12-23 14:00:01.172   744   744 E wificond: Failed to get NL80211_STA_INFO_CNAHLOAD
12-23 14:00:01.271   744   744 E wificond: Failed to get NL80211_STA_INFO_CNAHLOAD
12-23 14:00:01.459   683  1380 I chatty  : uid=1000(system) InputReader expire 2 lines
12-23 14:00:01.735  1992  1992 V ActivityThread: Finishing stop of ActivityRecord{8d18f73 token=android.os.BinderProxy@5dcd259 {com.huawei.android.launcher/com.huawei.android.launcher.unihome.UniHomeLauncher}}
12-23 14:00:01.751   683  2975 I chatty  : uid=1000(system) Binder:683_10 expire 1 line
12-23 14:00:01.795   683  1356 I chatty  : uid=1000(system) fingerprintServ expire 10 lines
12-23 14:00:01.855   683  1184 I chatty  : uid=1000(system) HwBinder:683_1 expire 1 line
12-23 14:00:01.857  1508  1508 W FingerprintManager: Invalid acquired message: 6, 1001
12-23 14:00:01.911   683  1177 I chatty  : uid=1000(system) PowerManagerSer expire 9 lines
12-23 14:00:01.920   683  1482 I chatty  : uid=1000(system) PhotonicModulat expire 2 lines
12-23 14:00:01.926   683  1146 I chatty  : uid=1000(system) ActivityManager expire 9 lines
12-23 14:00:01.931   683   683 I chatty  : uid=1000 system_server expire 23 lines
12-23 14:00:01.940   683  1165 I chatty  : uid=1000(system) android.display expire 3 lines
12-23 14:00:01.953   683  1967 I chatty  : uid=1000(system) Binder:683_9 expire 12 lines
12-23 14:00:01.959   683  1006 I chatty  : uid=1000(system) Binder:683_2 expire 6 lines
12-23 14:00:01.960   683  9460 I chatty  : uid=1000(system) Binder:683_19 expire 12 lines
12-23 14:00:01.978   683  7073 I chatty  : uid=1000(system) Binder:683_14 expire 5 lines
12-23 14:00:01.993   683  1945 I chatty  : uid=1000(system) Binder:683_7 expire 2 lines
12-23 14:00:01.998  1508  1508 V KeyguardViewMediator: updateInputRestrictedLocked 1 isInputApp = false, inputRestricted = true
12-23 14:00:02.001   683  1410 I chatty  : uid=1000(system) WifiP2pService expire 11 lines
12-23 14:00:02.019   683  1398 I chatty  : uid=1000(system) WifiStateMachin expire 1 line
12-23 14:00:02.045   683  1393 I chatty  : uid=1000(system) NetdConnector expire 10 lines
12-23 14:00:02.141   683  1148 I chatty  : uid=1000(system) android.ui expire 1 line
12-23 14:00:02.148  1508  1508 V KeyguardStatusView: refresh statusview showing:true
12-23 14:00:02.154  1508  1508 V KeyguardDisplayManager: show
12-23 14:00:02.175  1948  1960 D FaceRecognizeService: daemon init result val = 0 package = com.android.systemui
12-23 14:00:02.176  1948  1960 D AntiBruteForceProcessor: RemainingAuthenticateNum = 5
12-23 14:00:02.177  1948  3304 D FaceRecognizeService: daemon init result val = 0 package = com.android.systemui
12-23 14:00:02.183   683  2975 I chatty  : uid=1000(system) Binder:683_10 expire 8 lines
12-23 14:00:02.208  1992  1992 V ActivityThread: Handle window ActivityRecord{8d18f73 token=android.os.BinderProxy@5dcd259 {com.huawei.android.launcher/com.huawei.android.launcher.unihome.UniHomeLauncher}} visibility: false
12-23 14:00:02.309   683  1884 I chatty  : uid=1000(system) Binder:683_5 expire 10 lines
12-23 14:00:02.315   683  1346 I chatty  : uid=1000(system) android.anim expire 5 lines
12-23 14:00:02.731   683  2497 I chatty  : uid=1000(system) HwDeviceUsageCo expire 1 line
12-23 14:00:02.991  3457 12387 W ContextImpl: Calling a method in the system process without a qualified user: android.app.ContextImpl.bindService:1736 android.content.ContextWrapper.bindService:678 com.huawei.nb.dataservice.dsclient.RemoteServiceConnection.open:90 com.huawei.nb.dataservice.dsclient.DataServiceProxy.connect:105 com.huawei.nb.dataservice.rsclient.internal.RemoteRuleService.start:27 
12-23 14:00:29.095   493   633 W SocketListener: sending broadcast to Pid = 683, Uid = 1000 
12-23 14:00:29.104   683  1163 I chatty  : uid=1000(system) android.fg expire 10 lines
12-23 14:00:29.105   493   633 W SocketListener: sending broadcast to Pid = 683, Uid = 1000 
12-23 14:00:29.801   683  1891 I chatty  : uid=1000(system) MultiTaskManage expire 8 lines
12-23 14:00:29.836  1948  1948 I HwCoreAppHelperService: LocalReceiver receives:android.intent.action.PACKAGE_RESTARTED,pkg:com.xunlei.downloadprovider,uid:10155
12-23 14:00:29.987   683  1874 I chatty  : uid=1000(system) watchdog expire 1 line
12-23 14:00:45.095   493   633 W SocketListener: sending broadcast to Pid = 683, Uid = 1000 
12-23 14:00:45.100   493   633 W SocketListener: sending broadcast to Pid = 683, Uid = 1000 
12-23 14:01:35.102   493   633 W SocketListener: sending broadcast to Pid = 683, Uid = 1000 
12-23 14:01:35.110   683  1393 I chatty  : uid=1000(system) NetdConnector expire 10 lines
12-23 14:01:35.171   493   633 W SocketListener: sending broadcast to Pid = 683, Uid = 1000 
12-23 14:01:35.192   683  1152 I chatty  : uid=1000(system) batterystats-sy expire 2 lines
12-23 14:01:35.194   683   683 I chatty  : uid=1000 system_server expire 11 lines
12-23 14:02:52.106   493   633 W SocketListener: sending broadcast to Pid = 683, Uid = 1000 
12-23 14:03:09.142   683  2158 I chatty  : uid=1000(system) Binder:683_E expire 16 lines
12-23 14:03:09.268   493   633 W SocketListener: sending broadcast to Pid = 683, Uid = 1000 
12-23 14:03:09.372   683  9460 I chatty  : uid=1000(system) Binder:683_19 expire 10 lines
12-23 14:03:09.398   744   744 E wificond: Failed to get NL80211_STA_INFO_CNAHLOAD
12-23 14:03:09.403   744   744 E wificond: Failed to get NL80211_STA_INFO_CNAHLOAD
12-23 14:03:09.472   683 10193 I chatty  : uid=1000(system) Binder:683_1C expire 17 lines
12-23 14:03:09.775 31163 31163 D ActivityThread: ActivityThread,attachApplication
12-23 14:03:10.325 31163 31163 W ContextImpl: Calling a method in the system process without a qualified user: android.app.ContextImpl.startService:1656 android.content.ContextWrapper.startService:644 android.content.ContextWrapper.startService:644 com.huawei.hiwibd.android.trigger.HiWiTrigger.startHiWIService:130 com.huawei.hiwibd.android.trigger.HiWiReceiver$1.handleMessage:28 
12-23 14:03:11.019   683  1967 I chatty  : uid=1000(system) Binder:683_9 expire 2 lines
12-23 14:05:07.098   493   633 W SocketListener: sending broadcast to Pid = 683, Uid = 1000 
12-23 14:05:07.295   683  1403 I chatty  : uid=1000(system) IpManager.wlan0 expire 2 lines
12-23 14:05:07.425   493   633 W SocketListener: sending broadcast to Pid = 683, Uid = 1000 
12-23 14:05:07.429   683  1393 I chatty  : uid=1000(system) NetdConnector expire 8 lines
12-23 14:05:07.433   683 26388 I chatty  : uid=1000(system) DhcpClient expire 7 lines
12-23 14:05:07.442   683 10193 I chatty  : uid=1000(system) Binder:683_1C expire 1 line
12-23 14:05:07.635   683  1413 I chatty  : uid=1000(system) ConnectivitySer expire 9 lines
12-23 14:05:07.652   744   744 E wificond: Failed to get NL80211_STA_INFO_CNAHLOAD
12-23 14:05:07.663   683   683 I chatty  : uid=1000 system_server expire 3 lines
12-23 14:05:07.720 12219 12219 W ContextImpl: Calling a method in the system process without a qualified user: android.app.ContextImpl.startService:1656 android.content.ContextWrapper.startService:644 android.content.ContextWrapper.startService:644 com.android.settings.wifi.AccessPointConnectedReceiver.onReceive:28 android.app.ActivityThread.handleReceiver:3695 
12-23 14:05:08.569   744   744 E wificond: Failed to get NL80211_STA_INFO_CNAHLOAD
12-23 14:05:08.576   744   744 E wificond: Failed to get NL80211_STA_INFO_CNAHLOAD
12-23 14:05:10.131   683  6722 I chatty  : uid=1000(system) Binder:683_12 expire 10 lines
12-23 14:05:11.369   683  7073 I chatty  : uid=1000(system) Binder:683_14 expire 13 lines
12-23 14:06:12.096   493   633 W SocketListener: sending broadcast to Pid = 683, Uid = 1000 
12-23 14:06:12.098   683  1393 I chatty  : uid=1000(system) NetdConnector expire 10 lines
12-23 14:06:12.102   493   633 W SocketListener: sending broadcast to Pid = 683, Uid = 1000 
12-23 14:06:12.103   683  1163 I chatty  : uid=1000(system) android.fg expire 10 lines
12-23 14:06:12.130   683 10193 I chatty  : uid=1000(system) Binder:683_1C expire 11 lines
12-23 14:06:14.097   744   744 E wificond: Failed to get NL80211_STA_INFO_CNAHLOAD
12-23 14:06:14.106   744   744 E wificond: Failed to get NL80211_STA_INFO_CNAHLOAD
12-23 14:07:41.097   493   633 W SocketListener: sending broadcast to Pid = 683, Uid = 1000 
12-23 14:07:41.102   493   633 W SocketListener: sending broadcast to Pid = 683, Uid = 1000 
12-23 14:08:09.097   493   633 W SocketListener: sending broadcast to Pid = 683, Uid = 1000 
12-23 14:08:09.129   683   683 I chatty  : uid=1000 system_server expire 41 lines
12-23 14:08:09.145   683  1146 I chatty  : uid=1000(system) ActivityManager expire 6 lines
12-23 14:08:09.159   683  1151 I chatty  : uid=1000(system) keyAppHanderThr expire 3 lines
12-23 14:08:09.179   493   633 W SocketListener: sending broadcast to Pid = 683, Uid = 1000 
12-23 14:08:09.182   683  1393 I chatty  : uid=1000(system) NetdConnector expire 10 lines
12-23 14:08:09.215   683  1967 I chatty  : uid=1000(system) Binder:683_9 expire 18 lines
12-23 14:08:09.236   683  1945 I chatty  : uid=1000(system) Binder:683_7 expire 6 lines
12-23 14:08:09.433   683  9460 I chatty  : uid=1000(system) Binder:683_19 expire 11 lines
12-23 14:08:09.495   744   744 E wificond: Failed to get NL80211_STA_INFO_CNAHLOAD
12-23 14:08:09.499   744   744 E wificond: Failed to get NL80211_STA_INFO_CNAHLOAD
12-23 14:08:09.583   683  1142 I chatty  : uid=1000(system) android.bg expire 13 lines
12-23 14:08:09.657   683  1395 I chatty  : uid=1000(system) NetworkPolicy expire 3 lines
12-23 14:08:09.680   683  7073 I chatty  : uid=1000(system) Binder:683_14 expire 1 line
12-23 14:08:11.473   683  1874 I chatty  : uid=1000(system) watchdog expire 1 line
12-23 14:08:11.950   683  8635 I chatty  : uid=1000(system) Binder:683_16 expire 17 lines
12-23 14:11:19.102   493   633 W SocketListener: sending broadcast to Pid = 683, Uid = 1000 
12-23 14:11:19.130   493   633 W SocketListener: sending broadcast to Pid = 683, Uid = 1000 
12-23 14:11:22.058   744   744 E wificond: Failed to get NL80211_STA_INFO_CNAHLOAD
12-23 14:11:22.069   744   744 E wificond: Failed to get NL80211_STA_INFO_CNAHLOAD
12-23 14:11:27.755   683  9460 I chatty  : uid=1000(system) Binder:683_19 expire 12 lines
12-23 14:13:10.096   493   633 W SocketListener: sending broadcast to Pid = 683, Uid = 1000 
12-23 14:13:10.108   683   683 I chatty  : uid=1000 system_server expire 7 lines
12-23 14:13:10.124   683  1967 I chatty  : uid=1000(system) Binder:683_9 expire 10 lines
12-23 14:13:10.175   683  1884 I chatty  : uid=1000(system) Binder:683_5 expire 13 lines
12-23 14:13:10.177   744   744 E wificond: Failed to get NL80211_STA_INFO_CNAHLOAD
12-23 14:13:10.194   744   744 E wificond: Failed to get NL80211_STA_INFO_CNAHLOAD
12-23 14:13:10.220   683  1142 I chatty  : uid=1000(system) android.bg expire 3 lines
12-23 14:13:10.229   493   633 W SocketListener: sending broadcast to Pid = 683, Uid = 1000 
12-23 14:13:10.231   683  1393 I chatty  : uid=1000(system) NetdConnector expire 10 lines
12-23 14:13:10.258   683  1152 I chatty  : uid=1000(system) batterystats-sy expire 2 lines
12-23 14:13:11.078   683 10193 I chatty  : uid=1000(system) Binder:683_1C expire 6 lines
12-23 14:13:20.518  3165  3181 W ContextImpl: Calling a method in the system process without a qualified user: android.app.ContextImpl.sendBroadcast:1074 android.content.ContextWrapper.sendBroadcast:431 com.huawei.android.pushagent.model.channel.entity.a.b.mk:438 com.huawei.android.pushagent.model.channel.entity.a.b.ly:403 com.huawei.android.pushagent.model.channel.entity.a.mq:55 
12-23 14:13:21.469   683  9460 I chatty  : uid=1000(system) Binder:683_19 expire 4 lines
12-23 14:13:21.544   744   744 E wificond: Failed to get NL80211_STA_INFO_CNAHLOAD
12-23 14:13:21.550   744   744 E wificond: Failed to get NL80211_STA_INFO_CNAHLOAD
12-23 14:13:24.800   683  1396 I chatty  : uid=1000(system) tworkPolicy.uid expire 1 line
12-23 14:18:09.113   493   633 W SocketListener: sending broadcast to Pid = 683, Uid = 1000 
12-23 14:18:09.118   683  1163 I chatty  : uid=1000(system) android.fg expire 2 lines
12-23 14:18:09.226   493   633 W SocketListener: sending broadcast to Pid = 683, Uid = 1000 
12-23 14:18:09.228   683  1393 I chatty  : uid=1000(system) NetdConnector expire 2 lines
12-23 14:18:09.241   683  1884 I chatty  : uid=1000(system) Binder:683_5 expire 18 lines
12-23 14:18:09.274   683  1967 I chatty  : uid=1000(system) Binder:683_9 expire 10 lines
12-23 14:18:09.421   683  6722 I chatty  : uid=1000(system) Binder:683_12 expire 12 lines
12-23 14:18:10.364   683   683 I chatty  : uid=1000 system_server expire 21 lines
12-23 14:18:11.567   683 10193 I chatty  : uid=1000(system) Binder:683_1C expire 15 lines
12-23 14:18:11.576   683  1945 I chatty  : uid=1000(system) Binder:683_7 expire 10 lines
12-23 14:18:12.656   683  1874 I chatty  : uid=1000(system) watchdog expire 1 line
12-23 14:18:12.714   744   744 E wificond: Failed to get NL80211_STA_INFO_CNAHLOAD
12-23 14:18:12.721   744   744 E wificond: Failed to get NL80211_STA_INFO_CNAHLOAD
12-23 14:20:08.100   493   633 W SocketListener: sending broadcast to Pid = 683, Uid = 1000 
12-23 14:20:08.101   683  1393 I chatty  : uid=1000(system) NetdConnector expire 10 lines
12-23 14:20:08.111   683  1163 I chatty  : uid=1000(system) android.fg expire 7 lines
12-23 14:20:08.114   683  1403 I chatty  : uid=1000(system) IpManager.wlan0 expire 2 lines
12-23 14:20:08.126   683 10193 I chatty  : uid=1000(system) Binder:683_1C expire 1 line
12-23 14:20:08.136   493   633 W SocketListener: sending broadcast to Pid = 683, Uid = 1000 
12-23 14:20:08.269   683  1410 I chatty  : uid=1000(system) WifiP2pService expire 6 lines
12-23 14:20:08.320   683 26388 I chatty  : uid=1000(system) DhcpClient expire 7 lines
12-23 14:20:08.341   683  1413 I chatty  : uid=1000(system) ConnectivitySer expire 9 lines
12-23 14:20:08.345   744   744 E wificond: Failed to get NL80211_STA_INFO_CNAHLOAD
12-23 14:20:08.367   683  1146 I chatty  : uid=1000(system) ActivityManager expire 10 lines
12-23 14:20:08.375 12219 12219 W ContextImpl: Calling a method in the system process without a qualified user: android.app.ContextImpl.startService:1656 android.content.ContextWrapper.startService:644 android.content.ContextWrapper.startService:644 com.android.settings.wifi.AccessPointConnectedReceiver.onReceive:28 android.app.ActivityThread.handleReceiver:3695 
12-23 14:20:08.688   683  7073 I chatty  : uid=1000(system) Binder:683_14 expire 9 lines
12-23 14:20:08.714   683  8635 I chatty  : uid=1000(system) Binder:683_16 expire 12 lines
12-23 14:20:10.155   744   744 E wificond: Failed to get NL80211_STA_INFO_CNAHLOAD
12-23 14:20:10.162   744   744 E wificond: Failed to get NL80211_STA_INFO_CNAHLOAD
12-23 14:20:28.104   493   633 W SocketListener: sending broadcast to Pid = 683, Uid = 1000 
12-23 14:20:28.104   493   633 W SocketListener: sending broadcast to Pid = 683, Uid = 1000 
12-23 14:20:28.105   683  1393 I chatty  : uid=1000(system) NetdConnector expire 12 lines
12-23 14:23:09.096   493   633 W SocketListener: sending broadcast to Pid = 683, Uid = 1000 
12-23 14:23:09.108   683  8635 I chatty  : uid=1000(system) Binder:683_16 expire 14 lines
12-23 14:23:09.139   683  1945 I chatty  : uid=1000(system) Binder:683_7 expire 5 lines
12-23 14:23:09.160   683  1151 I chatty  : uid=1000(system) keyAppHanderThr expire 5 lines
12-23 14:23:09.222   493   633 W SocketListener: sending broadcast to Pid = 683, Uid = 1000 
12-23 14:23:09.260   683  9460 I chatty  : uid=1000(system) Binder:683_19 expire 2 lines
12-23 14:23:09.343   683  2158 I chatty  : uid=1000(system) Binder:683_E expire 5 lines
12-23 14:23:09.389   683  1142 I chatty  : uid=1000(system) android.bg expire 4 lines
12-23 14:23:10.997   744   744 E wificond: Failed to get NL80211_STA_INFO_CNAHLOAD
12-23 14:23:11.005   744   744 E wificond: Failed to get NL80211_STA_INFO_CNAHLOAD
12-23 14:23:11.218   683  1884 I chatty  : uid=1000(system) Binder:683_5 expire 11 lines
12-23 14:23:14.118   683  1184 I chatty  : uid=1000(system) HwBinder:683_1 expire 1 line
12-23 14:23:14.376   683  1352 I chatty  : uid=1000(system) UEventObserver expire 4 lines
12-23 14:23:14.409   683  1152 I chatty  : uid=1000(system) batterystats-sy expire 2 lines
12-23 14:23:14.410  1508  1508 W PowerUI : unknown intent: Intent { act=android.intent.action.ACTION_POWER_CONNECTED flg=0x4000010 (has extras) }
12-23 14:23:14.420   683   683 I chatty  : uid=1000 system_server expire 6 lines
12-23 14:23:14.422   683  1177 I chatty  : uid=1000(system) PowerManagerSer expire 11 lines
12-23 14:23:14.439   683  1351 I chatty  : uid=1000(system) HwBatteryServic expire 7 lines
12-23 14:23:14.468   683  2497 I chatty  : uid=1000(system) HwDeviceUsageCo expire 1 line
12-23 14:23:14.502   683  1395 I chatty  : uid=1000(system) NetworkPolicy expire 1 line
12-23 14:23:14.511 31426 31426 D ActivityThread: ActivityThread,attachApplication
12-23 14:23:14.551   683  1346 I chatty  : uid=1000(system) android.anim expire 1 line
12-23 14:23:14.558   683  1967 I chatty  : uid=1000(system) Binder:683_9 expire 6 lines
12-23 14:23:14.566   683  1148 I chatty  : uid=1000(system) android.ui expire 1 line
12-23 14:23:14.569   683   683 I WindowManager: notifyAccessibilityButtonVisibilityChanged visible:false
12-23 14:23:14.570   683  1346 I HwPhoneWindowManager: updateSystemUiColorLw isCoverWindow return Window{4c4ffaf u0 ChargingAnimView}
12-23 14:23:14.571   683  6722 D WindowManager: mKeyguardDelegate.ShowListener.onDrawn.
12-23 14:23:14.573   683  1184 W FingerprintService: onAcquired 1
12-23 14:23:14.573   683  1356 W FingerprintService: onAcquired 2
12-23 14:23:14.573   683  1356 D PickUpWakeScreenManager: isPickupSensorSupport isSensorSupport = true
12-23 14:23:14.574   683  7073 D FingerprintService:  Remaining Num Attempts = 5
12-23 14:23:14.575   683  1884 D HwWifiService: binder uid:10053, proxy :false
12-23 14:23:14.575   683  1884 D WifiLockManager: mTempLocks : []
12-23 14:23:14.575   683  6722 D SmartHeartBeat: setAlarmsAdjust ...
12-23 14:23:14.575   683  7073 D FingerprintService:  Remaining Num Attempts = 5
12-23 14:23:14.575  1508  1508 W FingerprintManager: Invalid acquired message: 6, 1002
12-23 14:23:14.576   683  1346 I HwPhoneWindowManager: updateSystemUiColorLw isCoverWindow return Window{4c4ffaf u0 ChargingAnimView}
12-23 14:23:14.576   683  1346 W WindowManager: reset canBeSeen for statusbar when keyguard on
12-23 14:23:14.581   683  1482 W LocalDisplayAdapter: @@@@@@ LocalDisplayAdapter--updateDeviceInfoLocked--change the mInfo to null
12-23 14:23:14.581   683  1165 W LocalDisplayAdapter: @@@@@@ LocalDisplayAdapter--getDisplayDeviceInfoLocked--mInfo = DisplayDeviceInfo{"": uniqueId="local:0", 1080 x 1920, modeId 1, defaultModeId 1, supportedModes [{id=1, width=1080, height=1920, fps=60.000004}], colorMode 0, supportedColorModes [0], HdrCapabilities android.view.Display$HdrCapabilities@1d6308, density 480, 422.03 x 424.069 dpi, appVsyncOff 2000000, presDeadline 13666666, touch INTERNAL, rotation 0, type BUILT_IN, state ON, FLAG_DEFAULT_DISPLAY, FLAG_ROTATES_WITH_CONTENT, FLAG_SECURE, FLAG_SUPPORTS_PROTECTED_BUFFERS}
12-23 14:23:14.581   683  1165 I DisplayManagerService: Display device changed state: "", ON
12-23 14:23:14.581   683  1165 W LogicalDisplay: @@@@@@ LogicalDisplay--updateLocked--mPrimaryDisplayDeviceInfo = DisplayDeviceInfo{"": uniqueId="local:0", 1080 x 1920, modeId 1, defaultModeId 1, supportedModes [{id=1, width=1080, height=1920, fps=60.000004}], colorMode 0, supportedColorModes [0], HdrCapabilities android.view.Display$HdrCapabilities@1d6308, density 480, 422.03 x 424.069 dpi, appVsyncOff 2000000, presDeadline 13666666, touch INTERNAL, rotation 0, type BUILT_IN, state OFF, FLAG_DEFAULT_DISPLAY, FLAG_ROTATES_WITH_CONTENT, FLAG_SECURE, FLAG_SUPPORTS_PROTECTED_BUFFERS}; deviceInfo = DisplayDeviceInfo{"": uniqueId="local:0", 1080 x 1920, modeId 1, defaultModeId 1, supportedModes [{id=1, width=1080, height=1920, fps=60.000004}], colorMode 0, supportedColorModes [0], HdrCapabilities android.view.Display$HdrCapabilities@1d6308, density 480, 422.03 x 424.069 dpi, appVsyncOff 2000000, presDeadline 13666666, touch INTERNAL, rotation 0, type BUILT_IN, state ON, FLAG_DEFAULT_DISPLAY, FLAG_ROTATES_WITH_CONTENT, FLAG_SECURE, FLAG_SUPPORTS_PROTECTED_BUFFERS}
12-23 14:23:14.588   683  2158 D SmartHeartBeat: setAlarmsAdjust ...
12-23 14:23:14.591   683  2975 W ProcBatteryStats: timer is running , not start, name: com.android.phone, uid: 1001, tag: RILJ
12-23 14:23:14.592   683  6722 D SmartHeartBeat: setAlarmsPending ...
12-23 14:23:14.593   683   683 D WifiService: onReceive, action:android.intent.action.BATTERY_CHANGED
12-23 14:23:14.593   683   683 D WifiService: ACTION_BATTERY_CHANGED pluggedType: 2
12-23 14:23:14.594   683  1146 I HwBroadcastQueue: proxy max broadcasts, notify pg. recevier:com.UCMobile
12-23 14:23:14.594   683  1146 I chatty  : uid=1000(system) ActivityManager identical 1 line
12-23 14:23:14.594   683  1146 I HwBroadcastQueue: proxy max broadcasts, notify pg. recevier:com.UCMobile
12-23 14:23:14.595   683  2158 W ProcBatteryStats: timer is running , not start, name: com.android.phone, uid: 1001, tag: RILJ
12-23 14:23:14.599   683  1884 W ProcBatteryStats: timer is running , not start, name: com.android.phone, uid: 1001, tag: RILJ_ACK_WL
