12-23 13:51:00.209   683  1466 I chatty  : uid=1000(system) StatisticsCHRMs expire 4 lines
12-23 13:51:00.282   744   744 E wificond: Failed to get NL80211_STA_INFO_CNAHLOAD
12-23 13:51:03.302   744   744 E wificond: Failed to get NL80211_STA_INFO_CNAHLOAD
12-23 13:51:04.685   744   744 E wificond: Failed to get NL80211_STA_INFO_CNAHLOAD
12-23 13:51:04.693   744   744 E wificond: Failed to get NL80211_STA_INFO_CNAHLOAD
12-23 13:51:05.002   683 10382 I chatty  : uid=1000(system) Binder:683_1F expire 1 line
12-23 13:51:06.325   744   744 E wificond: Failed to get NL80211_STA_INFO_CNAHLOAD
12-23 13:51:12.703   744   744 E wificond: Failed to get NL80211_STA_INFO_CNAHLOAD
12-23 13:51:13.222   683  1884 I chatty  : uid=1000(system) Binder:683_5 expire 10 lines
12-23 13:51:15.393   744   744 E wificond: Failed to get NL80211_STA_INFO_CNAHLOAD
12-23 13:51:16.109   683   683 I chatty  : uid=1000 system_server expire 11 lines
12-23 13:51:16.117   683  1142 I chatty  : uid=1000(system) android.bg expire 3 lines
12-23 13:51:16.200   683 10382 I chatty  : uid=1000(system) Binder:683_1F expire 1 line
12-23 13:51:18.416   744   744 E wificond: Failed to get NL80211_STA_INFO_CNAHLOAD
12-23 13:51:18.495   683  1006 I chatty  : uid=1000(system) Binder:683_2 expire 10 lines
12-23 13:51:20.701   744   744 E wificond: Failed to get NL80211_STA_INFO_CNAHLOAD
12-23 13:51:30.509   744   744 I chatty  : uid=1010(wifi) /system/bin/wificond identical 13 lines
12-23 13:51:33.529   744   744 E wificond: Failed to get NL80211_STA_INFO_CNAHLOAD
12-23 13:51:35.119   683  1874 I chatty  : uid=1000(system) watchdog expire 10 lines
12-23 13:51:36.551   744   744 E wificond: Failed to get NL80211_STA_INFO_CNAHLOAD
12-23 13:51:45.606   744   744 E wificond: Failed to get NL80211_STA_INFO_CNAHLOAD
12-23 13:51:48.633   744   744 E wificond: Failed to get NL80211_STA_INFO_CNAHLOAD
12-23 13:51:50.944   683  9307 I chatty  : uid=1000(system) Binder:683_17 expire 10 lines
12-23 13:51:51.654   744   744 E wificond: Failed to get NL80211_STA_INFO_CNAHLOAD
12-23 13:51:52.729   744   744 I chatty  : uid=1010(wifi) /system/bin/wificond identical 11 lines
12-23 13:51:52.734   744   744 E wificond: Failed to get NL80211_STA_INFO_CNAHLOAD
12-23 13:51:54.316   683  1148 I chatty  : uid=1000(system) android.ui expire 13 lines
12-23 13:51:54.676   744   744 E wificond: Failed to get NL80211_STA_INFO_CNAHLOAD
12-23 13:51:57.699   744   744 E wificond: Failed to get NL80211_STA_INFO_CNAHLOAD
12-23 13:52:00.720   744   744 E wificond: Failed to get NL80211_STA_INFO_CNAHLOAD
12-23 13:52:00.739   683  1146 I chatty  : uid=1000(system) ActivityManager expire 11 lines
12-23 13:52:00.748   744   744 E wificond: Failed to get NL80211_STA_INFO_CNAHLOAD
12-23 13:52:00.756   744   744 E wificond: Failed to get NL80211_STA_INFO_CNAHLOAD
12-23 13:52:03.739   744   744 E wificond: Failed to get NL80211_STA_INFO_CNAHLOAD
12-23 13:52:06.761   744   744 E wificond: Failed to get NL80211_STA_INFO_CNAHLOAD
12-23 13:52:09.786   744   744 E wificond: Failed to get NL80211_STA_INFO_CNAHLOAD
12-23 13:52:12.153  1976  1976 W SettingsEx: SettingsEx.Systemex.getString deprecated use Settings.System.getString instead ;callers=com.android.internal.telephony.gsm.HwCustGsmServiceStateManagerImpl.isMccForShowNetname:213 com.android.internal.telephony.gsm.HwCustGsmServiceStateManagerImpl.isShowNetnameByMcc:204 com.android.internal.telephony.gsm.HwCustGsmServiceStateManagerImpl.setOnsDisplayCustomization:155 
12-23 13:52:12.810   744   744 E wificond: Failed to get NL80211_STA_INFO_CNAHLOAD
12-23 13:52:14.399   493   633 W SocketListener: sending broadcast to Pid = 683, Uid = 1000 
12-23 13:52:14.402   683  1393 I chatty  : uid=1000(system) NetdConnector expire 10 lines
12-23 13:52:14.406   683  1163 I chatty  : uid=1000(system) android.fg expire 10 lines
12-23 13:52:15.833   744   744 E wificond: Failed to get NL80211_STA_INFO_CNAHLOAD
12-23 13:52:18.855   744   744 E wificond: Failed to get NL80211_STA_INFO_CNAHLOAD
12-23 13:52:21.738   493   633 W SocketListener: sending broadcast to Pid = 683, Uid = 1000 
12-23 13:52:21.877   744   744 E wificond: Failed to get NL80211_STA_INFO_CNAHLOAD
12-23 13:52:23.114   683  1884 I chatty  : uid=1000(system) Binder:683_5 expire 17 lines
12-23 13:52:24.762   744   744 E wificond: Failed to get NL80211_STA_INFO_CNAHLOAD
12-23 13:52:24.896   744   744 E wificond: Failed to get NL80211_STA_INFO_CNAHLOAD
12-23 13:52:27.923   744   744 E wificond: Failed to get NL80211_STA_INFO_CNAHLOAD
