12-23 12:46:31.957   744   744 E wificond: Failed to get NL80211_STA_INFO_CNAHLOAD
12-23 12:46:34.239   683  1146 I chatty  : uid=1000(system) ActivityManager expire 11 lines
12-23 12:46:34.809   683  1874 I chatty  : uid=1000(system) watchdog expire 8 lines
12-23 12:46:34.980   744   744 E wificond: Failed to get NL80211_STA_INFO_CNAHLOAD
12-23 12:46:37.998   744   744 E wificond: Failed to get NL80211_STA_INFO_CNAHLOAD
12-23 12:46:41.025   744   744 E wificond: Failed to get NL80211_STA_INFO_CNAHLOAD
12-23 12:46:56.148   744   744 E wificond: Failed to get NL80211_STA_INFO_CNAHLOAD
12-23 12:46:59.170   744   744 E wificond: Failed to get NL80211_STA_INFO_CNAHLOAD
12-23 12:47:01.276   744   744 E wificond: Failed to get NL80211_STA_INFO_CNAHLOAD
12-23 12:47:01.287   744   744 I chatty  : uid=1010(wifi) /system/bin/wificond identical 17 lines
12-23 12:47:02.188   744   744 E wificond: Failed to get NL80211_STA_INFO_CNAHLOAD
12-23 12:47:03.372   683  1408 I chatty  : uid=1000(system) WifiScanningSer expire 4 lines
12-23 12:47:05.211   744   744 E wificond: Failed to get NL80211_STA_INFO_CNAHLOAD
12-23 12:47:05.657   493   634 W SocketListener: sending broadcast to Pid = 683, Uid = 1000 
12-23 12:47:05.658   683  1393 I chatty  : uid=1000(system) NetdConnector expire 10 lines
12-23 12:47:05.663   683  1163 I chatty  : uid=1000(system) android.fg expire 6 lines
12-23 12:47:05.780   683  1876 I chatty  : uid=1000(system) LocationThread expire 7 lines
12-23 12:47:05.786   683 29102 I chatty  : uid=1000 system_server expire 2 lines
12-23 12:47:05.794   683 29103 I chatty  : uid=1000 system_server expire 1 line
12-23 12:47:05.835   751   751 D libgps  : proxy_gps_inject_location: called.
12-23 12:47:05.947   683  1006 I chatty  : uid=1000(system) Binder:683_2 expire 11 lines
12-23 12:47:05.980   683 29107 I chatty  : uid=1000 system_server expire 2 lines
12-23 12:47:05.986   683 29108 I chatty  : uid=1000 system_server expire 1 line
12-23 12:47:05.994   751   751 D libgps  : proxy_gps_inject_location: called.
12-23 12:47:08.232   744   744 E wificond: Failed to get NL80211_STA_INFO_CNAHLOAD
12-23 12:47:09.282   744   744 E wificond: Failed to get NL80211_STA_INFO_CNAHLOAD
12-23 12:47:10.644   683   683 I chatty  : uid=1000 system_server expire 10 lines
12-23 12:47:11.252   744   744 E wificond: Failed to get NL80211_STA_INFO_CNAHLOAD
12-23 12:47:20.319   744   744 E wificond: Failed to get NL80211_STA_INFO_CNAHLOAD
12-23 12:47:23.342   744   744 E wificond: Failed to get NL80211_STA_INFO_CNAHLOAD
12-23 12:47:26.360   744   744 E wificond: Failed to get NL80211_STA_INFO_CNAHLOAD
12-23 12:47:29.381   744   744 E wificond: Failed to get NL80211_STA_INFO_CNAHLOAD
12-23 12:47:30.779   683  1991 I chatty  : uid=1000(system) Binder:683_B expire 10 lines
12-23 12:47:32.406   744   744 E wificond: Failed to get NL80211_STA_INFO_CNAHLOAD
12-23 12:47:33.311   744   744 E wificond: Failed to get NL80211_STA_INFO_CNAHLOAD
12-23 12:47:35.425   744   744 E wificond: Failed to get NL80211_STA_INFO_CNAHLOAD
12-23 12:47:50.540   744   744 E wificond: Failed to get NL80211_STA_INFO_CNAHLOAD
12-23 12:47:51.071   493   633 W SocketListener: sending broadcast to Pid = 683, Uid = 1000 
12-23 12:47:53.566   744   744 E wificond: Failed to get NL80211_STA_INFO_CNAHLOAD
12-23 12:47:57.327   744   744 I chatty  : uid=1010(wifi) /system/bin/wificond identical 10 lines
12-23 12:47:57.335   744   744 E wificond: Failed to get NL80211_STA_INFO_CNAHLOAD
12-23 12:47:59.610   744   744 E wificond: Failed to get NL80211_STA_INFO_CNAHLOAD
12-23 12:48:02.634   744   744 E wificond: Failed to get NL80211_STA_INFO_CNAHLOAD
12-23 12:48:05.338   744   744 E wificond: Failed to get NL80211_STA_INFO_CNAHLOAD
12-23 12:48:08.682   744   744 E wificond: Failed to get NL80211_STA_INFO_CNAHLOAD
12-23 12:48:09.209   493   633 W SocketListener: sending broadcast to Pid = 683, Uid = 1000 
12-23 12:48:09.212   683  7232 I chatty  : uid=1000(system) Binder:683_15 expire 6 lines
12-23 12:48:09.427   683  9307 I chatty  : uid=1000(system) Binder:683_17 expire 10 lines
12-23 12:48:09.482   683 10397 I chatty  : uid=1000(system) Binder:683_20 expire 10 lines
12-23 12:48:11.615   683  1967 I chatty  : uid=1000(system) Binder:683_9 expire 4 lines
12-23 12:48:11.702   744   744 E wificond: Failed to get NL80211_STA_INFO_CNAHLOAD
12-23 12:48:13.342   744   744 E wificond: Failed to get NL80211_STA_INFO_CNAHLOAD
12-23 12:48:23.796   744   744 E wificond: Failed to get NL80211_STA_INFO_CNAHLOAD
12-23 12:48:24.991   493   633 W SocketListener: sending broadcast to Pid = 683, Uid = 1000 
12-23 12:48:26.817   744   744 E wificond: Failed to get NL80211_STA_INFO_CNAHLOAD
12-23 12:48:29.836   744   744 I chatty  : uid=1010(wifi) /system/bin/wificond identical 11 lines
12-23 12:48:32.856   744   744 E wificond: Failed to get NL80211_STA_INFO_CNAHLOAD
12-23 12:48:35.878   744   744 E wificond: Failed to get NL80211_STA_INFO_CNAHLOAD
12-23 12:48:36.701   493   633 W SocketListener: sending broadcast to Pid = 683, Uid = 1000 
12-23 12:48:37.360   744   744 E wificond: Failed to get NL80211_STA_INFO_CNAHLOAD
12-23 12:48:38.900   744   744 E wificond: Failed to get NL80211_STA_INFO_CNAHLOAD
12-23 12:48:41.927   744   744 E wificond: Failed to get NL80211_STA_INFO_CNAHLOAD
12-23 12:48:44.946   744   744 E wificond: Failed to get NL80211_STA_INFO_CNAHLOAD
12-23 12:48:57.031   744   744 E wificond: Failed to get NL80211_STA_INFO_CNAHLOAD
12-23 12:49:00.057   744   744 E wificond: Failed to get NL80211_STA_INFO_CNAHLOAD
12-23 12:49:00.246   683  1148 I chatty  : uid=1000(system) android.ui expire 1 line
12-23 12:49:01.382   744   744 E wificond: Failed to get NL80211_STA_INFO_CNAHLOAD
12-23 12:49:01.391   744   744 I chatty  : uid=1010(wifi) /system/bin/wificond identical 11 lines
12-23 12:49:03.075   744   744 E wificond: Failed to get NL80211_STA_INFO_CNAHLOAD
12-23 12:49:06.095   744   744 E wificond: Failed to get NL80211_STA_INFO_CNAHLOAD
12-23 12:49:12.142   744   744 E wificond: Failed to get NL80211_STA_INFO_CNAHLOAD
12-23 12:49:15.164   744   744 E wificond: Failed to get NL80211_STA_INFO_CNAHLOAD
12-23 12:49:16.467   683  1991 I chatty  : uid=1000(system) Binder:683_B expire 16 lines
12-23 12:49:17.398   744   744 E wificond: Failed to get NL80211_STA_INFO_CNAHLOAD
12-23 12:49:18.188   744   744 E wificond: Failed to get NL80211_STA_INFO_CNAHLOAD
12-23 12:49:18.423   683  1398 I chatty  : uid=1000(system) WifiStateMachin expire 1 line
12-23 12:49:20.734   493   634 W SocketListener: sending broadcast to Pid = 683, Uid = 1000 
12-23 12:49:20.736   683  1393 I chatty  : uid=1000(system) NetdConnector expire 2 lines
12-23 12:49:21.215   744   744 E wificond: Failed to get NL80211_STA_INFO_CNAHLOAD
12-23 12:49:24.236   744   744 E wificond: Failed to get NL80211_STA_INFO_CNAHLOAD
12-23 12:49:33.421   744   744 E wificond: Failed to get NL80211_STA_INFO_CNAHLOAD
12-23 12:49:36.316   744   744 E wificond: Failed to get NL80211_STA_INFO_CNAHLOAD
12-23 12:49:39.338   744   744 E wificond: Failed to get NL80211_STA_INFO_CNAHLOAD
12-23 12:49:49.438   744   744 I chatty  : uid=1010(wifi) /system/bin/wificond identical 9 lines
12-23 12:49:51.428   744   744 E wificond: Failed to get NL80211_STA_INFO_CNAHLOAD
12-23 12:49:52.273   683   683 I chatty  : uid=1000 system_server expire 31 lines
12-23 12:49:54.449   744   744 E wificond: Failed to get NL80211_STA_INFO_CNAHLOAD
12-23 12:49:54.678   683  1991 I chatty  : uid=1000(system) Binder:683_B expire 11 lines
12-23 12:49:57.439   744   744 E wificond: Failed to get NL80211_STA_INFO_CNAHLOAD
12-23 12:49:57.464   744   744 E wificond: Failed to get NL80211_STA_INFO_CNAHLOAD
12-23 12:50:00.492   744   744 E wificond: Failed to get NL80211_STA_INFO_CNAHLOAD
12-23 12:50:03.516   744   744 E wificond: Failed to get NL80211_STA_INFO_CNAHLOAD
12-23 12:50:05.446   744   744 E wificond: Failed to get NL80211_STA_INFO_CNAHLOAD
12-23 12:50:06.537   744   744 E wificond: Failed to get NL80211_STA_INFO_CNAHLOAD
12-23 12:50:06.572   683  1403 I chatty  : uid=1000(system) IpManager.wlan0 expire 2 lines
12-23 12:50:06.680   683  1410 I chatty  : uid=1000(system) WifiP2pService expire 6 lines
12-23 12:50:06.689   683 26388 I chatty  : uid=1000(system) DhcpClient expire 7 lines
12-23 12:50:06.730   744   744 E wificond: Failed to get NL80211_STA_INFO_CNAHLOAD
12-23 12:50:06.739   683  1413 I chatty  : uid=1000(system) ConnectivitySer expire 8 lines
12-23 12:50:06.742   683   683 I chatty  : uid=1000 system_server expire 17 lines
12-23 12:50:06.744   683  1393 I chatty  : uid=1000(system) NetdConnector expire 10 lines
12-23 12:50:06.804   683  1146 I chatty  : uid=1000(system) ActivityManager expire 10 lines
12-23 12:50:06.831 12219 12219 W ContextImpl: Calling a method in the system process without a qualified user: android.app.ContextImpl.startService:1656 android.content.ContextWrapper.startService:644 android.content.ContextWrapper.startService:644 com.android.settings.wifi.AccessPointConnectedReceiver.onReceive:28 android.app.ActivityThread.handleReceiver:3695 
12-23 12:50:09.562   744   744 E wificond: Failed to get NL80211_STA_INFO_CNAHLOAD
12-23 12:50:21.470   744   744 I chatty  : uid=1010(wifi) /system/bin/wificond identical 10 lines
12-23 12:50:21.650   744   744 E wificond: Failed to get NL80211_STA_INFO_CNAHLOAD
12-23 12:50:21.725   493   633 W SocketListener: sending broadcast to Pid = 683, Uid = 1000 
12-23 12:50:21.735   683  1163 I chatty  : uid=1000(system) android.fg expire 10 lines
12-23 12:50:24.677   744   744 E wificond: Failed to get NL80211_STA_INFO_CNAHLOAD
12-23 12:50:24.789   683  7232 I chatty  : uid=1000(system) Binder:683_15 expire 10 lines
12-23 12:50:25.081   493   633 W SocketListener: sending broadcast to Pid = 683, Uid = 1000 
12-23 12:50:27.696   744   744 E wificond: Failed to get NL80211_STA_INFO_CNAHLOAD
12-23 12:50:33.742   744   744 E wificond: Failed to get NL80211_STA_INFO_CNAHLOAD
12-23 12:50:34.629   683  1352 I chatty  : uid=1000(system) UEventObserver expire 4 lines
12-23 12:50:34.658   683  1152 I chatty  : uid=1000(system) batterystats-sy expire 8 lines
12-23 12:50:34.831   683  1874 I chatty  : uid=1000(system) watchdog expire 9 lines
12-23 12:50:36.764   744   744 E wificond: Failed to get NL80211_STA_INFO_CNAHLOAD
12-23 12:50:37.474   744   744 E wificond: Failed to get NL80211_STA_INFO_CNAHLOAD
12-23 12:50:37.481   744   744 I chatty  : uid=1010(wifi) /system/bin/wificond identical 10 lines
12-23 12:50:39.786   744   744 E wificond: Failed to get NL80211_STA_INFO_CNAHLOAD
12-23 12:50:40.159   493   633 W SocketListener: sending broadcast to Pid = 683, Uid = 1000 
12-23 12:50:40.162   683  1393 I chatty  : uid=1000(system) NetdConnector expire 10 lines
12-23 12:50:42.809   744   744 E wificond: Failed to get NL80211_STA_INFO_CNAHLOAD
12-23 12:50:48.853   744   744 E wificond: Failed to get NL80211_STA_INFO_CNAHLOAD
12-23 12:50:50.307   742   823 E /system/bin/storaged: pid_info get_pids failed
12-23 12:50:51.877   744   744 E wificond: Failed to get NL80211_STA_INFO_CNAHLOAD
12-23 12:50:54.897   744   744 E wificond: Failed to get NL80211_STA_INFO_CNAHLOAD
12-23 12:50:57.032   493   633 W SocketListener: sending broadcast to Pid = 683, Uid = 1000 
12-23 12:50:57.918   744   744 E wificond: Failed to get NL80211_STA_INFO_CNAHLOAD
12-23 12:50:59.993   683  1466 I chatty  : uid=1000(system) StatisticsCHRMs expire 4 lines
12-23 12:51:00.943   744   744 E wificond: Failed to get NL80211_STA_INFO_CNAHLOAD
12-23 12:51:03.964   744   744 E wificond: Failed to get NL80211_STA_INFO_CNAHLOAD
12-23 12:51:06.983   744   744 E wificond: Failed to get NL80211_STA_INFO_CNAHLOAD
12-23 12:51:09.519   744   744 E wificond: Failed to get NL80211_STA_INFO_CNAHLOAD
12-23 12:51:09.693   683  7232 I chatty  : uid=1000(system) Binder:683_15 expire 12 lines
12-23 12:51:10.009   744   744 E wificond: Failed to get NL80211_STA_INFO_CNAHLOAD
12-23 12:51:16.055   744   744 E wificond: Failed to get NL80211_STA_INFO_CNAHLOAD
12-23 12:51:16.135   683  1142 I chatty  : uid=1000(system) android.bg expire 3 lines
12-23 12:51:17.519   744   744 E wificond: Failed to get NL80211_STA_INFO_CNAHLOAD
12-23 12:51:17.527   744   744 E wificond: Failed to get NL80211_STA_INFO_CNAHLOAD
12-23 12:51:19.078   744   744 E wificond: Failed to get NL80211_STA_INFO_CNAHLOAD
12-23 12:51:28.147   744   744 I chatty  : uid=1010(wifi) /system/bin/wificond identical 10 lines
12-23 12:51:31.169   744   744 E wificond: Failed to get NL80211_STA_INFO_CNAHLOAD
12-23 12:51:31.360   493   633 W SocketListener: sending broadcast to Pid = 683, Uid = 1000 
12-23 12:51:33.531   744   744 E wificond: Failed to get NL80211_STA_INFO_CNAHLOAD
12-23 12:51:34.191   744   744 E wificond: Failed to get NL80211_STA_INFO_CNAHLOAD
12-23 12:51:37.215   744   744 E wificond: Failed to get NL80211_STA_INFO_CNAHLOAD
12-23 12:51:46.278   744   744 E wificond: Failed to get NL80211_STA_INFO_CNAHLOAD
12-23 12:51:48.539   683  1390 I chatty  : uid=1000(system) Binder:683_3 expire 10 lines
12-23 12:51:49.304   744   744 E wificond: Failed to get NL80211_STA_INFO_CNAHLOAD
12-23 12:51:49.544   744   744 I chatty  : uid=1010(wifi) /system/bin/wificond identical 11 lines
12-23 12:51:49.551   744   744 E wificond: Failed to get NL80211_STA_INFO_CNAHLOAD
12-23 12:51:50.005   493   633 W SocketListener: sending broadcast to Pid = 683, Uid = 1000 
12-23 12:51:50.020   683  1945 I chatty  : uid=1000(system) Binder:683_7 expire 30 lines
12-23 12:51:52.324   744   744 E wificond: Failed to get NL80211_STA_INFO_CNAHLOAD
12-23 12:51:58.370   744   744 E wificond: Failed to get NL80211_STA_INFO_CNAHLOAD
12-23 12:52:00.004   683   683 I chatty  : uid=1000 system_server expire 11 lines
12-23 12:52:01.396   744   744 E wificond: Failed to get NL80211_STA_INFO_CNAHLOAD
12-23 12:52:04.420   744   744 E wificond: Failed to get NL80211_STA_INFO_CNAHLOAD
12-23 12:52:05.563   744   744 E wificond: Failed to get NL80211_STA_INFO_CNAHLOAD
12-23 12:52:19.542   744   744 E wificond: Failed to get NL80211_STA_INFO_CNAHLOAD
12-23 12:52:20.896   493   633 W SocketListener: sending broadcast to Pid = 683, Uid = 1000 
12-23 12:52:21.195   493   633 W SocketListener: sending broadcast to Pid = 683, Uid = 1000 
12-23 12:52:21.197   683  1393 I chatty  : uid=1000(system) NetdConnector expire 10 lines
12-23 12:52:21.578   744   744 E wificond: Failed to get NL80211_STA_INFO_CNAHLOAD
12-23 12:52:21.587   744   744 I chatty  : uid=1010(wifi) /system/bin/wificond identical 13 lines
12-23 12:52:22.563   744   744 E wificond: Failed to get NL80211_STA_INFO_CNAHLOAD
12-23 12:52:25.585   744   744 E wificond: Failed to get NL80211_STA_INFO_CNAHLOAD
12-23 12:52:34.662   744   744 E wificond: Failed to get NL80211_STA_INFO_CNAHLOAD
12-23 12:52:37.595   744   744 E wificond: Failed to get NL80211_STA_INFO_CNAHLOAD
12-23 12:52:40.698   744   744 E wificond: Failed to get NL80211_STA_INFO_CNAHLOAD
12-23 12:52:43.718   744   744 E wificond: Failed to get NL80211_STA_INFO_CNAHLOAD
12-23 12:52:53.608   744   744 E wificond: Failed to get NL80211_STA_INFO_CNAHLOAD
12-23 12:52:55.804   744   744 E wificond: Failed to get NL80211_STA_INFO_CNAHLOAD
12-23 12:52:56.160   493   633 W SocketListener: sending broadcast to Pid = 683, Uid = 1000 
12-23 12:52:57.129   493   633 W SocketListener: sending broadcast to Pid = 683, Uid = 1000 
12-23 12:52:58.826   744   744 E wificond: Failed to get NL80211_STA_INFO_CNAHLOAD
12-23 12:53:01.612   744   744 E wificond: Failed to get NL80211_STA_INFO_CNAHLOAD
12-23 12:53:01.619   744   744 I chatty  : uid=1010(wifi) /system/bin/wificond identical 12 lines
12-23 12:53:01.844   744   744 E wificond: Failed to get NL80211_STA_INFO_CNAHLOAD
12-23 12:53:04.865   744   744 E wificond: Failed to get NL80211_STA_INFO_CNAHLOAD
12-23 12:53:06.141   493   637 W SocketListener: sending broadcast to Pid = 683, Uid = 1000 
12-23 12:53:06.151   683  1163 I chatty  : uid=1000(system) android.fg expire 5 lines
12-23 12:53:07.889   744   744 E wificond: Failed to get NL80211_STA_INFO_CNAHLOAD
12-23 12:53:09.130   683  7232 I chatty  : uid=1000(system) Binder:683_15 expire 13 lines
12-23 12:53:09.223   683  1390 I chatty  : uid=1000(system) Binder:683_3 expire 7 lines
12-23 12:53:09.459   683  1966 I chatty  : uid=1000(system) Binder:683_8 expire 13 lines
12-23 12:53:09.616   744   744 E wificond: Failed to get NL80211_STA_INFO_CNAHLOAD
12-23 12:53:09.624   744   744 E wificond: Failed to get NL80211_STA_INFO_CNAHLOAD
12-23 12:53:10.911   744   744 E wificond: Failed to get NL80211_STA_INFO_CNAHLOAD
12-23 12:53:13.936   744   744 E wificond: Failed to get NL80211_STA_INFO_CNAHLOAD
12-23 12:53:17.633   744   744 E wificond: Failed to get NL80211_STA_INFO_CNAHLOAD
12-23 12:53:19.985   744   744 E wificond: Failed to get NL80211_STA_INFO_CNAHLOAD
12-23 12:53:23.008   744   744 E wificond: Failed to get NL80211_STA_INFO_CNAHLOAD
12-23 12:53:25.634   744   744 E wificond: Failed to get NL80211_STA_INFO_CNAHLOAD
12-23 12:53:33.648   744   744 E wificond: Failed to get NL80211_STA_INFO_CNAHLOAD
12-23 12:53:35.085   744   744 E wificond: Failed to get NL80211_STA_INFO_CNAHLOAD
12-23 12:53:44.157   744   744 E wificond: Failed to get NL80211_STA_INFO_CNAHLOAD
12-23 12:53:46.870   683  1945 I chatty  : uid=1000(system) Binder:683_7 expire 7 lines
12-23 12:53:47.182   744   744 E wificond: Failed to get NL80211_STA_INFO_CNAHLOAD
12-23 12:53:53.222   744   744 I chatty  : uid=1010(wifi) /system/bin/wificond identical 11 lines
12-23 12:53:56.245   744   744 E wificond: Failed to get NL80211_STA_INFO_CNAHLOAD
12-23 12:53:57.660   744   744 E wificond: Failed to get NL80211_STA_INFO_CNAHLOAD
12-23 12:53:59.266   744   744 E wificond: Failed to get NL80211_STA_INFO_CNAHLOAD
12-23 12:53:59.713   493   633 W SocketListener: sending broadcast to Pid = 683, Uid = 1000 
12-23 12:53:59.724   683 10397 I chatty  : uid=1000(system) Binder:683_20 expire 6 lines
12-23 12:54:00.005   683   683 I chatty  : uid=1000 system_server expire 2 lines
12-23 12:54:00.280   493   633 W SocketListener: sending broadcast to Pid = 683, Uid = 1000 
12-23 12:54:00.282   683  1393 I chatty  : uid=1000(system) NetdConnector expire 2 lines
12-23 12:54:02.285   744   744 E wificond: Failed to get NL80211_STA_INFO_CNAHLOAD
12-23 12:54:05.309   744   744 E wificond: Failed to get NL80211_STA_INFO_CNAHLOAD
12-23 12:54:14.375   744   744 E wificond: Failed to get NL80211_STA_INFO_CNAHLOAD
12-23 12:54:16.986   683  1966 I chatty  : uid=1000(system) Binder:683_8 expire 10 lines
12-23 12:54:17.396   744   744 E wificond: Failed to get NL80211_STA_INFO_CNAHLOAD
12-23 12:54:20.419   744   744 E wificond: Failed to get NL80211_STA_INFO_CNAHLOAD
12-23 12:54:29.702   744   744 I chatty  : uid=1010(wifi) /system/bin/wificond identical 14 lines
12-23 12:54:32.515   744   744 E wificond: Failed to get NL80211_STA_INFO_CNAHLOAD
12-23 12:54:35.535   744   744 E wificond: Failed to get NL80211_STA_INFO_CNAHLOAD
12-23 12:54:47.630   744   744 E wificond: Failed to get NL80211_STA_INFO_CNAHLOAD
12-23 12:54:50.651   744   744 E wificond: Failed to get NL80211_STA_INFO_CNAHLOAD
12-23 12:54:53.671   744   744 E wificond: Failed to get NL80211_STA_INFO_CNAHLOAD
12-23 12:54:53.707   744   744 I chatty  : uid=1010(wifi) /system/bin/wificond identical 10 lines
12-23 12:54:53.715   744   744 E wificond: Failed to get NL80211_STA_INFO_CNAHLOAD
12-23 12:54:55.155   683  1146 I chatty  : uid=1000(system) ActivityManager expire 12 lines
12-23 12:54:55.157   683   683 I chatty  : uid=1000 system_server expire 10 lines
12-23 12:54:56.691   744   744 E wificond: Failed to get NL80211_STA_INFO_CNAHLOAD
12-23 12:54:59.714   744   744 E wificond: Failed to get NL80211_STA_INFO_CNAHLOAD
12-23 12:55:00.296   683  1390 I chatty  : uid=1000(system) Binder:683_3 expire 10 lines
12-23 12:55:01.718   744   744 E wificond: Failed to get NL80211_STA_INFO_CNAHLOAD
12-23 12:55:02.740   744   744 E wificond: Failed to get NL80211_STA_INFO_CNAHLOAD
12-23 12:55:04.852   683  1874 I chatty  : uid=1000(system) watchdog expire 10 lines
12-23 12:55:05.767   744   744 E wificond: Failed to get NL80211_STA_INFO_CNAHLOAD
12-23 12:55:20.874   744   744 E wificond: Failed to get NL80211_STA_INFO_CNAHLOAD
12-23 12:55:23.899   744   744 E wificond: Failed to get NL80211_STA_INFO_CNAHLOAD
12-23 12:55:25.734   744   744 E wificond: Failed to get NL80211_STA_INFO_CNAHLOAD
12-23 12:55:26.917   744   744 I chatty  : uid=1010(wifi) /system/bin/wificond identical 11 lines
12-23 12:55:29.938   744   744 E wificond: Failed to get NL80211_STA_INFO_CNAHLOAD
12-23 12:55:32.638   493   633 W SocketListener: sending broadcast to Pid = 683, Uid = 1000 
12-23 12:55:32.640   683  1393 I chatty  : uid=1000(system) NetdConnector expire 10 lines
12-23 12:55:32.645   683  1163 I chatty  : uid=1000(system) android.fg expire 10 lines
12-23 12:55:32.958   744   744 E wificond: Failed to get NL80211_STA_INFO_CNAHLOAD
12-23 12:55:33.751   744   744 E wificond: Failed to get NL80211_STA_INFO_CNAHLOAD
12-23 12:55:35.978   744   744 E wificond: Failed to get NL80211_STA_INFO_CNAHLOAD
12-23 12:55:38.999   744   744 E wificond: Failed to get NL80211_STA_INFO_CNAHLOAD
12-23 12:55:40.441   493   633 W SocketListener: sending broadcast to Pid = 683, Uid = 1000 
12-23 12:55:40.696   683  1945 I chatty  : uid=1000(system) Binder:683_7 expire 10 lines
12-23 12:55:40.751  3457 16273 W SettingsEx: SettingsEx.Systemex.getInt deprecated use Settings.System.getInt instead ;callers=com.huawei.recsys.util.SystemUtil.getNotificationUpdateMode:177 com.huawei.recsys.util.SystemUtil.isAllowUpdate:112 com.huawei.recsys.controller.notification.http.NotificationUpdateController.startNotificationUpdate:85 
12-23 12:55:41.297   683 29331 I chatty  : uid=1000 system_server expire 2 lines
12-23 12:55:41.751   744   744 E wificond: Failed to get NL80211_STA_INFO_CNAHLOAD
12-23 12:55:45.038   744   744 E wificond: Failed to get NL80211_STA_INFO_CNAHLOAD
12-23 12:55:48.061   744   744 E wificond: Failed to get NL80211_STA_INFO_CNAHLOAD
12-23 12:55:54.099   744   744 E wificond: Failed to get NL80211_STA_INFO_CNAHLOAD
12-23 12:55:57.118   744   744 E wificond: Failed to get NL80211_STA_INFO_CNAHLOAD
12-23 12:55:57.768   744   744 E wificond: Failed to get NL80211_STA_INFO_CNAHLOAD
12-23 12:56:00.154   744   744 E wificond: Failed to get NL80211_STA_INFO_CNAHLOAD
12-23 12:56:03.178   744   744 E wificond: Failed to get NL80211_STA_INFO_CNAHLOAD
12-23 12:56:05.771   744   744 E wificond: Failed to get NL80211_STA_INFO_CNAHLOAD
12-23 12:56:09.221   744   744 E wificond: Failed to get NL80211_STA_INFO_CNAHLOAD
12-23 12:56:09.407   493   633 W SocketListener: sending broadcast to Pid = 683, Uid = 1000 
12-23 12:56:12.244   744   744 E wificond: Failed to get NL80211_STA_INFO_CNAHLOAD
12-23 12:56:21.791   744   744 I chatty  : uid=1010(wifi) /system/bin/wificond identical 16 lines
12-23 12:56:24.336   744   744 E wificond: Failed to get NL80211_STA_INFO_CNAHLOAD
12-23 12:56:25.493   493   633 W SocketListener: sending broadcast to Pid = 683, Uid = 1000 
12-23 12:56:25.513   683  1390 I chatty  : uid=1000(system) Binder:683_3 expire 20 lines
12-23 12:56:27.358   744   744 E wificond: Failed to get NL80211_STA_INFO_CNAHLOAD
12-23 12:56:29.794   744   744 E wificond: Failed to get NL80211_STA_INFO_CNAHLOAD
12-23 12:56:30.375   744   744 E wificond: Failed to get NL80211_STA_INFO_CNAHLOAD
12-23 12:56:33.395   744   744 E wificond: Failed to get NL80211_STA_INFO_CNAHLOAD
12-23 12:56:36.418   744   744 E wificond: Failed to get NL80211_STA_INFO_CNAHLOAD
12-23 12:56:37.811   744   744 E wificond: Failed to get NL80211_STA_INFO_CNAHLOAD
12-23 12:56:39.442   744   744 E wificond: Failed to get NL80211_STA_INFO_CNAHLOAD
12-23 12:56:53.823   744   744 E wificond: Failed to get NL80211_STA_INFO_CNAHLOAD
12-23 12:56:54.049   493   633 W SocketListener: sending broadcast to Pid = 683, Uid = 1000 
12-23 12:56:54.551   744   744 E wificond: Failed to get NL80211_STA_INFO_CNAHLOAD
12-23 12:56:57.575   744   744 E wificond: Failed to get NL80211_STA_INFO_CNAHLOAD
12-23 12:56:59.173   493   633 W SocketListener: sending broadcast to Pid = 683, Uid = 1000 
12-23 12:56:59.176   683  1393 I chatty  : uid=1000(system) NetdConnector expire 10 lines
12-23 12:56:59.195   683  1966 I chatty  : uid=1000(system) Binder:683_8 expire 11 lines
12-23 12:57:00.595   744   744 E wificond: Failed to get NL80211_STA_INFO_CNAHLOAD
12-23 12:57:01.824   744   744 E wificond: Failed to get NL80211_STA_INFO_CNAHLOAD
12-23 12:57:01.832   744   744 E wificond: Failed to get NL80211_STA_INFO_CNAHLOAD
12-23 12:57:03.337   683  1390 I chatty  : uid=1000(system) Binder:683_3 expire 13 lines
12-23 12:57:03.396   683  1945 I chatty  : uid=1000(system) Binder:683_7 expire 13 lines
12-23 12:57:03.616   744   744 E wificond: Failed to get NL80211_STA_INFO_CNAHLOAD
12-23 12:57:03.632   683  1876 I chatty  : uid=1000(system) LocationThread expire 7 lines
12-23 12:57:03.638   683 29355 I chatty  : uid=1000 system_server expire 2 lines
12-23 12:57:03.645   683 29356 I chatty  : uid=1000 system_server expire 1 line
12-23 12:57:03.694   751   751 D libgps  : proxy_gps_inject_location: called.
12-23 12:57:03.822   683 29360 I chatty  : uid=1000 system_server expire 2 lines
12-23 12:57:03.829   683 29361 I chatty  : uid=1000 system_server expire 1 line
12-23 12:57:03.837   751   751 D libgps  : proxy_gps_inject_location: called.
12-23 12:57:06.641   744   744 E wificond: Failed to get NL80211_STA_INFO_CNAHLOAD
12-23 12:57:27.799   744   744 I chatty  : uid=1010(wifi) /system/bin/wificond identical 23 lines
12-23 12:57:30.822   744   744 E wificond: Failed to get NL80211_STA_INFO_CNAHLOAD
12-23 12:57:31.471   683  1991 I chatty  : uid=1000(system) Binder:683_B expire 5 lines
12-23 12:57:33.665   493   633 W SocketListener: sending broadcast to Pid = 683, Uid = 1000 
12-23 12:57:33.843   744   744 E wificond: Failed to get NL80211_STA_INFO_CNAHLOAD
12-23 12:57:33.859   744   744 E wificond: Failed to get NL80211_STA_INFO_CNAHLOAD
12-23 12:57:36.863   744   744 E wificond: Failed to get NL80211_STA_INFO_CNAHLOAD
12-23 12:57:54.996   744   744 E wificond: Failed to get NL80211_STA_INFO_CNAHLOAD
12-23 12:57:55.597   493   633 W SocketListener: sending broadcast to Pid = 683, Uid = 1000 
12-23 12:57:57.882   744   744 E wificond: Failed to get NL80211_STA_INFO_CNAHLOAD
12-23 12:57:57.889   744   744 I chatty  : uid=1010(wifi) /system/bin/wificond identical 10 lines
12-23 12:57:58.014   744   744 E wificond: Failed to get NL80211_STA_INFO_CNAHLOAD
12-23 12:57:59.338   683   683 I chatty  : uid=1000 system_server expire 15 lines
12-23 12:58:01.036   744   744 E wificond: Failed to get NL80211_STA_INFO_CNAHLOAD
12-23 12:58:04.058   744   744 E wificond: Failed to get NL80211_STA_INFO_CNAHLOAD
12-23 12:58:05.889   744   744 E wificond: Failed to get NL80211_STA_INFO_CNAHLOAD
12-23 12:58:07.079   744   744 E wificond: Failed to get NL80211_STA_INFO_CNAHLOAD
12-23 12:58:09.244   683 10397 I chatty  : uid=1000(system) Binder:683_20 expire 10 lines
12-23 12:58:10.098   744   744 E wificond: Failed to get NL80211_STA_INFO_CNAHLOAD
12-23 12:58:13.123   744   744 E wificond: Failed to get NL80211_STA_INFO_CNAHLOAD
12-23 12:58:19.169   744   744 E wificond: Failed to get NL80211_STA_INFO_CNAHLOAD
12-23 12:58:21.906   744   744 E wificond: Failed to get NL80211_STA_INFO_CNAHLOAD
12-23 12:58:22.187   744   744 E wificond: Failed to get NL80211_STA_INFO_CNAHLOAD
12-23 12:58:25.219   744   744 E wificond: Failed to get NL80211_STA_INFO_CNAHLOAD
12-23 12:58:34.282   744   744 E wificond: Failed to get NL80211_STA_INFO_CNAHLOAD
12-23 12:58:37.306   744   744 E wificond: Failed to get NL80211_STA_INFO_CNAHLOAD
12-23 12:58:40.325   744   744 I chatty  : uid=1010(wifi) /system/bin/wificond identical 10 lines
12-23 12:58:43.350   744   744 E wificond: Failed to get NL80211_STA_INFO_CNAHLOAD
12-23 12:58:44.086   683  1394 I chatty  : uid=1000(system) NetworkStats expire 7 lines
12-23 12:58:44.133   683  1945 I chatty  : uid=1000(system) Binder:683_7 expire 3 lines
12-23 12:58:45.921   744   744 E wificond: Failed to get NL80211_STA_INFO_CNAHLOAD
12-23 12:58:46.368   744   744 E wificond: Failed to get NL80211_STA_INFO_CNAHLOAD
12-23 12:58:46.561   683  1966 I chatty  : uid=1000(system) Binder:683_8 expire 10 lines
12-23 12:58:49.390   744   744 E wificond: Failed to get NL80211_STA_INFO_CNAHLOAD
12-23 12:58:55.436   744   744 E wificond: Failed to get NL80211_STA_INFO_CNAHLOAD
12-23 12:58:55.669   683   683 I chatty  : uid=1000 system_server expire 11 lines
12-23 12:58:58.465   744   744 E wificond: Failed to get NL80211_STA_INFO_CNAHLOAD
12-23 12:59:01.489   744   744 E wificond: Failed to get NL80211_STA_INFO_CNAHLOAD
12-23 12:59:01.941   744   744 E wificond: Failed to get NL80211_STA_INFO_CNAHLOAD
12-23 12:59:04.509   744   744 E wificond: Failed to get NL80211_STA_INFO_CNAHLOAD
12-23 12:59:07.532   744   744 E wificond: Failed to get NL80211_STA_INFO_CNAHLOAD
12-23 12:59:09.340   683  1390 I chatty  : uid=1000(system) Binder:683_3 expire 8 lines
12-23 12:59:09.934   744   744 E wificond: Failed to get NL80211_STA_INFO_CNAHLOAD
12-23 12:59:13.573   744   744 E wificond: Failed to get NL80211_STA_INFO_CNAHLOAD
12-23 12:59:16.599   744   744 E wificond: Failed to get NL80211_STA_INFO_CNAHLOAD
12-23 12:59:16.689   683 10397 I chatty  : uid=1000(system) Binder:683_20 expire 20 lines
12-23 12:59:17.942   744   744 E wificond: Failed to get NL80211_STA_INFO_CNAHLOAD
12-23 12:59:17.951   744   744 E wificond: Failed to get NL80211_STA_INFO_CNAHLOAD
12-23 12:59:19.618   744   744 E wificond: Failed to get NL80211_STA_INFO_CNAHLOAD
12-23 12:59:22.644   744   744 E wificond: Failed to get NL80211_STA_INFO_CNAHLOAD
12-23 12:59:33.966   744   744 I chatty  : uid=1010(wifi) /system/bin/wificond identical 11 lines
12-23 12:59:34.732   744   744 E wificond: Failed to get NL80211_STA_INFO_CNAHLOAD
12-23 12:59:37.753   744   744 E wificond: Failed to get NL80211_STA_INFO_CNAHLOAD
12-23 12:59:46.823   744   744 E wificond: Failed to get NL80211_STA_INFO_CNAHLOAD
12-23 12:59:49.847   744   744 E wificond: Failed to get NL80211_STA_INFO_CNAHLOAD
12-23 12:59:49.969   744   744 I chatty  : uid=1010(wifi) /system/bin/wificond identical 7 lines
12-23 12:59:49.976   744   744 E wificond: Failed to get NL80211_STA_INFO_CNAHLOAD
12-23 12:59:52.863   744   744 E wificond: Failed to get NL80211_STA_INFO_CNAHLOAD
12-23 12:59:55.886   744   744 E wificond: Failed to get NL80211_STA_INFO_CNAHLOAD
12-23 12:59:58.905   744   744 E wificond: Failed to get NL80211_STA_INFO_CNAHLOAD
12-23 13:00:00.315  3457  6832 W ContextImpl: Calling a method in the system process without a qualified user: android.app.ContextImpl.bindService:1736 android.content.ContextWrapper.bindService:678 com.huawei.nb.dataservice.dsclient.RemoteServiceConnection.open:90 com.huawei.nb.dataservice.dsclient.DataServiceProxy.connect:105 com.huawei.nb.dataservice.rsclient.internal.RemoteRuleService.start:27 
12-23 13:00:00.355  3457 13444 W ContextImpl: Calling a method in the system process without a qualified user: android.app.ContextImpl.bindService:1736 android.content.ContextWrapper.bindService:678 com.huawei.nb.dataservice.dsclient.RemoteServiceConnection.open:90 com.huawei.nb.dataservice.dsclient.DataServiceProxy.connect:105 com.huawei.nb.dataservice.rsclient.internal.RemoteRuleService.start:27 
12-23 13:00:01.927   744   744 E wificond: Failed to get NL80211_STA_INFO_CNAHLOAD
12-23 13:00:04.876   683  1874 I chatty  : uid=1000(system) watchdog expire 1 line
12-23 13:00:04.953   744   744 E wificond: Failed to get NL80211_STA_INFO_CNAHLOAD
12-23 13:00:07.975   744   744 E wificond: Failed to get NL80211_STA_INFO_CNAHLOAD
12-23 13:00:08.864   493   633 W SocketListener: sending broadcast to Pid = 683, Uid = 1000 
12-23 13:00:08.870   683  1393 I chatty  : uid=1000(system) NetdConnector expire 4 lines
12-23 13:00:09.126   493   633 W SocketListener: sending broadcast to Pid = 683, Uid = 1000 
12-23 13:00:09.186   683  1152 I chatty  : uid=1000(system) batterystats-sy expire 1 line
12-23 13:00:10.997   744   744 E wificond: Failed to get NL80211_STA_INFO_CNAHLOAD
12-23 13:00:14.023   744   744 E wificond: Failed to get NL80211_STA_INFO_CNAHLOAD
12-23 13:00:15.557   683  1352 I chatty  : uid=1000(system) UEventObserver expire 4 lines
12-23 13:00:15.575   683  1146 I chatty  : uid=1000(system) ActivityManager expire 11 lines
12-23 13:00:15.585   683   683 I chatty  : uid=1000 system_server expire 10 lines
12-23 13:00:15.603   683  1152 I chatty  : uid=1000(system) batterystats-sy expire 4 lines
12-23 13:00:17.044   744   744 E wificond: Failed to get NL80211_STA_INFO_CNAHLOAD
12-23 13:00:20.063   744   744 E wificond: Failed to get NL80211_STA_INFO_CNAHLOAD
12-23 13:00:21.456   683 10397 I chatty  : uid=1000(system) Binder:683_20 expire 14 lines
12-23 13:00:21.993   744   744 E wificond: Failed to get NL80211_STA_INFO_CNAHLOAD
12-23 13:00:22.001   744   744 I chatty  : uid=1010(wifi) /system/bin/wificond identical 10 lines
12-23 13:00:23.082   744   744 E wificond: Failed to get NL80211_STA_INFO_CNAHLOAD
12-23 13:00:23.869   683  1945 I chatty  : uid=1000(system) Binder:683_7 expire 2 lines
12-23 13:00:26.106   744   744 E wificond: Failed to get NL80211_STA_INFO_CNAHLOAD
12-23 13:00:29.127   744   744 E wificond: Failed to get NL80211_STA_INFO_CNAHLOAD
12-23 13:00:29.432   683  1390 I chatty  : uid=1000(system) Binder:683_3 expire 10 lines
12-23 13:00:29.481   683  7232 I chatty  : uid=1000(system) Binder:683_15 expire 7 lines
12-23 13:00:29.722  3457 16273 W SettingsEx: SettingsEx.Systemex.getInt deprecated use Settings.System.getInt instead ;callers=com.huawei.recsys.util.SystemUtil.getNotificationUpdateMode:177 com.huawei.recsys.util.SystemUtil.isAllowUpdate:112 com.huawei.recsys.controller.notification.http.NotificationUpdateController.startNotificationUpdate:85 
12-23 13:00:30.000   744   744 E wificond: Failed to get NL80211_STA_INFO_CNAHLOAD
12-23 13:00:32.148   744   744 E wificond: Failed to get NL80211_STA_INFO_CNAHLOAD
12-23 13:00:34.879   683  1874 I chatty  : uid=1000(system) watchdog expire 10 lines
12-23 13:00:35.166   744   744 E wificond: Failed to get NL80211_STA_INFO_CNAHLOAD
12-23 13:00:37.078   683  1966 I chatty  : uid=1000(system) Binder:683_8 expire 9 lines
12-23 13:00:38.010   744   744 E wificond: Failed to get NL80211_STA_INFO_CNAHLOAD
12-23 13:00:50.286   744   744 E wificond: Failed to get NL80211_STA_INFO_CNAHLOAD
12-23 13:00:52.126   493   633 W SocketListener: sending broadcast to Pid = 683, Uid = 1000 
12-23 13:00:52.128   683  1393 I chatty  : uid=1000(system) NetdConnector expire 10 lines
12-23 13:00:52.134   683  1163 I chatty  : uid=1000(system) android.fg expire 10 lines
12-23 13:00:53.305   744   744 E wificond: Failed to get NL80211_STA_INFO_CNAHLOAD
12-23 13:00:54.033   744   744 E wificond: Failed to get NL80211_STA_INFO_CNAHLOAD
12-23 13:00:55.801   493   633 W SocketListener: sending broadcast to Pid = 683, Uid = 1000 
12-23 13:00:56.324   744   744 E wificond: Failed to get NL80211_STA_INFO_CNAHLOAD
12-23 13:00:56.549   683  1991 I chatty  : uid=1000(system) Binder:683_B expire 5 lines
12-23 13:00:59.344   744   744 E wificond: Failed to get NL80211_STA_INFO_CNAHLOAD
12-23 13:01:02.034   744   744 E wificond: Failed to get NL80211_STA_INFO_CNAHLOAD
12-23 13:01:02.039   744   744 I chatty  : uid=1010(wifi) /system/bin/wificond identical 13 lines
12-23 13:01:02.364   744   744 E wificond: Failed to get NL80211_STA_INFO_CNAHLOAD
12-23 13:01:05.387   744   744 E wificond: Failed to get NL80211_STA_INFO_CNAHLOAD
12-23 13:01:26.539   744   744 E wificond: Failed to get NL80211_STA_INFO_CNAHLOAD
12-23 13:01:27.998   493   633 W SocketListener: sending broadcast to Pid = 683, Uid = 1000 
12-23 13:01:29.562   744   744 E wificond: Failed to get NL80211_STA_INFO_CNAHLOAD
12-23 13:01:34.063   744   744 I chatty  : uid=1010(wifi) /system/bin/wificond identical 14 lines
12-23 13:01:34.069   744   744 E wificond: Failed to get NL80211_STA_INFO_CNAHLOAD
12-23 13:01:35.604   744   744 E wificond: Failed to get NL80211_STA_INFO_CNAHLOAD
12-23 13:01:38.625   744   744 E wificond: Failed to get NL80211_STA_INFO_CNAHLOAD
12-23 13:01:40.856   493   633 W SocketListener: sending broadcast to Pid = 683, Uid = 1000 
12-23 13:01:41.649   744   744 E wificond: Failed to get NL80211_STA_INFO_CNAHLOAD
12-23 13:01:42.088   744   744 E wificond: Failed to get NL80211_STA_INFO_CNAHLOAD
12-23 13:01:42.100   744   744 E wificond: Failed to get NL80211_STA_INFO_CNAHLOAD
12-23 13:01:44.675   744   744 E wificond: Failed to get NL80211_STA_INFO_CNAHLOAD
12-23 13:01:56.765   744   744 E wificond: Failed to get NL80211_STA_INFO_CNAHLOAD
12-23 13:01:57.151   493   633 W SocketListener: sending broadcast to Pid = 683, Uid = 1000 
12-23 13:01:58.082   744   744 E wificond: Failed to get NL80211_STA_INFO_CNAHLOAD
12-23 13:01:59.785   744   744 E wificond: Failed to get NL80211_STA_INFO_CNAHLOAD
12-23 13:02:02.804   744   744 E wificond: Failed to get NL80211_STA_INFO_CNAHLOAD
12-23 13:02:03.610   493   633 W SocketListener: sending broadcast to Pid = 683, Uid = 1000 
12-23 13:02:03.611   683  1393 I chatty  : uid=1000(system) NetdConnector expire 10 lines
12-23 13:02:05.827   744   744 E wificond: Failed to get NL80211_STA_INFO_CNAHLOAD
12-23 13:02:14.894   744   744 E wificond: Failed to get NL80211_STA_INFO_CNAHLOAD
12-23 13:02:17.916   744   744 E wificond: Failed to get NL80211_STA_INFO_CNAHLOAD
12-23 13:02:30.109   744   744 I chatty  : uid=1010(wifi) /system/bin/wificond identical 17 lines
12-23 13:02:30.116   744   744 E wificond: Failed to get NL80211_STA_INFO_CNAHLOAD
12-23 13:02:30.445   683 10397 I chatty  : uid=1000(system) Binder:683_20 expire 14 lines
12-23 13:02:33.022   744   744 E wificond: Failed to get NL80211_STA_INFO_CNAHLOAD
12-23 13:02:36.044   744   744 E wificond: Failed to get NL80211_STA_INFO_CNAHLOAD
12-23 13:02:39.064   744   744 E wificond: Failed to get NL80211_STA_INFO_CNAHLOAD
12-23 13:02:40.991   493   633 W SocketListener: sending broadcast to Pid = 683, Uid = 1000 
12-23 13:02:41.010   683  1390 I chatty  : uid=1000(system) Binder:683_3 expire 8 lines
12-23 13:02:42.087   744   744 E wificond: Failed to get NL80211_STA_INFO_CNAHLOAD
12-23 13:02:57.195   744   744 E wificond: Failed to get NL80211_STA_INFO_CNAHLOAD
12-23 13:03:00.224   744   744 E wificond: Failed to get NL80211_STA_INFO_CNAHLOAD
12-23 13:03:02.140   744   744 E wificond: Failed to get NL80211_STA_INFO_CNAHLOAD
12-23 13:03:02.148   744   744 I chatty  : uid=1010(wifi) /system/bin/wificond identical 10 lines
12-23 13:03:03.245   744   744 E wificond: Failed to get NL80211_STA_INFO_CNAHLOAD
12-23 13:03:06.274   744   744 E wificond: Failed to get NL80211_STA_INFO_CNAHLOAD
12-23 13:03:09.299   744   744 E wificond: Failed to get NL80211_STA_INFO_CNAHLOAD
12-23 13:03:09.525   493   633 W SocketListener: sending broadcast to Pid = 683, Uid = 1000 
12-23 13:03:09.539   683 10397 I chatty  : uid=1000(system) Binder:683_20 expire 8 lines
12-23 13:03:10.148   744   744 E wificond: Failed to get NL80211_STA_INFO_CNAHLOAD
12-23 13:03:10.157   744   744 E wificond: Failed to get NL80211_STA_INFO_CNAHLOAD
12-23 13:03:12.322   744   744 E wificond: Failed to get NL80211_STA_INFO_CNAHLOAD
12-23 13:03:18.367   744   744 E wificond: Failed to get NL80211_STA_INFO_CNAHLOAD
12-23 13:03:19.275   683  1150 I chatty  : uid=1000(system) ThirdAppHandler expire 2 lines
12-23 13:03:19.620 29524 29524 D ActivityThread: ActivityThread,attachApplication
12-23 13:03:21.224   683   683 I chatty  : uid=1000 system_server expire 17 lines
12-23 13:03:21.388   744   744 E wificond: Failed to get NL80211_STA_INFO_CNAHLOAD
12-23 13:03:24.192   683  1884 I chatty  : uid=1000(system) Binder:683_5 expire 18 lines
12-23 13:03:24.406   744   744 E wificond: Failed to get NL80211_STA_INFO_CNAHLOAD
12-23 13:03:34.175   744   744 E wificond: Failed to get NL80211_STA_INFO_CNAHLOAD
12-23 13:03:36.484   744   744 E wificond: Failed to get NL80211_STA_INFO_CNAHLOAD
12-23 13:03:39.506   744   744 E wificond: Failed to get NL80211_STA_INFO_CNAHLOAD
12-23 13:03:42.184   744   744 I chatty  : uid=1010(wifi) /system/bin/wificond identical 10 lines
12-23 13:03:42.525   744   744 E wificond: Failed to get NL80211_STA_INFO_CNAHLOAD
12-23 13:03:43.819   683  1006 I chatty  : uid=1000(system) Binder:683_2 expire 9 lines
12-23 13:03:45.547   744   744 E wificond: Failed to get NL80211_STA_INFO_CNAHLOAD
12-23 13:03:58.195   744   744 E wificond: Failed to get NL80211_STA_INFO_CNAHLOAD
12-23 13:04:00.658   744   744 E wificond: Failed to get NL80211_STA_INFO_CNAHLOAD
12-23 13:04:03.679   744   744 E wificond: Failed to get NL80211_STA_INFO_CNAHLOAD
12-23 13:04:06.196   744   744 E wificond: Failed to get NL80211_STA_INFO_CNAHLOAD
12-23 13:04:06.697   744   744 E wificond: Failed to get NL80211_STA_INFO_CNAHLOAD
12-23 13:04:09.717   744   744 E wificond: Failed to get NL80211_STA_INFO_CNAHLOAD
12-23 13:04:11.104   493   633 W SocketListener: sending broadcast to Pid = 683, Uid = 1000 
12-23 13:04:11.124   683  1884 I chatty  : uid=1000(system) Binder:683_5 expire 2 lines
12-23 13:04:12.738   744   744 E wificond: Failed to get NL80211_STA_INFO_CNAHLOAD
12-23 13:04:15.764   744   744 I chatty  : uid=1010(wifi) /system/bin/wificond identical 10 lines
12-23 13:04:18.782   744   744 E wificond: Failed to get NL80211_STA_INFO_CNAHLOAD
12-23 13:04:21.697   493   633 W SocketListener: sending broadcast to Pid = 683, Uid = 1000 
12-23 13:04:21.795   744   744 E wificond: Failed to get NL80211_STA_INFO_CNAHLOAD
12-23 13:04:33.877   744   744 E wificond: Failed to get NL80211_STA_INFO_CNAHLOAD
12-23 13:04:36.898   744   744 E wificond: Failed to get NL80211_STA_INFO_CNAHLOAD
12-23 13:04:38.224   744   744 E wificond: Failed to get NL80211_STA_INFO_CNAHLOAD
12-23 13:04:48.995   744   744 I chatty  : uid=1010(wifi) /system/bin/wificond identical 10 lines
12-23 13:04:52.014   744   744 E wificond: Failed to get NL80211_STA_INFO_CNAHLOAD
12-23 13:04:52.309   683  1142 I chatty  : uid=1000(system) android.bg expire 9 lines
12-23 13:04:54.237   744   744 E wificond: Failed to get NL80211_STA_INFO_CNAHLOAD
12-23 13:04:55.035   744   744 E wificond: Failed to get NL80211_STA_INFO_CNAHLOAD
12-23 13:04:56.057   683   683 I chatty  : uid=1000 system_server expire 23 lines
12-23 13:04:58.058   744   744 E wificond: Failed to get NL80211_STA_INFO_CNAHLOAD
12-23 13:04:59.295   493   633 W SocketListener: sending broadcast to Pid = 683, Uid = 1000 
12-23 13:04:59.297   683  1393 I chatty  : uid=1000(system) NetdConnector expire 7 lines
12-23 13:04:59.302   683  1163 I chatty  : uid=1000(system) android.fg expire 2 lines
12-23 13:05:00.127   493   633 W SocketListener: sending broadcast to Pid = 683, Uid = 1000 
12-23 13:05:01.076   744   744 E wificond: Failed to get NL80211_STA_INFO_CNAHLOAD
12-23 13:05:04.099   744   744 E wificond: Failed to get NL80211_STA_INFO_CNAHLOAD
12-23 13:05:06.704   683  1403 I chatty  : uid=1000(system) IpManager.wlan0 expire 2 lines
12-23 13:05:06.816   683  1410 I chatty  : uid=1000(system) WifiP2pService expire 6 lines
12-23 13:05:06.824   683 26388 I chatty  : uid=1000(system) DhcpClient expire 7 lines
12-23 13:05:06.866   683  1413 I chatty  : uid=1000(system) ConnectivitySer expire 7 lines
12-23 13:05:06.881   744   744 E wificond: Failed to get NL80211_STA_INFO_CNAHLOAD
12-23 13:05:06.902   683   683 I chatty  : uid=1000 system_server expire 11 lines
12-23 13:05:06.909   683  1393 I chatty  : uid=1000(system) NetdConnector expire 11 lines
12-23 13:05:06.910   683  1413 I chatty  : uid=1000(system) ConnectivitySer expire 2 lines
12-23 13:05:06.944   683  1146 I chatty  : uid=1000(system) ActivityManager expire 10 lines
12-23 13:05:06.971 12219 12219 W ContextImpl: Calling a method in the system process without a qualified user: android.app.ContextImpl.startService:1656 android.content.ContextWrapper.startService:644 android.content.ContextWrapper.startService:644 com.android.settings.wifi.AccessPointConnectedReceiver.onReceive:28 android.app.ActivityThread.handleReceiver:3695 
12-23 13:05:07.117   744   744 E wificond: Failed to get NL80211_STA_INFO_CNAHLOAD
12-23 13:05:18.261   744   744 I chatty  : uid=1010(wifi) /system/bin/wificond identical 14 lines
12-23 13:05:19.209   744   744 E wificond: Failed to get NL80211_STA_INFO_CNAHLOAD
12-23 13:05:21.517   683  1390 I chatty  : uid=1000(system) Binder:683_3 expire 10 lines
12-23 13:05:22.228   744   744 E wificond: Failed to get NL80211_STA_INFO_CNAHLOAD
12-23 13:05:34.304   744   744 E wificond: Failed to get NL80211_STA_INFO_CNAHLOAD
12-23 13:05:34.906   683  1874 I chatty  : uid=1000(system) watchdog expire 10 lines
12-23 13:05:37.326   744   744 E wificond: Failed to get NL80211_STA_INFO_CNAHLOAD
12-23 13:05:39.449   683 10292 I chatty  : uid=1000(system) Binder:683_1E expire 10 lines
12-23 13:05:39.547   683  1966 I chatty  : uid=1000(system) Binder:683_8 expire 14 lines
12-23 13:05:40.349   744   744 E wificond: Failed to get NL80211_STA_INFO_CNAHLOAD
12-23 13:05:50.291   744   744 I chatty  : uid=1010(wifi) /system/bin/wificond identical 10 lines
12-23 13:05:50.302   744   744 E wificond: Failed to get NL80211_STA_INFO_CNAHLOAD
12-23 13:05:50.312   742   823 E /system/bin/storaged: pid_info get_pids failed
12-23 13:05:52.442   744   744 E wificond: Failed to get NL80211_STA_INFO_CNAHLOAD
12-23 13:05:54.558   493   633 W SocketListener: sending broadcast to Pid = 683, Uid = 1000 
12-23 13:05:54.564   683  1163 I chatty  : uid=1000(system) android.fg expire 10 lines
12-23 13:05:55.467   744   744 E wificond: Failed to get NL80211_STA_INFO_CNAHLOAD
12-23 13:05:58.485   744   744 E wificond: Failed to get NL80211_STA_INFO_CNAHLOAD
12-23 13:06:01.516   744   744 E wificond: Failed to get NL80211_STA_INFO_CNAHLOAD
12-23 13:06:04.540   744   744 E wificond: Failed to get NL80211_STA_INFO_CNAHLOAD
12-23 13:06:06.305   744   744 E wificond: Failed to get NL80211_STA_INFO_CNAHLOAD
12-23 13:06:10.587   744   744 E wificond: Failed to get NL80211_STA_INFO_CNAHLOAD
12-23 13:06:11.167   493   633 W SocketListener: sending broadcast to Pid = 683, Uid = 1000 
12-23 13:06:13.609   744   744 E wificond: Failed to get NL80211_STA_INFO_CNAHLOAD
12-23 13:06:22.671   744   744 I chatty  : uid=1010(wifi) /system/bin/wificond identical 11 lines
12-23 13:06:25.692   744   744 E wificond: Failed to get NL80211_STA_INFO_CNAHLOAD
12-23 13:06:26.238   493   633 W SocketListener: sending broadcast to Pid = 683, Uid = 1000 
12-23 13:06:28.715   744   744 E wificond: Failed to get NL80211_STA_INFO_CNAHLOAD
12-23 13:06:30.333   744   744 E wificond: Failed to get NL80211_STA_INFO_CNAHLOAD
12-23 13:06:31.738   744   744 E wificond: Failed to get NL80211_STA_INFO_CNAHLOAD
12-23 13:06:34.759   744   744 E wificond: Failed to get NL80211_STA_INFO_CNAHLOAD
12-23 13:06:37.218   493   633 W SocketListener: sending broadcast to Pid = 683, Uid = 1000 
12-23 13:06:37.779   744   744 E wificond: Failed to get NL80211_STA_INFO_CNAHLOAD
12-23 13:06:43.823   744   744 E wificond: Failed to get NL80211_STA_INFO_CNAHLOAD
12-23 13:06:46.343   744   744 E wificond: Failed to get NL80211_STA_INFO_CNAHLOAD
12-23 13:06:55.920   744   744 I chatty  : uid=1010(wifi) /system/bin/wificond identical 22 lines
12-23 13:06:58.943   744   744 E wificond: Failed to get NL80211_STA_INFO_CNAHLOAD
12-23 13:07:01.966   744   744 E wificond: Failed to get NL80211_STA_INFO_CNAHLOAD
12-23 13:07:02.360   744   744 E wificond: Failed to get NL80211_STA_INFO_CNAHLOAD
12-23 13:07:03.461   683  1876 I chatty  : uid=1000(system) LocationThread expire 7 lines
12-23 13:07:03.467   683 29650 I chatty  : uid=1000 system_server expire 2 lines
12-23 13:07:03.486   683 29651 I chatty  : uid=1000 system_server expire 1 line
12-23 13:07:03.511   683 10397 I chatty  : uid=1000(system) Binder:683_20 expire 1 line
12-23 13:07:03.531   751   751 D libgps  : proxy_gps_inject_location: called.
12-23 13:07:03.678   683 29655 I chatty  : uid=1000 system_server expire 2 lines
12-23 13:07:03.694   683 29656 I chatty  : uid=1000 system_server expire 1 line
12-23 13:07:03.696   751   751 D libgps  : proxy_gps_inject_location: called.
12-23 13:07:04.985   744   744 E wificond: Failed to get NL80211_STA_INFO_CNAHLOAD
12-23 13:07:08.007   744   744 E wificond: Failed to get NL80211_STA_INFO_CNAHLOAD
12-23 13:07:09.375   683 10292 I chatty  : uid=1000(system) Binder:683_1E expire 16 lines
12-23 13:07:10.369   744   744 E wificond: Failed to get NL80211_STA_INFO_CNAHLOAD
12-23 13:07:34.396   744   744 E wificond: Failed to get NL80211_STA_INFO_CNAHLOAD
12-23 13:07:35.222   744   744 E wificond: Failed to get NL80211_STA_INFO_CNAHLOAD
12-23 13:07:38.248   744   744 E wificond: Failed to get NL80211_STA_INFO_CNAHLOAD
12-23 13:07:38.301   493   633 W SocketListener: sending broadcast to Pid = 683, Uid = 1000 
12-23 13:07:38.303   683  1393 I chatty  : uid=1000(system) NetdConnector expire 10 lines
12-23 13:07:38.314   683 10292 I chatty  : uid=1000(system) Binder:683_1E expire 11 lines
12-23 13:07:41.270   744   744 E wificond: Failed to get NL80211_STA_INFO_CNAHLOAD
12-23 13:07:41.276   493   633 W SocketListener: sending broadcast to Pid = 683, Uid = 1000 
12-23 13:07:41.291   683  1945 I chatty  : uid=1000(system) Binder:683_7 expire 10 lines
12-23 13:07:42.393   744   744 E wificond: Failed to get NL80211_STA_INFO_CNAHLOAD
12-23 13:07:58.412   744   744 I chatty  : uid=1010(wifi) /system/bin/wificond identical 12 lines
12-23 13:07:59.411   744   744 E wificond: Failed to get NL80211_STA_INFO_CNAHLOAD
12-23 13:08:02.438   744   744 E wificond: Failed to get NL80211_STA_INFO_CNAHLOAD
12-23 13:08:05.464   744   744 E wificond: Failed to get NL80211_STA_INFO_CNAHLOAD
12-23 13:08:08.485   744   744 E wificond: Failed to get NL80211_STA_INFO_CNAHLOAD
