12-23 13:01:29.562   744   744 E wificond: Failed to get NL80211_STA_INFO_CNAHLOAD
12-23 13:01:34.063   744   744 I chatty  : uid=1010(wifi) /system/bin/wificond identical 14 lines
12-23 13:01:34.069   744   744 E wificond: Failed to get NL80211_STA_INFO_CNAHLOAD
12-23 13:01:35.604   744   744 E wificond: Failed to get NL80211_STA_INFO_CNAHLOAD
12-23 13:01:38.625   744   744 E wificond: Failed to get NL80211_STA_INFO_CNAHLOAD
12-23 13:01:40.856   493   633 W SocketListener: sending broadcast to Pid = 683, Uid = 1000 
12-23 13:01:41.649   744   744 E wificond: Failed to get NL80211_STA_INFO_CNAHLOAD
12-23 13:01:42.088   744   744 E wificond: Failed to get NL80211_STA_INFO_CNAHLOAD
12-23 13:01:42.100   744   744 E wificond: Failed to get NL80211_STA_INFO_CNAHLOAD
12-23 13:01:44.675   744   744 E wificond: Failed to get NL80211_STA_INFO_CNAHLOAD
12-23 13:01:56.765   744   744 E wificond: Failed to get NL80211_STA_INFO_CNAHLOAD
12-23 13:01:57.151   493   633 W SocketListener: sending broadcast to Pid = 683, Uid = 1000 
12-23 13:01:58.082   744   744 E wificond: Failed to get NL80211_STA_INFO_CNAHLOAD
12-23 13:01:59.785   744   744 E wificond: Failed to get NL80211_STA_INFO_CNAHLOAD
12-23 13:02:02.804   744   744 E wificond: Failed to get NL80211_STA_INFO_CNAHLOAD
12-23 13:02:03.610   493   633 W SocketListener: sending broadcast to Pid = 683, Uid = 1000 
12-23 13:02:03.611   683  1393 I chatty  : uid=1000(system) NetdConnector expire 10 lines
12-23 13:02:05.827   744   744 E wificond: Failed to get NL80211_STA_INFO_CNAHLOAD
12-23 13:02:14.894   744   744 E wificond: Failed to get NL80211_STA_INFO_CNAHLOAD
12-23 13:02:17.916   744   744 E wificond: Failed to get NL80211_STA_INFO_CNAHLOAD
12-23 13:02:30.109   744   744 I chatty  : uid=1010(wifi) /system/bin/wificond identical 17 lines
12-23 13:02:30.116   744   744 E wificond: Failed to get NL80211_STA_INFO_CNAHLOAD
12-23 13:02:30.445   683 10397 I chatty  : uid=1000(system) Binder:683_20 expire 14 lines
12-23 13:02:33.022   744   744 E wificond: Failed to get NL80211_STA_INFO_CNAHLOAD
12-23 13:02:36.044   744   744 E wificond: Failed to get NL80211_STA_INFO_CNAHLOAD
12-23 13:02:39.064   744   744 E wificond: Failed to get NL80211_STA_INFO_CNAHLOAD
12-23 13:02:40.991   493   633 W SocketListener: sending broadcast to Pid = 683, Uid = 1000 
12-23 13:02:41.010   683  1390 I chatty  : uid=1000(system) Binder:683_3 expire 8 lines
12-23 13:02:42.087   744   744 E wificond: Failed to get NL80211_STA_INFO_CNAHLOAD
12-23 13:02:57.195   744   744 E wificond: Failed to get NL80211_STA_INFO_CNAHLOAD
12-23 13:03:00.224   744   744 E wificond: Failed to get NL80211_STA_INFO_CNAHLOAD
12-23 13:03:02.140   744   744 E wificond: Failed to get NL80211_STA_INFO_CNAHLOAD
12-23 13:03:02.148   744   744 I chatty  : uid=1010(wifi) /system/bin/wificond identical 10 lines
12-23 13:03:03.245   744   744 E wificond: Failed to get NL80211_STA_INFO_CNAHLOAD
12-23 13:03:06.274   744   744 E wificond: Failed to get NL80211_STA_INFO_CNAHLOAD
12-23 13:03:09.299   744   744 E wificond: Failed to get NL80211_STA_INFO_CNAHLOAD
12-23 13:03:09.525   493   633 W SocketListener: sending broadcast to Pid = 683, Uid = 1000 
12-23 13:03:09.539   683 10397 I chatty  : uid=1000(system) Binder:683_20 expire 8 lines
12-23 13:03:10.148   744   744 E wificond: Failed to get NL80211_STA_INFO_CNAHLOAD
12-23 13:03:10.157   744   744 E wificond: Failed to get NL80211_STA_INFO_CNAHLOAD
12-23 13:03:12.322   744   744 E wificond: Failed to get NL80211_STA_INFO_CNAHLOAD
12-23 13:03:18.367   744   744 E wificond: Failed to get NL80211_STA_INFO_CNAHLOAD
12-23 13:03:19.275   683  1150 I chatty  : uid=1000(system) ThirdAppHandler expire 2 lines
12-23 13:03:19.620 29524 29524 D ActivityThread: ActivityThread,attachApplication
12-23 13:03:21.224   683   683 I chatty  : uid=1000 system_server expire 17 lines
12-23 13:03:21.388   744   744 E wificond: Failed to get NL80211_STA_INFO_CNAHLOAD
12-23 13:03:24.192   683  1884 I chatty  : uid=1000(system) Binder:683_5 expire 18 lines
12-23 13:03:24.406   744   744 E wificond: Failed to get NL80211_STA_INFO_CNAHLOAD
12-23 13:03:34.175   744   744 E wificond: Failed to get NL80211_STA_INFO_CNAHLOAD
12-23 13:03:36.484   744   744 E wificond: Failed to get NL80211_STA_INFO_CNAHLOAD
12-23 13:03:39.506   744   744 E wificond: Failed to get NL80211_STA_INFO_CNAHLOAD
12-23 13:03:42.184   744   744 I chatty  : uid=1010(wifi) /system/bin/wificond identical 10 lines
12-23 13:03:42.525   744   744 E wificond: Failed to get NL80211_STA_INFO_CNAHLOAD
12-23 13:03:43.819   683  1006 I chatty  : uid=1000(system) Binder:683_2 expire 9 lines
12-23 13:03:45.547   744   744 E wificond: Failed to get NL80211_STA_INFO_CNAHLOAD
12-23 13:03:58.195   744   744 E wificond: Failed to get NL80211_STA_INFO_CNAHLOAD
12-23 13:04:00.658   744   744 E wificond: Failed to get NL80211_STA_INFO_CNAHLOAD
12-23 13:04:03.679   744   744 E wificond: Failed to get NL80211_STA_INFO_CNAHLOAD
12-23 13:04:06.196   744   744 E wificond: Failed to get NL80211_STA_INFO_CNAHLOAD
12-23 13:04:06.697   744   744 E wificond: Failed to get NL80211_STA_INFO_CNAHLOAD
12-23 13:04:09.717   744   744 E wificond: Failed to get NL80211_STA_INFO_CNAHLOAD
12-23 13:04:11.104   493   633 W SocketListener: sending broadcast to Pid = 683, Uid = 1000 
12-23 13:04:11.124   683  1884 I chatty  : uid=1000(system) Binder:683_5 expire 2 lines
12-23 13:04:12.738   744   744 E wificond: Failed to get NL80211_STA_INFO_CNAHLOAD
12-23 13:04:15.764   744   744 I chatty  : uid=1010(wifi) /system/bin/wificond identical 10 lines
12-23 13:04:18.782   744   744 E wificond: Failed to get NL80211_STA_INFO_CNAHLOAD
12-23 13:04:21.697   493   633 W SocketListener: sending broadcast to Pid = 683, Uid = 1000 
12-23 13:04:21.795   744   744 E wificond: Failed to get NL80211_STA_INFO_CNAHLOAD
12-23 13:04:33.877   744   744 E wificond: Failed to get NL80211_STA_INFO_CNAHLOAD
12-23 13:04:36.898   744   744 E wificond: Failed to get NL80211_STA_INFO_CNAHLOAD
12-23 13:04:38.224   744   744 E wificond: Failed to get NL80211_STA_INFO_CNAHLOAD
12-23 13:04:48.995   744   744 I chatty  : uid=1010(wifi) /system/bin/wificond identical 10 lines
12-23 13:04:52.014   744   744 E wificond: Failed to get NL80211_STA_INFO_CNAHLOAD
12-23 13:04:52.309   683  1142 I chatty  : uid=1000(system) android.bg expire 9 lines
12-23 13:04:54.237   744   744 E wificond: Failed to get NL80211_STA_INFO_CNAHLOAD
12-23 13:04:55.035   744   744 E wificond: Failed to get NL80211_STA_INFO_CNAHLOAD
12-23 13:04:56.057   683   683 I chatty  : uid=1000 system_server expire 23 lines
12-23 13:04:58.058   744   744 E wificond: Failed to get NL80211_STA_INFO_CNAHLOAD
12-23 13:04:59.295   493   633 W SocketListener: sending broadcast to Pid = 683, Uid = 1000 
12-23 13:04:59.297   683  1393 I chatty  : uid=1000(system) NetdConnector expire 7 lines
12-23 13:04:59.302   683  1163 I chatty  : uid=1000(system) android.fg expire 2 lines
12-23 13:05:00.127   493   633 W SocketListener: sending broadcast to Pid = 683, Uid = 1000 
12-23 13:05:01.076   744   744 E wificond: Failed to get NL80211_STA_INFO_CNAHLOAD
12-23 13:05:04.099   744   744 E wificond: Failed to get NL80211_STA_INFO_CNAHLOAD
12-23 13:05:06.704   683  1403 I chatty  : uid=1000(system) IpManager.wlan0 expire 2 lines
12-23 13:05:06.816   683  1410 I chatty  : uid=1000(system) WifiP2pService expire 6 lines
12-23 13:05:06.824   683 26388 I chatty  : uid=1000(system) DhcpClient expire 7 lines
12-23 13:05:06.866   683  1413 I chatty  : uid=1000(system) ConnectivitySer expire 7 lines
12-23 13:05:06.881   744   744 E wificond: Failed to get NL80211_STA_INFO_CNAHLOAD
12-23 13:05:06.902   683   683 I chatty  : uid=1000 system_server expire 11 lines
12-23 13:05:06.909   683  1393 I chatty  : uid=1000(system) NetdConnector expire 11 lines
12-23 13:05:06.910   683  1413 I chatty  : uid=1000(system) ConnectivitySer expire 2 lines
12-23 13:05:06.944   683  1146 I chatty  : uid=1000(system) ActivityManager expire 10 lines
12-23 13:05:06.971 12219 12219 W ContextImpl: Calling a method in the system process without a qualified user: android.app.ContextImpl.startService:1656 android.content.ContextWrapper.startService:644 android.content.ContextWrapper.startService:644 com.android.settings.wifi.AccessPointConnectedReceiver.onReceive:28 android.app.ActivityThread.handleReceiver:3695 
12-23 13:05:07.117   744   744 E wificond: Failed to get NL80211_STA_INFO_CNAHLOAD
12-23 13:05:18.261   744   744 I chatty  : uid=1010(wifi) /system/bin/wificond identical 14 lines
12-23 13:05:19.209   744   744 E wificond: Failed to get NL80211_STA_INFO_CNAHLOAD
12-23 13:05:21.517   683  1390 I chatty  : uid=1000(system) Binder:683_3 expire 10 lines
12-23 13:05:22.228   744   744 E wificond: Failed to get NL80211_STA_INFO_CNAHLOAD
12-23 13:05:34.304   744   744 E wificond: Failed to get NL80211_STA_INFO_CNAHLOAD
12-23 13:05:34.906   683  1874 I chatty  : uid=1000(system) watchdog expire 10 lines
12-23 13:05:37.326   744   744 E wificond: Failed to get NL80211_STA_INFO_CNAHLOAD
12-23 13:05:39.449   683 10292 I chatty  : uid=1000(system) Binder:683_1E expire 10 lines
12-23 13:05:39.547   683  1966 I chatty  : uid=1000(system) Binder:683_8 expire 14 lines
12-23 13:05:40.349   744   744 E wificond: Failed to get NL80211_STA_INFO_CNAHLOAD
12-23 13:05:50.291   744   744 I chatty  : uid=1010(wifi) /system/bin/wificond identical 10 lines
12-23 13:05:50.302   744   744 E wificond: Failed to get NL80211_STA_INFO_CNAHLOAD
12-23 13:05:50.312   742   823 E /system/bin/storaged: pid_info get_pids failed
12-23 13:05:52.442   744   744 E wificond: Failed to get NL80211_STA_INFO_CNAHLOAD
12-23 13:05:54.558   493   633 W SocketListener: sending broadcast to Pid = 683, Uid = 1000 
12-23 13:05:54.564   683  1163 I chatty  : uid=1000(system) android.fg expire 10 lines
12-23 13:05:55.467   744   744 E wificond: Failed to get NL80211_STA_INFO_CNAHLOAD
12-23 13:05:58.485   744   744 E wificond: Failed to get NL80211_STA_INFO_CNAHLOAD
12-23 13:06:01.516   744   744 E wificond: Failed to get NL80211_STA_INFO_CNAHLOAD
12-23 13:06:04.540   744   744 E wificond: Failed to get NL80211_STA_INFO_CNAHLOAD
12-23 13:06:06.305   744   744 E wificond: Failed to get NL80211_STA_INFO_CNAHLOAD
12-23 13:06:10.587   744   744 E wificond: Failed to get NL80211_STA_INFO_CNAHLOAD
12-23 13:06:11.167   493   633 W SocketListener: sending broadcast to Pid = 683, Uid = 1000 
12-23 13:06:13.609   744   744 E wificond: Failed to get NL80211_STA_INFO_CNAHLOAD
12-23 13:06:22.671   744   744 I chatty  : uid=1010(wifi) /system/bin/wificond identical 11 lines
12-23 13:06:25.692   744   744 E wificond: Failed to get NL80211_STA_INFO_CNAHLOAD
12-23 13:06:26.238   493   633 W SocketListener: sending broadcast to Pid = 683, Uid = 1000 
12-23 13:06:28.715   744   744 E wificond: Failed to get NL80211_STA_INFO_CNAHLOAD
12-23 13:06:30.333   744   744 E wificond: Failed to get NL80211_STA_INFO_CNAHLOAD
12-23 13:06:31.738   744   744 E wificond: Failed to get NL80211_STA_INFO_CNAHLOAD
12-23 13:06:34.759   744   744 E wificond: Failed to get NL80211_STA_INFO_CNAHLOAD
12-23 13:06:37.218   493   633 W SocketListener: sending broadcast to Pid = 683, Uid = 1000 
12-23 13:06:37.779   744   744 E wificond: Failed to get NL80211_STA_INFO_CNAHLOAD
12-23 13:06:43.823   744   744 E wificond: Failed to get NL80211_STA_INFO_CNAHLOAD
12-23 13:06:46.343   744   744 E wificond: Failed to get NL80211_STA_INFO_CNAHLOAD
12-23 13:06:55.920   744   744 I chatty  : uid=1010(wifi) /system/bin/wificond identical 22 lines
12-23 13:06:58.943   744   744 E wificond: Failed to get NL80211_STA_INFO_CNAHLOAD
12-23 13:07:01.966   744   744 E wificond: Failed to get NL80211_STA_INFO_CNAHLOAD
12-23 13:07:02.360   744   744 E wificond: Failed to get NL80211_STA_INFO_CNAHLOAD
12-23 13:07:03.461   683  1876 I chatty  : uid=1000(system) LocationThread expire 7 lines
12-23 13:07:03.467   683 29650 I chatty  : uid=1000 system_server expire 2 lines
12-23 13:07:03.486   683 29651 I chatty  : uid=1000 system_server expire 1 line
12-23 13:07:03.511   683 10397 I chatty  : uid=1000(system) Binder:683_20 expire 1 line
12-23 13:07:03.531   751   751 D libgps  : proxy_gps_inject_location: called.
12-23 13:07:03.678   683 29655 I chatty  : uid=1000 system_server expire 2 lines
12-23 13:07:03.694   683 29656 I chatty  : uid=1000 system_server expire 1 line
12-23 13:07:03.696   751   751 D libgps  : proxy_gps_inject_location: called.
12-23 13:07:04.985   744   744 E wificond: Failed to get NL80211_STA_INFO_CNAHLOAD
12-23 13:07:08.007   744   744 E wificond: Failed to get NL80211_STA_INFO_CNAHLOAD
12-23 13:07:09.375   683 10292 I chatty  : uid=1000(system) Binder:683_1E expire 16 lines
12-23 13:07:10.369   744   744 E wificond: Failed to get NL80211_STA_INFO_CNAHLOAD
12-23 13:07:34.396   744   744 E wificond: Failed to get NL80211_STA_INFO_CNAHLOAD
12-23 13:07:35.222   744   744 E wificond: Failed to get NL80211_STA_INFO_CNAHLOAD
12-23 13:07:38.248   744   744 E wificond: Failed to get NL80211_STA_INFO_CNAHLOAD
12-23 13:07:38.301   493   633 W SocketListener: sending broadcast to Pid = 683, Uid = 1000 
12-23 13:07:38.303   683  1393 I chatty  : uid=1000(system) NetdConnector expire 10 lines
12-23 13:07:38.314   683 10292 I chatty  : uid=1000(system) Binder:683_1E expire 11 lines
12-23 13:07:41.270   744   744 E wificond: Failed to get NL80211_STA_INFO_CNAHLOAD
12-23 13:07:41.276   493   633 W SocketListener: sending broadcast to Pid = 683, Uid = 1000 
12-23 13:07:41.291   683  1945 I chatty  : uid=1000(system) Binder:683_7 expire 10 lines
12-23 13:07:42.393   744   744 E wificond: Failed to get NL80211_STA_INFO_CNAHLOAD
12-23 13:07:58.412   744   744 I chatty  : uid=1010(wifi) /system/bin/wificond identical 12 lines
12-23 13:07:59.411   744   744 E wificond: Failed to get NL80211_STA_INFO_CNAHLOAD
12-23 13:08:02.438   744   744 E wificond: Failed to get NL80211_STA_INFO_CNAHLOAD
12-23 13:08:05.464   744   744 E wificond: Failed to get NL80211_STA_INFO_CNAHLOAD
12-23 13:08:08.485   744   744 E wificond: Failed to get NL80211_STA_INFO_CNAHLOAD
12-23 13:08:11.506   744   744 E wificond: Failed to get NL80211_STA_INFO_CNAHLOAD
12-23 13:08:14.427   744   744 E wificond: Failed to get NL80211_STA_INFO_CNAHLOAD
12-23 13:08:22.437   744   744 I chatty  : uid=1010(wifi) /system/bin/wificond identical 10 lines
12-23 13:08:23.596   744   744 E wificond: Failed to get NL80211_STA_INFO_CNAHLOAD
12-23 13:08:26.613   744   744 E wificond: Failed to get NL80211_STA_INFO_CNAHLOAD
12-23 13:08:28.157   683  1966 I chatty  : uid=1000(system) Binder:683_8 expire 10 lines
12-23 13:08:29.626   744   744 E wificond: Failed to get NL80211_STA_INFO_CNAHLOAD
12-23 13:08:32.653   744   744 E wificond: Failed to get NL80211_STA_INFO_CNAHLOAD
12-23 13:08:35.670   744   744 E wificond: Failed to get NL80211_STA_INFO_CNAHLOAD
12-23 13:08:38.689   744   744 E wificond: Failed to get NL80211_STA_INFO_CNAHLOAD
12-23 13:08:41.351   683   683 I chatty  : uid=1000 system_server expire 11 lines
12-23 13:08:41.710   744   744 E wificond: Failed to get NL80211_STA_INFO_CNAHLOAD
12-23 13:08:44.729   744   744 E wificond: Failed to get NL80211_STA_INFO_CNAHLOAD
12-23 13:08:44.737   683  1148 I chatty  : uid=1000(system) android.ui expire 26 lines
12-23 13:08:44.831   493   633 W SocketListener: sending broadcast to Pid = 683, Uid = 1000 
12-23 13:08:46.455   744   744 E wificond: Failed to get NL80211_STA_INFO_CNAHLOAD
12-23 13:08:46.460   744   744 I chatty  : uid=1010(wifi) /system/bin/wificond identical 18 lines
12-23 13:08:47.751   744   744 E wificond: Failed to get NL80211_STA_INFO_CNAHLOAD
12-23 13:08:50.773   744   744 E wificond: Failed to get NL80211_STA_INFO_CNAHLOAD
12-23 13:08:59.835   744   744 E wificond: Failed to get NL80211_STA_INFO_CNAHLOAD
12-23 13:09:02.472   744   744 E wificond: Failed to get NL80211_STA_INFO_CNAHLOAD
12-23 13:09:02.852   744   744 E wificond: Failed to get NL80211_STA_INFO_CNAHLOAD
12-23 13:09:05.872   744   744 E wificond: Failed to get NL80211_STA_INFO_CNAHLOAD
12-23 13:09:08.892   744   744 E wificond: Failed to get NL80211_STA_INFO_CNAHLOAD
12-23 13:09:10.139   493   633 W SocketListener: sending broadcast to Pid = 683, Uid = 1000 
12-23 13:09:10.476   744   744 E wificond: Failed to get NL80211_STA_INFO_CNAHLOAD
12-23 13:09:14.941   744   744 E wificond: Failed to get NL80211_STA_INFO_CNAHLOAD
12-23 13:09:16.454   683  1352 I chatty  : uid=1000(system) UEventObserver expire 2 lines
12-23 13:09:16.484   683  1152 I chatty  : uid=1000(system) batterystats-sy expire 2 lines
12-23 13:09:16.579   683  1146 I chatty  : uid=1000(system) ActivityManager expire 3 lines
12-23 13:09:17.963   744   744 E wificond: Failed to get NL80211_STA_INFO_CNAHLOAD
12-23 13:09:34.512   744   744 E wificond: Failed to get NL80211_STA_INFO_CNAHLOAD
12-23 13:09:36.092   744   744 E wificond: Failed to get NL80211_STA_INFO_CNAHLOAD
12-23 13:09:39.115   744   744 E wificond: Failed to get NL80211_STA_INFO_CNAHLOAD
12-23 13:09:39.168   493   633 W SocketListener: sending broadcast to Pid = 683, Uid = 1000 
12-23 13:09:42.137   744   744 E wificond: Failed to get NL80211_STA_INFO_CNAHLOAD
12-23 13:09:51.200   744   744 I chatty  : uid=1010(wifi) /system/bin/wificond identical 13 lines
12-23 13:09:54.223   744   744 E wificond: Failed to get NL80211_STA_INFO_CNAHLOAD
12-23 13:09:56.427   493   633 W SocketListener: sending broadcast to Pid = 683, Uid = 1000 
12-23 13:09:56.430   683  1393 I chatty  : uid=1000(system) NetdConnector expire 10 lines
12-23 13:09:56.446   683  1945 I chatty  : uid=1000(system) Binder:683_7 expire 18 lines
12-23 13:09:57.239   744   744 E wificond: Failed to get NL80211_STA_INFO_CNAHLOAD
12-23 13:09:58.531   744   744 E wificond: Failed to get NL80211_STA_INFO_CNAHLOAD
12-23 13:10:00.263   744   744 E wificond: Failed to get NL80211_STA_INFO_CNAHLOAD
12-23 13:10:03.286   744   744 E wificond: Failed to get NL80211_STA_INFO_CNAHLOAD
12-23 13:10:06.312   744   744 E wificond: Failed to get NL80211_STA_INFO_CNAHLOAD
12-23 13:10:14.548   744   744 E wificond: Failed to get NL80211_STA_INFO_CNAHLOAD
12-23 13:10:15.069   493   633 W SocketListener: sending broadcast to Pid = 683, Uid = 1000 
12-23 13:10:15.080   683  1163 I chatty  : uid=1000(system) android.fg expire 4 lines
12-23 13:10:15.377   744   744 E wificond: Failed to get NL80211_STA_INFO_CNAHLOAD
12-23 13:10:17.165   493   633 W SocketListener: sending broadcast to Pid = 683, Uid = 1000 
12-23 13:10:18.399   744   744 E wificond: Failed to get NL80211_STA_INFO_CNAHLOAD
12-23 13:10:22.562   744   744 I chatty  : uid=1010(wifi) /system/bin/wificond identical 10 lines
12-23 13:10:24.439   744   744 E wificond: Failed to get NL80211_STA_INFO_CNAHLOAD
12-23 13:10:27.459   744   744 E wificond: Failed to get NL80211_STA_INFO_CNAHLOAD
12-23 13:10:30.481   744   744 E wificond: Failed to get NL80211_STA_INFO_CNAHLOAD
12-23 13:10:33.495   744   744 E wificond: Failed to get NL80211_STA_INFO_CNAHLOAD
12-23 13:10:34.928   683  1874 I chatty  : uid=1000(system) watchdog expire 3 lines
12-23 13:10:35.134   683  1390 I chatty  : uid=1000(system) Binder:683_3 expire 1 line
12-23 13:10:35.827   683 10292 I chatty  : uid=1000(system) Binder:683_1E expire 11 lines
12-23 13:10:36.520   744   744 E wificond: Failed to get NL80211_STA_INFO_CNAHLOAD
12-23 13:10:38.560   744   744 E wificond: Failed to get NL80211_STA_INFO_CNAHLOAD
12-23 13:10:38.567   744   744 E wificond: Failed to get NL80211_STA_INFO_CNAHLOAD
12-23 13:10:39.538   744   744 E wificond: Failed to get NL80211_STA_INFO_CNAHLOAD
12-23 13:10:45.587   744   744 E wificond: Failed to get NL80211_STA_INFO_CNAHLOAD
12-23 13:10:46.072   683  1945 I chatty  : uid=1000(system) Binder:683_7 expire 8 lines
12-23 13:10:46.572   744   744 E wificond: Failed to get NL80211_STA_INFO_CNAHLOAD
12-23 13:10:48.619   744   744 E wificond: Failed to get NL80211_STA_INFO_CNAHLOAD
12-23 13:10:51.640   744   744 E wificond: Failed to get NL80211_STA_INFO_CNAHLOAD
12-23 13:10:57.677   744   744 E wificond: Failed to get NL80211_STA_INFO_CNAHLOAD
12-23 13:11:00.699   744   744 E wificond: Failed to get NL80211_STA_INFO_CNAHLOAD
12-23 13:11:02.596   744   744 I chatty  : uid=1010(wifi) /system/bin/wificond identical 11 lines
12-23 13:11:03.718   744   744 E wificond: Failed to get NL80211_STA_INFO_CNAHLOAD
12-23 13:11:06.742   744   744 E wificond: Failed to get NL80211_STA_INFO_CNAHLOAD
12-23 13:11:10.605   744   744 E wificond: Failed to get NL80211_STA_INFO_CNAHLOAD
12-23 13:11:11.584   493   633 W SocketListener: sending broadcast to Pid = 683, Uid = 1000 
12-23 13:11:12.786   744   744 E wificond: Failed to get NL80211_STA_INFO_CNAHLOAD
12-23 13:11:14.654   493   633 W SocketListener: sending broadcast to Pid = 683, Uid = 1000 
12-23 13:11:15.811   744   744 E wificond: Failed to get NL80211_STA_INFO_CNAHLOAD
12-23 13:11:18.836   744   744 E wificond: Failed to get NL80211_STA_INFO_CNAHLOAD
12-23 13:11:21.520   683  1966 I chatty  : uid=1000(system) Binder:683_8 expire 2 lines
12-23 13:11:21.858   744   744 E wificond: Failed to get NL80211_STA_INFO_CNAHLOAD
12-23 13:11:24.884   744   744 E wificond: Failed to get NL80211_STA_INFO_CNAHLOAD
12-23 13:11:26.610   744   744 E wificond: Failed to get NL80211_STA_INFO_CNAHLOAD
12-23 13:11:34.624   744   744 E wificond: Failed to get NL80211_STA_INFO_CNAHLOAD
12-23 13:11:36.971   744   744 E wificond: Failed to get NL80211_STA_INFO_CNAHLOAD
12-23 13:11:39.998   744   744 E wificond: Failed to get NL80211_STA_INFO_CNAHLOAD
12-23 13:11:42.622   744   744 E wificond: Failed to get NL80211_STA_INFO_CNAHLOAD
12-23 13:11:52.091   744   744 I chatty  : uid=1010(wifi) /system/bin/wificond identical 7 lines
12-23 13:11:55.113   744   744 E wificond: Failed to get NL80211_STA_INFO_CNAHLOAD
12-23 13:11:57.255   683 10292 I chatty  : uid=1000(system) Binder:683_1E expire 11 lines
12-23 13:11:57.297   683  1945 I chatty  : uid=1000(system) Binder:683_7 expire 19 lines
12-23 13:11:58.137   744   744 E wificond: Failed to get NL80211_STA_INFO_CNAHLOAD
12-23 13:11:58.634   744   744 I chatty  : uid=1010(wifi) /system/bin/wificond identical 14 lines
12-23 13:11:58.642   744   744 E wificond: Failed to get NL80211_STA_INFO_CNAHLOAD
12-23 13:12:00.003   683   683 I chatty  : uid=1000 system_server expire 10 lines
12-23 13:12:01.155   744   744 E wificond: Failed to get NL80211_STA_INFO_CNAHLOAD
12-23 13:12:04.178   744   744 E wificond: Failed to get NL80211_STA_INFO_CNAHLOAD
12-23 13:12:04.935   683  1874 I chatty  : uid=1000(system) watchdog expire 10 lines
12-23 13:12:06.646   744   744 E wificond: Failed to get NL80211_STA_INFO_CNAHLOAD
12-23 13:12:14.654   744   744 E wificond: Failed to get NL80211_STA_INFO_CNAHLOAD
12-23 13:12:14.727   683  1146 I chatty  : uid=1000(system) ActivityManager expire 10 lines
12-23 13:12:16.258   744   744 E wificond: Failed to get NL80211_STA_INFO_CNAHLOAD
12-23 13:12:31.370   744   744 E wificond: Failed to get NL80211_STA_INFO_CNAHLOAD
12-23 13:12:31.711   493   633 W SocketListener: sending broadcast to Pid = 683, Uid = 1000 
12-23 13:12:31.713   683  1393 I chatty  : uid=1000(system) NetdConnector expire 6 lines
12-23 13:12:31.718   683  1163 I chatty  : uid=1000(system) android.fg expire 3 lines
12-23 13:12:32.241   493   633 W SocketListener: sending broadcast to Pid = 683, Uid = 1000 
12-23 13:12:34.387   744   744 E wificond: Failed to get NL80211_STA_INFO_CNAHLOAD
12-23 13:12:37.410   744   744 E wificond: Failed to get NL80211_STA_INFO_CNAHLOAD
12-23 13:12:46.677   744   744 I chatty  : uid=1010(wifi) /system/bin/wificond identical 10 lines
12-23 13:12:46.686   744   744 E wificond: Failed to get NL80211_STA_INFO_CNAHLOAD
12-23 13:12:46.768   683  1966 I chatty  : uid=1000(system) Binder:683_8 expire 10 lines
12-23 13:12:46.844   683  1390 I chatty  : uid=1000(system) Binder:683_3 expire 13 lines
12-23 13:12:49.493   744   744 E wificond: Failed to get NL80211_STA_INFO_CNAHLOAD
12-23 13:12:58.560   744   744 E wificond: Failed to get NL80211_STA_INFO_CNAHLOAD
12-23 13:13:01.582   744   744 E wificond: Failed to get NL80211_STA_INFO_CNAHLOAD
12-23 13:13:02.694   744   744 E wificond: Failed to get NL80211_STA_INFO_CNAHLOAD
12-23 13:13:02.701   744   744 E wificond: Failed to get NL80211_STA_INFO_CNAHLOAD
12-23 13:13:04.602   744   744 E wificond: Failed to get NL80211_STA_INFO_CNAHLOAD
12-23 13:13:07.623   744   744 E wificond: Failed to get NL80211_STA_INFO_CNAHLOAD
12-23 13:13:10.645   744   744 E wificond: Failed to get NL80211_STA_INFO_CNAHLOAD
12-23 13:13:10.701   744   744 I chatty  : uid=1010(wifi) /system/bin/wificond identical 16 lines
12-23 13:13:13.666   744   744 E wificond: Failed to get NL80211_STA_INFO_CNAHLOAD
12-23 13:13:16.687   744   744 E wificond: Failed to get NL80211_STA_INFO_CNAHLOAD
12-23 13:13:17.968   683  1966 I chatty  : uid=1000(system) Binder:683_8 expire 2 lines
12-23 13:13:17.998   683 10292 I chatty  : uid=1000(system) Binder:683_1E expire 10 lines
12-23 13:13:18.700   744   744 E wificond: Failed to get NL80211_STA_INFO_CNAHLOAD
12-23 13:13:19.708   744   744 E wificond: Failed to get NL80211_STA_INFO_CNAHLOAD
12-23 13:13:22.728   744   744 E wificond: Failed to get NL80211_STA_INFO_CNAHLOAD
12-23 13:13:25.751   744   744 E wificond: Failed to get NL80211_STA_INFO_CNAHLOAD
12-23 13:13:31.795   744   744 E wificond: Failed to get NL80211_STA_INFO_CNAHLOAD
12-23 13:13:34.714   744   744 E wificond: Failed to get NL80211_STA_INFO_CNAHLOAD
12-23 13:13:34.814   744   744 E wificond: Failed to get NL80211_STA_INFO_CNAHLOAD
12-23 13:13:37.833   744   744 E wificond: Failed to get NL80211_STA_INFO_CNAHLOAD
12-23 13:13:55.973   744   744 E wificond: Failed to get NL80211_STA_INFO_CNAHLOAD
12-23 13:13:56.902   683  1352 I chatty  : uid=1000(system) UEventObserver expire 2 lines
12-23 13:13:56.929   683  1152 I chatty  : uid=1000(system) batterystats-sy expire 2 lines
12-23 13:13:58.732   744   744 E wificond: Failed to get NL80211_STA_INFO_CNAHLOAD
12-23 13:13:58.738   744   744 I chatty  : uid=1010(wifi) /system/bin/wificond identical 10 lines
12-23 13:13:58.993   744   744 E wificond: Failed to get NL80211_STA_INFO_CNAHLOAD
12-23 13:14:00.004   683   683 I chatty  : uid=1000 system_server expire 11 lines
12-23 13:14:02.009   744   744 E wificond: Failed to get NL80211_STA_INFO_CNAHLOAD
12-23 13:14:05.032   744   744 E wificond: Failed to get NL80211_STA_INFO_CNAHLOAD
12-23 13:14:08.054   744   744 E wificond: Failed to get NL80211_STA_INFO_CNAHLOAD
12-23 13:14:11.077   744   744 E wificond: Failed to get NL80211_STA_INFO_CNAHLOAD
12-23 13:14:14.100   744   744 E wificond: Failed to get NL80211_STA_INFO_CNAHLOAD
12-23 13:14:26.185   744   744 E wificond: Failed to get NL80211_STA_INFO_CNAHLOAD
12-23 13:14:27.688   683  1146 I chatty  : uid=1000(system) ActivityManager expire 10 lines
12-23 13:14:29.207   744   744 E wificond: Failed to get NL80211_STA_INFO_CNAHLOAD
12-23 13:14:30.775   744   744 I chatty  : uid=1010(wifi) /system/bin/wificond identical 11 lines
12-23 13:14:32.228   744   744 E wificond: Failed to get NL80211_STA_INFO_CNAHLOAD
12-23 13:14:35.248   744   744 E wificond: Failed to get NL80211_STA_INFO_CNAHLOAD
12-23 13:14:47.336   744   744 E wificond: Failed to get NL80211_STA_INFO_CNAHLOAD
12-23 13:14:49.852   683  1945 I chatty  : uid=1000(system) Binder:683_7 expire 13 lines
12-23 13:14:50.361   744   744 E wificond: Failed to get NL80211_STA_INFO_CNAHLOAD
12-23 13:14:51.907   683 10397 I chatty  : uid=1000(system) Binder:683_20 expire 5 lines
12-23 13:14:53.385   744   744 E wificond: Failed to get NL80211_STA_INFO_CNAHLOAD
12-23 13:14:56.410   744   744 E wificond: Failed to get NL80211_STA_INFO_CNAHLOAD
12-23 13:14:59.434   744   744 E wificond: Failed to get NL80211_STA_INFO_CNAHLOAD
12-23 13:15:00.002   683   683 I chatty  : uid=1000 system_server expire 10 lines
12-23 13:15:02.458   744   744 E wificond: Failed to get NL80211_STA_INFO_CNAHLOAD
12-23 13:15:02.795   744   744 I chatty  : uid=1010(wifi) /system/bin/wificond identical 17 lines
12-23 13:15:02.802   744   744 E wificond: Failed to get NL80211_STA_INFO_CNAHLOAD
12-23 13:15:05.484   744   744 E wificond: Failed to get NL80211_STA_INFO_CNAHLOAD
12-23 13:15:34.824   744   744 E wificond: Failed to get NL80211_STA_INFO_CNAHLOAD
12-23 13:15:35.705   744   744 E wificond: Failed to get NL80211_STA_INFO_CNAHLOAD
12-23 13:15:53.837   744   744 I chatty  : uid=1010(wifi) /system/bin/wificond identical 10 lines
12-23 13:15:56.856   744   744 E wificond: Failed to get NL80211_STA_INFO_CNAHLOAD
12-23 13:15:58.841   744   744 E wificond: Failed to get NL80211_STA_INFO_CNAHLOAD
12-23 13:15:58.847   744   744 E wificond: Failed to get NL80211_STA_INFO_CNAHLOAD
12-23 13:15:59.871   744   744 E wificond: Failed to get NL80211_STA_INFO_CNAHLOAD
12-23 13:16:02.893   744   744 E wificond: Failed to get NL80211_STA_INFO_CNAHLOAD
12-23 13:16:05.913   744   744 E wificond: Failed to get NL80211_STA_INFO_CNAHLOAD
12-23 13:16:30.873   744   744 I chatty  : uid=1010(wifi) /system/bin/wificond identical 23 lines
12-23 13:16:30.881   744   744 E wificond: Failed to get NL80211_STA_INFO_CNAHLOAD
12-23 13:16:33.115   744   744 E wificond: Failed to get NL80211_STA_INFO_CNAHLOAD
12-23 13:16:36.139   744   744 E wificond: Failed to get NL80211_STA_INFO_CNAHLOAD
12-23 13:16:51.245   744   744 E wificond: Failed to get NL80211_STA_INFO_CNAHLOAD
12-23 13:16:51.728   683  1365 I chatty  : uid=1000(system) AlarmManager expire 1 line
12-23 13:16:54.182   683  7232 I chatty  : uid=1000(system) Binder:683_15 expire 13 lines
12-23 13:16:54.269   744   744 E wificond: Failed to get NL80211_STA_INFO_CNAHLOAD
12-23 13:16:54.317   683  1148 I chatty  : uid=1000(system) android.ui expire 26 lines
12-23 13:16:54.901   744   744 E wificond: Failed to get NL80211_STA_INFO_CNAHLOAD
12-23 13:16:54.911   744   744 E wificond: Failed to get NL80211_STA_INFO_CNAHLOAD
12-23 13:16:57.294   744   744 E wificond: Failed to get NL80211_STA_INFO_CNAHLOAD
12-23 13:17:00.005   683   683 I chatty  : uid=1000 system_server expire 7 lines
12-23 13:17:00.324   744   744 E wificond: Failed to get NL80211_STA_INFO_CNAHLOAD
12-23 13:17:02.917   744   744 I chatty  : uid=1010(wifi) /system/bin/wificond identical 14 lines
12-23 13:17:03.339   744   744 E wificond: Failed to get NL80211_STA_INFO_CNAHLOAD
12-23 13:17:03.350   683  1390 I chatty  : uid=1000(system) Binder:683_3 expire 11 lines
12-23 13:17:03.366   683  1408 I chatty  : uid=1000(system) WifiScanningSer expire 2 lines
12-23 13:17:04.958   683  1874 I chatty  : uid=1000(system) watchdog expire 3 lines
12-23 13:17:05.435   683  1876 I chatty  : uid=1000(system) LocationThread expire 7 lines
12-23 13:17:05.440   683 29868 I chatty  : uid=1000 system_server expire 2 lines
12-23 13:17:05.453   683 29869 I chatty  : uid=1000 system_server expire 1 line
12-23 13:17:05.485   751   751 D libgps  : proxy_gps_inject_location: called.
12-23 13:17:05.673   493   634 W SocketListener: sending broadcast to Pid = 683, Uid = 1000 
12-23 13:17:06.115   683 29877 I chatty  : uid=1000 system_server expire 2 lines
12-23 13:17:06.122   683 29878 I chatty  : uid=1000 system_server expire 1 line
12-23 13:17:06.137   751   751 D libgps  : proxy_gps_inject_location: called.
12-23 13:17:06.362   744   744 E wificond: Failed to get NL80211_STA_INFO_CNAHLOAD
12-23 13:17:09.386   744   744 E wificond: Failed to get NL80211_STA_INFO_CNAHLOAD
12-23 13:17:21.474   744   744 E wificond: Failed to get NL80211_STA_INFO_CNAHLOAD
12-23 13:17:24.503   744   744 E wificond: Failed to get NL80211_STA_INFO_CNAHLOAD
12-23 13:17:26.074   683 10292 I chatty  : uid=1000(system) Binder:683_1E expire 1 line
12-23 13:17:26.928   744   744 E wificond: Failed to get NL80211_STA_INFO_CNAHLOAD
12-23 13:17:34.947   744   744 E wificond: Failed to get NL80211_STA_INFO_CNAHLOAD
12-23 13:17:36.589   744   744 E wificond: Failed to get NL80211_STA_INFO_CNAHLOAD
12-23 13:17:39.609   744   744 E wificond: Failed to get NL80211_STA_INFO_CNAHLOAD
12-23 13:17:42.631   744   744 E wificond: Failed to get NL80211_STA_INFO_CNAHLOAD
12-23 13:17:42.955   744   744 I chatty  : uid=1010(wifi) /system/bin/wificond identical 7 lines
12-23 13:17:45.652   744   744 E wificond: Failed to get NL80211_STA_INFO_CNAHLOAD
12-23 13:17:48.666   744   744 E wificond: Failed to get NL80211_STA_INFO_CNAHLOAD
12-23 13:17:54.706   744   744 E wificond: Failed to get NL80211_STA_INFO_CNAHLOAD
12-23 13:17:57.172   683  1146 I chatty  : uid=1000(system) ActivityManager expire 5 lines
12-23 13:17:57.729   744   744 E wificond: Failed to get NL80211_STA_INFO_CNAHLOAD
12-23 13:17:58.966   744   744 E wificond: Failed to get NL80211_STA_INFO_CNAHLOAD
12-23 13:18:00.265   683  1990 I chatty  : uid=1000(system) Binder:683_A expire 4 lines
12-23 13:18:00.750   744   744 E wificond: Failed to get NL80211_STA_INFO_CNAHLOAD
12-23 13:18:03.774   744   744 E wificond: Failed to get NL80211_STA_INFO_CNAHLOAD
12-23 13:18:06.792   744   744 E wificond: Failed to get NL80211_STA_INFO_CNAHLOAD
12-23 13:18:06.974   744   744 E wificond: Failed to get NL80211_STA_INFO_CNAHLOAD
12-23 13:18:09.149   683  1390 I chatty  : uid=1000(system) Binder:683_3 expire 6 lines
12-23 13:18:09.191   683 10382 I chatty  : uid=1000(system) Binder:683_1F expire 5 lines
12-23 13:18:09.218   683  1884 I chatty  : uid=1000(system) Binder:683_5 expire 11 lines
12-23 13:18:09.807   744   744 E wificond: Failed to get NL80211_STA_INFO_CNAHLOAD
12-23 13:18:12.824   744   744 E wificond: Failed to get NL80211_STA_INFO_CNAHLOAD
12-23 13:18:14.411   683  1390 I chatty  : uid=1000(system) Binder:683_3 expire 7 lines
12-23 13:18:14.969   744   744 E wificond: Failed to get NL80211_STA_INFO_CNAHLOAD
12-23 13:18:22.972   744   744 I chatty  : uid=1010(wifi) /system/bin/wificond identical 11 lines
12-23 13:18:22.982   744   744 E wificond: Failed to get NL80211_STA_INFO_CNAHLOAD
12-23 13:18:24.281   683  1884 I chatty  : uid=1000(system) Binder:683_5 expire 12 lines
12-23 13:18:24.916   744   744 E wificond: Failed to get NL80211_STA_INFO_CNAHLOAD
12-23 13:18:33.980   744   744 E wificond: Failed to get NL80211_STA_INFO_CNAHLOAD
12-23 13:18:34.967   683  1874 I chatty  : uid=1000(system) watchdog expire 10 lines
12-23 13:18:36.999   744   744 E wificond: Failed to get NL80211_STA_INFO_CNAHLOAD
12-23 13:18:37.350   683  1352 I chatty  : uid=1000(system) UEventObserver expire 2 lines
12-23 13:18:37.362   683   683 I chatty  : uid=1000 system_server expire 19 lines
12-23 13:18:37.371   683  1146 I chatty  : uid=1000(system) ActivityManager expire 11 lines
12-23 13:18:37.404   683  1152 I chatty  : uid=1000(system) batterystats-sy expire 4 lines
12-23 13:18:38.984   744   744 E wificond: Failed to get NL80211_STA_INFO_CNAHLOAD
12-23 13:18:43.036   744   744 E wificond: Failed to get NL80211_STA_INFO_CNAHLOAD
12-23 13:18:44.309   683 10382 I chatty  : uid=1000(system) Binder:683_1F expire 6 lines
12-23 13:18:46.062   744   744 E wificond: Failed to get NL80211_STA_INFO_CNAHLOAD
12-23 13:18:46.990   744   744 E wificond: Failed to get NL80211_STA_INFO_CNAHLOAD
12-23 13:18:49.084   744   744 I chatty  : uid=1010(wifi) /system/bin/wificond identical 10 lines
12-23 13:18:52.110   744   744 E wificond: Failed to get NL80211_STA_INFO_CNAHLOAD
12-23 13:18:54.857   683  1148 I chatty  : uid=1000(system) android.ui expire 13 lines
12-23 13:18:54.996   744   744 E wificond: Failed to get NL80211_STA_INFO_CNAHLOAD
12-23 13:18:58.160   744   744 E wificond: Failed to get NL80211_STA_INFO_CNAHLOAD
12-23 13:19:01.190   744   744 E wificond: Failed to get NL80211_STA_INFO_CNAHLOAD
12-23 13:19:04.215   744   744 E wificond: Failed to get NL80211_STA_INFO_CNAHLOAD
12-23 13:19:07.240   744   744 E wificond: Failed to get NL80211_STA_INFO_CNAHLOAD
12-23 13:19:16.303   744   744 E wificond: Failed to get NL80211_STA_INFO_CNAHLOAD
12-23 13:19:19.020   744   744 E wificond: Failed to get NL80211_STA_INFO_CNAHLOAD
12-23 13:19:19.031   744   744 E wificond: Failed to get NL80211_STA_INFO_CNAHLOAD
12-23 13:19:19.323   744   744 E wificond: Failed to get NL80211_STA_INFO_CNAHLOAD
12-23 13:19:31.408   744   744 I chatty  : uid=1010(wifi) /system/bin/wificond identical 13 lines
12-23 13:19:34.431   744   744 E wificond: Failed to get NL80211_STA_INFO_CNAHLOAD
12-23 13:19:35.037   744   744 E wificond: Failed to get NL80211_STA_INFO_CNAHLOAD
12-23 13:19:35.043   744   744 E wificond: Failed to get NL80211_STA_INFO_CNAHLOAD
12-23 13:19:37.451   744   744 E wificond: Failed to get NL80211_STA_INFO_CNAHLOAD
12-23 13:19:51.063   744   744 E wificond: Failed to get NL80211_STA_INFO_CNAHLOAD
12-23 13:19:52.282   683 10397 I chatty  : uid=1000(system) Binder:683_20 expire 4 lines
12-23 13:19:52.310   683  1142 I chatty  : uid=1000(system) android.bg expire 9 lines
12-23 13:19:52.379   683  1991 I chatty  : uid=1000(system) Binder:683_B expire 2 lines
12-23 13:19:52.552   744   744 E wificond: Failed to get NL80211_STA_INFO_CNAHLOAD
12-23 13:19:54.715   683   683 I chatty  : uid=1000 system_server expire 21 lines
12-23 13:19:55.574   744   744 E wificond: Failed to get NL80211_STA_INFO_CNAHLOAD
12-23 13:19:58.593   744   744 E wificond: Failed to get NL80211_STA_INFO_CNAHLOAD
12-23 13:19:59.053   744   744 I chatty  : uid=1010(wifi) /system/bin/wificond identical 12 lines
12-23 13:19:59.059   744   744 E wificond: Failed to get NL80211_STA_INFO_CNAHLOAD
12-23 13:20:00.362   683  1006 I chatty  : uid=1000(system) Binder:683_2 expire 11 lines
12-23 13:20:01.615   744   744 E wificond: Failed to get NL80211_STA_INFO_CNAHLOAD
12-23 13:20:04.635   744   744 E wificond: Failed to get NL80211_STA_INFO_CNAHLOAD
12-23 13:20:06.837   683  1403 I chatty  : uid=1000(system) IpManager.wlan0 expire 2 lines
12-23 13:20:06.949   683  1410 I chatty  : uid=1000(system) WifiP2pService expire 6 lines
12-23 13:20:06.957   683 26388 I chatty  : uid=1000(system) DhcpClient expire 7 lines
12-23 13:20:07.003   683  1413 I chatty  : uid=1000(system) ConnectivitySer expire 9 lines
12-23 13:20:07.014   744   744 E wificond: Failed to get NL80211_STA_INFO_CNAHLOAD
12-23 13:20:07.028   683  1393 I chatty  : uid=1000(system) NetdConnector expire 10 lines
12-23 13:20:07.029   683   683 I chatty  : uid=1000 system_server expire 11 lines
12-23 13:20:07.099   744   744 E wificond: Failed to get NL80211_STA_INFO_CNAHLOAD
12-23 13:20:07.104 12219 12219 W ContextImpl: Calling a method in the system process without a qualified user: android.app.ContextImpl.startService:1656 android.content.ContextWrapper.startService:644 android.content.ContextWrapper.startService:644 com.android.settings.wifi.AccessPointConnectedReceiver.onReceive:28 android.app.ActivityThread.handleReceiver:3695 
12-23 13:20:07.112   744   744 E wificond: Failed to get NL80211_STA_INFO_CNAHLOAD
12-23 13:20:07.654   744   744 E wificond: Failed to get NL80211_STA_INFO_CNAHLOAD
12-23 13:20:23.083   744   744 E wificond: Failed to get NL80211_STA_INFO_CNAHLOAD
12-23 13:20:25.793   744   744 E wificond: Failed to get NL80211_STA_INFO_CNAHLOAD
12-23 13:20:27.115   683  1990 I chatty  : uid=1000(system) Binder:683_A expire 17 lines
12-23 13:20:27.134   683  2158 I chatty  : uid=1000(system) Binder:683_E expire 11 lines
12-23 13:20:28.817   744   744 E wificond: Failed to get NL80211_STA_INFO_CNAHLOAD
12-23 13:20:34.867   744   744 E wificond: Failed to get NL80211_STA_INFO_CNAHLOAD
12-23 13:20:37.889   744   744 E wificond: Failed to get NL80211_STA_INFO_CNAHLOAD
12-23 13:20:47.106   744   744 I chatty  : uid=1010(wifi) /system/bin/wificond identical 10 lines
12-23 13:20:49.977   744   744 E wificond: Failed to get NL80211_STA_INFO_CNAHLOAD
12-23 13:20:50.323   742   823 E /system/bin/storaged: open file /data/storaged/storaged.txt failed!2
12-23 13:20:50.323   742   823 E /system/bin/storaged: write(append)  diskstat data failed!ts:1545542450,read bytes:2088513536, write bytes: 151666688
12-23 13:20:50.354   742   823 E /system/bin/storaged: curr_io_stats:  size: 281
12-23 13:20:50.360   742   823 E /system/bin/storaged: open file /data/storaged/storaged.txt failed!2
12-23 13:20:50.360   742   823 E /system/bin/storaged: write(append)  uid data failed!
12-23 13:20:50.361   742   823 E /system/bin/storaged: pid_info get_pids failed
12-23 13:20:52.999   744   744 E wificond: Failed to get NL80211_STA_INFO_CNAHLOAD
12-23 13:20:56.022   744   744 E wificond: Failed to get NL80211_STA_INFO_CNAHLOAD
12-23 13:20:59.045   744   744 E wificond: Failed to get NL80211_STA_INFO_CNAHLOAD
12-23 13:21:00.094   683  1466 I chatty  : uid=1000(system) StatisticsCHRMs expire 4 lines
12-23 13:21:02.069   744   744 E wificond: Failed to get NL80211_STA_INFO_CNAHLOAD
12-23 13:21:03.117   744   744 E wificond: Failed to get NL80211_STA_INFO_CNAHLOAD
12-23 13:21:05.093   744   744 E wificond: Failed to get NL80211_STA_INFO_CNAHLOAD
12-23 13:21:08.117   744   744 E wificond: Failed to get NL80211_STA_INFO_CNAHLOAD
12-23 13:21:11.117   744   744 E wificond: Failed to get NL80211_STA_INFO_CNAHLOAD
12-23 13:21:27.140   744   744 I chatty  : uid=1010(wifi) /system/bin/wificond identical 12 lines
12-23 13:21:29.285   744   744 E wificond: Failed to get NL80211_STA_INFO_CNAHLOAD
12-23 13:21:32.307   744   744 E wificond: Failed to get NL80211_STA_INFO_CNAHLOAD
12-23 13:21:35.138   744   744 E wificond: Failed to get NL80211_STA_INFO_CNAHLOAD
12-23 13:21:35.329   744   744 E wificond: Failed to get NL80211_STA_INFO_CNAHLOAD
12-23 13:21:37.512   683  1146 I chatty  : uid=1000(system) ActivityManager expire 7 lines
12-23 13:21:38.346   683  1884 I chatty  : uid=1000(system) Binder:683_5 expire 9 lines
12-23 13:21:38.355   744   744 E wificond: Failed to get NL80211_STA_INFO_CNAHLOAD
12-23 13:21:43.153   744   744 I chatty  : uid=1010(wifi) /system/bin/wificond identical 10 lines
12-23 13:21:44.414   744   744 E wificond: Failed to get NL80211_STA_INFO_CNAHLOAD
12-23 13:21:44.802   493   633 W SocketListener: sending broadcast to Pid = 683, Uid = 1000 
12-23 13:21:44.808   683  1163 I chatty  : uid=1000(system) android.fg expire 3 lines
12-23 13:21:46.115   493   633 W SocketListener: sending broadcast to Pid = 683, Uid = 1000 
12-23 13:21:47.437   744   744 E wificond: Failed to get NL80211_STA_INFO_CNAHLOAD
12-23 13:21:59.524   744   744 E wificond: Failed to get NL80211_STA_INFO_CNAHLOAD
12-23 13:22:00.258   683  1990 I chatty  : uid=1000(system) Binder:683_A expire 6 lines
12-23 13:22:02.088   683  1006 I chatty  : uid=1000(system) Binder:683_2 expire 16 lines
12-23 13:22:02.548   744   744 E wificond: Failed to get NL80211_STA_INFO_CNAHLOAD
12-23 13:22:05.569   744   744 E wificond: Failed to get NL80211_STA_INFO_CNAHLOAD
12-23 13:22:15.183   744   744 I chatty  : uid=1010(wifi) /system/bin/wificond identical 14 lines
12-23 13:22:17.661   744   744 E wificond: Failed to get NL80211_STA_INFO_CNAHLOAD
12-23 13:22:20.684   744   744 E wificond: Failed to get NL80211_STA_INFO_CNAHLOAD
12-23 13:22:32.777   744   744 E wificond: Failed to get NL80211_STA_INFO_CNAHLOAD
12-23 13:22:34.515   683  2158 I chatty  : uid=1000(system) Binder:683_E expire 1 line
12-23 13:22:35.803   744   744 E wificond: Failed to get NL80211_STA_INFO_CNAHLOAD
12-23 13:22:38.825   744   744 E wificond: Failed to get NL80211_STA_INFO_CNAHLOAD
12-23 13:22:41.847   744   744 I chatty  : uid=1010(wifi) /system/bin/wificond identical 10 lines
12-23 13:22:44.870   744   744 E wificond: Failed to get NL80211_STA_INFO_CNAHLOAD
12-23 13:22:46.187   683   683 I chatty  : uid=1000 system_server expire 4 lines
12-23 13:22:47.200   744   744 E wificond: Failed to get NL80211_STA_INFO_CNAHLOAD
12-23 13:22:56.963   744   744 E wificond: Failed to get NL80211_STA_INFO_CNAHLOAD
12-23 13:22:57.376   493   633 W SocketListener: sending broadcast to Pid = 683, Uid = 1000 
12-23 13:22:57.378   683  1393 I chatty  : uid=1000(system) NetdConnector expire 10 lines
12-23 13:22:59.988   744   744 E wificond: Failed to get NL80211_STA_INFO_CNAHLOAD
12-23 13:23:03.015   744   744 E wificond: Failed to get NL80211_STA_INFO_CNAHLOAD
12-23 13:23:03.213   744   744 E wificond: Failed to get NL80211_STA_INFO_CNAHLOAD
12-23 13:23:06.040   744   744 E wificond: Failed to get NL80211_STA_INFO_CNAHLOAD
12-23 13:23:09.061   744   744 E wificond: Failed to get NL80211_STA_INFO_CNAHLOAD
12-23 13:23:09.665   493   633 W SocketListener: sending broadcast to Pid = 683, Uid = 1000 
12-23 13:23:09.671   683  1163 I chatty  : uid=1000(system) android.fg expire 10 lines
12-23 13:23:09.673   683  1884 I chatty  : uid=1000(system) Binder:683_5 expire 15 lines
12-23 13:23:09.685   683  1990 I chatty  : uid=1000(system) Binder:683_A expire 10 lines
12-23 13:23:09.706   683  1006 I chatty  : uid=1000(system) Binder:683_2 expire 11 lines
12-23 13:23:10.814   493   637 W SocketListener: sending broadcast to Pid = 683, Uid = 1000 
12-23 13:23:11.213   744   744 E wificond: Failed to get NL80211_STA_INFO_CNAHLOAD
12-23 13:23:19.221   744   744 I chatty  : uid=1010(wifi) /system/bin/wificond identical 14 lines
12-23 13:23:19.230   744   744 E wificond: Failed to get NL80211_STA_INFO_CNAHLOAD
12-23 13:23:21.139   744   744 E wificond: Failed to get NL80211_STA_INFO_CNAHLOAD
12-23 13:23:24.160   744   744 E wificond: Failed to get NL80211_STA_INFO_CNAHLOAD
12-23 13:23:27.185   744   744 E wificond: Failed to get NL80211_STA_INFO_CNAHLOAD
12-23 13:23:27.241   744   744 E wificond: Failed to get NL80211_STA_INFO_CNAHLOAD
12-23 13:23:27.985   683  1142 I chatty  : uid=1000(system) android.bg expire 4 lines
12-23 13:23:30.206   744   744 E wificond: Failed to get NL80211_STA_INFO_CNAHLOAD
12-23 13:23:33.229   744   744 E wificond: Failed to get NL80211_STA_INFO_CNAHLOAD
12-23 13:23:34.994   683  1874 I chatty  : uid=1000(system) watchdog expire 10 lines
12-23 13:23:35.236   744   744 E wificond: Failed to get NL80211_STA_INFO_CNAHLOAD
12-23 13:23:36.249   744   744 E wificond: Failed to get NL80211_STA_INFO_CNAHLOAD
12-23 13:23:37.861   683  1352 I chatty  : uid=1000(system) UEventObserver expire 2 lines
12-23 13:23:37.889   683  1152 I chatty  : uid=1000(system) batterystats-sy expire 2 lines
12-23 13:23:37.983   683  1146 I chatty  : uid=1000(system) ActivityManager expire 7 lines
12-23 13:23:37.984   683   683 I chatty  : uid=1000 system_server expire 15 lines
12-23 13:23:39.274   744   744 E wificond: Failed to get NL80211_STA_INFO_CNAHLOAD
12-23 13:23:42.304   744   744 E wificond: Failed to get NL80211_STA_INFO_CNAHLOAD
12-23 13:23:54.385   744   744 E wificond: Failed to get NL80211_STA_INFO_CNAHLOAD
12-23 13:23:54.531   493   633 W SocketListener: sending broadcast to Pid = 683, Uid = 1000 
12-23 13:23:57.410   744   744 E wificond: Failed to get NL80211_STA_INFO_CNAHLOAD
12-23 13:23:59.253   744   744 I chatty  : uid=1010(wifi) /system/bin/wificond identical 14 lines
12-23 13:23:59.259   744   744 E wificond: Failed to get NL80211_STA_INFO_CNAHLOAD
12-23 13:24:00.432   744   744 E wificond: Failed to get NL80211_STA_INFO_CNAHLOAD
12-23 13:24:03.456   744   744 E wificond: Failed to get NL80211_STA_INFO_CNAHLOAD
12-23 13:24:06.482   744   744 E wificond: Failed to get NL80211_STA_INFO_CNAHLOAD
12-23 13:24:09.505   744   744 E wificond: Failed to get NL80211_STA_INFO_CNAHLOAD
12-23 13:24:12.408   493   633 W SocketListener: sending broadcast to Pid = 683, Uid = 1000 
12-23 13:24:12.523   744   744 E wificond: Failed to get NL80211_STA_INFO_CNAHLOAD
12-23 13:24:13.076   683  1148 I chatty  : uid=1000(system) android.ui expire 13 lines
12-23 13:24:15.259   744   744 E wificond: Failed to get NL80211_STA_INFO_CNAHLOAD
12-23 13:24:33.674   744   744 E wificond: Failed to get NL80211_STA_INFO_CNAHLOAD
12-23 13:24:36.697   744   744 E wificond: Failed to get NL80211_STA_INFO_CNAHLOAD
12-23 13:24:39.289   744   744 I chatty  : uid=1010(wifi) /system/bin/wificond identical 10 lines
12-23 13:24:39.716   744   744 E wificond: Failed to get NL80211_STA_INFO_CNAHLOAD
12-23 13:24:42.738   744   744 E wificond: Failed to get NL80211_STA_INFO_CNAHLOAD
12-23 13:24:51.800   744   744 E wificond: Failed to get NL80211_STA_INFO_CNAHLOAD
12-23 13:24:53.447   683  1884 I chatty  : uid=1000(system) Binder:683_5 expire 6 lines
12-23 13:24:53.535   683 10382 I chatty  : uid=1000(system) Binder:683_1F expire 10 lines
12-23 13:24:54.829   744   744 E wificond: Failed to get NL80211_STA_INFO_CNAHLOAD
12-23 13:24:55.308   744   744 E wificond: Failed to get NL80211_STA_INFO_CNAHLOAD
12-23 13:24:55.863   683  2158 I chatty  : uid=1000(system) Binder:683_E expire 10 lines
12-23 13:24:57.853   744   744 E wificond: Failed to get NL80211_STA_INFO_CNAHLOAD
12-23 13:25:00.003   683   683 I chatty  : uid=1000 system_server expire 11 lines
12-23 13:25:00.882   744   744 E wificond: Failed to get NL80211_STA_INFO_CNAHLOAD
12-23 13:25:03.308   744   744 E wificond: Failed to get NL80211_STA_INFO_CNAHLOAD
12-23 13:25:03.904   744   744 E wificond: Failed to get NL80211_STA_INFO_CNAHLOAD
12-23 13:25:06.924   744   744 E wificond: Failed to get NL80211_STA_INFO_CNAHLOAD
12-23 13:25:11.323   744   744 E wificond: Failed to get NL80211_STA_INFO_CNAHLOAD
12-23 13:25:12.966   744   744 E wificond: Failed to get NL80211_STA_INFO_CNAHLOAD
12-23 13:25:15.232   493   633 W SocketListener: sending broadcast to Pid = 683, Uid = 1000 
12-23 13:25:15.234   683  1393 I chatty  : uid=1000(system) NetdConnector expire 10 lines
12-23 13:25:15.988   744   744 E wificond: Failed to get NL80211_STA_INFO_CNAHLOAD
12-23 13:25:17.834   493   633 W SocketListener: sending broadcast to Pid = 683, Uid = 1000 
12-23 13:25:19.014   744   744 E wificond: Failed to get NL80211_STA_INFO_CNAHLOAD
12-23 13:25:19.321   744   744 I chatty  : uid=1010(wifi) /system/bin/wificond identical 13 lines
12-23 13:25:19.329   744   744 E wificond: Failed to get NL80211_STA_INFO_CNAHLOAD
12-23 13:25:22.038   744   744 E wificond: Failed to get NL80211_STA_INFO_CNAHLOAD
