12-23 12:07:39.283   744   744 E wificond: Failed to get NL80211_STA_INFO_CNAHLOAD
12-23 12:07:41.562   683  1990 I chatty  : uid=1000(system) Binder:683_A expire 4 lines
12-23 12:07:41.853   744   744 E wificond: Failed to get NL80211_STA_INFO_CNAHLOAD
12-23 12:07:55.291   744   744 E wificond: Failed to get NL80211_STA_INFO_CNAHLOAD
12-23 12:07:56.590   683 10397 I chatty  : uid=1000(system) Binder:683_20 expire 5 lines
12-23 12:07:56.964   744   744 E wificond: Failed to get NL80211_STA_INFO_CNAHLOAD
12-23 12:07:59.989   744   744 E wificond: Failed to get NL80211_STA_INFO_CNAHLOAD
12-23 12:08:00.004   683   683 I chatty  : uid=1000 system_server expire 12 lines
12-23 12:08:00.102   683  1967 I chatty  : uid=1000(system) Binder:683_9 expire 10 lines
12-23 12:08:00.143   683  1005 I chatty  : uid=1000(system) Binder:683_1 expire 1 line
12-23 12:08:00.145   683  1413 I chatty  : uid=1000(system) ConnectivitySer expire 2 lines
12-23 12:08:03.012   744   744 E wificond: Failed to get NL80211_STA_INFO_CNAHLOAD
12-23 12:08:03.297   744   744 E wificond: Failed to get NL80211_STA_INFO_CNAHLOAD
12-23 12:08:04.616   683  1874 I chatty  : uid=1000(system) watchdog expire 8 lines
12-23 12:08:06.039   744   744 E wificond: Failed to get NL80211_STA_INFO_CNAHLOAD
12-23 12:08:07.893   683  9307 I chatty  : uid=1000(system) Binder:683_17 expire 10 lines
12-23 12:08:09.057   744   744 E wificond: Failed to get NL80211_STA_INFO_CNAHLOAD
12-23 12:08:09.137   683  1146 I chatty  : uid=1000(system) ActivityManager expire 8 lines
12-23 12:08:09.166   683  1966 I chatty  : uid=1000(system) Binder:683_8 expire 10 lines
12-23 12:08:09.445   683  1006 I chatty  : uid=1000(system) Binder:683_2 expire 10 lines
12-23 12:08:11.301   744   744 E wificond: Failed to get NL80211_STA_INFO_CNAHLOAD
12-23 12:08:11.308   744   744 E wificond: Failed to get NL80211_STA_INFO_CNAHLOAD
12-23 12:08:11.647   683 10292 I chatty  : uid=1000(system) Binder:683_1E expire 11 lines
12-23 12:08:12.081   744   744 E wificond: Failed to get NL80211_STA_INFO_CNAHLOAD
12-23 12:08:19.314   744   744 E wificond: Failed to get NL80211_STA_INFO_CNAHLOAD
12-23 12:08:21.144   744   744 E wificond: Failed to get NL80211_STA_INFO_CNAHLOAD
12-23 12:08:24.170   744   744 E wificond: Failed to get NL80211_STA_INFO_CNAHLOAD
12-23 12:08:27.192   744   744 E wificond: Failed to get NL80211_STA_INFO_CNAHLOAD
12-23 12:08:30.212   744   744 I chatty  : uid=1010(wifi) /system/bin/wificond identical 10 lines
12-23 12:08:33.237   744   744 E wificond: Failed to get NL80211_STA_INFO_CNAHLOAD
12-23 12:08:35.323   744   744 E wificond: Failed to get NL80211_STA_INFO_CNAHLOAD
12-23 12:08:36.253   744   744 E wificond: Failed to get NL80211_STA_INFO_CNAHLOAD
12-23 12:08:37.176   683   683 I chatty  : uid=1000 system_server expire 11 lines
12-23 12:08:39.277   744   744 E wificond: Failed to get NL80211_STA_INFO_CNAHLOAD
12-23 12:08:42.301   744   744 E wificond: Failed to get NL80211_STA_INFO_CNAHLOAD
12-23 12:08:43.337   744   744 E wificond: Failed to get NL80211_STA_INFO_CNAHLOAD
12-23 12:08:45.319   744   744 E wificond: Failed to get NL80211_STA_INFO_CNAHLOAD
12-23 12:08:54.384   744   744 E wificond: Failed to get NL80211_STA_INFO_CNAHLOAD
12-23 12:08:57.054   493   633 W SocketListener: sending broadcast to Pid = 683, Uid = 1000 
12-23 12:08:57.061   683  1163 I chatty  : uid=1000(system) android.fg expire 10 lines
12-23 12:08:57.074   683 10292 I chatty  : uid=1000(system) Binder:683_1E expire 7 lines
12-23 12:08:57.404   744   744 E wificond: Failed to get NL80211_STA_INFO_CNAHLOAD
12-23 12:08:59.352   744   744 E wificond: Failed to get NL80211_STA_INFO_CNAHLOAD
12-23 12:09:00.424   744   744 E wificond: Failed to get NL80211_STA_INFO_CNAHLOAD
12-23 12:09:02.943   493   633 W SocketListener: sending broadcast to Pid = 683, Uid = 1000 
12-23 12:09:03.444   744   744 E wificond: Failed to get NL80211_STA_INFO_CNAHLOAD
12-23 12:09:06.466   744   744 E wificond: Failed to get NL80211_STA_INFO_CNAHLOAD
12-23 12:09:09.489   744   744 I chatty  : uid=1010(wifi) /system/bin/wificond identical 11 lines
12-23 12:09:12.512   744   744 E wificond: Failed to get NL80211_STA_INFO_CNAHLOAD
12-23 12:09:15.361   744   744 E wificond: Failed to get NL80211_STA_INFO_CNAHLOAD
12-23 12:09:15.534   744   744 E wificond: Failed to get NL80211_STA_INFO_CNAHLOAD
12-23 12:09:18.555   744   744 E wificond: Failed to get NL80211_STA_INFO_CNAHLOAD
12-23 12:09:21.578   744   744 E wificond: Failed to get NL80211_STA_INFO_CNAHLOAD
12-23 12:09:27.617   744   744 E wificond: Failed to get NL80211_STA_INFO_CNAHLOAD
12-23 12:09:29.631   493   633 W SocketListener: sending broadcast to Pid = 683, Uid = 1000 
12-23 12:09:30.637   744   744 E wificond: Failed to get NL80211_STA_INFO_CNAHLOAD
12-23 12:09:33.659   744   744 E wificond: Failed to get NL80211_STA_INFO_CNAHLOAD
12-23 12:09:36.682   744   744 E wificond: Failed to get NL80211_STA_INFO_CNAHLOAD
12-23 12:09:39.704   744   744 E wificond: Failed to get NL80211_STA_INFO_CNAHLOAD
12-23 12:09:41.810   493   633 W SocketListener: sending broadcast to Pid = 683, Uid = 1000 
12-23 12:09:42.726   744   744 E wificond: Failed to get NL80211_STA_INFO_CNAHLOAD
12-23 12:09:45.753   744   744 E wificond: Failed to get NL80211_STA_INFO_CNAHLOAD
12-23 12:09:46.602 28130 28130 D ActivityThread: ActivityThread,attachApplication
12-23 12:09:47.382   744   744 E wificond: Failed to get NL80211_STA_INFO_CNAHLOAD
12-23 12:09:47.391   744   744 E wificond: Failed to get NL80211_STA_INFO_CNAHLOAD
12-23 12:09:47.682   683   683 I chatty  : uid=1000 system_server expire 11 lines
12-23 12:09:48.773   744   744 E wificond: Failed to get NL80211_STA_INFO_CNAHLOAD
12-23 12:09:48.973   683  1967 I chatty  : uid=1000(system) Binder:683_9 expire 10 lines
12-23 12:09:51.798   744   744 E wificond: Failed to get NL80211_STA_INFO_CNAHLOAD
12-23 12:09:55.394   744   744 I chatty  : uid=1010(wifi) /system/bin/wificond identical 11 lines
12-23 12:09:55.401   744   744 E wificond: Failed to get NL80211_STA_INFO_CNAHLOAD
12-23 12:09:57.843   744   744 E wificond: Failed to get NL80211_STA_INFO_CNAHLOAD
12-23 12:10:00.866   744   744 E wificond: Failed to get NL80211_STA_INFO_CNAHLOAD
12-23 12:10:02.635   683  1966 I chatty  : uid=1000(system) Binder:683_8 expire 14 lines
12-23 12:10:03.401   744   744 E wificond: Failed to get NL80211_STA_INFO_CNAHLOAD
12-23 12:10:03.888   744   744 E wificond: Failed to get NL80211_STA_INFO_CNAHLOAD
12-23 12:10:06.910   744   744 E wificond: Failed to get NL80211_STA_INFO_CNAHLOAD
12-23 12:10:09.935   744   744 E wificond: Failed to get NL80211_STA_INFO_CNAHLOAD
12-23 12:10:15.985   744   744 E wificond: Failed to get NL80211_STA_INFO_CNAHLOAD
12-23 12:10:17.759   493   633 W SocketListener: sending broadcast to Pid = 683, Uid = 1000 
12-23 12:10:17.764   683  1393 I chatty  : uid=1000(system) NetdConnector expire 10 lines
12-23 12:10:18.919   493   633 W SocketListener: sending broadcast to Pid = 683, Uid = 1000 
12-23 12:10:19.002   744   744 E wificond: Failed to get NL80211_STA_INFO_CNAHLOAD
12-23 12:10:19.418   744   744 E wificond: Failed to get NL80211_STA_INFO_CNAHLOAD
12-23 12:10:19.426   744   744 E wificond: Failed to get NL80211_STA_INFO_CNAHLOAD
12-23 12:10:22.029   744   744 E wificond: Failed to get NL80211_STA_INFO_CNAHLOAD
12-23 12:10:25.048   744   744 E wificond: Failed to get NL80211_STA_INFO_CNAHLOAD
12-23 12:10:27.421   744   744 E wificond: Failed to get NL80211_STA_INFO_CNAHLOAD
12-23 12:10:27.432   744   744 E wificond: Failed to get NL80211_STA_INFO_CNAHLOAD
12-23 12:10:28.070   744   744 E wificond: Failed to get NL80211_STA_INFO_CNAHLOAD
12-23 12:10:28.314   683  9307 I chatty  : uid=1000(system) Binder:683_17 expire 1 line
12-23 12:10:29.431   683  1966 I chatty  : uid=1000(system) Binder:683_8 expire 17 lines
12-23 12:10:31.094   744   744 E wificond: Failed to get NL80211_STA_INFO_CNAHLOAD
12-23 12:10:34.115   744   744 E wificond: Failed to get NL80211_STA_INFO_CNAHLOAD
12-23 12:10:35.431   744   744 E wificond: Failed to get NL80211_STA_INFO_CNAHLOAD
12-23 12:10:35.440   744   744 E wificond: Failed to get NL80211_STA_INFO_CNAHLOAD
12-23 12:10:37.136   744   744 E wificond: Failed to get NL80211_STA_INFO_CNAHLOAD
12-23 12:10:49.233   744   744 E wificond: Failed to get NL80211_STA_INFO_CNAHLOAD
12-23 12:10:50.789   683  1352 I chatty  : uid=1000(system) UEventObserver expire 2 lines
12-23 12:10:50.839   683  1152 I chatty  : uid=1000(system) batterystats-sy expire 2 lines
12-23 12:10:51.445   744   744 E wificond: Failed to get NL80211_STA_INFO_CNAHLOAD
12-23 12:10:51.458   744   744 E wificond: Failed to get NL80211_STA_INFO_CNAHLOAD
12-23 12:10:52.253   744   744 E wificond: Failed to get NL80211_STA_INFO_CNAHLOAD
12-23 12:10:55.276   744   744 E wificond: Failed to get NL80211_STA_INFO_CNAHLOAD
12-23 12:10:58.298   744   744 E wificond: Failed to get NL80211_STA_INFO_CNAHLOAD
12-23 12:10:58.827   683  1148 I chatty  : uid=1000(system) android.ui expire 13 lines
12-23 12:10:59.455   744   744 E wificond: Failed to get NL80211_STA_INFO_CNAHLOAD
12-23 12:10:59.461   744   744 E wificond: Failed to get NL80211_STA_INFO_CNAHLOAD
12-23 12:11:01.319   744   744 E wificond: Failed to get NL80211_STA_INFO_CNAHLOAD
12-23 12:11:04.341   744   744 E wificond: Failed to get NL80211_STA_INFO_CNAHLOAD
12-23 12:11:05.758   493   633 W SocketListener: sending broadcast to Pid = 683, Uid = 1000 
12-23 12:11:07.365   744   744 E wificond: Failed to get NL80211_STA_INFO_CNAHLOAD
12-23 12:11:07.463   744   744 I chatty  : uid=1010(wifi) /system/bin/wificond identical 11 lines
12-23 12:11:07.469   744   744 E wificond: Failed to get NL80211_STA_INFO_CNAHLOAD
12-23 12:11:07.612   493   633 W SocketListener: sending broadcast to Pid = 683, Uid = 1000 
12-23 12:11:07.632   683  1967 I chatty  : uid=1000(system) Binder:683_9 expire 5 lines
12-23 12:11:10.385   744   744 E wificond: Failed to get NL80211_STA_INFO_CNAHLOAD
12-23 12:11:19.452   744   744 E wificond: Failed to get NL80211_STA_INFO_CNAHLOAD
12-23 12:11:22.471   744   744 E wificond: Failed to get NL80211_STA_INFO_CNAHLOAD
12-23 12:11:23.488   744   744 E wificond: Failed to get NL80211_STA_INFO_CNAHLOAD
12-23 12:11:23.828   683  1006 I chatty  : uid=1000(system) Binder:683_2 expire 5 lines
12-23 12:11:25.500   744   744 E wificond: Failed to get NL80211_STA_INFO_CNAHLOAD
12-23 12:11:25.591   683  1966 I chatty  : uid=1000(system) Binder:683_8 expire 9 lines
12-23 12:11:28.519   744   744 E wificond: Failed to get NL80211_STA_INFO_CNAHLOAD
12-23 12:11:31.486   744   744 E wificond: Failed to get NL80211_STA_INFO_CNAHLOAD
12-23 12:11:34.553   744   744 E wificond: Failed to get NL80211_STA_INFO_CNAHLOAD
12-23 12:11:37.574   744   744 E wificond: Failed to get NL80211_STA_INFO_CNAHLOAD
12-23 12:11:43.616   744   744 E wificond: Failed to get NL80211_STA_INFO_CNAHLOAD
12-23 12:11:45.056   493   633 W SocketListener: sending broadcast to Pid = 683, Uid = 1000 
12-23 12:11:46.637   744   744 E wificond: Failed to get NL80211_STA_INFO_CNAHLOAD
12-23 12:11:55.509   744   744 I chatty  : uid=1010(wifi) /system/bin/wificond identical 5 lines
12-23 12:11:55.520   744   744 E wificond: Failed to get NL80211_STA_INFO_CNAHLOAD
12-23 12:11:55.628   493   633 W SocketListener: sending broadcast to Pid = 683, Uid = 1000 
12-23 12:11:55.631   683  1393 I chatty  : uid=1000(system) NetdConnector expire 2 lines
12-23 12:11:55.695   744   744 E wificond: Failed to get NL80211_STA_INFO_CNAHLOAD
12-23 12:11:58.716   744   744 E wificond: Failed to get NL80211_STA_INFO_CNAHLOAD
12-23 12:12:00.007   683   683 I chatty  : uid=1000 system_server expire 15 lines
12-23 12:12:00.263   683  1967 I chatty  : uid=1000(system) Binder:683_9 expire 10 lines
12-23 12:12:01.739   744   744 E wificond: Failed to get NL80211_STA_INFO_CNAHLOAD
12-23 12:12:03.511   744   744 I chatty  : uid=1010(wifi) /system/bin/wificond identical 11 lines
12-23 12:12:03.519   744   744 E wificond: Failed to get NL80211_STA_INFO_CNAHLOAD
12-23 12:12:04.637   683  1874 I chatty  : uid=1000(system) watchdog expire 9 lines
12-23 12:12:04.760   744   744 E wificond: Failed to get NL80211_STA_INFO_CNAHLOAD
12-23 12:12:19.876   744   744 E wificond: Failed to get NL80211_STA_INFO_CNAHLOAD
12-23 12:12:20.547   683  1966 I chatty  : uid=1000(system) Binder:683_8 expire 11 lines
12-23 12:12:20.588   683  1006 I chatty  : uid=1000(system) Binder:683_2 expire 10 lines
12-23 12:12:22.899   744   744 E wificond: Failed to get NL80211_STA_INFO_CNAHLOAD
12-23 12:12:27.552   744   744 E wificond: Failed to get NL80211_STA_INFO_CNAHLOAD
12-23 12:12:28.933   744   744 E wificond: Failed to get NL80211_STA_INFO_CNAHLOAD
12-23 12:12:31.957   744   744 E wificond: Failed to get NL80211_STA_INFO_CNAHLOAD
12-23 12:12:34.979   744   744 E wificond: Failed to get NL80211_STA_INFO_CNAHLOAD
12-23 12:12:35.542   744   744 I chatty  : uid=1010(wifi) /system/bin/wificond identical 11 lines
12-23 12:12:35.551   744   744 E wificond: Failed to get NL80211_STA_INFO_CNAHLOAD
12-23 12:12:38.000   744   744 E wificond: Failed to get NL80211_STA_INFO_CNAHLOAD
12-23 12:12:53.105   744   744 E wificond: Failed to get NL80211_STA_INFO_CNAHLOAD
12-23 12:12:55.686   683  1146 I chatty  : uid=1000(system) ActivityManager expire 12 lines
12-23 12:12:56.128   744   744 E wificond: Failed to get NL80211_STA_INFO_CNAHLOAD
12-23 12:12:59.573   744   744 E wificond: Failed to get NL80211_STA_INFO_CNAHLOAD
12-23 12:13:00.250   683 10292 I chatty  : uid=1000(system) Binder:683_1E expire 10 lines
12-23 12:13:02.177   744   744 E wificond: Failed to get NL80211_STA_INFO_CNAHLOAD
12-23 12:13:05.198   744   744 E wificond: Failed to get NL80211_STA_INFO_CNAHLOAD
12-23 12:13:07.572   744   744 I chatty  : uid=1010(wifi) /system/bin/wificond identical 10 lines
12-23 12:13:07.578   744   744 E wificond: Failed to get NL80211_STA_INFO_CNAHLOAD
12-23 12:13:07.583   493   633 W SocketListener: sending broadcast to Pid = 683, Uid = 1000 
12-23 12:13:07.586   683  1393 I chatty  : uid=1000(system) NetdConnector expire 10 lines
12-23 12:13:07.590   683  1163 I chatty  : uid=1000(system) android.fg expire 6 lines
12-23 12:13:08.218   744   744 E wificond: Failed to get NL80211_STA_INFO_CNAHLOAD
12-23 12:13:09.190   493   633 W SocketListener: sending broadcast to Pid = 683, Uid = 1000 
12-23 12:13:09.249   683  1967 I chatty  : uid=1000(system) Binder:683_9 expire 10 lines
12-23 12:13:11.239   744   744 E wificond: Failed to get NL80211_STA_INFO_CNAHLOAD
12-23 12:13:14.262   744   744 E wificond: Failed to get NL80211_STA_INFO_CNAHLOAD
12-23 12:13:17.289   744   744 E wificond: Failed to get NL80211_STA_INFO_CNAHLOAD
12-23 12:13:17.924   683 10292 I chatty  : uid=1000(system) Binder:683_1E expire 11 lines
12-23 12:13:20.311   744   744 E wificond: Failed to get NL80211_STA_INFO_CNAHLOAD
12-23 12:13:23.331   744   744 E wificond: Failed to get NL80211_STA_INFO_CNAHLOAD
12-23 12:13:23.591   744   744 E wificond: Failed to get NL80211_STA_INFO_CNAHLOAD
12-23 12:13:24.219   683  1966 I chatty  : uid=1000(system) Binder:683_8 expire 10 lines
12-23 12:13:25.793   683  1142 I chatty  : uid=1000(system) android.bg expire 1 line
12-23 12:13:26.353   744   744 E wificond: Failed to get NL80211_STA_INFO_CNAHLOAD
12-23 12:13:32.394   744   744 E wificond: Failed to get NL80211_STA_INFO_CNAHLOAD
12-23 12:13:35.418   744   744 E wificond: Failed to get NL80211_STA_INFO_CNAHLOAD
12-23 12:13:41.460   744   744 E wificond: Failed to get NL80211_STA_INFO_CNAHLOAD
12-23 12:13:44.384   683 10292 I chatty  : uid=1000(system) Binder:683_1E expire 11 lines
12-23 12:13:44.478   744   744 E wificond: Failed to get NL80211_STA_INFO_CNAHLOAD
12-23 12:13:46.680   683 10397 I chatty  : uid=1000(system) Binder:683_20 expire 10 lines
12-23 12:13:47.494   744   744 E wificond: Failed to get NL80211_STA_INFO_CNAHLOAD
12-23 12:13:55.621   744   744 I chatty  : uid=1010(wifi) /system/bin/wificond identical 16 lines
12-23 12:13:56.559   744   744 E wificond: Failed to get NL80211_STA_INFO_CNAHLOAD
12-23 12:13:59.587   744   744 E wificond: Failed to get NL80211_STA_INFO_CNAHLOAD
12-23 12:14:00.004   683   683 I chatty  : uid=1000 system_server expire 10 lines
12-23 12:14:02.611   744   744 E wificond: Failed to get NL80211_STA_INFO_CNAHLOAD
12-23 12:14:03.631   744   744 E wificond: Failed to get NL80211_STA_INFO_CNAHLOAD
12-23 12:14:04.571   683  1379 I chatty  : uid=1000(system) InputDispatcher expire 3 lines
12-23 12:14:04.746   683  1148 I chatty  : uid=1000(system) android.ui expire 26 lines
12-23 12:14:04.786   683  1423 I chatty  : uid=1000(system) AudioService expire 4 lines
12-23 12:14:05.634   744   744 E wificond: Failed to get NL80211_STA_INFO_CNAHLOAD
12-23 12:14:08.661   744   744 E wificond: Failed to get NL80211_STA_INFO_CNAHLOAD
12-23 12:14:11.629   744   744 E wificond: Failed to get NL80211_STA_INFO_CNAHLOAD
12-23 12:14:14.691   744   744 E wificond: Failed to get NL80211_STA_INFO_CNAHLOAD
12-23 12:14:17.712   744   744 E wificond: Failed to get NL80211_STA_INFO_CNAHLOAD
12-23 12:14:19.637   744   744 E wificond: Failed to get NL80211_STA_INFO_CNAHLOAD
12-23 12:14:32.823   744   744 E wificond: Failed to get NL80211_STA_INFO_CNAHLOAD
12-23 12:14:35.650   744   744 E wificond: Failed to get NL80211_STA_INFO_CNAHLOAD
12-23 12:14:35.656   744   744 I chatty  : uid=1010(wifi) /system/bin/wificond identical 10 lines
12-23 12:14:35.841   744   744 E wificond: Failed to get NL80211_STA_INFO_CNAHLOAD
12-23 12:14:37.726   683  1966 I chatty  : uid=1000(system) Binder:683_8 expire 17 lines
12-23 12:14:38.863   744   744 E wificond: Failed to get NL80211_STA_INFO_CNAHLOAD
12-23 12:14:41.882   744   744 E wificond: Failed to get NL80211_STA_INFO_CNAHLOAD
12-23 12:14:43.658   744   744 E wificond: Failed to get NL80211_STA_INFO_CNAHLOAD
12-23 12:14:43.664   744   744 E wificond: Failed to get NL80211_STA_INFO_CNAHLOAD
12-23 12:14:44.904   744   744 E wificond: Failed to get NL80211_STA_INFO_CNAHLOAD
12-23 12:14:47.928   744   744 E wificond: Failed to get NL80211_STA_INFO_CNAHLOAD
12-23 12:14:49.175   683  1966 I chatty  : uid=1000(system) Binder:683_8 expire 6 lines
12-23 12:14:50.952   744   744 E wificond: Failed to get NL80211_STA_INFO_CNAHLOAD
12-23 12:14:51.667   744   744 E wificond: Failed to get NL80211_STA_INFO_CNAHLOAD
12-23 12:14:59.678   744   744 E wificond: Failed to get NL80211_STA_INFO_CNAHLOAD
12-23 12:15:00.005   683   683 I chatty  : uid=1000 system_server expire 6 lines
12-23 12:15:00.028   744   744 E wificond: Failed to get NL80211_STA_INFO_CNAHLOAD
12-23 12:15:03.049   744   744 E wificond: Failed to get NL80211_STA_INFO_CNAHLOAD
12-23 12:15:03.404   683  1408 I chatty  : uid=1000(system) WifiScanningSer expire 2 lines
12-23 12:15:04.352   493   633 W SocketListener: sending broadcast to Pid = 683, Uid = 1000 
12-23 12:15:04.363   683 10292 I chatty  : uid=1000(system) Binder:683_1E expire 3 lines
12-23 12:15:05.467   683  1876 I chatty  : uid=1000(system) LocationThread expire 7 lines
12-23 12:15:05.470   493   633 W SocketListener: sending broadcast to Pid = 683, Uid = 1000 
12-23 12:15:05.473   683 28307 I chatty  : uid=1000 system_server expire 2 lines
12-23 12:15:05.484   683 28308 I chatty  : uid=1000 system_server expire 1 line
12-23 12:15:05.514   751   751 D libgps  : proxy_gps_inject_location: called.
12-23 12:15:05.687   493   634 W SocketListener: sending broadcast to Pid = 683, Uid = 1000 
12-23 12:15:06.064   683 28316 I chatty  : uid=1000 system_server expire 2 lines
12-23 12:15:06.068   744   744 E wificond: Failed to get NL80211_STA_INFO_CNAHLOAD
12-23 12:15:06.073   683 28317 I chatty  : uid=1000 system_server expire 1 line
12-23 12:15:06.088   751   751 D libgps  : proxy_gps_inject_location: called.
12-23 12:15:07.673   744   744 E wificond: Failed to get NL80211_STA_INFO_CNAHLOAD
12-23 12:15:07.679   744   744 E wificond: Failed to get NL80211_STA_INFO_CNAHLOAD
12-23 12:15:08.796   683  1148 I chatty  : uid=1000(system) android.ui expire 13 lines
12-23 12:15:09.086   744   744 E wificond: Failed to get NL80211_STA_INFO_CNAHLOAD
12-23 12:15:21.174   744   744 E wificond: Failed to get NL80211_STA_INFO_CNAHLOAD
12-23 12:15:23.693   744   744 E wificond: Failed to get NL80211_STA_INFO_CNAHLOAD
12-23 12:15:23.701   744   744 E wificond: Failed to get NL80211_STA_INFO_CNAHLOAD
12-23 12:15:24.199   744   744 E wificond: Failed to get NL80211_STA_INFO_CNAHLOAD
12-23 12:15:31.715   744   744 I chatty  : uid=1010(wifi) /system/bin/wificond identical 11 lines
12-23 12:15:33.262   744   744 E wificond: Failed to get NL80211_STA_INFO_CNAHLOAD
12-23 12:15:36.281   744   744 E wificond: Failed to get NL80211_STA_INFO_CNAHLOAD
12-23 12:15:48.375   744   744 E wificond: Failed to get NL80211_STA_INFO_CNAHLOAD
12-23 12:15:51.273   683  1352 I chatty  : uid=1000(system) UEventObserver expire 2 lines
12-23 12:15:51.296   683  1152 I chatty  : uid=1000(system) batterystats-sy expire 2 lines
12-23 12:15:51.415   744   744 E wificond: Failed to get NL80211_STA_INFO_CNAHLOAD
12-23 12:15:53.936   683  1967 I chatty  : uid=1000(system) Binder:683_9 expire 3 lines
12-23 12:15:54.433   744   744 E wificond: Failed to get NL80211_STA_INFO_CNAHLOAD
12-23 12:15:55.718   744   744 I chatty  : uid=1010(wifi) /system/bin/wificond identical 8 lines
12-23 12:15:55.733   744   744 E wificond: Failed to get NL80211_STA_INFO_CNAHLOAD
12-23 12:15:56.339   683  1006 I chatty  : uid=1000(system) Binder:683_2 expire 2 lines
12-23 12:15:57.453   744   744 E wificond: Failed to get NL80211_STA_INFO_CNAHLOAD
12-23 12:16:00.477   744   744 E wificond: Failed to get NL80211_STA_INFO_CNAHLOAD
12-23 12:16:03.733   744   744 E wificond: Failed to get NL80211_STA_INFO_CNAHLOAD
12-23 12:16:06.522   744   744 E wificond: Failed to get NL80211_STA_INFO_CNAHLOAD
12-23 12:16:15.595   744   744 E wificond: Failed to get NL80211_STA_INFO_CNAHLOAD
12-23 12:16:18.402   493   633 W SocketListener: sending broadcast to Pid = 683, Uid = 1000 
12-23 12:16:18.406   683  1393 I chatty  : uid=1000(system) NetdConnector expire 10 lines
12-23 12:16:18.615   744   744 E wificond: Failed to get NL80211_STA_INFO_CNAHLOAD
12-23 12:16:19.747   744   744 E wificond: Failed to get NL80211_STA_INFO_CNAHLOAD
12-23 12:16:20.433   493   633 W SocketListener: sending broadcast to Pid = 683, Uid = 1000 
12-23 12:16:20.439   683  1163 I chatty  : uid=1000(system) android.fg expire 5 lines
12-23 12:16:20.450   683  1966 I chatty  : uid=1000(system) Binder:683_8 expire 11 lines
12-23 12:16:20.909   683  1967 I chatty  : uid=1000(system) Binder:683_9 expire 10 lines
12-23 12:16:21.633   744   744 E wificond: Failed to get NL80211_STA_INFO_CNAHLOAD
12-23 12:16:21.666   683  1148 I chatty  : uid=1000(system) android.ui expire 65 lines
12-23 12:16:24.652   744   744 E wificond: Failed to get NL80211_STA_INFO_CNAHLOAD
12-23 12:16:27.678   744   744 E wificond: Failed to get NL80211_STA_INFO_CNAHLOAD
12-23 12:16:27.742   744   744 I chatty  : uid=1010(wifi) /system/bin/wificond identical 10 lines
12-23 12:16:27.749   744   744 E wificond: Failed to get NL80211_STA_INFO_CNAHLOAD
12-23 12:16:28.775   683  1006 I chatty  : uid=1000(system) Binder:683_2 expire 13 lines
12-23 12:16:30.698   744   744 E wificond: Failed to get NL80211_STA_INFO_CNAHLOAD
12-23 12:16:33.720   744   744 E wificond: Failed to get NL80211_STA_INFO_CNAHLOAD
12-23 12:16:34.659   683  1874 I chatty  : uid=1000(system) watchdog expire 8 lines
12-23 12:16:35.753   744   744 E wificond: Failed to get NL80211_STA_INFO_CNAHLOAD
12-23 12:16:35.760   744   744 E wificond: Failed to get NL80211_STA_INFO_CNAHLOAD
12-23 12:16:36.741   744   744 E wificond: Failed to get NL80211_STA_INFO_CNAHLOAD
12-23 12:16:54.869   744   744 E wificond: Failed to get NL80211_STA_INFO_CNAHLOAD
12-23 12:16:57.891   744   744 E wificond: Failed to get NL80211_STA_INFO_CNAHLOAD
12-23 12:16:59.775   744   744 I chatty  : uid=1010(wifi) /system/bin/wificond identical 10 lines
12-23 12:16:59.784   744   744 E wificond: Failed to get NL80211_STA_INFO_CNAHLOAD
12-23 12:17:00.002   683   683 I chatty  : uid=1000 system_server expire 11 lines
12-23 12:17:00.291   683  1967 I chatty  : uid=1000(system) Binder:683_9 expire 10 lines
12-23 12:17:00.913   744   744 E wificond: Failed to get NL80211_STA_INFO_CNAHLOAD
12-23 12:17:03.934   744   744 E wificond: Failed to get NL80211_STA_INFO_CNAHLOAD
12-23 12:17:06.956   744   744 E wificond: Failed to get NL80211_STA_INFO_CNAHLOAD
12-23 12:17:09.977   744   744 E wificond: Failed to get NL80211_STA_INFO_CNAHLOAD
12-23 12:17:11.180   683 10292 I chatty  : uid=1000(system) Binder:683_1E expire 11 lines
12-23 12:17:13.000   744   744 E wificond: Failed to get NL80211_STA_INFO_CNAHLOAD
12-23 12:17:13.537   683  1006 I chatty  : uid=1000(system) Binder:683_2 expire 11 lines
12-23 12:17:15.787   744   744 E wificond: Failed to get NL80211_STA_INFO_CNAHLOAD
12-23 12:17:19.044   744   744 E wificond: Failed to get NL80211_STA_INFO_CNAHLOAD
12-23 12:17:20.513   683  1146 I chatty  : uid=1000(system) ActivityManager expire 7 lines
12-23 12:17:22.071   744   744 E wificond: Failed to get NL80211_STA_INFO_CNAHLOAD
12-23 12:17:25.091   744   744 E wificond: Failed to get NL80211_STA_INFO_CNAHLOAD
12-23 12:17:28.114   744   744 E wificond: Failed to get NL80211_STA_INFO_CNAHLOAD
12-23 12:17:34.162   744   744 E wificond: Failed to get NL80211_STA_INFO_CNAHLOAD
12-23 12:17:37.183   744   744 E wificond: Failed to get NL80211_STA_INFO_CNAHLOAD
12-23 12:17:40.206   744   744 I chatty  : uid=1010(wifi) /system/bin/wificond identical 10 lines
12-23 12:17:43.228   744   744 E wificond: Failed to get NL80211_STA_INFO_CNAHLOAD
12-23 12:17:43.636   683  1966 I chatty  : uid=1000(system) Binder:683_8 expire 20 lines
12-23 12:17:46.247   744   744 E wificond: Failed to get NL80211_STA_INFO_CNAHLOAD
12-23 12:17:55.317   744   744 E wificond: Failed to get NL80211_STA_INFO_CNAHLOAD
12-23 12:17:55.358   493   633 W SocketListener: sending broadcast to Pid = 683, Uid = 1000 
12-23 12:17:55.823   744   744 E wificond: Failed to get NL80211_STA_INFO_CNAHLOAD
12-23 12:17:58.339   744   744 E wificond: Failed to get NL80211_STA_INFO_CNAHLOAD
12-23 12:18:01.367   744   744 E wificond: Failed to get NL80211_STA_INFO_CNAHLOAD
12-23 12:18:04.387   744   744 E wificond: Failed to get NL80211_STA_INFO_CNAHLOAD
12-23 12:18:07.411   744   744 E wificond: Failed to get NL80211_STA_INFO_CNAHLOAD
12-23 12:18:07.830   493   633 W SocketListener: sending broadcast to Pid = 683, Uid = 1000 
12-23 12:18:10.432   744   744 E wificond: Failed to get NL80211_STA_INFO_CNAHLOAD
12-23 12:18:11.844   744   744 I chatty  : uid=1010(wifi) /system/bin/wificond identical 14 lines
12-23 12:18:13.457   744   744 E wificond: Failed to get NL80211_STA_INFO_CNAHLOAD
12-23 12:18:15.988   683  1006 I chatty  : uid=1000(system) Binder:683_2 expire 3 lines
12-23 12:18:16.038   683  1966 I chatty  : uid=1000(system) Binder:683_8 expire 3 lines
12-23 12:18:16.480   744   744 E wificond: Failed to get NL80211_STA_INFO_CNAHLOAD
12-23 12:18:19.501   744   744 E wificond: Failed to get NL80211_STA_INFO_CNAHLOAD
12-23 12:18:22.521   744   744 E wificond: Failed to get NL80211_STA_INFO_CNAHLOAD
12-23 12:18:25.543   744   744 E wificond: Failed to get NL80211_STA_INFO_CNAHLOAD
12-23 12:18:34.599   744   744 E wificond: Failed to get NL80211_STA_INFO_CNAHLOAD
12-23 12:18:35.858   744   744 E wificond: Failed to get NL80211_STA_INFO_CNAHLOAD
12-23 12:18:46.679   744   744 E wificond: Failed to get NL80211_STA_INFO_CNAHLOAD
12-23 12:18:49.704   744   744 E wificond: Failed to get NL80211_STA_INFO_CNAHLOAD
12-23 12:18:51.875   744   744 E wificond: Failed to get NL80211_STA_INFO_CNAHLOAD
12-23 12:18:51.882   744   744 I chatty  : uid=1010(wifi) /system/bin/wificond identical 14 lines
12-23 12:18:52.725   744   744 E wificond: Failed to get NL80211_STA_INFO_CNAHLOAD
12-23 12:18:54.449   683 10292 I chatty  : uid=1000(system) Binder:683_1E expire 4 lines
12-23 12:18:55.747   744   744 E wificond: Failed to get NL80211_STA_INFO_CNAHLOAD
12-23 12:18:59.889   744   744 E wificond: Failed to get NL80211_STA_INFO_CNAHLOAD
12-23 12:19:01.788   744   744 E wificond: Failed to get NL80211_STA_INFO_CNAHLOAD
12-23 12:19:04.815   744   744 E wificond: Failed to get NL80211_STA_INFO_CNAHLOAD
12-23 12:19:07.895   744   744 E wificond: Failed to get NL80211_STA_INFO_CNAHLOAD
12-23 12:19:10.863   744   744 E wificond: Failed to get NL80211_STA_INFO_CNAHLOAD
12-23 12:19:19.936   744   744 E wificond: Failed to get NL80211_STA_INFO_CNAHLOAD
12-23 12:19:20.967   683   683 I chatty  : uid=1000 system_server expire 28 lines
12-23 12:19:21.076   683 10397 I chatty  : uid=1000(system) Binder:683_20 expire 6 lines
12-23 12:19:22.962   744   744 E wificond: Failed to get NL80211_STA_INFO_CNAHLOAD
12-23 12:19:23.905   744   744 E wificond: Failed to get NL80211_STA_INFO_CNAHLOAD
12-23 12:19:32.030   744   744 E wificond: Failed to get NL80211_STA_INFO_CNAHLOAD
12-23 12:19:35.055   744   744 E wificond: Failed to get NL80211_STA_INFO_CNAHLOAD
12-23 12:19:50.169   744   744 I chatty  : uid=1010(wifi) /system/bin/wificond identical 11 lines
12-23 12:19:53.192   744   744 E wificond: Failed to get NL80211_STA_INFO_CNAHLOAD
12-23 12:19:53.330   683  1142 I chatty  : uid=1000(system) android.bg expire 9 lines
12-23 12:19:55.806   493   633 W SocketListener: sending broadcast to Pid = 683, Uid = 1000 
12-23 12:19:55.922   744   744 E wificond: Failed to get NL80211_STA_INFO_CNAHLOAD
12-23 12:19:59.235   744   744 E wificond: Failed to get NL80211_STA_INFO_CNAHLOAD
12-23 12:20:00.002   683   683 I chatty  : uid=1000 system_server expire 2 lines
12-23 12:20:00.318   683  1967 I chatty  : uid=1000(system) Binder:683_9 expire 2 lines
12-23 12:20:02.259   744   744 E wificond: Failed to get NL80211_STA_INFO_CNAHLOAD
12-23 12:20:03.930   744   744 I chatty  : uid=1010(wifi) /system/bin/wificond identical 1 line
12-23 12:20:03.936   744   744 E wificond: Failed to get NL80211_STA_INFO_CNAHLOAD
12-23 12:20:05.281   744   744 E wificond: Failed to get NL80211_STA_INFO_CNAHLOAD
12-23 12:20:05.717   493   633 W SocketListener: sending broadcast to Pid = 683, Uid = 1000 
12-23 12:20:05.719   683  1393 I chatty  : uid=1000(system) NetdConnector expire 2 lines
12-23 12:20:06.283   683  1403 I chatty  : uid=1000(system) IpManager.wlan0 expire 2 lines
12-23 12:20:06.399   683  1410 I chatty  : uid=1000(system) WifiP2pService expire 5 lines
12-23 12:20:06.408   683 26388 I chatty  : uid=1000(system) DhcpClient expire 7 lines
12-23 12:20:06.432   683  1410 I chatty  : uid=1000(system) WifiP2pService expire 1 line
12-23 12:20:06.438   683  1413 I chatty  : uid=1000(system) ConnectivitySer expire 9 lines
12-23 12:20:06.445   744   744 E wificond: Failed to get NL80211_STA_INFO_CNAHLOAD
12-23 12:20:06.458   683   683 I chatty  : uid=1000 system_server expire 10 lines
12-23 12:20:06.469   683  1393 I chatty  : uid=1000(system) NetdConnector expire 10 lines
12-23 12:20:06.487   683  1146 I chatty  : uid=1000(system) ActivityManager expire 7 lines
12-23 12:20:06.516 12219 12219 W ContextImpl: Calling a method in the system process without a qualified user: android.app.ContextImpl.startService:1656 android.content.ContextWrapper.startService:644 android.content.ContextWrapper.startService:644 com.android.settings.wifi.AccessPointConnectedReceiver.onReceive:28 android.app.ActivityThread.handleReceiver:3695 
12-23 12:20:08.299   744   744 E wificond: Failed to get NL80211_STA_INFO_CNAHLOAD
12-23 12:20:11.318   744   744 E wificond: Failed to get NL80211_STA_INFO_CNAHLOAD
12-23 12:20:19.948   744   744 I chatty  : uid=1010(wifi) /system/bin/wificond identical 10 lines
12-23 12:20:20.384   744   744 E wificond: Failed to get NL80211_STA_INFO_CNAHLOAD
12-23 12:20:21.437   493   633 W SocketListener: sending broadcast to Pid = 683, Uid = 1000 
12-23 12:20:21.446   683  1163 I chatty  : uid=1000(system) android.fg expire 11 lines
12-23 12:20:21.455   683 10292 I chatty  : uid=1000(system) Binder:683_1E expire 8 lines
12-23 12:20:22.985   493   633 W SocketListener: sending broadcast to Pid = 683, Uid = 1000 
12-23 12:20:23.017   683  1152 I chatty  : uid=1000(system) batterystats-sy expire 5 lines
12-23 12:20:23.404   744   744 E wificond: Failed to get NL80211_STA_INFO_CNAHLOAD
12-23 12:20:25.851   683 10397 I chatty  : uid=1000(system) Binder:683_20 expire 15 lines
12-23 12:20:26.433   744   744 E wificond: Failed to get NL80211_STA_INFO_CNAHLOAD
12-23 12:20:27.955   744   744 E wificond: Failed to get NL80211_STA_INFO_CNAHLOAD
12-23 12:20:28.159   683  1967 I chatty  : uid=1000(system) Binder:683_9 expire 10 lines
12-23 12:20:29.464   744   744 E wificond: Failed to get NL80211_STA_INFO_CNAHLOAD
12-23 12:20:32.485   744   744 E wificond: Failed to get NL80211_STA_INFO_CNAHLOAD
12-23 12:20:34.678   683  1874 I chatty  : uid=1000(system) watchdog expire 6 lines
12-23 12:20:35.507   744   744 E wificond: Failed to get NL80211_STA_INFO_CNAHLOAD
12-23 12:20:35.964   744   744 E wificond: Failed to get NL80211_STA_INFO_CNAHLOAD
12-23 12:20:38.532   744   744 E wificond: Failed to get NL80211_STA_INFO_CNAHLOAD
12-23 12:20:41.554   744   744 E wificond: Failed to get NL80211_STA_INFO_CNAHLOAD
12-23 12:20:44.576   744   744 E wificond: Failed to get NL80211_STA_INFO_CNAHLOAD
12-23 12:20:45.663   493   633 W SocketListener: sending broadcast to Pid = 683, Uid = 1000 
12-23 12:20:45.666   683  1393 I chatty  : uid=1000(system) NetdConnector expire 10 lines
12-23 12:20:47.599   744   744 E wificond: Failed to get NL80211_STA_INFO_CNAHLOAD
12-23 12:20:49.121   493   633 W SocketListener: sending broadcast to Pid = 683, Uid = 1000 
12-23 12:20:50.235   742   823 E /system/bin/storaged: open file /data/storaged/storaged.txt failed!2
12-23 12:20:50.236   742   823 E /system/bin/storaged: write(append)  diskstat data failed!ts:1545538850,read bytes:3602145280, write bytes: 690909184
12-23 12:20:50.290   742   823 E /system/bin/storaged: curr_io_stats:  size: 281
12-23 12:20:50.297   742   823 E /system/bin/storaged: open file /data/storaged/storaged.txt failed!2
12-23 12:20:50.297   742   823 E /system/bin/storaged: write(append)  uid data failed!
12-23 12:20:50.298   742   823 E /system/bin/storaged: pid_info get_pids failed
12-23 12:20:50.620   744   744 E wificond: Failed to get NL80211_STA_INFO_CNAHLOAD
12-23 12:20:53.639   744   744 I chatty  : uid=1010(wifi) /system/bin/wificond identical 11 lines
12-23 12:20:56.662   744   744 E wificond: Failed to get NL80211_STA_INFO_CNAHLOAD
12-23 12:20:59.682   744   744 E wificond: Failed to get NL80211_STA_INFO_CNAHLOAD
12-23 12:20:59.916   683  1466 I chatty  : uid=1000(system) StatisticsCHRMs expire 4 lines
12-23 12:20:59.984   744   744 E wificond: Failed to get NL80211_STA_INFO_CNAHLOAD
12-23 12:20:59.990   744   744 E wificond: Failed to get NL80211_STA_INFO_CNAHLOAD
12-23 12:21:02.704   744   744 E wificond: Failed to get NL80211_STA_INFO_CNAHLOAD
12-23 12:21:05.726   744   744 E wificond: Failed to get NL80211_STA_INFO_CNAHLOAD
12-23 12:21:20.833   744   744 E wificond: Failed to get NL80211_STA_INFO_CNAHLOAD
12-23 12:21:23.103   493   633 W SocketListener: sending broadcast to Pid = 683, Uid = 1000 
12-23 12:21:23.854   744   744 E wificond: Failed to get NL80211_STA_INFO_CNAHLOAD
12-23 12:21:26.879   744   744 I chatty  : uid=1010(wifi) /system/bin/wificond identical 10 lines
12-23 12:21:29.900   744   744 E wificond: Failed to get NL80211_STA_INFO_CNAHLOAD
12-23 12:21:30.837   493   633 W SocketListener: sending broadcast to Pid = 683, Uid = 1000 
12-23 12:21:31.812   683  1352 I chatty  : uid=1000(system) UEventObserver expire 2 lines
12-23 12:21:32.011   744   744 E wificond: Failed to get NL80211_STA_INFO_CNAHLOAD
12-23 12:21:32.017   744   744 E wificond: Failed to get NL80211_STA_INFO_CNAHLOAD
12-23 12:21:32.925   744   744 E wificond: Failed to get NL80211_STA_INFO_CNAHLOAD
12-23 12:21:32.964   683  1006 I chatty  : uid=1000(system) Binder:683_2 expire 11 lines
12-23 12:21:35.955   744   744 E wificond: Failed to get NL80211_STA_INFO_CNAHLOAD
12-23 12:21:37.973   683 10397 I chatty  : uid=1000(system) Binder:683_20 expire 17 lines
12-23 12:21:38.986   744   744 E wificond: Failed to get NL80211_STA_INFO_CNAHLOAD
12-23 12:21:45.029   744   744 E wificond: Failed to get NL80211_STA_INFO_CNAHLOAD
12-23 12:21:48.033   744   744 E wificond: Failed to get NL80211_STA_INFO_CNAHLOAD
12-23 12:21:54.104   744   744 E wificond: Failed to get NL80211_STA_INFO_CNAHLOAD
12-23 12:21:55.987   683  1148 I chatty  : uid=1000(system) android.ui expire 39 lines
12-23 12:21:56.032   744   744 E wificond: Failed to get NL80211_STA_INFO_CNAHLOAD
12-23 12:21:57.131   744   744 E wificond: Failed to get NL80211_STA_INFO_CNAHLOAD
12-23 12:22:00.166   744   744 E wificond: Failed to get NL80211_STA_INFO_CNAHLOAD
12-23 12:22:03.210   744   744 E wificond: Failed to get NL80211_STA_INFO_CNAHLOAD
12-23 12:22:04.036   744   744 I chatty  : uid=1010(wifi) /system/bin/wificond identical 10 lines
12-23 12:22:04.043   744   744 E wificond: Failed to get NL80211_STA_INFO_CNAHLOAD
12-23 12:22:05.411   683  1967 I chatty  : uid=1000(system) Binder:683_9 expire 13 lines
12-23 12:22:06.235   744   744 E wificond: Failed to get NL80211_STA_INFO_CNAHLOAD
12-23 12:22:08.158   493   633 W SocketListener: sending broadcast to Pid = 683, Uid = 1000 
12-23 12:22:09.258   744   744 E wificond: Failed to get NL80211_STA_INFO_CNAHLOAD
12-23 12:22:18.341   744   744 E wificond: Failed to get NL80211_STA_INFO_CNAHLOAD
12-23 12:22:19.227   683  1148 I chatty  : uid=1000(system) android.ui expire 13 lines
12-23 12:22:20.041   744   744 E wificond: Failed to get NL80211_STA_INFO_CNAHLOAD
12-23 12:22:21.366   744   744 E wificond: Failed to get NL80211_STA_INFO_CNAHLOAD
12-23 12:22:21.729   493   633 W SocketListener: sending broadcast to Pid = 683, Uid = 1000 
12-23 12:22:21.731   683  1393 I chatty  : uid=1000(system) NetdConnector expire 4 lines
12-23 12:22:24.387   744   744 E wificond: Failed to get NL80211_STA_INFO_CNAHLOAD
12-23 12:22:33.468   744   744 E wificond: Failed to get NL80211_STA_INFO_CNAHLOAD
12-23 12:22:36.050   744   744 E wificond: Failed to get NL80211_STA_INFO_CNAHLOAD
12-23 12:22:36.057   744   744 I chatty  : uid=1010(wifi) /system/bin/wificond identical 10 lines
12-23 12:22:36.489   744   744 E wificond: Failed to get NL80211_STA_INFO_CNAHLOAD
12-23 12:22:39.513   744   744 E wificond: Failed to get NL80211_STA_INFO_CNAHLOAD
12-23 12:22:48.582   744   744 E wificond: Failed to get NL80211_STA_INFO_CNAHLOAD
12-23 12:22:48.664   683  1006 I chatty  : uid=1000(system) Binder:683_2 expire 11 lines
12-23 12:22:51.604   744   744 E wificond: Failed to get NL80211_STA_INFO_CNAHLOAD
12-23 12:22:54.626   744   744 E wificond: Failed to get NL80211_STA_INFO_CNAHLOAD
12-23 12:22:54.857   683  1148 I chatty  : uid=1000(system) android.ui expire 13 lines
12-23 12:22:55.133   493   637 W SocketListener: sending broadcast to Pid = 683, Uid = 1000 
12-23 12:22:55.230   683  1400 I chatty  : uid=1000(system) HwWifiCHRStateM expire 6 lines
12-23 12:22:55.408 28457 28457 D ActivityThread: ActivityThread,attachApplication
12-23 12:22:57.649   744   744 E wificond: Failed to get NL80211_STA_INFO_CNAHLOAD
12-23 12:23:00.003   683   683 I chatty  : uid=1000 system_server expire 5 lines
12-23 12:23:00.066   744   744 E wificond: Failed to get NL80211_STA_INFO_CNAHLOAD
12-23 12:23:00.080   744   744 E wificond: Failed to get NL80211_STA_INFO_CNAHLOAD
12-23 12:23:00.671   744   744 E wificond: Failed to get NL80211_STA_INFO_CNAHLOAD
12-23 12:23:03.698   744   744 E wificond: Failed to get NL80211_STA_INFO_CNAHLOAD
12-23 12:23:06.723   744   744 E wificond: Failed to get NL80211_STA_INFO_CNAHLOAD
12-23 12:23:08.081   744   744 E wificond: Failed to get NL80211_STA_INFO_CNAHLOAD
12-23 12:23:09.136   683 10397 I chatty  : uid=1000(system) Binder:683_20 expire 7 lines
12-23 12:23:09.261   683  1945 I chatty  : uid=1000(system) Binder:683_7 expire 2 lines
12-23 12:23:09.424   683  1966 I chatty  : uid=1000(system) Binder:683_8 expire 2 lines
12-23 12:23:09.742   744   744 E wificond: Failed to get NL80211_STA_INFO_CNAHLOAD
12-23 12:23:12.760   744   744 E wificond: Failed to get NL80211_STA_INFO_CNAHLOAD
12-23 12:23:16.085   744   744 E wificond: Failed to get NL80211_STA_INFO_CNAHLOAD
12-23 12:23:18.336   683  1967 I chatty  : uid=1000(system) Binder:683_9 expire 11 lines
12-23 12:23:18.805   744   744 E wificond: Failed to get NL80211_STA_INFO_CNAHLOAD
12-23 12:23:20.293   683  1151 I chatty  : uid=1000(system) keyAppHanderThr expire 1 line
12-23 12:23:20.858   683   683 I chatty  : uid=1000 system_server expire 10 lines
12-23 12:23:21.786   683  1146 I chatty  : uid=1000(system) ActivityManager expire 9 lines
12-23 12:23:21.826   744   744 E wificond: Failed to get NL80211_STA_INFO_CNAHLOAD
12-23 12:23:24.085   744   744 I chatty  : uid=1010(wifi) /system/bin/wificond identical 12 lines
12-23 12:23:24.091   744   744 E wificond: Failed to get NL80211_STA_INFO_CNAHLOAD
12-23 12:23:24.843   744   744 E wificond: Failed to get NL80211_STA_INFO_CNAHLOAD
12-23 12:23:27.868   744   744 E wificond: Failed to get NL80211_STA_INFO_CNAHLOAD
12-23 12:23:28.540  1798  8448 I ContextImpl: ContextImpl#createApplicationContext pi.resDir is/data/app/com.huawei.health-zWVGnnCpQRKFGYEpjQbyhQ==/base.apk
12-23 12:23:28.555  1508  1508 I ContextImpl: ContextImpl#createApplicationContext pi.resDir is/data/app/com.huawei.health-zWVGnnCpQRKFGYEpjQbyhQ==/base.apk
12-23 12:23:28.580  1508  1508 I ContextImpl: ContextImpl#createApplicationContext pi.resDir is/data/app/com.huawei.health-zWVGnnCpQRKFGYEpjQbyhQ==/base.apk
12-23 12:23:28.582  1508  1760 I ContextImpl: ContextImpl#createApplicationContext pi.resDir is/data/app/com.huawei.health-zWVGnnCpQRKFGYEpjQbyhQ==/base.apk
12-23 12:23:28.584  1508  1508 I ContextImpl: ContextImpl#createApplicationContext pi.resDir is/data/app/com.huawei.health-zWVGnnCpQRKFGYEpjQbyhQ==/base.apk
12-23 12:23:28.587  1508  1508 I ContextImpl: ContextImpl#createApplicationContext pi.resDir is/data/app/com.huawei.health-zWVGnnCpQRKFGYEpjQbyhQ==/base.apk
12-23 12:23:29.111  1508  1508 I ContextImpl: ContextImpl#createApplicationContext pi.resDir is/data/app/com.huawei.health-zWVGnnCpQRKFGYEpjQbyhQ==/base.apk
12-23 12:23:29.112  1798  8448 I ContextImpl: ContextImpl#createApplicationContext pi.resDir is/data/app/com.huawei.health-zWVGnnCpQRKFGYEpjQbyhQ==/base.apk
12-23 12:23:29.119  1508  1508 I ContextImpl: ContextImpl#createApplicationContext pi.resDir is/data/app/com.huawei.health-zWVGnnCpQRKFGYEpjQbyhQ==/base.apk
12-23 12:23:29.121  1508  1760 I ContextImpl: ContextImpl#createApplicationContext pi.resDir is/data/app/com.huawei.health-zWVGnnCpQRKFGYEpjQbyhQ==/base.apk
12-23 12:23:29.125  1508  1508 I ContextImpl: ContextImpl#createApplicationContext pi.resDir is/data/app/com.huawei.health-zWVGnnCpQRKFGYEpjQbyhQ==/base.apk
12-23 12:23:29.129  1508  1508 I ContextImpl: ContextImpl#createApplicationContext pi.resDir is/data/app/com.huawei.health-zWVGnnCpQRKFGYEpjQbyhQ==/base.apk
12-23 12:23:30.888   744   744 E wificond: Failed to get NL80211_STA_INFO_CNAHLOAD
12-23 12:23:33.909   744   744 E wificond: Failed to get NL80211_STA_INFO_CNAHLOAD
12-23 12:23:34.691   683  1874 I chatty  : uid=1000(system) watchdog expire 6 lines
12-23 12:23:36.932   744   744 E wificond: Failed to get NL80211_STA_INFO_CNAHLOAD
12-23 12:23:40.107   744   744 E wificond: Failed to get NL80211_STA_INFO_CNAHLOAD
12-23 12:23:41.592   683 10292 I chatty  : uid=1000(system) Binder:683_1E expire 13 lines
12-23 12:23:41.674   683 10397 I chatty  : uid=1000(system) Binder:683_20 expire 15 lines
12-23 12:23:42.980   744   744 E wificond: Failed to get NL80211_STA_INFO_CNAHLOAD
12-23 12:23:43.983   683  1945 I chatty  : uid=1000(system) Binder:683_7 expire 3 lines
12-23 12:23:46.005   744   744 E wificond: Failed to get NL80211_STA_INFO_CNAHLOAD
12-23 12:23:58.102   744   744 E wificond: Failed to get NL80211_STA_INFO_CNAHLOAD
12-23 12:24:01.126   744   744 E wificond: Failed to get NL80211_STA_INFO_CNAHLOAD
12-23 12:24:04.133   744   744 I chatty  : uid=1010(wifi) /system/bin/wificond identical 11 lines
12-23 12:24:04.148   744   744 E wificond: Failed to get NL80211_STA_INFO_CNAHLOAD
12-23 12:24:07.169   744   744 E wificond: Failed to get NL80211_STA_INFO_CNAHLOAD
12-23 12:24:13.215   744   744 E wificond: Failed to get NL80211_STA_INFO_CNAHLOAD
12-23 12:24:16.240   744   744 E wificond: Failed to get NL80211_STA_INFO_CNAHLOAD
12-23 12:24:16.427   683  1966 I chatty  : uid=1000(system) Binder:683_8 expire 10 lines
12-23 12:24:19.265   744   744 E wificond: Failed to get NL80211_STA_INFO_CNAHLOAD
12-23 12:24:20.141   744   744 E wificond: Failed to get NL80211_STA_INFO_CNAHLOAD
12-23 12:24:22.287   744   744 E wificond: Failed to get NL80211_STA_INFO_CNAHLOAD
12-23 12:24:23.327   493   633 W SocketListener: sending broadcast to Pid = 683, Uid = 1000 
12-23 12:24:23.330   683  1393 I chatty  : uid=1000(system) NetdConnector expire 8 lines
12-23 12:24:23.334   683  1163 I chatty  : uid=1000(system) android.fg expire 4 lines
12-23 12:24:25.307   744   744 E wificond: Failed to get NL80211_STA_INFO_CNAHLOAD
12-23 12:24:27.193   493   633 W SocketListener: sending broadcast to Pid = 683, Uid = 1000 
12-23 12:24:28.138   744   744 E wificond: Failed to get NL80211_STA_INFO_CNAHLOAD
12-23 12:24:34.371   744   744 E wificond: Failed to get NL80211_STA_INFO_CNAHLOAD
12-23 12:24:36.140   744   744 E wificond: Failed to get NL80211_STA_INFO_CNAHLOAD
12-23 12:24:40.416   744   744 E wificond: Failed to get NL80211_STA_INFO_CNAHLOAD
12-23 12:24:40.836   683  1148 I chatty  : uid=1000(system) android.ui expire 65 lines
12-23 12:24:43.436   744   744 E wificond: Failed to get NL80211_STA_INFO_CNAHLOAD
12-23 12:24:44.149   744   744 E wificond: Failed to get NL80211_STA_INFO_CNAHLOAD
12-23 12:24:44.157   744   744 E wificond: Failed to get NL80211_STA_INFO_CNAHLOAD
12-23 12:24:46.456   683  1967 I chatty  : uid=1000(system) Binder:683_9 expire 10 lines
12-23 12:24:46.464   744   744 E wificond: Failed to get NL80211_STA_INFO_CNAHLOAD
12-23 12:24:49.488   744   744 E wificond: Failed to get NL80211_STA_INFO_CNAHLOAD
12-23 12:24:52.157   744   744 E wificond: Failed to get NL80211_STA_INFO_CNAHLOAD
12-23 12:24:52.165   744   744 I chatty  : uid=1010(wifi) /system/bin/wificond identical 11 lines
12-23 12:24:52.508   744   744 E wificond: Failed to get NL80211_STA_INFO_CNAHLOAD
12-23 12:24:52.947   683  1148 I chatty  : uid=1000(system) android.ui expire 26 lines
12-23 12:24:55.531   744   744 E wificond: Failed to get NL80211_STA_INFO_CNAHLOAD
12-23 12:24:58.556   744   744 E wificond: Failed to get NL80211_STA_INFO_CNAHLOAD
12-23 12:25:00.003   683   683 I chatty  : uid=1000 system_server expire 11 lines
12-23 12:25:00.174   744   744 E wificond: Failed to get NL80211_STA_INFO_CNAHLOAD
12-23 12:25:00.187   744   744 E wificond: Failed to get NL80211_STA_INFO_CNAHLOAD
12-23 12:25:01.578   744   744 E wificond: Failed to get NL80211_STA_INFO_CNAHLOAD
12-23 12:25:04.599   744   744 E wificond: Failed to get NL80211_STA_INFO_CNAHLOAD
12-23 12:25:07.622   744   744 E wificond: Failed to get NL80211_STA_INFO_CNAHLOAD
12-23 12:25:08.172   744   744 E wificond: Failed to get NL80211_STA_INFO_CNAHLOAD
12-23 12:25:16.687   744   744 E wificond: Failed to get NL80211_STA_INFO_CNAHLOAD
12-23 12:25:18.894   683 10397 I chatty  : uid=1000(system) Binder:683_20 expire 5 lines
12-23 12:25:19.708   744   744 E wificond: Failed to get NL80211_STA_INFO_CNAHLOAD
12-23 12:25:22.728   744   744 E wificond: Failed to get NL80211_STA_INFO_CNAHLOAD
12-23 12:25:23.168   493   633 W SocketListener: sending broadcast to Pid = 683, Uid = 1000 
12-23 12:25:23.454   493   633 W SocketListener: sending broadcast to Pid = 683, Uid = 1000 
12-23 12:25:23.478   683  1152 I chatty  : uid=1000(system) batterystats-sy expire 3 lines
12-23 12:25:24.186   744   744 E wificond: Failed to get NL80211_STA_INFO_CNAHLOAD
12-23 12:25:32.202   744   744 E wificond: Failed to get NL80211_STA_INFO_CNAHLOAD
12-23 12:25:34.813   744   744 E wificond: Failed to get NL80211_STA_INFO_CNAHLOAD
12-23 12:25:48.216   744   744 I chatty  : uid=1010(wifi) /system/bin/wificond identical 10 lines
12-23 12:25:49.921   744   744 E wificond: Failed to get NL80211_STA_INFO_CNAHLOAD
12-23 12:25:52.946   744   744 E wificond: Failed to get NL80211_STA_INFO_CNAHLOAD
12-23 12:25:55.967   744   744 E wificond: Failed to get NL80211_STA_INFO_CNAHLOAD
12-23 12:25:58.991   744   744 E wificond: Failed to get NL80211_STA_INFO_CNAHLOAD
12-23 12:26:02.012   744   744 E wificond: Failed to get NL80211_STA_INFO_CNAHLOAD
12-23 12:26:03.345   683  7232 I chatty  : uid=1000(system) Binder:683_15 expire 8 lines
12-23 12:26:03.375   683  1876 I chatty  : uid=1000(system) LocationThread expire 7 lines
12-23 12:26:03.382   683 28575 I chatty  : uid=1000 system_server expire 2 lines
12-23 12:26:03.391   683 28576 I chatty  : uid=1000 system_server expire 1 line
12-23 12:26:03.420   751   751 D libgps  : proxy_gps_inject_location: called.
12-23 12:26:03.617   683 28581 I chatty  : uid=1000 system_server expire 2 lines
12-23 12:26:03.625   683 28582 I chatty  : uid=1000 system_server expire 1 line
12-23 12:26:03.637   751   751 D libgps  : proxy_gps_inject_location: called.
12-23 12:26:04.225   744   744 E wificond: Failed to get NL80211_STA_INFO_CNAHLOAD
12-23 12:26:04.231   744   744 E wificond: Failed to get NL80211_STA_INFO_CNAHLOAD
12-23 12:26:05.030   744   744 E wificond: Failed to get NL80211_STA_INFO_CNAHLOAD
12-23 12:26:08.054   744   744 E wificond: Failed to get NL80211_STA_INFO_CNAHLOAD
12-23 12:26:08.554   683  1379 I chatty  : uid=1000(system) InputDispatcher expire 9 lines
12-23 12:26:08.719   683  1423 I chatty  : uid=1000(system) AudioService expire 10 lines
