12-23 14:23:20.750  7145  7145 I PushLog80200101: [main-1]Report BI event, cmd =cosa, msgid = -1197334527, eventId = 2,notifyId= 931043644(pushagent/BIReporter.java:107)
12-23 14:23:20.753  7145  7145 I HiAnalytics: [2018-12-23 14:23:20.751 I/hianalytics/HiAnalytics 7145:1 null:6] HiAnalytics.onEvent(String eventId, Map<String, String> mapValue) is execute.
12-23 14:23:20.754 32034 32034 I         : power log dlsym ok
12-23 14:23:20.755  1961  2090 I AppManager: app:com.huawei.trustspace Notification update time:141911651
12-23 14:23:20.757 32034 32034 I zygote64: Reinit property: dalvik.vm.checkjni= false
12-23 14:23:20.762  7145  7145 I HiAnalytics: [2018-12-23 14:23:20.754 I/hianalytics/HiAnalytics 7145:1 null:6] HiAnalytics.onReport() is execute.
12-23 14:23:20.763  7145  7145 I PushLog80200101: [main-1]report success(pushagent/BIReporter.java:136)
12-23 14:23:20.764   683  9685 I ActivityManager: Start proc 32034:com.huawei.parentcontrol/u0a57 for content provider com.huawei.parentcontrol/.provider.ContentProviders
12-23 14:23:20.764  7145 31220 I HiAnalytics: [2018-12-23 14:23:20.763 I/hianalytics/HiAnalytics 7145:1848 null:6] run report
12-23 14:23:20.765   683  9990 V BroadcastQueue: Finished with ordered broadcast BroadcastRecord{580105b u0 com.huawei.intent.action.PUSH_DELAY_NOTIFY}
12-23 14:23:20.765   683  9685 V ActivityManager_MU: Waiting to start provider ContentProviderRecord{758a209 u0 com.huawei.parentcontrol/.provider.ContentProviders} launchingApp=ProcessRecord{5aed710 32034:com.huawei.parentcontrol/u0a57} caller pid= 13906
12-23 14:23:20.766  7145 31220 W StorageUtil: [2018-12-23 14:23:20.765 W/hianalytics/StorageUtil 7145:1848 null:72] getInfoFromFile(): is not found file
12-23 14:23:20.766  7145 31220 I HiAnalytics: [2018-12-23 14:23:20.766 I/hianalytics/HiAnalytics 7145:1848 null:6] clear data file start!
12-23 14:23:20.770 32034 32034 D ActivityThread: ActivityThread,attachApplication
12-23 14:23:20.774  7145 31221 I HiAnalytics: [2018-12-23 14:23:20.774 I/hianalytics/HiAnalytics 7145:1849 null:6]  begin to send event data
12-23 14:23:20.774   683  1768 D ActivityManager: ActivityManagerService,attachApplication,callingPid = 32034
12-23 14:23:20.777  7145  7145 I PushLog80200101: [main-1]push receive broadcast message, Intent:com.huawei.intent.action.PUSH_DELAY_NOTIFY pkgName:com.huawei.android.pushagent(pushagent/PushEventReceiver.java:39)
12-23 14:23:20.778  7145  7145 I PushLog80200101: [main-1]action is com.huawei.intent.action.PUSH_DELAY_NOTIFY(pushagent/PushEventReceiver.java:51)
12-23 14:23:20.779  7145 31221 I HiAnalytics: [2018-12-23 14:23:20.778 I/hianalytics/HiAnalytics 7145:1849 null:13] sendData RequestId : fce0e0a8dbb749bbb7822dc2303cb6ce
12-23 14:23:20.780  7145  7145 I PushLog80200101: [main-1]run push selfshow(pushagent/PushEventReceiver.java:142)
12-23 14:23:20.781  7145  7145 I PushLog80200101: [main-1]get notifyId:931043648(pushagent/SelfShowReceiver.java:94)
12-23 14:23:20.782  7145  7145 I PushLog80200101: [main-1]getEmuiLevel:14(pushagent/BaseUtil.java:179)
12-23 14:23:20.787  7145  7145 I PushLog80200101: [main-1] init NC BI reporter.(pushagent/BIReporter.java:49)
12-23 14:23:20.788  7145  7145 I HiAnalytics: [2018-12-23 14:23:20.788 I/hianalytics/HiAnalytics 7145:1 null:12] Builder.setCollectURL(int type,String collectURL) is execute.
12-23 14:23:20.790  7145  7145 I HiAnalytics: [2018-12-23 14:23:20.789 I/hianalytics/HiAnalytics 7145:1 null:6] Builder.setChannel(String channel) is execute.
12-23 14:23:20.791  7145  7145 I HiAnalytics: [2018-12-23 14:23:20.790 I/hianalytics/HiAnalytics 7145:1 null:6] Builder.create() is execute.
12-23 14:23:20.792  3413  6655 I chatty  : uid=10099(u0_a99) Binder:3413_B expire 1 line
12-23 14:23:20.792  7145  7145 I hianalytics: [2018-12-23 14:23:20.792 I/hianalytics/hianalytics 7145:1 null:3]
12-23 14:23:20.792  7145  7145 I hianalytics:  
12-23 14:23:20.792  7145  7145 I hianalytics: ============================================================================
12-23 14:23:20.792  7145  7145 I hianalytics: ====== HiAnalytics-2.0.0.307
12-23 14:23:20.792  7145  7145 I hianalytics: ============================================================================
12-23 14:23:20.793  7145  7145 I PushLog80200101: [main-1]Report BI event, cmd =cosa, msgid = -1195229183, eventId = 2,notifyId= 931043648(pushagent/BIReporter.java:107)
12-23 14:23:20.794  7145  7145 I HiAnalytics: [2018-12-23 14:23:20.793 I/hianalytics/HiAnalytics 7145:1 null:6] HiAnalytics.onEvent(String eventId, Map<String, String> mapValue) is execute.
12-23 14:23:20.795  7145  7145 I HiAnalytics: [2018-12-23 14:23:20.794 I/hianalytics/HiAnalytics 7145:1 null:6] HiAnalytics.onReport() is execute.
12-23 14:23:20.796  7145  7145 I PushLog80200101: [main-1]report success(pushagent/BIReporter.java:136)
12-23 14:23:20.796   683  1768 V BroadcastQueue: Finished with ordered broadcast BroadcastRecord{ecf89d1 u0 com.huawei.intent.action.PUSH_DELAY_NOTIFY}
12-23 14:23:20.798  7145  7145 I PushLog80200101: [main-1]push receive broadcast message, Intent:com.huawei.intent.action.PUSH_DELAY_NOTIFY pkgName:com.huawei.android.pushagent(pushagent/PushEventReceiver.java:39)
12-23 14:23:20.799  7145  7145 I PushLog80200101: [main-1]action is com.huawei.intent.action.PUSH_DELAY_NOTIFY(pushagent/PushEventReceiver.java:51)
12-23 14:23:20.799  7145  7145 I PushLog80200101: [main-1]run push selfshow(pushagent/PushEventReceiver.java:142)
12-23 14:23:20.800  7145  7145 I PushLog80200101: [main-1]get notifyId:931043664(pushagent/SelfShowReceiver.java:94)
12-23 14:23:20.800  7145  7145 I PushLog80200101: [main-1]getEmuiLevel:14(pushagent/BaseUtil.java:179)
12-23 14:23:20.801  3369  3369 D HiBoard_WearConnectionService: onConnectionFailed
12-23 14:23:20.801  7145  7145 I PushLog80200101: [main-1] init NC BI reporter.(pushagent/BIReporter.java:49)
12-23 14:23:20.802  7145  7145 I HiAnalytics: [2018-12-23 14:23:20.802 I/hianalytics/HiAnalytics 7145:1 null:12] Builder.setCollectURL(int type,String collectURL) is execute.
12-23 14:23:20.802  7145 31220 I HiAnalytics: [2018-12-23 14:23:20.802 I/hianalytics/HiAnalytics 7145:1848 null:6] run report
12-23 14:23:20.803  7145  7145 I HiAnalytics: [2018-12-23 14:23:20.802 I/hianalytics/HiAnalytics 7145:1 null:6] Builder.setChannel(String channel) is execute.
12-23 14:23:20.803   418   418 W /system/bin/hwservicemanager: Cannot open /odm/manifest.xml
12-23 14:23:20.803  7145  7145 I HiAnalytics: [2018-12-23 14:23:20.803 I/hianalytics/HiAnalytics 7145:1 null:6] Builder.create() is execute.
12-23 14:23:20.803  7145  7145 I hianalytics: [2018-12-23 14:23:20.803 I/hianalytics/hianalytics 7145:1 null:3]
12-23 14:23:20.803  7145  7145 I hianalytics:  
12-23 14:23:20.803  7145  7145 I hianalytics: ============================================================================
12-23 14:23:20.803  7145  7145 I hianalytics: ====== HiAnalytics-2.0.0.307
12-23 14:23:20.803  7145  7145 I hianalytics: ============================================================================
12-23 14:23:20.804  7145 31220 W StorageUtil: [2018-12-23 14:23:20.803 W/hianalytics/StorageUtil 7145:1848 null:72] getInfoFromFile(): is not found file
12-23 14:23:20.804  7145  7145 I PushLog80200101: [main-1]Report BI event, cmd =cosa, msgid = -1207959551, eventId = 2,notifyId= 931043664(pushagent/BIReporter.java:107)
12-23 14:23:20.804  7145 31220 I HiAnalytics: [2018-12-23 14:23:20.804 I/hianalytics/HiAnalytics 7145:1848 null:6] clear data file start!
12-23 14:23:20.804  7145  7145 I HiAnalytics: [2018-12-23 14:23:20.804 I/hianalytics/HiAnalytics 7145:1 null:6] HiAnalytics.onEvent(String eventId, Map<String, String> mapValue) is execute.
12-23 14:23:20.804  7145  7145 I HiAnalytics: [2018-12-23 14:23:20.804 I/hianalytics/HiAnalytics 7145:1 null:6] HiAnalytics.onReport() is execute.
12-23 14:23:20.805  7145  7145 I PushLog80200101: [main-1]report success(pushagent/BIReporter.java:136)
12-23 14:23:20.822 32034 32034 D HwFLClassLoader: get used feature list :/feature/used-list failed!
12-23 14:23:20.823 32034 32034 D HwFLClassLoader: USE_FEATURE_LIST had not init! 
12-23 14:23:20.836   683  1768 V BroadcastQueue: Finished with ordered broadcast BroadcastRecord{3018c36 u0 com.huawei.intent.action.PUSH_DELAY_NOTIFY}
12-23 14:23:20.843  7145  7145 I PushLog80200101: [main-1]push receive broadcast message, Intent:com.huawei.intent.action.PUSH_DELAY_NOTIFY pkgName:com.huawei.android.pushagent(pushagent/PushEventReceiver.java:39)
12-23 14:23:20.843  7145  7145 I PushLog80200101: [main-1]action is com.huawei.intent.action.PUSH_DELAY_NOTIFY(pushagent/PushEventReceiver.java:51)
12-23 14:23:20.866   418   418 W /system/bin/hwservicemanager: Cannot open /odm/manifest.xml
12-23 14:23:20.873  7145  7145 I PushLog80200101: [main-1]run push selfshow(pushagent/PushEventReceiver.java:142)
12-23 14:23:20.874  7145  7145 I PushLog80200101: [main-1]get notifyId:931043680(pushagent/SelfShowReceiver.java:94)
12-23 14:23:20.874  7145  7145 I PushLog80200101: [main-1]getEmuiLevel:14(pushagent/BaseUtil.java:179)
12-23 14:23:20.876  7145  7145 I PushLog80200101: [main-1] init NC BI reporter.(pushagent/BIReporter.java:49)
12-23 14:23:20.877  7145  7145 I HiAnalytics: [2018-12-23 14:23:20.877 I/hianalytics/HiAnalytics 7145:1 null:12] Builder.setCollectURL(int type,String collectURL) is execute.
12-23 14:23:20.878  7145  7145 I HiAnalytics: [2018-12-23 14:23:20.877 I/hianalytics/HiAnalytics 7145:1 null:6] Builder.setChannel(String channel) is execute.
12-23 14:23:20.878  7145  7145 I HiAnalytics: [2018-12-23 14:23:20.878 I/hianalytics/HiAnalytics 7145:1 null:6] Builder.create() is execute.
12-23 14:23:20.880  7145  7145 I hianalytics: [2018-12-23 14:23:20.879 I/hianalytics/hianalytics 7145:1 null:3]
12-23 14:23:20.880  7145  7145 I hianalytics:  
12-23 14:23:20.880  7145  7145 I hianalytics: ============================================================================
12-23 14:23:20.880  7145  7145 I hianalytics: ====== HiAnalytics-2.0.0.307
12-23 14:23:20.880  7145  7145 I hianalytics: ============================================================================
12-23 14:23:20.880  7145  7145 I PushLog80200101: [main-1]Report BI event, cmd =cosa, msgid = -1128218623, eventId = 2,notifyId= 931043680(pushagent/BIReporter.java:107)
12-23 14:23:20.881  7145  7145 I HiAnalytics: [2018-12-23 14:23:20.881 I/hianalytics/HiAnalytics 7145:1 null:6] HiAnalytics.onEvent(String eventId, Map<String, String> mapValue) is execute.
12-23 14:23:20.882  7145  7145 I HiAnalytics: [2018-12-23 14:23:20.882 I/hianalytics/HiAnalytics 7145:1 null:6] HiAnalytics.onReport() is execute.
12-23 14:23:20.883  7145  7145 I PushLog80200101: [main-1]report success(pushagent/BIReporter.java:136)
12-23 14:23:20.900  7145 31220 I HiAnalytics: [2018-12-23 14:23:20.891 I/hianalytics/HiAnalytics 7145:1848 null:6] run report
12-23 14:23:20.902   683  2157 W ProcBatteryStats: timer is not running , not stop, name: android, uid: 1000, tag: dispatcher
12-23 14:23:20.908  7145 31220 W StorageUtil: [2018-12-23 14:23:20.904 W/hianalytics/StorageUtil 7145:1848 null:72] getInfoFromFile(): is not found file
12-23 14:23:20.909  7145 31220 I HiAnalytics: [2018-12-23 14:23:20.908 I/hianalytics/HiAnalytics 7145:1848 null:6] clear data file start!
12-23 14:23:20.910   683  2157 V BroadcastQueue: Finished with ordered broadcast BroadcastRecord{8255737 u0 com.huawei.intent.action.PUSH_DELAY_NOTIFY}
12-23 14:23:20.949  7145 31220 I HiAnalytics: [2018-12-23 14:23:20.948 I/hianalytics/HiAnalytics 7145:1848 null:6] run report
12-23 14:23:20.952  7145 31220 W StorageUtil: [2018-12-23 14:23:20.952 W/hianalytics/StorageUtil 7145:1848 null:72] getInfoFromFile(): is not found file
12-23 14:23:20.953  7145 31220 I HiAnalytics: [2018-12-23 14:23:20.953 I/hianalytics/HiAnalytics 7145:1848 null:6] clear data file start!
12-23 14:23:20.985  7145 31221 I HiAnalytics: [2018-12-23 14:23:20.984 I/hianalytics/HiAnalytics 7145:1849 null:13] PostRequest(byte[]) resultCode: 200
12-23 14:23:20.986  7145 31221 I HiAnalytics: [2018-12-23 14:23:20.986 I/hianalytics/HiAnalytics 7145:1849 null:13] data send result: true
12-23 14:23:20.988  7145 31221 I HiAnalytics: [2018-12-23 14:23:20.987 I/hianalytics/HiAnalytics 7145:1849 null:6]  begin to send event data
12-23 14:23:21.003  7145 31221 I HiAnalytics: [2018-12-23 14:23:21.002 I/hianalytics/HiAnalytics 7145:1849 null:13] sendData RequestId : a9103b0ea4984a07a69effd63bd57818
12-23 14:23:21.036 31471 31965 D Gallery2_MediaSync_MediaOperation: deleteBatch result: 10
12-23 14:23:21.038 31471 31965 D Gallery2_MediaSync: done a batch with operation, will wait 0
12-23 14:23:21.086 31767 31789 I zygote64: Waiting for a blocking GC ProfileSaver
12-23 14:23:21.088 32034 32034 E asset   : createFromFile(): lock file /data/resource-cache/system@emui@base@overlay@frameworkhwexthonor@frameworkhwexthonor.apk@idmap.
12-23 14:23:21.094 32034 32034 E asset   : createFromFile(): lock file /data/resource-cache/system@emui@base@overlay@frameworkhwexthonor@frameworkhwexthonor.apk@idmap.
12-23 14:23:21.097 32034 32034 W ResourceType: Found multiple library tables, ignoring...
12-23 14:23:21.100 31471 31965 D Gallery2_MediaSync: sync with operation record[10] cost time: 648
12-23 14:23:21.101 31471 31965 D Gallery2_MediaSync: sync done with operations. time cost(include sleep time): 2636
12-23 14:23:21.101 31471 31965 D Gallery2_Common_GalleryProvider: sync uri: content://com.huawei.gallery.provider/none/sycnner/0
12-23 14:23:21.111 31767 31789 I zygote64: WaitForGcToComplete blocked for 33.621ms for cause ProfileSaver
12-23 14:23:21.143   683  1399 I chatty  : uid=1000(system) HwWifiStatStore expire 18 lines
12-23 14:23:21.176   699   699 E WifiHAL : enter wifi_get_link_stats
12-23 14:23:21.187   744   744 E wificond: Failed to get NL80211_STA_INFO_CNAHLOAD
12-23 14:23:21.189  7145 31221 I HiAnalytics: [2018-12-23 14:23:21.187 I/hianalytics/HiAnalytics 7145:1849 null:13] PostRequest(byte[]) resultCode: 200
12-23 14:23:21.190  7145 31221 I HiAnalytics: [2018-12-23 14:23:21.189 I/hianalytics/HiAnalytics 7145:1849 null:13] data send result: true
12-23 14:23:21.191  7145 31221 I HiAnalytics: [2018-12-23 14:23:21.190 I/hianalytics/HiAnalytics 7145:1849 null:6]  begin to send event data
12-23 14:23:21.203 13906 32060 D NetworkSecurityConfig: No Network Security Config specified, using platform default
12-23 14:23:21.206  7145 31221 I HiAnalytics: [2018-12-23 14:23:21.197 I/hianalytics/HiAnalytics 7145:1849 null:13] sendData RequestId : cf92bdd779d24a84a107b1836fd54993
12-23 14:23:21.224  3971  3971 D TelephonyManager: getAllCellInfo calling app is com.baidu.map.location
12-23 14:23:21.226  1976  2267 W PhoneInterfaceManager: shouldBlockLocation running ...
12-23 14:23:21.226  1976  2267 I PhoneInterfaceManager: shouldBlockLocation  ret:false
12-23 14:23:21.230  1933  1946 D HwMSDPDeviceStatusServiceProxy: getCurrentDeviceStatus in
12-23 14:23:21.231  1933  1946 D ARMoudle.HwActivityRecognition: getCurrentActivityExtend
12-23 14:23:21.232   660   660 I ArData  : (ar_data_get_state:1203):id[2]
12-23 14:23:21.234  1933  1946 D ARMoudle.HwActivityRecognition: hwActivityEvent:[ ActivityChangedExtendEvent:
12-23 14:23:21.234  1933  1946 D ARMoudle.HwActivityRecognition:     Activity='android.activity_recognition.unknown', EventType=1, TimestampNs=141898446307430
12-23 14:23:21.234  1933  1946 D ARMoudle.HwActivityRecognition: ]
12-23 14:23:21.234  1933  1946 D HwMSDPDeviceStatusServiceProxy: timestampNs is (get) :141898446
12-23 14:23:21.234  1933  1946 D HwMSDPDeviceStatusServiceProxy: sensorHubStatus  is android.activity_recognition.unknownmEventType is 1mTimestampNs is 141898446
12-23 14:23:21.237  1933  1946 D HwMSDPStillStatusOfRelative: isMainSIMOkay main SIM card status is ready
12-23 14:23:21.238  1933  1946 D HwMSDPDeviceStatusServiceProxy: get current device status results is [ActivityChangedEvent:
12-23 14:23:21.238  1933  1946 D HwMSDPDeviceStatusServiceProxy: DeviceStatus='android.activity_recognition.still_of_relative_level_one',EventType='1',TimestampNs=141906060
12-23 14:23:21.238  1933  1946 D HwMSDPDeviceStatusServiceProxy: ]
12-23 14:23:21.240  1933  1946 D HwMSDPDeviceStatusService: hwMSDPDeviceStatusEvents  is [DeviceStatus='android.activity_recognition.still_of_relative_level_one',EventType='1',TimestampNs=141906060]
12-23 14:23:21.258   683  1165 I chatty  : uid=1000(system) android.display expire 12 lines
12-23 14:23:21.268   683  5715 I chatty  : uid=1000(system) MobileQosDetect expire 13 lines
12-23 14:23:21.270   683  2152 W ProcBatteryStats: timer is running , not start, name: com.android.phone, uid: 1001, tag: RILJ
12-23 14:23:21.275   683  1768 W ProcBatteryStats: timer is not running , not stop, name: com.android.phone, uid: 1001, tag: RILJ
12-23 14:23:21.280  3971  3971 D baidu_location_service: start network locating ...false  true
12-23 14:23:21.280  3971  3971 D NLP_STA : network locating ...false  true
12-23 14:23:21.288  3971  3971 D TelephonyManager: getAllCellInfo calling app is com.baidu.map.location
12-23 14:23:21.289  1976  2267 W PhoneInterfaceManager: shouldBlockLocation running ...
12-23 14:23:21.290  1976  2267 I PhoneInterfaceManager: shouldBlockLocation  ret:false
12-23 14:23:21.302   683  9685 V ActivityManager: Successfully start provider ContentProviderRecord{758a209 u0 com.huawei.parentcontrol/.provider.ContentProviders} launchingApp=ProcessRecord{5aed710 32034:com.huawei.parentcontrol/u0a57} caller pid= 13906
12-23 14:23:21.302 32034 32034 E MemoryLeakMonitorManager: MemoryLeakMonitor.jar is not exist!
12-23 14:23:21.306 32034 32034 E Minikin : Could not get cmap table size!
12-23 14:23:21.311   493 32061 W libc    : Set property "hw.wifi.dns_stat" to "643,23,13448,1,120920"
12-23 14:23:21.332  7145 31221 I HiAnalytics: [2018-12-23 14:23:21.330 I/hianalytics/HiAnalytics 7145:1849 null:13] PostRequest(byte[]) resultCode: 200
12-23 14:23:21.334  7145 31221 I HiAnalytics: [2018-12-23 14:23:21.333 I/hianalytics/HiAnalytics 7145:1849 null:13] data send result: true
12-23 14:23:21.336  7145 31221 I HiAnalytics: [2018-12-23 14:23:21.334 I/hianalytics/HiAnalytics 7145:1849 null:6]  begin to send event data
12-23 14:23:21.336  3971  3971 D TelephonyManager: getAllCellInfo calling app is com.baidu.map.location
12-23 14:23:21.339  1976  2267 W PhoneInterfaceManager: shouldBlockLocation running ...
12-23 14:23:21.339  1976  2267 I PhoneInterfaceManager: shouldBlockLocation  ret:false
12-23 14:23:21.342  7145 31221 I HiAnalytics: [2018-12-23 14:23:21.341 I/hianalytics/HiAnalytics 7145:1849 null:13] sendData RequestId : 9f21e880d399443b816acc46e4f39afc
12-23 14:23:21.354  3971  3971 D TelephonyManager: getNeighboringCellInfo calling app is com.baidu.map.location
12-23 14:23:21.358  1976  2267 W PhoneInterfaceManager: shouldBlockLocation running ...
12-23 14:23:21.359  1976  2267 I PhoneInterfaceManager: shouldBlockLocation  ret:false
12-23 14:23:21.418   744   744 E wificond: Failed to get NL80211_STA_INFO_CNAHLOAD
12-23 14:23:21.430   744   744 E wificond: Failed to get NL80211_STA_INFO_CNAHLOAD
12-23 14:23:21.431   683  1470 I chatty  : uid=1000(system) HuaweiWifiWatch expire 48 lines
12-23 14:23:21.454   683  9685 V WindowManager: removeIfPossible: Window{7c0580a u0 com.android.settings} callers=com.android.server.wm.WindowState.removeIfPossible:1914 com.android.server.wm.WindowManagerService.removeWindow:2032 com.android.server.wm.Session.remove:218 android.view.IWindowSession$Stub.onTransact:242 com.android.server.wm.Session.onTransact:161 
12-23 14:23:21.456  1961  2326 I ash     : view remove pid:12219 uid:1000
12-23 14:23:21.458   683  9685 V WindowManager: Not removing Window{7c0580a u0 com.android.settings EXITING} due to exit animation 
12-23 14:23:21.474  7145 31221 I HiAnalytics: [2018-12-23 14:23:21.472 I/hianalytics/HiAnalytics 7145:1849 null:13] PostRequest(byte[]) resultCode: 200
12-23 14:23:21.475  7145 31221 I HiAnalytics: [2018-12-23 14:23:21.474 I/hianalytics/HiAnalytics 7145:1849 null:13] data send result: true
12-23 14:23:21.475   683  2951 I chatty  : uid=1000(system) wifipro_uid_tcp expire 18 lines
12-23 14:23:21.499  1992  1992 V InputMethodManager: Reporting focus gain, without startInput
12-23 14:23:21.513   683  1163 I UsbDeviceManager: Getting setFunction command for hisuite,mtp,mass_storage
12-23 14:23:21.520 12219 12219 W ContextImpl: Calling a method in the system process without a qualified user: android.app.ContextImpl.sendBroadcast:1074 android.content.ContextWrapper.sendBroadcast:431 com.android.settings.deviceinfo.UsbSettingsService$5.onClick:688 com.android.settings.deviceinfo.UsbSettingsService$DialogItemListener.onClick:725 com.android.internal.app.AlertController$AlertParams$3.onItemClick:1168 
12-23 14:23:21.542 24830 24830 D wpa_supp: nl80211: Drv Event 34 (NL80211_CMD_NEW_SCAN_RESULTS) received for wlan0
12-23 14:23:21.542 24830 24830 D wpa_supp: wlan0: nl80211: New scan results available
12-23 14:23:21.542 24830 24830 D wpa_supp: nl80211: Scan probed for SSID ''
12-23 14:23:21.542 24830 24830 D wpa_supp: nl80211: Scan included frequencies: 2412 2417 2422 2427 2432 2437 2442 2447 2452 2457 2462 2467 2472 5180 5200 5220 5240 5260 5280 5300 5320 5745 5765 5785 5805 5825
12-23 14:23:21.542 24830 24830 D wpa_supp: wlan0: Event SCAN_RESULTS (3) received
12-23 14:23:21.543 24830 24830 D wpa_supp: nl80211: Received scan results (17 BSSes)
12-23 14:23:21.543 24830 24830 D wpa_supp: nl80211: Scan results indicate BSS status with 80:**:**:**:60:89 as associated
12-23 14:23:21.543 24830 24830 D wpa_supp: OKC-Native: Okc ie is valid
12-23 14:23:21.543 24830 24830 D wpa_supp: OKC-Native: Receive okc ie, bssid=f4:**:**:**:49:c4 Target MAC=f4:**:**:**:49:c4
12-23 14:23:21.543 24830 24830 D wpa_supp: wlan0: BSS: Start scan result update 15
12-23 14:23:21.544 24830 24830 D wpa_supp: BSS: last_scan_res_used=17/64
12-23 14:23:21.544 24830 24830 D wpa_supp: wlan0: New scan results available (own=0 ext=1)
12-23 14:23:21.544 24830 24830 D wpa_supp: wlan0: Do not use results from externally requested scan operation for network selection
12-23 14:23:21.544 24830 24830 D wpa_supp: p2p-dev-wlan0: Updating scan results from sibling
12-23 14:23:21.545 24830 24830 D wpa_supp: nl80211: Received scan results (17 BSSes)
12-23 14:23:21.545 24830 24830 D wpa_supp: OKC-Native: Okc ie is valid
12-23 14:23:21.545 24830 24830 D wpa_supp: OKC-Native: Receive okc ie, bssid=f4:**:**:**:49:c4 Target MAC=f4:**:**:**:49:c4
12-23 14:23:21.545 24830 24830 D wpa_supp: p2p-dev-wlan0: BSS: Start scan result update 15
12-23 14:23:21.546 24830 24830 D wpa_supp: BSS: last_scan_res_used=17/64
12-23 14:23:21.546 24830 24830 D wpa_supp: p2p-dev-wlan0: New scan results available (own=0 ext=1)
12-23 14:23:21.546 24830 24830 D wpa_supp: p2p-dev-wlan0: Do not use results from externally requested scan operation for network selection
12-23 14:23:21.547   493   634 W SocketListener: sending broadcast to Pid = 683, Uid = 1000 
12-23 14:23:21.548   683  1393 D NetdConnector: RCV <- {600 Iface linkstate wlan0 up}
12-23 14:23:21.550   683  1408 D SmartHeartBeat: isPendingPackage, false, pkg:com.android.deskclock, action:com.android.deskclock.ALARM_ALERT,not pending alarm with AlarmClockInfo
12-23 14:23:21.550   683  1393 D NetdConnector: RCV <- {600 Iface linkstate wlan0 up}
12-23 14:23:21.558   683  1163 I UsbDeviceManager: add hdb is hisuite,mtp,mass_storage,adb,hdb
12-23 14:23:21.558   683  1163 I UsbDeviceManager: Setting USB config to hisuite,mtp,mass_storage,adb,hdb
12-23 14:23:21.561   683  1163 I chatty  : uid=1000(system) android.fg expire 9 lines
12-23 14:23:21.615   683  1408 I chatty  : uid=1000(system) WifiScanningSer expire 3 lines
12-23 14:23:21.627   756   968 W JankService: processEntry, not beta version or commercial log off
12-23 14:23:21.637  3971  3971 I NLP     : result:[location successful], reason:[network location]
12-23 14:23:21.662   683  8635 V BroadcastQueue: Finished with ordered broadcast BroadcastRecord{ece7828 u-1 android.net.wifi.SCAN_RESULTS}
12-23 14:23:21.698   683  2521 E HwUsbHDBManager: Wrong message: count=-1
12-23 14:23:21.748   683  1465 I chatty  : uid=1000(system) WifiProStateMac expire 7 lines
12-23 14:23:21.758   683  2521 E HwUsbHDBManager: open Socket lock failed
12-23 14:23:21.796   683  1876 D HwLocalLocationProvider: this loc is Better than Last Location
12-23 14:23:21.800  3413  3765 I chatty  : uid=10099(u0_a99) GoogleApiHandle expire 1 line
12-23 14:23:21.803   683  1967 I chatty  : uid=1000(system) Binder:683_9 expire 7 lines
12-23 14:23:21.810  1919  2964 I chatty  : uid=1000(system) Binder:1919_5 expire 4 lines
12-23 14:23:21.810   683 32072 D HwLocalLocationProvider: cellid is Exist, update  cellinfo to DB
12-23 14:23:21.810   683 32072 D HwLocalLocationProvider: update loc to cell database
12-23 14:23:21.811  3312 16220 D HiBoard_LocationService: onStatusChanged provider=network status=35
12-23 14:23:21.816  1961  1961 I MsgReceiver: intent action: android.hardware.usb.action.USB_STATE
12-23 14:23:21.817   683 32074 D HwLocalLocationProvider: update loc to bssid database
12-23 14:23:21.821  1961  2736 I ThermalTraceTool: file:sys/class/hw_power/charger/direct_charger/direct_charge_succ,fileExists:false,fileCanRead:false
12-23 14:23:21.825  3457  6781 D [HwRecSys]LocationController:  onLocationChanged--network
12-23 14:23:21.825  3457  6781 D [HwRecSys]LocationController:  -- onLocationChanged->enter
12-23 14:23:21.826   683  1346 V WindowManager: Exit animation finished in Window{7c0580a u0 com.android.settings EXITING}: remove=true
12-23 14:23:21.832 31426 31426 D MtpReceiver: Debug MTP:ACTION_USB_STATE 
12-23 14:23:21.838   683  1346 I WindowManager: Destroying surface Surface(name=) called by com.android.server.wm.WindowStateAnimator.destroySurface:2072 com.android.server.wm.WindowStateAnimator.destroySurfaceLocked:884 com.android.server.wm.HwWindowStateAnimator.destroySurfaceLocked:1006 com.android.server.wm.WindowState.destroyOrSaveSurfaceUnchecked:2998 com.android.server.wm.RootWindowContainer.performSurfacePlacement:812 com.android.server.wm.WindowSurfacePlacer.performSurfacePlacementLoop:224 com.android.server.wm.WindowSurfacePlacer.performSurfacePlacement:166 com.android.server.wm.WindowSurfacePlacer.performSurfacePlacement:156 
12-23 14:23:21.840   683  1346 V WindowManager: postWindowRemoveCleanupLocked: Window{7c0580a u0 com.android.settings}
12-23 14:23:21.841   683  1346 V WindowManager: Removing Window{7c0580a u0 com.android.settings} from WindowToken{974b87b android.os.BinderProxy@7659075}
12-23 14:23:21.842 32071 32075 W libc    : Set property "sys.usb.ffs_hdb.ready" to "1"
12-23 14:23:21.843 31426 31426 W d.process.media: type=1400 audit(0.0:11702): avc: denied { write } for name="property_service" dev="tmpfs" ino=13595 scontext=u:r:priv_app:s0:c512,c768 tcontext=u:object_r:property_socket:s0 tclass=sock_file permissive=0
12-23 14:23:21.844 31426 31426 D MtpReceiver: Debug MTP:handleUsbState, configured is [true] connected is [true] mtpEnabled is [true] ptpEnabled is [false] unlocked is [true] configChanged is [true]
12-23 14:23:21.847 31426 31426 W libc    : Set property "sys.usb.ffs.mtp.ready" to "1"
12-23 14:23:21.848 31426 31426 W libc    : Unable to set property "sys.usb.ffs.mtp.ready" to "1": connection failed; errno=13 (Permission denied)
12-23 14:23:21.852  3971  3971 D baidu_location_service: WifiScan finished, in callback.
12-23 14:23:21.864 12219 12219 I UsbSettingsService: ACTION_USB_STATE start service!
12-23 14:23:21.871 31471 31965 D Gallery2_MediaSync: operation is sync done ? true, max media id 378257, max sync id 378257
12-23 14:23:21.873 31426 31641 D MediaProvider: fixParentIdIfNeeded called
12-23 14:23:21.897 12219 12219 D HwCust  : Create obj success use class com.android.settings.deviceinfo.HwCustUsbReceiverImpl
12-23 14:23:21.904 12219 12219 D UsbReceiver: initialize UsbSettingsService!
12-23 14:23:21.904 12219 12219 D UsbReceiver: ACTION_USB_STATE arrived!
12-23 14:23:21.905 12219 12219 D UsbReceiver: onUsbStateReceive chargingOnly = false, usbConnected = true
12-23 14:23:21.905 12219 12219 D UsbReceiver: ACTION_USB_STATE:usbConnected = true, usbState=none, chargingOnly = false, isLegacyCharging = false
12-23 14:23:21.905 12219 12219 W ContextImpl: Calling a method in the system process without a qualified user: android.app.ContextImpl.startService:1656 android.content.ContextWrapper.startService:644 android.content.ContextWrapper.startService:644 com.android.settings.deviceinfo.UsbReceiver.startUsbService:282 com.android.settings.deviceinfo.UsbReceiver.onUsbStateReceive:159 
12-23 14:23:21.906   683  1876 W ProcBatteryStats: timer is running , not start, name: , uid: 1000, tag: LocationManagerService
12-23 14:23:21.908 12219 12219 W ContextImpl: Calling a method in the system process without a qualified user: android.app.ContextImpl.startService:1656 android.content.ContextWrapper.startService:644 android.content.ContextWrapper.startService:644 com.android.settings.deviceinfo.UsbReceiver.startUsbService:282 com.android.settings.deviceinfo.UsbReceiver.onUsbStateReceive:206 
12-23 14:23:21.908   683  1876 W ProcBatteryStats: timer is running , not start, name: , uid: 1000, tag: LocationManagerService
12-23 14:23:21.911 12219 12219 D UsbSettingsService: onStartCommand, action = null
12-23 14:23:21.911 12219 12219 D UsbSettingsService: onStartCommand, action = null
12-23 14:23:21.916   683  1146 V BroadcastQueue: Finished with ordered broadcast BroadcastRecord{fd0787d u-1 android.hardware.usb.action.USB_STATE}
12-23 14:23:21.932 32071 32078 I cutils-trace: atrace_init_once, trace_marker_path = /sys/kernel/debug/tracing/trace_marker
12-23 14:23:21.945 31471 31965 D Gallery2_MediaSync: total count already synced:2864, total: 2864
12-23 14:23:21.945 31471 31965 D CloudLocalSyncService: --schedule-- stop local sync
12-23 14:23:21.945 31471 31965 D CloudLocalSyncService: localSync = 1  cloudSync = -1
12-23 14:23:21.945 31471 31965 D CloudLocalSyncService: --schedule-- start child service
12-23 14:23:21.948   751   751 D libgps  : proxy_gps_inject_location: called.
12-23 14:23:21.949   683  1876 W ProcBatteryStats: timer is not running , not stop, name: , uid: 1000, tag: LocationManagerService
12-23 14:23:21.951 31471 31965 D Gallery2_Search: start search service delay
12-23 14:23:21.956 31471 31965 D SystemRecycleRecoverService: startSystemRecycleRecoverService
12-23 14:23:21.970 31471 31471 D Gallery2_Geo: --schedule-- [onStartCommand] start reverse geo code.
12-23 14:23:21.990 31471 31471 D Gallery2_Story_StoryAlbumService: --schedule-- [onStartCommand] start update cover
12-23 14:23:21.997 32070 32082 W libc    : Set property "sys.usb.ffs.ready" to "1"
12-23 14:23:22.010   683  8635 V BroadcastQueue: Finished with ordered broadcast BroadcastRecord{5b1446c u0 com.tencent.mm.plugin.report.service.KVCommCrossProcessReceiver}
12-23 14:23:22.034 31471 32080 D Gallery2_Geo: total 151 should process.
12-23 14:23:22.039 31471 32081 D Gallery2_Story_StoryAlbumService: --schedule-- stop job 2
12-23 14:23:22.039 31471 32081 D Gallery2_Story_StoryAlbumService: --schedule-- service killed 
12-23 14:23:22.040 31471 31471 D SystemRecycleRecoverService: --schedule-- [onStartCommand] start SystemRecycleRecoverService.
12-23 14:23:22.044 31471 32084 D PhoneState: charge is true
12-23 14:23:22.044 31471 32084 D PhoneState: battery level is 36
12-23 14:23:22.048 31471 31471 D Gallery2_Story_StoryAlbumService: --schedule-- StoryService onDestroy
12-23 14:23:22.049 31471 32084 D PhoneState: screen on true
12-23 14:23:22.049 31471 32084 D SystemRecycleRecoverService: no running permission
12-23 14:23:22.060 31471 31471 D Gallery2_MediaSync: [onStartCommand] start to sync.
12-23 14:23:22.061 31471 31471 D CloudLocalSyncService: --schedule-- start local sync
12-23 14:23:22.061 31471 31471 D CloudLocalSyncService: --schedule-- stop child service
12-23 14:23:22.063 31471 31471 D Gallery2_Search: stop search servcie
12-23 14:23:22.071   683  1163 D NetdConnector: RCV unsolicited event from native daemon, event = 600
12-23 14:23:22.078   683  1163 E NetdConnector: NDC event {600 Iface linkstate wlan0 up} processed too late: 522ms
12-23 14:23:22.080 31471 31471 D SystemRecycleRecoverService: stopSystemRecycleRecoverService
12-23 14:23:22.083 31471 31471 D SystemRecycleRecoverService: --schedule-- SystemRecycleRecoverService onDestroy
12-23 14:23:22.084 31471 31471 D Gallery2_Geo: --schedule-- GeoService onDestroy
12-23 14:23:22.098 31471 32080 D Gallery2_Geo: chinese version forbid net work or Network is not Available.
12-23 14:23:22.112 31471 32085 D Gallery2_Common_GalleryProvider: sync uri: content://com.huawei.gallery.provider/none/sycnner/1
12-23 14:23:22.123 31471 32085 D Gallery2_MediaSync_LocalSyncToken: no data need delete
12-23 14:23:22.123 31471 32085 D Gallery2_MediaSync_LocalSyncToken: privilege buckets -1739773001 , 0 , 1028075469, 0
12-23 14:23:22.130 31471 32085 D Gallery2_MediaSync_LocalSyncToken: sync privilege buckets from id 378246
12-23 14:23:22.162 31471 32085 D Gallery2_MediaSync_LocalSyncToken: [syncInner] uri:null, whereClause:media_type IN (1,3) AND _id > 378246 AND bucket_id IN ( -1739773001 , 0 , 1028075469, 0 ), count: 0
12-23 14:23:22.170 31471 32085 D Gallery2_MediaSync_LocalSyncToken: sync common buckets from id 378257
12-23 14:23:22.199 31471 32085 D Gallery2_MediaSync_LocalSyncToken: [syncInner] uri:null, whereClause:media_type IN (1,3) AND _id > 378257 AND bucket_id NOT IN ( -1739773001 , 0 , 1028075469, 0 ), count: 0
12-23 14:23:22.199 31471 32085 D Gallery2_MediaSync_LocalSyncToken: sync all record cost time: 76
12-23 14:23:22.205 32070 32090 I cutils-trace: atrace_init_once, trace_marker_path = /sys/kernel/debug/tracing/trace_marker
12-23 14:23:22.207 31471 32085 D Gallery2_MediaSync: sync with operation record[0] cost time: 8
12-23 14:23:22.207 31471 32085 D Gallery2_MediaSync: sync done with operations. time cost(include sleep time): 123
12-23 14:23:22.207 31471 32085 D Gallery2_Common_GalleryProvider: sync uri: content://com.huawei.gallery.provider/none/sycnner/0
12-23 14:23:22.219 31426 31426 W d.process.media: type=1400 audit(0.0:11703): avc: denied { write } for name="property_service" dev="tmpfs" ino=13595 scontext=u:r:priv_app:s0:c512,c768 tcontext=u:object_r:property_socket:s0 tclass=sock_file permissive=0
12-23 14:23:22.219 12219 12219 D UsbSettingsService: BroadcastReceiver, action = android.hardware.usb.action.USB_STATE
12-23 14:23:22.219  1961  1961 I MsgReceiver: intent action: android.hardware.usb.action.USB_STATE
12-23 14:23:22.220  1961  2736 I ThermalTraceTool: file:sys/class/hw_power/charger/direct_charger/direct_charge_succ,fileExists:false,fileCanRead:false
12-23 14:23:22.222 31426 31426 D MtpReceiver: Debug MTP:ACTION_USB_STATE 
12-23 14:23:22.222 12219 12219 D UsbSettingsService: ACTION_USB_STATE, usbConnected = true
12-23 14:23:22.223 31426 31426 D MtpReceiver: Debug MTP:handleUsbState, configured is [false] connected is [true] mtpEnabled is [true] ptpEnabled is [false] unlocked is [true] configChanged is [false]
12-23 14:23:22.224 31426 31426 W libc    : Set property "sys.usb.ffs.mtp.ready" to "1"
12-23 14:23:22.224 31426 31426 W libc    : Unable to set property "sys.usb.ffs.mtp.ready" to "1": connection failed; errno=13 (Permission denied)
12-23 14:23:22.226 12219 12219 D UsbSettingsService: ACTION_USB_STATE usbConnected = true, chargingOnly = false, deviceConnected = true, dataRole = 2
12-23 14:23:22.226 12219 12219 I UsbSettingsService: ACTION_USB_STATE start service!
12-23 14:23:22.231 12219 12219 D HwCust  : Create obj success use class com.android.settings.deviceinfo.HwCustUsbReceiverImpl
12-23 14:23:22.231 12219 12219 D UsbReceiver: initialize UsbSettingsService!
12-23 14:23:22.231 12219 12219 D UsbReceiver: ACTION_USB_STATE arrived!
12-23 14:23:22.231 12219 12219 D UsbReceiver: onUsbStateReceive chargingOnly = false, usbConnected = true
12-23 14:23:22.231 12219 12219 D UsbReceiver: ACTION_USB_STATE:usbConnected = true, usbState=hisuite,mtp,mass_storage,adb,hdb, chargingOnly = false, isLegacyCharging = false
12-23 14:23:22.231 12219 12219 W ContextImpl: Calling a method in the system process without a qualified user: android.app.ContextImpl.startService:1656 android.content.ContextWrapper.startService:644 android.content.ContextWrapper.startService:644 com.android.settings.deviceinfo.UsbReceiver.startUsbService:282 com.android.settings.deviceinfo.UsbReceiver.onUsbStateReceive:159 
12-23 14:23:22.233 12219 12219 W ContextImpl: Calling a method in the system process without a qualified user: android.app.ContextImpl.startService:1656 android.content.ContextWrapper.startService:644 android.content.ContextWrapper.startService:644 com.android.settings.deviceinfo.UsbReceiver.startUsbService:282 com.android.settings.deviceinfo.UsbReceiver.onUsbStateReceive:206 
12-23 14:23:22.234 12219 12219 D UsbSettingsService: onStartCommand, action = null
12-23 14:23:22.234 12219 12219 D UsbSettingsService: onStartCommand, action = null
12-23 14:23:22.234   683  1146 V BroadcastQueue: Finished with ordered broadcast BroadcastRecord{aa43b58 u-1 android.hardware.usb.action.USB_STATE}
12-23 14:23:22.237 21052 21212 I chatty  : uid=10099(u0_a99) lowpool[1] expire 20 lines
12-23 14:23:22.264  1961  1961 I MsgReceiver: intent action: android.hardware.usb.action.USB_STATE
12-23 14:23:22.265 12219 12219 D UsbSettingsService: BroadcastReceiver, action = android.hardware.usb.action.USB_STATE
12-23 14:23:22.267  1961  2736 I ThermalTraceTool: file:sys/class/hw_power/charger/direct_charger/direct_charge_succ,fileExists:false,fileCanRead:false
12-23 14:23:22.268 12219 12219 D UsbSettingsService: ACTION_USB_STATE, usbConnected = true
12-23 14:23:22.269 31426 31426 D MtpReceiver: Debug MTP:ACTION_USB_STATE 
12-23 14:23:22.269  3971  3990 I NLP     : result:[rego successful]
12-23 14:23:22.270  3457  6781 I [HwRecSys]DirectServiceController: onLocationSuccess lastHwDirectServicesEntry is null!
12-23 14:23:22.270  3457  6781 E [HwRecSys]AwareLocationReceiver: no need modify city code
12-23 14:23:22.271  3457  6781 D [HwRecSys]LocationController: receive msg MSG_STOP_NETWORK_LOCATION
12-23 14:23:22.271  3457  6781 D [HwRecSys]LocationController: stopReceivingLocationUpdates
12-23 14:23:22.271 31426 31426 D MtpReceiver: Debug MTP:handleUsbState, configured is [true] connected is [true] mtpEnabled is [true] ptpEnabled is [false] unlocked is [true] configChanged is [false]
12-23 14:23:22.271 31426 31426 D MtpReceiver: handleUsbState startService
12-23 14:23:22.271 31426 31426 D MtpReceiver: Debug MTP:srart MTP service 
12-23 14:23:22.272 12219 12219 D UsbSettingsService: ACTION_USB_STATE usbConnected = true, chargingOnly = false, deviceConnected = true, dataRole = 2
12-23 14:23:22.272 12219 12219 I UsbSettingsService: ACTION_USB_STATE start service!
12-23 14:23:22.272   683  9685 W ProcBatteryStats: timer is not running , not stop, name: , uid: 1000, tag: LocationManagerService
12-23 14:23:22.272 31426 31426 D MtpService: onStartCommand intent=Intent { cmp=com.android.providers.media/.MtpService (has extras) } mUnlocked=true
12-23 14:23:22.273  1961  2090 D DeviceMonitor: GPS request stop:com.huawei.recsys pid:3457 interval(s): -1 reqId:c0b6099
12-23 14:23:22.273 31426 31426 D MtpService: Debug MTP:call updateDisabledStateLocked
12-23 14:23:22.273 31426 31426 D MtpService: updating state; isCurrentUser=true, mMtpLocked=false
12-23 14:23:22.275  3457  6781 D [HwRecSys]LocationController:  onStatusChanged--network status:35 extras:Bundle[EMPTY_PARCEL]
12-23 14:23:22.275  3971  7901 D baidu_location_service: wifi valid time < 10S
12-23 14:23:22.277  3971  3971 I NLP     : result:[location successful], reason:[network location]
12-23 14:23:22.279 31426 31426 D MtpService: starting MTP server in MTP mode
12-23 14:23:22.279 12219 12219 D HwCust  : Create obj success use class com.android.settings.deviceinfo.HwCustUsbReceiverImpl
12-23 14:23:22.279 31426 31426 I HWSERVICES: hwnative_get_component:libstagefright,Scanner
12-23 14:23:22.280 12219 12219 D UsbReceiver: initialize UsbSettingsService!
12-23 14:23:22.280 12219 12219 D UsbReceiver: ACTION_USB_STATE arrived!
12-23 14:23:22.280 12219 12219 D UsbReceiver: onUsbStateReceive chargingOnly = false, usbConnected = true
12-23 14:23:22.280 12219 12219 D UsbReceiver: ACTION_USB_STATE:usbConnected = true, usbState=hisuite,mtp,mass_storage,adb,hdb, chargingOnly = false, isLegacyCharging = false
12-23 14:23:22.280 12219 12219 W ContextImpl: Calling a method in the system process without a qualified user: android.app.ContextImpl.startService:1656 android.content.ContextWrapper.startService:644 android.content.ContextWrapper.startService:644 com.android.settings.deviceinfo.UsbReceiver.startUsbService:282 com.android.settings.deviceinfo.UsbReceiver.onUsbStateReceive:159 
12-23 14:23:22.281   683  1876 D HwLocalLocationProvider: this loc is Better than Last Location
12-23 14:23:22.281 31426 31426 I StagefrightMediaScannerEx: StagefrightMediaScanner Constructor
12-23 14:23:22.281 12219 12219 W ContextImpl: Calling a method in the system process without a qualified user: android.app.ContextImpl.startService:1656 android.content.ContextWrapper.startService:644 android.content.ContextWrapper.startService:644 com.android.settings.deviceinfo.UsbReceiver.startUsbService:282 com.android.settings.deviceinfo.UsbReceiver.onUsbStateReceive:206 
12-23 14:23:22.283  3312 16220 D HiBoard_LocationService: onStatusChanged provider=network status=35
12-23 14:23:22.284 12219 12219 D UsbSettingsService: onStartCommand, action = null
12-23 14:23:22.284 31426 31426 I HWSERVICES: hwnative_get_component_mtpServer  comes...
12-23 14:23:22.284 12219 12219 D UsbSettingsService: onStartCommand, action = null
12-23 14:23:22.285   683 32091 D HwLocalLocationProvider: cellid is Exist, update  cellinfo to DB
12-23 14:23:22.285   683 32091 D HwLocalLocationProvider: update loc to cell database
12-23 14:23:22.287   683  1146 V BroadcastQueue: Finished with ordered broadcast BroadcastRecord{1244b1 u-1 android.hardware.usb.action.USB_STATE}
12-23 14:23:22.288 31426 31426 V MtpServerEx: constructor
12-23 14:23:22.288 31426 31426 I HwMtpServerExJNI: set MtpServerEx 0x7771c8e540
12-23 14:23:22.288 31426 31426 I HwMtpServerExJNI: Finish to setup MtpServer
12-23 14:23:22.290   683  1876 W ProcBatteryStats: timer is running , not start, name: , uid: 1000, tag: LocationManagerService
12-23 14:23:22.294 31426 31426 D MtpService: Adding MTP storage 0x10001 at /storage/emulated/0
12-23 14:23:22.294 31426 31426 E HwMtpServerExJNI: android_mtp_MtpServerEx_add_storage, line 171: descriptionStr = 
12-23 14:23:22.294 31426 31426 I HWSERVICES: hwnative_get_component_mtpStorage  comes...
12-23 14:23:22.295   683 32091 D HwLocalLocationProvider: update loc to bssid database
12-23 14:23:22.299 31426 31426 V MtpStorageEx: constructor
12-23 14:23:22.303   683  2152 V ActivityManager: startProcess: name=com.huawei.indexsearch app=null knownToBeDead=true thread=null pid=-1
12-23 14:23:22.329   683  2152 I ActivityManager: Start proc 32094:com.huawei.indexsearch/1000 for service com.huawei.indexsearch/.IndexSearchService
12-23 14:23:22.331 32094 32094 I         : power log dlsym ok
12-23 14:23:22.333   751   751 D libgps  : proxy_gps_inject_location: called.
12-23 14:23:22.334   683  1876 W ProcBatteryStats: timer is not running , not stop, name: , uid: 1000, tag: LocationManagerService
12-23 14:23:22.336 32094 32094 I zygote64: Reinit property: dalvik.vm.checkjni= false
12-23 14:23:22.351 32094 32094 D ActivityThread: ActivityThread,attachApplication
12-23 14:23:22.352   683  9685 D ActivityManager: ActivityManagerService,attachApplication,callingPid = 32094
12-23 14:23:22.357  1992  1992 D HwPicAverageNoises: mDeviceSize = 5.2
12-23 14:23:22.375  1992  1992 W InputMethodManager: startInputReason = 4
12-23 14:23:22.375   683  2152 D HwInputMethodManagerService: ------------startInput--------------
12-23 14:23:22.376   418   418 W /system/bin/hwservicemanager: Cannot open /odm/manifest.xml
12-23 14:23:22.376   683  2152 D HwInputMethodManagerService: hideSecSoftInput = false
12-23 14:23:22.390  3565  3565 I wangchen: SysInfo.getSysParam: orientation=1||config d=3.0,w=1080,h=1920||metrics d=3.0,w=1080,h=1920||sdk=26,bar_h=72
12-23 14:23:22.391  3565  3565 I KeymapLoader: w=1080 h=1920 ori=true appScale=3.3 s1=3.0
12-23 14:23:22.413   418   418 W /system/bin/hwservicemanager: Cannot open /odm/manifest.xml
12-23 14:23:22.424 32094 32094 D HwFLClassLoader: get used feature list :/feature/used-list failed!
12-23 14:23:22.424 32094 32094 D HwFLClassLoader: USE_FEATURE_LIST had not init! 
12-23 14:23:22.452   756   968 W JankService: processEntry, not beta version or commercial log off
12-23 14:23:22.633 32094 32094 E MemoryLeakMonitorManager: MemoryLeakMonitor.jar is not exist!
12-23 14:23:22.658 32094 32127 W IndexSearchService: IndexSearchFileUtils -> copyAssertsFile mkdirs failed
12-23 14:23:22.662 32094 32127 W IndexSearchService: IndexSearchFileUtils -> copyAssertsFile mkdirs failed
12-23 14:23:22.704 32094 32094 E Minikin : Could not get cmap table size!
12-23 14:23:22.711 32094 32094 I IndexSearchService: bind one time last 2ms
12-23 14:23:22.750 32094 32127 W IndexSearchService: IndexSearchFileUtils -> copyAssertsFile mkdirs failed
12-23 14:23:22.751 31471 32085 D Gallery2_MediaSync: operation is sync done ? true, max media id 378257, max sync id 378257
12-23 14:23:22.762 31426 32093 W Settings: mValues not put! needsGenerationTracker: true currentGeneration: -1 name: unified_device_name_updated value: 0
12-23 14:23:22.806 31471 32085 D Gallery2_MediaSync: total count already synced:2864, total: 2864
12-23 14:23:22.806 31471 32085 D CloudLocalSyncService: --schedule-- stop local sync
12-23 14:23:22.806 31471 32085 D CloudLocalSyncService: localSync = 1  cloudSync = -1
12-23 14:23:22.806 31471 32085 D CloudLocalSyncService: --schedule-- start child service
12-23 14:23:22.811 31471 32085 D Gallery2_Search: start search service delay
12-23 14:23:22.814 31471 32085 D SystemRecycleRecoverService: startSystemRecycleRecoverService
12-23 14:23:22.816 31471 31471 D Gallery2_Geo: --schedule-- [onStartCommand] start reverse geo code.
12-23 14:23:22.827 31471 32131 D Gallery2_Geo: total 151 should process.
12-23 14:23:22.827 31471 31471 D Gallery2_Story_StoryAlbumService: --schedule-- [onStartCommand] start update cover
12-23 14:23:22.832 31471 32132 D Gallery2_Story_StoryAlbumService: --schedule-- stop job 2
12-23 14:23:22.832 31471 32132 D Gallery2_Story_StoryAlbumService: --schedule-- service killed 
12-23 14:23:22.834 31471 31471 D SystemRecycleRecoverService: --schedule-- [onStartCommand] start SystemRecycleRecoverService.
12-23 14:23:22.834 31471 32131 D Gallery2_Geo: chinese version forbid net work or Network is not Available.
12-23 14:23:22.835 31471 32133 D PhoneState: charge is true
12-23 14:23:22.835 31471 32133 D PhoneState: battery level is 36
12-23 14:23:22.835 31471 31471 D Gallery2_Story_StoryAlbumService: --schedule-- StoryService onDestroy
12-23 14:23:22.836 31471 32133 D PhoneState: screen on true
12-23 14:23:22.836 31471 32133 D SystemRecycleRecoverService: no running permission
12-23 14:23:22.838 31471 31471 D SystemRecycleRecoverService: --schedule-- SystemRecycleRecoverService onDestroy
12-23 14:23:22.935 21052 21212 W ResourceType: Found multiple library tables, ignoring...
12-23 14:23:22.973 12219 12219 D UsbSettingsService: handleMessage, msg.what = 1
12-23 14:23:22.975 12219 12219 D UsbSettingsService: isUSBDisconnected() ACTION_USB_PORT_CHANGED deviceConnected = true, portConnected = true, dataRole = 2
12-23 14:23:22.977 12219 12219 E NotificationManager: notifyAsUser: tag=null, id=1000002, user=UserHandle{0}
12-23 14:23:23.041 21052 21212 E asset   : createFromFile(): lock file /data/resource-cache/system@emui@base@overlay@frameworkhwexthonor@frameworkhwexthonor.apk@idmap.
12-23 14:23:23.041 21052 21212 E asset   : createFromFile(): lock file /data/resource-cache/system@emui@base@overlay@frameworkhwexthonor@frameworkhwexthonor.apk@idmap.
12-23 14:23:23.041 21052 21212 W ResourceType: Found multiple library tables, ignoring...
12-23 14:23:23.120 31471 32080 D Gallery2_Geo: resolve local address
12-23 14:23:23.120 31471 32080 D Gallery2_Geo: chinese version forbid net work or Network is not Available.
12-23 14:23:23.121 31471 32080 D Gallery2_Geo: --schedule-- work done, stop GeoService
12-23 14:23:23.127 31471 32080 D Gallery2_Search: start search service delay
12-23 14:23:23.132 31471 31471 D Gallery2_Story_StoryAlbumService: --schedule-- [onStartCommand] start story service
12-23 14:23:23.135 31471 32134 D PhoneState: charge is true
12-23 14:23:23.135 31471 32134 D PhoneState: battery level is 36
12-23 14:23:23.136 31471 32134 D PhoneState: screen on true
12-23 14:23:23.136 31471 32134 D Gallery2_Story_StoryAlbumService: --schedule-- stop job 1
12-23 14:23:23.136 31471 32134 D Gallery2_Story_StoryAlbumService: --schedule-- service killed 
12-23 14:23:23.144 31471 31471 D Gallery2_Story_StoryAlbumService: --schedule-- StoryService onDestroy
12-23 14:23:23.145 31471 32135 D PhoneState: charge is true
12-23 14:23:23.145 31471 32135 D PhoneState: battery level is 36
12-23 14:23:23.146 31471 32135 D PhoneState: screen on true
12-23 14:23:23.157 21052 21212 E asset   : createFromFile(): lock file /data/resource-cache/system@emui@base@overlay@frameworkhwexthonor@frameworkhwexthonor.apk@idmap.
12-23 14:23:23.157 21052 21212 E asset   : createFromFile(): lock file /data/resource-cache/system@emui@base@overlay@frameworkhwexthonor@frameworkhwexthonor.apk@idmap.
12-23 14:23:23.157 21052 21212 W ResourceType: Found multiple library tables, ignoring...
