12-23 14:23:20.750  7145  7145 I PushLog80200101: [main-1]Report BI event, cmd =cosa, msgid = -1197334527, eventId = 2,notifyId= 931043644(pushagent/BIReporter.java:107)
12-23 14:23:20.753  7145  7145 I HiAnalytics: [2018-12-23 14:23:20.751 I/hianalytics/HiAnalytics 7145:1 null:6] HiAnalytics.onEvent(String eventId, Map<String, String> mapValue) is execute.
12-23 14:23:20.754 32034 32034 I         : power log dlsym ok
12-23 14:23:20.755  1961  2090 I AppManager: app:com.huawei.trustspace Notification update time:141911651
12-23 14:23:20.757 32034 32034 I zygote64: Reinit property: dalvik.vm.checkjni= false
12-23 14:23:20.762  7145  7145 I HiAnalytics: [2018-12-23 14:23:20.754 I/hianalytics/HiAnalytics 7145:1 null:6] HiAnalytics.onReport() is execute.
12-23 14:23:20.763  7145  7145 I PushLog80200101: [main-1]report success(pushagent/BIReporter.java:136)
12-23 14:23:20.764   683  9685 I ActivityManager: Start proc 32034:com.huawei.parentcontrol/u0a57 for content provider com.huawei.parentcontrol/.provider.ContentProviders
12-23 14:23:20.764  7145 31220 I HiAnalytics: [2018-12-23 14:23:20.763 I/hianalytics/HiAnalytics 7145:1848 null:6] run report
12-23 14:23:20.765   683  9990 V BroadcastQueue: Finished with ordered broadcast BroadcastRecord{580105b u0 com.huawei.intent.action.PUSH_DELAY_NOTIFY}
12-23 14:23:20.765   683  9685 V ActivityManager_MU: Waiting to start provider ContentProviderRecord{758a209 u0 com.huawei.parentcontrol/.provider.ContentProviders} launchingApp=ProcessRecord{5aed710 32034:com.huawei.parentcontrol/u0a57} caller pid= 13906
12-23 14:23:20.766  7145 31220 W StorageUtil: [2018-12-23 14:23:20.765 W/hianalytics/StorageUtil 7145:1848 null:72] getInfoFromFile(): is not found file
12-23 14:23:20.766  7145 31220 I HiAnalytics: [2018-12-23 14:23:20.766 I/hianalytics/HiAnalytics 7145:1848 null:6] clear data file start!
12-23 14:23:20.770 32034 32034 D ActivityThread: ActivityThread,attachApplication
12-23 14:23:20.774  7145 31221 I HiAnalytics: [2018-12-23 14:23:20.774 I/hianalytics/HiAnalytics 7145:1849 null:6]  begin to send event data
12-23 14:23:20.774   683  1768 D ActivityManager: ActivityManagerService,attachApplication,callingPid = 32034
12-23 14:23:20.777  7145  7145 I PushLog80200101: [main-1]push receive broadcast message, Intent:com.huawei.intent.action.PUSH_DELAY_NOTIFY pkgName:com.huawei.android.pushagent(pushagent/PushEventReceiver.java:39)
12-23 14:23:20.778  7145  7145 I PushLog80200101: [main-1]action is com.huawei.intent.action.PUSH_DELAY_NOTIFY(pushagent/PushEventReceiver.java:51)
12-23 14:23:20.779  7145 31221 I HiAnalytics: [2018-12-23 14:23:20.778 I/hianalytics/HiAnalytics 7145:1849 null:13] sendData RequestId : fce0e0a8dbb749bbb7822dc2303cb6ce
12-23 14:23:20.780  7145  7145 I PushLog80200101: [main-1]run push selfshow(pushagent/PushEventReceiver.java:142)
12-23 14:23:20.781  7145  7145 I PushLog80200101: [main-1]get notifyId:931043648(pushagent/SelfShowReceiver.java:94)
12-23 14:23:20.782  7145  7145 I PushLog80200101: [main-1]getEmuiLevel:14(pushagent/BaseUtil.java:179)
12-23 14:23:20.787  7145  7145 I PushLog80200101: [main-1] init NC BI reporter.(pushagent/BIReporter.java:49)
12-23 14:23:20.788  7145  7145 I HiAnalytics: [2018-12-23 14:23:20.788 I/hianalytics/HiAnalytics 7145:1 null:12] Builder.setCollectURL(int type,String collectURL) is execute.
12-23 14:23:20.790  7145  7145 I HiAnalytics: [2018-12-23 14:23:20.789 I/hianalytics/HiAnalytics 7145:1 null:6] Builder.setChannel(String channel) is execute.
12-23 14:23:20.791  7145  7145 I HiAnalytics: [2018-12-23 14:23:20.790 I/hianalytics/HiAnalytics 7145:1 null:6] Builder.create() is execute.
12-23 14:23:20.792  3413  6655 I chatty  : uid=10099(u0_a99) Binder:3413_B expire 1 line
12-23 14:23:20.792  7145  7145 I hianalytics: [2018-12-23 14:23:20.792 I/hianalytics/hianalytics 7145:1 null:3]
12-23 14:23:20.792  7145  7145 I hianalytics:  
12-23 14:23:20.792  7145  7145 I hianalytics: ============================================================================
12-23 14:23:20.792  7145  7145 I hianalytics: ====== HiAnalytics-2.0.0.307
12-23 14:23:20.792  7145  7145 I hianalytics: ============================================================================
12-23 14:23:20.793  7145  7145 I PushLog80200101: [main-1]Report BI event, cmd =cosa, msgid = -1195229183, eventId = 2,notifyId= 931043648(pushagent/BIReporter.java:107)
12-23 14:23:20.794  7145  7145 I HiAnalytics: [2018-12-23 14:23:20.793 I/hianalytics/HiAnalytics 7145:1 null:6] HiAnalytics.onEvent(String eventId, Map<String, String> mapValue) is execute.
12-23 14:23:20.795  7145  7145 I HiAnalytics: [2018-12-23 14:23:20.794 I/hianalytics/HiAnalytics 7145:1 null:6] HiAnalytics.onReport() is execute.
12-23 14:23:20.796  7145  7145 I PushLog80200101: [main-1]report success(pushagent/BIReporter.java:136)
12-23 14:23:20.796   683  1768 V BroadcastQueue: Finished with ordered broadcast BroadcastRecord{ecf89d1 u0 com.huawei.intent.action.PUSH_DELAY_NOTIFY}
12-23 14:23:20.798  7145  7145 I PushLog80200101: [main-1]push receive broadcast message, Intent:com.huawei.intent.action.PUSH_DELAY_NOTIFY pkgName:com.huawei.android.pushagent(pushagent/PushEventReceiver.java:39)
12-23 14:23:20.799  7145  7145 I PushLog80200101: [main-1]action is com.huawei.intent.action.PUSH_DELAY_NOTIFY(pushagent/PushEventReceiver.java:51)
12-23 14:23:20.799  7145  7145 I PushLog80200101: [main-1]run push selfshow(pushagent/PushEventReceiver.java:142)
12-23 14:23:20.800  7145  7145 I PushLog80200101: [main-1]get notifyId:931043664(pushagent/SelfShowReceiver.java:94)
