12-23 14:32:00.197   683  2158 V BroadcastQueue: Finished with ordered broadcast BroadcastRecord{f0087a6 u-1 android.intent.action.TIME_TICK}
12-23 14:32:01.147   699   699 E WifiHAL : enter wifi_get_link_stats
12-23 14:32:01.162   744   744 E wificond: Failed to get NL80211_STA_INFO_CNAHLOAD
12-23 14:32:01.928   683  1470 I chatty  : uid=1000(system) HuaweiWifiWatch expire 48 lines
12-23 14:32:04.171   699   699 E WifiHAL : enter wifi_get_link_stats
12-23 14:32:04.187   683  1400 I chatty  : uid=1000(system) HwWifiCHRStateM expire 21 lines
12-23 14:32:04.488   683  1165 I chatty  : uid=1000(system) android.display expire 6 lines
12-23 14:32:04.496   683   683 I chatty  : uid=1000 system_server expire 62 lines
12-23 14:32:07.109   683  1399 I chatty  : uid=1000(system) HwWifiStatStore expire 9 lines
12-23 14:32:07.193   699   699 E WifiHAL : enter wifi_get_link_stats
12-23 14:32:09.949   683  5715 I chatty  : uid=1000(system) MobileQosDetect expire 4 lines
12-23 14:32:10.009  1508  1508 I chatty  : uid=10039(u0_a39) com.android.systemui expire 64 lines
12-23 14:32:10.009  1508  1760 I chatty  : uid=10039(u0_a39) SystemUI_subThr expire 12 lines
12-23 14:32:10.217   699   699 E WifiHAL : enter wifi_get_link_stats
12-23 14:32:12.545   965  1065 W libc    : Set property "ril.hw_modem0.rssi" to "-116"
12-23 14:32:12.558  1976  1976 W libc    : Set property "gsm.rssi.sim1" to "-116"
12-23 14:32:13.240   699   699 E WifiHAL : enter wifi_get_link_stats
12-23 14:32:13.826   965  1065 W libc    : Set property "ril.hw_modem0.rssi" to "-119"
12-23 14:32:13.833  1976  1976 W libc    : Set property "gsm.rssi.sim1" to "-119"
12-23 14:32:10.233   744   744 I chatty  : uid=1010(wifi) /system/bin/wificond identical 7 lines
12-23 14:32:13.256   744   744 E wificond: Failed to get NL80211_STA_INFO_CNAHLOAD
12-23 14:32:14.417   683   683 D WifiService: onReceive, action:android.intent.action.BATTERY_CHANGED
12-23 14:32:14.417   683   683 D WifiService: ACTION_BATTERY_CHANGED pluggedType: 2
12-23 14:32:14.419  1961  1961 I MsgReceiver: intent action: android.intent.action.BATTERY_CHANGED
12-23 14:32:14.434 31647 32273 I [10.3.0.302]CloudAlbum.OperationUtil: cancelNotify
12-23 14:32:16.264   699   699 E WifiHAL : enter wifi_get_link_stats
12-23 14:32:16.279   744   744 E wificond: Failed to get NL80211_STA_INFO_CNAHLOAD
12-23 14:32:16.604   493   633 W SocketListener: sending broadcast to Pid = 683, Uid = 1000 
12-23 14:32:16.606   683  1393 D NetdConnector: RCV <- {613 IfaceClass active 1 142447499112245 10246}
12-23 14:32:16.609   683  1393 D NetdConnector: RCV <- {613 IfaceClass active 1 142447499112245 10246}
12-23 14:32:16.612   683  1163 D NetdConnector: RCV unsolicited event from native daemon, event = 613
12-23 14:32:16.621   683  2158 V BroadcastQueue: Finished with ordered broadcast BroadcastRecord{cf285e7 u-1 android.net.conn.DATA_ACTIVITY_CHANGE}
12-23 14:32:16.742 31767 31862 I [10.3.0.302]HiCloud.CBObserverTimer: removeMessages isCharging.
12-23 14:32:17.942   744   744 E wificond: Failed to get NL80211_STA_INFO_CNAHLOAD
12-23 14:32:17.951   744   744 E wificond: Failed to get NL80211_STA_INFO_CNAHLOAD
12-23 14:32:18.323   683  1352 D HwBatteryService: onUEvent fcpStatus = 0,scpStatus =0,ovpStatus=0
12-23 14:32:18.325   683  1352 I UsbDeviceManager: water_intrused state= 0
12-23 14:32:18.346  1961  1961 I MsgReceiver: intent action: android.intent.action.BATTERY_CHANGED
12-23 14:32:18.348   683   683 D WifiService: onReceive, action:android.intent.action.BATTERY_CHANGED
12-23 14:32:18.348   683   683 D WifiService: ACTION_BATTERY_CHANGED pluggedType: 2
12-23 14:32:18.365 31647 32273 I [10.3.0.302]CloudAlbum.OperationUtil: cancelNotify
12-23 14:32:19.093  1961  2733 I LogPowerAdapter: do thermal temperature:27action:app_ctrl value:0 to PG
12-23 14:32:19.093  1961  2733 D HwPolicyDispatcher: send ctrl to PG,0
12-23 14:32:19.096  1961  2326 I TClean  : TClean trigger policy = 0
12-23 14:32:19.097  1961  2326 I HardwareAdapter: file:/sys/class/hw_power/charger/direct_charger/adaptor_detect, fileExists:false, fileCanRead:false
12-23 14:32:19.097  1961  2326 I HardwareAdapter: isOnlyChargingType adaptor_detect=null
12-23 14:32:19.099  1961  2326 I HardwareAdapter: isOnlyChargingType chargerType=0
12-23 14:32:19.099  1961  2326 I ash     : not only power charing.
12-23 14:32:19.285   699   699 E WifiHAL : enter wifi_get_link_stats
12-23 14:32:19.300   744   744 E wificond: Failed to get NL80211_STA_INFO_CNAHLOAD
12-23 14:32:19.301   683  1398 I chatty  : uid=1000(system) WifiStateMachin expire 11 lines
12-23 14:32:19.301   683  1400 I chatty  : uid=1000(system) HwWifiCHRStateM expire 15 lines
12-23 14:32:20.682  1508  1508 I chatty  : uid=10039(u0_a39) com.android.systemui expire 48 lines
12-23 14:32:21.879   683   683 I chatty  : uid=1000 system_server expire 36 lines
12-23 14:32:22.307   699   699 E WifiHAL : enter wifi_get_link_stats
12-23 14:32:22.609   683  1365 I chatty  : uid=1000(system) AlarmManager expire 2 lines
12-23 14:32:22.628   683  2158 I chatty  : uid=1000(system) Binder:683_E expire 2 lines
12-23 14:32:22.324   744   744 E wificond: Failed to get NL80211_STA_INFO_CNAHLOAD
12-23 14:32:22.628   683  1884 V BroadcastQueue: Finished with ordered broadcast BroadcastRecord{20ff83d u0 com.google.android.gms.gcm.ACTION_CHECK_QUEUE}
12-23 14:32:22.670  3413  4724 D WorkSource: Insert in WorkSource{} @ 0 uid 10099 name com.google.android.gms
12-23 14:32:22.672  3413  4724 D WorkSource: Insert in WorkSource{} @ 0 uid 10099 name com.google.android.gms
12-23 14:32:22.705  3413  4724 D WorkSource: Insert in WorkSource{} @ 0 uid 10099 name com.google.android.gms
12-23 14:32:22.706   683  2158 W HwAlarmManagerService: isContainsAppUidInWorksource-->happend NameNotFoundException
12-23 14:32:22.769  3413 32619 I NetRec  : [3551] aeqv.a: Refreshing scores for 150 networks.
12-23 14:32:22.812   493 32620 W libc    : Set property "hw.wifi.dns_stat" to "681,23,13448,1,122283"
12-23 14:32:24.987  3413 32619 W NetRec  : [3551] aeqv.a: Timeout after 2202 ms while waiting for score updates. Rescheduling.
12-23 14:32:24.992  3413 32619 I NetRec  : [3551] aeqv.a: Still entries pending update, scheduling new rapid_refresh_scores_task refresh.
12-23 14:32:25.006  3413 32619 I NetRec  : [3551] aeqv.a: Completed rapid_refresh_scores_task score refresh task in 2289 ms, returning 1
12-23 14:32:25.017   683  1884 V BroadcastQueue: Finished with ordered broadcast BroadcastRecord{238b5fb u0 com.google.android.gms.gcm.ACTION_SCHEDULE}
12-23 14:32:25.032  3413 11675 D WorkSource: Insert in WorkSource{} @ 0 uid 10099 name com.google.android.gms
12-23 14:32:25.033   683  1884 W HwAlarmManagerService: isContainsAppUidInWorksource-->happend NameNotFoundException
12-23 14:32:25.040   683  1884 D SmartHeartBeat: isPendingPackage, false, pkg:com.android.deskclock, action:com.android.deskclock.ALARM_ALERT,not pending alarm with AlarmClockInfo
12-23 14:32:25.043  1508  1760 I chatty  : uid=10039(u0_a39) SystemUI_subThr expire 7 lines
12-23 14:32:25.333   699   699 E WifiHAL : enter wifi_get_link_stats
12-23 14:32:25.347   744   744 E wificond: Failed to get NL80211_STA_INFO_CNAHLOAD
12-23 14:32:25.952   683  1470 I chatty  : uid=1000(system) HuaweiWifiWatch expire 53 lines
12-23 14:32:26.438  1961  2090 I DeviceStateService: no user activity duration:540109 timeout:32000
12-23 14:32:26.445  1961  2090 W APwTrigger: block the screen timeout, no user activity duraion:540109
12-23 14:32:26.936  6277  6301 D LogUtil_LogConfig: getLogFile(): logFilePath = /data/data/com.huawei.health/files/com.huawei.health/com.huawei.health_DaemonService/
12-23 14:32:26.936  6277  6301 D LogUtil_LogConfig: obtainSavePath(): path = 1
12-23 14:32:26.936  6277  6301 D LogUtil_LogConfig: acquireMaxLogFileLengthContainsOffset describe: com.huawei.health:DaemonService result:5242880
12-23 14:32:25.946   744   744 I chatty  : uid=1010(wifi) /system/bin/wificond identical 1 line
12-23 14:32:25.952   744   744 E wificond: Failed to get NL80211_STA_INFO_CNAHLOAD
12-23 14:32:27.390   683  1874 W Watchdog: hungtask: writing kick
12-23 14:32:27.394   683  1163 I chatty  : uid=1000(system) android.fg expire 1 line
12-23 14:32:27.462   683  1456 I chatty  : uid=1000(system) WiFiArpStateMac expire 6 lines
12-23 14:32:28.355   699   699 E WifiHAL : enter wifi_get_link_stats
12-23 14:32:28.370   744   744 E wificond: Failed to get NL80211_STA_INFO_CNAHLOAD
12-23 14:32:31.379   699   699 E WifiHAL : enter wifi_get_link_stats
12-23 14:32:31.398   683  1400 I chatty  : uid=1000(system) HwWifiCHRStateM expire 6 lines
12-23 14:32:32.719  1508  1508 I chatty  : uid=10039(u0_a39) com.android.systemui expire 60 lines
12-23 14:32:33.136  1798  2183 E NotificationManager: notifyAsUser: tag=null, id=1074741829, user=UserHandle{0}
12-23 14:32:33.144   683  1884 I chatty  : uid=1000(system) Binder:683_5 expire 3 lines
12-23 14:32:33.152   683   683 I chatty  : uid=1000 system_server expire 56 lines
12-23 14:32:33.157  1961  2090 I AppManager: app:com.huawei.systemmanager Notification update time:142464053
12-23 14:32:33.947   683  1398 I chatty  : uid=1000(system) WifiStateMachin expire 10 lines
12-23 14:32:33.974   683  5715 I chatty  : uid=1000(system) MobileQosDetect expire 4 lines
12-23 14:32:34.103  1508  1760 I chatty  : uid=10039(u0_a39) SystemUI_subThr expire 11 lines
12-23 14:32:34.154   683  1399 I chatty  : uid=1000(system) HwWifiStatStore expire 15 lines
12-23 14:32:34.404   699   699 E WifiHAL : enter wifi_get_link_stats
12-23 14:32:34.419   683  1400 I chatty  : uid=1000(system) HwWifiCHRStateM expire 15 lines
12-23 14:32:33.953   744   744 I chatty  : uid=1010(wifi) /system/bin/wificond identical 3 lines
12-23 14:32:34.418   744   744 E wificond: Failed to get NL80211_STA_INFO_CNAHLOAD
12-23 14:32:34.968   683  1352 D HwBatteryService: onUEvent fcpStatus = 0,scpStatus =0,ovpStatus=0
12-23 14:32:34.970   683  1352 I UsbDeviceManager: water_intrused state= 0
12-23 14:32:34.980   750  1372 D dubaid  : [HourlyRoutine.cpp] handleRequestOffset# timestamp=1545544800000, expire=1645020
12-23 14:32:34.982   699   699 E WifiHAL : enter wifi_get_link_stats
12-23 14:32:34.988   683   683 D WifiService: onReceive, action:android.intent.action.BATTERY_CHANGED
12-23 14:32:34.988   683   683 D WifiService: ACTION_BATTERY_CHANGED pluggedType: 2
12-23 14:32:34.990  1961  1961 I MsgReceiver: intent action: android.intent.action.BATTERY_CHANGED
12-23 14:32:34.994  1961 32623 W libc    : Set property "debug.aps.current_battery" to "38"
12-23 14:32:35.004 31647 32273 I [10.3.0.302]CloudAlbum.OperationUtil: cancelNotify
12-23 14:32:35.005   683  1152 E BatteryStatsService: no controller energy info supplied
12-23 14:32:35.054   683  1152 E BatteryStatsService: modem info is invalid: ModemActivityInfo{ mTimestamp=0 mSleepTimeMs=0 mIdleTimeMs=0 mTxTimeMs[]=[0, 0, 0, 0, 0] mRxTimeMs=0 mEnergyUsed=0}
12-23 14:32:37.424   699   699 E WifiHAL : enter wifi_get_link_stats
12-23 14:32:37.440   744   744 E wificond: Failed to get NL80211_STA_INFO_CNAHLOAD
12-23 14:32:37.494   683  1456 I chatty  : uid=1000(system) WiFiArpStateMac expire 16 lines
12-23 14:32:39.116  1961  2733 I LogPowerAdapter: do thermal temperature:28action:app_ctrl value:0 to PG
12-23 14:32:39.117  1961  2733 D HwPolicyDispatcher: send ctrl to PG,0
12-23 14:32:39.120  1961  2326 I TClean  : TClean trigger policy = 0
12-23 14:32:39.121  1961  2326 I HardwareAdapter: file:/sys/class/hw_power/charger/direct_charger/adaptor_detect, fileExists:false, fileCanRead:false
12-23 14:32:39.121  1961  2326 I HardwareAdapter: isOnlyChargingType adaptor_detect=null
12-23 14:32:39.122  1961  2326 I HardwareAdapter: isOnlyChargingType chargerType=0
12-23 14:32:39.123  1961  2326 I ash     : not only power charing.
12-23 14:32:40.449   699   699 E WifiHAL : enter wifi_get_link_stats
12-23 14:32:43.472   699   699 E WifiHAL : enter wifi_get_link_stats
12-23 14:32:46.097  1508  1508 I chatty  : uid=10039(u0_a39) com.android.systemui expire 59 lines
12-23 14:32:46.500   699   699 E WifiHAL : enter wifi_get_link_stats
12-23 14:32:46.517   683  1398 I chatty  : uid=1000(system) WifiStateMachin expire 10 lines
12-23 14:32:46.518   683  1400 I chatty  : uid=1000(system) HwWifiCHRStateM expire 15 lines
12-23 14:32:43.491   744   744 I chatty  : uid=1010(wifi) /system/bin/wificond identical 4 lines
12-23 14:32:46.517   744   744 E wificond: Failed to get NL80211_STA_INFO_CNAHLOAD
12-23 14:32:46.995   493   633 W SocketListener: sending broadcast to Pid = 683, Uid = 1000 
12-23 14:32:46.998   683  1393 D NetdConnector: RCV <- {613 IfaceClass idle 1 142477888372657}
12-23 14:32:47.001   683  1393 D NetdConnector: RCV <- {613 IfaceClass idle 1 142477888372657}
12-23 14:32:47.004   683  1163 D NetdConnector: RCV unsolicited event from native daemon, event = 613
12-23 14:32:47.014   683  2158 V BroadcastQueue: Finished with ordered broadcast BroadcastRecord{96db871 u-1 android.net.conn.DATA_ACTIVITY_CHANGE}
12-23 14:32:47.378   493   633 W SocketListener: sending broadcast to Pid = 683, Uid = 1000 
12-23 14:32:47.382   683  1393 D NetdConnector: RCV <- {613 IfaceClass active 1 142478272511198 0}
12-23 14:32:47.385   683  1393 D NetdConnector: RCV <- {613 IfaceClass active 1 142478272511198 0}
12-23 14:32:47.389   683  1163 D NetdConnector: RCV unsolicited event from native daemon, event = 613
12-23 14:32:47.400   683  2158 V BroadcastQueue: Finished with ordered broadcast BroadcastRecord{a502656 u-1 android.net.conn.DATA_ACTIVITY_CHANGE}
12-23 14:32:47.918   683   683 I chatty  : uid=1000 system_server expire 52 lines
12-23 14:32:48.539   683  1352 D HwBatteryService: onUEvent fcpStatus = 0,scpStatus =0,ovpStatus=0
12-23 14:32:48.540   683  1352 I UsbDeviceManager: water_intrused state= 0
12-23 14:32:48.564   683   683 D WifiService: onReceive, action:android.intent.action.BATTERY_CHANGED
12-23 14:32:48.564   683   683 D WifiService: ACTION_BATTERY_CHANGED pluggedType: 2
12-23 14:32:48.571  1961  1961 I MsgReceiver: intent action: android.intent.action.BATTERY_CHANGED
12-23 14:32:48.579 31647 32273 I [10.3.0.302]CloudAlbum.OperationUtil: cancelNotify
12-23 14:32:49.525   699   699 E WifiHAL : enter wifi_get_link_stats
12-23 14:32:49.540   744   744 E wificond: Failed to get NL80211_STA_INFO_CNAHLOAD
12-23 14:32:49.969   683  1470 I chatty  : uid=1000(system) HuaweiWifiWatch expire 36 lines
12-23 14:32:52.129  1508  1760 I chatty  : uid=10039(u0_a39) SystemUI_subThr expire 11 lines
12-23 14:32:52.548   699   699 E WifiHAL : enter wifi_get_link_stats
12-23 14:32:55.020   683  1365 I chatty  : uid=1000(system) AlarmManager expire 2 lines
12-23 14:32:55.039   683  2158 I chatty  : uid=1000(system) Binder:683_E expire 2 lines
12-23 14:32:49.968   744   744 I chatty  : uid=1010(wifi) /system/bin/wificond identical 2 lines
12-23 14:32:52.559   744   744 E wificond: Failed to get NL80211_STA_INFO_CNAHLOAD
12-23 14:32:55.039   683  1945 V BroadcastQueue: Finished with ordered broadcast BroadcastRecord{4378bc4 u0 com.google.android.gms.gcm.ACTION_CHECK_QUEUE}
12-23 14:32:55.086  3413  4724 D WorkSource: Insert in WorkSource{} @ 0 uid 10099 name com.google.android.gms
12-23 14:32:55.087  3413  4724 D WorkSource: Insert in WorkSource{} @ 0 uid 10099 name com.google.android.gms
12-23 14:32:55.121  3413  4724 D WorkSource: Insert in WorkSource{} @ 0 uid 10099 name com.google.android.gms
12-23 14:32:55.122   683  2158 W HwAlarmManagerService: isContainsAppUidInWorksource-->happend NameNotFoundException
12-23 14:32:55.186  3413 32631 I NetRec  : [3552] aeqv.a: Refreshing scores for 150 networks.
12-23 14:32:55.268   493 32632 W libc    : Set property "hw.wifi.dns_stat" to "682,23,13448,1,122318"
12-23 14:32:55.568   699   699 E WifiHAL : enter wifi_get_link_stats
12-23 14:32:55.589   744   744 E wificond: Failed to get NL80211_STA_INFO_CNAHLOAD
12-23 14:32:57.393   683  1874 W Watchdog: hungtask: writing kick
12-23 14:32:57.398   683  1163 I chatty  : uid=1000(system) android.fg expire 1 line
12-23 14:32:57.402  3413 32631 W NetRec  : [3552] aeqv.a: Timeout after 2202 ms while waiting for score updates. Rescheduling.
12-23 14:32:57.410  3413 32631 I NetRec  : [3552] aeqv.a: Still entries pending update, scheduling new rapid_refresh_scores_task refresh.
12-23 14:32:57.424  3413 32631 I NetRec  : [3552] aeqv.a: Completed rapid_refresh_scores_task score refresh task in 2286 ms, returning 1
12-23 14:32:57.437   683  2158 V BroadcastQueue: Finished with ordered broadcast BroadcastRecord{d563b3a u0 com.google.android.gms.gcm.ACTION_SCHEDULE}
12-23 14:32:57.449  3413 10722 D WorkSource: Insert in WorkSource{} @ 0 uid 10099 name com.google.android.gms
12-23 14:32:57.450   683  2158 W HwAlarmManagerService: isContainsAppUidInWorksource-->happend NameNotFoundException
12-23 14:32:57.456   683  2158 D SmartHeartBeat: isPendingPackage, false, pkg:com.android.deskclock, action:com.android.deskclock.ALARM_ALERT,not pending alarm with AlarmClockInfo
12-23 14:32:57.969   744   744 E wificond: Failed to get NL80211_STA_INFO_CNAHLOAD
12-23 14:32:57.970   683  1400 I chatty  : uid=1000(system) HwWifiCHRStateM expire 18 lines
12-23 14:32:58.143  1508  1508 I chatty  : uid=10039(u0_a39) com.android.systemui expire 37 lines
12-23 14:32:58.524   683  1456 I chatty  : uid=1000(system) WiFiArpStateMac expire 10 lines
12-23 14:32:58.597   699   699 E WifiHAL : enter wifi_get_link_stats
12-23 14:32:58.613   683  1398 I chatty  : uid=1000(system) WifiStateMachin expire 11 lines
12-23 14:32:58.625   965  1065 W libc    : Set property "ril.hw_modem0.rssi" to "-116"
12-23 14:32:58.636  1976  1976 W libc    : Set property "gsm.rssi.sim1" to "-116"
12-23 14:32:58.647   683  1165 I chatty  : uid=1000(system) android.display expire 8 lines
12-23 14:32:58.655   683   683 I chatty  : uid=1000 system_server expire 40 lines
12-23 14:32:57.977   744   744 I chatty  : uid=1010(wifi) /system/bin/wificond identical 1 line
12-23 14:32:58.612   744   744 E wificond: Failed to get NL80211_STA_INFO_CNAHLOAD
12-23 14:33:00.004   683   683 V AlarmManager: Received TIME_TICK alarm; rescheduling
12-23 14:33:00.006   683   683 I HwAlarmManagerService: hwSetAlarm listenerTag: time_tick
12-23 14:33:00.057  1508  1778 I chatty  : uid=10039(u0_a39) KG_Background_H expire 1 line
12-23 14:33:00.060  1992  1992 I HwLauncher: Model  onReceive intent=Intent { act=android.intent.action.TIME_TICK flg=0x50200014 hwFlg=0x900 (has extras) }
12-23 14:33:00.060  1992  1992 I HwLauncher: Model  onReceive user=UserHandle{0}
12-23 14:33:00.068  1992  2123 E HwLauncher: SettingsEx , no such field.
12-23 14:33:00.068  1992  2123 W HwLauncher: Clock getDataFormat the getSystemString failed.
12-23 14:33:00.087  6277  6374 I Step_LSC: 90004307|processHandleBroadcastAction action:android.intent.action.TIME_TICK
12-23 14:33:00.099  6277  6374 I Step_SPUtils: 90004307|setAliveRecord  success: timestampArg=1545546780088 elapsedRealtimeArg=142490984
12-23 14:33:00.240  3457  3457 I [HwRecSys]TimerController: onMinuteChange requestWeather
12-23 14:33:00.241  3457  6781 D [HwRecSys]LocationController: receive msg MSG_START_PASSIVE_LOCATION
12-23 14:33:00.241  3457  6781 E [HwRecSys]LocationController: location valid no need locate
12-23 14:33:00.242   683  2158 V BroadcastQueue: Finished with ordered broadcast BroadcastRecord{3cc9fe1 u-1 android.intent.action.TIME_TICK}
12-23 14:33:01.621   699   699 E WifiHAL : enter wifi_get_link_stats
12-23 14:33:01.637   744   744 E wificond: Failed to get NL80211_STA_INFO_CNAHLOAD
12-23 14:33:04.413   756  1187 I logserver: thread_logcontrol, socket_server = 43, changed.
12-23 14:33:04.413   756  1187 I logserver: handle_connection_event, socket client 18 connected!
12-23 14:33:04.413   756  1187 I logserver: thread_logcontrol, socket_client = 18, changed.
12-23 14:33:04.413   756  1187 I logserver: thread_logcontrol, socket_client = 18, OK.
12-23 14:33:04.413   756  1187 I logserver: handle_client_event, socket_client = 18.
12-23 14:33:04.413   756  1187 I logserver: recv 52 bytes, errno=32
12-23 14:33:04.413   756  1187 I logserver: handle_client_event, rcv [{uploadReady:uploadReadyParam=1545546794410;10000;2}]
12-23 14:33:04.413   756  1187 I logserver: handle_client_event: msg = {uploadReady:uploadReadyParam=1545546794410;10000;2}
12-23 14:33:04.413   756  1187 I logserver: handle_one_socket_command: one command = uploadReady:uploadReadyParam=1545546794410;10000;2
12-23 14:33:04.413   756  1187 I logserver: handle_one_socket_command, has :
12-23 14:33:04.414   756  1187 I logserver: handle_one_socket_command, cmd = uploadReady, content = uploadReadyParam=1545546794410;10000;2
12-23 14:33:04.414   756  1187 I logserver: handle_one_socket_command, match cmd, client_cmd_tbl = uploadReady
12-23 14:33:04.414   756  1187 I logserver: handle_client_upload_ready, into
12-23 14:33:04.414   756  1187 E logserver: deadline_time is 1545546794410
12-23 14:33:04.414   756  1187 E logserver: wait_time_len is 0
12-23 14:33:04.414   756  1187 E logserver: special_tag is 2
12-23 14:33:04.415   756  1187 I iMonitor: create: 902500004
12-23 14:33:04.416   756  1187 I iMonitor: send: 902500004
12-23 14:33:04.416   756  1187 I iMonitor: create: 902500004
12-23 14:33:04.416   756  1187 I chatty  : uid=0(root) logcontrol identical 301 lines
12-23 14:33:04.416   756  1187 I iMonitor: create: 902500004
12-23 14:33:04.416   756  1187 I iMonitor: send: 902500004
12-23 14:33:04.416   756  1187 I iMonitor: create: 902500004
12-23 14:33:04.418   756  1187 I iMonitor: create: 902500004
12-23 14:33:04.419   756  1187 I iMonitor: send: 902500004
12-23 14:33:04.419   756  1187 I iMonitor: create: 902500004
12-23 14:33:04.419   756  1187 I iMonitor: create: 902500004
12-23 14:33:04.421   756  1187 I iMonitor: create: 902500002
12-23 14:33:04.422   756  1187 I iMonitor: send: 902500002
12-23 14:33:04.422   756  1187 I iMonitor: create: 902500004
12-23 14:33:04.449   756  1187 I iMonitor: create: 902500004
12-23 14:33:04.450   756  1187 I iMonitor: send: 902500004
12-23 14:33:04.450   756  1187 I iMonitor: create: 902500004
12-23 14:33:04.450   756  1187 I iMonitor: create: 902500004
12-23 14:33:04.450   756  1187 I iMonitor: send: 902500004
12-23 14:33:04.450   756  1187 I iMonitor: create: 902500004
12-23 14:33:04.450   756  1187 I iMonitor: send: 902500004
12-23 14:33:04.450   756  1187 I iMonitor: create: 902500004
12-23 14:33:04.450   756  1187 I iMonitor: send: 902500004
12-23 14:33:04.450   756  1187 I iMonitor: create: 902500004
12-23 14:33:04.450   756  1187 I iMonitor: send: 902500004
12-23 14:33:04.450   756  1187 I iMonitor: create: 902500004
12-23 14:33:04.450   756  1187 I iMonitor: send: 902500004
12-23 14:33:04.451   756  1187 I iMonitor: create: 902500004
12-23 14:33:04.451   756  1187 I iMonitor: send: 902500004
12-23 14:33:04.451   756  1187 I iMonitor: create: 902500004
12-23 14:33:04.451   756  1187 I iMonitor: send: 902500004
12-23 14:33:04.451   756  1187 I iMonitor: create: 902500004
12-23 14:33:04.451   756  1187 I iMonitor: send: 902500004
12-23 14:33:04.451   756  1187 I iMonitor: create: 902500004
12-23 14:33:04.451   756  1187 I iMonitor: send: 902500004
12-23 14:33:04.451   756  1187 I iMonitor: create: 902500004
12-23 14:33:04.451   756  1187 I iMonitor: send: 902500004
12-23 14:33:04.451   756  1187 I iMonitor: create: 902500004
12-23 14:33:04.451   756  1187 I iMonitor: send: 902500004
12-23 14:33:04.451   756  1187 I iMonitor: create: 902500004
12-23 14:33:04.451   756  1187 I iMonitor: send: 902500004
12-23 14:33:04.451   756  1187 I iMonitor: create: 902500004
12-23 14:33:04.452   756  1187 I iMonitor: send: 902500004
12-23 14:33:04.452   756  1187 I iMonitor: create: 902500004
12-23 14:33:04.452   756  1187 I iMonitor: send: 902500004
12-23 14:33:04.452   756  1187 I iMonitor: create: 902500004
12-23 14:33:04.452   756  1187 I iMonitor: send: 902500004
12-23 14:33:04.452   756  1187 I iMonitor: create: 902500004
12-23 14:33:04.452   756  1187 I iMonitor: send: 902500004
12-23 14:33:04.452   756  1187 I iMonitor: create: 902500004
12-23 14:33:04.452   756  1187 I iMonitor: send: 902500004
12-23 14:33:04.452   756  1187 I iMonitor: create: 902500004
12-23 14:33:04.453   756  1187 I iMonitor: create: 902500004
12-23 14:33:04.453   756  1187 E JankService: JankFrequencyMonitor action return :0
12-23 14:33:04.453   756  1187 I iMonitor: create: 902500008
12-23 14:33:04.453   756  1187 I iMonitor: send: 902500008
12-23 14:33:04.453   756  1187 I iMonitor: create: 902500007
12-23 14:33:04.453   756  1187 I iMonitor: create: 902500007
12-23 14:33:04.464   756  1187 E logserver: send_to_client, send failed, errno=32
12-23 14:33:04.464   756  1187 I logserver: thread_logcontrol, socket_client = 18, OK.
12-23 14:33:04.645   699   699 E WifiHAL : enter wifi_get_link_stats
12-23 14:33:05.024   965  1065 W libc    : Set property "ril.hw_modem0.rssi" to "-120"
12-23 14:33:05.033  1976  1976 W libc    : Set property "gsm.rssi.sim1" to "-120"
12-23 14:33:05.058  1508  1760 I chatty  : uid=10039(u0_a39) SystemUI_subThr expire 10 lines
12-23 14:33:05.985   683  1470 I chatty  : uid=1000(system) HuaweiWifiWatch expire 38 lines
12-23 14:33:05.996   683  5715 I chatty  : uid=1000(system) MobileQosDetect expire 5 lines
12-23 14:33:07.167  1508  1508 I chatty  : uid=10039(u0_a39) com.android.systemui expire 66 lines
12-23 14:33:07.666   699   699 E WifiHAL : enter wifi_get_link_stats
12-23 14:33:09.387   683  1365 I chatty  : uid=1000(system) AlarmManager expire 3 lines
12-23 14:33:05.984   744   744 I chatty  : uid=1010(wifi) /system/bin/wificond identical 3 lines
12-23 14:33:07.681   744   744 E wificond: Failed to get NL80211_STA_INFO_CNAHLOAD
12-23 14:33:09.455   683  2158 V BroadcastQueue: Finished with ordered broadcast BroadcastRecord{cf76df4 u0 com.eg.android.AlipayGphone.push.action.CHECK}
12-23 14:33:10.688   699   699 E WifiHAL : enter wifi_get_link_stats
12-23 14:33:10.700   744   744 E wificond: Failed to get NL80211_STA_INFO_CNAHLOAD
12-23 14:33:10.702   683  1400 I chatty  : uid=1000(system) HwWifiCHRStateM expire 27 lines
12-23 14:33:11.056   683   683 I chatty  : uid=1000 system_server expire 88 lines
12-23 14:33:11.336   683  1945 I chatty  : uid=1000(system) Binder:683_7 expire 1 line
12-23 14:33:11.341   683  1945 V BroadcastQueue: Finished with ordered broadcast BroadcastRecord{e177560 u0 com.google.android.intent.action.GCM_RECONNECT}
12-23 14:33:11.368   493 32641 W libc    : Set property "hw.wifi.dns_stat" to "683,23,13448,1,122341"
12-23 14:33:12.380  3413 32640 E WakeLock: GCM_HB_ALARM release without a matched acquire!
12-23 14:33:12.382   683  1390 I chatty  : uid=1000(system) Binder:683_3 expire 1 line
12-23 14:33:13.413  3413 32643 E WakeLock: GCM_HB_ALARM release without a matched acquire!
12-23 14:33:13.414   683  1945 D ConnectivityService: reportNetworkConnectivity(156, false) by 10099
12-23 14:33:13.708   699   699 E WifiHAL : enter wifi_get_link_stats
12-23 14:33:13.726   744   744 E wificond: Failed to get NL80211_STA_INFO_CNAHLOAD
12-23 14:33:13.726   683  1398 I chatty  : uid=1000(system) WifiStateMachin expire 15 lines
12-23 14:33:13.999   683  2951 I chatty  : uid=1000(system) wifipro_uid_tcp expire 2 lines
12-23 14:33:13.985   744   744 I chatty  : uid=1010(wifi) /system/bin/wificond identical 1 line
12-23 14:33:13.992   744   744 E wificond: Failed to get NL80211_STA_INFO_CNAHLOAD
12-23 14:33:14.421   683   683 D WifiService: onReceive, action:android.intent.action.BATTERY_CHANGED
12-23 14:33:14.421   683   683 D WifiService: ACTION_BATTERY_CHANGED pluggedType: 2
12-23 14:33:14.433 31647 32273 I [10.3.0.302]CloudAlbum.OperationUtil: cancelNotify
12-23 14:33:14.435  1961  1961 I MsgReceiver: intent action: android.intent.action.BATTERY_CHANGED
12-23 14:33:15.237  2561  2594 I DataSrv-9.0.5.300-O-1126-20:49-WatchMan: message come: 0
12-23 14:33:15.239  2561  2594 I DataSrv-9.0.5.300-O-1126-20:49-WatchMan: processStateMachineCheck
12-23 14:33:15.240  2561  2594 I DataSrv-9.0.5.300-O-1126-20:49-VSimManager: handleEvent async
12-23 14:33:15.240  2561  2594 I DataSrv-9.0.5.300-O-1126-20:49-StateManager: handleEvent prepare[282]: HEART_BEAT
12-23 14:33:15.241  2561 32649 I DataSrv-9.0.5.300-O-1126-20:49-StateManager: handleEvent run: HEART_BEAT
12-23 14:33:15.241  2561 32649 I DataSrv-9.0.5.300-O-1126-20:49-StateManager: handleEvent end: HEART_BEAT
12-23 14:33:15.241  2561 32649 I DataSrv-9.0.5.300-O-1126-20:49-WatchMan: onHeartBeat
12-23 14:33:16.734   699   699 E WifiHAL : enter wifi_get_link_stats
12-23 14:33:16.745 31767 31820 I AppLogManager: PrintWoker poll timeout , shutdown
12-23 14:33:16.751   744   744 E wificond: Failed to get NL80211_STA_INFO_CNAHLOAD
12-23 14:33:17.068  1508  1760 I chatty  : uid=10039(u0_a39) SystemUI_subThr expire 4 lines
12-23 14:33:18.735   683  1352 D HwBatteryService: onUEvent fcpStatus = 0,scpStatus =0,ovpStatus=0
12-23 14:33:18.737   683  1352 I UsbDeviceManager: water_intrused state= 0
12-23 14:33:18.755   683   683 D WifiService: onReceive, action:android.intent.action.BATTERY_CHANGED
12-23 14:33:18.755   683   683 D WifiService: ACTION_BATTERY_CHANGED pluggedType: 2
12-23 14:33:18.758  1961  1961 I MsgReceiver: intent action: android.intent.action.BATTERY_CHANGED
12-23 14:33:18.773 31647 32273 I [10.3.0.302]CloudAlbum.OperationUtil: cancelNotify
12-23 14:33:18.847  1508  1508 I chatty  : uid=10039(u0_a39) com.android.systemui expire 48 lines
12-23 14:33:19.106   965  1065 W libc    : Set property "ril.hw_modem0.rssi" to "-117"
12-23 14:33:19.113  1976  1976 W libc    : Set property "gsm.rssi.sim1" to "-117"
12-23 14:33:19.232   683  1399 I chatty  : uid=1000(system) HwWifiStatStore expire 8 lines
12-23 14:33:19.760   699   699 E WifiHAL : enter wifi_get_link_stats
12-23 14:33:19.774   744   744 E wificond: Failed to get NL80211_STA_INFO_CNAHLOAD
12-23 14:33:20.352   683  1945 V BroadcastQueue: Finished with ordered broadcast BroadcastRecord{ed6fade u0 com.tencent.mm.plugin.report.service.KVCommCrossProcessReceiver}
12-23 14:33:21.992   683  1456 I chatty  : uid=1000(system) WiFiArpStateMac expire 14 lines
12-23 14:33:21.992   744   744 E wificond: Failed to get NL80211_STA_INFO_CNAHLOAD
12-23 14:33:22.000   683  1470 I chatty  : uid=1000(system) HuaweiWifiWatch expire 31 lines
12-23 14:33:22.242  1508  1760 I chatty  : uid=10039(u0_a39) SystemUI_subThr expire 10 lines
12-23 14:33:22.781   699   699 E WifiHAL : enter wifi_get_link_stats
12-23 14:33:23.061   683  1165 I chatty  : uid=1000(system) android.display expire 8 lines
12-23 14:33:24.452   743   743 E Thermal-daemon: [charger_ic] temp_new :31  temp_old :30
12-23 14:33:24.453  1961 24649 I ThermalService: Receive temperature change, type: 2, temp: 31 from thermald
12-23 14:33:24.454   743   743 E Thermal-daemon: Report temperature: [charger_ic] temp :31  report_threshold:1
12-23 14:33:25.806   699   699 E WifiHAL : enter wifi_get_link_stats
12-23 14:33:26.786   965  1065 W libc    : Set property "ril.hw_modem0.rssi" to "-120"
12-23 14:33:26.793  1976  1976 W libc    : Set property "gsm.rssi.sim1" to "-120"
12-23 14:33:26.997  6277  6301 D LogUtil_LogConfig: getLogFile(): logFilePath = /data/data/com.huawei.health/files/com.huawei.health/com.huawei.health_DaemonService/
12-23 14:33:26.997  6277  6301 D LogUtil_LogConfig: obtainSavePath(): path = 1
12-23 14:33:26.997  6277  6301 D LogUtil_LogConfig: acquireMaxLogFileLengthContainsOffset describe: com.huawei.health:DaemonService result:5242880
12-23 14:33:22.796   744   744 I chatty  : uid=1010(wifi) /system/bin/wificond identical 2 lines
12-23 14:33:25.822   744   744 E wificond: Failed to get NL80211_STA_INFO_CNAHLOAD
12-23 14:33:27.395   683  1874 W Watchdog: hungtask: writing kick
12-23 14:33:27.399   683  1163 I chatty  : uid=1000(system) android.fg expire 1 line
12-23 14:33:27.445   683  1365 I chatty  : uid=1000(system) AlarmManager expire 7 lines
12-23 14:33:27.512   683  1390 V BroadcastQueue: Finished with ordered broadcast BroadcastRecord{62c4351 u0 com.oppo.im.imservice.manager.imheartbeatmanager}
12-23 14:33:27.513   683   683 I HwAlarmManagerService: isContainsAppUidInWorksource-->worksource contains app's.uid
12-23 14:33:27.533   683  1884 V BroadcastQueue: Finished with ordered broadcast BroadcastRecord{6a0c38d u0 com.tencent.mm.TrafficStatsReceiver}
12-23 14:33:27.533   683   683 I HwAlarmManagerService: hwSetAlarm listenerTag: *job.delay*
12-23 14:33:27.534   683   683 I JobScheduler.Time: mNextDelayExpiredElapsedMillis: 142603161
12-23 14:33:27.537   683  1945 I chatty  : uid=1000(system) Binder:683_7 expire 5 lines
12-23 14:33:27.543   683   683 D JobServiceContext: Scheduling time out for 'com.netease.nimlib.job.NIMJobService' jId: 0, in 18 s
12-23 14:33:27.544   683  1884 V BroadcastQueue: Finished with ordered broadcast BroadcastRecord{7c46cb7 u0 com.google.android.gms.gcm.ACTION_CHECK_QUEUE}
12-23 14:33:27.565   683   683 D JobServiceContext: Scheduling time out for 'com.netease.nimlib.job.NIMJobService' jId: 1, in 18 s
12-23 14:33:27.575  1961  2090 I AppManager: dependence has been existed:683 -> 31484
12-23 14:33:27.575  3413  4724 D WorkSource: Insert in WorkSource{} @ 0 uid 10099 name com.google.android.gms
12-23 14:33:27.577   683   683 D JobServiceContext: handleServiceBound for 7d8b0a3 #u0a246/0 com.oppo.im/com.netease.nimlib.job.NIMJobService
12-23 14:33:27.577   683   683 D JobServiceContext: Scheduling time out for 'com.netease.nimlib.job.NIMJobService' jId: 0, in 8 s
12-23 14:33:27.578   683   683 W ProcBatteryStats: timer is running , not start, name: , uid: 10246, tag: *job*/com.oppo.im/com.netease.nimlib.job.NIMJobService
12-23 14:33:27.578   683   683 D JobServiceContext: handleServiceBound for e270fa0 #u0a246/1 com.oppo.im/com.netease.nimlib.job.NIMJobService
12-23 14:33:27.579   683   683 D JobServiceContext: Scheduling time out for 'com.netease.nimlib.job.NIMJobService' jId: 1, in 8 s
12-23 14:33:27.576  3413  4724 D WorkSource: Insert in WorkSource{} @ 0 uid 10099 name com.google.android.gms
12-23 14:33:27.579 31484 31533 I [push]JobCore: 1/onStartJob 0
12-23 14:33:27.580   683  1390 D JobServiceContext: doCallback of : JobStatus{7d8b0a3 #u0a246/0 com.oppo.im/com.netease.nimlib.job.NIMJobService u=0 s=10246 TIME=-11s518ms:+4m48s482ms READY} v:VERB_STARTING
12-23 14:33:27.589   683  1390 W HwAlarmManagerService: isContainsAppUidInWorksource-->happend NameNotFoundException
12-23 14:33:27.594   683  1390 D SmartHeartBeat: isPendingPackage, false, pkg:com.android.deskclock, action:com.android.deskclock.ALARM_ALERT,not pending alarm with AlarmClockInfo
12-23 14:33:27.596   683  1390 I HwAlarmManagerService: hwSetAlarm listenerTag: *job.deadline*
12-23 14:33:27.597   683  1390 I JobScheduler.Time: mNextJobExpiredElapsedMillis: 142806973
12-23 14:33:27.599 31484 31533 I [push]JobCore: 1/onStartJob 1
12-23 14:33:27.599   683  1390 D JobServiceContext: doCallback of : JobStatus{e270fa0 #u0a246/1 com.oppo.im/com.netease.nimlib.job.NIMJobService u=0 s=10246 TIME=-11s522ms:+4m48s478ms NET=1 READY} v:VERB_STARTING
12-23 14:33:27.600   683  1390 W ProcBatteryStats: timer is not running , not stop, name: , uid: 10246, tag: *job*/com.oppo.im/com.netease.nimlib.job.NIMJobService
12-23 14:33:27.608   683  1390 I HwAlarmManagerService: isContainsAppUidInWorksource-->worksource contains app's.uid
12-23 14:33:27.612   683  1390 D SmartHeartBeat: isPendingPackage, false, pkg:com.android.deskclock, action:com.android.deskclock.ALARM_ALERT,not pending alarm with AlarmClockInfo
12-23 14:33:27.614   683  1390 I HwAlarmManagerService: hwSetAlarm listenerTag: *job.deadline*
12-23 14:33:27.615   683  1390 I JobScheduler.Time: mNextJobExpiredElapsedMillis: 142903161
12-23 14:33:27.622  3413  4724 D WorkSource: Insert in WorkSource{} @ 0 uid 10099 name com.google.android.gms
12-23 14:33:27.624   683  1390 W HwAlarmManagerService: isContainsAppUidInWorksource-->happend NameNotFoundException
12-23 14:33:27.676  3413 32658 I NetRec  : [3555] aeqv.a: Refreshing scores for 150 networks.
12-23 14:33:27.715   493 32659 W libc    : Set property "hw.wifi.dns_stat" to "685,23,13448,1,122358"
12-23 14:33:28.830   699   699 E WifiHAL : enter wifi_get_link_stats
12-23 14:33:28.849   744   744 E wificond: Failed to get NL80211_STA_INFO_CNAHLOAD
12-23 14:33:29.458   743   743 E Thermal-daemon: [charger_ic] temp_new :30  temp_old :31
12-23 14:33:29.460  1961 24649 I ThermalService: Receive temperature change, type: 2, temp: 30 from thermald
12-23 14:33:29.460   743   743 E Thermal-daemon: Report temperature: [charger_ic] temp :30  report_threshold:1
12-23 14:33:29.891  3413 32658 W NetRec  : [3555] aeqv.a: Timeout after 2203 ms while waiting for score updates. Rescheduling.
12-23 14:33:29.896  3413 32658 I NetRec  : [3555] aeqv.a: Still entries pending update, scheduling new rapid_refresh_scores_task refresh.
12-23 14:33:29.908  3413 32658 I NetRec  : [3555] aeqv.a: Completed rapid_refresh_scores_task score refresh task in 2277 ms, returning 1
12-23 14:33:29.921   683  1884 V BroadcastQueue: Finished with ordered broadcast BroadcastRecord{61fa6f2 u0 com.google.android.gms.gcm.ACTION_SCHEDULE}
12-23 14:33:29.933  3413 10722 D WorkSource: Insert in WorkSource{} @ 0 uid 10099 name com.google.android.gms
12-23 14:33:29.934   683  1884 W HwAlarmManagerService: isContainsAppUidInWorksource-->happend NameNotFoundException
12-23 14:33:29.941   683  1884 D SmartHeartBeat: isPendingPackage, false, pkg:com.android.deskclock, action:com.android.deskclock.ALARM_ALERT,not pending alarm with AlarmClockInfo
12-23 14:33:29.981   683   683 I chatty  : uid=1000 system_server expire 61 lines
12-23 14:33:30.000   744   744 E wificond: Failed to get NL80211_STA_INFO_CNAHLOAD
12-23 14:33:30.001   683  1400 I chatty  : uid=1000(system) HwWifiCHRStateM expire 15 lines
12-23 14:33:31.235  1508  1508 I chatty  : uid=10039(u0_a39) com.android.systemui expire 39 lines
12-23 14:33:31.857   699   699 E WifiHAL : enter wifi_get_link_stats
12-23 14:33:31.873   683  1398 I chatty  : uid=1000(system) WifiStateMachin expire 9 lines
12-23 14:33:33.194  1798  2183 E NotificationManager: notifyAsUser: tag=null, id=1074741829, user=UserHandle{0}
12-23 14:33:33.216  1961  2090 I AppManager: app:com.huawei.systemmanager Notification update time:142524113
12-23 14:33:33.514   683   713 I chatty  : uid=1000(system) HeapTaskDaemon expire 1 line
12-23 14:33:34.247  1508  1760 I chatty  : uid=10039(u0_a39) SystemUI_subThr expire 12 lines
12-23 14:33:34.586   683  1456 I chatty  : uid=1000(system) WiFiArpStateMac expire 18 lines
12-23 14:33:34.882   699   699 E WifiHAL : enter wifi_get_link_stats
12-23 14:33:36.094  3165  3165 I PushLog2953: [main-1]action is com.huawei.intent.action.PUSH(android/:305)
12-23 14:33:36.097  3165  3165 I PushLog2953: [main-1]dispatchIntent over(android/:208)
12-23 14:33:36.098  3165  3181 I PushLog2953: [ReceiverDispatcher-108]heartbeatArrive(android/:146)
12-23 14:33:31.872   744   744 I chatty  : uid=1010(wifi) /system/bin/wificond identical 2 lines
12-23 14:33:34.897   744   744 E wificond: Failed to get NL80211_STA_INFO_CNAHLOAD
12-23 14:33:36.099   683  1390 V BroadcastQueue: Finished with ordered broadcast BroadcastRecord{e28e8f9 u0 com.huawei.intent.action.PUSH}
12-23 14:33:36.103  3165  3181 I PushLog2953: [ReceiverDispatcher-108]heartbeatArrive, send heart beat(android/:153)
12-23 14:33:36.114  3165  3181 I PushLog2953: [ReceiverDispatcher-108]is network env changed: false,from netType 1 to 1, [-1:NONE, 0:MOBILE, 1:WIFI](android/:83)
12-23 14:33:36.117  3165  3181 I PushLog2953: [ReceiverDispatcher-108]not support bastet in wifi(android/:101)
12-23 14:33:36.119  3165  3181 I PushLog2953: [ReceiverDispatcher-108]init push bastet failed!(android/:81)
12-23 14:33:36.120  3165  3181 I PushLog2953: [ReceiverDispatcher-108]set HEARTBEAT_RSP_TIMEOUT Alarm(android/:331)
12-23 14:33:36.125  3165  3181 I PushLog2953: [ReceiverDispatcher-108]process cmdid to send to pushSrv:DA(android/:104)
12-23 14:33:36.126  3165  3181 I PushLog2953: [ReceiverDispatcher-108]send msg to remote srv success(android/:106)
12-23 14:33:36.230  3165 31327 I PushLog2953: [SocketRead_14:13:20-1014]process cmdid to receive from pushSrv:DB(android/:234)
12-23 14:33:36.237   683  1390 D SmartHeartBeat: isPendingPackage, false, pkg:com.android.deskclock, action:com.android.deskclock.ALARM_ALERT,not pending alarm with AlarmClockInfo
12-23 14:33:36.239  3165 31327 I PushLog2953: [SocketRead_14:13:20-1014]enter adjustHeartBeat:(findHeartBeat:true,isHearBeatTimeReq:true,RspTimeOut:false,beatInterval:310000,bestHBSuccessCount:0,range:[180000,310000])(android/:140)
12-23 14:33:36.266  3165 31327 I PushLog2953: [SocketRead_14:13:20-1014]is network env changed: false,from netType 1 to 1, [-1:NONE, 0:MOBILE, 1:WIFI](android/:83)
12-23 14:33:36.266  3165 31327 I PushLog2953: [SocketRead_14:13:20-1014]after delayHeartBeatReq, nextHeartBeatTime, will be 310000ms later(android/:41)
12-23 14:33:36.274  3165 31327 I PushLog2953: [SocketRead_14:13:20-1014]dispatchIntent over(android/:208)
12-23 14:33:37.905   699   699 E WifiHAL : enter wifi_get_link_stats
12-23 14:33:37.920   744   744 E wificond: Failed to get NL80211_STA_INFO_CNAHLOAD
12-23 14:33:38.016   683  1470 I chatty  : uid=1000(system) HuaweiWifiWatch expire 47 lines
12-23 14:33:38.451   493 32665 W libc    : Set property "hw.wifi.dns_stat" to "686,23,13448,1,122368"
12-23 14:33:38.907  1508  1508 I chatty  : uid=10039(u0_a39) com.android.systemui expire 44 lines
12-23 14:33:39.465 21052 32664 W GAv4-SVC: Network compressed POST connection error: java.net.ConnectException: Failed to connect to ssl.google-analytics.com/203.208.40.62:443
12-23 14:33:39.471   743   743 E Thermal-daemon: [charger_ic] temp_new :31  temp_old :30
12-23 14:33:39.473  1961 24649 I ThermalService: Receive temperature change, type: 2, temp: 31 from thermald
12-23 14:33:39.473   743   743 E Thermal-daemon: Report temperature: [charger_ic] temp :31  report_threshold:1
12-23 14:33:38.007   744   744 I chatty  : uid=1010(wifi) /system/bin/wificond identical 1 line
12-23 14:33:38.015   744   744 E wificond: Failed to get NL80211_STA_INFO_CNAHLOAD
12-23 14:33:39.837   683  1884 V BroadcastQueue: Finished with ordered broadcast BroadcastRecord{689224a u0 ALARM_ACTION(3793)}
12-23 14:33:39.875   683  1884 D SmartHeartBeat: isPendingPackage, false, pkg:com.android.deskclock, action:com.android.deskclock.ALARM_ALERT,not pending alarm with AlarmClockInfo
12-23 14:33:40.928   699   699 E WifiHAL : enter wifi_get_link_stats
12-23 14:33:40.048   683  1884 D SmartHeartBeat: isPendingPackage, false, pkg:com.android.deskclock, action:com.android.deskclock.ALARM_ALERT,not pending alarm with AlarmClockInfo
12-23 14:33:40.940   744   744 E wificond: Failed to get NL80211_STA_INFO_CNAHLOAD
12-23 14:33:40.941   683  1400 I chatty  : uid=1000(system) HwWifiCHRStateM expire 21 lines
12-23 14:33:41.997   683   683 I chatty  : uid=1000 system_server expire 51 lines
12-23 14:33:43.275   683  1399 I chatty  : uid=1000(system) HwWifiStatStore expire 7 lines
12-23 14:33:43.949   699   699 E WifiHAL : enter wifi_get_link_stats
12-23 14:33:43.965   683  1398 I chatty  : uid=1000(system) WifiStateMachin expire 10 lines
12-23 14:33:44.824   683  1165 I chatty  : uid=1000(system) android.display expire 4 lines
12-23 14:33:46.024   683  2951 I chatty  : uid=1000(system) wifipro_uid_tcp expire 2 lines
12-23 14:33:46.030   683  5715 I chatty  : uid=1000(system) MobileQosDetect expire 2 lines
12-23 14:33:46.971   699   699 E WifiHAL : enter wifi_get_link_stats
12-23 14:33:46.019   744   744 I chatty  : uid=1010(wifi) /system/bin/wificond identical 3 lines
12-23 14:33:46.986   744   744 E wificond: Failed to get NL80211_STA_INFO_CNAHLOAD
12-23 14:33:48.951   683  1352 D HwBatteryService: onUEvent fcpStatus = 0,scpStatus =0,ovpStatus=0
12-23 14:33:48.953   683  1352 I UsbDeviceManager: water_intrused state= 0
12-23 14:33:48.976  1961  1961 I MsgReceiver: intent action: android.intent.action.BATTERY_CHANGED
12-23 14:33:48.977  1508  1508 I chatty  : uid=10039(u0_a39) com.android.systemui expire 45 lines
12-23 14:33:48.980   683   683 D WifiService: onReceive, action:android.intent.action.BATTERY_CHANGED
12-23 14:33:48.980   683   683 D WifiService: ACTION_BATTERY_CHANGED pluggedType: 2
12-23 14:33:48.988 31647 32273 I [10.3.0.302]CloudAlbum.OperationUtil: cancelNotify
12-23 14:33:49.293  1508  1760 I chatty  : uid=10039(u0_a39) SystemUI_subThr expire 9 lines
12-23 14:33:49.509   683  1365 I chatty  : uid=1000(system) AlarmManager expire 3 lines
12-23 14:33:49.525   683  1884 W ProcBatteryStats: timer is running , not start, name: com.eg.android.AlipayGphone, uid: 10163, tag: bifrost.mars.WakerLock
12-23 14:33:49.527   683  1884 V BroadcastQueue: Finished with ordered broadcast BroadcastRecord{ecfcf0 u0 ALARM_ACTION(14804)}
12-23 14:33:49.541   683  1390 D SmartHeartBeat: isPendingPackage, false, pkg:com.android.deskclock, action:com.android.deskclock.ALARM_ALERT,not pending alarm with AlarmClockInfo
12-23 14:33:49.826   965  1065 W libc    : Set property "ril.hw_modem0.rssi" to "-117"
12-23 14:33:49.835  1976  1976 W libc    : Set property "gsm.rssi.sim1" to "-117"
12-23 14:33:49.994   699   699 E WifiHAL : enter wifi_get_link_stats
12-23 14:33:49.603   683  1390 D SmartHeartBeat: isPendingPackage, false, pkg:com.android.deskclock, action:com.android.deskclock.ALARM_ALERT,not pending alarm with AlarmClockInfo
12-23 14:33:50.010   744   744 E wificond: Failed to get NL80211_STA_INFO_CNAHLOAD
12-23 14:33:50.110   683  1945 W ProcBatteryStats: timer is not running , not stop, name: com.eg.android.AlipayGphone, uid: 10163, tag: bifrost.mars.WakerLock
12-23 14:33:53.016   699   699 E WifiHAL : enter wifi_get_link_stats
12-23 14:33:53.031   744   744 E wificond: Failed to get NL80211_STA_INFO_CNAHLOAD
12-23 14:33:54.019   683   683 I chatty  : uid=1000 system_server expire 48 lines
12-23 14:33:54.490   743   743 E Thermal-daemon: [charger_ic] temp_new :30  temp_old :31
12-23 14:33:54.491  1961 24649 I ThermalService: Receive temperature change, type: 2, temp: 30 from thermald
12-23 14:33:54.492   743   743 E Thermal-daemon: Report temperature: [charger_ic] temp :30  report_threshold:1
12-23 14:33:56.038   699   699 E WifiHAL : enter wifi_get_link_stats
12-23 14:33:56.052   683  1398 I chatty  : uid=1000(system) WifiStateMachin expire 5 lines
12-23 14:33:56.053   683  1400 I chatty  : uid=1000(system) HwWifiCHRStateM expire 9 lines
12-23 14:33:54.029   744   744 I chatty  : uid=1010(wifi) /system/bin/wificond identical 2 lines
12-23 14:33:56.052   744   744 E wificond: Failed to get NL80211_STA_INFO_CNAHLOAD
12-23 14:33:57.397   683  1874 W Watchdog: hungtask: writing kick
12-23 14:33:57.400   683  1163 I chatty  : uid=1000(system) android.fg expire 1 line
12-23 14:33:59.060   699   699 E WifiHAL : enter wifi_get_link_stats
12-23 14:33:59.073   744   744 E wificond: Failed to get NL80211_STA_INFO_CNAHLOAD
12-23 14:33:59.496   743   743 E Thermal-daemon: [charger_ic] temp_new :31  temp_old :30
12-23 14:33:59.497  1961 24649 I ThermalService: Receive temperature change, type: 2, temp: 31 from thermald
12-23 14:33:59.498   743   743 E Thermal-daemon: Report temperature: [charger_ic] temp :31  report_threshold:1
12-23 14:33:59.944   683  1945 V BroadcastQueue: Finished with ordered broadcast BroadcastRecord{ecdf3c6 u0 com.google.android.gms.gcm.ACTION_CHECK_QUEUE}
12-23 14:33:59.945   683  1390 I chatty  : uid=1000(system) Binder:683_3 expire 2 lines
12-23 14:33:59.991  3413  4724 D WorkSource: Insert in WorkSource{} @ 0 uid 10099 name com.google.android.gms
12-23 14:33:59.992  3413  4724 D WorkSource: Insert in WorkSource{} @ 0 uid 10099 name com.google.android.gms
12-23 14:34:00.004   683   683 V AlarmManager: Received TIME_TICK alarm; rescheduling
12-23 14:34:00.005   683   683 I HwAlarmManagerService: hwSetAlarm listenerTag: time_tick
12-23 14:34:00.025  3413  4724 D WorkSource: Insert in WorkSource{} @ 0 uid 10099 name com.google.android.gms
12-23 14:34:00.027   683  1945 W HwAlarmManagerService: isContainsAppUidInWorksource-->happend NameNotFoundException
12-23 14:34:00.028  1508  1508 I chatty  : uid=10039(u0_a39) com.android.systemui expire 61 lines
12-23 14:34:00.064  1508  1778 I chatty  : uid=10039(u0_a39) KG_Background_H expire 1 line
12-23 14:34:00.065  1992  1992 I HwLauncher: Model  onReceive intent=Intent { act=android.intent.action.TIME_TICK flg=0x50200014 hwFlg=0x900 (has extras) }
12-23 14:34:00.066  1992  1992 I HwLauncher: Model  onReceive user=UserHandle{0}
12-23 14:34:00.073  1992  2123 E HwLauncher: SettingsEx , no such field.
12-23 14:34:00.073  1992  2123 W HwLauncher: Clock getDataFormat the getSystemString failed.
12-23 14:34:00.080  3413 32679 I NetRec  : [3556] aeqv.a: Refreshing scores for 150 networks.
12-23 14:34:00.101  6277  6374 I Step_LSC: 90004307|processHandleBroadcastAction action:android.intent.action.TIME_TICK
12-23 14:34:00.112  6277  6374 I Step_SPUtils: 90004307|setAliveRecord  success: timestampArg=1545546840102 elapsedRealtimeArg=142550998
12-23 14:34:00.159   493 32680 W libc    : Set property "hw.wifi.dns_stat" to "687,23,13448,1,122382"
12-23 14:34:00.230  3457  3457 I [HwRecSys]TimerController: onMinuteChange requestWeather
12-23 14:34:00.232  3457  6781 D [HwRecSys]LocationController: receive msg MSG_START_PASSIVE_LOCATION
12-23 14:34:00.232  3457  6781 I [HwRecSys]LocationController: location invalid need locate
12-23 14:34:00.232  3457  6781 D [HwRecSys]LocationController: startReceivingLocationUpdates
12-23 14:34:00.232   683  1390 V BroadcastQueue: Finished with ordered broadcast BroadcastRecord{a462eb4 u-1 android.intent.action.TIME_TICK}
12-23 14:34:00.232   683  1006 I chatty  : uid=1000(system) Binder:683_2 expire 1 line
12-23 14:34:00.232  3457  6781 D [HwRecSys]LocationController: requestLocationUpdates provider:passive
12-23 14:34:00.233   683  1884 I chatty  : uid=1000(system) Binder:683_5 expire 51 lines
