12-23 14:28:49.476   683  1991 V BroadcastQueue: Finished with ordered broadcast BroadcastRecord{ea4e243 u0 ALARM_ACTION(14804)}
12-23 14:28:49.501   683  9346 D SmartHeartBeat: isPendingPackage, false, pkg:com.android.deskclock, action:com.android.deskclock.ALARM_ALERT,not pending alarm with AlarmClockInfo
12-23 14:28:49.526   683  9346 D SmartHeartBeat: isPendingPackage, false, pkg:com.android.deskclock, action:com.android.deskclock.ALARM_ALERT,not pending alarm with AlarmClockInfo
12-23 14:28:49.740   744   744 E wificond: Failed to get NL80211_STA_INFO_CNAHLOAD
12-23 14:28:49.747   683  1470 I chatty  : uid=1000(system) HuaweiWifiWatch expire 53 lines
12-23 14:28:49.754   683  2951 I chatty  : uid=1000(system) wifipro_uid_tcp expire 1 line
12-23 14:28:49.746   744   744 E wificond: Failed to get NL80211_STA_INFO_CNAHLOAD
12-23 14:28:50.035   683  9346 W ProcBatteryStats: timer is not running , not stop, name: com.eg.android.AlipayGphone, uid: 10163, tag: bifrost.mars.WakerLock
12-23 14:28:50.073   683  1456 I chatty  : uid=1000(system) WiFiArpStateMac expire 12 lines
12-23 14:28:50.708   699   699 E WifiHAL : enter wifi_get_link_stats
12-23 14:28:50.723   744   744 E wificond: Failed to get NL80211_STA_INFO_CNAHLOAD
12-23 14:28:50.724   683  1400 I chatty  : uid=1000(system) HwWifiCHRStateM expire 15 lines
12-23 14:28:51.594   683   683 I chatty  : uid=1000 system_server expire 36 lines
12-23 14:28:51.749   683  1399 I chatty  : uid=1000(system) HwWifiStatStore expire 9 lines
12-23 14:28:53.730   699   699 E WifiHAL : enter wifi_get_link_stats
12-23 14:28:54.193   743   743 E Thermal-daemon: [ap] temp_new :29  temp_old :30
12-23 14:28:54.195  1961  2223 I ThermalService: Receive temperature change, type: 0, temp: 29 from thermald
12-23 14:28:54.195   743   743 E Thermal-daemon: Report temperature: [ap] temp :29  report_threshold:1
12-23 14:28:56.752   699   699 E WifiHAL : enter wifi_get_link_stats
12-23 14:28:53.744   744   744 I chatty  : uid=1010(wifi) /system/bin/wificond identical 1 line
12-23 14:28:56.765   744   744 E wificond: Failed to get NL80211_STA_INFO_CNAHLOAD
12-23 14:28:57.375   683  1874 W Watchdog: hungtask: writing kick
12-23 14:28:57.377   683  1163 I chatty  : uid=1000(system) android.fg expire 1 line
12-23 14:28:57.511  1508  1760 I chatty  : uid=10039(u0_a39) SystemUI_subThr expire 4 lines
12-23 14:28:57.749   744   744 E wificond: Failed to get NL80211_STA_INFO_CNAHLOAD
12-23 14:28:57.769   683  5715 I chatty  : uid=1000(system) MobileQosDetect expire 3 lines
12-23 14:28:57.756   744   744 E wificond: Failed to get NL80211_STA_INFO_CNAHLOAD
12-23 14:28:59.552   683   683 W JobServiceContext: Time-out while trying to bind 3bc542e #u0a173/1 com.tencent.mobileqq/.msf.service.MSFAliveJobService, dropping.
12-23 14:28:59.552   683   683 E BatteryStatsImpl: Unable to find object for com.tencent.mobileqq/.msf.service.MSFAliveJobService in uid 10173 mapsize=0 activeoverflow=null curoverflow=null
12-23 14:28:59.554   683   683 W ActivityManager: Unbind failed: could not find connection for android.app.LoadedApk$ServiceDispatcher$InnerConnection@e802731
12-23 14:28:59.567   683  1146 W DropBoxManagerService: Dropping: system_server_wtf (1547 > 0 bytes)
12-23 14:28:59.650   683  6848 V BroadcastQueue: Finished with ordered broadcast BroadcastRecord{d01a397 u0 android.intent.action.DROPBOX_ENTRY_ADDED}
12-23 14:28:59.771   699   699 E WifiHAL : enter wifi_get_link_stats
12-23 14:28:59.782   744   744 E wificond: Failed to get NL80211_STA_INFO_CNAHLOAD
12-23 14:29:00.003   683   683 V AlarmManager: Received TIME_TICK alarm; rescheduling
12-23 14:29:00.005   683   683 I HwAlarmManagerService: hwSetAlarm listenerTag: time_tick
12-23 14:29:00.026  1508  1508 I chatty  : uid=10039(u0_a39) com.android.systemui expire 19 lines
12-23 14:29:00.054  1508  1778 I chatty  : uid=10039(u0_a39) KG_Background_H expire 1 line
12-23 14:29:00.056  1992  1992 I HwLauncher: Model  onReceive intent=Intent { act=android.intent.action.TIME_TICK flg=0x50200014 hwFlg=0x900 (has extras) }
12-23 14:29:00.056  1992  1992 I HwLauncher: Model  onReceive user=UserHandle{0}
12-23 14:29:00.068  1992  2123 E HwLauncher: SettingsEx , no such field.
12-23 14:29:00.068  1992  2123 W HwLauncher: Clock getDataFormat the getSystemString failed.
12-23 14:29:00.094  6277  6374 I Step_LSC: 90004307|processHandleBroadcastAction action:android.intent.action.TIME_TICK
12-23 14:29:00.112  6277  6374 I Step_SPUtils: 90004307|setAliveRecord  success: timestampArg=1545546540095 elapsedRealtimeArg=142250991
12-23 14:29:00.245  3457  3457 I [HwRecSys]TimerController: onMinuteChange requestWeather
12-23 14:29:00.246  3457  6781 D [HwRecSys]LocationController: receive msg MSG_START_PASSIVE_LOCATION
12-23 14:29:00.246  3457  6781 E [HwRecSys]LocationController: location valid no need locate
12-23 14:29:00.246   683  9346 V BroadcastQueue: Finished with ordered broadcast BroadcastRecord{3e3abb4 u-1 android.intent.action.TIME_TICK}
12-23 14:29:00.556  1508  1508 I chatty  : uid=10039(u0_a39) com.android.systemui expire 15 lines
12-23 14:29:01.328 16786 16786 E SQLiteLog: (1) 
12-23 14:29:01.330 16786 16786 E PluginDevice_PluginDevice: 90004307|SQLiteException
12-23 14:29:01.340 16786 16786 E SQLiteLog: (1) 
12-23 14:29:01.342 16786 16786 E PluginDevice_PluginDevice: 90004307|SQLiteException
12-23 14:29:02.162   723   830 D bastetd : [HbTaskManager  ] handleReplyTimeout# reply timer timeout
12-23 14:29:02.162   723   830 D bastetd : [HwpgedPCA      ] reportAction# TO HWPGED, pid=3918, action=0, reserve=0
12-23 14:29:02.162   723   830 D bastetd : [BastetDevice   ] setSocketClosed# Proxy socket closed
12-23 14:29:02.163   723   830 D bastetd : [HbProxyTask    ] ~HbProxyTask# protId=3, taskId=24 removed
12-23 14:29:02.163   723   830 D bastetd : [HbTaskManager  ] rescheduleTimer# detector supplied interval 1
12-23 14:29:02.163   723   830 D bastetd : [HbTaskManager  ] rescheduleTimer# no started state proxy task
12-23 14:29:02.164   748   813 I Pged-IPgedBinderService: hwpged receiveBastetAction, pid: 3918, action: 0, reserve: 0
12-23 14:29:02.164   683  9346 I chatty  : uid=1000(system) Binder:683_18 expire 2 lines
12-23 14:29:02.164  3918 32268 E HiAction_XChannel.f-415: run(): inputStream.read SocketException: java.net.SocketException: Connection reset
12-23 14:29:02.164  3918 32268 I HiAction_XChannel.f-415: run(): not ETIMEDOUT exception, should refresh pusher address
12-23 14:29:02.164  3918 32268 I HiAction_XChannel.k-415: stopAlarm(): 
12-23 14:29:02.164  3918 32268 I HiAction_XChannel.k-415: notifyRestartWork(): 
12-23 14:29:02.164  3918 32268 I HiAction_XChannel.XChannelService: sdkStatusChange(): 
12-23 14:29:02.165  1961  2223 I PgedBinderListener: net callback uids list:[0, 3918]
12-23 14:29:02.166  1961  2326 I ash     : recordCanProxyApps: state: 0, pid: 3918
12-23 14:29:02.166  3918 32268 I HiAction_XChannel.k-415: setIntoMsgQueue(): 
12-23 14:29:02.167  3918 32268 I HiAction_XChannel.f-415: run(): RecvThread exit
12-23 14:29:02.168  3918 32269 I HiAction_XChannel.i-415: run(): get stop message and stop current thread
12-23 14:29:02.168  3918 32269 I HiAction_XChannel.i-415: run(): release wakelock before SendThread exit
12-23 14:29:02.168  3918 32269 I HiAction_XChannel.k-415: notifyRestartWork(): 
12-23 14:29:02.168  3918 32269 I HiAction_XChannel.XChannelService: sdkStatusChange(): 
12-23 14:29:02.169  3918 32472 I HiAction_XChannel.e: sdkStatusChange(): 
12-23 14:29:02.169  3918 32472 I HiAction_XChannel.a: onSdkStatusChange(): isAvaliable[false] status[PUSH_MSG_UNAVAILABLE]
12-23 14:29:02.170  3918 32269 I HiAction_XChannel.k-415: setIntoMsgQueue(): 
12-23 14:29:02.172  3918 32473 I HiAction_XChannel.e: sdkStatusChange(): 
12-23 14:29:02.172  3918 32473 I HiAction_XChannel.a: onSdkStatusChange(): isAvaliable[false] status[PUSH_MSG_UNAVAILABLE]
12-23 14:29:02.174   683  9346 D SmartHeartBeat: isPendingPackage, false, pkg:com.android.deskclock, action:com.android.deskclock.ALARM_ALERT,not pending alarm with AlarmClockInfo
12-23 14:29:02.617   683   683 I chatty  : uid=1000 system_server expire 54 lines
12-23 14:29:02.790   699   699 E WifiHAL : enter wifi_get_link_stats
12-23 14:29:02.808   744   744 E wificond: Failed to get NL80211_STA_INFO_CNAHLOAD
12-23 14:29:02.809   683  1400 I chatty  : uid=1000(system) HwWifiCHRStateM expire 18 lines
12-23 14:29:03.526  1508  1760 I chatty  : uid=10039(u0_a39) SystemUI_subThr expire 10 lines
12-23 14:29:04.171  3918 32269 I HiAction_XChannel.i-415: run(): schedule to restart XChannelClient
12-23 14:29:04.171  3918 32269 I HiAction_XChannel.k: startWork(): 
12-23 14:29:04.176  3918 32269 I HiAction_XChannel.k: getDelay(): current time is 2018?12?23? 14:29:04, last connect time is 2018?12?23? 14:23:39
12-23 14:29:04.176  3918 32269 I HiAction_XChannel.k: getDelay(): more than one minute between tow connections, delay is set to be 0
12-23 14:29:04.177  3918 32269 I HiAction_XChannel.k: run(): startWork is scheduled
12-23 14:29:04.177  3918 32269 I HiAction_XChannel.i-415: run(): SendThread exit
12-23 14:29:04.179  3918 32474 I HiAction_XChannel.k-416: run(): 
12-23 14:29:04.179  3918 32474 I HiAction_XChannel.k-416: reset(): 
12-23 14:29:04.179  3918 32474 I HiAction_XChannel.k-416: reset(): stop expired alarm
12-23 14:29:04.179  3918 32474 I HiAction_XChannel.k-416: stopAlarm(): 
12-23 14:29:04.179  3918 32474 I HiAction_XChannel.k-416: reset(): interrupt recvThread
12-23 14:29:04.179  3918 32474 I HiAction_XChannel.k-416: reset(): interrupt sendThread
12-23 14:29:04.179  3918 32474 I HiAction_XChannel.k-416: reset(): close expired socket
12-23 14:29:04.181   723   830 D bastetd : [BastetDevice   ] indSocketClosed# proxyId: 0x00000277, reconnEnable=0, proxy_id: 0x00000277
12-23 14:29:04.181  3918 32474 I HiAction_XChannel.k-416: reset(): ensure expired threads exit
12-23 14:29:04.181  3918 32474 I HiAction_XChannel.k-416: reset(): receive thread exit
12-23 14:29:04.182  3918 32474 I HiAction_XChannel.k-416: reset(): send thread exit
12-23 14:29:04.182  3918 32474 I HiAction_XChannel.k-416: reset(): clear expired data
12-23 14:29:04.182  3918 32474 I HiAction_XChannel.d: clear(): 
12-23 14:29:04.182  3918 32474 I HiAction_XChannel.a: clear(): 
12-23 14:29:04.182  3918 32474 I HiAction_XChannel.k-416: reset(): success
12-23 14:29:04.182  3918 32474 I HiAction_XChannel.k-416: getPusher(): 
12-23 14:29:04.183  3918 22442 D HwBastet: HwBastet handleProxyMessage: proxyId=631, err=-16, ext=1
12-23 14:29:04.184   723   723 D bastetd : [ProxyBase      ] clearBastetProxy# proxyId: 0x00000277, report=1
12-23 14:29:04.184   723   723 D bastetd : [BastetStore    ] removeRecordByRec# Remove Record proxyId: 0x00000277
12-23 14:29:04.184   723   723 D bastetd : [HwpgedPCA      ] reportAction# TO HWPGED, pid=3918, action=2, reserve=0
12-23 14:29:04.184   723   723 D bastetd : [ProxyBase      ] removeTaskId# remove taskId=24
12-23 14:29:04.185   748   813 I Pged-IPgedBinderService: hwpged receiveBastetAction, pid: 3918, action: 2, reserve: 0
12-23 14:29:04.185  1961  2223 I PgedBinderListener: net callback uids list:[-2, 3918]
12-23 14:29:04.186  1961  2326 I ash     : recordCanProxyApps: state: -2, pid: 3918
12-23 14:29:04.187  3918 22442 D HwBastet: Clear all nrt data
12-23 14:29:04.188  3918 22442 D HwBastet: HwBastet handleProxyMessage: proxyId=631, err=-10, ext=0
12-23 14:29:04.233  3918 32474 I HiAction_ThreadStateSync: get threadAllReady
12-23 14:29:04.234  3918 32474 I HiAction_ThreadStateSync: get isSendThreadReady
12-23 14:29:04.234  3918 32476 I HiAction_XChannel.i-416: run 
12-23 14:29:04.234  3918 32476 I HiAction_ThreadStateSync: sendThreadRun
12-23 14:29:04.234  3918 32476 I HiAction_XChannel.k-416: getFromMsgReqQueue(): 
12-23 14:29:04.234  3918 32475 I HiAction_XChannel.f-416: run():
12-23 14:29:04.234  3918 32475 I HiAction_ThreadStateSync: receiveThreadRun
12-23 14:29:04.234  3918 32474 I HiAction_ThreadStateSync: SendThreadBlockQueue get  :java.lang.Object@1b15c34
12-23 14:29:04.234  3918 32474 I HiAction_ThreadStateSync: get isReceiveThreadReady
12-23 14:29:04.234  3918 32474 I HiAction_ThreadStateSync: ReceiveThreadBlockQueue  get  :java.lang.Object@6d44a5d
12-23 14:29:04.234  3918 32474 I HiAction_b: handshake(): 
12-23 14:29:04.234  3918 32474 I HiAction_b: firstStep(): 
12-23 14:29:04.234  3918 32474 I HiAction_b: firstStepContent(): 
12-23 14:29:04.235  3918 32474 I HiAction_b: firstStepContent(): encryptLength=155
12-23 14:29:04.239  3918 32474 I HiAction_b: firstStep(): body.length=403
12-23 14:29:04.239  3918 32474 W HiAction_b: TraceFlow.PushMessageFlow: syncSend type:3 requestid:1653240755
12-23 14:29:04.239  3918 32474 I HiAction_XChannel.d: setQueue(): 
12-23 14:29:04.239  3918 32474 I HiAction_b: syncSend(): send message to server
12-23 14:29:04.239  3918 32474 I HiAction_b: syncSend(): to get response
12-23 14:29:04.239  3918 32474 I HiAction_XChannel.d: getMessage(): 
12-23 14:29:04.290  3918 32475 W HiAction_XChannel.f-416: TraceFlow.PushMessageFlow: handlePacket type:2
12-23 14:29:04.291  3918 32475 I HiAction_XChannel.d: addMessage(): 
12-23 14:29:04.291  3918 32474 I HiAction_XChannel.d: getMessage(): AESKEY_RES
12-23 14:29:04.292  3918 32474 I HiAction_b: syncSend(): received response
12-23 14:29:04.360  3918 32474 I HiAction_XChannel.XChannelService: notify Refresh ChannelId:AE71C791879DE2CE
12-23 14:29:04.360  3918 32474 I HiAction_XChannel.e: register(): 
12-23 14:29:04.360  3918 32474 I HiAction_XChannel.a: onRegister :
12-23 14:29:04.360  3918 32474 I HiAction_XChannel.a: mChannelId is already exist
12-23 14:29:04.360  3918 32474 I HiAction_b: secondStep(): 
12-23 14:29:04.361  3918 32474 W HiAction_b: TraceFlow.PushMessageFlow: syncSend type:5 requestid:415882192
12-23 14:29:04.361  3918 32474 I HiAction_XChannel.d: setQueue(): 
12-23 14:29:04.361  3918 32474 I HiAction_b: syncSend(): send message to server
12-23 14:29:04.362  3918 32474 I HiAction_b: syncSend(): to get response
12-23 14:29:04.362  3918 32474 I HiAction_XChannel.d: getMessage(): 
12-23 14:29:05.758   683  1398 I chatty  : uid=1000(system) WifiStateMachin expire 10 lines
12-23 14:29:05.769   683  2951 I chatty  : uid=1000(system) wifipro_uid_tcp expire 2 lines
12-23 14:29:05.812   699   699 E WifiHAL : enter wifi_get_link_stats
12-23 14:29:06.151  1508  1508 I chatty  : uid=10039(u0_a39) com.android.systemui expire 61 lines
12-23 14:29:06.363  3918 32474 E HiAction_b: syncSend(): receive response timeout
12-23 14:29:06.363  3918 32474 I HiAction_XChannel.d: removeMessage(): 
12-23 14:29:06.363  3918 32474 I HiAction_XChannel.k-416: run(): check bastet model
12-23 14:29:06.364  3918 32474 I HiAction_XChannel.a: clearBastetProxy: clear bastet proxy succeed
12-23 14:29:06.372   723   723 D bastetd : [HbTaskManager  ] addTask# protId=3, taskId=25, isDetector=0 added
12-23 14:29:06.372   723   723 D bastetd : [HwpgedPCA      ] reportAction# TO HWPGED, pid=3918, action=1, reserve=0
12-23 14:29:06.372   723   723 D bastetd : [ProxyHeartbeat ] prepareHeartbeatProxy# proxyId: 0x00000278, uid: 10110, pid: 3918, fd: 59, detector: 0, protId: 3, taskId: 25, netType: 1
12-23 14:29:06.373   748   813 I Pged-IPgedBinderService: hwpged receiveBastetAction, pid: 3918, action: 1, reserve: 0
12-23 14:29:06.373  3918 32474 D HwBastet: OsConstants MSG_HRT: 655360
12-23 14:29:06.373  1961  2223 I PgedBinderListener: net callback uids list:[-1, 3918]
12-23 14:29:06.374  3918 32474 D HwBastet: OsConstants MSG_LPW: 524288
12-23 14:29:06.374  3918 32474 D HwBastet: OsConstants TCP_RECONN: 100
12-23 14:29:06.374  3918 32474 I HiAction_XChannel.a: establish(): Create a HwBastet
12-23 14:29:06.374  1961  2326 I ash     : recordCanProxyApps: state: -1, pid: 3918
12-23 14:29:06.374  3918 32474 I HiAction_XChannel.a: establish(): Bastet Available
12-23 14:29:06.375   723   723 D bastetd : [ProxyBase      ] updateRepeatInterval# proxyId: 0x00000278, interval: 2
12-23 14:29:06.375   723   723 D bastetd : [HbProxyTask    ] setInterval# protId=3, taskId=25, interval=2
12-23 14:29:06.376   723   723 D bastetd : [ProxyHeartbeat ] setHeartbeatFixedCtnt# proxyId: 0x00000278
12-23 14:29:06.376   723   723 D bastetd : [HbProxyTask    ] setFixedContent# protId=3, taskId=25, content length=24
12-23 14:29:06.377   723   723 D bastetd : [ProxyBase      ] startBastetProxy# proxyId: 0x00000278
12-23 14:29:06.377   723   723 D bastetd : [HbProxyTask    ] startProxy# protId=3, taskId=25, proxy started
12-23 14:29:06.377   723   723 D bastetd : [HbTaskManager  ] rescheduleTimer# detector supplied interval 1
12-23 14:29:06.377   723   723 D bastetd : [HbTaskManager  ] rescheduleTimer# start schedule timer: +300000
12-23 14:29:06.378  3918 32474 I HiAction_XChannel.k-416: run(): bastet model available
12-23 14:29:06.378  3918 32474 I HiAction_XChannel.XChannelService: sdkStatusChange(): 
12-23 14:29:06.378  3918 32474 I HiAction_XChannel.k-416: run(): XChannelClient on working
12-23 14:29:06.378  3918 32473 I HiAction_XChannel.e: sdkStatusChange(): 
12-23 14:29:06.378  3918 32473 I HiAction_XChannel.a: onSdkStatusChange(): isAvaliable[true] status[PUSH_MSG_AVAILABLE]
12-23 14:29:08.831   699   699 E WifiHAL : enter wifi_get_link_stats
12-23 14:29:11.858   699   699 E WifiHAL : enter wifi_get_link_stats
12-23 14:29:13.775   683  1470 I chatty  : uid=1000(system) HuaweiWifiWatch expire 29 lines
12-23 14:29:14.409   683   683 I chatty  : uid=1000 system_server expire 56 lines
12-23 14:29:13.766   744   744 I chatty  : uid=1010(wifi) /system/bin/wificond identical 6 lines
12-23 14:29:13.773   744   744 E wificond: Failed to get NL80211_STA_INFO_CNAHLOAD
12-23 14:29:14.412   683   683 D WifiService: onReceive, action:android.intent.action.BATTERY_CHANGED
12-23 14:29:14.412   683   683 D WifiService: ACTION_BATTERY_CHANGED pluggedType: 2
12-23 14:29:14.414  1961  1961 I MsgReceiver: intent action: android.intent.action.BATTERY_CHANGED
12-23 14:29:14.430 31647 32273 I [10.3.0.302]CloudAlbum.OperationUtil: cancelNotify
12-23 14:29:14.883   699   699 E WifiHAL : enter wifi_get_link_stats
12-23 14:29:14.899   744   744 E wificond: Failed to get NL80211_STA_INFO_CNAHLOAD
12-23 14:29:14.900   683  1400 I chatty  : uid=1000(system) HwWifiCHRStateM expire 17 lines
12-23 14:29:15.062   683  1456 I chatty  : uid=1000(system) WiFiArpStateMac expire 14 lines
12-23 14:29:16.747 31767 31862 I [10.3.0.302]HiCloud.CBObserverTimer: removeMessages isCharging.
12-23 14:29:17.078   683  1352 D HwBatteryService: onUEvent fcpStatus = 0,scpStatus =0,ovpStatus=0
12-23 14:29:17.081   683  1352 I UsbDeviceManager: water_intrused state= 0
12-23 14:29:17.098   683   683 D WifiService: onReceive, action:android.intent.action.BATTERY_CHANGED
12-23 14:29:17.099   683   683 D WifiService: ACTION_BATTERY_CHANGED pluggedType: 2
12-23 14:29:17.107 31647 32273 I [10.3.0.302]CloudAlbum.OperationUtil: cancelNotify
12-23 14:29:17.109  1961  1961 I MsgReceiver: intent action: android.intent.action.BATTERY_CHANGED
12-23 14:29:17.111  1508  1508 I chatty  : uid=10039(u0_a39) com.android.systemui expire 53 lines
12-23 14:29:17.907   699   699 E WifiHAL : enter wifi_get_link_stats
12-23 14:29:17.922   744   744 E wificond: Failed to get NL80211_STA_INFO_CNAHLOAD
12-23 14:29:17.923   683  1398 I chatty  : uid=1000(system) WifiStateMachin expire 19 lines
12-23 14:29:18.481   683  1365 I chatty  : uid=1000(system) AlarmManager expire 3 lines
12-23 14:29:18.500   683  1991 V BroadcastQueue: Finished with ordered broadcast BroadcastRecord{49b4a9e u0 com.google.android.gms.gcm.ACTION_CHECK_QUEUE}
12-23 14:29:18.500   683   683 E PowerManagerService: Exception when search wack lock :java.lang.IllegalArgumentException: Wake lock not active: android.os.Binder@669ee3d from uid 1000
12-23 14:29:18.501   683  9346 I chatty  : uid=1000(system) Binder:683_18 expire 4 lines
12-23 14:29:18.517   683  9346 V BroadcastQueue: Finished with ordered broadcast BroadcastRecord{b0f197f u0 com.oppo.im.imservice.manager.imheartbeatmanager}
12-23 14:29:18.543  3413  4724 D WorkSource: Insert in WorkSource{} @ 0 uid 10099 name com.google.android.gms
12-23 14:29:18.544  3413  4724 D WorkSource: Insert in WorkSource{} @ 0 uid 10099 name com.google.android.gms
12-23 14:29:18.546   683  1991 I chatty  : uid=1000(system) Binder:683_B expire 1 line
12-23 14:29:18.569  1508  1760 I chatty  : uid=10039(u0_a39) SystemUI_subThr expire 10 lines
12-23 14:29:18.577  3413  4724 D WorkSource: Insert in WorkSource{} @ 0 uid 10099 name com.google.android.gms
12-23 14:29:18.578   683  9346 W HwAlarmManagerService: isContainsAppUidInWorksource-->happend NameNotFoundException
12-23 14:29:18.637  3413 32487 I NetRec  : [3537] aeqv.a: Refreshing scores for 150 networks.
12-23 14:29:18.709   493 32488 W libc    : Set property "hw.wifi.dns_stat" to "667,23,13448,1,121228"
12-23 14:29:18.798   683  1399 I chatty  : uid=1000(system) HwWifiStatStore expire 10 lines
12-23 14:29:19.217   743   743 E Thermal-daemon: [ap] temp_new :30  temp_old :29
12-23 14:29:19.218  1961  2223 I ThermalService: Receive temperature change, type: 0, temp: 30 from thermald
12-23 14:29:19.222   743   743 E Thermal-daemon: Report temperature: [ap] temp :30  report_threshold:1
12-23 14:29:20.857  3413 32487 W NetRec  : [3537] aeqv.a: Timeout after 2202 ms while waiting for score updates. Rescheduling.
12-23 14:29:20.862  3413 32487 I NetRec  : [3537] aeqv.a: Still entries pending update, scheduling new rapid_refresh_scores_task refresh.
12-23 14:29:20.875  3413 32487 I NetRec  : [3537] aeqv.a: Completed rapid_refresh_scores_task score refresh task in 2288 ms, returning 1
12-23 14:29:20.885   683  9346 V BroadcastQueue: Finished with ordered broadcast BroadcastRecord{22fbe4d u0 com.google.android.gms.gcm.ACTION_SCHEDULE}
12-23 14:29:20.899  3413 10723 D WorkSource: Insert in WorkSource{} @ 0 uid 10099 name com.google.android.gms
12-23 14:29:20.901   683  9346 W HwAlarmManagerService: isContainsAppUidInWorksource-->happend NameNotFoundException
12-23 14:29:20.906   683  9346 D SmartHeartBeat: isPendingPackage, false, pkg:com.android.deskclock, action:com.android.deskclock.ALARM_ALERT,not pending alarm with AlarmClockInfo
12-23 14:29:20.931   699   699 E WifiHAL : enter wifi_get_link_stats
12-23 14:29:20.943   744   744 E wificond: Failed to get NL80211_STA_INFO_CNAHLOAD
12-23 14:29:21.790   683  5715 I chatty  : uid=1000(system) MobileQosDetect expire 4 lines
12-23 14:29:23.949   699   699 E WifiHAL : enter wifi_get_link_stats
12-23 14:29:26.389  1961  2090 I DeviceStateService: no user activity duration:360059 timeout:32000
12-23 14:29:26.395  1961  2090 W APwTrigger: block the screen timeout, no user activity duraion:360059
12-23 14:29:26.823  6277  6301 D LogUtil_LogConfig: getLogFile(): logFilePath = /data/data/com.huawei.health/files/com.huawei.health/com.huawei.health_DaemonService/
12-23 14:29:26.824  6277  6301 D LogUtil_LogConfig: obtainSavePath(): path = 1
12-23 14:29:26.824  6277  6301 D LogUtil_LogConfig: acquireMaxLogFileLengthContainsOffset describe: com.huawei.health:DaemonService result:5242880
12-23 14:29:26.973   699   699 E WifiHAL : enter wifi_get_link_stats
12-23 14:29:26.990   683  1400 I chatty  : uid=1000(system) HwWifiCHRStateM expire 13 lines
12-23 14:29:23.965   744   744 I chatty  : uid=1010(wifi) /system/bin/wificond identical 3 lines
12-23 14:29:26.988   744   744 E wificond: Failed to get NL80211_STA_INFO_CNAHLOAD
12-23 14:29:27.377   683  1874 W Watchdog: hungtask: writing kick
12-23 14:29:27.380   683  1163 I chatty  : uid=1000(system) android.fg expire 1 line
12-23 14:29:27.646   683   683 I chatty  : uid=1000 system_server expire 47 lines
12-23 14:29:29.777   744   744 E wificond: Failed to get NL80211_STA_INFO_CNAHLOAD
12-23 14:29:29.785   683  1470 I chatty  : uid=1000(system) HuaweiWifiWatch expire 28 lines
12-23 14:29:29.994   699   699 E WifiHAL : enter wifi_get_link_stats
12-23 14:29:30.596  1508  1508 I chatty  : uid=10039(u0_a39) com.android.systemui expire 30 lines
12-23 14:29:30.789 16786 16810 D LogUtil_LogConfig: getLogFile(): logFilePath = /data/data/com.huawei.health/files/com.huawei.health/com.huawei.health_PhoneService/
12-23 14:29:30.790 16786 16810 D LogUtil_LogConfig: obtainSavePath(): path = 1
12-23 14:29:30.790 16786 16810 D LogUtil_LogConfig: acquireMaxLogFileLengthContainsOffset describe: com.huawei.health:PhoneService result:10485760
12-23 14:29:31.156   683  1456 I chatty  : uid=1000(system) WiFiArpStateMac expire 15 lines
12-23 14:29:32.892  1798  2183 E NotificationManager: notifyAsUser: tag=null, id=1074741829, user=UserHandle{0}
12-23 14:29:32.915  1961  2090 I AppManager: app:com.huawei.systemmanager Notification update time:142283812
12-23 14:29:33.015   699   699 E WifiHAL : enter wifi_get_link_stats
12-23 14:29:33.604  1508  1760 I chatty  : uid=10039(u0_a39) SystemUI_subThr expire 10 lines
12-23 14:29:30.008   744   744 I chatty  : uid=1010(wifi) /system/bin/wificond identical 2 lines
12-23 14:29:33.027   744   744 E wificond: Failed to get NL80211_STA_INFO_CNAHLOAD
12-23 14:29:33.714   493   633 W SocketListener: sending broadcast to Pid = 683, Uid = 1000 
12-23 14:29:33.717   683  1393 D NetdConnector: RCV <- {613 IfaceClass idle 1 142284608084665}
12-23 14:29:33.720   683  1393 D NetdConnector: RCV <- {613 IfaceClass idle 1 142284608084665}
12-23 14:29:33.723   683  1163 D NetdConnector: RCV unsolicited event from native daemon, event = 613
12-23 14:29:33.730   683  9346 V BroadcastQueue: Finished with ordered broadcast BroadcastRecord{8a57613 u-1 android.net.conn.DATA_ACTIVITY_CHANGE}
12-23 14:29:34.237   743   743 E Thermal-daemon: [ap] temp_new :29  temp_old :30
12-23 14:29:34.238  1961  2223 I ThermalService: Receive temperature change, type: 0, temp: 29 from thermald
12-23 14:29:34.239   743   743 E Thermal-daemon: Report temperature: [ap] temp :29  report_threshold:1
12-23 14:29:36.035   699   699 E WifiHAL : enter wifi_get_link_stats
12-23 14:29:36.052   744   744 E wificond: Failed to get NL80211_STA_INFO_CNAHLOAD
12-23 14:29:36.105   493   633 W SocketListener: sending broadcast to Pid = 683, Uid = 1000 
12-23 14:29:36.106   683  1393 D NetdConnector: RCV <- {613 IfaceClass active 1 142286999699248 0}
12-23 14:29:36.108   683  1393 D NetdConnector: RCV <- {613 IfaceClass active 1 142286999699248 0}
12-23 14:29:36.110   683  1163 D NetdConnector: RCV unsolicited event from native daemon, event = 613
12-23 14:29:36.116   493 32492 W libc    : Set property "hw.wifi.dns_stat" to "668,23,13448,1,121242"
12-23 14:29:36.117   683  9346 V BroadcastQueue: Finished with ordered broadcast BroadcastRecord{e1f4050 u-1 android.net.conn.DATA_ACTIVITY_CHANGE}
12-23 14:29:36.658  1508  1508 I chatty  : uid=10039(u0_a39) com.android.systemui expire 46 lines
12-23 14:29:37.124 21052 32490 W GAv4-SVC: Network compressed POST connection error: java.net.ConnectException: Failed to connect to ssl.google-analytics.com/203.208.40.62:443
12-23 14:29:37.785   744   744 E wificond: Failed to get NL80211_STA_INFO_CNAHLOAD
12-23 14:29:37.787   683  1400 I chatty  : uid=1000(system) HwWifiCHRStateM expire 15 lines
12-23 14:29:39.059   699   699 E WifiHAL : enter wifi_get_link_stats
12-23 14:29:39.244   743   743 E Thermal-daemon: [ap] temp_new :30  temp_old :29
12-23 14:29:39.245  1961  2223 I ThermalService: Receive temperature change, type: 0, temp: 30 from thermald
12-23 14:29:39.245   743   743 E Thermal-daemon: Report temperature: [ap] temp :30  report_threshold:1
12-23 14:29:39.663   683   683 I chatty  : uid=1000 system_server expire 65 lines
12-23 14:29:42.082   699   699 E WifiHAL : enter wifi_get_link_stats
12-23 14:29:42.098   683  1398 I chatty  : uid=1000(system) WifiStateMachin expire 16 lines
12-23 14:29:45.106   699   699 E WifiHAL : enter wifi_get_link_stats
12-23 14:29:45.808   683  1470 I chatty  : uid=1000(system) HuaweiWifiWatch expire 28 lines
12-23 14:29:47.188   683  1456 I chatty  : uid=1000(system) WiFiArpStateMac expire 11 lines
12-23 14:29:45.794   744   744 I chatty  : uid=1010(wifi) /system/bin/wificond identical 5 lines
12-23 14:29:45.805   744   744 E wificond: Failed to get NL80211_STA_INFO_CNAHLOAD
12-23 14:29:47.278   683  1352 D HwBatteryService: onUEvent fcpStatus = 0,scpStatus =0,ovpStatus=0
12-23 14:29:47.280   683  1352 I UsbDeviceManager: water_intrused state= 0
12-23 14:29:47.298   683   683 D WifiService: onReceive, action:android.intent.action.BATTERY_CHANGED
12-23 14:29:47.298   683   683 D WifiService: ACTION_BATTERY_CHANGED pluggedType: 2
12-23 14:29:47.307  1961  1961 I MsgReceiver: intent action: android.intent.action.BATTERY_CHANGED
12-23 14:29:47.320 31647 32273 I [10.3.0.302]CloudAlbum.OperationUtil: cancelNotify
12-23 14:29:48.130   699   699 E WifiHAL : enter wifi_get_link_stats
12-23 14:29:48.144   744   744 E wificond: Failed to get NL80211_STA_INFO_CNAHLOAD
12-23 14:29:48.146   683  1400 I chatty  : uid=1000(system) HwWifiCHRStateM expire 15 lines
12-23 14:29:48.640  1508  1508 I chatty  : uid=10039(u0_a39) com.android.systemui expire 32 lines
12-23 14:29:48.641  1508  1760 I chatty  : uid=10039(u0_a39) SystemUI_subThr expire 10 lines
12-23 14:29:48.850   683  1399 I chatty  : uid=1000(system) HwWifiStatStore expire 7 lines
12-23 14:29:50.889   683  1365 I chatty  : uid=1000(system) AlarmManager expire 3 lines
12-23 14:29:50.910   683  9685 I chatty  : uid=1000(system) Binder:683_1A expire 2 lines
12-23 14:29:50.911   683  9346 V BroadcastQueue: Finished with ordered broadcast BroadcastRecord{dfd974e u0 com.google.android.gms.gcm.ACTION_CHECK_QUEUE}
12-23 14:29:50.946  3413  4724 D WorkSource: Insert in WorkSource{} @ 0 uid 10099 name com.google.android.gms
12-23 14:29:50.947  3413  4724 D WorkSource: Insert in WorkSource{} @ 0 uid 10099 name com.google.android.gms
12-23 14:29:50.978  3413  4724 D WorkSource: Insert in WorkSource{} @ 0 uid 10099 name com.google.android.gms
12-23 14:29:50.980   683  9346 W HwAlarmManagerService: isContainsAppUidInWorksource-->happend NameNotFoundException
12-23 14:29:51.045  3413 32507 I NetRec  : [3538] aeqv.a: Refreshing scores for 150 networks.
12-23 14:29:51.084   493 32508 W libc    : Set property "hw.wifi.dns_stat" to "669,23,13448,1,121244"
12-23 14:29:51.122   493   633 W SocketListener: sending broadcast to Pid = 683, Uid = 1000 
12-23 14:29:51.126   683  1393 D NetdConnector: RCV <- {613 IfaceClass idle 1 142302016610704}
12-23 14:29:51.128   683  1393 D NetdConnector: RCV <- {613 IfaceClass idle 1 142302016610704}
12-23 14:29:51.130   683  1163 D NetdConnector: RCV unsolicited event from native daemon, event = 613
12-23 14:29:51.138   683  9685 V BroadcastQueue: Finished with ordered broadcast BroadcastRecord{9a71414 u-1 android.net.conn.DATA_ACTIVITY_CHANGE}
12-23 14:29:51.154   699   699 E WifiHAL : enter wifi_get_link_stats
12-23 14:29:51.165   744   744 E wificond: Failed to get NL80211_STA_INFO_CNAHLOAD
12-23 14:29:53.260  3413 32507 W NetRec  : [3538] aeqv.a: Timeout after 2203 ms while waiting for score updates. Rescheduling.
12-23 14:29:53.266  3413 32507 I NetRec  : [3538] aeqv.a: Still entries pending update, scheduling new rapid_refresh_scores_task refresh.
12-23 14:29:53.279  3413 32507 I NetRec  : [3538] aeqv.a: Completed rapid_refresh_scores_task score refresh task in 2291 ms, returning 1
12-23 14:29:53.290   683  1991 V BroadcastQueue: Finished with ordered broadcast BroadcastRecord{fb9d4bd u0 com.google.android.gms.gcm.ACTION_SCHEDULE}
12-23 14:29:53.305  3413 11675 D WorkSource: Insert in WorkSource{} @ 0 uid 10099 name com.google.android.gms
12-23 14:29:53.306   683  9685 W HwAlarmManagerService: isContainsAppUidInWorksource-->happend NameNotFoundException
12-23 14:29:53.312   683  9685 D SmartHeartBeat: isPendingPackage, false, pkg:com.android.deskclock, action:com.android.deskclock.ALARM_ALERT,not pending alarm with AlarmClockInfo
12-23 14:29:53.794   744   744 E wificond: Failed to get NL80211_STA_INFO_CNAHLOAD
12-23 14:29:53.815   683  5715 I chatty  : uid=1000(system) MobileQosDetect expire 3 lines
12-23 14:29:54.170   699   699 E WifiHAL : enter wifi_get_link_stats
12-23 14:29:57.194   699   699 E WifiHAL : enter wifi_get_link_stats
12-23 14:29:54.187   744   744 I chatty  : uid=1010(wifi) /system/bin/wificond identical 2 lines
12-23 14:29:57.211   744   744 E wificond: Failed to get NL80211_STA_INFO_CNAHLOAD
12-23 14:29:57.379   683  1874 W Watchdog: hungtask: writing kick
12-23 14:29:57.385   683  1163 I chatty  : uid=1000(system) android.fg expire 1 line
12-23 14:29:57.697   683   683 I chatty  : uid=1000 system_server expire 24 lines
12-23 14:30:00.003   683   683 V AlarmManager: Received TIME_TICK alarm; rescheduling
12-23 14:30:00.004   683   683 I HwAlarmManagerService: hwSetAlarm listenerTag: time_tick
12-23 14:30:00.012   750  1372 D dubaid  : [HourlyRoutine.cpp] handleRequestOffset# timestamp=1545544800000, expire=1799988
12-23 14:30:00.012   750  1370 I dubaid  : [PollingRoutine.cpp] notifyPolling# Polling routine start, timestamp: 1545546600011, reason: 0
12-23 14:30:00.019  1508  1508 I chatty  : uid=10039(u0_a39) com.android.systemui expire 29 lines
12-23 14:30:00.045  1508  1778 I chatty  : uid=10039(u0_a39) KG_Background_H expire 1 line
12-23 14:30:00.045  1992  1992 I HwLauncher: Model  onReceive intent=Intent { act=android.intent.action.TIME_TICK flg=0x50200014 hwFlg=0x900 (has extras) }
12-23 14:30:00.045  1992  1992 I HwLauncher: Model  onReceive user=UserHandle{0}
12-23 14:30:00.060  1992  2123 E HwLauncher: SettingsEx , no such field.
12-23 14:30:00.066  1992  2123 W HwLauncher: Clock getDataFormat the getSystemString failed.
12-23 14:30:00.078  1961  2090 I APwTrigger: no high cpu load
12-23 14:30:00.086   683  9346 I chatty  : uid=1000(system) Binder:683_18 expire 1 line
12-23 14:30:00.087  1961  2090 I BroadcastAdapter: send hight cpu load msg to thermal!
12-23 14:30:00.092  6277  6374 I Step_LSC: 90004307|processHandleBroadcastAction action:android.intent.action.TIME_TICK
12-23 14:30:00.100  6277  6374 I Step_SPUtils: 90004307|setAliveRecord  success: timestampArg=1545546600093 elapsedRealtimeArg=142310989
12-23 14:30:00.208  3457  3457 I [HwRecSys]TimerController: onMinuteChange requestWeather
12-23 14:30:00.209  3457  6781 D [HwRecSys]LocationController: receive msg MSG_START_PASSIVE_LOCATION
12-23 14:30:00.209  3457  6781 E [HwRecSys]LocationController: location valid no need locate
12-23 14:30:00.209   683  1991 V BroadcastQueue: Finished with ordered broadcast BroadcastRecord{deb5d80 u-1 android.intent.action.TIME_TICK}
12-23 14:30:00.216   699   699 E WifiHAL : enter wifi_get_link_stats
12-23 14:30:00.227   744   744 E wificond: Failed to get NL80211_STA_INFO_CNAHLOAD
12-23 14:30:00.228   683  1400 I chatty  : uid=1000(system) HwWifiCHRStateM expire 15 lines
12-23 14:30:01.804   683  1398 I chatty  : uid=1000(system) WifiStateMachin expire 8 lines
12-23 14:30:01.811   683  1470 I chatty  : uid=1000(system) HuaweiWifiWatch expire 31 lines
12-23 14:30:03.232   699   699 E WifiHAL : enter wifi_get_link_stats
12-23 14:30:03.679  1508  1760 I chatty  : uid=10039(u0_a39) SystemUI_subThr expire 9 lines
12-23 14:30:06.257   699   699 E WifiHAL : enter wifi_get_link_stats
12-23 14:30:06.689  1508  1508 I chatty  : uid=10039(u0_a39) com.android.systemui expire 52 lines
12-23 14:30:09.283   699   699 E WifiHAL : enter wifi_get_link_stats
12-23 14:30:06.275   744   744 I chatty  : uid=1010(wifi) /system/bin/wificond identical 4 lines
12-23 14:30:09.301   744   744 E wificond: Failed to get NL80211_STA_INFO_CNAHLOAD
12-23 14:30:09.788   683  1991 V BroadcastQueue: Finished with ordered broadcast BroadcastRecord{aa46ffe u0 ALARM_ACTION(3793)}
12-23 14:30:09.803   493   633 W SocketListener: sending broadcast to Pid = 683, Uid = 1000 
12-23 14:30:09.806   683  1393 D NetdConnector: RCV <- {613 IfaceClass active 1 142320698353931 10178}
12-23 14:30:09.808   683  1393 D NetdConnector: RCV <- {613 IfaceClass active 1 142320698353931 10178}
12-23 14:30:09.810   683  1163 D NetdConnector: RCV unsolicited event from native daemon, event = 613
12-23 14:30:09.813   683  9346 D SmartHeartBeat: isPendingPackage, false, pkg:com.android.deskclock, action:com.android.deskclock.ALARM_ALERT,not pending alarm with AlarmClockInfo
12-23 14:30:09.820   744   744 E wificond: Failed to get NL80211_STA_INFO_CNAHLOAD
12-23 14:30:09.820   683  1991 V BroadcastQueue: Finished with ordered broadcast BroadcastRecord{6675c98 u-1 android.net.conn.DATA_ACTIVITY_CHANGE}
12-23 14:30:09.822   683  1400 I chatty  : uid=1000(system) HwWifiCHRStateM expire 15 lines
12-23 14:30:09.830   744   744 E wificond: Failed to get NL80211_STA_INFO_CNAHLOAD
12-23 14:30:09.835   683   683 I chatty  : uid=1000 system_server expire 63 lines
12-23 14:30:09.842   683  5715 I chatty  : uid=1000(system) MobileQosDetect expire 6 lines
12-23 14:30:09.847   683  2951 I chatty  : uid=1000(system) wifipro_uid_tcp expire 2 lines
12-23 14:30:09.849   683  9346 D SmartHeartBeat: isPendingPackage, false, pkg:com.android.deskclock, action:com.android.deskclock.ALARM_ALERT,not pending alarm with AlarmClockInfo
12-23 14:30:09.895   683  1399 I chatty  : uid=1000(system) HwWifiStatStore expire 14 lines
12-23 14:30:12.262   683  1456 I chatty  : uid=1000(system) WiFiArpStateMac expire 14 lines
12-23 14:30:12.308   699   699 E WifiHAL : enter wifi_get_link_stats
12-23 14:30:12.325   744   744 E wificond: Failed to get NL80211_STA_INFO_CNAHLOAD
12-23 14:30:12.325   683  1398 I chatty  : uid=1000(system) WifiStateMachin expire 11 lines
12-23 14:30:14.276   743   743 E Thermal-daemon: [flash_led] temp_new :30  temp_old :29
12-23 14:30:14.277  1961  2223 I ThermalService: Receive temperature change, type: 3, temp: 30 from thermald
12-23 14:30:14.278   743   743 E Thermal-daemon: Report temperature: [flash_led] temp :30  report_threshold:1
12-23 14:30:14.279  1961  2733 W HwThermalStateManager: warning: no config thermal type:3 temperature:30
12-23 14:30:14.410   683   683 D WifiService: onReceive, action:android.intent.action.BATTERY_CHANGED
12-23 14:30:14.410   683   683 D WifiService: ACTION_BATTERY_CHANGED pluggedType: 2
12-23 14:30:14.411  1961  1961 I MsgReceiver: intent action: android.intent.action.BATTERY_CHANGED
12-23 14:30:14.427 31647 32273 I [10.3.0.302]CloudAlbum.OperationUtil: cancelNotify
12-23 14:30:15.332   699   699 E WifiHAL : enter wifi_get_link_stats
12-23 14:30:15.349   744   744 E wificond: Failed to get NL80211_STA_INFO_CNAHLOAD
12-23 14:30:15.743  1508  1760 I chatty  : uid=10039(u0_a39) SystemUI_subThr expire 11 lines
12-23 14:30:16.750 31767 31820 I AppLogManager: PrintWoker poll timeout , shutdown
12-23 14:30:17.499   683  1352 D HwBatteryService: onUEvent fcpStatus = 0,scpStatus =0,ovpStatus=0
12-23 14:30:17.501   683  1352 I UsbDeviceManager: water_intrused state= 0
12-23 14:30:17.522  1508  1508 I chatty  : uid=10039(u0_a39) com.android.systemui expire 53 lines
12-23 14:30:17.522   683   683 D WifiService: onReceive, action:android.intent.action.BATTERY_CHANGED
12-23 14:30:17.522   683   683 D WifiService: ACTION_BATTERY_CHANGED pluggedType: 2
12-23 14:30:17.524  1961  1961 I MsgReceiver: intent action: android.intent.action.BATTERY_CHANGED
12-23 14:30:17.538 31647 32273 I [10.3.0.302]CloudAlbum.OperationUtil: cancelNotify
12-23 14:30:17.817   744   744 E wificond: Failed to get NL80211_STA_INFO_CNAHLOAD
12-23 14:30:17.825   683  1470 I chatty  : uid=1000(system) HuaweiWifiWatch expire 28 lines
12-23 14:30:18.354   699   699 E WifiHAL : enter wifi_get_link_stats
12-23 14:30:21.376   699   699 E WifiHAL : enter wifi_get_link_stats
12-23 14:30:21.397   683  1400 I chatty  : uid=1000(system) HwWifiCHRStateM expire 15 lines
12-23 14:30:21.733   683   683 I chatty  : uid=1000 system_server expire 36 lines
12-23 14:30:23.296   683  1365 I chatty  : uid=1000(system) AlarmManager expire 6 lines
12-23 14:30:18.368   744   744 I chatty  : uid=1010(wifi) /system/bin/wificond identical 2 lines
12-23 14:30:21.396   744   744 E wificond: Failed to get NL80211_STA_INFO_CNAHLOAD
12-23 14:30:23.300   683  1146 V BroadcastQueue: Finished with ordered broadcast BroadcastRecord{52f79f3 u0 com.tencent.tmsdk.HeartBeatPlot.ACTION_HEARTBEAT_PLOT_ALARM_CYCLE}
12-23 14:30:23.314   683  1146 V BroadcastQueue: Finished with ordered broadcast BroadcastRecord{15126b0 u0 action_keep_alive_after_send_end}
12-23 14:30:23.334   683  9685 I chatty  : uid=1000(system) Binder:683_1A expire 2 lines
12-23 14:30:23.335   683  9346 V BroadcastQueue: Finished with ordered broadcast BroadcastRecord{5774929 u0 com.google.android.gms.gcm.ACTION_CHECK_QUEUE}
12-23 14:30:23.347   683  1991 V BroadcastQueue: Finished with ordered broadcast BroadcastRecord{1bdc24f u0 com.huawei.bd.action.heartbeat_hour}
12-23 14:30:23.347  1919 32522 I BDLog   : BD.Scheduler:Hour task coming
12-23 14:30:23.373  3413  4724 D WorkSource: Insert in WorkSource{} @ 0 uid 10099 name com.google.android.gms
12-23 14:30:23.374  3413  4724 D WorkSource: Insert in WorkSource{} @ 0 uid 10099 name com.google.android.gms
12-23 14:30:23.406  3413  4724 D WorkSource: Insert in WorkSource{} @ 0 uid 10099 name com.google.android.gms
12-23 14:30:23.408   683  9685 W HwAlarmManagerService: isContainsAppUidInWorksource-->happend NameNotFoundException
12-23 14:30:23.463  3413 32523 I NetRec  : [3539] aeqv.a: Refreshing scores for 150 networks.
12-23 14:30:23.584  3413  3424 I zygote64: Background concurrent copying GC freed 219390(7MB) AllocSpace objects, 6(120KB) LOS objects, 49% free, 5MB/11MB, paused 648us total 113.253ms
12-23 14:30:23.591   493 32524 W libc    : Set property "hw.wifi.dns_stat" to "670,23,13448,1,121328"
12-23 14:30:24.401   699   699 E WifiHAL : enter wifi_get_link_stats
12-23 14:30:24.416   744   744 E wificond: Failed to get NL80211_STA_INFO_CNAHLOAD
12-23 14:30:25.680  3413 32523 W NetRec  : [3539] aeqv.a: Timeout after 2203 ms while waiting for score updates. Rescheduling.
12-23 14:30:25.686  3413 32523 I NetRec  : [3539] aeqv.a: Still entries pending update, scheduling new rapid_refresh_scores_task refresh.
12-23 14:30:25.705  3413 32523 I NetRec  : [3539] aeqv.a: Completed rapid_refresh_scores_task score refresh task in 2288 ms, returning 1
12-23 14:30:25.714   683  6848 V BroadcastQueue: Finished with ordered broadcast BroadcastRecord{e64759d u0 com.google.android.gms.gcm.ACTION_SCHEDULE}
12-23 14:30:25.727  3413 10723 D WorkSource: Insert in WorkSource{} @ 0 uid 10099 name com.google.android.gms
12-23 14:30:25.729   683  9346 W HwAlarmManagerService: isContainsAppUidInWorksource-->happend NameNotFoundException
12-23 14:30:25.734   683  9346 D SmartHeartBeat: isPendingPackage, false, pkg:com.android.deskclock, action:com.android.deskclock.ALARM_ALERT,not pending alarm with AlarmClockInfo
12-23 14:30:25.824   744   744 E wificond: Failed to get NL80211_STA_INFO_CNAHLOAD
12-23 14:30:25.825   683  1398 I chatty  : uid=1000(system) WifiStateMachin expire 19 lines
12-23 14:30:26.844  6277  6301 D LogUtil_LogConfig: getLogFile(): logFilePath = /data/data/com.huawei.health/files/com.huawei.health/com.huawei.health_DaemonService/
12-23 14:30:26.845  6277  6301 D LogUtil_LogConfig: obtainSavePath(): path = 1
12-23 14:30:26.845  6277  6301 D LogUtil_LogConfig: acquireMaxLogFileLengthContainsOffset describe: com.huawei.health:DaemonService result:5242880
12-23 14:30:25.830   744   744 E wificond: Failed to get NL80211_STA_INFO_CNAHLOAD
12-23 14:30:27.382   683  1874 W Watchdog: hungtask: writing kick
12-23 14:30:27.384   683  1163 I chatty  : uid=1000(system) android.fg expire 1 line
12-23 14:30:27.422   699   699 E WifiHAL : enter wifi_get_link_stats
12-23 14:30:27.440   744   744 E wificond: Failed to get NL80211_STA_INFO_CNAHLOAD
12-23 14:30:28.267   683  1456 I chatty  : uid=1000(system) WiFiArpStateMac expire 17 lines
12-23 14:30:30.450   699   699 E WifiHAL : enter wifi_get_link_stats
12-23 14:30:30.745  1508  1508 I chatty  : uid=10039(u0_a39) com.android.systemui expire 39 lines
12-23 14:30:32.969  1798  2183 E NotificationManager: notifyAsUser: tag=null, id=1074741829, user=UserHandle{0}
12-23 14:30:32.978   683  9346 I chatty  : uid=1000(system) Binder:683_18 expire 3 lines
12-23 14:30:32.984   683   683 I chatty  : uid=1000 system_server expire 47 lines
12-23 14:30:32.990  1961  2090 I AppManager: app:com.huawei.systemmanager Notification update time:142343886
12-23 14:30:33.474   699   699 E WifiHAL : enter wifi_get_link_stats
12-23 14:30:33.492   683  1400 I chatty  : uid=1000(system) HwWifiCHRStateM expire 21 lines
12-23 14:30:33.755  1508  1760 I chatty  : uid=10039(u0_a39) SystemUI_subThr expire 7 lines
12-23 14:30:33.842   683  1470 I chatty  : uid=1000(system) HuaweiWifiWatch expire 28 lines
12-23 14:30:36.499   699   699 E WifiHAL : enter wifi_get_link_stats
12-23 14:30:33.840   744   744 I chatty  : uid=1010(wifi) /system/bin/wificond identical 4 lines
12-23 14:30:36.512   744   744 E wificond: Failed to get NL80211_STA_INFO_CNAHLOAD
12-23 14:30:38.611   493   633 W SocketListener: sending broadcast to Pid = 683, Uid = 1000 
12-23 14:30:38.614   683  1393 D NetdConnector: RCV <- {613 IfaceClass idle 1 142349504070072}
12-23 14:30:38.617   683  1393 D NetdConnector: RCV <- {613 IfaceClass idle 1 142349504070072}
12-23 14:30:38.620   683  1163 D NetdConnector: RCV unsolicited event from native daemon, event = 613
12-23 14:30:38.629   683  6848 V BroadcastQueue: Finished with ordered broadcast BroadcastRecord{12ac5e3 u-1 android.net.conn.DATA_ACTIVITY_CHANGE}
12-23 14:30:39.521   699   699 E WifiHAL : enter wifi_get_link_stats
12-23 14:30:39.540   744   744 E wificond: Failed to get NL80211_STA_INFO_CNAHLOAD
12-23 14:30:42.546   699   699 E WifiHAL : enter wifi_get_link_stats
12-23 14:30:42.773  1508  1508 I chatty  : uid=10039(u0_a39) com.android.systemui expire 29 lines
12-23 14:30:42.810  1508  1760 I chatty  : uid=10039(u0_a39) SystemUI_subThr expire 11 lines
12-23 14:30:45.572   699   699 E WifiHAL : enter wifi_get_link_stats
12-23 14:30:46.766   683   683 I chatty  : uid=1000 system_server expire 54 lines
12-23 14:30:42.566   744   744 I chatty  : uid=1010(wifi) /system/bin/wificond identical 3 lines
12-23 14:30:45.587   744   744 E wificond: Failed to get NL80211_STA_INFO_CNAHLOAD
12-23 14:30:47.696   683  1352 D HwBatteryService: onUEvent fcpStatus = 0,scpStatus =0,ovpStatus=0
12-23 14:30:47.698   683  1352 I UsbDeviceManager: water_intrused state= 0
12-23 14:30:47.713   683   683 D WifiService: onReceive, action:android.intent.action.BATTERY_CHANGED
12-23 14:30:47.713   683   683 D WifiService: ACTION_BATTERY_CHANGED pluggedType: 2
12-23 14:30:47.721  1961  1961 I MsgReceiver: intent action: android.intent.action.BATTERY_CHANGED
12-23 14:30:47.734 31647 32273 I [10.3.0.302]CloudAlbum.OperationUtil: cancelNotify
12-23 14:30:48.591   699   699 E WifiHAL : enter wifi_get_link_stats
12-23 14:30:48.604   744   744 E wificond: Failed to get NL80211_STA_INFO_CNAHLOAD
12-23 14:30:48.605   683  1400 I chatty  : uid=1000(system) HwWifiCHRStateM expire 21 lines
12-23 14:30:48.787  1508  1508 I chatty  : uid=10039(u0_a39) com.android.systemui expire 42 lines
12-23 14:30:49.309   743   743 E Thermal-daemon: [flash_led] temp_new :29  temp_old :30
12-23 14:30:49.310  1961  8061 I ThermalService: Receive temperature change, type: 3, temp: 29 from thermald
12-23 14:30:49.310  1961  2733 W HwThermalStateManager: warning: no config thermal type:3 temperature:29
12-23 14:30:49.311   683  1456 I chatty  : uid=1000(system) WiFiArpStateMac expire 11 lines
12-23 14:30:49.312   743   743 E Thermal-daemon: Report temperature: [flash_led] temp :29  report_threshold:1
12-23 14:30:49.853   683  1398 I chatty  : uid=1000(system) WifiStateMachin expire 12 lines
12-23 14:30:49.861   683  1470 I chatty  : uid=1000(system) HuaweiWifiWatch expire 26 lines
12-23 14:30:49.875   683  5715 I chatty  : uid=1000(system) MobileQosDetect expire 4 lines
12-23 14:30:51.612   699   699 E WifiHAL : enter wifi_get_link_stats
12-23 14:30:51.967   683  1399 I chatty  : uid=1000(system) HwWifiStatStore expire 13 lines
12-23 14:30:54.318   743   743 E Thermal-daemon: [flash_led] temp_new :30  temp_old :29
12-23 14:30:54.319  1961  8061 I ThermalService: Receive temperature change, type: 3, temp: 30 from thermald
12-23 14:30:54.320  1961  2733 W HwThermalStateManager: warning: no config thermal type:3 temperature:30
12-23 14:30:54.320   743   743 E Thermal-daemon: Report temperature: [flash_led] temp :30  report_threshold:1
12-23 14:30:54.632   699   699 E WifiHAL : enter wifi_get_link_stats
12-23 14:30:55.719   683  1365 I chatty  : uid=1000(system) AlarmManager expire 2 lines
12-23 14:30:51.624   744   744 I chatty  : uid=1010(wifi) /system/bin/wificond identical 3 lines
12-23 14:30:54.646   744   744 E wificond: Failed to get NL80211_STA_INFO_CNAHLOAD
12-23 14:30:55.739   683  1991 V BroadcastQueue: Finished with ordered broadcast BroadcastRecord{917ce99 u0 com.google.android.gms.gcm.ACTION_CHECK_QUEUE}
12-23 14:30:55.740   683  9346 I chatty  : uid=1000(system) Binder:683_18 expire 2 lines
12-23 14:30:55.774  3413  4724 D WorkSource: Insert in WorkSource{} @ 0 uid 10099 name com.google.android.gms
12-23 14:30:55.775  3413  4724 D WorkSource: Insert in WorkSource{} @ 0 uid 10099 name com.google.android.gms
12-23 14:30:55.806  3413  4724 D WorkSource: Insert in WorkSource{} @ 0 uid 10099 name com.google.android.gms
12-23 14:30:55.808   683  9346 W HwAlarmManagerService: isContainsAppUidInWorksource-->happend NameNotFoundException
12-23 14:30:55.863  3413 32546 I NetRec  : [3540] aeqv.a: Refreshing scores for 150 networks.
12-23 14:30:55.905   493 32547 W libc    : Set property "hw.wifi.dns_stat" to "671,23,13448,1,121329"
12-23 14:30:57.384   683  1874 W Watchdog: hungtask: writing kick
12-23 14:30:57.393   683  1163 I chatty  : uid=1000(system) android.fg expire 1 line
12-23 14:30:57.654   699   699 E WifiHAL : enter wifi_get_link_stats
12-23 14:30:57.669   744   744 E wificond: Failed to get NL80211_STA_INFO_CNAHLOAD
