--------- beginning of crash
05-25 22:24:02.588  6010  6502 E AndroidRuntime: FATAL EXCEPTION: pool-33-thread-3
05-25 22:24:02.588  6010  6502 E AndroidRuntime: Process: com.huawei.hidisk, PID: 6010
05-25 22:24:02.588  6010  6502 E AndroidRuntime: java.lang.IllegalStateException: Fragment StorageDetailFragment{3cef939} not attached to Activity
05-25 22:24:02.588  6010  6502 E AndroidRuntime: 	at android.app.Fragment.getResources(Fragment.java:774)
05-25 22:24:02.588  6010  6502 E AndroidRuntime: 	at android.app.Fragment.getString(Fragment.java:809)
05-25 22:24:02.588  6010  6502 E AndroidRuntime: 	at com.huawei.hidisk.view.fragment.category.other.StorageDetailFragment$3.run(SourceFile:492)
05-25 22:24:02.588  6010  6502 E AndroidRuntime: 	at java.util.concurrent.ThreadPoolExecutor.runWorker(ThreadPoolExecutor.java:1167)
05-25 22:24:02.588  6010  6502 E AndroidRuntime: 	at java.util.concurrent.ThreadPoolExecutor$Worker.run(ThreadPoolExecutor.java:641)
05-25 22:24:02.588  6010  6502 E AndroidRuntime: 	at java.lang.Thread.run(Thread.java:784)
05-25 23:12:25.785 24954 30005 E AndroidRuntime: FATAL EXCEPTION: pool-34-thread-4
05-25 23:12:25.785 24954 30005 E AndroidRuntime: Process: com.huawei.hidisk, PID: 24954
05-25 23:12:25.785 24954 30005 E AndroidRuntime: java.lang.IllegalStateException: Fragment StorageDetailFragment{2f401b8} not attached to Activity
05-25 23:12:25.785 24954 30005 E AndroidRuntime: 	at android.app.Fragment.getResources(Fragment.java:774)
05-25 23:12:25.785 24954 30005 E AndroidRuntime: 	at android.app.Fragment.getString(Fragment.java:809)
05-25 23:12:25.785 24954 30005 E AndroidRuntime: 	at com.huawei.hidisk.view.fragment.category.other.StorageDetailFragment$3.run(SourceFile:492)
05-25 23:12:25.785 24954 30005 E AndroidRuntime: 	at java.util.concurrent.ThreadPoolExecutor.runWorker(ThreadPoolExecutor.java:1167)
05-25 23:12:25.785 24954 30005 E AndroidRuntime: 	at java.util.concurrent.ThreadPoolExecutor$Worker.run(ThreadPoolExecutor.java:641)
05-25 23:12:25.785 24954 30005 E AndroidRuntime: 	at java.lang.Thread.run(Thread.java:784)
--------- beginning of system
05-26 15:07:54.316  1306  1340 I chatty  : uid=1000(system) HwGameAssistant expire 2 lines
05-26 15:07:54.329  1306  1447 I chatty  : uid=1000(system) android.anim expire 17 lines
05-26 15:07:54.371  2340 10285 I CommandQueue: updateBarBgColor
05-26 15:07:54.371  2340 10285 D CommandQueue: CommandQueue, setBarBackgroundColor
05-26 15:07:54.470  1306  3131 I chatty  : uid=1000(system) Binder:1306_D expire 3 lines
05-26 15:07:54.719  1306  2234 I chatty  : uid=1000(system) Thread-39 expire 3 lines
05-26 15:07:54.851  2528 23168 I BoosterSwitchP: notifyUidState do nothing
05-26 15:07:54.851  2528 23168 I DeepNoDisturbP: notifyUidState
05-26 15:07:54.851  2528 23168 I HidataAppQoeP: notifyUidState
05-26 15:07:54.851  2528 23168 I BrowserChrP: notifyUidState
05-26 15:07:54.983  1306  2221 I chatty  : uid=1000(system) ConnectivitySer expire 6 lines
05-26 15:07:54.987  1306  1319 I chatty  : uid=1000(system) Binder:1306_1 expire 7 lines
05-26 15:07:55.067  1306 11430 I chatty  : uid=1000(system) Binder:1306_1E expire 56 lines
05-26 15:07:55.078  2528  2542 I BoosterSwitchP: notifyUidState do nothing
05-26 15:07:55.078  2528  2542 I DeepNoDisturbP: notifyUidState
05-26 15:07:55.078  2528  2542 I HidataAppQoeP: notifyUidState
05-26 15:07:55.078  2528  2542 I BrowserChrP: notifyUidState
05-26 15:07:55.080  1306  1339 I chatty  : uid=1000(system) android.display expire 2 lines
05-26 15:07:55.091  2528  2542 I BoosterSwitchP: notifyUidState do nothing
05-26 15:07:55.091  2528  2542 I DeepNoDisturbP: notifyUidState
05-26 15:07:55.091  2528  2542 I HidataAppQoeP: notifyUidState
05-26 15:07:55.091  2528  2542 I BrowserChrP: notifyUidState
05-26 15:07:55.183  1306  1325 I chatty  : uid=1000(system) android.bg expire 1 line
05-26 15:07:58.906  2528  2858 I HidataAppQoeP: handleStateChanged reason=6
05-26 15:07:58.907  2528  2858 I BrowserChrP: handleStateChanged
05-26 15:08:00.006  1306  1306 I chatty  : uid=1000 system_server expire 8 lines
05-26 15:08:00.302  1306  2206 I chatty  : uid=1000(system) NetdConnector expire 4 lines
05-26 15:08:01.434   551   616 W SocketListener: sending broadcast to Pid = 1306, Uid = 1000 
05-26 15:08:02.065  1306 12460 I chatty  : uid=1000 system_server expire 1 line
05-26 15:08:02.102  2528 23168 I BoosterSwitchP: notifyUidState do nothing
05-26 15:08:02.102  2528 23168 I DeepNoDisturbP: notifyUidState
05-26 15:08:02.102  2528 23168 I HidataAppQoeP: notifyUidState
05-26 15:08:02.102  2528 23168 I BrowserChrP: notifyUidState
05-26 15:08:02.103 13635 13787 I HwNetworkPolicyManager: getHwUidPolicy uid = 10163 policy = 0
05-26 15:08:02.105  1306  1328 I chatty  : uid=1000(system) ActivityManager expire 2 lines
05-26 15:08:02.123  1306  6210 I chatty  : uid=1000(system) Binder:1306_15 expire 37 lines
05-26 15:08:02.129  7760  7760 V ActivityThread: Skipping new config:{1.0 460mcc2mnc [zh_CN_#Hans] ldltr sw360dp w360dp h616dp 480dpi nrml long port finger -keyb/v/h -nav/h winConfig={ mBounds=Rect(0, 0 - 0, 0) mAppBounds=Rect(0, 0 - 1080, 1920) mWindowingMode=fullscreen mActivityType=undefined} nonFullScreen=0 hwt:1 suim:1 s.48}, config:{1.0 460mcc2mnc [zh_CN_#Hans] ldltr sw360dp w360dp h616dp 480dpi nrml long port finger -keyb/v/h -nav/h winConfig={ mBounds=Rect(0, 0 - 0, 0) mAppBounds=Rect(0, 0 - 1080, 1920) mWindowingMode=fullscreen mActivityType=undefined} nonFullScreen=0 hwt:1 suim:1 s.48} for app:com.eg.android.AlipayGphone
05-26 15:08:02.219  7760  7760 V ActivityThread: callActivityOnCreate
05-26 15:08:02.544  7760  7760 D ActivityThread: add activity client record, r= ActivityRecord{3cb5707 token=android.os.BinderProxy@166f42b {com.eg.android.AlipayGphone/com.eg.android.AlipayGphone.AlipayLogin}} token= android.os.BinderProxy@166f42b
05-26 15:08:02.594  2340 20855 I CommandQueue: updateBarBgColor
05-26 15:08:02.594  2340 20855 D CommandQueue: CommandQueue, setBarBackgroundColor
05-26 15:08:02.595  2528  2858 I HidataAppQoeP: receiveAPModuleData,dataTypeId=301
05-26 15:08:02.595  2528  2858 I HidataAppQoeP: HIDATA_START_CELLULAR_APP_QOE_MONITOR appUid=10163,time=3000
05-26 15:08:02.596  1306 11430 I chatty  : uid=1000(system) Binder:1306_1E expire 31 lines
05-26 15:08:02.596  1306  2206 I chatty  : uid=1000(system) NetdConnector expire 2 lines
05-26 15:08:02.600  1306  2916 I chatty  : uid=1000(system) Binder:1306_9 expire 72 lines
05-26 15:08:02.644  1306  1329 I chatty  : uid=1000(system) android.ui expire 7 lines
05-26 15:08:02.644  1306  1447 I chatty  : uid=1000(system) android.anim expire 8 lines
05-26 15:08:02.648  1306  1339 I chatty  : uid=1000(system) android.display expire 1 line
05-26 15:08:02.671  1306  1319 I chatty  : uid=1000(system) Binder:1306_1 expire 43 lines
05-26 15:08:03.035  1306  4767 I chatty  : uid=1000(system) Binder:1306_13 expire 2 lines
05-26 15:08:03.146  1306  1501 I chatty  : uid=1000(system) Binder:1306_3 expire 14 lines
05-26 15:08:03.238  7760 12691 E ActivityThread: Failed to find provider info for com.alipay.setting
05-26 15:08:03.238  7760 12690 E ActivityThread: Failed to find provider info for com.alipay.setting
05-26 15:08:03.632  1306  3131 I chatty  : uid=1000(system) Binder:1306_D expire 17 lines
05-26 15:08:03.639  2528 19440 I BoosterSwitchP: notifyUidState do nothing
05-26 15:08:03.639  2528 19440 I DeepNoDisturbP: notifyUidState
05-26 15:08:03.639  2528 19440 I HidataAppQoeP: notifyUidState
05-26 15:08:03.639  2528 19440 I BrowserChrP: notifyUidState
05-26 15:08:03.642  1306  9593 I chatty  : uid=1000(system) Binder:1306_18 expire 88 lines
05-26 15:08:03.738  1306 11430 I chatty  : uid=1000(system) Binder:1306_1E expire 61 lines
05-26 15:08:03.780  1306  1319 I chatty  : uid=1000(system) Binder:1306_1 expire 17 lines
05-26 15:08:03.783  1306  3131 I chatty  : uid=1000(system) Binder:1306_D expire 4 lines
05-26 15:08:03.796  1306  1501 I chatty  : uid=1000(system) Binder:1306_3 expire 26 lines
05-26 15:08:03.803  1306  2500 I chatty  : uid=1000(system) GpsXtraReceiver expire 1 line
05-26 15:08:03.821  1306  1331 I chatty  : uid=1000(system) ActivityManager expire 1 line
05-26 15:08:03.822  1306  2520 I chatty  : uid=1000(system) MultiTaskManage expire 1 line
05-26 15:08:03.835 12835 12835 D ActivityThread: Attach thread to application
05-26 15:08:03.977  1306  4767 I chatty  : uid=1000(system) Binder:1306_13 expire 49 lines
05-26 15:08:04.287  1306  6210 I chatty  : uid=1000(system) Binder:1306_15 expire 3 lines
05-26 15:08:04.488  7760 12754 W HwApsManager: HwApsManagerService, registerCallback, start !
05-26 15:08:04.649  1306  1329 I chatty  : uid=1000(system) android.ui expire 1 line
05-26 15:08:04.906  2528  2858 I HidataAppQoeP: handleStateChanged reason=6
05-26 15:08:04.906  2528  2858 I BrowserChrP: handleStateChanged
05-26 15:08:05.037  2528  2858 I HidataAppQoeP: handleStateChanged reason=6
05-26 15:08:05.037  2528  2858 I BrowserChrP: handleStateChanged
05-26 15:08:05.151  1306  1306 I chatty  : uid=1000 system_server expire 5 lines
05-26 15:08:05.252  2528  2858 I HidataAppQoeP: handleStateChanged reason=6
05-26 15:08:05.252  2528  2858 I BrowserChrP: handleStateChanged
05-26 15:08:05.389  2528  2858 I HidataAppQoeP: handleStateChanged reason=6
05-26 15:08:05.389  2528  2858 I BrowserChrP: handleStateChanged
05-26 15:08:05.419  2528  2858 I HidataAppQoeP: handleStateChanged reason=6
05-26 15:08:05.419  2528  2858 I BrowserChrP: handleStateChanged
05-26 15:08:05.596  2528  2858 I HidataAppQoeP: handleStateChanged reason=1
05-26 15:08:05.597  2528  2858 I HidataAppQoeP: process message REASON_RECEIVE_AP_INFO_TIMEOUT
05-26 15:08:05.597  2528  2858 I HidataAppQoeP: sendExperienceLevelToHidataAppQoe 3
05-26 15:08:05.651  1306  3131 I chatty  : uid=1000(system) Binder:1306_D expire 40 lines
05-26 15:08:05.805  1306  1501 I chatty  : uid=1000(system) Binder:1306_3 expire 14 lines
05-26 15:08:05.836  1306  1319 I chatty  : uid=1000(system) Binder:1306_1 expire 17 lines
05-26 15:08:05.841  2528  2858 I HidataAppQoeP: handleStateChanged reason=6
05-26 15:08:05.841  2528  2858 I BrowserChrP: handleStateChanged
05-26 15:08:05.993  1306  4767 I chatty  : uid=1000(system) Binder:1306_13 expire 33 lines
05-26 15:08:06.058  1306  1329 I chatty  : uid=1000(system) android.ui expire 13 lines
05-26 15:08:06.082  1306  2916 I chatty  : uid=1000(system) Binder:1306_9 expire 4 lines
05-26 15:08:06.092  7760  7760 V ActivityThread: Skipping new config:{1.0 460mcc2mnc [zh_CN_#Hans] ldltr sw360dp w360dp h616dp 480dpi nrml long port finger -keyb/v/h -nav/h winConfig={ mBounds=Rect(0, 0 - 0, 0) mAppBounds=Rect(0, 0 - 1080, 1920) mWindowingMode=fullscreen mActivityType=undefined} nonFullScreen=0 hwt:1 suim:1 s.48}, config:{1.0 460mcc2mnc [zh_CN_#Hans] ldltr sw360dp w360dp h616dp 480dpi nrml long port finger -keyb/v/h -nav/h winConfig={ mBounds=Rect(0, 0 - 0, 0) mAppBounds=Rect(0, 0 - 1080, 1920) mWindowingMode=fullscreen mActivityType=undefined} nonFullScreen=0 hwt:1 suim:1 s.48} for app:com.eg.android.AlipayGphone
05-26 15:08:06.097  7760  7760 V ActivityThread: callActivityOnCreate
05-26 15:08:06.101  1306  1326 I chatty  : uid=1000(system) HwActivityManag expire 2 lines
05-26 15:08:06.125  1306 10353 I chatty  : uid=1000 system_server expire 4 lines
05-26 15:08:06.126  1306  2259 I chatty  : uid=1000(system) iaware.clean expire 4 lines
05-26 15:08:06.128  2528 19440 I BoosterSwitchP: notifyUidState do nothing
05-26 15:08:06.128  2528 19440 I DeepNoDisturbP: notifyUidState
05-26 15:08:06.128  2528 19440 I HidataAppQoeP: notifyUidState
05-26 15:08:06.128  2528 19440 I BrowserChrP: notifyUidState
05-26 15:08:06.128  1306  2460 I chatty  : uid=1000(system) Binder:1306_6 expire 3 lines
05-26 15:08:06.131  2528 19440 I BoosterSwitchP: notifyUidState do nothing
05-26 15:08:06.131  2528 19440 I DeepNoDisturbP: notifyUidState
05-26 15:08:06.131  2528 19440 I HidataAppQoeP: notifyUidState
05-26 15:08:06.131  2528 19440 I BrowserChrP: notifyUidState
05-26 15:08:06.138  2528  2542 I BoosterSwitchP: notifyUidState do nothing
05-26 15:08:06.138  2528  2542 I DeepNoDisturbP: notifyUidState
05-26 15:08:06.138  2528  2542 I HidataAppQoeP: notifyUidState
05-26 15:08:06.138  2528  2542 I BrowserChrP: notifyUidState
05-26 15:08:06.142  2528  2543 I BoosterSwitchP: notifyUidState do nothing
05-26 15:08:06.142  2528  2543 I DeepNoDisturbP: notifyUidState
05-26 15:08:06.142  2528  2543 I HidataAppQoeP: notifyUidState
05-26 15:08:06.142  2528  2543 I BrowserChrP: notifyUidState
05-26 15:08:06.150  7760  7760 D ActivityThread: add activity client record, r= ActivityRecord{846c5c7 token=android.os.BinderProxy@ce81482 {com.eg.android.AlipayGphone/com.alipay.mobile.nebulacore.ui.H5Activity}} token= android.os.BinderProxy@ce81482
05-26 15:08:06.150  1306  6484 I chatty  : uid=1000(system) Binder:1306_16 expire 15 lines
05-26 15:08:06.165  1306  1340 I chatty  : uid=1000(system) HwGameAssistant expire 1 line
05-26 15:08:06.181  1306 11430 I chatty  : uid=1000(system) Binder:1306_1E expire 33 lines
05-26 15:08:06.184  2340  2665 I CommandQueue: updateBarBgColor
05-26 15:08:06.184  2340  2665 D CommandQueue: CommandQueue, setBarBackgroundColor
05-26 15:08:06.210  1306  1447 I chatty  : uid=1000(system) android.anim expire 5 lines
05-26 15:08:06.211  2528  2858 I HidataAppQoeP: handleStateChanged reason=6
05-26 15:08:06.211  2528  2858 I BrowserChrP: handleStateChanged
05-26 15:08:06.222  1306  1339 I chatty  : uid=1000(system) android.display expire 1 line
05-26 15:08:06.629  1306  2234 I chatty  : uid=1000(system) Thread-39 expire 4 lines
05-26 15:08:06.706  1306  1331 I chatty  : uid=1000(system) ActivityManager expire 1 line
05-26 15:08:06.707  1306  2520 I chatty  : uid=1000(system) MultiTaskManage expire 1 line
05-26 15:08:06.717 13174 13174 D ActivityThread: Attach thread to application
05-26 15:08:06.869  1306  2221 I chatty  : uid=1000(system) ConnectivitySer expire 11 lines
05-26 15:08:07.048  7841  7876 E ActivityThread: Failed to find provider info for com.alipay.setting
05-26 15:08:07.085  7841  7876 E ActivityThread: Failed to find provider info for com.alipay.setting
05-26 15:08:07.166  1306  6210 I chatty  : uid=1000(system) Binder:1306_15 expire 20 lines
05-26 15:08:07.167  1306  4064 I chatty  : uid=1000(system) Binder:1306_E expire 2 lines
05-26 15:08:07.261  1306  4734 I chatty  : uid=1000(system) Binder:1306_12 expire 1 line
05-26 15:08:07.263  2340 20855 I CommandQueue: updateBarBgColor
05-26 15:08:07.263  2340 20855 D CommandQueue: CommandQueue, setBarBackgroundColor
05-26 15:08:07.309  1306  1502 I chatty  : uid=1000(system) Binder:1306_4 expire 43 lines
05-26 15:08:07.313  1306  2221 I chatty  : uid=1000(system) ConnectivitySer expire 13 lines
05-26 15:08:07.579  1306  4064 I chatty  : uid=1000(system) Binder:1306_E expire 70 lines
05-26 15:08:08.193  1306  6484 I chatty  : uid=1000(system) Binder:1306_16 expire 60 lines
05-26 15:08:10.322  1306  6210 I chatty  : uid=1000(system) Binder:1306_15 expire 7 lines
05-26 15:08:10.708  1306  1306 I chatty  : uid=1000 system_server expire 2 lines
05-26 15:08:11.190  1306  1329 I chatty  : uid=1000(system) android.ui expire 9 lines
05-26 15:08:11.565  1306 10300 I chatty  : uid=1000(system) Binder:1306_1C expire 1 line
05-26 15:08:11.565  1306  4734 I chatty  : uid=1000(system) Binder:1306_12 expire 1 line
05-26 15:08:11.565  1306 10424 I chatty  : uid=1000(system) Binder:1306_1D expire 3 lines
05-26 15:08:11.575  1306  1334 I chatty  : uid=1000(system) keyAppHanderThr expire 2 lines
05-26 15:08:11.576  2528  2543 I BoosterSwitchP: notifyUidState do nothing
05-26 15:08:11.576  2528  2543 I DeepNoDisturbP: notifyUidState
05-26 15:08:11.576  2528  2543 I HidataAppQoeP: notifyUidState
05-26 15:08:11.576  2528  2543 I BrowserChrP: notifyUidState
05-26 15:08:11.763  1306  2332 I chatty  : uid=1000(system) Binder:1306_5 expire 15 lines
05-26 15:08:11.765  1306  2888 I chatty  : uid=1000(system) Binder:1306_8 expire 5 lines
05-26 15:08:11.771  1306  1339 I chatty  : uid=1000(system) android.display expire 1 line
05-26 15:08:11.773  2528  3084 I BoosterSwitchP: notifyUidState do nothing
05-26 15:08:11.773  2528  3084 I DeepNoDisturbP: notifyUidState
05-26 15:08:11.773  2528  3084 I HidataAppQoeP: notifyUidState
05-26 15:08:11.773  2528  3084 I BrowserChrP: notifyUidState
05-26 15:08:12.069  1306  2234 I chatty  : uid=1000(system) Thread-39 expire 2 lines
05-26 15:08:12.217  2528  2858 I HidataAppQoeP: handleStateChanged reason=6
05-26 15:08:12.217  2528  2858 I BrowserChrP: handleStateChanged
05-26 15:08:16.570  1306  1489 I chatty  : uid=1000(system) InputDispatcher expire 2 lines
05-26 15:08:16.700  1306  1326 I chatty  : uid=1000(system) HwActivityManag expire 2 lines
05-26 15:08:16.726  1306  1340 I chatty  : uid=1000(system) HwGameAssistant expire 1 line
05-26 15:08:16.737  2340  2665 I CommandQueue: updateBarBgColor
05-26 15:08:16.737  2340  2665 D CommandQueue: CommandQueue, setBarBackgroundColor
05-26 15:08:16.783  1306  1447 I chatty  : uid=1000(system) android.anim expire 25 lines
05-26 15:08:16.829  1306  2332 I chatty  : uid=1000(system) Binder:1306_5 expire 25 lines
05-26 15:08:17.159  1306  1329 I chatty  : uid=1000(system) android.ui expire 38 lines
05-26 15:08:17.287  1306  6484 I chatty  : uid=1000(system) Binder:1306_16 expire 16 lines
05-26 15:08:17.301  7760  7760 D ActivityThread: Remove activity client record, r= ActivityRecord{846c5c7 token=android.os.BinderProxy@ce81482 {com.eg.android.AlipayGphone/com.alipay.mobile.nebulacore.ui.H5Activity}} token= android.os.BinderProxy@ce81482
05-26 15:08:17.771  1306  1489 I chatty  : uid=1000(system) InputDispatcher expire 4 lines
05-26 15:08:17.813  1306  1326 I chatty  : uid=1000(system) HwActivityManag expire 5 lines
05-26 15:08:17.815  2528  2542 W ContextImpl: Calling a method in the system process without a qualified user: android.app.ContextImpl.startService:1760 android.content.ContextWrapper.startService:664 com.huawei.appgallery.assistant.service.AppGalleryAssistantService.startHMSService:419 com.huawei.appgallery.assistant.service.AppGalleryAssistantService.notifyHMSBackgroundEvent:405 com.huawei.appgallery.assistant.service.AppGalleryAssistantService.backgroundEvent:392 
05-26 15:08:17.938  7760  7760 W ViewRootImpl[AlipayLogin]: hasFocus:false, stopped:false, isAmbientModefalse, pausedForTransitionfalse, flags:0
05-26 15:08:17.940 13635 13787 I HwNetworkPolicyManager: getHwUidPolicy uid = 10056 policy = 0
05-26 15:08:17.944  7760  7760 W ViewRootImpl[AlipayLogin]: Cancelling event due to no window focus: KeyEvent { action=ACTION_UP, keyCode=KEYCODE_BACK, scanCode=0, metaState=0, flags=0x28, hwFlags=0x0, repeatCount=0, eventTime=46347470, downTime=46347430, deviceId=0, source=0x101 }
05-26 15:08:17.944  7760  7760 W ViewRootImpl[AlipayLogin]: hasFocus:false, stopped:false, isAmbientModefalse, pausedForTransitionfalse, flags:0
05-26 15:08:17.944  7760  7760 W ViewRootImpl[AlipayLogin]: Cancelling event due to no window focus: KeyEvent { action=ACTION_UP, keyCode=KEYCODE_BACK, scanCode=0, metaState=0, flags=0x28, hwFlags=0x0, repeatCount=0, eventTime=46347470, downTime=46347430, deviceId=0, source=0x101 }
05-26 15:08:17.944  7760  7760 W ViewRootImpl[AlipayLogin]: hasFocus:false, stopped:false, isAmbientModefalse, pausedForTransitionfalse, flags:0
05-26 15:08:17.944  7760  7760 W ViewRootImpl[AlipayLogin]: Cancelling event due to no window focus: KeyEvent { action=ACTION_UP, keyCode=KEYCODE_BACK, scanCode=0, metaState=0, flags=0x28, hwFlags=0x0, repeatCount=0, eventTime=46347470, downTime=46347430, deviceId=0, source=0x101 }
05-26 15:08:17.952  2528  3084 I BoosterSwitchP: notifyUidState do nothing
05-26 15:08:17.952  2528  3084 I DeepNoDisturbP: notifyUidState
05-26 15:08:17.952  2528  3084 I HidataAppQoeP: notifyUidState
05-26 15:08:17.952  2528  3084 I BrowserChrP: notifyUidState
05-26 15:08:17.953  7760  7760 W ViewRootImpl[AlipayLogin]: hasFocus:false, stopped:false, isAmbientModefalse, pausedForTransitionfalse, flags:0
05-26 15:08:17.954  7760  7760 W ViewRootImpl[AlipayLogin]: Cancelling event due to no window focus: KeyEvent { action=ACTION_UP, keyCode=KEYCODE_BACK, scanCode=0, metaState=0, flags=0x28, hwFlags=0x0, repeatCount=0, eventTime=46347470, downTime=46347430, deviceId=0, source=0x101 }
05-26 15:08:17.954  7760  7760 W ViewRootImpl[AlipayLogin]: hasFocus:false, stopped:false, isAmbientModefalse, pausedForTransitionfalse, flags:0
05-26 15:08:17.954  7760  7760 W ViewRootImpl[AlipayLogin]: Cancelling event due to no window focus: KeyEvent { action=ACTION_UP, keyCode=KEYCODE_BACK, scanCode=0, metaState=0, flags=0x28, hwFlags=0x0, repeatCount=0, eventTime=46347470, downTime=46347430, deviceId=0, source=0x101 }
05-26 15:08:17.954  7760  7760 W ViewRootImpl[AlipayLogin]: hasFocus:false, stopped:false, isAmbientModefalse, pausedForTransitionfalse, flags:0
05-26 15:08:17.954  7760  7760 W ViewRootImpl[AlipayLogin]: Cancelling event due to no window focus: KeyEvent { action=ACTION_UP, keyCode=KEYCODE_BACK, scanCode=0, metaState=0, flags=0x28, hwFlags=0x0, repeatCount=0, eventTime=46347470, downTime=46347430, deviceId=0, source=0x101 }
05-26 15:08:17.955  7760  7760 W ViewRootImpl[AlipayLogin]: hasFocus:false, stopped:false, isAmbientModefalse, pausedForTransitionfalse, flags:0
05-26 15:08:17.955  7760  7760 W ViewRootImpl[AlipayLogin]: Cancelling event due to no window focus: KeyEvent { action=ACTION_UP, keyCode=KEYCODE_BACK, scanCode=0, metaState=0, flags=0x28, hwFlags=0x0, repeatCount=0, eventTime=46347470, downTime=46347430, deviceId=0, source=0x101 }
05-26 15:08:17.955  7760  7760 W ViewRootImpl[AlipayLogin]: hasFocus:false, stopped:false, isAmbientModefalse, pausedForTransitionfalse, flags:0
05-26 15:08:17.955  7760  7760 W ViewRootImpl[AlipayLogin]: Cancelling event due to no window focus: KeyEvent { action=ACTION_UP, keyCode=KEYCODE_BACK, scanCode=0, metaState=0, flags=0x28, hwFlags=0x0, repeatCount=0, eventTime=46347470, downTime=46347430, deviceId=0, source=0x101 }
05-26 15:08:17.955  7760  7760 W ViewRootImpl[AlipayLogin]: hasFocus:false, stopped:false, isAmbientModefalse, pausedForTransitionfalse, flags:0
05-26 15:08:17.955  7760  7760 W ViewRootImpl[AlipayLogin]: Cancelling event due to no window focus: KeyEvent { action=ACTION_UP, keyCode=KEYCODE_BACK, scanCode=0, metaState=0, flags=0x28, hwFlags=0x0, repeatCount=0, eventTime=46347470, downTime=46347430, deviceId=0, source=0x101 }
05-26 15:08:17.969  1306  1340 I chatty  : uid=1000(system) HwGameAssistant expire 1 line
05-26 15:08:17.975  2612  2612 W ViewRootImpl[UniHomeLauncher]: hasFocus:false, stopped:false, isAmbientModefalse, pausedForTransitionfalse, flags:0
05-26 15:08:17.975  2612  2612 W ViewRootImpl[UniHomeLauncher]: Cancelling event due to no window focus: KeyEvent { action=ACTION_UP, keyCode=KEYCODE_BACK, scanCode=0, metaState=0, flags=0x28, hwFlags=0x0, repeatCount=0, eventTime=46347431, downTime=46347431, deviceId=0, source=0x101 }
05-26 15:08:17.975  2612  2612 W ViewRootImpl[UniHomeLauncher]: hasFocus:false, stopped:false, isAmbientModefalse, pausedForTransitionfalse, flags:0
05-26 15:08:17.975  2612  2612 W ViewRootImpl[UniHomeLauncher]: Cancelling event due to no window focus: KeyEvent { action=ACTION_UP, keyCode=KEYCODE_BACK, scanCode=0, metaState=0, flags=0x28, hwFlags=0x0, repeatCount=0, eventTime=46347431, downTime=46347431, deviceId=0, source=0x101 }
05-26 15:08:17.975  2612  2612 W ViewRootImpl[UniHomeLauncher]: hasFocus:false, stopped:false, isAmbientModefalse, pausedForTransitionfalse, flags:0
05-26 15:08:17.975  2612  2612 W ViewRootImpl[UniHomeLauncher]: Cancelling event due to no window focus: KeyEvent { action=ACTION_UP, keyCode=KEYCODE_BACK, scanCode=0, metaState=0, flags=0x28, hwFlags=0x0, repeatCount=0, eventTime=46347431, downTime=46347431, deviceId=0, source=0x101 }
05-26 15:08:17.975  2612  2612 W ViewRootImpl[UniHomeLauncher]: hasFocus:false, stopped:false, isAmbientModefalse, pausedForTransitionfalse, flags:0
05-26 15:08:17.976  2612  2612 W ViewRootImpl[UniHomeLauncher]: Cancelling event due to no window focus: KeyEvent { action=ACTION_UP, keyCode=KEYCODE_BACK, scanCode=0, metaState=0, flags=0x28, hwFlags=0x0, repeatCount=0, eventTime=46347431, downTime=46347431, deviceId=0, source=0x101 }
05-26 15:08:17.976  2612  2612 W ViewRootImpl[UniHomeLauncher]: hasFocus:false, stopped:false, isAmbientModefalse, pausedForTransitionfalse, flags:0
05-26 15:08:17.976  2612  2612 W ViewRootImpl[UniHomeLauncher]: Cancelling event due to no window focus: KeyEvent { action=ACTION_UP, keyCode=KEYCODE_BACK, scanCode=0, metaState=0, flags=0x28, hwFlags=0x0, repeatCount=0, eventTime=46347431, downTime=46347431, deviceId=0, source=0x101 }
05-26 15:08:17.976  2612  2612 W ViewRootImpl[UniHomeLauncher]: hasFocus:false, stopped:false, isAmbientModefalse, pausedForTransitionfalse, flags:0
05-26 15:08:17.976  2612  2612 W ViewRootImpl[UniHomeLauncher]: Cancelling event due to no window focus: KeyEvent { action=ACTION_UP, keyCode=KEYCODE_BACK, scanCode=0, metaState=0, flags=0x28, hwFlags=0x0, repeatCount=0, eventTime=46347431, downTime=46347431, deviceId=0, source=0x101 }
05-26 15:08:17.976  2612  2612 W ViewRootImpl[UniHomeLauncher]: hasFocus:false, stopped:false, isAmbientModefalse, pausedForTransitionfalse, flags:0
05-26 15:08:17.976  2612  2612 W ViewRootImpl[UniHomeLauncher]: Cancelling event due to no window focus: KeyEvent { action=ACTION_UP, keyCode=KEYCODE_BACK, scanCode=0, metaState=0, flags=0x28, hwFlags=0x0, repeatCount=0, eventTime=46347431, downTime=46347431, deviceId=0, source=0x101 }
05-26 15:08:17.976  2612  2612 W ViewRootImpl[UniHomeLauncher]: hasFocus:false, stopped:false, isAmbientModefalse, pausedForTransitionfalse, flags:0
05-26 15:08:17.976  2612  2612 W ViewRootImpl[UniHomeLauncher]: Cancelling event due to no window focus: KeyEvent { action=ACTION_UP, keyCode=KEYCODE_BACK, scanCode=0, metaState=0, flags=0x28, hwFlags=0x0, repeatCount=0, eventTime=46347431, downTime=46347431, deviceId=0, source=0x101 }
05-26 15:08:17.976  2612  2612 W ViewRootImpl[UniHomeLauncher]: hasFocus:false, stopped:false, isAmbientModefalse, pausedForTransitionfalse, flags:0
05-26 15:08:17.976  2612  2612 W ViewRootImpl[UniHomeLauncher]: Cancelling event due to no window focus: KeyEvent { action=ACTION_UP, keyCode=KEYCODE_BACK, scanCode=0, metaState=0, flags=0x28, hwFlags=0x0, repeatCount=0, eventTime=46347431, downTime=46347431, deviceId=0, source=0x101 }
05-26 15:08:17.995  1306  9567 I chatty  : uid=1000(system) Binder:1306_17 expire 1 line
05-26 15:08:17.996  2528  2858 I HidataAppQoeP: receiveAPModuleData,dataTypeId=302
05-26 15:08:17.998  1306 10282 I chatty  : uid=1000(system) Binder:1306_1B expire 3 lines
05-26 15:08:18.001  1306  2206 I chatty  : uid=1000(system) NetdConnector expire 2 lines
05-26 15:08:18.017  1306  3131 I chatty  : uid=1000(system) Binder:1306_D expire 31 lines
05-26 15:08:18.033  2340 10285 I CommandQueue: updateBarBgColor
05-26 15:08:18.034  2340 10285 D CommandQueue: CommandQueue, setBarBackgroundColor
05-26 15:08:18.126  1306  4734 I chatty  : uid=1000(system) Binder:1306_12 expire 27 lines
05-26 15:08:18.217  2528  2858 I HidataAppQoeP: handleStateChanged reason=6
05-26 15:08:18.217  2528  2858 I BrowserChrP: handleStateChanged
05-26 15:08:18.250  2528 23168 I BoosterSwitchP: notifyUidState do nothing
05-26 15:08:18.250  2528 23168 I DeepNoDisturbP: notifyUidState
05-26 15:08:18.250  2528 23168 I HidataAppQoeP: notifyUidState
05-26 15:08:18.250  2528 23168 I BrowserChrP: notifyUidState
05-26 15:08:18.343  7760 12692 E ActivityThread: Failed to find provider info for com.alipay.setting
05-26 15:08:18.382  1306  2888 I chatty  : uid=1000(system) Binder:1306_8 expire 27 lines
05-26 15:08:18.514  1306  1490 I chatty  : uid=1000(system) InputReader expire 3 lines
05-26 15:08:18.622  1306  1306 I chatty  : uid=1000 system_server expire 708 lines
05-26 15:08:18.623  1306  1342 I chatty  : uid=1000(system) PowerManagerSer expire 195 lines
05-26 15:08:18.809  1306  6210 I chatty  : uid=1000(system) Binder:1306_15 expire 43 lines
05-26 15:08:18.814   497   540 D vold    : begin lockScreenPrepare
05-26 15:08:18.822   497   540 D vold    : e4crypt_lock_screen_prepare flag is: 1 user_id:0
05-26 15:08:18.838  1306  2256 I chatty  : uid=1000(system) fingerprintServ expire 6 lines
05-26 15:08:18.892  1306  1493 I chatty  : uid=1000(system) HwBinder:1306_3 expire 1 line
05-26 15:08:18.906  2340  2340 W FingerprintManager: Invalid acquired message: 6, 1001
05-26 15:08:18.932  1306  2284 I chatty  : uid=1000(system) PhotonicModulat expire 1 line
05-26 15:08:19.000  1306  1339 I chatty  : uid=1000(system) android.display expire 2 lines
05-26 15:08:19.428  1306  1466 I chatty  : uid=1000(system) HeartBeatHandle expire 2 lines
05-26 15:08:19.456  2340  2340 W KeyguardViewMediator: callback -> onShowingStateChanged.
05-26 15:08:19.483  2612  2612 V ActivityThread: Handle window ActivityRecord{de51528 token=android.os.BinderProxy@7349167 {com.huawei.android.launcher/com.huawei.android.launcher.unihome.UniHomeLauncher}} visibility: false
05-26 15:08:19.488  1306  1337 I chatty  : uid=1000(system) android.fg expire 1 line
05-26 15:08:19.488  1306  1328 I chatty  : uid=1000(system) ActivityManager expire 1 line
05-26 15:08:19.531  1306  2218 I chatty  : uid=1000(system) WifiP2pService expire 2 lines
05-26 15:08:19.625  2340  2340 V KeyguardStatusView: refresh statusview showing:true
05-26 15:08:19.632  2340  2340 V KeyguardDisplayManager: show
05-26 15:08:19.642  2528 23168 D FaceRecognizeService: daemon init result val = 0 package = com.android.systemui
05-26 15:08:19.643  2528 23168 D AntiBruteForceProcessor: RemainingAuthenticateNum = 5
05-26 15:08:19.646  2528  2542 D FaceRecognizeService: daemon init result val = 0 package = com.android.systemui
05-26 15:08:19.858  2528  2858 I BoosterGameP: handleStateChanged reason=2
05-26 15:08:19.858  2528  2858 E BoosterGameP: inValidCQI:-1
05-26 15:08:19.858  2528  2858 I BoosterVideoP: handleStateChanged reason=2
05-26 15:08:19.858  2528  2858 I BoosterVideoP: sendModemUnsolState false
05-26 15:08:19.858  2528  2858 I BoosterSwitchP: handleStateChanged reason=2
05-26 15:08:19.858  2528  2858 I DeepNoDisturbP: handleStateChanged reason=2
05-26 15:08:19.858  2528  2858 I DeepNoDisturbSM: setScreenState isScreenOn=false
05-26 15:08:19.858  2528  2858 I HidataAppQoeP: handleStateChanged reason=2
05-26 15:08:19.858  2528  2858 I BrowserChrP: handleStateChanged
05-26 15:08:19.859  2528  2528 I DeepNoDisturbSM: IdleState processMessage msg.what=EVENT_SCREEN_OFF
05-26 15:08:19.859  2528  2528 I DeepNoDisturbSM: IdleState: default msg.what=11
05-26 15:08:19.916  2528  2859 E HwCommBoosterManager: handleOemHookSetResp end error, ret=-2
05-26 15:08:19.932  1306  3404 I chatty  : uid=1000(system) HwDeviceUsageCo expire 1 line
05-26 15:08:19.968  1306  4734 I chatty  : uid=1000(system) Binder:1306_12 expire 173 lines
05-26 15:08:20.145  5346 20607 W ContextImpl: Calling a method in the system process without a qualified user: android.app.ContextImpl.bindService:1840 android.content.ContextWrapper.bindService:698 com.huawei.nb.dataservice.dsclient.RemoteServiceConnection.open:90 com.huawei.nb.dataservice.dsclient.DataServiceProxy.connect:105 com.huawei.nb.dataservice.rsclient.internal.RemoteRuleService.start:27 
05-26 15:08:20.163  1306  4064 I chatty  : uid=1000(system) Binder:1306_E expire 253 lines
05-26 15:08:20.243  1306  3131 I chatty  : uid=1000(system) Binder:1306_D expire 37 lines
05-26 15:08:20.252  1306  2888 I chatty  : uid=1000(system) Binder:1306_8 expire 266 lines
05-26 15:08:20.479  1306  1328 I chatty  : uid=1000(system) ActivityManager expire 288 lines
05-26 15:08:20.820  1306  1306 I chatty  : uid=1000 system_server expire 34 lines
05-26 15:08:20.888  1306  1331 I chatty  : uid=1000(system) ActivityManager expire 2 lines
05-26 15:08:20.888  1306  2520 I chatty  : uid=1000(system) MultiTaskManage expire 20 lines
05-26 15:08:20.914 13504 13504 D ActivityThread: Attach thread to application
05-26 15:08:20.947  1306  2464 I chatty  : uid=1000(system) watchdog expire 1 line
05-26 15:08:21.344 13530 13530 D ActivityThread: Attach thread to application
05-26 15:08:22.475  1306  1466 I chatty  : uid=1000(system) HeartBeatHandle expire 11 lines
05-26 15:08:22.504  2528 23168 I BoosterSwitchP: notifyUidState do nothing
05-26 15:08:22.504  2528 23168 I DeepNoDisturbP: notifyUidState
05-26 15:08:22.504  2528 23168 I HidataAppQoeP: notifyUidState
05-26 15:08:22.504  2528 23168 I BrowserChrP: notifyUidState
05-26 15:08:22.518  2528 23168 I BoosterSwitchP: notifyUidState do nothing
05-26 15:08:22.518  2528 23168 I DeepNoDisturbP: notifyUidState
05-26 15:08:22.518  2528 23168 I HidataAppQoeP: notifyUidState
05-26 15:08:22.518  2528 23168 I BrowserChrP: notifyUidState
05-26 15:08:22.519  2528 23168 I BoosterSwitchP: notifyUidState do nothing
05-26 15:08:22.519  2528 23168 I DeepNoDisturbP: notifyUidState
05-26 15:08:22.519  2528 23168 I HidataAppQoeP: notifyUidState
05-26 15:08:22.519  2528 23168 I BrowserChrP: notifyUidState
05-26 15:08:22.548  2528  2528 I HwCoreAppHelperService: LocalReceiver receives:android.intent.action.PACKAGE_RESTARTED,pkg:cmb.pb,uid:10162
05-26 15:08:22.572  1306  6484 I chatty  : uid=1000(system) Binder:1306_16 expire 18 lines
05-26 15:08:22.580  1306  6210 I chatty  : uid=1000(system) Binder:1306_15 expire 10 lines
05-26 15:08:22.583  2528 23168 I BoosterSwitchP: notifyUidState do nothing
05-26 15:08:22.583  2528 23168 I DeepNoDisturbP: notifyUidState
05-26 15:08:22.583  2528 23168 I HidataAppQoeP: notifyUidState
05-26 15:08:22.583  2528 23168 I BrowserChrP: notifyUidState
05-26 15:08:22.854  1306  2332 I chatty  : uid=1000(system) Binder:1306_5 expire 13 lines
05-26 15:08:22.871  1306  2206 I chatty  : uid=1000(system) NetdConnector expire 10 lines
05-26 15:08:22.981  1306  2234 I chatty  : uid=1000(system) Thread-39 expire 4 lines
05-26 15:08:24.228  2528  2858 I HidataAppQoeP: handleStateChanged reason=6
05-26 15:08:24.228  2528  2858 I BrowserChrP: handleStateChanged
05-26 15:09:22.389   551   616 W SocketListener: sending broadcast to Pid = 1306, Uid = 1000 
05-26 15:09:22.400   551   610 W SocketListener: sending broadcast to Pid = 1306, Uid = 1000 
05-26 15:09:22.404   551   610 W SocketListener: sending broadcast to Pid = 1306, Uid = 1000 
05-26 15:09:22.404  1306  1337 I chatty  : uid=1000(system) android.fg expire 5 lines
05-26 15:09:22.421  1306  1306 I chatty  : uid=1000 system_server expire 3 lines
05-26 15:09:22.443  1306  1328 I chatty  : uid=1000(system) ActivityManager expire 1 line
05-26 15:09:22.463  1306  1335 I chatty  : uid=1000(system) batterystats-wo expire 2 lines
05-26 15:09:22.490  1306  6210 I chatty  : uid=1000(system) Binder:1306_15 expire 10 lines
05-26 15:09:22.598  1306  1466 I chatty  : uid=1000(system) HeartBeatHandle expire 10 lines
05-26 15:09:22.635  1306  4767 I chatty  : uid=1000(system) Binder:1306_13 expire 51 lines
05-26 15:09:22.728  1306  6484 I chatty  : uid=1000(system) Binder:1306_16 expire 4 lines
05-26 15:09:22.742  1306  3131 I chatty  : uid=1000(system) Binder:1306_D expire 137 lines
05-26 15:09:22.808  1306  6484 I chatty  : uid=1000(system) Binder:1306_16 expire 26 lines
05-26 15:09:22.846  1306  2332 I chatty  : uid=1000(system) Binder:1306_5 expire 138 lines
05-26 15:09:36.777  1306  2527 I chatty  : uid=1000(system) AwareAppStartup expire 71 lines
05-26 15:09:37.489  1306  1328 I chatty  : uid=1000(system) ActivityManager expire 2 lines
05-26 15:09:40.278   697   781 I storaged: storaged_t::event: storage_info refreshed.
05-26 15:10:05.400   551   610 W SocketListener: sending broadcast to Pid = 1306, Uid = 1000 
05-26 15:10:05.402  1306  2206 I chatty  : uid=1000(system) NetdConnector expire 10 lines
05-26 15:10:05.406  1306  1337 I chatty  : uid=1000(system) android.fg expire 11 lines
05-26 15:10:05.426  1306  1335 I chatty  : uid=1000(system) batterystats-wo expire 6 lines
05-26 15:10:09.394   551   610 W SocketListener: sending broadcast to Pid = 1306, Uid = 1000 
05-26 15:10:21.399   551   610 W SocketListener: sending broadcast to Pid = 1306, Uid = 1000 
05-26 15:10:21.422   551   610 W SocketListener: sending broadcast to Pid = 1306, Uid = 1000 
05-26 15:10:24.269  1306  2464 I chatty  : uid=1000(system) watchdog expire 1 line
05-26 15:11:04.397   551   610 W SocketListener: sending broadcast to Pid = 1306, Uid = 1000 
05-26 15:11:04.403   551   610 W SocketListener: sending broadcast to Pid = 1306, Uid = 1000 
05-26 15:11:04.404  1306  2206 I chatty  : uid=1000(system) NetdConnector expire 10 lines
05-26 15:11:36.400   551   610 W SocketListener: sending broadcast to Pid = 1306, Uid = 1000 
05-26 15:11:36.420   551   610 W SocketListener: sending broadcast to Pid = 1306, Uid = 1000 
05-26 15:11:36.454  1306  6484 I chatty  : uid=1000(system) Binder:1306_16 expire 11 lines
05-26 15:11:36.461  1306  3131 I chatty  : uid=1000(system) Binder:1306_D expire 2 lines
05-26 15:11:36.466  1306  1306 I chatty  : uid=1000 system_server expire 12 lines
05-26 15:11:36.468  1306  2888 I chatty  : uid=1000(system) Binder:1306_8 expire 4 lines
05-26 15:11:36.468  1306  1325 I chatty  : uid=1000(system) android.bg expire 7 lines
05-26 15:11:36.573  1306  4734 I chatty  : uid=1000(system) Binder:1306_12 expire 3 lines
05-26 15:11:36.628  1306  2210 I chatty  : uid=1000(system) NetworkPolicy expire 4 lines
05-26 15:11:51.506   551   616 W SocketListener: sending broadcast to Pid = 1306, Uid = 1000 
05-26 15:12:30.398   551   610 W SocketListener: sending broadcast to Pid = 1306, Uid = 1000 
05-26 15:12:30.400  1306  2206 I chatty  : uid=1000(system) NetdConnector expire 8 lines
05-26 15:12:30.403  1306  1337 I chatty  : uid=1000(system) android.fg expire 2 lines
05-26 15:12:30.413   551   610 W SocketListener: sending broadcast to Pid = 1306, Uid = 1000 
05-26 15:12:38.399  1306  1329 I chatty  : uid=1000(system) android.ui expire 18 lines
05-26 15:12:38.434  1306  1342 I chatty  : uid=1000(system) PowerManagerSer expire 16 lines
05-26 15:12:38.437  2340  2645 I PermissionManager: camera remind result:true
05-26 15:12:38.438  2340  2645 I BackgroundPermManager: pkgName: com.android.systemui,pid: 2340 ,uidOf3RdApk: 10039 ,permType: 0 ,permCfg: 1
05-26 15:12:38.464  1306  1493 I chatty  : uid=1000(system) HwBinder:1306_3 expire 1 line
05-26 15:12:38.552  1306  4767 I chatty  : uid=1000(system) Binder:1306_13 expire 1 line
05-26 15:12:38.558  1306  6210 I chatty  : uid=1000(system) Binder:1306_15 expire 1 line
05-26 15:12:38.564  1306  1466 I chatty  : uid=1000(system) HeartBeatHandle expire 10 lines
05-26 15:12:38.570  2340  2340 W KeyguardViewMediator: notifyDrawn as: ScreenTurningOn 
05-26 15:12:38.572  1306  1447 I chatty  : uid=1000(system) android.anim expire 4 lines
05-26 15:12:38.574  1306  1306 I chatty  : uid=1000 system_server expire 64 lines
05-26 15:12:38.580  1306  1339 I chatty  : uid=1000(system) android.display expire 2 lines
05-26 15:12:38.581   497 13693 D vold    : idle maintenance stopped
05-26 15:12:38.587  1306  2332 I chatty  : uid=1000(system) Binder:1306_5 expire 8 lines
05-26 15:12:38.588  1306  2218 I chatty  : uid=1000(system) WifiP2pService expire 3 lines
05-26 15:12:38.591  2528 23168 D FaceRecognizeService: authenticate begin package = com.android.systemui
05-26 15:12:38.591  2528  3118 D FaceRecognizeService: authenticate running!
05-26 15:12:38.593  1306  4064 I chatty  : uid=1000(system) Binder:1306_E expire 5 lines
05-26 15:12:38.594  2528  3118 D FaceRecognizeService: startAuthentication(com.android.systemui)
05-26 15:12:38.594  2528  3118 D FaceRecognizeService: isMainUser in-userId = 0 currentUserId = 0
05-26 15:12:38.598  2528  3118 D FaceRecognizeService: startAuthentication errorCode = 0
05-26 15:12:38.598  2528  3118 D FaceRecognizeService: current cmd is NULL!
05-26 15:12:38.598  2528  3118 D FaceRecognizeService: start new cmd directly!!
05-26 15:12:38.632  2528  3118 D FaceRecognizeAuthCmd: doStart daemon return value = 0 userId = 0
05-26 15:12:38.632  2528  3118 D FaceRecognizeAuthCmd: authenticate cmd dostart end error code =  success 
05-26 15:12:38.632  2528  3118 D FaceRecognizeBaseCmd: processHalReturnedResult ERROR CODE =  success 
05-26 15:12:38.681  2528  2858 I HidataAppQoeP: handleStateChanged reason=6
05-26 15:12:38.681  2528  2858 I BrowserChrP: handleStateChanged
05-26 15:12:38.689  2528  2858 I HidataAppQoeP: handleStateChanged reason=6
05-26 15:12:38.690  2528  2858 I BrowserChrP: handleStateChanged
05-26 15:12:38.701  2528  2858 I HidataAppQoeP: handleStateChanged reason=6
05-26 15:12:38.701  2528  2858 I BrowserChrP: handleStateChanged
05-26 15:12:38.709  1306  1331 I chatty  : uid=1000(system) ActivityManager expire 1 line
05-26 15:12:38.709  1306  2520 I chatty  : uid=1000(system) MultiTaskManage expire 1 line
05-26 15:12:38.735  2596  2596 I Telephony-PstnPhoneCapabilitiesNotifier: handleVideoCapabilitesChanged. Video capability - true
05-26 15:12:38.749 13702 13702 D ActivityThread: Attach thread to application
05-26 15:12:38.775  2528  2858 I BoosterGameP: handleStateChanged reason=2
05-26 15:12:38.775  2528  2858 E BoosterGameP: inValidCQI:-1
05-26 15:12:38.775  2528  2858 I BoosterVideoP: handleStateChanged reason=2
05-26 15:12:38.775  2528  2858 I BoosterVideoP: sendModemUnsolState true
05-26 15:12:38.775  2528  2858 I BoosterSwitchP: handleStateChanged reason=2
05-26 15:12:38.777  1306  1478 I chatty  : uid=1000(system) hw_finger_unloc expire 1 line
05-26 15:12:38.780  2528  2858 I DeepNoDisturbP: handleStateChanged reason=2
05-26 15:12:38.780  2528  2858 I DeepNoDisturbSM: setScreenState isScreenOn=true
05-26 15:12:38.780  2528  2858 I HidataAppQoeP: handleStateChanged reason=2
05-26 15:12:38.780  2528  2858 I BrowserChrP: handleStateChanged
05-26 15:12:38.780  2528  2528 I DeepNoDisturbSM: IdleState processMessage msg.what=EVENT_SCREEN_ON
05-26 15:12:38.791  2528  2859 E HwCommBoosterManager: handleOemHookSetResp end error, ret=-2
05-26 15:12:38.793  2528  2528 I DeepNoDisturbSM: isNetworkTypeSuitDeepNoDisturbMode networkType = 13
05-26 15:12:38.793  2528  2528 I DeepNoDisturbSM: isCorrectState=true mIsCallOn=false mGameStatus=0 defaultDataSubId=0 default4GSlotId=0 mIsDefaultDataOn=true mIsScreenOn=true deepNoDisturbModeProp=true isDeepNoDisturbSwitchOn=false isGameDndSwitchOn=false isNetworkTypeSuitDeepNoDisturbMode=true isAirplaneModeOn()=false
05-26 15:12:38.793  2528  2528 I DeepNoDisturbSM: isNeedEnterDeepNoDisturbMode false
05-26 15:12:38.814  1306  1492 I chatty  : uid=1000(system) HwBinder:1306_2 expire 1 line
05-26 15:12:38.815  1306  2256 I chatty  : uid=1000(system) fingerprintServ expire 4 lines
05-26 15:12:38.816  1306  2284 I chatty  : uid=1000(system) PhotonicModulat expire 4 lines
05-26 15:12:38.830  1306  6484 I chatty  : uid=1000(system) Binder:1306_16 expire 45 lines
05-26 15:12:38.831  2340  2340 W FingerprintManager: Invalid acquired message: 6, 1002
05-26 15:12:38.864  1306  2284 I chatty  : uid=1000(system) PhotonicModulat expire 47 lines
05-26 15:12:38.872  1306  1306 I chatty  : uid=1000 system_server expire 15 lines
05-26 15:12:38.877  1306  1342 I chatty  : uid=1000(system) PowerManagerSer expire 4 lines
05-26 15:12:38.881  2596  2596 W SettingsEx: SettingsEx.Systemex.getString deprecated use Settings.System.getString instead ;callers=com.android.internal.telephony.gsm.HwCustGsmServiceStateManagerImpl.isMccForShowNetname:206 com.android.internal.telephony.gsm.HwCustGsmServiceStateManagerImpl.isShowNetnameByMcc:197 com.android.internal.telephony.gsm.HwCustGsmServiceStateManagerImpl.setOnsDisplayCustomization:148 
05-26 15:12:38.891  1306  2888 I chatty  : uid=1000(system) Binder:1306_8 expire 22 lines
05-26 15:12:38.932  1306  1492 I chatty  : uid=1000(system) HwBinder:1306_2 expire 2 lines
05-26 15:12:38.932  1306  2256 I chatty  : uid=1000(system) fingerprintServ expire 6 lines
05-26 15:12:38.951  1306  2332 I chatty  : uid=1000(system) Binder:1306_5 expire 1 line
05-26 15:12:38.972  5346 20803 W ContextImpl: Calling a method in the system process without a qualified user: android.app.ContextImpl.bindService:1840 android.content.ContextWrapper.bindService:698 com.huawei.nb.dataservice.dsclient.RemoteServiceConnection.open:90 com.huawei.nb.dataservice.dsclient.DataServiceProxy.connect:105 com.huawei.nb.dataservice.rsclient.internal.RemoteRuleService.start:27 
05-26 15:12:39.020  2340  2340 W KeyguardViewMediator: kgsvc callback -> .keyguardGoingAway 4 false false
05-26 15:12:39.034  2528  3084 D FaceRecognizeService: resetTimeout begin!
05-26 15:12:39.035  2528  3118 D FaceRecognizeAuthCmd: onMessage EVNET = Invalide event para1= 0 para2 = 0
05-26 15:12:39.035  2528  3118 E FaceRecognizeService: handleMessage EVT = 1002
05-26 15:12:39.035  2528  3118 D AntiBruteForceProcessor: Reset facerecognize lockout, clearAttemptCounter=true
05-26 15:12:39.040  1306  6210 I chatty  : uid=1000(system) Binder:1306_15 expire 4 lines
05-26 15:12:39.087  2528  3118 D AntiBruteForceProcessor: resetTotalFailedTimes current total times = 0
05-26 15:12:39.087  1306  3076 I chatty  : uid=1000(system) Binder:1306_C expire 1 line
05-26 15:12:39.088  1306  2460 I chatty  : uid=1000(system) Binder:1306_6 expire 17 lines
05-26 15:12:39.092  1306  1329 I chatty  : uid=1000(system) android.ui expire 20 lines
05-26 15:12:39.092  1306  4767 I chatty  : uid=1000(system) Binder:1306_13 expire 50 lines
05-26 15:12:39.096  1306  2829 I chatty  : uid=1000(system) Binder:1306_7 expire 3 lines
05-26 15:12:39.098  2528  2896 D FaceRecognizeService: onAuthenticationAcquired acquiredInfo = 5
05-26 15:12:39.098  2528  3118 D FaceRecognizeAuthCmd: onMessage EVNET = authenticate acquire  para1= 5 para2 = 0
05-26 15:12:39.099  2528  3118 E FaceRecognizeService: handleMessage EVT = 4
05-26 15:12:39.100  1306  1326 I chatty  : uid=1000(system) HwActivityManag expire 1 line
05-26 15:12:39.102  1306  1340 I chatty  : uid=1000(system) HwGameAssistant expire 1 line
05-26 15:12:39.110  1306  4064 I chatty  : uid=1000(system) Binder:1306_E expire 2 lines
05-26 15:12:39.117  1306  2206 I chatty  : uid=1000(system) NetdConnector expire 2 lines
05-26 15:12:39.128  1306  1447 I chatty  : uid=1000(system) android.anim expire 7 lines
05-26 15:12:39.230  2340  2340 V KeyguardDisplayManager: hide
05-26 15:12:39.233  2340  2340 W KeyguardViewMediator: callback -> onShowingStateChanged.
05-26 15:12:39.239  2528  3084 D FaceRecognizeService: FaceRecognizeService cancelAuthentication client uid = 10039, cancelAuthentication client pid = 2340 callingUserId = 0
05-26 15:12:39.241  2528  3118 D FaceRecognizeService: isMainUser in-userId = 0 currentUserId = 0
05-26 15:12:39.241  2528  3118 D FaceRecognizeService: stopCurrentCmd initByClient = true
05-26 15:12:39.242  2528  3118 D FaceRecognizeAuthCmd: doStop daemon return value = 0 userId = 0
05-26 15:12:39.242  2528  3118 D FaceRecognizeAuthCmd: authenticate cmd doStop end error code = 0
05-26 15:12:39.242  2528  3118 D FaceRecognizeBaseCmd: processHalReturnedResult ERROR CODE =  success 
05-26 15:12:39.242  2528  2896 D FaceRecognizeService: onAuthenticationResult userId = 0 errorCode = 2
05-26 15:12:39.242  2528  2896 D FaceRecognizeService: onCancel type = 2
05-26 15:12:39.243  2528  3118 D FaceRecognizeAuthCmd: onMessage EVNET = authenticate result  para1= 0 para2 = 2
05-26 15:12:39.243  2528  3118 D FaceRecognizeAuthCmd: onAuthenticated userId = 0 errorcode is  canceled 
05-26 15:12:39.243  2528  3118 D FaceRecognizeAuthCmd: reportBigData {"callPkg":"com.android.systemui","sdkVersion":"1.0","callType":"0","result":"0","errorCode":"2","runTime":"611","authAcquireInfo":"5","authLastAcquireInfo":"5"}
05-26 15:12:39.243  2528  3118 D FaceRecognizeAuthCmd: screen lighter is stop
05-26 15:12:39.243  2528  3118 E FaceRecognizeService: handleMessage EVT = 3
05-26 15:12:39.243  2528  3118 D FaceRecognizeAuthCmd: onMessage EVNET = cancel result para1= 2 para2 = 0
05-26 15:12:39.243  2528  3118 D FaceRecognizeAuthCmd: Receive authenticate cancel ok message
05-26 15:12:39.243  2528  3118 D FaceRecognizeBaseCmd: onFinish errorCode =  canceled  mSendResult = false mActiveCancel = true
05-26 15:12:39.243  2528  3118 D FaceRecognizeAuthCmd: send auth CancelResult
05-26 15:12:39.278  1306  9567 I chatty  : uid=1000(system) Binder:1306_17 expire 4 lines
05-26 15:12:39.283  2340  2645 I BackgroundPermManager: pkgName: com.android.systemui,pid: 2340 ,uidOf3RdApk: 10039 ,permType: 0 ,permCfg: 0
05-26 15:12:39.355  1306  1328 I chatty  : uid=1000(system) ActivityManager expire 1 line
05-26 15:12:39.367  1306 10282 I chatty  : uid=1000(system) Binder:1306_1B expire 1 line
05-26 15:12:39.377  1306  1466 I chatty  : uid=1000(system) HeartBeatHandle expire 8 lines
05-26 15:12:39.643  1306  4767 I chatty  : uid=1000(system) Binder:1306_13 expire 37 lines
05-26 15:12:39.656  1306  2284 I chatty  : uid=1000(system) PhotonicModulat expire 14 lines
05-26 15:12:39.691  1306  1342 I chatty  : uid=1000(system) PowerManagerSer expire 2 lines
05-26 15:12:39.708  2528  2858 I HidataAppQoeP: handleStateChanged reason=6
05-26 15:12:39.708  2528  2858 I BrowserChrP: handleStateChanged
05-26 15:12:39.721  1306  1328 I chatty  : uid=1000(system) ActivityManager expire 12 lines
05-26 15:12:39.866  1306  1306 I chatty  : uid=1000 system_server expire 20 lines
05-26 15:12:39.874  1306  2218 I chatty  : uid=1000(system) WifiP2pService expire 3 lines
05-26 15:12:40.051  1306  6484 I chatty  : uid=1000(system) Binder:1306_16 expire 17 lines
05-26 15:12:40.138  1306  4064 I chatty  : uid=1000(system) Binder:1306_E expire 18 lines
05-26 15:12:40.451  1306  1329 I chatty  : uid=1000(system) android.ui expire 39 lines
