06-16 22:03:10.619   717  2738 I AwareLog: HiberManagerService::getReclaimResult:reclaim_kb=9812, swap_kb=9384, swap_us=126853
06-16 22:03:10.619   717  2738 I AwareLog: HibStrategy::HibStrategySwapCandidateProcessRemove packagename is com.android.mms
06-16 22:03:10.619   717  2738 I AwareLog: HiberManagerService::sendMessagetoHiberTask successful
06-16 22:03:10.675  1296  1533 I chatty  : uid=1000(system) HwSelfCureEngin expire 3 lines
06-16 22:03:10.683 31101 31494 E qyapm-agent: totalMem:38, maxMem:512
06-16 22:03:10.764  1816  3097 D NcDft_ServiceImpl: notifyNcDftEvent domain is : 1 ;eventID is: 1121 ;bundle is Bundle[mParcelledData.dataSize=84]
06-16 22:03:10.765  1816  1987 D HwWifiCHRStateManager: handleMessage : 1121
06-16 22:03:10.765  1816  1987 E HwCHRWifiRSSIGroupSummery: updatArpSummery mRSSI:-1  HwCHRWifiRSSIGroup [rssi_index=4, rtt_tcp_packets=0, rtt_tcp_duration=0, rtt_lan_duration=53208, rtt_lan_failures=1, rtt_lan_succ=941, rtt_lan_max=563, rtt_lan_min=1,same_area_frequency=0,adjacent_area_frequency=0]
06-16 22:03:10.822 31101 31345 E multisource: HCDN_LOG: [2019-06-16 22:03:10.822][T:31345]UpdateMaxSpeed TOTAL => play speed:0[len:0, tm:0], offline speed:0[len:0, tm:0], predeploy speed:0[len:0, tm:0], m_maxDownloadSpeed:0

06-16 22:03:10.823 31864 31962 E multisource: HCDN_LOG: [2019-06-16 22:03:10.822][T:31962]UpdateMaxSpeed TOTAL => play speed:0[len:0, tm:0], offline speed:0[len:0, tm:0], predeploy speed:0[len:0, tm:0], m_maxDownloadSpeed:0

06-16 22:03:10.827 31537 31743 E multisource: HCDN_LOG: [2019-06-16 22:03:10.826][T:31743]UpdateMaxSpeed TOTAL => play speed:0[len:0, tm:0], offline speed:0[len:0, tm:0], predeploy speed:0[len:0, tm:0], m_maxDownloadSpeed:0

06-16 22:03:11.179  1593  1593 I chatty  : uid=1000(system) com.huawei.systemserver expire 10 lines
06-16 22:03:11.179  1593  1817 I HidataAppQoeP: handleStateChanged reason=6
06-16 22:03:11.179  1593  1817 I BrowserChrP: handleStateChanged
06-16 22:03:11.183  1639  1873 I HwMobileSignalController(0): subId:0 phoneType:1 networktype:13 targetClass:3 masterLevel:5 slaveLevel:-1
06-16 22:03:11.645  1296  1554 I chatty  : uid=1000(system) HuaweiWifiWatch expire 15 lines
06-16 22:03:11.646  1296  4119 I chatty  : uid=1000 system_server expire 3 lines
06-16 22:03:11.651  1296  5608 I chatty  : uid=1000(system) MobileQosDetect expire 5 lines
06-16 22:03:11.986  1836  2792 D TelephonyManager: getAllCellInfo calling app is com.huawei.msdp
06-16 22:03:11.991  1868  2922 W PhoneInterfaceManager: shouldBlockLocation running ...
06-16 22:03:11.992  1868  2922 I PhoneInterfaceManager: shouldBlockLocation  ret:false
06-16 22:03:11.998  1836  2792 D ARMoudle.HwActivityRecognition: getCurrentActivityExtend
06-16 22:03:11.999   577  2161 I ArHal   : (ar_data_get_state:1229):id[2]
06-16 22:03:12.002  1836  2792 D ARMoudle.HwActivityRecognition: hwActivityEvent:[ ActivityChangedExtendEvent:
06-16 22:03:12.002  1836  2792 D ARMoudle.HwActivityRecognition:     Activity='android.activity_recognition.unknown', EventType=1, TimestampNs=93561415409809, Confidence=-1
06-16 22:03:12.002  1836  2792 D ARMoudle.HwActivityRecognition: ]
06-16 22:03:12.009 17842 17863 D OsUtil  : hasStrictRequiredPermissions run true
06-16 22:03:12.011  1868  2922 D WorkSource: i1=0 i2=0 N1=1: insert 1000 android.uid.system:1000
06-16 22:03:12.011  1868  2922 D WorkSource: Insert in WorkSource{10019 com.huawei.intelligent} @ 0 uid 1000 name android.uid.system:1000
06-16 22:03:12.018 17842 17863 D FLTAG_SC: startService from Intent: Intent { cmp=com.android.mms/.transaction.TransactionService }
06-16 22:03:12.018 17842 17863 I FLTAG_FM: getRequireFeature it maybe not in a feature:com.android.mms.transaction.TransactionService
06-16 22:03:12.018 17842 17863 D FLTAG_SC: Feature cannot been obtained
06-16 22:03:12.018 17842 17863 D FLTAG_SC: Cannot resolve service information : Intent { cmp=com.android.mms/.transaction.TransactionService }
06-16 22:03:12.032  1296  1475 I chatty  : uid=1000(system) HwNcChrServiceI expire 4 lines
06-16 22:03:12.038  1836  2792 I iMonitor: create: 942023000
06-16 22:03:12.042  1836  2792 I iMonitor: send: 942023000
06-16 22:03:12.061  3685  3731 D TelephonyManager: getAllCellInfo calling app is com.huawei.hiai
06-16 22:03:12.064  3946  3946 D AwareBitmapCacher: handleInit disable com.google.android.gms.ui
06-16 22:03:12.066  1868  2922 W PhoneInterfaceManager: shouldBlockLocation running ...
06-16 22:03:12.066  1868  2922 I PhoneInterfaceManager: shouldBlockLocation  ret:false
06-16 22:03:12.075  3685  3731 I NetworkUtils:   CAWARENESS: slot: 0 size: 1 : 5
06-16 22:03:12.076  3685  3731 E LocationReport:   CAWARENESS: onCellIdChange() lastStatus = other need't report
06-16 22:03:12.085 17842 17842 V Mms_TXM_SVC: Creating TransactionService
06-16 22:03:12.086 17842 17842 V Mms_TXM_SVC: Start TransactionService handler thread
06-16 22:03:12.094 17842 17842 V Mms_TXM_SVC: Register connectivity broadcast
06-16 22:03:12.113 17842 17842 I Mms_TXM_SVC: onStartCommand send EVENT_NEW_INTENT. service-id 1
06-16 22:03:12.114 17842 17842 W Mms_TXM_SVC: ConnectivityBroadcastReceiver.onReceive() action: android.net.conn.CONNECTIVITY_CHANGE
06-16 22:03:12.115 17842 17842 V Mms_TXM_SVC: mConnMgr is null, bail
06-16 22:03:12.115 17842 17842 V Mms_TXM_SVC: MSG_APP_Handle ConnectivityBroadcastReceiver.onReceive(): null
06-16 22:03:12.115 17842  4120 V Mms_TXM_SVC: Handling incoming message: { when=-2ms what=5 arg1=1 obj=Intent { cmp=com.android.mms/.transaction.TransactionService } target=com.android.mms.transaction.TransactionService$ServiceHandler } = EVENT_NEW_INTENT
06-16 22:03:12.116 17842 17842 V Mms_TXM_SVC: MSG_APP_mms type is null or mobile data is turned off, bail
06-16 22:03:12.131 17842  4120 D Mms     : isWifiCallingAvailable = false isImsRegistered = true
06-16 22:03:12.135 17842  4120 D Mms     : card subscription = 0 is isRoaming false
06-16 22:03:12.139 17842  4120 V Mms_TXM_SVC:     networkAvailable=true
06-16 22:03:12.145  1639  1639 D StatusBarIconController: setIconVisibility icon is null or visibility not change visibility=false
06-16 22:03:12.145  1639  1639 D NetWorkUtils: mVSimCurCardType is -1
06-16 22:03:12.145  1639  1639 E ndroid.systemu: Invalid ID 0x00000000.
06-16 22:03:12.145  1639  1639 E HwNotchUtils: setIconForView iconId is not found
06-16 22:03:12.145  1639  1639 D StatusBarIconController: setIconVisibility icon is null or visibility not change visibility=false
06-16 22:03:12.146  1639  1639 D NetWorkUtils: mVSimCurCardType is -1
06-16 22:03:12.146  1639  1639 E ndroid.systemu: Invalid ID 0x00000000.
06-16 22:03:12.146  1639  1639 E HwNotchUtils: setIconForView iconId is not found
06-16 22:03:12.146  1639  1639 D StatusBarIconController: setIconVisibility icon is null or visibility not change visibility=false
06-16 22:03:12.146  1639  1639 D NetWorkUtils: mVSimCurCardType is -1
06-16 22:03:12.146  1639  1639 E ndroid.systemu: Invalid ID 0x00000000.
06-16 22:03:12.146  1639  1639 E HwNotchUtils: setIconForView iconId is not found
06-16 22:03:12.183 17842  4120 V Mms_TXM_SVC: onNewIntent: cursor.count=0 action=null
06-16 22:03:12.183 17842  4120 V Mms_TXM_SVC: onNewIntent: no pending messages. Stopping service.
06-16 22:03:12.237 17842  4120 V Mms_TXM_SVC: stopSelfIfIdle: STOP!
06-16 22:03:12.242 17842 17842 V Mms_TXM_SVC: Destroying TransactionService
06-16 22:03:12.243 17842  4120 V Mms_TXM_SVC: Handling incoming message: { when=0 what=100 target=com.android.mms.transaction.TransactionService$ServiceHandler } = EVENT_QUIT
06-16 22:03:12.243  3972  3972 D AwareBitmapCacher: handleInit disable com.huawei.android.dsdscardmanager
06-16 22:03:12.275  1816  2023 D HwWifiStatStore: handleMessage : 200
06-16 22:03:12.383  4000  4000 D AwareBitmapCacher: handleInit disable com.huawei.android.hwouc
06-16 22:03:12.433   612   612 E WifiHAL : enter wifi_get_link_stats
06-16 22:03:12.673  1296 20279 I chatty  : uid=1000(system) Binder:1296_11 expire 2 lines
06-16 22:03:12.726   568   645 D         : Received kernel message payload: chr_event 9
06-16 22:03:12.726   568   645 I         : netd received web stat infomation,trigger chr report!
06-16 22:03:12.726   568   645 I         : netd received web stat infomation,trigger chr report!
06-16 22:03:12.726   568   645 I         : ReportType 0 0 0 0 0 0 0 0 0 0 0 0 0 0 0 0 0 0 0 0 0 0 0 0 0 0 0 0 0 0 0 0 0 0 0 0 0 0 0 0 0 0 0 0 0 0 0 0 0 0 0 0 0 0 0 0 0 0 0 0 0 0 0 0 0 0 0 0 0 0 0 0 0 0 0 0 0 0 0 0 0 0 0 0 0 0 0 0 0 0 0 0 0 0 0 0 0 0 0 0 0 0 0 0 0 0 0 0 0 0 0 0 0 0 0 0 0 0 0 0 0 0 0 0 0 0 0 0 0 0 0 0 0 0 0 0 0 0 0 0 0 0 0 0 0 0 0 0 0 0 0 0 0 0 0 0 0 0 0 0 0 0 0 0 0 0 0 0 0 0 0 0 0 0 0 0 0 0 0 0 0 0 0 0 0 0 0 0 0 0 0 0 0 0 0 0 0 0 0 0 0 0 0 0 0 0 0 0 0 0 0 0 0 0 0 0 0 0 0 0 0 0 0 0 0 0 0 0 0 ReportType 0 344 560 2 0 2 4 7 1 0 1 0 0 0 5 2 0 0 0 3 0 0 0 0 0 0 0 0 0 0 0 0 0 0 0 0 0 0 0 0 0 0 0 0 0 0 0 0 0 0 0 0 0 0 0 0 0 0 0 0 42 88 1 0 1 2 1 1 1 0 0 0 0 0 1 0 0 0 0 0 0 0 0 0 0 0 0 0 0 0 0 0 0 0 0 0 0 0 0 0 0 0 0 0 0 0 0 0 0 0 0 0 0 0 0 0 0 0 0 0 0 0 0 0 0 0 0 0 0 0 0 0 0 0 0 0 0 0 0 0 0 0 0 0 0 0 0 0 0 0 0 0 0 0 0 0 0 0 0 0 0 0 0 0 0 0 0 0 0 0 0 0 0 0 86 0 0 0 0 0 2 0 0 0 0 0 0 0 2 0 0 0 0 0 0 0 0 0 0 0 0 0 0 0 0 0 0 0 0 0 0 0 71 41 60 472 88 472 0 0 0 0 0 0 0 0 148 8 3
06-16 22:03:12.726   568   645 W SocketListener: sending broadcast to Pid = 1296, Uid = 1000 
06-16 22:03:12.729  1296  1467 D NetdConnector: RCV <- {661 ReportType 0 0 0 0 0 0 0 0 0 0 0 0 0 0 0 0 0 0 0 0 0 0 0 0 0 0 0 0 0 0 0 0 0 0 0 0 0 0 0 0 0 0 0 0 0 0 0 0 0 0 0 0 0 0 0 0 0 0 0 0 0 0 0 0 0 0 0 0 0 0 0 0 0 0 0 0 0 0 0 0 0 0 0 0 0 0 0 0 0 0 0 0 0 0 0 0 0 0 0 0 0 0 0 0 0 0 0 0 0 0 0 0 0 0 0 0 0 0 0 0 0 0 0 0 0 0 0 0 0 0 0 0 0 0 0 0 0 0 0 0 0 0 0 0 0 0 0 0 0 0 0 0 0 0 0 0 0 0 0 0 0 0 0 0 0 0 0 0 0 0 0 0 0 0 0 0 0 0 0 0 0 0 0 0 0 0 0 0 0 0 0 0 0 0 0 0 0 0 0 0 0 0 0 0 0 0 0 0 0 0 0 0 0 0 0 0 0 0 0 0 0 0 0 0 0 0 0 0 0 ReportType 0 344 560 2 0 2 4 7 1 0 1 0 0 0 5 2 0 0 0 3 0 0 0 0 0 0 0 0 0 0 0 0 0 0 0 0 0 0 0 0 0 0 0 0 0 0 0 0 0 0 0 0 0 0 0 0 0 0 0 0 42 88 1 0 1 2 1 1 1 0 0 0 0 0 1 0 0 0 0 0 0 0 0 0 0 0 0 0 0 0 0 0 0 0 0 0 0 0 0 0 0 0 0 0 0 0 0 0 0 0 0 0 0 0 0 0 0 0 0 0 0 0 0 0 0 0 0 0 0 0 0 0 0 0 0 0 0 0 0 0 0 0 0 0 0 0 0 0 0 0 0 0 0 0 0 0 0 0 0 0 0 0 0 0 0 0 0 0 0 0 0 0 0 0 86 0 0 0 0 0 2 0 0 0 0 0 0 0 2 0 0 0 0 0 0 0 0 0 0 0 0 0 0 0 0 0 0 0 0 0 0 0 71 41 60 472 88 472 0 0 0 0 0 0 0 0 148 8 3}
06-16 22:03:12.731  1296  1467 D NetdConnector: RCV <- {661 ReportType 0 0 0 0 0 0 0 0 0 0 0 0 0 0 0 0 0 0 0 0 0 0 0 0 0 0 0 0 0 0 0 0 0 0 0 0 0 0 0 0 0 0 0 0 0 0 0 0 0 0 0 0 0 0 0 0 0 0 0 0 0 0 0 0 0 0 0 0 0 0 0 0 0 0 0 0 0 0 0 0 0 0 0 0 0 0 0 0 0 0 0 0 0 0 0 0 0 0 0 0 0 0 0 0 0 0 0 0 0 0 0 0 0 0 0 0 0 0 0 0 0 0 0 0 0 0 0 0 0 0 0 0 0 0 0 0 0 0 0 0 0 0 0 0 0 0 0 0 0 0 0 0 0 0 0 0 0 0 0 0 0 0 0 0 0 0 0 0 0 0 0 0 0 0 0 0 0 0 0 0 0 0 0 0 0 0 0 0 0 0 0 0 0 0 0 0 0 0 0 0 0 0 0 0 0 0 0 0 0 0 0 0 0 0 0 0 0 0 0 0 0 0 0 0 0 0 0 0 0 ReportType 0 344 560 2 0 2 4 7 1 0 1 0 0 0 5 2 0 0 0 3 0 0 0 0 0 0 0 0 0 0 0 0 0 0 0 0 0 0 0 0 0 0 0 0 0 0 0 0 0 0 0 0 0 0 0 0 0 0 0 0 42 88 1 0 1 2 1 1 1 0 0 0 0 0 1 0 0 0 0 0 0 0 0 0 0 0 0 0 0 0 0 0 0 0 0 0 0 0 0 0 0 0 0 0 0 0 0 0 0 0 0 0 0 0 0 0 0 0 0 0 0 0 0 0 0 0 0 0 0 0 0 0 0 0 0 0 0 0 0 0 0 0 0 0 0 0 0 0 0 0 0 0 0 0 0 0 0 0 0 0 0 0 0 0 0 0 0 0 0 0 0 0 0 0 86 0 0 0 0 0 2 0 0 0 0 0 0 0 2 0 0 0 0 0 0 0 0 0 0 0 0 0 0 0 0 0 0 0 0 0 0 0 71 41 60 472 88 472 0 0 0 0 0 0 0 0 148 8 3}
06-16 22:03:12.733  1296  1323 D NetdConnector: RCV unsolicited event from native daemon, event = 661
06-16 22:03:12.740  1296  1323 D HwNetworkManagementService: onEvent receive Web Stat Report:661 ReportType 0 0 0 0 0 0 0 0 0 0 0 0 0 0 0 0 0 0 0 0 0 0 0 0 0 0 0 0 0 0 0 0 0 0 0 0 0 0 0 0 0 0 0 0 0 0 0 0 0 0 0 0 0 0 0 0 0 0 0 0 0 0 0 0 0 0 0 0 0 0 0 0 0 0 0 0 0 0 0 0 0 0 0 0 0 0 0 0 0 0 0 0 0 0 0 0 0 0 0 0 0 0 0 0 0 0 0 0 0 0 0 0 0 0 0 0 0 0 0 0 0 0 0 0 0 0 0 0 0 0 0 0 0 0 0 0 0 0 0 0 0 0 0 0 0 0 0 0 0 0 0 0 0 0 0 0 0 0 0 0 0 0 0 0 0 0 0 0 0 0 0 0 0 0 0 0 0 0 0 0 0 0 0 0 0 0 0 0 0 0 0 0 0 0 0 0 0 0 0 0 0 0 0 0 0 0 0 0 0 0 0 0 0 0 0 0 0 0 0 0 0 0 0 0 0 0 0 0 0 ReportType 0 344 560 2 0 2 4 7 1 0 1 0 0 0 5 2 0 0 0 3 0 0 0 0 0 0 0 0 0 0 0 0 0 0 0 0 0 0 0 0 0 0 0 0 0 0 0 0 0 0 0 0 0 0 0 0 0 0 0 0 42 88 1 0 1 2 1 1 1 0 0 0 0 0 1 0 0 0 0 0 0 0 0 0 0 0 0 0 0 0 0 0 0 0 0 0 0 0 0 0 0 0 0 0 0 0 0 0 0 0 0 0 0 0 0 0 0 0 0 0 0 0 0 0 0 0 0 0 0 0 0 0 0 0 0 0 0 0 0 0 0 0 0 0 0 0 0 0 0 0 0 0 0 0 0 0 0 0 0 0 0 0 0 0 0 0 0 0 0 0 0 0 0 0 86 0 0 0 0 0 2 0 0 0 0 0 0 0 2 0 0 0 0 0 0 0 0 0 0 0 0 0 0 0 0 0 0 0 0 0 0 0 71 41 60 472 88 472 0 0 0 0 0 0 0 0 148 8 3
06-16 22:03:12.741  1296  1323 W ContextImpl: Calling a method in the system process without a qualified user: android.app.ContextImpl.sendBroadcast:1172 com.android.server.HwNetworkManagementService.sendWebStatMessage:1112 com.android.server.HwServiceFactoryImpl$HwNetworkManagementServiceImpl.sendWebStatMessage:737 com.android.server.NetworkManagementService$NetdCallbackReceiver.onEvent:1095 com.android.server.NativeDaemonConnector.handleMessage:176 
06-16 22:03:12.743  1296  1323 I chatty  : uid=1000(system) android.fg expire 5 lines
06-16 22:03:12.746  1816  2023 D HwWifiStatStore: handleMessage : 2011
06-16 22:03:12.746  1816  2023 D HwWifiStatStore: handleWebStatReport data is: Bundle[{HighestWebDelay=472, LowestWebDelay=88, VideoAvgSpeed=0, DelayL1=1, DelayL2=0, DelayL3=1, DelayL4=0, DelayL5=0, DelayL6=0, VideoFreezNum=0, VideoTime=0, AccVideoTime=0, TotalNum=4, WebDelay=560, TcpSuccNum=3, ReportType=0, LastTcpRTT=60, AccVideoAvgSpeed=0, SuccNum=2, RTT=344, TcpTotalNum=7, RTTL1=5, RTTL2=2, RTTL3=0, RTTL4=0, RTTL5=0, tcp_handshake_delay=148, ServerAddr=0, NoAckNum=2, HighestTcpRTT=71, LowestTcpRTT=41, FailNum=0, AccVideoFreezNum=0, RTTAbnServerAddr=0, http_get_delay=8, LastWebDelay=472}]
06-16 22:03:12.755  4024  4024 D AwareBitmapCacher: handleInit system app disable uid=1000
06-16 22:03:13.148  1639  1639 D StatusBarIconController: setIconVisibility icon is null or visibility not change visibility=false
06-16 22:03:13.148  1639  1639 D NetWorkUtils: mVSimCurCardType is -1
06-16 22:03:13.151  1639  1639 D StatusBarIconController: setIconVisibility icon is null or visibility not change visibility=false
06-16 22:03:13.151  1639  1639 D NetWorkUtils: mVSimCurCardType is -1
06-16 22:03:13.152  1639  1639 D StatusBarIconController: setIconVisibility icon is null or visibility not change visibility=false
06-16 22:03:13.152  1639  1639 D NetWorkUtils: mVSimCurCardType is -1
06-16 22:03:13.156  4064  4064 D AwareBitmapCacher: handleInit disable com.huawei.tips
06-16 22:03:13.373  1296  1432 D HwBatteryService: onUEvent fcpStatus = 0,scpStatus =0,ovpStatus=0
06-16 22:03:13.374  1296  1432 I HwBatteryService: quick charge status : 0
06-16 22:03:13.374  1296  1432 I HwBatteryService: handleWirelessTxStatus
06-16 22:03:13.374  1296  1432 I HwBatteryService: switch not open, return, mWirelessTxFlag : 0
06-16 22:03:13.377  1296  1432 I UsbDeviceManager: water_intrused state= 0
06-16 22:03:13.379  1639  1639 I Net.20880NetworkSpeedMa: mIsStop = false
06-16 22:03:13.380  1639  1873 I Net.20881NetworkSpeedMa:  runInThread getTetherStats
06-16 22:03:13.384  1639  1639 I Net.20881NetworkSpeedMa:  runInUI refreshSpeed
06-16 22:03:13.385  1639  1639 I Net.20881NetworkSpeedMa: value=595.3333speed = 595B/smIsShowLastSpeedValuefalse
06-16 22:03:13.385  1639  1639 I NetworkSpeedView: /update(), speed=595B/s
06-16 22:03:13.388  1639  1639 I NetworkSpeedView: /update(), speed=595B/s
06-16 22:03:13.403  1296  5041 I BatteryService: normal charge status : 1
06-16 22:03:13.412  1639  1639 D KeyguardUpdateMonitor: received broadcast android.intent.action.BATTERY_CHANGED
06-16 22:03:13.412  1639  1639 W KeyguardUpdateMonitor: ACTION_BATTERY_CHANGED AMP: 1400000; Volt: 4700000
06-16 22:03:13.412  1639  1639 I KgBattery: (last-new)Status: 1 -> 1, chargeState=1 * branch=5
06-16 22:03:13.412  1639  1639 V KeyguardUpdateMonitor: RefreshBatteryInfo isBatteryLow: 53
06-16 22:03:13.412  1639  1639 W KeyguardUpdateMonitor: ChargingSpeed  Wattage: 6580000 ST: 5000000 --> 7500000
06-16 22:03:13.412  1639  1639 I KgBattery: BatteryInfo updated:  2lPc1
06-16 22:03:13.412  1639  1639 W AppHandler: sendMessage with obj100
06-16 22:03:13.412  1639  1639 D KeyguardUpdateMonitor: handleBatteryUpdate
06-16 22:03:13.413  1639  1639 W HwLockScreenPanel: refreshBatteryInfo: null
06-16 22:03:13.413  1639  1639 W HwLockScreenPanel: Handle message: 100
06-16 22:03:13.413  1639  1639 W HwKgdBArea_BTY: updateBatteryInfo : false  true
06-16 22:03:13.414  1639  1925 I KeyguardUtils: fpPath=sys/class/hw_power/charger/charge_data/chargerType, value=1
06-16 22:03:13.415  1639  1925 I chatty  : uid=10039(com.huawei.HwMultiScreenShot) KG_Background_H identical 1 line
06-16 22:03:13.415  1639  1925 I KeyguardUtils: fpPath=sys/class/hw_power/charger/charge_data/chargerType, value=1
06-16 22:03:13.415  1639  1925 D KgBattery: BatteryInfo2: false; true; true; false; false; true
06-16 22:03:13.415  1639  1925 W KgBattery: getCharge info with type: text
06-16 22:03:13.424  1852  1852 I chatty  : uid=1000(system) com.huawei.powergenie expire 9 lines
06-16 22:03:13.434  1639  1925 I KeyguardUtils: fpPath=sys/class/hw_power/charger/charge_data/chargerType, value=1
06-16 22:03:13.437  1639  1925 W ExHandler: KG_Background_Handle_Thread running too long, use 25  { when=-25ms callback=com.android.keyguard.hwlockscreen.magazine.MagazineDetailView$3 target=com.huawei.keyguard.basetype.ExHandler }
06-16 22:03:13.470  3194  3194 E FusionFuelSdk: failed to load IFusionFuelSdkBridge
06-16 22:03:13.470  3194  3194 E FusionFuelSdk: java.lang.ClassNotFoundException: com.rocket.android.conversation.fusion.fuel.FusionFuelSdkBridge
06-16 22:03:13.470  3194  3194 E FusionFuelSdk: 	at java.lang.Class.classForName(Native Method)
06-16 22:03:13.470  3194  3194 E FusionFuelSdk: 	at java.lang.Class.forName(Class.java:453)
06-16 22:03:13.470  3194  3194 E FusionFuelSdk: 	at java.lang.Class.forName(Class.java:378)
06-16 22:03:13.470  3194  3194 E FusionFuelSdk: 	at com.rocket.android.api.FusionFuelSdk.loadClass(SourceFile:111)
06-16 22:03:13.470  3194  3194 E FusionFuelSdk: 	at com.rocket.android.api.FusionFuelSdk.loadBridgeIfNeed(SourceFile:102)
06-16 22:03:13.470  3194  3194 E FusionFuelSdk: 	at com.rocket.android.api.FusionFuelSdk.isFusionFuelAvailable(SourceFile:95)
06-16 22:03:13.470  3194  3194 E FusionFuelSdk: 	at com.ss.android.article.news.d.a.a.run(SourceFile:28)
06-16 22:03:13.470  3194  3194 E FusionFuelSdk: 	at com.ss.android.article.base.feature.main.task.o$1.queueIdle(SourceFile:36)
06-16 22:03:13.470  3194  3194 E FusionFuelSdk: 	at com.ss.android.article.base.feature.main.task.e.queueIdle(SourceFile:55)
06-16 22:03:13.470  3194  3194 E FusionFuelSdk: 	at android.os.MessageQueue.next(MessageQueue.java:494)
06-16 22:03:13.470  3194  3194 E FusionFuelSdk: 	at android.os.Looper.loop(Looper.java:169)
06-16 22:03:13.470  3194  3194 E FusionFuelSdk: 	at android.app.ActivityThread.main(ActivityThread.java:7539)
06-16 22:03:13.470  3194  3194 E FusionFuelSdk: 	at java.lang.reflect.Method.invoke(Native Method)
06-16 22:03:13.470  3194  3194 E FusionFuelSdk: 	at com.android.internal.os.RuntimeInit$MethodAndArgsCaller.run(RuntimeInit.java:524)
06-16 22:03:13.470  3194  3194 E FusionFuelSdk: 	at com.android.internal.os.ZygoteInit.main(ZygoteInit.java:958)
06-16 22:03:13.470  3194  3194 E FusionFuelSdk: Caused by: java.lang.ClassNotFoundException: Didn't find class "com.rocket.android.conversation.fusion.fuel.FusionFuelSdkBridge" on path: DexPathList[[zip file "/data/user/0/com.ss.android.article.news/files/webview_bytedance/465a7208089cd578ae3769274e1dd40c_md5/libbytedanceweb.apk", dex file "/data/user/0/com.ss.android.article.news/files/webview_bytedance/465a7208089cd578ae3769274e1dd40c_md5/classes.dex", zip file "/system/framework/org.apache.http.legacy.boot.jar", zip file "/data/app/com.ss.android.article.news-B9PRImayyLdfa5UaK9u4DA==/base.apk"],nativeLibraryDirectories=[/data/app/com.ss.android.article.news-B9PRImayyLdfa5UaK9u4DA==/lib/arm, /data/app/com.ss.android.article.news-B9PRImayyLdfa5UaK9u4DA==/base.apk!/lib/armeabi, /system/lib, /product/lib]]
06-16 22:03:13.470  3194  3194 E FusionFuelSdk: 	at dalvik.system.BaseDexClassLoader.findClass(BaseDexClassLoader.java:134)
06-16 22:03:13.470  3194  3194 E FusionFuelSdk: 	at java.lang.ClassLoader.loadClass(ClassLoader.java:379)
06-16 22:03:13.470  3194  3194 E FusionFuelSdk: 	at java.lang.ClassLoader.loadClass(ClassLoader.java:312)
06-16 22:03:13.470  3194  3194 E FusionFuelSdk: 	... 15 more
06-16 22:03:13.637 31101  4102 W System.err: java.net.SocketTimeoutException: Read timed out
06-16 22:03:13.640 31101  4102 W System.err: 	at java.net.SocketInputStream.socketRead0(Native Method)
06-16 22:03:13.640 31101  4102 W System.err: 	at java.net.SocketInputStream.socketRead(SocketInputStream.java:119)
06-16 22:03:13.640 31101  4102 W System.err: 	at java.net.SocketInputStream.read(SocketInputStream.java:176)
06-16 22:03:13.640 31101  4102 W System.err: 	at java.net.SocketInputStream.read(SocketInputStream.java:144)
06-16 22:03:13.640 31101  4102 W System.err: 	at org.apache.http.impl.io.AbstractSessionInputBuffer.fillBuffer(AbstractSessionInputBuffer.java:108)
06-16 22:03:13.640 31101  4102 W System.err: 	at org.apache.http.impl.io.AbstractSessionInputBuffer.readLine(AbstractSessionInputBuffer.java:196)
06-16 22:03:13.640 31101  4102 W System.err: 	at org.apache.http.impl.conn.DefaultResponseParser.parseHead(DefaultResponseParser.java:88)
06-16 22:03:13.640 31101  4102 W System.err: 	at org.apache.http.impl.io.AbstractMessageParser.parse(AbstractMessageParser.java:179)
06-16 22:03:13.640 31101  4102 W System.err: 	at org.apache.http.impl.AbstractHttpClientConnection.receiveResponseHeader(AbstractHttpClientConnection.java:185)
06-16 22:03:13.640 31101  4102 W System.err: 	at org.apache.http.impl.conn.DefaultClientConnection.receiveResponseHeader(DefaultClientConnection.java:240)
06-16 22:03:13.640 31101  4102 W System.err: 	at org.apache.http.impl.conn.AbstractClientConnAdapter.receiveResponseHeader(AbstractClientConnAdapter.java:264)
06-16 22:03:13.640 31101  4102 W System.err: 	at org.apache.http.protocol.HttpRequestExecutor.doReceiveResponse(HttpRequestExecutor.java:284)
06-16 22:03:13.640 31101  4102 W System.err: 	at org.apache.http.protocol.HttpRequestExecutor.execute(HttpRequestExecutor.java:126)
06-16 22:03:13.640 31101  4102 W System.err: 	at org.apache.http.impl.client.DefaultRequestDirector.execute(DefaultRequestDirector.java:442)
06-16 22:03:13.640 31101  4102 W System.err: 	at org.apache.http.impl.client.AbstractHttpClient.execute(AbstractHttpClient.java:596)
06-16 22:03:13.640 31101  4102 W System.err: 	at org.apache.http.impl.client.AbstractHttpClient.execute(AbstractHttpClient.java:517)
06-16 22:03:13.640 31101  4102 W System.err: 	at org.apache.http.impl.client.AbstractHttpClient.execute(AbstractHttpClient.java:495)
06-16 22:03:13.640 31101  4102 W System.err: 	at com.iqiyi.impushservice.d.con.wo(Unknown Source:39)
06-16 22:03:13.641 31101  4102 W System.err: 	at com.iqiyi.impushservice.d.con.tj(Unknown Source:0)
06-16 22:03:13.641 31101  4102 W System.err: 	at com.iqiyi.impushservice.d.con.m(Unknown Source:4)
06-16 22:03:13.641 31101  4102 W System.err: 	at com.iqiyi.impushservice.c.com3.run(Unknown Source:332)
06-16 22:03:13.641 31101  4102 W System.err: 	at java.lang.Thread.run(Thread.java:784)
06-16 22:03:13.643 31101  4102 W System.err: java.lang.NullPointerException: Attempt to invoke virtual method 'int java.lang.String.length()' on a null object reference
06-16 22:03:13.643 31101  4102 W System.err: 	at org.json.JSONTokener.nextCleanInternal(JSONTokener.java:116)
06-16 22:03:13.643 31101  4102 W System.err: 	at org.json.JSONTokener.nextValue(JSONTokener.java:94)
06-16 22:03:13.643 31101  4102 W System.err: 	at org.json.JSONObject.<init>(JSONObject.java:159)
06-16 22:03:13.644 31101  4102 W System.err: 	at org.json.JSONObject.<init>(JSONObject.java:176)
06-16 22:03:13.644 31101  4102 W System.err: 	at com.iqiyi.impushservice.c.com2.wn(Unknown Source:4)
06-16 22:03:13.644 31101  4102 W System.err: 	at com.iqiyi.impushservice.c.com2.a(Unknown Source:0)
06-16 22:03:13.644 31101  4102 W System.err: 	at com.iqiyi.impushservice.c.com3.run(Unknown Source:561)
06-16 22:03:13.644 31101  4102 W System.err: 	at java.lang.Thread.run(Thread.java:784)
06-16 22:03:13.682 31101 31494 E qyapm-agent: totalMem:38, maxMem:512
06-16 22:03:13.840   865   883 W System  : A resource failed to call close. 
06-16 22:03:13.840   865   883 I StagefrightMediaScannerEx: StagefrightMediaScanner destructor
06-16 22:03:14.040  3194  3285 E LYNX_TT_WEBVIEW: can't get appInfo, try at 5 seconds later! 
06-16 22:03:14.049   721   721 D SensorHub: huawei Hal get step event
06-16 22:03:14.050  1296  1454 I chatty  : uid=1000(system) HWExtMotionServ expire 36 lines
06-16 22:03:14.053  1296  1542 I chatty  : uid=1000(system) HwWMStateMachin expire 3 lines
06-16 22:03:14.061  1593  2206 I chatty  : uid=1000(system) HwStepCounterTh expire 2 lines
06-16 22:03:14.061  1593  2203 I chatty  : uid=1000(system) StepCounterRemo expire 2 lines
06-16 22:03:14.152  1639  1639 D StatusBarIconController: setIconVisibility icon is null or visibility not change visibility=false
06-16 22:03:14.152  1639  1639 D NetWorkUtils: mVSimCurCardType is -1
06-16 22:03:14.153  1639  1639 D StatusBarIconController: setIconVisibility icon is null or visibility not change visibility=false
06-16 22:03:14.153  1639  1639 D NetWorkUtils: mVSimCurCardType is -1
06-16 22:03:14.154  1639  1639 D StatusBarIconController: setIconVisibility icon is null or visibility not change visibility=false
06-16 22:03:14.155  1639  1639 D NetWorkUtils: mVSimCurCardType is -1
06-16 22:03:14.960 31537 31703 I wapm    : has not enter splash
06-16 22:03:15.001  1852  2185 I chatty  : uid=1000(system) actions handler expire 79 lines
06-16 22:03:15.004  1639  1639 D ImageWallpaper: trimMemory
06-16 22:03:15.005  1639  1639 I ImageWallpaper: trimMemory release wallpaper bitmap
06-16 22:03:15.005  1639  1639 D ImageWallpaper: unloadWallpaper forgetSize: true
06-16 22:03:15.210  1296  1314 I ActivityManager: App 10122/com.qiyi.video targets O+, restricted
06-16 22:03:15.210  1296  1314 W ActivityManager: Stopping service due to app idle: u0a122 -16m20s369ms com.qiyi.video/com.iqiyi.video.download.QiyiDownloadCenterService
06-16 22:03:15.214  1296  1296 D JobScheduler: Maybe queuing ready jobs...
06-16 22:03:15.283  1816  2023 D HwWifiStatStore: handleMessage : 200
06-16 22:03:15.459   612   612 E WifiHAL : enter wifi_get_link_stats
06-16 22:03:15.565   712   712 E Thermal-daemon: [battery] temp_new :30  temp_old :29
06-16 22:03:15.566  1852 30889 I chatty  : uid=1000(system) Binder:1852_B expire 10 lines
06-16 22:03:15.569   712   712 E Thermal-daemon: Report temperature: [battery] temp :30  report_threshold:1
06-16 22:03:15.571   712   712 E Thermal-daemon: [ap] temp_new :33  temp_old :34
06-16 22:03:15.573   712   712 E Thermal-daemon: Report temperature: [ap] temp :33  report_threshold:1
06-16 22:03:16.051   577   634 I ArHal   : (ar_data_netlink_cb:815):cmd[2].length[72]
06-16 22:03:16.061  1593  1909 I chatty  : uid=1000(system) HwBinder:1593_1 expire 1 line
06-16 22:03:16.073  3685 13397 I         :   CAWARENESS: sendMotionChangeMsg() do not care motion, return
06-16 22:03:16.074  3685 13397 I         :   CAWARENESS: sendMotionChangeMsg() do not care motion, return
06-16 22:03:16.074  3685 13397 I         :   CAWARENESS: triggerMotionFence() sensorStatusCallbackHashMap eventType is out, do not care.
06-16 22:03:16.075  3685 13397 I         :   CAWARENESS: sendMotionChangeMsg() do not care motion, return
06-16 22:03:16.078  1816  9018 I OPCollectLog: Action:RawARStatus executed successfully
06-16 22:03:16.079  1816  9018 I chatty  : uid=1000(system) Binder:1816_7 identical 1 line
06-16 22:03:16.079  1816  9018 I OPCollectLog: Action:RawARStatus executed successfully
06-16 22:03:16.091  1816  2104 I OPCollectLog: OdmfHelper:insert dsCollectEncrypt success 
06-16 22:03:16.097  3413  4131 I [HwRecSys]a: getMotionTypeFromOdmf
06-16 22:03:16.098  1816  2104 I OPCollectLog: OdmfHelper:insert dsCollectEncrypt success 
06-16 22:03:16.100  3413  4132 I [HwRecSys]a: getMotionTypeFromOdmf
06-16 22:03:16.108  1816  2104 I OPCollectLog: OdmfHelper:insert dsCollectEncrypt success 
06-16 22:03:16.113  3413  4133 I [HwRecSys]a: getMotionTypeFromOdmf
06-16 22:03:16.381  1639  1639 I Net.20881NetworkSpeedMa: mIsStop = false
06-16 22:03:16.382  1639  1873 I Net.20882NetworkSpeedMa:  runInThread getTetherStats
06-16 22:03:16.388  1639  1639 I Net.20882NetworkSpeedMa:  runInUI refreshSpeed
06-16 22:03:16.390  1639  1639 I Net.20882NetworkSpeedMa: value=3754.0speed = 3.67K/smIsShowLastSpeedValuefalse
06-16 22:03:16.390  1639  1639 I NetworkSpeedView: /update(), speed=3.67K/s
06-16 22:03:16.391  1639  1639 I NetworkSpeedView: /update(), speed=3.67K/s
06-16 22:03:16.524  1160  1597 D WorkerThreadMonitor: Kill MSF check result[ senderSize:0,sendInterval:23198,receiveInterval=8461,addCmdCount=25
06-16 22:03:16.683 31101 31494 E qyapm-agent: totalMem:38, maxMem:512
06-16 22:03:17.161  1639  1639 D StatusBarIconController: setIconVisibility icon is null or visibility not change visibility=false
06-16 22:03:17.162  1639  1639 D NetWorkUtils: mVSimCurCardType is -1
06-16 22:03:17.163  1639  1639 D StatusBarIconController: setIconVisibility icon is null or visibility not change visibility=false
06-16 22:03:17.163  1639  1639 D NetWorkUtils: mVSimCurCardType is -1
06-16 22:03:17.163  1639  1639 D StatusBarIconController: setIconVisibility icon is null or visibility not change visibility=false
06-16 22:03:17.164  1639  1639 D NetWorkUtils: mVSimCurCardType is -1
06-16 22:03:17.184  1593  1817 I HidataAppQoeP: handleStateChanged reason=6
06-16 22:03:17.184  1593  1817 I BrowserChrP: handleStateChanged
06-16 22:03:17.193  1639  1873 I HwMobileSignalController(0): subId:0 phoneType:1 networktype:13 targetClass:3 masterLevel:5 slaveLevel:-1
06-16 22:03:17.834 31537 31709 I wapm    : has not enter splash
06-16 22:03:17.908  1160  1182 W System  : A resource failed to call end. 
06-16 22:03:17.909  1160  1182 W System  : A resource failed to call end. 
06-16 22:03:17.955 31537 31703 I wapm    : has not enter splash
06-16 22:03:18.101  1593  3968 I chatty  : uid=1000(system) SmartcareThread expire 78 lines
06-16 22:03:18.170  1639  1639 D StatusBarIconController: setIconVisibility icon is null or visibility not change visibility=false
06-16 22:03:18.170  1639  1639 D NetWorkUtils: mVSimCurCardType is -1
06-16 22:03:18.173  1639  1639 D StatusBarIconController: setIconVisibility icon is null or visibility not change visibility=false
06-16 22:03:18.173  1639  1639 D NetWorkUtils: mVSimCurCardType is -1
06-16 22:03:18.174  1639  1639 D StatusBarIconController: setIconVisibility icon is null or visibility not change visibility=false
06-16 22:03:18.174  1639  1639 D NetWorkUtils: mVSimCurCardType is -1
06-16 22:03:18.293  1816  2023 D HwWifiStatStore: handleMessage : 200
06-16 22:03:18.478   612   612 E WifiHAL : enter wifi_get_link_stats
06-16 22:03:18.502  4136  4136 E JankService: child Thread receive to stop
06-16 22:03:18.642   724   948 E JankService: all data read ok
06-16 22:03:18.705  1296  1761 W Watchdog: hungtask: writing kick
06-16 22:03:19.064  3194  3285 E LYNX_TT_WEBVIEW: can't get appInfo, try at 5 seconds later! 
06-16 22:03:19.382  1639  1639 I Net.20882NetworkSpeedMa: mIsStop = false
06-16 22:03:19.382  1639  1873 I Net.20883NetworkSpeedMa:  runInThread getTetherStats
06-16 22:03:19.390  1639  1639 I Net.20883NetworkSpeedMa:  runInUI refreshSpeed
06-16 22:03:19.391  1639  1639 I Net.20883NetworkSpeedMa: value=6130.0speed = 5.99K/smIsShowLastSpeedValuefalse
06-16 22:03:19.391  1639  1639 I NetworkSpeedView: /update(), speed=5.99K/s
06-16 22:03:19.393  1639  1639 I NetworkSpeedView: /update(), speed=5.99K/s
06-16 22:03:19.657  1296  1473 I chatty  : uid=1000(system) WifiService expire 30 lines
06-16 22:03:19.658  1296  4137 I chatty  : uid=1000 system_server expire 3 lines
06-16 22:03:19.684 31101 31494 E qyapm-agent: totalMem:38, maxMem:512
06-16 22:03:19.709  1296  1457 I chatty  : uid=1000(system) InputReader expire 56 lines
06-16 22:03:19.717  1296  1315 I chatty  : uid=1000(system) android.ui expire 25 lines
06-16 22:03:20.178  1639  1639 D StatusBarIconController: setIconVisibility icon is null or visibility not change visibility=false
06-16 22:03:20.179  1639  1639 D NetWorkUtils: mVSimCurCardType is -1
06-16 22:03:20.181  1639  1639 D StatusBarIconController: setIconVisibility icon is null or visibility not change visibility=false
06-16 22:03:20.181  1639  1639 D NetWorkUtils: mVSimCurCardType is -1
06-16 22:03:20.182  1639  1639 D StatusBarIconController: setIconVisibility icon is null or visibility not change visibility=false
06-16 22:03:20.182  1639  1639 D NetWorkUtils: mVSimCurCardType is -1
06-16 22:03:20.574   712   712 E Thermal-daemon: [shell_frame] temp_new :32  temp_old :31
06-16 22:03:20.576   712   712 E Thermal-daemon: Report temperature: [shell_frame] temp :32  report_threshold:1
06-16 22:03:20.577   712   712 E Thermal-daemon: [charger_ic] temp_new :34  temp_old :35
06-16 22:03:20.578   712   712 E Thermal-daemon: Report temperature: [charger_ic] temp :34  report_threshold:1
06-16 22:03:20.578   712   712 E Thermal-daemon: [pa_0] temp_new :32  temp_old :31
06-16 22:03:20.579   712   712 E Thermal-daemon: Report temperature: [pa_0] temp :32  report_threshold:1
06-16 22:03:20.580   712   712 E Thermal-daemon: [ap] temp_new :34  temp_old :33
06-16 22:03:20.581   712   712 E Thermal-daemon: Report temperature: [ap] temp :34  report_threshold:1
06-16 22:03:20.860  3829  3829 I chatty  : uid=1000(system) com.android.settings expire 384 lines
06-16 22:03:20.966 31537 31703 I wapm    : has not enter splash
06-16 22:03:21.177  1639  1639 D StatusBarIconController: setIconVisibility icon is null or visibility not change visibility=false
06-16 22:03:21.178  1639  1639 D NetWorkUtils: mVSimCurCardType is -1
06-16 22:03:21.179  1639  1639 D StatusBarIconController: setIconVisibility icon is null or visibility not change visibility=false
06-16 22:03:21.179  1639  1639 D NetWorkUtils: mVSimCurCardType is -1
06-16 22:03:21.180  1639  1639 D StatusBarIconController: setIconVisibility icon is null or visibility not change visibility=false
06-16 22:03:21.180  1639  1639 D NetWorkUtils: mVSimCurCardType is -1
06-16 22:03:21.307  1816  2023 D HwWifiStatStore: handleMessage : 200
06-16 22:03:21.500   612   612 E WifiHAL : enter wifi_get_link_stats
06-16 22:03:21.508  1296  1474 I chatty  : uid=1000(system) WifiStateMachin expire 11 lines
06-16 22:03:21.646 31537 31709 I wapm    : has not enter splash
06-16 22:03:22.382  1639  1639 I Net.20883NetworkSpeedMa: mIsStop = false
06-16 22:03:22.383  1639  1873 I Net.20884NetworkSpeedMa:  runInThread getTetherStats
06-16 22:03:22.390  1639  1639 I Net.20884NetworkSpeedMa:  runInUI refreshSpeed
06-16 22:03:22.391  1639  1639 I Net.20884NetworkSpeedMa: value=5183.0speed = 5.06K/smIsShowLastSpeedValuefalse
06-16 22:03:22.391  1639  1639 I NetworkSpeedView: /update(), speed=5.06K/s
06-16 22:03:22.393  1639  1639 I NetworkSpeedView: /update(), speed=5.06K/s
06-16 22:03:22.489  1296 14783 I ActivityManager: START u0 {act=android.intent.action.MAIN cmp=com.android.settings/.SubSettings (has extras)} from uid 1000
06-16 22:03:22.491  1296 14783 I ActivityManager: ActivityRecord info: ActivityInfo{e01e233 com.android.settings.SubSettings}
06-16 22:03:22.498  1296 14783 V WindowManager: addAppToken: AppWindowToken{35d89ee token=Token{efa8b69 ActivityRecord{2b09f0 u0 com.android.settings/.SubSettings t29289}}} controller={TaskWindowContainerController taskId=29289} at 2147483647
06-16 22:03:22.503   616   820 D         : doWinFrameOptStatusRecog begin to recog Layer result=2
06-16 22:03:22.505  1296  1312 W HwActivityManagerServiceEx: HwActivityNotifier end call for activityLifeState under user 0 cost 0
06-16 22:03:22.505  8833  8864 W HwVAssistant FrameworkRegistry: get unknown state=showStartingWindow
06-16 22:03:22.505  3322  5296 W ContentSensor_FrameworkRegistry: ActivityNotifier unknown state
06-16 22:03:22.507  1296  1315 I StatusBarDisable: setFlags what=0 which=1 pkg=Window{a877acd u0 com.android.settings/com.android.settings.Settings$HwSystemDashboardActivity}
06-16 22:03:22.513  1296  1424 V WindowManager: addWindow: Window{69c56fa u0 Splash Screen com.android.settings}
06-16 22:03:22.515  1296  4139 D PackageManager: resolve intent for uid:1000, matchs:3, res:ResolveInfo{26d64ab com.huawei.android.launcher/.unihome.UniHomeLauncher m=0x108000}
06-16 22:03:22.516  1296  1315 I StatusBarDisable: setFlags what=0 which=1 pkg=Window{a877acd u0 com.android.settings/com.android.settings.Settings$HwSystemDashboardActivity}
06-16 22:03:22.516  1296  4139 I chatty  : uid=1000 system_server expire 1 line
06-16 22:03:22.519   717  8327 I Pged-IPgedBinderService: ****action is 1, pid num is 8***
06-16 22:03:22.519   717  8327 I Pged-Freezer: freezePids
06-16 22:03:22.519   717  8327 I Pged-Freezer: Freeze process: 802
06-16 22:03:22.520   717  8327 I Pged-Freezer: Freeze process: 2956
06-16 22:03:22.520   717  8327 I Pged-Freezer: Freeze process: 31537
06-16 22:03:22.521   717  8327 I Pged-Freezer: Freeze process: 31864
06-16 22:03:22.522   717  8327 I Pged-Freezer: Freeze process: 31101
06-16 22:03:22.523   717  8327 I Pged-Freezer: Freeze process: 3530
06-16 22:03:22.523  1296  8135 V ActivityManager: Making visible and scheduling visibility: ActivityRecord{2b09f0 u0 com.android.settings/.SubSettings t29289}
06-16 22:03:22.524  1296  8135 D HwPhoneWindowManager: sensorRotation = 0 lastRotation:0
06-16 22:03:22.525   717  8327 I Pged-Freezer: Freeze process: 3194
06-16 22:03:22.526  1852  2182 I chatty  : uid=1000(system) fast_hibernatio expire 2 lines
06-16 22:03:22.527  1296  8135 I chatty  : uid=1000(system) Binder:1296_1A expire 8 lines
06-16 22:03:22.527  1296  8135 E HwActivityManagerServiceEx: invalid ActivityRecord, error.
06-16 22:03:22.527  1296  8135 E HwActivityManagerServiceEx: parse activity info error.
06-16 22:03:22.530  1296  8135 V WindowManager: Checking 1 opening apps (frozen=false timeout=false), Track: activitypause performsurface
06-16 22:03:22.530  1296  8135 V WindowManager: Check opening app=AppWindowToken{35d89ee token=Token{efa8b69 ActivityRecord{2b09f0 u0 com.android.settings/.SubSettings t29289}}}: allDrawn=false startingDisplayed=false startingMoved=false isRelaunching()=false startingWindow=Window{69c56fa u0 Splash Screen com.android.settings}
06-16 22:03:22.532  1296  1312 W HwActivityManagerServiceEx: HwActivityNotifier end call for activityLifeState under user 0 cost 1
06-16 22:03:22.532  3829  3829 V ActivityThread: Skipping new config:{1.0 460mcc2mnc [zh_CN_#Hans] ldltr sw360dp w360dp h616dp 480dpi nrml long port finger -keyb/v/h -nav/h winConfig={ mBounds=Rect(0, 0 - 1920, 1080) mAppBounds=Rect(0, 0 - 1080, 1920) mWindowingMode=fullscreen mActivityType=undefined} nonFullScreen=0 suim:1 s.28}, config:{1.0 460mcc2mnc [zh_CN_#Hans] ldltr sw360dp w360dp h616dp 480dpi nrml long port finger -keyb/v/h -nav/h winConfig={ mBounds=Rect(0, 0 - 1920, 1080) mAppBounds=Rect(0, 0 - 1080, 1920) mWindowingMode=fullscreen mActivityType=undefined} nonFullScreen=0 suim:1 s.28} for app:com.android.settings
06-16 22:03:22.532  1639  1639 I HwNavigationBarView: updateAssistantButtonInGuestureMode(), vis=true,isGestureNavEnable=false
06-16 22:03:22.537  1296  1315 I StatusBarDisable: setFlags what=0 which=1 pkg=Window{a877acd u0 com.android.settings/com.android.settings.Settings$HwSystemDashboardActivity}
06-16 22:03:22.537   585   585 I chatty  : uid=1000(system) allocator@2.0-s expire 16 lines
06-16 22:03:22.537  1296  1315 I StatusBarDisable: setFlags what=0 which=1 pkg=Window{a877acd u0 com.android.settings/com.android.settings.Settings$HwSystemDashboardActivity}
06-16 22:03:22.540  3829  3829 V ActivityThread: callActivityOnCreate
06-16 22:03:22.549  1296  1315 I StatusBarDisable: setFlags what=0 which=1 pkg=Window{a877acd u0 com.android.settings/com.android.settings.Settings$HwSystemDashboardActivity}
06-16 22:03:22.550   917  1993 I PrintWorker: PrintWoker poll timeout , shutdown
06-16 22:03:22.550  1296  1424 V WindowManager: Checking 1 opening apps (frozen=false timeout=false), Track:  performsurface
06-16 22:03:22.550  1296  1424 V WindowManager: Check opening app=AppWindowToken{35d89ee token=Token{efa8b69 ActivityRecord{2b09f0 u0 com.android.settings/.SubSettings t29289}}}: allDrawn=false startingDisplayed=true startingMoved=false isRelaunching()=false startingWindow=Window{69c56fa u0 Splash Screen com.android.settings}
06-16 22:03:22.550  1296  1424 I WindowManager: closing apps count = 1
06-16 22:03:22.557   616   820 D         : doWinFrameOptStatusRecog begin to recog Layer result=2
06-16 22:03:22.560  1296  1315 I StatusBarDisable: setFlags what=0 which=1 pkg=Window{69c56fa u0 Splash Screen com.android.settings}
06-16 22:03:22.573  1296  1424 I chatty  : uid=1000(system) android.anim expire 4 lines
06-16 22:03:22.607  3829  3829 D ActivityThread: add activity client record, r= ActivityRecord{b368363 token=android.os.BinderProxy@948e334 {com.android.settings/com.android.settings.SubSettings}} token= android.os.BinderProxy@948e334
06-16 22:03:22.613  3829  3881 I chatty  : uid=1000(system) pool-1-thread-1 expire 3 lines
06-16 22:03:22.613  3829  4151 I chatty  : uid=1000(system) com.android.settings expire 15 lines
06-16 22:03:22.617  3829  3829 W ContextImpl: Calling a method in the system process without a qualified user: android.app.ContextImpl.sendBroadcast:1172 android.content.ContextWrapper.sendBroadcast:449 com.android.settings.DeviceInfoSettings.onResume:295 android.app.Fragment.performResume:2590 android.app.FragmentManagerImpl.moveToState:1346 
06-16 22:03:22.617  1296  8175 I chatty  : uid=1000(system) Binder:1296_1B expire 3 lines
06-16 22:03:22.619  3829  3883 I chatty  : uid=1000(system) RenderThread expire 19 lines
06-16 22:03:22.622   616   820 D         : doWinFrameOptStatusRecog begin to recog Layer result=2
06-16 22:03:22.622  1296 14783 V WindowManager: addWindow: Window{1020d9 u0 com.android.settings/com.android.settings.SubSettings}
06-16 22:03:22.623  1296  1326 D HwGameAssistantController: UPDATE: mCurFgPkg=com.android.settings, mCurFgPid=3829, mCurIsGame=false
06-16 22:03:22.623  1296  1544 I chatty  : uid=1000(system) HwHiStreamManag expire 9 lines
06-16 22:03:22.623  1296  1312 W HwActivityManagerServiceEx: HwActivityNotifier end call for activityLifeState under user 0 cost 0
06-16 22:03:22.623  1296  1548 I chatty  : uid=1000(system) HwHiNetworkMana expire 3 lines
06-16 22:03:22.623  1816  9328 I OPCollectLog: AppChangeImpl: uid: 1000 pkg: com.android.settings class: com.android.settings.SubSettings
06-16 22:03:22.623  1816  9328 E OPCollectLog: HwForegroundAppAction:duplicate pkgName.
06-16 22:03:22.624  1296  5607 I chatty  : uid=1000(system) HwAPPQoEActivit expire 21 lines
06-16 22:03:22.624  1639  1639 I HwNavigationBarView: updateAssistantButtonInGuestureMode(), vis=true,isGestureNavEnable=false
06-16 22:03:22.626  1296 14783 D HwFingerprintService: CODE_IS_SUPPORT_DUAL_FINGERPRINT
06-16 22:03:22.627  1296 14783 I chatty  : uid=1000(system) Binder:1296_20 expire 5 lines
06-16 22:03:22.627  1296 14783 D HwFingerprintService: pacel  packaged :HardwareType
06-16 22:03:22.628  1296  7866 D PackageManager: resolve intent for uid:1000, matchs:3, res:ResolveInfo{9916238 com.huawei.android.launcher/.unihome.UniHomeLauncher m=0x108000}
06-16 22:03:22.628  1296 14783 D HwFingerprintService: fingerprintd HardwareType = 769
06-16 22:03:22.628  3829  4153 I chatty  : uid=1000(system) com.android.settings expire 1 line
06-16 22:03:22.629  1296 14783 D HwFingerprintService: CODE_IS_SUPPORT_DUAL_FINGERPRINT
06-16 22:03:22.630  1891  2930 D HwRecentsTaskUtils: refreshToCache
06-16 22:03:22.630  1891  2930 D HwRecentsTaskUtils: searchFromDate
06-16 22:03:22.633  1296 14783 D HwFingerprintService: pacel  packaged :HardwareType
06-16 22:03:22.633  1296 14783 D HwFingerprintService: fingerprintd HardwareType = 769
06-16 22:03:22.636  1593  1607 I chatty  : uid=1000(system) Binder:1593_2 expire 6 lines
06-16 22:03:22.637  1296  1315 I StatusBarDisable: setFlags what=0 which=1 pkg=Window{69c56fa u0 Splash Screen com.android.settings}
06-16 22:03:22.638  1891  2930 I RecentsTaskLoadPlan: to show tasks size is 7
06-16 22:03:22.641  1296  1315 I StatusBarDisable: setFlags what=0 which=1 pkg=Window{1020d9 u0 com.android.settings/com.android.settings.SubSettings}
06-16 22:03:22.645  3829  4141 I chatty  : uid=1000(system) com.android.settings expire 2 lines
06-16 22:03:22.698  1296  1424 V WindowManager_visibility: updateAllDrawn Add AppWindowToken{35d89ee token=Token{efa8b69 ActivityRecord{2b09f0 u0 com.android.settings/.SubSettings t29289}}}
06-16 22:03:22.699  1296  1424 V WindowManager_visibility: updateAllDrawn allDrawn=false interesting=1 drawn=1 relaunchCount=0 for AppWindowToken{35d89ee token=Token{efa8b69 ActivityRecord{2b09f0 u0 com.android.settings/.SubSettings t29289}}}
06-16 22:03:22.699  1296  1315 I StatusBarDisable: setFlags what=0 which=1 pkg=Window{1020d9 u0 com.android.settings/com.android.settings.SubSettings}
06-16 22:03:22.700  1296  1315 I StatusBarDisable: setFlags what=0 which=1 pkg=Window{1020d9 u0 com.android.settings/com.android.settings.SubSettings}
06-16 22:03:22.701  1296  1424 V WindowManager: removeIfPossible: Window{69c56fa u0 Splash Screen com.android.settings}
06-16 22:03:22.703  1296  1424 V WindowManager: Not removing Window{69c56fa u0 Splash Screen com.android.settings EXITING} due to exit animation 
06-16 22:03:22.703   724   950 W JankService: processEntry, not beta version or commercial log off
06-16 22:03:22.704   616   820 D         : doWinFrameOptStatusRecog begin to recog Layer result=2
06-16 22:03:22.704  1296  1315 I StatusBarDisable: setFlags what=0 which=1 pkg=Window{1020d9 u0 com.android.settings/com.android.settings.SubSettings}
06-16 22:03:22.705  1296  1325 I chatty  : uid=1000(system) android.display expire 2 lines
06-16 22:03:22.706  1296  1325 D ActivityManager: EVENT_APP_ACTIVITY_DISPLAYED_FINISH reportData: com.android.settings/.SubSettings 3829 176
06-16 22:03:22.709  1296  1315 I StatusBarDisable: setFlags what=0 which=1 pkg=Window{1020d9 u0 com.android.settings/com.android.settings.SubSettings}
06-16 22:03:22.709  3918  3918 I HuaweiIME: SysInfo.getSysParam: orientation=1||config d=3.0,w=1080,h=1920||metrics d=3.0,w=1080,h=1920||sdk=28,bar_h=72||appScale=3.3,sysScale=3.0||isMultiWin=false,isPadMode=false, boardw=1080, boardH=705, candH=130
06-16 22:03:22.754  1296  1315 I chatty  : uid=1000(system) android.ui identical 1 line
06-16 22:03:22.755  1296  1315 I StatusBarDisable: setFlags what=0 which=1 pkg=Window{1020d9 u0 com.android.settings/com.android.settings.SubSettings}
06-16 22:03:22.757  1296  1314 E HwActivityManagerServiceEx: invalid ActivityRecord, error.
06-16 22:03:22.757  1296  1314 E HwActivityManagerServiceEx: parse activity info error.
06-16 22:03:22.771  1296  1315 I StatusBarDisable: setFlags what=0 which=1 pkg=Window{1020d9 u0 com.android.settings/com.android.settings.SubSettings}
06-16 22:03:22.786  1296  1315 I StatusBarDisable: setFlags what=0 which=1 pkg=Window{1020d9 u0 com.android.settings/com.android.settings.SubSettings}
06-16 22:03:22.788  1296  8175 V WindowManager: notifyAppStopped: AppWindowToken{2dba896 token=Token{948dbb1 ActivityRecord{8cace58 u0 com.android.settings/.Settings$HwSystemDashboardActivity t29289}}}
06-16 22:03:22.788  1296  8175 E WindowManager: win=Window{a877acd u0 com.android.settings/com.android.settings.Settings$HwSystemDashboardActivity} destroySurfaces: appStopped=true win.mWindowRemovalAllowed=false win.mRemoveOnExit=false
06-16 22:03:22.820  1296  1424 V WindowManager: Exit animation finished in Window{69c56fa u0 Splash Screen com.android.settings EXITING}: remove=true
06-16 22:03:22.820  1296  1424 E WindowManager: win=Window{69c56fa u0 Splash Screen com.android.settings EXITING} destroySurfaces: appStopped=false win.mWindowRemovalAllowed=true win.mRemoveOnExit=true
06-16 22:03:22.820  1296  1424 V WindowManager: postWindowRemoveCleanupLocked: Window{69c56fa u0 Splash Screen com.android.settings}
06-16 22:03:22.820  1296  1424 V WindowManager: Removing Window{69c56fa u0 Splash Screen com.android.settings} from AppWindowToken{35d89ee token=Token{efa8b69 ActivityRecord{2b09f0 u0 com.android.settings/.SubSettings t29289}}}
06-16 22:03:22.821  1296  1315 I StatusBarDisable: setFlags what=0 which=1 pkg=Window{1020d9 u0 com.android.settings/com.android.settings.SubSettings}
06-16 22:03:22.839  1296  1315 I StatusBarDisable: setFlags what=0 which=1 pkg=Window{1020d9 u0 com.android.settings/com.android.settings.SubSettings}
06-16 22:03:23.050  1593  1593 I chatty  : uid=1000(system) com.huawei.systemserver expire 10 lines
06-16 22:03:23.053   721   867 D SensorHub: huawei Hal get step event
06-16 22:03:23.114  3829  3868 I chatty  : uid=1000(system) AsyncTask #4 expire 97 lines
06-16 22:03:23.183  1639  1639 D StatusBarIconController: setIconVisibility icon is null or visibility not change visibility=false
06-16 22:03:23.183  1639  1639 D NetWorkUtils: mVSimCurCardType is -1
06-16 22:03:23.184  1639  1639 D StatusBarIconController: setIconVisibility icon is null or visibility not change visibility=false
06-16 22:03:23.184  1639  1639 D NetWorkUtils: mVSimCurCardType is -1
06-16 22:03:23.185  1639  1639 D StatusBarIconController: setIconVisibility icon is null or visibility not change visibility=false
06-16 22:03:23.185  1639  1639 D NetWorkUtils: mVSimCurCardType is -1
06-16 22:03:24.029   717  8327 I Pged-IPgedBinderService: ****action is 2, pid num is 8***
