06-09 06:28:11.600  1306  2206 I chatty  : uid=1000(system) NetdConnector expire 10 lines
06-09 06:28:11.603   551   610 W SocketListener: sending broadcast to Pid = 1306, Uid = 1000 
06-09 06:28:11.604  1306  1337 I chatty  : uid=1000(system) android.fg expire 10 lines
06-09 06:28:11.753  1306  1454 I chatty  : uid=1000(system) UEventObserver expire 10 lines
06-09 06:28:11.868  1306  1306 I chatty  : uid=1000 system_server expire 31 lines
06-09 06:28:11.892   551   610 W SocketListener: sending broadcast to Pid = 1306, Uid = 1000 
06-09 06:28:11.918  1306 11434 I chatty  : uid=1000(system) Binder:1306_1F expire 47 lines
06-09 06:28:11.977  1306  1501 I chatty  : uid=1000(system) Binder:1306_3 expire 35 lines
06-09 06:28:11.988  1306  3076 I chatty  : uid=1000(system) Binder:1306_C expire 22 lines
06-09 06:29:11.605   551   610 W SocketListener: sending broadcast to Pid = 1306, Uid = 1000 
06-09 06:29:11.746  1306  1454 I chatty  : uid=1000(system) UEventObserver expire 10 lines
06-09 06:29:12.246   551   610 W SocketListener: sending broadcast to Pid = 1306, Uid = 1000 
06-09 06:29:21.177  1306  1501 I chatty  : uid=1000(system) Binder:1306_3 expire 46 lines
06-09 06:29:45.608   551   610 W SocketListener: sending broadcast to Pid = 1306, Uid = 1000 
06-09 06:29:45.610  1306  2206 I chatty  : uid=1000(system) NetdConnector expire 12 lines
06-09 06:29:45.754  1306  1454 I chatty  : uid=1000(system) UEventObserver expire 20 lines
06-09 06:29:45.837   551   610 W SocketListener: sending broadcast to Pid = 1306, Uid = 1000 
06-09 06:31:42.606   551   610 W SocketListener: sending broadcast to Pid = 1306, Uid = 1000 
06-09 06:31:42.632   551   610 W SocketListener: sending broadcast to Pid = 1306, Uid = 1000 
06-09 06:31:42.633  1306  1338 I chatty  : uid=1000(system) android.io expire 22 lines
06-09 06:31:42.691  1306 11434 I chatty  : uid=1000(system) Binder:1306_1F expire 11 lines
06-09 06:31:43.702  1306  2221 I chatty  : uid=1000(system) ConnectivitySer expire 160 lines
06-09 06:32:01.604   551   610 W SocketListener: sending broadcast to Pid = 1306, Uid = 1000 
06-09 06:32:01.608  1306  1337 I chatty  : uid=1000(system) android.fg expire 11 lines
06-09 06:32:01.674  1306  1501 I chatty  : uid=1000(system) Binder:1306_3 expire 14 lines
06-09 06:32:01.749  1306  1454 I chatty  : uid=1000(system) UEventObserver expire 13 lines
06-09 06:32:01.882  1306  9594 I chatty  : uid=1000(system) Binder:1306_19 expire 83 lines
06-09 06:32:02.016   551   610 W SocketListener: sending broadcast to Pid = 1306, Uid = 1000 
06-09 06:32:02.017  1306  2206 I chatty  : uid=1000(system) NetdConnector expire 34 lines
06-09 06:32:02.148  1306 11434 I chatty  : uid=1000(system) Binder:1306_1F expire 15 lines
06-09 06:32:48.604   551   610 W SocketListener: sending broadcast to Pid = 1306, Uid = 1000 
06-09 06:32:48.607   551   610 W SocketListener: sending broadcast to Pid = 1306, Uid = 1000 
06-09 06:32:52.699  1306  1454 I chatty  : uid=1000(system) UEventObserver expire 27 lines
06-09 06:35:34.613   551   610 W SocketListener: sending broadcast to Pid = 1306, Uid = 1000 
06-09 06:35:34.653  1306  2243 I chatty  : uid=1000(system) ConnectivityThr expire 24 lines
06-09 06:35:34.654  1306  1306 I chatty  : uid=1000 system_server expire 25 lines
06-09 06:35:34.690  1306  1328 I chatty  : uid=1000(system) ActivityManager expire 12 lines
06-09 06:35:34.715   551   610 W SocketListener: sending broadcast to Pid = 1306, Uid = 1000 
06-09 06:35:34.723  1306  2332 I chatty  : uid=1000(system) Binder:1306_5 expire 13 lines
06-09 06:35:34.764  1306  3076 I chatty  : uid=1000(system) Binder:1306_C expire 40 lines
06-09 06:35:34.777   707   707 I libgps  : proxy_agps_ril_update_network_state: connected(1), type(1:TYPE_WIFI), roaming(0)
06-09 06:35:34.779   707  2634 D libgps  : proxy_agps_ril_request_setid_cb: called.
06-09 06:35:34.779   707   707 I libgps  : proxy_agps_ril_update_network_availability: available(1), apn(cmnet)
06-09 06:35:34.783  1306  9594 I chatty  : uid=1000(system) Binder:1306_19 expire 35 lines
06-09 06:35:34.794   707  2634 D libgps  : proxy_agps_ril_set_set_id: called.
06-09 06:35:34.827  2528  7087 I BoosterSwitchP: notifyUidState do nothing
06-09 06:35:34.827  2528  7087 I DeepNoDisturbP: notifyUidState
06-09 06:35:34.827  2528  7087 I HidataAppQoeP: notifyUidState
06-09 06:35:34.827  2528  7087 I BrowserChrP: notifyUidState
06-09 06:35:34.940   551   611 W SocketListener: sending broadcast to Pid = 1306, Uid = 1000 
06-09 06:35:34.942   551   611 W SocketListener: sending broadcast to Pid = 1306, Uid = 1000 
06-09 06:35:34.969   551   611 W SocketListener: sending broadcast to Pid = 1306, Uid = 1000 
06-09 06:35:34.972   551   611 W SocketListener: sending broadcast to Pid = 1306, Uid = 1000 
06-09 06:35:35.023  1306 10300 I chatty  : uid=1000(system) Binder:1306_1C expire 33 lines
06-09 06:35:35.050   551   610 W SocketListener: sending broadcast to Pid = 1306, Uid = 1000 
06-09 06:35:35.326  1306  2234 I chatty  : uid=1000(system) Thread-39 expire 22 lines
06-09 06:35:35.500  2528  2528 I BoosterTelephonyCollector: getPhoneStateListener, bytes=[81, 79, 69, 77, 72, 79, 79, 75, 30, 32, 9, 0, 12, 0, 0, 0, 100, 0, 8, 0, 1, 0, 4, 0, 5, 0, 0, 0]
06-09 06:35:35.500  2528  2528 I BoosterTelephonyCollector: unsol oem Data, moduleID=100, moduleLen=8, msgID=1, msgLen=4
06-09 06:35:35.502  2528  2858 I BoosterVideoP: getErabIdFromUnsolData success, erabid=5
06-09 06:35:35.502  1306  2492 I chatty  : uid=1000(system) NetworkTimeUpda expire 10 lines
06-09 06:35:35.511  5346  5346 W SettingsEx: SettingsEx.Systemex.getInt deprecated use Settings.System.getInt instead ;callers=com.huawei.recsys.util.SystemUtil.getNotificationUpdateMode:190 com.huawei.recsys.util.SystemUtil.isAllowUpdate:122 com.huawei.recsys.controller.notification.http.UpgradeManager.onNetChange:281 
06-09 06:35:35.516  1306  9567 I chatty  : uid=1000(system) Binder:1306_17 expire 24 lines
06-09 06:35:35.523  1306  6484 I chatty  : uid=1000(system) Binder:1306_16 expire 10 lines
06-09 06:35:35.529  1306  2916 I chatty  : uid=1000(system) Binder:1306_9 expire 12 lines
06-09 06:35:35.538  5346  5346 W SettingsEx: SettingsEx.Systemex.getInt deprecated use Settings.System.getInt instead ;callers=com.huawei.recsys.util.SystemUtil.getNotificationUpdateMode:190 com.huawei.recsys.util.SystemUtil.isAllowUpdate:122 com.huawei.recsys.controller.notification.http.UpgradeManager.onNetChange:281 
06-09 06:35:35.541  1306  2460 I chatty  : uid=1000(system) Binder:1306_6 expire 11 lines
06-09 06:35:35.541  1306  2829 I chatty  : uid=1000(system) Binder:1306_7 expire 14 lines
06-09 06:35:35.552  1306  9593 I chatty  : uid=1000(system) Binder:1306_18 expire 72 lines
06-09 06:35:35.556  2528  2858 I HidataAppQoeP: receiveAPModuleData,dataTypeId=301
06-09 06:35:35.556  2528  2858 I HidataAppQoeP: HIDATA_START_CELLULAR_APP_QOE_MONITOR appUid=10111,time=3000
06-09 06:35:35.556  1306 10424 I chatty  : uid=1000(system) Binder:1306_1D expire 23 lines
06-09 06:35:35.559 14624 14624 W ContextImpl: Calling a method in the system process without a qualified user: android.app.ContextImpl.startService:1760 android.content.ContextWrapper.startService:664 com.huawei.systemmanager.rainbow.client.background.service.CloudBroadcastHandlerService.startRainbowCommonService:121 com.huawei.systemmanager.rainbow.client.background.service.CloudBroadcastHandlerService.access$000:23 com.huawei.systemmanager.rainbow.client.background.service.CloudBroadcastHandlerService$1.onReceive:90 
06-09 06:35:35.559  1306  2221 I chatty  : uid=1000(system) ConnectivitySer expire 84 lines
06-09 06:35:35.563  1306  2210 I chatty  : uid=1000(system) NetworkPolicy expire 15 lines
06-09 06:35:35.566  1306  2206 I chatty  : uid=1000(system) NetdConnector expire 32 lines
06-09 06:35:35.591  1306  4439 I chatty  : uid=1000(system) Binder:1306_11 expire 16 lines
06-09 06:35:35.599  1306  1331 I chatty  : uid=1000(system) ActivityManager expire 10 lines
06-09 06:35:35.599  1306  2520 I chatty  : uid=1000(system) MultiTaskManage expire 10 lines
06-09 06:35:35.616 26718 26718 D ActivityThread: Attach thread to application
06-09 06:35:35.619  1306  2924 I chatty  : uid=1000(system) Binder:1306_B expire 48 lines
06-09 06:35:35.646   707   707 I libgps  : proxy_agps_ril_update_network_state: connected(1), type(0:TYPE_MOBILE), roaming(0)
06-09 06:35:35.646   707  2634 D libgps  : proxy_agps_ril_request_setid_cb: called.
06-09 06:35:35.646   707   707 I libgps  : proxy_agps_ril_update_network_availability: available(1), apn(cmnet)
06-09 06:35:35.650   707  2634 D libgps  : proxy_agps_ril_set_set_id: called.
06-09 06:35:35.738  1306 12658 I chatty  : uid=1000(system) Binder:1306_20 expire 12 lines
06-09 06:35:35.837  2528  2528 I DeepNoDisturbSM: onDataConnectionStateChanged,state=2,mTelephonyManager.getDataState()2,mPhoneId=0
06-09 06:35:35.870  2528  2858 I BoosterGameP: handleStateChanged reason=3
06-09 06:35:35.870  2528  2858 E BoosterGameP: inValidCQI:-1
06-09 06:35:35.870  2528  2858 I BoosterVideoP: handleStateChanged reason=3
06-09 06:35:35.870  2528  2528 I DeepNoDisturbSM: IdleState processMessage msg.what=EVENT_DATA_CONNECTED
06-09 06:35:35.870  2528  2858 I BoosterVideoP: sendModemUnsolState false
06-09 06:35:35.871  2528  2858 I BoosterSwitchP: handleStateChanged reason=3
06-09 06:35:35.871  2528  2858 I DeepNoDisturbP: handleStateChanged reason=3
06-09 06:35:35.871  2528  2858 I HidataAppQoeP: handleStateChanged reason=3
06-09 06:35:35.871  2528  2858 I BrowserChrP: handleStateChanged
06-09 06:35:35.889  2528  2859 E HwCommBoosterManager: handleOemHookSetResp end error, ret=-2
06-09 06:35:35.898  2528  2528 I DeepNoDisturbSM: isNetworkTypeSuitDeepNoDisturbMode networkType = 13
06-09 06:35:35.898  2528  2528 I DeepNoDisturbSM: isCorrectState=true mIsCallOn=false mGameStatus=0 defaultDataSubId=0 default4GSlotId=0 mIsDefaultDataOn=true mIsScreenOn=false deepNoDisturbModeProp=true isDeepNoDisturbSwitchOn=false isGameDndSwitchOn=false isNetworkTypeSuitDeepNoDisturbMode=true isAirplaneModeOn()=false
06-09 06:35:35.898  2528  2528 I DeepNoDisturbSM: isNeedEnterDeepNoDisturbMode false
06-09 06:35:35.957  1306  4344 I chatty  : uid=1000(system) Binder:1306_10 expire 14 lines
06-09 06:35:35.980   551   611 W SocketListener: sending broadcast to Pid = 1306, Uid = 1000 
06-09 06:35:35.981  1306  1337 I chatty  : uid=1000(system) android.fg expire 12 lines
06-09 06:35:36.037  5346  5346 W SettingsEx: SettingsEx.Systemex.getInt deprecated use Settings.System.getInt instead ;callers=com.huawei.recsys.util.SystemUtil.getNotificationUpdateMode:190 com.huawei.recsys.util.SystemUtil.isAllowUpdate:122 com.huawei.recsys.controller.notification.http.UpgradeManager.onNetChange:281 
06-09 06:35:36.046  1306  4064 I chatty  : uid=1000(system) Binder:1306_E expire 17 lines
06-09 06:35:36.048  2528  2858 I HidataAppQoeP: receiveAPModuleData,dataTypeId=302
06-09 06:35:36.070  5346  5346 W SettingsEx: SettingsEx.Systemex.getInt deprecated use Settings.System.getInt instead ;callers=com.huawei.recsys.util.SystemUtil.getNotificationUpdateMode:190 com.huawei.recsys.util.SystemUtil.isAllowUpdate:122 com.huawei.recsys.controller.notification.http.UpgradeManager.onNetChange:281 
06-09 06:35:36.074 14624 14624 W ContextImpl: Calling a method in the system process without a qualified user: android.app.ContextImpl.startService:1760 android.content.ContextWrapper.startService:664 com.huawei.systemmanager.rainbow.client.background.service.CloudBroadcastHandlerService.startRainbowCommonService:121 com.huawei.systemmanager.rainbow.client.background.service.CloudBroadcastHandlerService.access$000:23 com.huawei.systemmanager.rainbow.client.background.service.CloudBroadcastHandlerService$1.onReceive:90 
06-09 06:35:36.086  1306  2213 I chatty  : uid=1000(system) WifiStateMachin expire 10 lines
06-09 06:35:36.168   551   611 W SocketListener: sending broadcast to Pid = 1306, Uid = 1000 
06-09 06:35:36.168   707   707 I libgps  : proxy_agps_ril_update_network_state: connected(1), type(1:TYPE_WIFI), roaming(0)
06-09 06:35:36.168   707  2634 D libgps  : proxy_agps_ril_request_setid_cb: called.
06-09 06:35:36.171   707   707 I libgps  : proxy_agps_ril_update_network_availability: available(1), apn(cmnet)
06-09 06:35:36.186   707  2634 D libgps  : proxy_agps_ril_set_set_id: called.
06-09 06:35:36.231  2528  2528 I DeepNoDisturbSM: onDataConnectionStateChanged,state=0,mTelephonyManager.getDataState()0,mPhoneId=0
06-09 06:35:36.242  2528  2858 I BoosterGameP: handleStateChanged reason=3
06-09 06:35:36.242  2528  2528 I DeepNoDisturbSM: IdleState processMessage msg.what=EVENT_DATA_DISCONNECTED
06-09 06:35:36.242  2528  2858 E BoosterGameP: inValidCQI:-1
06-09 06:35:36.242  2528  2528 I DeepNoDisturbSM: IdleState: default msg.what=5
06-09 06:35:36.242  2528  2858 I BoosterVideoP: handleStateChanged reason=3
06-09 06:35:36.242  2528  2858 I BoosterVideoP: sendModemUnsolState false
06-09 06:35:36.242  2528  2858 I BoosterSwitchP: handleStateChanged reason=3
06-09 06:35:36.242  2528  2858 I DeepNoDisturbP: handleStateChanged reason=3
06-09 06:35:36.242  2528  2858 I HidataAppQoeP: handleStateChanged reason=3
06-09 06:35:36.242  2528  2858 I BrowserChrP: handleStateChanged
06-09 06:35:36.265  2528  2859 E HwCommBoosterManager: handleOemHookSetResp end error, ret=-2
06-09 06:35:36.286  1306  2223 I chatty  : uid=1000(system) DnsHiCureEngine expire 10 lines
06-09 06:35:36.312   707   707 I libgps  : proxy_agps_ril_update_network_availability: available(0), apn(cmnet)
06-09 06:35:36.312   707  2634 D libgps  : proxy_agps_ril_request_setid_cb: called.
06-09 06:35:36.326   707  2634 D libgps  : proxy_agps_ril_set_set_id: called.
06-09 06:35:36.365  1306  2277 I chatty  : uid=1000(system) HwWMStateMachin expire 14 lines
06-09 06:35:36.540  1306 10282 I chatty  : uid=1000(system) Binder:1306_1B expire 46 lines
06-09 06:35:37.052  1306  4734 I chatty  : uid=1000(system) Binder:1306_12 expire 11 lines
06-09 06:35:37.732  2528  3084 I BoosterSwitchP: notifyUidState do nothing
06-09 06:35:37.732  2528  3084 I DeepNoDisturbP: notifyUidState
06-09 06:35:37.732  2528  3084 I HidataAppQoeP: notifyUidState
06-09 06:35:37.732  2528  3084 I BrowserChrP: notifyUidState
06-09 06:35:38.830  1306 10281 I chatty  : uid=1000(system) Binder:1306_1A expire 40 lines
06-09 06:35:43.416   551   616 W SocketListener: sending broadcast to Pid = 1306, Uid = 1000 
06-09 06:35:46.264   551   610 W SocketListener: sending broadcast to Pid = 1306, Uid = 1000 
06-09 06:35:46.292  1306  1335 I chatty  : uid=1000(system) batterystats-wo expire 10 lines
06-09 06:35:47.533  1306  1320 I chatty  : uid=1000(system) Binder:1306_2 expire 45 lines
06-09 06:36:18.776   697   781 I storaged: storaged_t::event: storage_info refreshed.
06-09 06:36:18.778  1306  1454 I chatty  : uid=1000(system) UEventObserver expire 10 lines
06-09 06:36:18.886  1306  2527 I chatty  : uid=1000(system) AwareAppStartup expire 69 lines
06-09 06:36:20.104  1306  1338 I chatty  : uid=1000(system) android.io expire 10 lines
06-09 06:36:27.229  1306  9593 I chatty  : uid=1000(system) Binder:1306_18 expire 12 lines
06-09 06:36:34.711   551   616 W SocketListener: sending broadcast to Pid = 1306, Uid = 1000 
06-09 06:36:35.120  1306  1338 I chatty  : uid=1000(system) android.io expire 21 lines
06-09 06:36:48.124  1306  1306 I chatty  : uid=1000 system_server expire 29 lines
06-09 06:37:05.175   551   616 W SocketListener: sending broadcast to Pid = 1306, Uid = 1000 
06-09 06:37:06.656  1306  1338 I chatty  : uid=1000(system) android.io expire 15 lines
06-09 06:37:18.777   697   781 I storaged: storaged_t::event: storage_info refreshed.
06-09 06:37:19.923  1306  1454 I chatty  : uid=1000(system) UEventObserver expire 10 lines
06-09 06:37:20.059  1306  1306 I chatty  : uid=1000 system_server expire 56 lines
06-09 06:37:20.925  1306  2206 I chatty  : uid=1000(system) NetdConnector expire 10 lines
06-09 06:37:28.216   551   610 W SocketListener: sending broadcast to Pid = 1306, Uid = 1000 
06-09 06:37:29.181  1306  1338 I chatty  : uid=1000(system) android.io expire 25 lines
06-09 06:37:38.834   551   610 W SocketListener: sending broadcast to Pid = 1306, Uid = 1000 
06-09 06:38:05.337   551   616 W SocketListener: sending broadcast to Pid = 1306, Uid = 1000 
06-09 06:38:05.341  1306  1337 I chatty  : uid=1000(system) android.fg expire 14 lines
06-09 06:38:06.727  1306  1338 I chatty  : uid=1000(system) android.io expire 23 lines
06-09 06:38:12.248   551   610 W SocketListener: sending broadcast to Pid = 1306, Uid = 1000 
06-09 06:38:18.777   697   781 I storaged: storaged_t::event: storage_info refreshed.
06-09 06:38:21.349  1306  1454 I chatty  : uid=1000(system) UEventObserver expire 20 lines
06-09 06:38:21.352  1306  1492 I chatty  : uid=1000(system) HwBinder:1306_2 expire 10 lines
06-09 06:38:41.220   551   610 W SocketListener: sending broadcast to Pid = 1306, Uid = 1000 
06-09 06:38:41.224  1306  2206 I chatty  : uid=1000(system) NetdConnector expire 12 lines
06-09 06:38:41.270  1306  1338 I chatty  : uid=1000(system) android.io expire 11 lines
06-09 06:38:56.536   551   616 W SocketListener: sending broadcast to Pid = 1306, Uid = 1000 
06-09 06:38:57.791  1306  1338 I chatty  : uid=1000(system) android.io expire 14 lines
06-09 06:39:06.832  1306  9593 I chatty  : uid=1000(system) Binder:1306_18 expire 14 lines
06-09 06:39:06.927  1306 10424 I chatty  : uid=1000(system) Binder:1306_1D expire 10 lines
06-09 06:39:18.778   697   781 I storaged: storaged_t::event: storage_info refreshed.
06-09 06:39:18.822  1306  1338 I chatty  : uid=1000(system) android.io expire 14 lines
06-09 06:39:25.874  1306 26930 I chatty  : uid=1000 system_server expire 8 lines
06-09 06:39:28.280   551   610 W SocketListener: sending broadcast to Pid = 1306, Uid = 1000 
06-09 06:39:38.898   551   610 W SocketListener: sending broadcast to Pid = 1306, Uid = 1000 
06-09 06:39:39.847  1306  1338 I chatty  : uid=1000(system) android.io expire 14 lines
06-09 06:39:48.808  1306  1320 I chatty  : uid=1000(system) Binder:1306_2 expire 61 lines
06-09 06:40:06.597   551   616 W SocketListener: sending broadcast to Pid = 1306, Uid = 1000 
06-09 06:40:06.597  1306  1338 I chatty  : uid=1000(system) android.io expire 12 lines
06-09 06:40:06.864  1306  1306 I chatty  : uid=1000 system_server expire 11 lines
06-09 06:40:06.892  1306  9593 I chatty  : uid=1000(system) Binder:1306_18 expire 36 lines
06-09 06:40:09.035  1306  2221 I chatty  : uid=1000(system) ConnectivitySer expire 33 lines
06-09 06:40:24.299   697   781 I storaged: storaged_t::event: storage_info refreshed.
06-09 06:40:24.327  1306  2527 I chatty  : uid=1000(system) AwareAppStartup expire 69 lines
06-09 06:40:24.618  1306  1338 I chatty  : uid=1000(system) android.io expire 10 lines
06-09 06:40:29.757  1306  1454 I chatty  : uid=1000(system) UEventObserver expire 20 lines
06-09 06:41:22.604   551   610 W SocketListener: sending broadcast to Pid = 1306, Uid = 1000 
06-09 06:41:22.617  1306  1306 I chatty  : uid=1000 system_server expire 18 lines
06-09 06:41:22.685   551   610 W SocketListener: sending broadcast to Pid = 1306, Uid = 1000 
06-09 06:41:22.687  1306  2206 I chatty  : uid=1000(system) NetdConnector expire 10 lines
06-09 06:41:22.689  1306  2916 I chatty  : uid=1000(system) Binder:1306_9 expire 39 lines
06-09 06:41:31.642  1306  9593 I chatty  : uid=1000(system) Binder:1306_18 expire 37 lines
06-09 06:41:31.697  1306 10424 I chatty  : uid=1000(system) Binder:1306_1D expire 14 lines
06-09 06:42:36.606   551   610 W SocketListener: sending broadcast to Pid = 1306, Uid = 1000 
06-09 06:42:36.733  1306  1454 I chatty  : uid=1000(system) UEventObserver expire 20 lines
06-09 06:42:37.064   551   610 W SocketListener: sending broadcast to Pid = 1306, Uid = 1000 
06-09 06:42:37.070  1306  1337 I chatty  : uid=1000(system) android.fg expire 13 lines
06-09 06:42:37.071  1306 10300 I chatty  : uid=1000(system) Binder:1306_1C expire 28 lines
06-09 06:42:37.166  1306  4344 I chatty  : uid=1000(system) Binder:1306_10 expire 28 lines
06-09 06:42:37.383  1306  1338 I chatty  : uid=1000(system) android.io expire 12 lines
06-09 06:42:37.648  1306 10424 I chatty  : uid=1000(system) Binder:1306_1D expire 39 lines
06-09 06:42:38.824 14537 28726 W ContextImpl: Calling a method in the system process without a qualified user: android.app.ContextImpl.bindService:1840 android.content.ContextWrapper.bindService:698 clear.sdk.bs.d:278 clear.sdk.bs.create:254 clear.sdk.br.a:22 
06-09 06:43:18.604   551   610 W SocketListener: sending broadcast to Pid = 1306, Uid = 1000 
06-09 06:43:18.608   551   610 W SocketListener: sending broadcast to Pid = 1306, Uid = 1000 
06-09 06:43:19.351   551   616 W SocketListener: sending broadcast to Pid = 1306, Uid = 1000 
06-09 06:43:19.353  1306  2206 I chatty  : uid=1000(system) NetdConnector expire 10 lines
06-09 06:44:11.604   551   610 W SocketListener: sending broadcast to Pid = 1306, Uid = 1000 
06-09 06:44:11.662  1306  1341 I chatty  : uid=1000(system) CpuTracker expire 1 line
06-09 06:44:29.607  1306  1306 I chatty  : uid=1000 system_server expire 21 lines
06-09 06:44:29.679   551   610 W SocketListener: sending broadcast to Pid = 1306, Uid = 1000 
06-09 06:44:29.700  1306  4344 I chatty  : uid=1000(system) Binder:1306_10 expire 35 lines
06-09 06:44:59.605   551   610 W SocketListener: sending broadcast to Pid = 1306, Uid = 1000 
06-09 06:44:59.685   551   610 W SocketListener: sending broadcast to Pid = 1306, Uid = 1000 
06-09 06:44:59.742  1306  1454 I chatty  : uid=1000(system) UEventObserver expire 10 lines
06-09 06:44:59.882  1306 10281 I chatty  : uid=1000(system) Binder:1306_1A expire 45 lines
06-09 06:45:00.301  1306  2464 I chatty  : uid=1000(system) watchdog expire 10 lines
06-09 06:45:54.608   551   610 W SocketListener: sending broadcast to Pid = 1306, Uid = 1000 
06-09 06:45:54.610  1306  2206 I chatty  : uid=1000(system) NetdConnector expire 34 lines
06-09 06:45:54.765  1306  1454 I chatty  : uid=1000(system) UEventObserver expire 15 lines
06-09 06:45:54.973  1306 10424 I chatty  : uid=1000(system) Binder:1306_1D expire 17 lines
06-09 06:45:55.036  1306  4344 I chatty  : uid=1000(system) Binder:1306_10 expire 16 lines
06-09 06:45:55.057   551   610 W SocketListener: sending broadcast to Pid = 1306, Uid = 1000 
06-09 06:45:59.564  1306  2243 I chatty  : uid=1000(system) ConnectivityThr expire 24 lines
06-09 06:45:59.723   707   707 I libgps  : proxy_agps_ril_update_network_state: connected(1), type(1:TYPE_WIFI), roaming(0)
06-09 06:45:59.724   707   707 I libgps  : proxy_agps_ril_update_network_availability: available(1), apn(cmnet)
06-09 06:45:59.743   707  2634 D libgps  : proxy_agps_ril_request_setid_cb: called.
06-09 06:45:59.757   707  2634 D libgps  : proxy_agps_ril_set_set_id: called.
06-09 06:46:00.398   551   611 W SocketListener: sending broadcast to Pid = 1306, Uid = 1000 
06-09 06:46:00.412   551   611 W SocketListener: sending broadcast to Pid = 1306, Uid = 1000 
06-09 06:46:00.412   551   611 W SocketListener: sending broadcast to Pid = 1306, Uid = 1000 
06-09 06:46:00.414  1306  1337 I chatty  : uid=1000(system) android.fg expire 14 lines
06-09 06:46:00.420   551   611 W SocketListener: sending broadcast to Pid = 1306, Uid = 1000 
06-09 06:46:00.445  2528  2528 I BoosterTelephonyCollector: getPhoneStateListener, bytes=[81, 79, 69, 77, 72, 79, 79, 75, 30, 32, 9, 0, 12, 0, 0, 0, 100, 0, 8, 0, 1, 0, 4, 0, 5, 0, 0, 0]
06-09 06:46:00.445  2528  2528 I BoosterTelephonyCollector: unsol oem Data, moduleID=100, moduleLen=8, msgID=1, msgLen=4
06-09 06:46:00.459  2528  2858 I BoosterVideoP: getErabIdFromUnsolData success, erabid=5
06-09 06:46:00.475  1306  2221 I chatty  : uid=1000(system) ConnectivitySer expire 127 lines
06-09 06:46:00.596  2528  2528 I DeepNoDisturbSM: onDataConnectionStateChanged,state=2,mTelephonyManager.getDataState()2,mPhoneId=0
06-09 06:46:00.605  1306  1338 I chatty  : uid=1000(system) android.io expire 12 lines
06-09 06:46:00.615  2528  2528 I DeepNoDisturbSM: IdleState processMessage msg.what=EVENT_DATA_CONNECTED
06-09 06:46:00.618  2528  2528 I DeepNoDisturbSM: isWifiConnected = true
06-09 06:46:00.626  2528  2528 I DeepNoDisturbSM: isNetworkTypeSuitDeepNoDisturbMode networkType = 13
06-09 06:46:00.626  2528  2528 I DeepNoDisturbSM: isCorrectState=true mIsCallOn=false mGameStatus=0 defaultDataSubId=0 default4GSlotId=0 mIsDefaultDataOn=true mIsScreenOn=false deepNoDisturbModeProp=true isDeepNoDisturbSwitchOn=false isGameDndSwitchOn=false isNetworkTypeSuitDeepNoDisturbMode=true isAirplaneModeOn()=false
06-09 06:46:00.627  2528  2528 I DeepNoDisturbSM: isNeedEnterDeepNoDisturbMode false
06-09 06:46:00.630  2528  2858 I BoosterGameP: handleStateChanged reason=3
06-09 06:46:00.630  2528  2858 E BoosterGameP: inValidCQI:-1
06-09 06:46:00.630  2528  2858 I BoosterVideoP: handleStateChanged reason=3
06-09 06:46:00.630  2528  2858 I BoosterVideoP: sendModemUnsolState false
06-09 06:46:00.630  2528  2858 I BoosterSwitchP: handleStateChanged reason=3
06-09 06:46:00.632  2528  2858 I DeepNoDisturbP: handleStateChanged reason=3
06-09 06:46:00.635  2528  2858 I HidataAppQoeP: handleStateChanged reason=3
06-09 06:46:00.635  2528  2858 I BrowserChrP: handleStateChanged
06-09 06:46:00.652  2528  2859 E HwCommBoosterManager: handleOemHookSetResp end error, ret=-2
06-09 06:46:00.655   551   610 W SocketListener: sending broadcast to Pid = 1306, Uid = 1000 
06-09 06:46:00.988  1306  2210 I chatty  : uid=1000(system) NetworkPolicy expire 20 lines
06-09 06:46:01.069   551   611 W SocketListener: sending broadcast to Pid = 1306, Uid = 1000 
06-09 06:46:01.100   707   707 I libgps  : proxy_agps_ril_update_network_state: connected(1), type(1:TYPE_WIFI), roaming(0)
06-09 06:46:01.101   707  2634 D libgps  : proxy_agps_ril_request_setid_cb: called.
06-09 06:46:01.101   707   707 I libgps  : proxy_agps_ril_update_network_availability: available(1), apn(cmnet)
06-09 06:46:01.102   551   611 W SocketListener: sending broadcast to Pid = 1306, Uid = 1000 
06-09 06:46:01.106   707  2634 D libgps  : proxy_agps_ril_set_set_id: called.
06-09 06:46:01.129  2528  2528 I DeepNoDisturbSM: onDataConnectionStateChanged,state=0,mTelephonyManager.getDataState()0,mPhoneId=0
06-09 06:46:01.139  2528  2528 I DeepNoDisturbSM: IdleState processMessage msg.what=EVENT_DATA_DISCONNECTED
06-09 06:46:01.139  2528  2528 I DeepNoDisturbSM: IdleState: default msg.what=5
06-09 06:46:01.172  2528  2858 I BoosterGameP: handleStateChanged reason=3
06-09 06:46:01.172  2528  2858 E BoosterGameP: inValidCQI:-1
06-09 06:46:01.172  2528  2858 I BoosterVideoP: handleStateChanged reason=3
06-09 06:46:01.172  2528  2858 I BoosterVideoP: sendModemUnsolState false
06-09 06:46:01.172  2528  2858 I BoosterSwitchP: handleStateChanged reason=3
06-09 06:46:01.172  2528  2858 I DeepNoDisturbP: handleStateChanged reason=3
06-09 06:46:01.172  2528  2858 I HidataAppQoeP: handleStateChanged reason=3
06-09 06:46:01.172  2528  2858 I BrowserChrP: handleStateChanged
06-09 06:46:01.183   707   707 I libgps  : proxy_agps_ril_update_network_state: connected(1), type(0:TYPE_MOBILE), roaming(0)
06-09 06:46:01.183   707  2634 D libgps  : proxy_agps_ril_request_setid_cb: called.
06-09 06:46:01.184   707   707 I libgps  : proxy_agps_ril_update_network_availability: available(1), apn(cmnet)
06-09 06:46:01.202  2528  2859 E HwCommBoosterManager: handleOemHookSetResp end error, ret=-2
06-09 06:46:01.204   707  2634 D libgps  : proxy_agps_ril_set_set_id: called.
06-09 06:46:01.258   707   707 I libgps  : proxy_agps_ril_update_network_availability: available(0), apn(cmnet)
06-09 06:46:01.258   707  2634 D libgps  : proxy_agps_ril_request_setid_cb: called.
06-09 06:46:01.265   707  2634 D libgps  : proxy_agps_ril_set_set_id: called.
06-09 06:46:03.502  1306  2527 I chatty  : uid=1000(system) AwareAppStartup expire 69 lines
06-09 06:46:18.603   551   610 W SocketListener: sending broadcast to Pid = 1306, Uid = 1000 
06-09 06:46:19.419  1306  2221 I chatty  : uid=1000(system) ConnectivitySer expire 164 lines
06-09 06:46:31.882  1306  9593 I chatty  : uid=1000(system) Binder:1306_18 expire 14 lines
06-09 06:46:33.183  4222  4239 W ContextImpl: Calling a method in the system process without a qualified user: android.app.ContextImpl.sendBroadcast:1151 android.content.ContextWrapper.sendBroadcast:444 com.huawei.android.pushagent.model.channel.entity.a.b.ty:474 com.huawei.android.pushagent.model.channel.entity.a.b.tk:440 com.huawei.android.pushagent.model.channel.entity.b.ul:51 
06-09 06:46:48.752  1306  1454 I chatty  : uid=1000(system) UEventObserver expire 10 lines
06-09 06:47:07.606   551   610 W SocketListener: sending broadcast to Pid = 1306, Uid = 1000 
06-09 06:47:07.609  1306  2206 I chatty  : uid=1000(system) NetdConnector expire 10 lines
06-09 06:47:07.617   551   610 W SocketListener: sending broadcast to Pid = 1306, Uid = 1000 
06-09 06:47:07.873  1306  1338 I chatty  : uid=1000(system) android.io expire 15 lines
06-09 06:48:34.598   551   616 W SocketListener: sending broadcast to Pid = 1306, Uid = 1000 
06-09 06:48:34.604   551   610 W SocketListener: sending broadcast to Pid = 1306, Uid = 1000 
06-09 06:48:34.743  1306  1454 I chatty  : uid=1000(system) UEventObserver expire 13 lines
06-09 06:48:34.848   551   610 W SocketListener: sending broadcast to Pid = 1306, Uid = 1000 
06-09 06:49:03.603   551   610 W SocketListener: sending broadcast to Pid = 1306, Uid = 1000 
06-09 06:49:03.605  1306  2206 I chatty  : uid=1000(system) NetdConnector expire 14 lines
06-09 06:49:03.607  1306  1337 I chatty  : uid=1000(system) android.fg expire 13 lines
06-09 06:49:03.616  1306  1306 I chatty  : uid=1000 system_server expire 27 lines
06-09 06:49:03.679   551   610 W SocketListener: sending broadcast to Pid = 1306, Uid = 1000 
06-09 06:49:03.842  1306 10282 I chatty  : uid=1000(system) Binder:1306_1B expire 15 lines
06-09 06:49:05.895  1306  1454 I chatty  : uid=1000(system) UEventObserver expire 17 lines
06-09 06:49:06.203   697   781 I storaged: storaged_t::event: storage_info refreshed.
06-09 06:49:07.886  2528  3084 I BoosterSwitchP: notifyUidState do nothing
06-09 06:49:07.886  2528  3084 I DeepNoDisturbP: notifyUidState
06-09 06:49:07.886  2528  3084 I HidataAppQoeP: notifyUidState
06-09 06:49:07.888  2528  3084 I BrowserChrP: notifyUidState
06-09 06:49:52.603   551   610 W SocketListener: sending broadcast to Pid = 1306, Uid = 1000 
06-09 06:50:19.607   551   610 W SocketListener: sending broadcast to Pid = 1306, Uid = 1000 
06-09 06:50:19.607   551   610 I chatty  : uid=0(root) /system/bin/netd identical 1 line
06-09 06:50:19.607   551   610 W SocketListener: sending broadcast to Pid = 1306, Uid = 1000 
06-09 06:52:04.609   551   610 W SocketListener: sending broadcast to Pid = 1306, Uid = 1000 
06-09 06:52:04.628  1306  1306 I chatty  : uid=1000 system_server expire 12 lines
06-09 06:52:04.645  1306  1467 I chatty  : uid=1000(system) AlarmManager expire 26 lines
06-09 06:52:04.705  1306  2295 I chatty  : uid=1000(system) SyncManager expire 45 lines
06-09 06:52:04.735   551   610 W SocketListener: sending broadcast to Pid = 1306, Uid = 1000 
06-09 06:52:04.738  1306  2206 I chatty  : uid=1000(system) NetdConnector expire 10 lines
06-09 06:52:04.754  1306  1454 I chatty  : uid=1000(system) UEventObserver expire 10 lines
06-09 06:52:04.904  1306  2916 I chatty  : uid=1000(system) Binder:1306_9 expire 19 lines
06-09 06:52:33.604   551   610 W SocketListener: sending broadcast to Pid = 1306, Uid = 1000 
06-09 06:52:33.608  1306  2527 I chatty  : uid=1000(system) AwareAppStartup expire 69 lines
06-09 06:52:33.823  1306  1306 I chatty  : uid=1000 system_server expire 14 lines
06-09 06:52:33.841  1306 10281 I chatty  : uid=1000(system) Binder:1306_1A expire 17 lines
06-09 06:52:33.873   551   610 W SocketListener: sending broadcast to Pid = 1306, Uid = 1000 
06-09 06:53:17.605   551   610 W SocketListener: sending broadcast to Pid = 1306, Uid = 1000 
06-09 06:53:17.632  1306 10281 I chatty  : uid=1000(system) Binder:1306_1A expire 34 lines
06-09 06:53:17.654  1306  2295 I chatty  : uid=1000(system) SyncManager expire 45 lines
06-09 06:53:17.737  1306  1320 I chatty  : uid=1000(system) Binder:1306_2 expire 39 lines
06-09 06:53:17.779  1306  1454 I chatty  : uid=1000(system) UEventObserver expire 10 lines
06-09 06:53:39.604   551   610 W SocketListener: sending broadcast to Pid = 1306, Uid = 1000 
06-09 06:53:39.604  1306  1338 I chatty  : uid=1000(system) android.io expire 10 lines
06-09 06:53:39.606  1306  2206 I chatty  : uid=1000(system) NetdConnector expire 10 lines
06-09 06:53:39.611   551   610 W SocketListener: sending broadcast to Pid = 1306, Uid = 1000 
06-09 06:53:39.887  1306  1306 I chatty  : uid=1000 system_server expire 10 lines
06-09 06:53:39.891   551   610 W SocketListener: sending broadcast to Pid = 1306, Uid = 1000 
06-09 06:53:39.895  1306  1337 I chatty  : uid=1000(system) android.fg expire 13 lines
06-09 06:53:49.730  1306  1454 I chatty  : uid=1000(system) UEventObserver expire 10 lines
06-09 06:54:29.603   551   610 W SocketListener: sending broadcast to Pid = 1306, Uid = 1000 
06-09 06:54:29.616   551   610 W SocketListener: sending broadcast to Pid = 1306, Uid = 1000 
06-09 06:54:29.622  1306  1306 I chatty  : uid=1000 system_server expire 80 lines
06-09 06:54:29.679  1306 10281 I chatty  : uid=1000(system) Binder:1306_1A expire 12 lines
06-09 06:54:29.758  1306  1454 I chatty  : uid=1000(system) UEventObserver expire 10 lines
06-09 06:54:30.690  1306  4064 I chatty  : uid=1000(system) Binder:1306_E expire 16 lines
06-09 06:54:30.694  1306  9593 I chatty  : uid=1000(system) Binder:1306_18 expire 40 lines
06-09 06:56:03.604   551   610 W SocketListener: sending broadcast to Pid = 1306, Uid = 1000 
06-09 06:56:03.606  1306  2206 I chatty  : uid=1000(system) NetdConnector expire 62 lines
06-09 06:56:03.954  1306  1306 I chatty  : uid=1000 system_server expire 37 lines
06-09 06:56:03.979  1306  1320 I chatty  : uid=1000(system) Binder:1306_2 expire 20 lines
06-09 06:56:04.025   551   610 W SocketListener: sending broadcast to Pid = 1306, Uid = 1000 
06-09 06:56:04.141  1306  2829 I chatty  : uid=1000(system) Binder:1306_7 expire 24 lines
06-09 06:56:04.544   551   616 W SocketListener: sending broadcast to Pid = 1306, Uid = 1000 
06-09 06:56:08.720  1306  2243 I chatty  : uid=1000(system) ConnectivityThr expire 24 lines
06-09 06:56:08.871   707   707 I libgps  : proxy_agps_ril_update_network_state: connected(1), type(1:TYPE_WIFI), roaming(0)
06-09 06:56:08.873   707   707 I libgps  : proxy_agps_ril_update_network_availability: available(1), apn(cmnet)
06-09 06:56:08.886   707  2634 D libgps  : proxy_agps_ril_request_setid_cb: called.
06-09 06:56:08.890   707  2634 D libgps  : proxy_agps_ril_set_set_id: called.
06-09 06:56:09.091   551   611 W SocketListener: sending broadcast to Pid = 1306, Uid = 1000 
06-09 06:56:09.093   551   611 W SocketListener: sending broadcast to Pid = 1306, Uid = 1000 
06-09 06:56:09.100   551   611 W SocketListener: sending broadcast to Pid = 1306, Uid = 1000 
06-09 06:56:09.104   551   611 W SocketListener: sending broadcast to Pid = 1306, Uid = 1000 
06-09 06:56:09.223   551   610 W SocketListener: sending broadcast to Pid = 1306, Uid = 1000 
06-09 06:56:09.636  2528  2528 I BoosterTelephonyCollector: getPhoneStateListener, bytes=[81, 79, 69, 77, 72, 79, 79, 75, 30, 32, 9, 0, 12, 0, 0, 0, 100, 0, 8, 0, 1, 0, 4, 0, 5, 0, 0, 0]
06-09 06:56:09.636  2528  2528 I BoosterTelephonyCollector: unsol oem Data, moduleID=100, moduleLen=8, msgID=1, msgLen=4
06-09 06:56:09.656  2528  2858 I BoosterVideoP: getErabIdFromUnsolData success, erabid=5
06-09 06:56:09.708  2528  2528 I DeepNoDisturbSM: onDataConnectionStateChanged,state=2,mTelephonyManager.getDataState()2,mPhoneId=0
06-09 06:56:09.722  2528  2858 I BoosterGameP: handleStateChanged reason=3
06-09 06:56:09.722  2528  2858 E BoosterGameP: inValidCQI:-1
06-09 06:56:09.722  2528  2858 I BoosterVideoP: handleStateChanged reason=3
06-09 06:56:09.722  2528  2858 I BoosterVideoP: sendModemUnsolState false
06-09 06:56:09.722  2528  2858 I BoosterSwitchP: handleStateChanged reason=3
06-09 06:56:09.722  2528  2858 I DeepNoDisturbP: handleStateChanged reason=3
06-09 06:56:09.722  2528  2858 I HidataAppQoeP: handleStateChanged reason=3
06-09 06:56:09.722  2528  2858 I BrowserChrP: handleStateChanged
06-09 06:56:09.722  2528  2528 I DeepNoDisturbSM: IdleState processMessage msg.what=EVENT_DATA_CONNECTED
06-09 06:56:09.724  2528  2528 I DeepNoDisturbSM: isWifiConnected = true
06-09 06:56:09.730  2528  2528 I DeepNoDisturbSM: isNetworkTypeSuitDeepNoDisturbMode networkType = 13
06-09 06:56:09.730  2528  2528 I DeepNoDisturbSM: isCorrectState=true mIsCallOn=false mGameStatus=0 defaultDataSubId=0 default4GSlotId=0 mIsDefaultDataOn=true mIsScreenOn=false deepNoDisturbModeProp=true isDeepNoDisturbSwitchOn=false isGameDndSwitchOn=false isNetworkTypeSuitDeepNoDisturbMode=true isAirplaneModeOn()=false
06-09 06:56:09.730  2528  2528 I DeepNoDisturbSM: isNeedEnterDeepNoDisturbMode false
06-09 06:56:09.730  2528  2859 E HwCommBoosterManager: handleOemHookSetResp end error, ret=-2
06-09 06:56:09.895  1306  4734 I chatty  : uid=1000(system) Binder:1306_12 expire 56 lines
06-09 06:56:09.921  2528  2858 I HidataAppQoeP: receiveAPModuleData,dataTypeId=301
06-09 06:56:09.921  2528  2858 I HidataAppQoeP: HIDATA_START_CELLULAR_APP_QOE_MONITOR appUid=10111,time=3000
06-09 06:56:09.944   707   707 I libgps  : proxy_agps_ril_update_network_state: connected(1), type(0:TYPE_MOBILE), roaming(0)
06-09 06:56:09.945   707  2634 D libgps  : proxy_agps_ril_request_setid_cb: called.
06-09 06:56:09.945   707   707 I libgps  : proxy_agps_ril_update_network_availability: available(1), apn(cmnet)
06-09 06:56:09.949   707  2634 D libgps  : proxy_agps_ril_set_set_id: called.
06-09 06:56:09.966  5346  5346 W SettingsEx: SettingsEx.Systemex.getInt deprecated use Settings.System.getInt instead ;callers=com.huawei.recsys.util.SystemUtil.getNotificationUpdateMode:190 com.huawei.recsys.util.SystemUtil.isAllowUpdate:122 com.huawei.recsys.controller.notification.http.UpgradeManager.onNetChange:281 
06-09 06:56:09.968  5346  5346 W SettingsEx: SettingsEx.Systemex.getInt deprecated use Settings.System.getInt instead ;callers=com.huawei.recsys.util.SystemUtil.getNotificationUpdateMode:190 com.huawei.recsys.util.SystemUtil.isAllowUpdate:122 com.huawei.recsys.controller.notification.http.UpgradeManager.onNetChange:281 
06-09 06:56:09.989 14624 14624 W ContextImpl: Calling a method in the system process without a qualified user: android.app.ContextImpl.startService:1760 android.content.ContextWrapper.startService:664 com.huawei.systemmanager.rainbow.client.background.service.CloudBroadcastHandlerService.startRainbowCommonService:121 com.huawei.systemmanager.rainbow.client.background.service.CloudBroadcastHandlerService.access$000:23 com.huawei.systemmanager.rainbow.client.background.service.CloudBroadcastHandlerService$1.onReceive:90 
06-09 06:56:10.033  1306  2923 I chatty  : uid=1000(system) Binder:1306_A expire 14 lines
06-09 06:56:10.099  1306  2221 I chatty  : uid=1000(system) ConnectivitySer expire 117 lines
06-09 06:56:10.121   551   611 W SocketListener: sending broadcast to Pid = 1306, Uid = 1000 
06-09 06:56:10.123  1306  1337 I chatty  : uid=1000(system) android.fg expire 12 lines
06-09 06:56:10.135   551   611 W SocketListener: sending broadcast to Pid = 1306, Uid = 1000 
06-09 06:56:10.154  2528  2528 I DeepNoDisturbSM: onDataConnectionStateChanged,state=0,mTelephonyManager.getDataState()0,mPhoneId=0
06-09 06:56:10.171  2528  2528 I DeepNoDisturbSM: IdleState processMessage msg.what=EVENT_DATA_DISCONNECTED
06-09 06:56:10.171  2528  2858 I BoosterGameP: handleStateChanged reason=3
06-09 06:56:10.171  2528  2858 E BoosterGameP: inValidCQI:-1
06-09 06:56:10.171  2528  2528 I DeepNoDisturbSM: IdleState: default msg.what=5
06-09 06:56:10.171  2528  2858 I BoosterVideoP: handleStateChanged reason=3
06-09 06:56:10.171  2528  2858 I BoosterVideoP: sendModemUnsolState false
06-09 06:56:10.171  2528  2858 I BoosterSwitchP: handleStateChanged reason=3
06-09 06:56:10.171  2528  2858 I DeepNoDisturbP: handleStateChanged reason=3
06-09 06:56:10.171  2528  2858 I HidataAppQoeP: handleStateChanged reason=3
06-09 06:56:10.171  2528  2858 I BrowserChrP: handleStateChanged
06-09 06:56:10.187  2528  2859 E HwCommBoosterManager: handleOemHookSetResp end error, ret=-2
06-09 06:56:10.270  5346  5346 W SettingsEx: SettingsEx.Systemex.getInt deprecated use Settings.System.getInt instead ;callers=com.huawei.recsys.util.SystemUtil.getNotificationUpdateMode:190 com.huawei.recsys.util.SystemUtil.isAllowUpdate:122 com.huawei.recsys.controller.notification.http.UpgradeManager.onNetChange:281 
06-09 06:56:10.275  2528  2858 I HidataAppQoeP: receiveAPModuleData,dataTypeId=302
06-09 06:56:10.293 14624 14624 W ContextImpl: Calling a method in the system process without a qualified user: android.app.ContextImpl.startService:1760 android.content.ContextWrapper.startService:664 com.huawei.systemmanager.rainbow.client.background.service.CloudBroadcastHandlerService.startRainbowCommonService:121 com.huawei.systemmanager.rainbow.client.background.service.CloudBroadcastHandlerService.access$000:23 com.huawei.systemmanager.rainbow.client.background.service.CloudBroadcastHandlerService$1.onReceive:90 
06-09 06:56:10.301  5346  5346 W SettingsEx: SettingsEx.Systemex.getInt deprecated use Settings.System.getInt instead ;callers=com.huawei.recsys.util.SystemUtil.getNotificationUpdateMode:190 com.huawei.recsys.util.SystemUtil.isAllowUpdate:122 com.huawei.recsys.controller.notification.http.UpgradeManager.onNetChange:281 
06-09 06:56:10.318   707   707 I libgps  : proxy_agps_ril_update_network_state: connected(1), type(1:TYPE_WIFI), roaming(0)
06-09 06:56:10.318   707  2634 D libgps  : proxy_agps_ril_request_setid_cb: called.
06-09 06:56:10.318   707   707 I libgps  : proxy_agps_ril_update_network_availability: available(1), apn(cmnet)
06-09 06:56:10.325   707  2634 D libgps  : proxy_agps_ril_set_set_id: called.
06-09 06:56:10.458   707  2634 D libgps  : proxy_agps_ril_request_setid_cb: called.
06-09 06:56:10.458   707   707 I libgps  : proxy_agps_ril_update_network_availability: available(0), apn(cmnet)
06-09 06:56:10.460   707  2634 D libgps  : proxy_agps_ril_set_set_id: called.
06-09 06:56:10.478  1306  9593 I chatty  : uid=1000(system) Binder:1306_18 expire 14 lines
06-09 06:56:10.489  1306  2277 I chatty  : uid=1000(system) HwWMStateMachin expire 14 lines
06-09 06:56:10.508  1306  1319 I chatty  : uid=1000(system) Binder:1306_1 expire 26 lines
06-09 06:56:11.208  1306  1338 I chatty  : uid=1000(system) android.io expire 10 lines
06-09 06:56:20.416   551   610 W SocketListener: sending broadcast to Pid = 1306, Uid = 1000 
06-09 06:56:20.419  1306  2206 I chatty  : uid=1000(system) NetdConnector expire 12 lines
06-09 06:56:31.745  1306  1454 I chatty  : uid=1000(system) UEventObserver expire 10 lines
06-09 06:57:19.604   551   610 W SocketListener: sending broadcast to Pid = 1306, Uid = 1000 
06-09 06:57:19.610   551   610 W SocketListener: sending broadcast to Pid = 1306, Uid = 1000 
06-09 06:58:10.608   551   610 W SocketListener: sending broadcast to Pid = 1306, Uid = 1000 
06-09 06:58:10.629   551   610 W SocketListener: sending broadcast to Pid = 1306, Uid = 1000 
06-09 06:58:10.670  1306  2243 I chatty  : uid=1000(system) ConnectivityThr expire 18 lines
06-09 06:58:10.726  1306  1328 I chatty  : uid=1000(system) ActivityManager expire 11 lines
06-09 06:58:10.729  1306  1306 I chatty  : uid=1000 system_server expire 18 lines
06-09 06:58:10.741  1306  1454 I chatty  : uid=1000(system) UEventObserver expire 10 lines
06-09 06:58:10.867  1306  1338 I chatty  : uid=1000(system) android.io expire 10 lines
06-09 06:58:35.606   551   610 W SocketListener: sending broadcast to Pid = 1306, Uid = 1000 
06-09 06:58:35.608  1306  2206 I chatty  : uid=1000(system) NetdConnector expire 10 lines
06-09 06:58:35.627  1306 10424 I chatty  : uid=1000(system) Binder:1306_1D expire 36 lines
06-09 06:58:35.638   551   610 W SocketListener: sending broadcast to Pid = 1306, Uid = 1000 
06-09 06:58:51.604   551   610 W SocketListener: sending broadcast to Pid = 1306, Uid = 1000 
06-09 06:58:51.616   551   610 W SocketListener: sending broadcast to Pid = 1306, Uid = 1000 
06-09 06:58:51.752  1306  1454 I chatty  : uid=1000(system) UEventObserver expire 10 lines
06-09 06:58:52.949  1306  2527 I chatty  : uid=1000(system) AwareAppStartup expire 71 lines
06-09 06:59:11.604   551   610 W SocketListener: sending broadcast to Pid = 1306, Uid = 1000 
06-09 06:59:11.737  1306  1454 I chatty  : uid=1000(system) UEventObserver expire 10 lines
06-09 06:59:40.641  1306 10424 I chatty  : uid=1000(system) Binder:1306_1D expire 36 lines
06-09 06:59:40.659   551   610 W SocketListener: sending broadcast to Pid = 1306, Uid = 1000 
06-09 06:59:40.662  1306  2206 I chatty  : uid=1000(system) NetdConnector expire 14 lines
06-09 06:59:40.664  1306  1337 I chatty  : uid=1000(system) android.fg expire 14 lines
06-09 06:59:40.721  1306  1319 I chatty  : uid=1000(system) Binder:1306_1 expire 12 lines
06-09 06:59:41.639   551   616 W SocketListener: sending broadcast to Pid = 1306, Uid = 1000 
06-09 06:59:46.750  1306  1454 I chatty  : uid=1000(system) UEventObserver expire 55 lines
06-09 06:59:48.840  1306  4179 I chatty  : uid=1000(system) Binder:1306_F expire 38 lines
06-09 06:59:52.598   697   781 I storaged: storaged_t::event: storage_info refreshed.
06-09 06:59:52.598   697   781 I storaged: storaged_t::event: Pidm reported.
06-09 06:59:52.610   697   781 E storaged: pid_info get_pids failed
06-09 06:59:53.281  1306  1338 I chatty  : uid=1000(system) android.io expire 13 lines
06-09 07:00:00.073  1306  4841 I chatty  : uid=1000(system) backup expire 5 lines
06-09 07:00:00.106  1306  2233 I chatty  : uid=1000(system) AudioService expire 3 lines
06-09 07:00:00.167  1306  4954 I chatty  : uid=1000(system) Binder:1306_14 expire 35 lines
06-09 07:00:50.606   551   610 W SocketListener: sending broadcast to Pid = 1306, Uid = 1000 
06-09 07:00:50.613   551   610 W SocketListener: sending broadcast to Pid = 1306, Uid = 1000 
06-09 07:00:50.625  1306  1306 I chatty  : uid=1000 system_server expire 24 lines
06-09 07:00:50.656  1306  2332 I chatty  : uid=1000(system) Binder:1306_5 expire 62 lines
06-09 07:00:50.657  1306  2209 I chatty  : uid=1000(system) NetworkStats expire 16 lines
06-09 07:00:50.669  1306  2829 I chatty  : uid=1000(system) Binder:1306_7 expire 13 lines
06-09 07:00:50.722  1306  1319 I chatty  : uid=1000(system) Binder:1306_1 expire 33 lines
06-09 07:00:50.813  1306  4954 I chatty  : uid=1000(system) Binder:1306_14 expire 13 lines
06-09 07:01:21.605   551   610 W SocketListener: sending broadcast to Pid = 1306, Uid = 1000 
06-09 07:01:21.734  1306  1454 I chatty  : uid=1000(system) UEventObserver expire 20 lines
06-09 07:01:22.181  1306  1306 I chatty  : uid=1000 system_server expire 11 lines
06-09 07:01:22.199  1306  4954 I chatty  : uid=1000(system) Binder:1306_14 expire 13 lines
06-09 07:01:22.353   551   610 W SocketListener: sending broadcast to Pid = 1306, Uid = 1000 
06-09 07:01:44.606   551   610 W SocketListener: sending broadcast to Pid = 1306, Uid = 1000 
06-09 07:01:44.607  1306  2206 I chatty  : uid=1000(system) NetdConnector expire 10 lines
06-09 07:01:44.617   551   610 W SocketListener: sending broadcast to Pid = 1306, Uid = 1000 
06-09 07:01:45.005  1306  4179 I chatty  : uid=1000(system) Binder:1306_F expire 25 lines
06-09 07:01:45.659  1306  2221 I chatty  : uid=1000(system) ConnectivitySer expire 35 lines
06-09 07:01:53.614  1306  1334 I chatty  : uid=1000(system) keyAppHanderThr expire 15 lines
06-09 07:01:54.809  1306  2829 I chatty  : uid=1000(system) Binder:1306_7 expire 28 lines
06-09 07:02:26.604   551   610 W SocketListener: sending broadcast to Pid = 1306, Uid = 1000 
06-09 07:02:26.756  1306  1454 I chatty  : uid=1000(system) UEventObserver expire 10 lines
06-09 07:03:10.797  1306  4954 I chatty  : uid=1000(system) Binder:1306_14 expire 20 lines
06-09 07:03:10.820   551   610 W SocketListener: sending broadcast to Pid = 1306, Uid = 1000 
06-09 07:03:10.869  1306  4179 I chatty  : uid=1000(system) Binder:1306_F expire 36 lines
06-09 07:03:10.907  1306  4344 I chatty  : uid=1000(system) Binder:1306_10 expire 16 lines
06-09 07:03:11.581  1306  1338 I chatty  : uid=1000(system) android.io expire 15 lines
06-09 07:04:20.603   551   610 W SocketListener: sending broadcast to Pid = 1306, Uid = 1000 
06-09 07:04:20.647   551   610 W SocketListener: sending broadcast to Pid = 1306, Uid = 1000 
06-09 07:04:20.648  1306  2206 I chatty  : uid=1000(system) NetdConnector expire 14 lines
06-09 07:04:20.733  1306  1454 I chatty  : uid=1000(system) UEventObserver expire 10 lines
06-09 07:04:37.144   551   616 W SocketListener: sending broadcast to Pid = 1306, Uid = 1000 
06-09 07:04:37.155  1306  1337 I chatty  : uid=1000(system) android.fg expire 13 lines
06-09 07:04:37.219  1306  4954 I chatty  : uid=1000(system) Binder:1306_14 expire 73 lines
06-09 07:04:38.614  1306  1454 I chatty  : uid=1000(system) UEventObserver expire 10 lines
06-09 07:05:01.608   551   610 W SocketListener: sending broadcast to Pid = 1306, Uid = 1000 
06-09 07:05:01.750  1306  1454 I chatty  : uid=1000(system) UEventObserver expire 10 lines
06-09 07:05:01.795  1306  1306 I chatty  : uid=1000 system_server expire 31 lines
06-09 07:05:01.814   551   610 W SocketListener: sending broadcast to Pid = 1306, Uid = 1000 
06-09 07:05:24.605   551   610 W SocketListener: sending broadcast to Pid = 1306, Uid = 1000 
06-09 07:05:24.709   551   610 W SocketListener: sending broadcast to Pid = 1306, Uid = 1000 
06-09 07:05:25.105  1306  4954 I chatty  : uid=1000(system) Binder:1306_14 expire 70 lines
