05-26 15:37:34.773  1306  1329 I StatusBarDisable: setFlags what=0 which=1 pkg=Window{3b85148 u0 com.android.settings/com.android.settings.Settings$DevelopmentSettingsActivity}
05-26 15:37:34.791  5219  5219 D MtpReceiver: Debug MTP:ACTION_USB_STATE 
05-26 15:37:34.797  5219  5219 D MtpReceiver: handleUsbState startService
05-26 15:37:34.797  5219  5219 D MtpReceiver: Debug MTP:srart MTP service 
05-26 15:37:34.798  5219  5262 D MediaProvider: fixParentIdIfNeeded called
05-26 15:37:34.803  5219  5219 D MtpService: Cannot launch second MTP server.
05-26 15:37:34.821  1306  1447 V WindowManager: Exit animation finished in Window{2ccc254 u0 com.android.settings/com.android.settings.Settings$DevelopmentSettingsActivity EXITING}: remove=true
05-26 15:37:34.821  1306  1447 E WindowManager: win=Window{2ccc254 u0 com.android.settings/com.android.settings.Settings$DevelopmentSettingsActivity EXITING} destroySurfaces: appStopped=false win.mWindowRemovalAllowed=true win.mRemoveOnExit=true
05-26 15:37:34.824  1306  1447 V WindowManager: postWindowRemoveCleanupLocked: Window{2ccc254 u0 com.android.settings/com.android.settings.Settings$DevelopmentSettingsActivity}
05-26 15:37:34.824  1306  1447 V WindowManager: Removing Window{2ccc254 u0 com.android.settings/com.android.settings.Settings$DevelopmentSettingsActivity} from AppWindowToken{916194 token=Token{65a01e7 ActivityRecord{fa873a6 u0 com.android.settings/.Settings$DevelopmentSettingsActivity t28176}}}
05-26 15:37:34.830  1306  1329 I StatusBarDisable: setFlags what=0 which=1 pkg=Window{3b85148 u0 com.android.settings/com.android.settings.Settings$DevelopmentSettingsActivity}
05-26 15:37:34.835 17103 17108 I adbd    : initializing functionfs
05-26 15:37:34.835 17103 17108 I adbd    : opening control endpoint /dev/usb-ffs/adb/ep0
05-26 15:37:34.837 17103 17108 I adbd    : functionfs successfully initialized
05-26 15:37:34.838 17103 17108 I adbd    : registering usb transport
05-26 15:37:34.847  1306  1329 I StatusBarDisable: setFlags what=0 which=1 pkg=Window{3b85148 u0 com.android.settings/com.android.settings.Settings$DevelopmentSettingsActivity}
05-26 15:37:34.894 14453 14453 W ContextImpl: Calling a method in the system process without a qualified user: android.app.ContextImpl.startService:1760 android.content.ContextWrapper.startService:664 android.content.ContextWrapper.startService:664 com.android.settings.deviceinfo.UsbReceiver.startUsbService:304 com.android.settings.deviceinfo.UsbReceiver.onUsbStateReceive:165 
05-26 15:37:34.896 14453 14453 W ContextImpl: Calling a method in the system process without a qualified user: android.app.ContextImpl.startService:1760 android.content.ContextWrapper.startService:664 android.content.ContextWrapper.startService:664 com.android.settings.deviceinfo.UsbReceiver.startUsbService:304 com.android.settings.deviceinfo.UsbReceiver.onUsbStateReceive:212 
05-26 15:37:34.903  1306  1328 V BroadcastQueue: Finished with ordered broadcast BroadcastRecord{7ff3d9 u-1 android.hardware.usb.action.USB_STATE}
05-26 15:37:34.912  1306  1337 I NotificationService: enqueueNotificationInternal: pkg=android id=26 notification=Notification(channel=DEVELOPER pri=0 contentView=null vibrate=null sound=null tick defaults=0x0 flags=0x2 color=0x00000000 vis=PUBLIC)
05-26 15:37:34.913  1306  1337 I NotificationService: enqueueNotificationInternal Channel Info : pkg=android id=26 importance =2
05-26 15:37:34.917  1306  1337 W Looper  : Slow dispatch took 291ms android.fg h=com.android.server.usb.UsbDeviceManager$UsbHandlerLegacy c=null m=1
05-26 15:37:34.933  2340  3407 I chatty  : uid=10039(com.huawei.HwMultiScreenShot) Thread-7 expire 1 line
05-26 15:37:34.954  2340 17115 I chatty  : uid=10039(com.huawei.HwMultiScreenShot) com.android.systemui expire 7 lines
05-26 15:37:34.954  2340 17116 I chatty  : uid=10039(com.huawei.HwMultiScreenShot) com.android.systemui expire 7 lines
05-26 15:37:34.954  2340 17113 I chatty  : uid=10039(com.huawei.HwMultiScreenShot) com.android.systemui expire 14 lines
05-26 15:37:34.954  2340 17114 I chatty  : uid=10039(com.huawei.HwMultiScreenShot) com.android.systemui expire 7 lines
05-26 15:37:34.969  2528  3175 I chatty  : uid=1000(system) UEventObserver expire 8 lines
05-26 15:37:35.072  5219  5219 D MtpReceiver: Debug MTP:ACTION_USB_STATE 
05-26 15:37:35.111   544   549 I HISEC   : [STATIC      ] static check started
05-26 15:37:35.111   544   548 I iMonitor: create: 940001000
05-26 15:37:35.111   544   548 I iMonitor: send: 940001000
05-26 15:37:35.111   544   548 I HISEC   : [ENGINE      ] upload threat succeed: name:usb-debug,stat:RISK,cred:Y,seq:186,table: 0 0 0 2,errno:#1y,detail:"CONFIGURED"
05-26 15:37:35.118  2960  3661 I         : DPTEST  EventId is not need Hash
05-26 15:37:35.178 14453 14453 W ContextImpl: Calling a method in the system process without a qualified user: android.app.ContextImpl.startService:1760 android.content.ContextWrapper.startService:664 android.content.ContextWrapper.startService:664 com.android.settings.deviceinfo.UsbReceiver.startUsbService:304 com.android.settings.deviceinfo.UsbReceiver.onUsbStateReceive:165 
05-26 15:37:35.182 14453 14453 W ContextImpl: Calling a method in the system process without a qualified user: android.app.ContextImpl.startService:1760 android.content.ContextWrapper.startService:664 android.content.ContextWrapper.startService:664 com.android.settings.deviceinfo.UsbReceiver.startUsbService:304 com.android.settings.deviceinfo.UsbReceiver.onUsbStateReceive:212 
05-26 15:37:35.191  1306  1329 I WindowManager: onProposedRotationChanged, rotation=0
05-26 15:37:35.193  1306  1328 V BroadcastQueue: Finished with ordered broadcast BroadcastRecord{df2f495 u-1 android.hardware.usb.action.USB_STATE}
05-26 15:37:35.193  1306  1329 I WindowManager: MyOrientationListener: updateRotation.
05-26 15:37:35.199  1306  1329 V WindowManager: removeIfPossible: Window{99c0e20 u0 android}
05-26 15:37:35.202  1306  1329 V WindowManager: postWindowRemoveCleanupLocked: Window{99c0e20 u0 android}
05-26 15:37:35.203  1306  1329 V WindowManager: Removing Window{99c0e20 u0 android} from WindowToken{d209923 android.view.ViewRootImpl$W@b323252}
05-26 15:37:35.204  5219  5219 D MtpReceiver: Debug MTP:ACTION_USB_STATE 
05-26 15:37:35.205  5219  5219 D MtpReceiver: handleUsbState startService
05-26 15:37:35.205  5219  5219 D MtpReceiver: Debug MTP:srart MTP service 
05-26 15:37:35.205  5219  5262 D MediaProvider: fixParentIdIfNeeded called
05-26 15:37:35.210  5219  5219 D MtpService: starting MTP server in MTP mode with storage /storage/emulated/0 unlocked as user 0
05-26 15:37:35.211  5219  5219 I HWSERVICES: hwnative_get_component:libstagefright,Scanner
05-26 15:37:35.214  5219  5219 I StagefrightMediaScannerEx: StagefrightMediaScanner Constructor
05-26 15:37:35.255  5219  5227 W System  : A resource failed to call close. 
05-26 15:37:35.256  5219  5227 I StagefrightMediaScannerEx: StagefrightMediaScanner destructor
05-26 15:37:35.260  1306  1329 V WindowManager: addWindow: Window{399a477 u0 android}
05-26 15:37:35.286  1306  1329 I StatusBarDisable: setFlags what=0 which=1 pkg=Window{3b85148 u0 com.android.settings/com.android.settings.Settings$DevelopmentSettingsActivity}
05-26 15:37:35.287  1306  1329 I StatusBarDisable: setFlags what=0 which=1 pkg=Window{3b85148 u0 com.android.settings/com.android.settings.Settings$DevelopmentSettingsActivity}
05-26 15:37:35.311  1306  1329 I WindowManager: onProposedRotationChanged, rotation=0
05-26 15:37:35.312 14453 14453 W ContextImpl: Calling a method in the system process without a qualified user: android.app.ContextImpl.startService:1760 android.content.ContextWrapper.startService:664 android.content.ContextWrapper.startService:664 com.android.settings.deviceinfo.UsbReceiver.startUsbService:304 com.android.settings.deviceinfo.UsbReceiver.onUsbStateReceive:165 
05-26 15:37:35.313  1306  1329 I WindowManager: MyOrientationListener: updateRotation.
05-26 15:37:35.316 14453 14453 W ContextImpl: Calling a method in the system process without a qualified user: android.app.ContextImpl.startService:1760 android.content.ContextWrapper.startService:664 android.content.ContextWrapper.startService:664 com.android.settings.deviceinfo.UsbReceiver.startUsbService:304 com.android.settings.deviceinfo.UsbReceiver.onUsbStateReceive:212 
05-26 15:37:35.318  1306  1329 V WindowManager: removeIfPossible: Window{399a477 u0 android}
05-26 15:37:35.320  1306  1329 V WindowManager: postWindowRemoveCleanupLocked: Window{399a477 u0 android}
05-26 15:37:35.320  1306  1329 V WindowManager: Removing Window{399a477 u0 android} from WindowToken{e0dc676 android.view.ViewRootImpl$W@c5b4511}
05-26 15:37:35.327  1306  1328 V BroadcastQueue: Finished with ordered broadcast BroadcastRecord{735b9aa u-1 android.hardware.usb.action.USB_STATE}
05-26 15:37:35.355  1306  1329 V WindowManager: addWindow: Window{b5f3f50 u0 android}
05-26 15:37:35.371  1306  1329 I StatusBarDisable: setFlags what=0 which=1 pkg=Window{3b85148 u0 com.android.settings/com.android.settings.Settings$DevelopmentSettingsActivity}
05-26 15:37:35.372  1306  1329 I StatusBarDisable: setFlags what=0 which=1 pkg=Window{3b85148 u0 com.android.settings/com.android.settings.Settings$DevelopmentSettingsActivity}
05-26 15:37:35.394  5219  5219 D MediaScanner: setStorageEjectFlag flag = 0
05-26 15:37:35.397  5219  5219 I MtpService: Couldn't get control FD!
05-26 15:37:35.397  5219  5219 I HWSERVICES: hwnative_get_component_mtpServer  comes...
05-26 15:37:35.398  5219  5219 V MtpServerEx: constructor
05-26 15:37:35.398  5219  5219 I HwMtpServerExJNI: set MtpServerEx 0x73c943ac00
05-26 15:37:35.398  5219  5219 I HwMtpServerExJNI: Finish to setup MtpServer
05-26 15:37:35.403  2528  2528 I chatty  : uid=1000(system) com.huawei.systemserver expire 12 lines
05-26 15:37:35.404  2528  2858 I HidataAppQoeP: handleStateChanged reason=6
05-26 15:37:35.404  2528  2858 I BrowserChrP: handleStateChanged
05-26 15:37:35.405  5219  5219 V MtpService: Adding MTP storage:/storage/emulated/0
05-26 15:37:35.407  5219  5219 E MtpDatabase: addStorageId : 65537
05-26 15:37:35.408  5219  5219 E HwMtpServerExJNI: android_mtp_MtpServerEx_add_storage, line 175: descriptionStr = 
05-26 15:37:35.408  5219  5219 I HWSERVICES: hwnative_get_component_mtpStorage  comes...
05-26 15:37:35.410  5219  5219 E HWSERVICES: hwnative_get_component_mtpStorage error: undefined symbol: _Z27createMyComponentMtpStoragePvjPKcS1_mbm
05-26 15:37:35.410  5219  5219 V MtpService: Adding MTP storage:/storage/3866-6630
05-26 15:37:35.411  5219  5219 E MtpDatabase: addStorageId : 1411907585
05-26 15:37:35.411  5219  5219 E HwMtpServerExJNI: android_mtp_MtpServerEx_add_storage, line 175: descriptionStr = SanDisk?
05-26 15:37:35.411  5219  5219 I HWSERVICES: hwnative_get_component_mtpStorage  comes...
05-26 15:37:35.412  5219  5219 E HWSERVICES: hwnative_get_component_mtpStorage error: undefined symbol: _Z27createMyComponentMtpStoragePvjPKcS1_mbm
05-26 15:37:35.414  5219 17118 D MtpServer: doOpenSession ok
05-26 15:37:35.623   726   982 D fpc_fingerprint_hal: wait_finger_down, took 40795 ms
05-26 15:37:35.705   726   982 D fpc_fingerprint_hal: imonitor_send_nav_data check_click_no_need_report
05-26 15:37:35.712  1306  1489 D HwGameAssistantController: Keycontrol mode is 2 for user 0
05-26 15:37:35.714  1306  1489 D HwGameAssistantController: Keycontrol mode is 2 for user 0
05-26 15:37:35.719  1306  1329 I StatusBarDisable: setFlags what=0 which=1 pkg=Window{3b85148 u0 com.android.settings/com.android.settings.Settings$DevelopmentSettingsActivity}
05-26 15:37:35.728  1306  1329 I StatusBarDisable: setFlags what=0 which=1 pkg=Window{3b85148 u0 com.android.settings/com.android.settings.Settings$DevelopmentSettingsActivity}
05-26 15:37:35.730  1306 11430 E HwActivityManagerServiceEx: invalid ActivityRecord, error.
05-26 15:37:35.730  1306 11430 E HwActivityManagerServiceEx: parse activity info error.
05-26 15:37:35.734  1306 11430 D HwPhoneWindowManager: sensorRotation = 0 lastRotation:0
05-26 15:37:35.735  1306 11430 V WindowManager: notifyAppResumed: wasStopped=true AppWindowToken{e3bf06b token=Token{722b9ba ActivityRecord{112aae5 u0 com.android.settings/.Settings$HwSystemDashboardActivity t28176}}}
05-26 15:37:35.745  1306 11430 V WindowManager: Checking 1 opening apps (frozen=false timeout=false), Track: activitypause performsurface
05-26 15:37:35.746  1306 11430 V WindowManager: Check opening app=AppWindowToken{e3bf06b token=Token{722b9ba ActivityRecord{112aae5 u0 com.android.settings/.Settings$HwSystemDashboardActivity t28176}}}: allDrawn=false startingDisplayed=false startingMoved=false isRelaunching()=false startingWindow=null
05-26 15:37:35.748  1306  1326 W HwActivityManagerServiceEx: HwActivityNotifier end call for activityLifeState under user 0 cost 1
05-26 15:37:35.749  1306  1329 I StatusBarDisable: setFlags what=0 which=1 pkg=Window{3b85148 u0 com.android.settings/com.android.settings.Settings$DevelopmentSettingsActivity}
05-26 15:37:35.756 14453 17119 I chatty  : uid=1000(system) com.android.settings expire 15 lines
05-26 15:37:35.756  1306 10300 E UserRestrictionsUtils: Unknown restriction: null
05-26 15:37:35.762 14453 14453 E ActivityThread: Failed to find provider info for com.huawei.wildkids
05-26 15:37:35.764  1306  2332 D HwFingerprintService: CODE_IS_SUPPORT_DUAL_FINGERPRINT
05-26 15:37:35.766  1306  2332 D HwFingerprintService: pacel  packaged :HardwareType
05-26 15:37:35.766   726   726 I vendor.huawei.hardware.biometrics.fingerprint@2.1-service: BiometricsFingerprint::sendCmdToHal 55 
05-26 15:37:35.766   726   726 I FingerprintDeviceBase: FAIL TO OPEN DTS FP_SENSOR_TYPE_NODE
05-26 15:37:35.766  1306  2332 D HwFingerprintService: fingerprintd HardwareType = 769
05-26 15:37:35.767  1306 11430 D HwFingerprintService: CODE_IS_SUPPORT_DUAL_FINGERPRINT
05-26 15:37:35.768 17068 17081 I HwSuggest: PrivacySearchProvider: call method = checkMenuIsSupportToShow ; arg = com.huawei.tips.category.privacy_policy ; extras = null
05-26 15:37:35.768 17068 17081 I HwSuggest: PrivacyNotificationUtil:EMUI VersionCode = 18
05-26 15:37:35.769  1306 11430 D HwFingerprintService: pacel  packaged :HardwareType
05-26 15:37:35.769   726   726 I vendor.huawei.hardware.biometrics.fingerprint@2.1-service: BiometricsFingerprint::sendCmdToHal 55 
05-26 15:37:35.769   726   726 I FingerprintDeviceBase: FAIL TO OPEN DTS FP_SENSOR_TYPE_NODE
05-26 15:37:35.769  1306 11430 D HwFingerprintService: fingerprintd HardwareType = 769
05-26 15:37:35.771  1306  1340 D HwGameAssistantController: UPDATE: mCurFgPkg=com.android.settings, mCurFgPid=14453, mCurIsGame=false
05-26 15:37:35.771  1306  1326 W HwActivityManagerServiceEx: HwActivityNotifier end call for activityLifeState under user 0 cost 1
05-26 15:37:35.777  1306  1329 I StatusBarDisable: setFlags what=0 which=1 pkg=Window{3b85148 u0 com.android.settings/com.android.settings.Settings$DevelopmentSettingsActivity}
05-26 15:37:35.778  1306  2460 V WindowManager: Checking 1 opening apps (frozen=false timeout=false), Track: relayout performsurface
05-26 15:37:35.778  1306  2460 V WindowManager: Check opening app=AppWindowToken{e3bf06b token=Token{722b9ba ActivityRecord{112aae5 u0 com.android.settings/.Settings$HwSystemDashboardActivity t28176}}}: allDrawn=false startingDisplayed=false startingMoved=false isRelaunching()=false startingWindow=null
05-26 15:37:35.781  1306  2460 V HwPhoneWindowManager: updateSystemUiColorLw window=Window{c74d7c2 u0 com.android.settings/com.android.settings.Settings$HwSystemDashboardActivity},EmuiStyle=1,StatusBarColor=0xfff8f8f8,NavigationBarColor=0xffffffff, mLastIsEmuiLightStyle=1, mForceNotchStatusBar=false
05-26 15:37:35.781  1306  2460 I chatty  : uid=1000(system) Binder:1306_6 expire 2 lines
05-26 15:37:35.781  2340  2665 I CommandQueue: updateBarBgColor
05-26 15:37:35.781  2340  2665 D CommandQueue: CommandQueue, setBarBackgroundColor
05-26 15:37:35.781  1306  1329 I StatusBarDisable: setFlags what=0 which=1 pkg=Window{c74d7c2 u0 com.android.settings/com.android.settings.Settings$HwSystemDashboardActivity}
05-26 15:37:35.806  1306  1447 V WindowManager_visibility: updateAllDrawn Add AppWindowToken{e3bf06b token=Token{722b9ba ActivityRecord{112aae5 u0 com.android.settings/.Settings$HwSystemDashboardActivity t28176}}}
05-26 15:37:35.807  1306  1447 V WindowManager_visibility: updateAllDrawn allDrawn=false interesting=1 drawn=1 relaunchCount=0 for AppWindowToken{e3bf06b token=Token{722b9ba ActivityRecord{112aae5 u0 com.android.settings/.Settings$HwSystemDashboardActivity t28176}}}
05-26 15:37:35.807  1306  1329 I StatusBarDisable: setFlags what=0 which=1 pkg=Window{c74d7c2 u0 com.android.settings/com.android.settings.Settings$HwSystemDashboardActivity}
05-26 15:37:35.807  1306  1447 V WindowManager: Checking 1 opening apps (frozen=false timeout=false), Track:  performsurface
05-26 15:37:35.807  1306  1447 V WindowManager: Check opening app=AppWindowToken{e3bf06b token=Token{722b9ba ActivityRecord{112aae5 u0 com.android.settings/.Settings$HwSystemDashboardActivity t28176}}}: allDrawn=true startingDisplayed=false startingMoved=false isRelaunching()=false startingWindow=null
05-26 15:37:35.807  1306  1447 I WindowManager: closing apps count = 1
05-26 15:37:35.812   605   868 D         : doWinFrameOptStatusRecog begin to recog Layer result=2
05-26 15:37:35.814  1306  1329 I StatusBarDisable: setFlags what=0 which=1 pkg=Window{c74d7c2 u0 com.android.settings/com.android.settings.Settings$HwSystemDashboardActivity}
05-26 15:37:35.818  1306  1329 I StatusBarDisable: setFlags what=0 which=1 pkg=Window{c74d7c2 u0 com.android.settings/com.android.settings.Settings$HwSystemDashboardActivity}
05-26 15:37:35.822 11701 11701 I HuaweiIME: SysInfo.getSysParam: orientation=1||config d=3.0,w=1080,h=1920||metrics d=3.0,w=1080,h=1920||sdk=28,bar_h=72||appScale=3.3,sysScale=3.0||isMultiWin=false,isPadMode=false, boardw=1080, boardH=705, candH=130
05-26 15:37:35.843  2612 20155 D HwRecentsTaskUtils: refreshToCache
05-26 15:37:35.843  2612 20155 D HwRecentsTaskUtils: searchFromDate
05-26 15:37:35.847  2612 20155 I RecentsTaskLoadPlan: to show tasks size is 17
05-26 15:37:35.911  1306 10424 I NotificationService: enqueueNotificationInternal: pkg=com.android.settings id=1000002 notification=Notification(channel=SETTINGS_USB pri=1 contentView=null vibrate=null sound=null tick defaults=0x0 flags=0x2 color=0x00000000 vis=PRIVATE)
05-26 15:37:35.911  1306 10424 I NotificationService: enqueueNotificationInternal Channel Info : pkg=com.android.settings id=1000002 importance =1
05-26 15:37:36.003  1306  1329 I StatusBarDisable: setFlags what=0 which=1 pkg=Window{c74d7c2 u0 com.android.settings/com.android.settings.Settings$HwSystemDashboardActivity}
05-26 15:37:36.006  1306  1329 I StatusBarDisable: setFlags what=0 which=1 pkg=Window{c74d7c2 u0 com.android.settings/com.android.settings.Settings$HwSystemDashboardActivity}
05-26 15:37:36.007  1306  1328 E HwActivityManagerServiceEx: invalid ActivityRecord, error.
05-26 15:37:36.007  1306  1328 E HwActivityManagerServiceEx: parse activity info error.
05-26 15:37:36.020  1306  1329 I StatusBarDisable: setFlags what=0 which=1 pkg=Window{c74d7c2 u0 com.android.settings/com.android.settings.Settings$HwSystemDashboardActivity}
05-26 15:37:36.022  1306  1329 I StatusBarDisable: setFlags what=0 which=1 pkg=Window{c74d7c2 u0 com.android.settings/com.android.settings.Settings$HwSystemDashboardActivity}
05-26 15:37:36.036 14453 14453 D ActivityThread: Remove activity client record, r= ActivityRecord{1fdc106 token=android.os.BinderProxy@91d5e46 {com.android.settings/com.android.settings.Settings$DevelopmentSettingsActivity}} token= android.os.BinderProxy@91d5e46
05-26 15:37:36.037  1306 10300 V WindowManager: removeIfPossible: Window{3b85148 u0 com.android.settings/com.android.settings.Settings$DevelopmentSettingsActivity}
05-26 15:37:36.038  1306 10300 V WindowManager: postWindowRemoveCleanupLocked: Window{3b85148 u0 com.android.settings/com.android.settings.Settings$DevelopmentSettingsActivity}
05-26 15:37:36.038  1306 10300 V WindowManager: Removing Window{3b85148 u0 com.android.settings/com.android.settings.Settings$DevelopmentSettingsActivity} from AppWindowToken{916194 token=Token{65a01e7 ActivityRecord{fa873a6 u0 com.android.settings/.Settings$DevelopmentSettingsActivity t28176}}}
05-26 15:37:36.041  1306  1329 I StatusBarDisable: setFlags what=0 which=1 pkg=Window{c74d7c2 u0 com.android.settings/com.android.settings.Settings$HwSystemDashboardActivity}
05-26 15:37:36.041  1306 11430 V WindowManager: removeAppToken: AppWindowToken{916194 token=Token{65a01e7 ActivityRecord{fa873a6 u0 com.android.settings/.Settings$DevelopmentSettingsActivity t28176}}} delayed=false Callers=com.android.server.wm.DisplayContent.removeAppToken:1067 com.android.server.wm.AppWindowContainerController.removeContainer:315 com.android.server.am.ActivityRecord.removeWindowContainer:1160 com.android.server.am.ActivityStack.removeActivityFromHistoryLocked:4530 
05-26 15:37:36.292 14453 16936 I Utils   : enabledInPad = false,isPcCastMode = false
05-26 15:37:36.301 14453 16936 I Utils   : enabledInPad = false,isPcCastMode = false
05-26 15:37:36.303 14453 16936 I SettingsDrawerActivity: CategoriesUpdateTask doInBackground end
05-26 15:37:36.303 14453 14453 I SettingsDrawerActivity: CategoriesUpdateTask onPostExecute begin
05-26 15:37:36.303 14453 14453 I SettingsDrawerActivity: CategoriesUpdateTask onPostExecute end
05-26 15:37:36.397 17103 17103 I adbd    : Calling send_auth_request...
05-26 15:37:36.575 17103 17103 I adbd    : Loading keys from /data/misc/adb/adb_keys
05-26 15:37:36.584 17103 17103 I adbd    : adb client authorized
05-26 15:37:36.674 14453 16969 D Index   : Deleting data for locale 'zh_CN_#Hans' took 8 millis
05-26 15:37:36.680 14453 16969 D Index   : Indexing locale 'zh_CN_#Hans' took 5 millis
05-26 15:37:36.691 14453 16969 D Index   : Deleting data for locale 'zh_CN_#Hans' took 9 millis
05-26 15:37:36.692 14453 16969 I Utils   : enabledInPad = false,isPcCastMode = false
05-26 15:37:36.696 14453 16969 V SQLiteDatabase: triggerBuildingIndex(): invalid id, return.
05-26 15:37:36.701 14453 16969 I chatty  : uid=1000(system) com.android.settings identical 2 lines
05-26 15:37:36.703 14453 16969 V SQLiteDatabase: triggerBuildingIndex(): invalid id, return.
05-26 15:37:36.704 14453 16969 D Index   : Indexing locale 'zh_CN_#Hans' took 12 millis
05-26 15:37:36.719 14453 16969 D Index   : Deleting data for locale 'zh_CN_#Hans' took 6 millis
05-26 15:37:36.721 14453 16969 I Utils   : enabledInPad = false,isPcCastMode = false
05-26 15:37:36.723 14453 16969 D Index   : Indexing locale 'zh_CN_#Hans' took 4 millis
05-26 15:37:36.732 14453 16969 D Index   : Deleting data for locale 'zh_CN_#Hans' took 6 millis
05-26 15:37:36.734 14453 16969 D ParentControl: ParentControl status is 0
05-26 15:37:36.737 14453 16969 D Index   : Indexing locale 'zh_CN_#Hans' took 3 millis
05-26 15:37:40.401   551   610 W SocketListener: sending broadcast to Pid = 1306, Uid = 1000 
05-26 15:37:40.403  1306  2206 D NetdConnector: RCV <- {613 IfaceClass active 0 98032089086480 1051}
05-26 15:37:40.404  1306  2206 D NetdConnector: RCV <- {613 IfaceClass active 0 98032089086480 1051}
05-26 15:37:40.405  1306  1337 D NetdConnector: RCV unsolicited event from native daemon, event = 613
05-26 15:37:40.578 15718 17124 W GAv4-SVC: Network compressed POST connection error: java.net.ConnectException: Failed to connect to ssl.google-analytics.com/0.0.0.0:443
05-26 15:37:40.587  2528  2858 I HidataAppQoeP: handleStateChanged reason=6
05-26 15:37:40.587  2528  2858 I BrowserChrP: handleStateChanged
05-26 15:37:41.688 13156 16884 D skia    : external skia thread destroy.
05-26 15:37:42.899  1306  1306 I chatty  : uid=1000 system_server expire 12 lines
05-26 15:37:42.909  2528  2858 I HidataAppQoeP: handleStateChanged reason=6
05-26 15:37:42.909  2528  2858 I BrowserChrP: handleStateChanged
05-26 15:37:43.155  1306  8220 I chatty  : uid=1000(system) MobileQosDetect expire 12 lines
05-26 15:37:43.832  2583  3668 I chatty  : uid=1000(system) thermal-core-th expire 12 lines
05-26 15:37:44.341   708   806 D SensorHub: huawei Hal get step event
05-26 15:37:45.124 17127 17127 E JankService: child Thread receive to stop
05-26 15:37:45.264  2960  3093 E JankService: all data read ok
05-26 15:37:47.981  1306  2460 V BroadcastQueue: Finished with ordered broadcast BroadcastRecord{fd2aa57 u0 com.android.internal.telephony.data-stall}
05-26 15:37:51.396  1306  1454 D HwBatteryService: onUEvent fcpStatus = 0,scpStatus =0,ovpStatus=0
05-26 15:37:51.397  1306  1454 I HwBatteryService: quick charge status : 0
05-26 15:37:51.398  1306  1454 I HwBatteryService: handleWirelessTxStatus
05-26 15:37:51.398  1306  1454 I HwBatteryService: switch not open, return, mWirelessTxFlag : 0
05-26 15:37:51.399  1306  1454 I UsbDeviceManager: water_intrused state= 0
05-26 15:37:51.657  1306  1306 D JobScheduler: Maybe queuing ready jobs...
05-26 15:37:52.508   551   599 W IptablesRestoreController: iptables-restore process 15353 terminated status=15
05-26 15:37:52.510   551   599 W IptablesRestoreController: iptables-restore process 15354 terminated status=15
05-26 15:37:53.315   551   610 W SocketListener: sending broadcast to Pid = 1306, Uid = 1000 
05-26 15:37:53.317  1306  2206 D NetdConnector: RCV <- {613 IfaceClass idle 0 98044763100021}
05-26 15:37:53.320  1306  2206 D NetdConnector: RCV <- {613 IfaceClass idle 0 98044763100021}
05-26 15:37:53.322  1306  1337 D NetdConnector: RCV unsolicited event from native daemon, event = 613
05-26 15:37:53.345  1306  1335 W BatteryExternalStatsWorker: modem info is invalid: ModemActivityInfo{ mTimestamp=0 mSleepTimeMs=0 mIdleTimeMs=0 mTxTimeMs[]=[0, 0, 0, 0, 0] mRxTimeMs=0 mEnergyUsed=0}
05-26 15:37:54.522  2528  2528 I chatty  : uid=1000(system) com.huawei.systemserver expire 10 lines
05-26 15:37:54.522  2528  2858 I HidataAppQoeP: handleStateChanged reason=6
05-26 15:37:54.522  2528  2858 I BrowserChrP: handleStateChanged
05-26 15:37:54.645  9850  9878 I AppLogManager: PrintWoker poll timeout , shutdown
05-26 15:37:54.780  1306  1306 D JobScheduler: Maybe queuing ready jobs...
05-26 15:37:57.137  1306  2464 W Watchdog: hungtask: writing kick
05-26 15:38:00.007  1306  1306 V AlarmManager: Received TIME_TICK alarm; rescheduling
05-26 15:38:00.009  1306  1306 I HwAlarmManagerService: hwSetAlarm listenerTag: time_tick
05-26 15:38:00.047  2612  2612 I HwLauncher: Model  onReceive intent=Intent { act=android.intent.action.TIME_TICK flg=0x50200014 hwFlg=0x900 (has extras) }
05-26 15:38:00.048  2612  2612 I HwLauncher: Model  onReceive user=UserHandle{0}
05-26 15:38:00.096  1306  2460 V BroadcastQueue: Finished with ordered broadcast BroadcastRecord{4ca4a2d u-1 android.intent.action.TIME_TICK}
05-26 15:38:00.124  2340  2340 I chatty  : uid=10039(com.huawei.HwMultiScreenShot) com.android.systemui expire 19 lines
05-26 15:38:00.522  2528  2858 I HidataAppQoeP: handleStateChanged reason=6
05-26 15:38:00.522  2528  2858 I BrowserChrP: handleStateChanged
05-26 15:38:03.178  1306  8220 I chatty  : uid=1000(system) MobileQosDetect expire 12 lines
05-26 15:38:03.180  1306  2212 I chatty  : uid=1000(system) WifiService expire 10 lines
05-26 15:38:03.543  1306 17128 I chatty  : uid=1000 system_server expire 11 lines
05-26 15:38:03.545   704   732 I AwareLog: HibSTrategy::HibStrategySwapCandidateProcessAdd packagename com.huawei.vassistant
05-26 15:38:03.604   704  3598 I AwareLog: HibStrategy::HibStrategySwapCandidateProcessRemove packagename is com.huawei.vassistant
05-26 15:38:03.605   704  3598 I AwareLog: HiberManagerService::sendMessagetoHiberTask successful
05-26 15:38:05.587  2528  2858 I HidataAppQoeP: handleStateChanged reason=6
05-26 15:38:05.587  2528  2858 I BrowserChrP: handleStateChanged
05-26 15:38:07.030  4944 10180 I HiAction_XChannel.XChannelClient-160: getFromMsgReqQueue(): 
05-26 15:38:08.217  2564  3746 I HwNaturalBase: [ServiceGuarder]: 26082Kb ram is used.
05-26 15:38:08.388  2528  2858 I HidataAppQoeP: handleStateChanged reason=6
05-26 15:38:08.388  2528  2858 I BrowserChrP: handleStateChanged
05-26 15:38:10.397 17129 17129 E JankService: child Thread receive to stop
05-26 15:38:10.537  2960  3093 E JankService: all data read ok
05-26 15:38:10.992  2340  2340 I chatty  : uid=10039(com.huawei.HwMultiScreenShot) com.android.systemui expire 103 lines
05-26 15:38:11.452   551   610 W SocketListener: sending broadcast to Pid = 1306, Uid = 1000 
05-26 15:38:11.455  1306  2206 D NetdConnector: RCV <- {613 IfaceClass active 0 98063138874496 1000}
05-26 15:38:11.456  1306  2206 D NetdConnector: RCV <- {613 IfaceClass active 0 98063138874496 1000}
05-26 15:38:11.458  1306  1337 D NetdConnector: RCV unsolicited event from native daemon, event = 613
05-26 15:38:11.620  5409  5500 I FindCurApp:   CAWARENESS: getAppsRunningTotalTimes topkey = com.huawei.recsys_1:1;9,4,1
05-26 15:38:11.622  5409  5500 I FindCurApp:   CAWARENESS: getAppsRunningTotalTimes typeHashMap.isEmpty: true
05-26 15:38:11.622  5409  5500 I FindCurApp:   CAWARENESS: getAppsRunningTotalTimes cleanFlag: true
05-26 15:38:11.622  5409  5500 I FindCurApp:   CAWARENESS: is not in counting peroid!
05-26 15:38:11.622  5409  5500 I FindCurApp:   CAWARENESS: setStartTime:1558882800000	setEndTime:1558886400000	currentTime:1558856291622	allAppRunTotalTimes:0
05-26 15:38:12.733  2596  2596 I ImsResolver: getMmTelFeatureAndListen - slot: 2 callback: com.android.ims.MmTelFeatureConnection$1@a742acb
05-26 15:38:13.865   698   698 I chatty  : uid=1000(system) /system/bin/thermal-daemon expire 10 lines
05-26 15:38:14.392  2528  2858 I HidataAppQoeP: handleStateChanged reason=6
05-26 15:38:14.392  2528  2858 I BrowserChrP: handleStateChanged
05-26 15:38:15.518  1306 10300 V BroadcastQueue: Finished with ordered broadcast BroadcastRecord{5ae5c29 u0 null}
05-26 15:38:15.528  1306 10300 V BroadcastQueue: Finished with ordered broadcast BroadcastRecord{6fe6cdc u0 null}
05-26 15:38:16.219 15718 16861 I CastDatabase: Saving the database
05-26 15:38:16.243 15718 16861 I SQLiteCastStore: [CastNetworkInfo] saved: 0, skipped: 0, [CastDeviceInfo]: saved 0, skipped 0, Paired Guest Mode DeviceInfo] saved: 0, skipped: 0. [ProbedNetworks]: saved 0, skipped: 0, [ProbedSocketAddress]: saved 0, skipped: 0
05-26 15:38:18.034  1306 11430 V BroadcastQueue: Finished with ordered broadcast BroadcastRecord{844af6b u0 com.android.internal.telephony.data-stall}
05-26 15:38:19.491   697   781 I storaged: storaged_t::event: storage_info refreshed.
05-26 15:38:20.758  9888  9947 I AppLogManager: PrintWoker poll timeout , shutdown
05-26 15:38:21.807  1306 17128 I chatty  : uid=1000 system_server expire 1 line
05-26 15:38:22.132  1306  1454 D HwBatteryService: onUEvent fcpStatus = 0,scpStatus =0,ovpStatus=0
05-26 15:38:22.134  1306  1454 I HwBatteryService: quick charge status : 0
05-26 15:38:22.134  1306  1454 I HwBatteryService: handleWirelessTxStatus
05-26 15:38:22.134  1306  1454 I HwBatteryService: switch not open, return, mWirelessTxFlag : 0
05-26 15:38:22.135  1306  1454 I UsbDeviceManager: water_intrused state= 0
05-26 15:38:23.195  1306  8220 I chatty  : uid=1000(system) MobileQosDetect expire 12 lines
05-26 15:38:26.884 15591 15967 D WorkerThreadMonitor: Kill MSF check result[ senderSize:0,sendInterval:106455,receiveInterval=24868,addCmdCount=722
05-26 15:38:27.140  1306  2464 W Watchdog: hungtask: writing kick
05-26 15:38:28.726  1306  1342 D HwNormalizedRampAnimator: hbm_dimming target=235 rate=180 duration=3.0
05-26 15:38:28.738  1306  2284 D LightsService: HighPrecision, Set button brihtness:0, bcaklight brightness:0
05-26 15:38:29.018  2340  2340 I chatty  : uid=10039(com.huawei.HwMultiScreenShot) com.android.systemui expire 98 lines
05-26 15:38:31.792  1306  1342 I chatty  : uid=1000(system) PowerManagerSer expire 1 line
05-26 15:38:35.671 17130 17130 E JankService: child Thread receive to stop
05-26 15:38:35.811  2960  3093 E JankService: all data read ok
05-26 15:38:36.154  2551  2860 I chatty  : uid=1000(system) HwWifiStatStore expire 10 lines
05-26 15:38:38.890  2583  9164 I chatty  : uid=1000(system) Binder:2583_9 expire 4 lines
05-26 15:38:38.941  2528  2528 I chatty  : uid=1000(system) com.huawei.systemserver expire 28 lines
05-26 15:38:38.946  1306  1306 I chatty  : uid=1000 system_server expire 14 lines
05-26 15:38:31.781  1306  2284 I chatty  : uid=1000(system) PhotonicModulat identical 180 lines
05-26 15:38:31.800  1306  2284 D LightsService: HighPrecision, Set button brihtness:0, bcaklight brightness:0
05-26 15:38:38.949  2528  2858 I HidataAppQoeP: handleStateChanged reason=6
05-26 15:38:38.949  2528  2858 I BrowserChrP: handleStateChanged
05-26 15:38:39.103  2528  2858 I HidataAppQoeP: handleStateChanged reason=6
05-26 15:38:39.104  2528  2858 I BrowserChrP: handleStateChanged
05-26 15:38:40.931   551   610 W SocketListener: sending broadcast to Pid = 1306, Uid = 1000 
05-26 15:38:40.934  1306  2206 D NetdConnector: RCV <- {613 IfaceClass idle 0 98092619043762}
05-26 15:38:40.936  1306  2206 D NetdConnector: RCV <- {613 IfaceClass idle 0 98092619043762}
05-26 15:38:40.938  1306  1337 D NetdConnector: RCV unsolicited event from native daemon, event = 613
05-26 15:38:40.962  1306  1335 W BatteryExternalStatsWorker: modem info is invalid: ModemActivityInfo{ mTimestamp=0 mSleepTimeMs=0 mIdleTimeMs=0 mTxTimeMs[]=[0, 0, 0, 0, 0] mRxTimeMs=0 mEnergyUsed=0}
05-26 15:38:41.869  2528  2858 I HidataAppQoeP: handleStateChanged reason=6
05-26 15:38:41.869  2528  2858 I BrowserChrP: handleStateChanged
05-26 15:38:43.210  1306  8220 I chatty  : uid=1000(system) MobileQosDetect expire 12 lines
05-26 15:38:47.024  2340  2466 I chatty  : uid=10039(com.huawei.HwMultiScreenShot) SystemUI_subThr expire 12 lines
05-26 15:38:48.069  1306  2460 V BroadcastQueue: Finished with ordered broadcast BroadcastRecord{7a5c286 u0 com.android.internal.telephony.data-stall}
05-26 15:38:48.566  2583  3458 I chatty  : uid=1000(system) actions handler expire 10 lines
05-26 15:38:50.660   551   610 W SocketListener: sending broadcast to Pid = 1306, Uid = 1000 
05-26 15:38:50.664  1306  2206 D NetdConnector: RCV <- {613 IfaceClass active 0 98102347617198 0}
05-26 15:38:50.666  1306  2206 D NetdConnector: RCV <- {613 IfaceClass active 0 98102347617198 0}
05-26 15:38:50.669  1306  1337 D NetdConnector: RCV unsolicited event from native daemon, event = 613
05-26 15:38:50.830  2528  2858 I HidataAppQoeP: handleStateChanged reason=6
05-26 15:38:50.830  2528  2858 I BrowserChrP: handleStateChanged
05-26 15:38:52.853  1306  1454 D HwBatteryService: onUEvent fcpStatus = 0,scpStatus =0,ovpStatus=0
05-26 15:38:52.854  1306  1454 I HwBatteryService: quick charge status : 0
05-26 15:38:52.854  1306  1454 I HwBatteryService: handleWirelessTxStatus
05-26 15:38:52.855  1306  1454 I HwBatteryService: switch not open, return, mWirelessTxFlag : 0
05-26 15:38:52.855  1306  1454 I UsbDeviceManager: water_intrused state= 0
05-26 15:38:53.224  1306  2212 I chatty  : uid=1000(system) WifiService expire 10 lines
05-26 15:38:53.325  2528  2858 I HidataAppQoeP: handleStateChanged reason=6
05-26 15:38:53.325  2528  2858 I BrowserChrP: handleStateChanged
05-26 15:38:53.399  2528  2858 I HidataAppQoeP: handleStateChanged reason=6
05-26 15:38:53.399  2528  2858 I BrowserChrP: handleStateChanged
05-26 15:38:53.480  2528  2858 I HidataAppQoeP: handleStateChanged reason=6
05-26 15:38:53.481  2528  2858 I BrowserChrP: handleStateChanged
05-26 15:38:53.847  1306 17131 I chatty  : uid=1000 system_server expire 4 lines
05-26 15:38:56.307   705   743 D bastetd : [BastetDevice   ] handleTcpSockProp# proxyId=0x0000011D, tx=0, rx=0
05-26 15:38:56.329  4222  6741 I chatty  : uid=1000(system) SocketRead_14:0 expire 4 lines
05-26 15:38:56.344  4222  4239 I PushLog3509: [ReceiverDispatcher-152]com.huawei.android.push.intent.MSG_RECEIVED alarm trigger, expectTriggerTime:0, current trigger time:1558856336343(android/:82)
05-26 15:38:56.346  4222  4239 I PushLog3509: [ReceiverDispatcher-152]process push message cmdid from pushSrv:44, subCmdId:FF(android/:352)
05-26 15:38:56.348  4222  4239 I PushLog3509: [ReceiverDispatcher-152]Device type is :1 [1:NOT_GDPR, 2:GDPR](android/:451)
05-26 15:38:56.348  4222  4239 I PushLog3509: [ReceiverDispatcher-152]msgType: 2 [0:PassBy msg, 1:System notification, 2:normal notification](android/:457)
05-26 15:38:56.349  4222  4239 I PushLog3509: [ReceiverDispatcher-152]enter isSupportCtrlSocketV2, mHasCheckCtrlSocketVersion:true,mIsSupportCtrlSokceV2:true(android/:290)
05-26 15:38:56.349  4222  4239 I PushLog3509: [ReceiverDispatcher-152]ctrlSocket cmd is 2, param is 180(android/:117)
05-26 15:38:56.350  4222  4239 I PushLog3509: [ReceiverDispatcher-152]ctrlSocket success(android/:134)
05-26 15:38:56.353  4222  4239 I PushLog3509: [ReceiverDispatcher-152]needCheckAgreement:true(android/:77)
05-26 15:38:56.354  4222  4239 I PushLog3509: [ReceiverDispatcher-152]disAgree:false(android/:80)
05-26 15:38:56.354  4222  4239 I PushLog3509: [ReceiverDispatcher-152]com.huawei.himovie is in notice white list, not valid token.(android/:110)
05-26 15:38:56.355  4222  4239 I PushLog3509: [ReceiverDispatcher-152]com.huawei.himovie is in notice white list, not valid token.(android/:110)
05-26 15:38:56.358  4222  4239 I PushLog3509: [ReceiverDispatcher-152]areNotificationsEnabledForPackage:true(android/:661)
05-26 15:38:56.361  4222  4239 I PushLog3509: [ReceiverDispatcher-152]areNotificationsEnabledForPackage:true(android/:661)
05-26 15:38:56.363  4222  4239 I PushLog3509: [ReceiverDispatcher-152]com.huawei.himovie  in user 0 ,uid is 10015(android/:685)
05-26 15:38:56.366  4222  4239 I PushLog3509: [ReceiverDispatcher-152]importance:0(android/:706)
05-26 15:38:56.366  4222  4239 I PushLog3509: [ReceiverDispatcher-152]areNotificationEnableForChannel:false(android/:709)
05-26 15:38:56.367  4222  4239 I PushLog3509: [ReceiverDispatcher-152]receive a push msg,ctrl state:0, isDawn:false(android/:92)
05-26 15:38:56.371  4222  4239 I PushLog3509: [ReceiverDispatcher-152]areNotificationsEnabledForPackage:true(android/:661)
05-26 15:38:56.371  4222  4239 I PushLog3509: [ReceiverDispatcher-152]send selfshow msg to NC to display, pkgName:com.huawei.himovie,msgID:C1469F3720863D60(android/:105)
05-26 15:38:56.375  4222  4239 I PushLog3509: [ReceiverDispatcher-152]isSupportsMultiUsers: true(android/:792)
05-26 15:38:56.379  4222  4239 I PushLog3509: [ReceiverDispatcher-152]process cmdid to send to pushSrv:45, subCmdId:FF(android/:117)
05-26 15:38:56.379  1306  1328 I chatty  : uid=1000(system) ActivityManager expire 1 line
05-26 15:38:56.379  1306  1328 V ActivityManager: startProcess: name=com.huawei.android.pushagent app=null knownToBeDead=true thread=null pid=-1
05-26 15:38:56.381  4222  4239 I PushLog3509: [ReceiverDispatcher-152]send msg to remote srv success(android/:121)
05-26 15:38:56.382  4222  4239 I PushLog3509: [ReceiverDispatcher-152]handleMessageResponse the response msg is :45,msgId:C1469F3720863D60,flag:12(android/:766)
05-26 15:38:56.385  1306  2460 W ProcBatteryStats: timer is running , not start, name: android, uid: 1000, tag: dispatcher
05-26 15:38:56.386  4222  4239 I PushLog3509: [ReceiverDispatcher-152]enter AlarmTools:setInexactAlarm(intent:Intent { act=com.huawei.action.push.intent.CHECK_CHANNEL_CYCLE pkg=android } interval:1200000ms(android/:90)
05-26 15:38:56.388  1306  2460 I AlarmManager: remove alarm:Alarm{725a0e3 type 1 when 1558857408160 PendingIntent{f614aaf: PendingIntentRecord{9426be1 android broadcastIntent}}android} according to operation:49cdae0
05-26 15:38:56.390  1306  2460 I AlarmManager: adjustDeliveryTimeBasedOnStandbyBucketLocked alarm:Alarm{c137d4a type 0 when 1558850866216 PendingIntent{13cb345: PendingIntentRecord{e9925df com.oppo.im broadcastIntent}}com.oppo.im}, standbyBucket:20, minElapsed:98341988
05-26 15:38:56.390  1306  2460 I AlarmManager: adjustDeliveryTimeBasedOnStandbyBucketLocked alarm:Alarm{aa502b5 type 0 when 1558855611773 PendingIntent{3e69542: PendingIntentRecord{ed8b761 com.oppo.im broadcastIntent}}com.oppo.im}, standbyBucket:20, minElapsed:98341988
05-26 15:38:56.391  1306  2460 I AlarmManager: adjustDeliveryTimeBasedOnStandbyBucketLocked alarm:Alarm{e8968a4 type 2 when 92824099 PendingIntent{b92f131: PendingIntentRecord{9abb594 com.autonavi.minimap startService}}com.autonavi.minimap}, standbyBucket:40, minElapsed:99195918
05-26 15:38:56.392  1306  2460 I AlarmManager: adjustDeliveryTimeBasedOnStandbyBucketLocked alarm:Alarm{e7835c5 type 2 when 93025372 PendingIntent{13d69f5: PendingIntentRecord{1d0fcdb com.xunlei.downloadprovider startService}}com.xunlei.downloadprovider}, standbyBucket:40, minElapsed:100025113
05-26 15:38:56.392  1306  2460 I AlarmManager: adjustDeliveryTimeBasedOnStandbyBucketLocked alarm:Alarm{24b13a type 1 when 1558862366755 PendingIntent{ca24bc9: PendingIntentRecord{aa7b2ce com.baidu.BaiduMap startService}}com.baidu.BaiduMap}, standbyBucket:40, minElapsed:105186111
05-26 15:38:56.393  1306  2460 I AlarmManager: adjustDeliveryTimeBasedOnStandbyBucketLocked alarm:Alarm{88bd065 type 0 when 1558858774317 PendingIntent{d72d5ed: PendingIntentRecord{f39b0dd com.baidu.BaiduMap startService}}com.baidu.BaiduMap}, standbyBucket:40, minElapsed:105186111
05-26 15:38:56.393  1306  2460 I AlarmManager: adjustDeliveryTimeBasedOnStandbyBucketLocked alarm:Alarm{39ab48 type 2 when 99371103 PendingIntent{e8ed138: PendingIntentRecord{fde5511 com.taobao.taobao startService}}com.taobao.taobao}, standbyBucket:40, minElapsed:105186111
05-26 15:38:56.393  1306  2460 I AlarmManager: adjustDeliveryTimeBasedOnStandbyBucketLocked alarm:Alarm{a7b51eb type 1 when 1558858766786 PendingIntent{808e8: PendingIntentRecord{192ab01 com.baidu.BaiduMap startService}}com.baidu.BaiduMap}, standbyBucket:40, minElapsed:105186111
05-26 15:38:56.396  1306  2460 D SmartHeartBeat: isPendingPackage, false, pkg:com.android.deskclock, action:com.android.deskclock.ALARM_ALERT,not pending alarm with AlarmClockInfo
05-26 15:38:56.422  1306  1331 I ActivityManager: Start proc 17133:com.huawei.android.pushagent/u0a59 for broadcast com.huawei.android.pushagent/.PushEventReceiver
05-26 15:38:56.423  1306  2520 E ProcessInfoCollector: getProcessInfo: failed to find this proc 
05-26 15:38:56.430 17133 17133 I droid.pushagen: Reinit property: dalvik.vm.checkjni= false
05-26 15:38:56.435 17133 17133 E droid.pushagen: Not starting debugger since process cannot load the jdwp agent.
05-26 15:38:56.456 17133 17133 D ZrHung.AppEyeUiProbe: AppEyeUIP created.
05-26 15:38:56.460 17133 17133 D ActivityThread: Attach thread to application
05-26 15:38:56.491 17133 17146 I HwApiCacheMangerEx: apicache path=/storage/emulated/0 state=mounted key=com.huawei.android.pushagent#10059#256
05-26 15:38:56.491 17133 17146 I HwApiCacheMangerEx: apicache path=/storage/3866-6630 state=mounted key=com.huawei.android.pushagent#10059#256
05-26 15:38:56.492 17133 17146 I HwApiCacheMangerEx: apicache path=/storage/emulated/0 state=mounted key=com.huawei.android.pushagent#10059#0
05-26 15:38:56.492 17133 17146 I HwApiCacheMangerEx: apicache path=/storage/3866-6630 state=mounted key=com.huawei.android.pushagent#10059#0
05-26 15:38:56.495 17133 17133 I droid.pushagen: The ClassLoaderContext is a special shared library.
05-26 15:38:56.499 17133 17146 I HwLogExceptionInner: Log blacklist 
05-26 15:38:56.552 17133 17133 I PushLog : [main-1] init NC BI reporter.(/BIReporter.java:51)
05-26 15:38:56.554 17133 17146 I AwareBitmapCacher: init processName:com.huawei.android.pushagent pid=17133 uid=10059
05-26 15:38:56.569 17133 17133 I hianalytics: [2019-05-26 15:38:56.568 I/hianalytics/hianalytics 17133:1 null:2]
05-26 15:38:56.569 17133 17133 I hianalytics:  
05-26 15:38:56.569 17133 17133 I hianalytics: ============================================================================
05-26 15:38:56.569 17133 17133 I hianalytics: ====== HiAnalytics-2.1.0.300
05-26 15:38:56.569 17133 17133 I hianalytics: ============================================================================
05-26 15:38:56.569 17133 17133 D PushLogSC90001300: Begin to init mFileNode
05-26 15:38:56.571 17133 17133 D PushLogSC90001300: whether write file log:false
05-26 15:38:56.571 17133 17146 E MemoryLeakMonitorManager: MemoryLeakMonitor.jar is not exist!
05-26 15:38:56.574 17133 17133 I PushLog90001300: [main-1]push receive broadcast message, Intent:com.huawei.intent.action.PUSH pkgName:com.huawei.android.pushagent(pushagent/PushEventReceiver.java:38)
05-26 15:38:56.574 17133 17133 D PushLogSC90001300: Begin to init mFileNode
05-26 15:38:56.575 17133 17133 D PushLogSC90001300: whether write file log:false
05-26 15:38:56.575 17133 17133 I PushLog90001300: [main-1]action is com.huawei.intent.action.PUSH(pushagent/PushEventReceiver.java:50)
05-26 15:38:56.580 17133 17151 I FileLogNode: externalFile :/storage/emulated/0/Android/data/com.huawei.android.pushagent/files
05-26 15:38:56.580 17133 17133 I PushLog90001300: [main-1]run push selfshow(pushagent/PushEventReceiver.java:119)
05-26 15:38:56.581 17133 17133 D PushLogSC90001300: Begin to init mFileNode
05-26 15:38:56.581 17133 17133 D PushLogSC90001300: whether write file log:false
05-26 15:38:56.581 17133 17133 I PushLog90001300: [main-1]getEmuiLevel:18(pushagent/BaseUtil.java:137)
05-26 15:38:56.586 17133 17151 D FileLogNode: nc.bin create
05-26 15:38:56.586 17133 17151 W FileLogNode: backup the log file. mLogFile.length() + line.length(): 36022 LIMIT_FILE_SIZE :10485760false
05-26 15:38:56.586 17133 17151 W FileLogNode: backup the log file
05-26 15:38:56.587 17133 17151 W FileLogNode: nc log write success
05-26 15:38:56.587 17133 17151 W FileLogNode: backup the log file. mLogFile.length() + line.length(): 36192 LIMIT_FILE_SIZE :10485760false
05-26 15:38:56.587 17133 17151 W FileLogNode: backup the log file
05-26 15:38:56.587 17133 17151 W FileLogNode: nc log write success
05-26 15:38:56.588 17133 17151 W FileLogNode: backup the log file. mLogFile.length() + line.length(): 36317 LIMIT_FILE_SIZE :10485760false
05-26 15:38:56.588 17133 17151 W FileLogNode: backup the log file
05-26 15:38:56.588 17133 17151 W FileLogNode: nc log write success
05-26 15:38:56.590  1306 11430 V BroadcastQueue: Finished with ordered broadcast BroadcastRecord{2a97b74 u0 com.huawei.intent.action.PUSH}
05-26 15:38:56.593 17133 17150 I InitInfoV2support: [2019-05-26 15:38:56.593 I/hianalytics/InitInfoV2support 17133:3420 null:34] cached data by HASDKV2 has already handled.
05-26 15:38:56.597 17133 17154 I PushLog90001300: [Thread-2-3424]exportedFlag:true(pushagent/CommFun.java:840)
05-26 15:38:56.597 17133 17154 I PushLog90001300: [Thread-2-3424]need permission:null(pushagent/CommFun.java:842)
05-26 15:38:56.598 17133 17154 E PushLog90001300: [Thread-2-3424]ClassNotFoundException:java.lang.ClassNotFoundException: dalvik.system.Zygote(pushagent/CommFun.java:213)
05-26 15:38:56.601 17133 17154 I PushLog90001300: [Thread-2-3424]get small icon from com.huawei.himovie(pushagent/NotificationIconUtil.java:279)
05-26 15:38:56.609 17133 17154 E PushLog90001300: [Thread-2-3424]NoSuchFieldException failed,(pushagent/NotificationIconUtil.java:87)
05-26 15:38:56.609 17133 17154 E PushLog90001300: Exception: java.lang.NoSuchFieldException
05-26 15:38:56.609 17133 17154 E PushLog90001300: java.lang.Class.getField(Class.java:1601)
05-26 15:38:56.609 17133 17154 E PushLog90001300: com.huawei.android.pushselfshow.prepare.NotificationIconUtil.refectTogetResId(NotificationIconUtil.java:62)
05-26 15:38:56.609 17133 17154 E PushLog90001300: com.huawei.android.pushselfshow.prepare.NotificationIconUtil.buildLeftIcon(NotificationIconUtil.java:152)
05-26 15:38:56.609 17133 17154 E PushLog90001300: com.huawei.android.pushselfshow.prepare.PushNotification.getBuilderNotification(PushNotification.java:240)
05-26 15:38:56.609 17133 17154 E PushLog90001300: com.huawei.android.pushselfshow.prepare.PushNotification.showNotification(PushNotification.java:102)
05-26 15:38:56.609 17133 17154 E PushLog90001300: com.huawei.android.pushselfshow.prepare.PushSelfShowThread.run(PushSelfShowThread.java:39)
05-26 15:38:56.627 17133 17154 I PushLog90001300: [Thread-2-3424]proxyHost=null(pushagent/ProxyUtil.java:74)
05-26 15:38:56.628 17133 17154 I PushLog90001300: [Thread-2-3424]proxyPort=-1(pushagent/ProxyUtil.java:93)
05-26 15:38:56.628 17133 17151 W FileLogNode: backup the log file. mLogFile.length() + line.length(): 36430 LIMIT_FILE_SIZE :10485760false
05-26 15:38:56.628 17133 17151 W FileLogNode: backup the log file
05-26 15:38:56.629 17133 17151 W FileLogNode: nc log write success
05-26 15:38:56.629 17133 17151 W FileLogNode: backup the log file. mLogFile.length() + line.length(): 36538 LIMIT_FILE_SIZE :10485760false
05-26 15:38:56.629 17133 17151 W FileLogNode: backup the log file
05-26 15:38:56.630 17133 17151 W FileLogNode: nc log write success
05-26 15:38:56.635 17133 17154 D NetworkSecurityConfig: No Network Security Config specified, using platform default
05-26 15:38:56.725  2340  2340 I chatty  : uid=10039(com.huawei.HwMultiScreenShot) com.android.systemui expire 55 lines
05-26 15:38:57.145  1306  2464 W Watchdog: hungtask: writing kick
05-26 15:38:57.149 17133 17154 D HwGalleryCacheManagerImpl: mIsEffect:false
05-26 15:38:57.163 17133 17154 D OpenGLRenderer: Skia GL Pipeline
05-26 15:38:57.184 17133 17154 I PushLog90001300: [Thread-2-3424]getEmuiLevel:18(pushagent/BaseUtil.java:137)
05-26 15:38:57.185 17133 17154 I PushLog90001300: [Thread-2-3424]huawei phone, and emui5.0, need not show large icon.(pushagent/NotificationIconUtil.java:189)
05-26 15:38:57.186 17133 17154 I PushLog90001300: [Thread-2-3424]getEmuiLevel:18(pushagent/BaseUtil.java:137)
05-26 15:38:57.193 17133 17154 I PushLog90001300: [Thread-2-3424]uid:10015(pushagent/PushNotification.java:429)
