06-16 22:03:34.040  3829  3829 W ContextImpl: Calling a method in the system process without a qualified user: android.app.ContextImpl.startService:1760 android.content.ContextWrapper.startService:664 android.content.ContextWrapper.startService:664 com.android.settings.deviceinfo.UsbReceiver.startUsbService:304 com.android.settings.deviceinfo.UsbReceiver.onUsbStateReceive:212 
06-16 22:03:34.046 31864 31864 E p2pfile : HCDN_LOG: [2019-06-16 22:03:34.046][T:31864][func:SetParam],[line:2219],[oper: SetParam message ParamName(device_state), ParamValue({"model":"STF-AL00","cpu":-1,"mem":-1,"tmem":-1,"wifi":1,"power":1,"battery":5,"lockScreen":0}), isGlobal(true), m_dwTaskID(0)]
06-16 22:03:34.052 31864 31945 E cube    : HCDN_LOG: [2019-06-16 22:03:34.052][T:31945][func:DealSetParam],[line:956],[oper:deal set param by self thread],[param_name:device_state],[param_value:{"model":"STF-AL00","cpu":-1,"mem":-1,"tmem":-1,"wifi":1,"power":1,"battery":5,"lockScreen":0}]
06-16 22:03:34.053 31864 31956 E hcdn_downloadengine: HCDN_LOG: [2019-06-16 22:03:34.053][T:31956]OnRecvSetParam,1782     task_id : 0,SetParam : device_state,{"model":"STF-AL00","cpu":-1,"mem":-1,"tmem":-1,"wifi":1,"power":1,"battery":5,"lockScreen":0} 
06-16 22:03:34.054  1296  1314 V BroadcastQueue: Finished with ordered broadcast BroadcastRecord{3887832 u-1 android.hardware.usb.action.USB_STATE}
06-16 22:03:34.055 31864 31956 E hcdn_downloadengine: HCDN_LOG: [2019-06-16 22:03:34.055][T:31956]ParserDeviceState,3689     device_state {"model":"STF-AL00","cpu":-1,"mem":-1,"tmem":-1,"wifi":1,"power":1,"battery":5,"lockScreen":0} 
06-16 22:03:34.080  1296  7866 I NotificationService: enqueueNotificationInternal: pkg=com.android.settings id=1000002 notification=Notification(channel=SETTINGS_USB pri=1 contentView=null vibrate=null sound=null tick defaults=0x0 flags=0x2 color=0x00000000 vis=PRIVATE)
06-16 22:03:34.081  1296  7866 I NotificationService: enqueueNotificationInternal Channel Info : pkg=com.android.settings id=1000002 importance =1
06-16 22:03:34.082   865   865 D MediaScanner: setStorageEjectFlag flag = 0
06-16 22:03:34.096   865   865 I MtpService: Couldn't get control FD!
06-16 22:03:34.096   865   865 I HWSERVICES: hwnative_get_component_mtpServer  comes...
06-16 22:03:34.097  1296  1296 I chatty  : uid=1000 system_server expire 10 lines
06-16 22:03:34.097   865   865 V MtpServerEx: constructor
06-16 22:03:34.097   865   865 I HwMtpServerExJNI: set MtpServerEx 0x71d2ffdc00
06-16 22:03:34.097   865   865 I HwMtpServerExJNI: Finish to setup MtpServer
06-16 22:03:34.101  1852  1981 I chatty  : uid=1000(system) core expire 13 lines
06-16 22:03:34.122   865   865 V MtpService: Adding MTP storage:/storage/emulated/0
06-16 22:03:34.125   865   865 E MtpDatabase: addStorageId : 65537
06-16 22:03:34.127   865   865 E HwMtpServerExJNI: android_mtp_MtpServerEx_add_storage, line 175: descriptionStr = 
06-16 22:03:34.127   865   865 I HWSERVICES: hwnative_get_component_mtpStorage  comes...
06-16 22:03:34.128   865   865 E HWSERVICES: hwnative_get_component_mtpStorage error: undefined symbol: _Z27createMyComponentMtpStoragePvjPKcS1_mbm
06-16 22:03:34.129   865   865 V MtpService: Adding MTP storage:/storage/3866-6630
06-16 22:03:34.131   865   865 E MtpDatabase: addStorageId : 1411907585
06-16 22:03:34.131   865   865 E HwMtpServerExJNI: android_mtp_MtpServerEx_add_storage, line 175: descriptionStr = SanDisk?
06-16 22:03:34.131   865   865 I HWSERVICES: hwnative_get_component_mtpStorage  comes...
06-16 22:03:34.132   865   865 E HWSERVICES: hwnative_get_component_mtpStorage error: undefined symbol: _Z27createMyComponentMtpStoragePvjPKcS1_mbm
06-16 22:03:34.133  3194  3285 E LYNX_TT_WEBVIEW: can't get appInfo, try at 5 seconds later! 
06-16 22:03:34.148  1639  1639 I NotificationInflation1: start: entry=150392872
06-16 22:03:34.150  1639  1873 D ReporterUtil:  e id:344 type:{pkg:com.android.settings,hw_type:null,hw_btw:false,onGoing:true,importance:1}
06-16 22:03:34.152  1816  2089 E BDLog   : BD.FilterImpl:com.android.systemui 344 times= 200 over threshold
06-16 22:03:34.152  1816  2089 E BDLog   : BD.FilterImpl:com.android.systemui 344 is illLegal
06-16 22:03:34.156  1639  2755 I FakeShadowView: radius12
06-16 22:03:34.158  1639  1639 I NotificationInflation1: finish: entry=150392872
06-16 22:03:34.161  1639  1639 I NotificationInflation2: start: entry=150392872
06-16 22:03:34.164  1639  2778 I GlobalContext: Runnable for SerialExecutor
06-16 22:03:34.164  1639  2778 I NotificationInflation4: doInBackground is begin
06-16 22:03:34.178  1639  2778 I NotificationInflation5: doInBackground is end
06-16 22:03:34.178  1639  1639 I NotificationInflation2: finish: entry=150392872
06-16 22:03:34.179  1639  1639 I NotificationInflation3: start: entry=150392872
06-16 22:03:34.193  1639  4198 W HwPhoneLayoutInflater: onCreateView : ClassNotFoundException, In this case we want to let the base class take a crack at it
06-16 22:03:34.193  1639  4198 W HwPhoneLayoutInflater: onCreateView : ClassNotFoundException, In this case we want to let the base class take a crack at it
06-16 22:03:34.196  1639  4199 W HwPhoneLayoutInflater: onCreateView : ClassNotFoundException, In this case we want to let the base class take a crack at it
06-16 22:03:34.196  1639  4199 W HwPhoneLayoutInflater: onCreateView : ClassNotFoundException, In this case we want to let the base class take a crack at it
06-16 22:03:34.197  1639  4201 W HwPhoneLayoutInflater: onCreateView : ClassNotFoundException, In this case we want to let the base class take a crack at it
06-16 22:03:34.197  1639  4200 W HwPhoneLayoutInflater: onCreateView : ClassNotFoundException, In this case we want to let the base class take a crack at it
06-16 22:03:34.198  1639  4200 W HwPhoneLayoutInflater: onCreateView : ClassNotFoundException, In this case we want to let the base class take a crack at it
06-16 22:03:34.198  1639  4201 W HwPhoneLayoutInflater: onCreateView : ClassNotFoundException, In this case we want to let the base class take a crack at it
06-16 22:03:34.207  1639  4201 W HwPhoneLayoutInflater: onCreateView : ClassNotFoundException, In this case we want to let the base class take a crack at it
06-16 22:03:34.207  1639  4198 W HwPhoneLayoutInflater: onCreateView : ClassNotFoundException, In this case we want to let the base class take a crack at it
06-16 22:03:34.207  1639  4199 W HwPhoneLayoutInflater: onCreateView : ClassNotFoundException, In this case we want to let the base class take a crack at it
06-16 22:03:34.207  1639  4201 W HwPhoneLayoutInflater: onCreateView : ClassNotFoundException, In this case we want to let the base class take a crack at it
06-16 22:03:34.207  1639  4199 W HwPhoneLayoutInflater: onCreateView : ClassNotFoundException, In this case we want to let the base class take a crack at it
06-16 22:03:34.207  1639  4198 W HwPhoneLayoutInflater: onCreateView : ClassNotFoundException, In this case we want to let the base class take a crack at it
06-16 22:03:34.209  1639  4200 W HwPhoneLayoutInflater: onCreateView : ClassNotFoundException, In this case we want to let the base class take a crack at it
06-16 22:03:34.209  1639  4200 W HwPhoneLayoutInflater: onCreateView : ClassNotFoundException, In this case we want to let the base class take a crack at it
06-16 22:03:34.209  1639  4199 W HwPhoneLayoutInflater: onCreateView : ClassNotFoundException, In this case we want to let the base class take a crack at it
06-16 22:03:34.210  1639  4198 W HwPhoneLayoutInflater: onCreateView : ClassNotFoundException, In this case we want to let the base class take a crack at it
06-16 22:03:34.210  1639  4201 W HwPhoneLayoutInflater: onCreateView : ClassNotFoundException, In this case we want to let the base class take a crack at it
06-16 22:03:34.210  1639  1639 D StatusBarIconController: setIconVisibility icon is null or visibility not change visibility=false
06-16 22:03:34.210  1639  1639 D NetWorkUtils: mVSimCurCardType is -1
06-16 22:03:34.210  1639  1639 E ndroid.systemu: Invalid ID 0x00000000.
06-16 22:03:34.210  1639  1639 E HwNotchUtils: setIconForView iconId is not found
06-16 22:03:34.210  1639  1639 D StatusBarIconController: setIconVisibility icon is null or visibility not change visibility=false
06-16 22:03:34.211  1639  1639 D NetWorkUtils: mVSimCurCardType is -1
06-16 22:03:34.211  1639  1639 E ndroid.systemu: Invalid ID 0x00000000.
06-16 22:03:34.211  1639  1639 E HwNotchUtils: setIconForView iconId is not found
06-16 22:03:34.211  1639  1639 D StatusBarIconController: setIconVisibility icon is null or visibility not change visibility=false
06-16 22:03:34.211  1639  1639 D NetWorkUtils: mVSimCurCardType is -1
06-16 22:03:34.211  1639  1639 E ndroid.systemu: Invalid ID 0x00000000.
06-16 22:03:34.211  1639  1639 E HwNotchUtils: setIconForView iconId is not found
06-16 22:03:34.211  1639  4200 W HwPhoneLayoutInflater: onCreateView : ClassNotFoundException, In this case we want to let the base class take a crack at it
06-16 22:03:34.213  1639  4200 W HwPhoneLayoutInflater: onCreateView : ClassNotFoundException, In this case we want to let the base class take a crack at it
06-16 22:03:34.213  1639  4198 W HwPhoneLayoutInflater: onCreateView : ClassNotFoundException, In this case we want to let the base class take a crack at it
06-16 22:03:34.213  1639  4198 W HwPhoneLayoutInflater: onCreateView : ClassNotFoundException, In this case we want to let the base class take a crack at it
06-16 22:03:34.213  1639  4200 W HwPhoneLayoutInflater: onCreateView : ClassNotFoundException, In this case we want to let the base class take a crack at it
06-16 22:03:34.214  1639  4201 W HwPhoneLayoutInflater: onCreateView : ClassNotFoundException, In this case we want to let the base class take a crack at it
06-16 22:03:34.214  1639  4201 W HwPhoneLayoutInflater: onCreateView : ClassNotFoundException, In this case we want to let the base class take a crack at it
06-16 22:03:34.215  1639  4199 W HwPhoneLayoutInflater: onCreateView : ClassNotFoundException, In this case we want to let the base class take a crack at it
06-16 22:03:34.215  1639  4199 W HwPhoneLayoutInflater: onCreateView : ClassNotFoundException, In this case we want to let the base class take a crack at it
06-16 22:03:34.234  1639  1639 I NotificationInflation3: finish: entry=150392872
06-16 22:03:34.239  1639  1639 W NotificationViewHierarchyManager: updateNotificationShade activeNotificationSize=3;hasFaceDT: true; Detected:false
06-16 22:03:34.386  1639  1639 I Net.20887NetworkSpeedMa: mIsStop = false
06-16 22:03:34.386  1639  1873 I Net.20888NetworkSpeedMa:  runInThread getTetherStats
06-16 22:03:34.389  1639  1639 I Net.20888NetworkSpeedMa:  runInUI refreshSpeed
06-16 22:03:34.389  1639  1639 I Net.20888NetworkSpeedMa: value=1888.0speed = 1.84K/smIsShowLastSpeedValuefalse
06-16 22:03:34.389  1639  1639 I NetworkSpeedView: /update(), speed=1.84K/s
06-16 22:03:34.390  1639  1639 I NetworkSpeedView: /update(), speed=1.84K/s
06-16 22:03:34.405  1296  1323 I NotificationService: enqueueNotificationInternal: pkg=android id=26 notification=Notification(channel=DEVELOPER pri=0 contentView=null vibrate=null sound=null tick defaults=0x0 flags=0x2 color=0x00000000 vis=PUBLIC)
06-16 22:03:34.406  1296  1323 I NotificationService: enqueueNotificationInternal Channel Info : pkg=android id=26 importance =2
06-16 22:03:34.406  1296  1323 W Looper  : Slow dispatch took 638ms android.fg h=com.android.server.usb.UsbDeviceManager$UsbHandlerLegacy c=null m=1
06-16 22:03:34.442  1639  1639 I NotificationInflation1: start: entry=78566150
06-16 22:03:34.443  1639  1873 D ReporterUtil:  e id:344 type:{pkg:android,hw_type:null,hw_btw:false,onGoing:true,importance:2}
06-16 22:03:34.444  1816  2089 E BDLog   : BD.FilterImpl:com.android.systemui 344 times= 200 over threshold
06-16 22:03:34.444  1816  2089 E BDLog   : BD.FilterImpl:com.android.systemui 344 is illLegal
06-16 22:03:34.446  1639  2755 I FakeShadowView: radius12
06-16 22:03:34.446  1639  1639 I NotificationInflation1: finish: entry=78566150
06-16 22:03:34.448  1639  1639 I NotificationInflation2: start: entry=78566150
06-16 22:03:34.448  1639  2778 I GlobalContext: Runnable for SerialExecutor
06-16 22:03:34.448  1639  2778 I NotificationInflation4: doInBackground is begin
06-16 22:03:34.452  1639  2778 I NotificationInflation5: doInBackground is end
06-16 22:03:34.452  1639  1639 I NotificationInflation2: finish: entry=78566150
06-16 22:03:34.453  1639  1639 I NotificationInflation3: start: entry=78566150
06-16 22:03:34.478  1639  4200 W HwPhoneLayoutInflater: onCreateView : ClassNotFoundException, In this case we want to let the base class take a crack at it
06-16 22:03:34.478  1639  4198 W HwPhoneLayoutInflater: onCreateView : ClassNotFoundException, In this case we want to let the base class take a crack at it
06-16 22:03:34.478  1639  4201 W HwPhoneLayoutInflater: onCreateView : ClassNotFoundException, In this case we want to let the base class take a crack at it
06-16 22:03:34.478  1639  4198 W HwPhoneLayoutInflater: onCreateView : ClassNotFoundException, In this case we want to let the base class take a crack at it
06-16 22:03:34.478  1639  4200 W HwPhoneLayoutInflater: onCreateView : ClassNotFoundException, In this case we want to let the base class take a crack at it
06-16 22:03:34.478  1639  4201 W HwPhoneLayoutInflater: onCreateView : ClassNotFoundException, In this case we want to let the base class take a crack at it
06-16 22:03:34.479  1639  4199 W HwPhoneLayoutInflater: onCreateView : ClassNotFoundException, In this case we want to let the base class take a crack at it
06-16 22:03:34.480  1639  4199 W HwPhoneLayoutInflater: onCreateView : ClassNotFoundException, In this case we want to let the base class take a crack at it
06-16 22:03:34.485  1593  2154 I chatty  : uid=1000(system) UEventObserver expire 11 lines
06-16 22:03:34.498  1639  4199 W HwPhoneLayoutInflater: onCreateView : ClassNotFoundException, In this case we want to let the base class take a crack at it
06-16 22:03:34.499  1639  4199 W HwPhoneLayoutInflater: onCreateView : ClassNotFoundException, In this case we want to let the base class take a crack at it
06-16 22:03:34.500  1639  4198 W HwPhoneLayoutInflater: onCreateView : ClassNotFoundException, In this case we want to let the base class take a crack at it
06-16 22:03:34.500  1639  4198 W HwPhoneLayoutInflater: onCreateView : ClassNotFoundException, In this case we want to let the base class take a crack at it
06-16 22:03:34.504  1639  4201 W HwPhoneLayoutInflater: onCreateView : ClassNotFoundException, In this case we want to let the base class take a crack at it
06-16 22:03:34.504  1639  4199 W HwPhoneLayoutInflater: onCreateView : ClassNotFoundException, In this case we want to let the base class take a crack at it
06-16 22:03:34.504  1639  4198 W HwPhoneLayoutInflater: onCreateView : ClassNotFoundException, In this case we want to let the base class take a crack at it
06-16 22:03:34.504  1639  4201 W HwPhoneLayoutInflater: onCreateView : ClassNotFoundException, In this case we want to let the base class take a crack at it
06-16 22:03:34.505  1639  4200 W HwPhoneLayoutInflater: onCreateView : ClassNotFoundException, In this case we want to let the base class take a crack at it
06-16 22:03:34.505  1639  4200 W HwPhoneLayoutInflater: onCreateView : ClassNotFoundException, In this case we want to let the base class take a crack at it
06-16 22:03:34.508  1639  4201 W HwPhoneLayoutInflater: onCreateView : ClassNotFoundException, In this case we want to let the base class take a crack at it
06-16 22:03:34.509  1639  4200 W HwPhoneLayoutInflater: onCreateView : ClassNotFoundException, In this case we want to let the base class take a crack at it
06-16 22:03:34.509  1639  4199 W HwPhoneLayoutInflater: onCreateView : ClassNotFoundException, In this case we want to let the base class take a crack at it
06-16 22:03:34.510  1639  4199 W HwPhoneLayoutInflater: onCreateView : ClassNotFoundException, In this case we want to let the base class take a crack at it
06-16 22:03:34.510  1639  4198 W HwPhoneLayoutInflater: onCreateView : ClassNotFoundException, In this case we want to let the base class take a crack at it
06-16 22:03:34.510  1639  4198 W HwPhoneLayoutInflater: onCreateView : ClassNotFoundException, In this case we want to let the base class take a crack at it
06-16 22:03:34.513  1639  4200 W HwPhoneLayoutInflater: onCreateView : ClassNotFoundException, In this case we want to let the base class take a crack at it
06-16 22:03:34.513  1639  4201 W HwPhoneLayoutInflater: onCreateView : ClassNotFoundException, In this case we want to let the base class take a crack at it
06-16 22:03:34.513  1639  4201 W HwPhoneLayoutInflater: onCreateView : ClassNotFoundException, In this case we want to let the base class take a crack at it
06-16 22:03:34.513  1639  4200 W HwPhoneLayoutInflater: onCreateView : ClassNotFoundException, In this case we want to let the base class take a crack at it
06-16 22:03:34.556  1639  4198 W HwPhoneLayoutInflater: onCreateView : ClassNotFoundException, In this case we want to let the base class take a crack at it
06-16 22:03:34.567  1639  4198 I chatty  : uid=10039(com.huawei.HwMultiScreenShot) InflaterThread identical 5 lines
06-16 22:03:34.567  1639  4198 W HwPhoneLayoutInflater: onCreateView : ClassNotFoundException, In this case we want to let the base class take a crack at it
06-16 22:03:34.576  1639  1639 I NotificationInflation3: finish: entry=78566150
06-16 22:03:34.580  1639  1639 W NotificationViewHierarchyManager: updateNotificationShade activeNotificationSize=4;hasFaceDT: true; Detected:false
06-16 22:03:34.590  1639  1873 I HwMobileSignalController(0): subId:0 phoneType:1 networktype:13 targetClass:3 masterLevel:5 slaveLevel:-1
06-16 22:03:34.593 31864 31864 E cube_taskex: HCDN_LOG: [2019-06-16 22:03:34.593][T:31864]Java_com_qiyi_hcdndownloader_HCDNDownloaderTask_SetParamNative 330: taskptr = 0xe52cc5d4,szparamname = device_state,szparamvalue = {"model":"STF-AL00","cpu":-1,"mem":-1,"tmem":-1,"wifi":1,"power":1,"battery":5,"lockScreen":0}

06-16 22:03:34.593 31864 31864 E cube    : HCDN_LOG: [2019-06-16 22:03:34.593][T:31864][func:SetParam],[line:780],[oper:set param],[param_name:device_state],[param_value:{"model":"STF-AL00","cpu":-1,"mem":-1,"tmem":-1,"wifi":1,"power":1,"battery":5,"lockScreen":0}]
06-16 22:03:34.593 31864 31864 E cube    : HCDN_LOG: [2019-06-16 22:03:34.593][T:31864][func:SetParam],[line:363],[oper:set param],[key:device_state],[value:{"model":"STF-AL00","cpu":-1,"mem":-1,"tmem":-1,"wifi":1,"power":1,"battery":5,"lockScreen":0}]
06-16 22:03:34.593 31864 31864 E cube    : HCDN_LOG: [2019-06-16 22:03:34.593][T:31864][func:SetParam],[line:212],[oper:hcdn client set param],[key:device_state],[value:{"model":"STF-AL00","cpu":-1,"mem":-1,"tmem":-1,"wifi":1,"power":1,"battery":5,"lockScreen":0}]
06-16 22:03:34.593 31864 31864 E p2pfile : HCDN_LOG: [2019-06-16 22:03:34.593][T:31864][func:SetParam],[line:2219],[oper: SetParam message ParamName(device_state), ParamValue({"model":"STF-AL00","cpu":-1,"mem":-1,"tmem":-1,"wifi":1,"power":1,"battery":5,"lockScreen":0}), isGlobal(true), m_dwTaskID(0)]
06-16 22:03:34.594 31864 31956 E hcdn_downloadengine: HCDN_LOG: [2019-06-16 22:03:34.594][T:31956]OnRecvSetParam,1782     task_id : 0,SetParam : device_state,{"model":"STF-AL00","cpu":-1,"mem":-1,"tmem":-1,"wifi":1,"power":1,"battery":5,"lockScreen":0} 
06-16 22:03:34.594 31864 31956 E hcdn_downloadengine: HCDN_LOG: [2019-06-16 22:03:34.594][T:31956]ParserDeviceState,3689     device_state {"model":"STF-AL00","cpu":-1,"mem":-1,"tmem":-1,"wifi":1,"power":1,"battery":5,"lockScreen":0} 
06-16 22:03:34.594 31864 31945 E cube    : HCDN_LOG: [2019-06-16 22:03:34.594][T:31945][func:DealSetParam],[line:956],[oper:deal set param by self thread],[param_name:device_state],[param_value:{"model":"STF-AL00","cpu":-1,"mem":-1,"tmem":-1,"wifi":1,"power":1,"battery":5,"lockScreen":0}]
06-16 22:03:34.596  1593  1817 I HidataAppQoeP: handleStateChanged reason=6
06-16 22:03:34.596  1593  1817 I BrowserChrP: handleStateChanged
06-16 22:03:34.599   865   865 D MtpReceiver: Debug MTP:ACTION_USB_STATE 
06-16 22:03:34.627 31864 31864 E cube_taskex: HCDN_LOG: [2019-06-16 22:03:34.627][T:31864]Java_com_qiyi_hcdndownloader_HCDNDownloaderTask_SetParamNative 330: taskptr = 0xe52cc5d4,szparamname = device_state,szparamvalue = {"model":"STF-AL00","cpu":-1,"mem":-1,"tmem":-1,"wifi":1,"power":1,"battery":5,"lockScreen":0}

06-16 22:03:34.627 31864 31864 E cube    : HCDN_LOG: [2019-06-16 22:03:34.627][T:31864][func:SetParam],[line:780],[oper:set param],[param_name:device_state],[param_value:{"model":"STF-AL00","cpu":-1,"mem":-1,"tmem":-1,"wifi":1,"power":1,"battery":5,"lockScreen":0}]
06-16 22:03:34.627 31864 31864 E cube    : HCDN_LOG: [2019-06-16 22:03:34.627][T:31864][func:SetParam],[line:363],[oper:set param],[key:device_state],[value:{"model":"STF-AL00","cpu":-1,"mem":-1,"tmem":-1,"wifi":1,"power":1,"battery":5,"lockScreen":0}]
06-16 22:03:34.627 31864 31864 E cube    : HCDN_LOG: [2019-06-16 22:03:34.627][T:31864][func:SetParam],[line:212],[oper:hcdn client set param],[key:device_state],[value:{"model":"STF-AL00","cpu":-1,"mem":-1,"tmem":-1,"wifi":1,"power":1,"battery":5,"lockScreen":0}]
06-16 22:03:34.627 31864 31864 E p2pfile : HCDN_LOG: [2019-06-16 22:03:34.627][T:31864][func:SetParam],[line:2219],[oper: SetParam message ParamName(device_state), ParamValue({"model":"STF-AL00","cpu":-1,"mem":-1,"tmem":-1,"wifi":1,"power":1,"battery":5,"lockScreen":0}), isGlobal(true), m_dwTaskID(0)]
06-16 22:03:34.627 31864 31945 E cube    : HCDN_LOG: [2019-06-16 22:03:34.627][T:31945][func:DealSetParam],[line:956],[oper:deal set param by self thread],[param_name:device_state],[param_value:{"model":"STF-AL00","cpu":-1,"mem":-1,"tmem":-1,"wifi":1,"power":1,"battery":5,"lockScreen":0}]
06-16 22:03:34.628 31864 31956 E hcdn_downloadengine: HCDN_LOG: [2019-06-16 22:03:34.628][T:31956]OnRecvSetParam,1782     task_id : 0,SetParam : device_state,{"model":"STF-AL00","cpu":-1,"mem":-1,"tmem":-1,"wifi":1,"power":1,"battery":5,"lockScreen":0} 
06-16 22:03:34.628 31864 31956 E hcdn_downloadengine: HCDN_LOG: [2019-06-16 22:03:34.628][T:31956]ParserDeviceState,3689     device_state {"model":"STF-AL00","cpu":-1,"mem":-1,"tmem":-1,"wifi":1,"power":1,"battery":5,"lockScreen":0} 
06-16 22:03:34.637   540   543 I iMonitor: create: 940001000
06-16 22:03:34.638   540   543 I iMonitor: send: 940001000
06-16 22:03:34.638   540   543 I HISEC   : [ENGINE      ] upload threat succeed: name:usb-debug,stat:RISK,cred:Y,seq:50,table: 0 0 0 2,errno:#1y,detail:"CONFIGURED"
06-16 22:03:34.638   540   544 I HISEC   : [STATIC      ] static check started
06-16 22:03:34.639   724  1173 I         : DPTEST  EventId is not need Hash
06-16 22:03:34.703  3829  3829 W ContextImpl: Calling a method in the system process without a qualified user: android.app.ContextImpl.startService:1760 android.content.ContextWrapper.startService:664 android.content.ContextWrapper.startService:664 com.android.settings.deviceinfo.UsbReceiver.startUsbService:304 com.android.settings.deviceinfo.UsbReceiver.onUsbStateReceive:165 
06-16 22:03:34.708  3829  3829 W ContextImpl: Calling a method in the system process without a qualified user: android.app.ContextImpl.startService:1760 android.content.ContextWrapper.startService:664 android.content.ContextWrapper.startService:664 com.android.settings.deviceinfo.UsbReceiver.startUsbService:304 com.android.settings.deviceinfo.UsbReceiver.onUsbStateReceive:212 
06-16 22:03:34.718  1296  1314 V BroadcastQueue: Finished with ordered broadcast BroadcastRecord{f4b6aad u-1 android.hardware.usb.action.USB_STATE}
06-16 22:03:34.729   865   865 D MtpReceiver: Debug MTP:ACTION_USB_STATE 
06-16 22:03:34.731   865   982 D MediaProvider: fixParentIdIfNeeded called
06-16 22:03:34.731   865   865 D MtpReceiver: handleUsbState startService
06-16 22:03:34.731   865   865 D MtpReceiver: Debug MTP:srart MTP service 
06-16 22:03:34.735   865   865 D MtpService: Cannot launch second MTP server.
06-16 22:03:34.820   865  4187 D MtpServer: doOpenSession ok
06-16 22:03:34.826  3829  3829 W ContextImpl: Calling a method in the system process without a qualified user: android.app.ContextImpl.startService:1760 android.content.ContextWrapper.startService:664 android.content.ContextWrapper.startService:664 com.android.settings.deviceinfo.UsbReceiver.startUsbService:304 com.android.settings.deviceinfo.UsbReceiver.onUsbStateReceive:165 
06-16 22:03:34.830  1296  1315 I WindowManager: onProposedRotationChanged, rotation=0
06-16 22:03:34.830  3829  3829 W ContextImpl: Calling a method in the system process without a qualified user: android.app.ContextImpl.startService:1760 android.content.ContextWrapper.startService:664 android.content.ContextWrapper.startService:664 com.android.settings.deviceinfo.UsbReceiver.startUsbService:304 com.android.settings.deviceinfo.UsbReceiver.onUsbStateReceive:212 
06-16 22:03:34.832  1296  1315 I WindowManager: MyOrientationListener: updateRotation.
06-16 22:03:34.835  3829  3829 I chatty  : uid=1000(system) com.android.settings expire 11 lines
06-16 22:03:34.841  1296  1315 V WindowManager: removeIfPossible: Window{53384d8 u0 android}
06-16 22:03:34.844  1296  1315 V WindowManager: postWindowRemoveCleanupLocked: Window{53384d8 u0 android}
06-16 22:03:34.844  1296  1315 V WindowManager: Removing Window{53384d8 u0 android} from WindowToken{4d557bb android.view.ViewRootImpl$W@c4eec4a}
06-16 22:03:34.854  1296  1314 V BroadcastQueue: Finished with ordered broadcast BroadcastRecord{c6b51e2 u-1 android.hardware.usb.action.USB_STATE}
06-16 22:03:34.867  1296  1775 I chatty  : uid=1000(system) RenderThread expire 12 lines
06-16 22:03:34.886  1296  1315 V WindowManager: addWindow: Window{766a9cf u0 android}
06-16 22:03:34.887  1296  1315 I StatusBarDisable: setFlags what=0 which=1 pkg=Window{305444b u0 com.android.settings/com.android.settings.Settings$DevelopmentSettingsActivity}
06-16 22:03:34.899  1296  1315 I StatusBarDisable: setFlags what=0 which=1 pkg=Window{305444b u0 com.android.settings/com.android.settings.Settings$DevelopmentSettingsActivity}
06-16 22:03:35.134  1296  1446 I chatty  : uid=1000(system) AlarmManager expire 2 lines
06-16 22:03:35.138  1296  7268 I chatty  : uid=1000(system) Binder:1296_15 expire 5 lines
06-16 22:03:35.141  1296  7268 V BroadcastQueue: Finished with ordered broadcast BroadcastRecord{21c4265 u0 com.google.android.intent.action.GCM_RECONNECT}
06-16 22:03:35.541  1296  7268 I NotificationService: enqueueNotificationInternal: pkg=com.android.settings id=1000002 notification=Notification(channel=SETTINGS_USB pri=1 contentView=null vibrate=null sound=null tick defaults=0x0 flags=0x2 color=0x00000000 vis=PRIVATE)
06-16 22:03:35.543  1296  7268 I NotificationService: enqueueNotificationInternal Channel Info : pkg=com.android.settings id=1000002 importance =1
06-16 22:03:35.568  1639  1639 D NotificationEntryMgr: updateNotification(StatusBarNotification(pkg=com.android.settings user=UserHandle{0} id=1000002 tag=null key=0|com.android.settings|1000002|null|1000: Notification(channel=SETTINGS_USB pri=1 contentView=null vibrate=null sound=null tick defaults=0x0 flags=0x2 color=0x00000000 vis=PRIVATE)))
06-16 22:03:35.575  1639  1639 I NotificationInflation2: start: entry=150392872
06-16 22:03:35.576  1639  2778 I GlobalContext: Runnable for SerialExecutor
06-16 22:03:35.577  1639  2778 I NotificationInflation4: doInBackground is begin
06-16 22:03:35.579  1639  1639 W NotificationViewHierarchyManager: updateNotificationShade activeNotificationSize=4;hasFaceDT: true; Detected:false
06-16 22:03:35.583  1639  1873 D ReporterUtil:  e id:344 type:{pkg:com.android.settings,hw_type:null,hw_btw:false,onGoing:true,importance:1}
06-16 22:03:35.585  1816  2089 E BDLog   : BD.FilterImpl:com.android.systemui 344 times= 200 over threshold
06-16 22:03:35.585  1816  2089 E BDLog   : BD.FilterImpl:com.android.systemui 344 is illLegal
06-16 22:03:35.586  1639  2778 I NotificationInflation5: doInBackground is end
06-16 22:03:35.587  1639  1639 I NotificationInflation2: finish: entry=150392872
06-16 22:03:35.587  1639  1639 I NotificationInflation3: start: entry=150392872
06-16 22:03:35.596   712   712 E Thermal-daemon: [battery] temp_new :30  temp_old :29
06-16 22:03:35.597  1852 10117 I chatty  : uid=1000(system) Binder:1852_9 expire 2 lines
06-16 22:03:35.598   712   712 E Thermal-daemon: Report temperature: [battery] temp :30  report_threshold:1
06-16 22:03:35.610  1639  1639 I NotificationInflation3: finish: entry=150392872
06-16 22:03:35.657  1296  1474 I chatty  : uid=1000(system) WifiStateMachin expire 10 lines
06-16 22:03:35.668  1296  4206 I chatty  : uid=1000 system_server expire 2 lines
06-16 22:03:36.049 31101 31494 E qyapm-agent: totalMem:38, maxMem:512
06-16 22:03:36.061  4173  4173 I adbd    : Calling send_auth_request...
06-16 22:03:36.150  3382  4204 E WakeLock: GCM_HB_ALARM release without a matched acquire!
06-16 22:03:36.212  1639  1639 D StatusBarIconController: setIconVisibility icon is null or visibility not change visibility=false
06-16 22:03:36.213  1639  1639 D NetWorkUtils: mVSimCurCardType is -1
06-16 22:03:36.213  1639  1639 D StatusBarIconController: setIconVisibility icon is null or visibility not change visibility=false
06-16 22:03:36.213  1639  1639 D NetWorkUtils: mVSimCurCardType is -1
06-16 22:03:36.213  1639  1639 D StatusBarIconController: setIconVisibility icon is null or visibility not change visibility=false
06-16 22:03:36.213  1639  1639 D NetWorkUtils: mVSimCurCardType is -1
06-16 22:03:36.356  1816  2023 D HwWifiStatStore: handleMessage : 200
06-16 22:03:36.566  4173  4173 I adbd    : Loading keys from /data/misc/adb/adb_keys
06-16 22:03:36.579  4173  4173 I adbd    : adb client authorized
06-16 22:03:36.595   612   612 E WifiHAL : enter wifi_get_link_stats
06-16 22:03:36.819   568   629 W IptablesRestoreController: iptables-restore process 3921 terminated status=15
06-16 22:03:36.821   568   629 W IptablesRestoreController: iptables-restore process 3922 terminated status=15
06-16 22:03:37.209  3382  4207 E WakeLock: GCM_HB_ALARM release without a matched acquire!
06-16 22:03:37.211  1296  1480 D ConnectivityService: reportNetworkConnectivity(124, false) by 10099
06-16 22:03:37.212  1296  4599 I chatty  : uid=1000(system) NetworkMonitorN expire 11 lines
06-16 22:03:37.221  1639  1639 D StatusBarIconController: setIconVisibility icon is null or visibility not change visibility=false
06-16 22:03:37.222  1639  1639 D NetWorkUtils: mVSimCurCardType is -1
06-16 22:03:37.223  1639  1639 D StatusBarIconController: setIconVisibility icon is null or visibility not change visibility=false
06-16 22:03:37.223  1639  1639 D NetWorkUtils: mVSimCurCardType is -1
06-16 22:03:37.224  1639  1639 D StatusBarIconController: setIconVisibility icon is null or visibility not change visibility=false
06-16 22:03:37.224  1639  1639 D NetWorkUtils: mVSimCurCardType is -1
06-16 22:03:37.388  1639  1639 I Net.20888NetworkSpeedMa: mIsStop = false
06-16 22:03:37.388  1639  1873 I Net.20889NetworkSpeedMa:  runInThread getTetherStats
06-16 22:03:37.396  1639  1639 I Net.20889NetworkSpeedMa:  runInUI refreshSpeed
06-16 22:03:37.398  1639  1639 I Net.20889NetworkSpeedMa: value=613.0speed = 613B/smIsShowLastSpeedValuefalse
06-16 22:03:37.398  1639  1639 I NetworkSpeedView: /update(), speed=613B/s
06-16 22:03:37.399  1639  1639 I NetworkSpeedView: /update(), speed=613B/s
06-16 22:03:37.400  1639  1639 I NetworkSpeedView: /update(), speed=613B/s
06-16 22:03:37.449  1296 32590 I chatty  : uid=1000(system) are.mem.default expire 7 lines
06-16 22:03:37.541  4210  4210 W ls      : type=1400 audit(0.0:64849): avc: denied { getattr } for path="/init.usb.configfs.rc" dev="dm-0" ino=67 scontext=u:r:shell:s0 tcontext=u:object_r:rootfs:s0 tclass=file permissive=0
06-16 22:03:37.541  4210  4210 W ls      : type=1400 audit(0.0:64850): avc: denied { getattr } for path="/fstab.zram1024m" dev="dm-0" ino=19 scontext=u:r:shell:s0 tcontext=u:object_r:rootfs:s0 tclass=file permissive=0
06-16 22:03:37.541  4210  4210 W ls      : type=1400 audit(0.0:64851): avc: denied { getattr } for path="/init.rc" dev="dm-0" ino=66 scontext=u:r:shell:s0 tcontext=u:object_r:rootfs:s0 tclass=file permissive=0
06-16 22:03:37.541  4210  4210 W ls      : type=1400 audit(0.0:64852): avc: denied { getattr } for path="/init" dev="dm-0" ino=82 scontext=u:r:shell:s0 tcontext=u:object_r:init_exec:s0 tclass=file permissive=0
06-16 22:03:37.541  4210  4210 W ls      : type=1400 audit(0.0:64853): avc: denied { getattr } for path="/fstab.zram768m" dev="dm-0" ino=68 scontext=u:r:shell:s0 tcontext=u:object_r:rootfs:s0 tclass=file permissive=0
06-16 22:03:37.541  4210  4210 W ls      : type=1400 audit(0.0:64854): avc: denied { getattr } for path="/init.usb.rc" dev="dm-0" ino=81 scontext=u:r:shell:s0 tcontext=u:object_r:rootfs:s0 tclass=file permissive=0
06-16 22:03:37.541  4210  4210 W ls      : type=1400 audit(0.0:64855): avc: denied { getattr } for path="/init.zygote32.rc" dev="dm-0" ino=77 scontext=u:r:shell:s0 tcontext=u:object_r:rootfs:s0 tclass=file permissive=0
06-16 22:03:37.541  4210  4210 W ls      : type=1400 audit(0.0:64856): avc: denied { getattr } for path="/modem_log" dev="mmcblk0p11" ino=2 scontext=u:r:shell:s0 tcontext=u:object_r:modem_log_file:s0 tclass=dir permissive=0
06-16 22:03:37.541  4210  4210 W ls      : type=1400 audit(0.0:64857): avc: denied { getattr } for path="/init.environ.rc" dev="dm-0" ino=76 scontext=u:r:shell:s0 tcontext=u:object_r:rootfs:s0 tclass=file permissive=0
06-16 22:03:37.541  4210  4210 W ls      : type=1400 audit(0.0:64858): avc: denied { getattr } for path="/fstab.zram256m" dev="dm-0" ino=74 scontext=u:r:shell:s0 tcontext=u:object_r:rootfs:s0 tclass=file permissive=0
06-16 22:03:37.541  4210  4210 W ls      : type=1400 audit(0.0:64859): avc: denied { getattr } for path="/init.zygote64_32.rc" dev="dm-0" ino=26 scontext=u:r:shell:s0 tcontext=u:object_r:rootfs:s0 tclass=file permissive=0
06-16 22:03:37.541  4210  4210 W ls      : type=1400 audit(0.0:64860): avc: denied { getattr } for path="/fstab.zram2240m" dev="dm-0" ino=70 scontext=u:r:shell:s0 tcontext=u:object_r:rootfs:s0 tclass=file permissive=0
06-16 22:03:37.541  4210  4210 W ls      : type=1400 audit(0.0:64861): avc: denied { getattr } for path="/sec_storage" dev="mmcblk0p10" ino=2 scontext=u:r:shell:s0 tcontext=u:object_r:teecd_data_file:s0 tclass=dir permissive=0
06-16 22:03:37.541  4210  4210 W ls      : type=1400 audit(0.0:64862): avc: denied { getattr } for path="/fstab.zram4096m" dev="dm-0" ino=18 scontext=u:r:shell:s0 tcontext=u:object_r:rootfs:s0 tclass=file permissive=0
06-16 22:03:37.541  4210  4210 W ls      : type=1400 audit(0.0:64863): avc: denied { getattr } for path="/fstab.zram1536m" dev="dm-0" ino=12 scontext=u:r:shell:s0 tcontext=u:object_r:rootfs:s0 tclass=file permissive=0
06-16 22:03:37.541  4210  4210 W ls      : type=1400 audit(0.0:64864): avc: denied { getattr } for path="/resetFactory.cfg" dev="dm-0" ino=90 scontext=u:r:shell:s0 tcontext=u:object_r:rootfs:s0 tclass=file permissive=0
06-16 22:03:37.541  4210  4210 W ls      : type=1400 audit(0.0:64865): avc: denied { getattr } for path="/fstab.zram1280m" dev="dm-0" ino=59 scontext=u:r:shell:s0 tcontext=u:object_r:rootfs:s0 tclass=file permissive=0
06-16 22:03:37.541  4210  4210 W ls      : type=1400 audit(0.0:64866): avc: denied { getattr } for path="/fstab.zram512m" dev="dm-0" ino=60 scontext=u:r:shell:s0 tcontext=u:object_r:rootfs:s0 tclass=file permissive=0
06-16 22:03:37.541  4210  4210 W ls      : type=1400 audit(0.0:64867): avc: denied { getattr } for path="/ueventd.rc" dev="dm-0" ino=72 scontext=u:r:shell:s0 tcontext=u:object_r:rootfs:s0 tclass=file permissive=0
06-16 22:03:37.545  4210  4210 W ls      : type=1400 audit(0.0:64868): avc: denied { getattr } for path="/verity_key" dev="dm-0" ino=71 scontext=u:r:shell:s0 tcontext=u:object_r:rootfs:s0 tclass=file permissive=0
06-16 22:03:37.755  1296  1480 D ConnectivityService: NetworkAgentInfo [WIFI () - 124] validation passed
06-16 22:03:38.225  1639  1639 D StatusBarIconController: setIconVisibility icon is null or visibility not change visibility=false
06-16 22:03:38.226  1639  1639 D NetWorkUtils: mVSimCurCardType is -1
06-16 22:03:38.227  1639  1639 D StatusBarIconController: setIconVisibility icon is null or visibility not change visibility=false
06-16 22:03:38.228  1639  1639 D NetWorkUtils: mVSimCurCardType is -1
06-16 22:03:38.229  1639  1639 D StatusBarIconController: setIconVisibility icon is null or visibility not change visibility=false
06-16 22:03:38.229  1639  1639 D NetWorkUtils: mVSimCurCardType is -1
06-16 22:03:38.953   917  2033 I AppLogManager: PrintWoker poll timeout , shutdown
06-16 22:03:38.970 31537 31709 I wapm    : has not enter splash
06-16 22:03:39.049 31101 31494 E qyapm-agent: totalMem:38, maxMem:512
06-16 22:03:39.150  3194  3285 E LYNX_TT_WEBVIEW: can't get appInfo, try at 5 seconds later! 
06-16 22:03:39.368  1816  2023 D HwWifiStatStore: handleMessage : 200
06-16 22:03:39.612   612   612 E WifiHAL : enter wifi_get_link_stats
06-16 22:03:39.644  1296  1480 D ConnectivityService: notifyType CALLBACK_CAP_CHANGED for NetworkAgentInfo [WIFI () - 124]
06-16 22:03:39.644  1296  1538 I chatty  : uid=1000(system) HwArbitrationSt expire 4 lines
06-16 22:03:39.646  1296  1506 D ConnectivityService: ActiveNetwork is blocked, uid = 10175, ignoreBlocked = false
06-16 22:03:39.647  1296  1506 D ConnectivityService: ActiveNetwork is blocked, uid = 10175, ignoreBlocked = false
06-16 22:03:39.647  1296  1506 D ConnectivityService: ActiveNetwork is blocked, uid = 10169, ignoreBlocked = false
06-16 22:03:39.647  1296  1506 D ConnectivityService: ActiveNetwork is blocked, uid = 10136, ignoreBlocked = false
06-16 22:03:39.647  1296  1506 D ConnectivityService: ActiveNetwork is blocked, uid = 10149, ignoreBlocked = false
06-16 22:03:39.648  1296  1506 D ConnectivityService: ActiveNetwork is blocked, uid = 10169, ignoreBlocked = false
06-16 22:03:39.648  1296  1506 D ConnectivityService: ActiveNetwork is blocked, uid = 10023, ignoreBlocked = false
06-16 22:03:39.648  1296  1506 D ConnectivityService: ActiveNetwork is blocked, uid = 10175, ignoreBlocked = false
06-16 22:03:39.648  1296  1506 D ConnectivityService: ActiveNetwork is blocked, uid = 10107, ignoreBlocked = false
06-16 22:03:39.651  1593  2201 I chatty  : uid=1000(system) ConnectivityThr expire 2 lines
06-16 22:03:39.662  1296  1534 I chatty  : uid=1000(system) HwWifiConnectiv expire 2 lines
06-16 22:03:39.667  1296  7268 D ConnectivityService: Network is BLOCKED, uid = 10136
06-16 22:03:39.671  1296 14783 D ConnectivityService: Network is BLOCKED, uid = 10136
06-16 22:03:39.673  1816  1987 E HwWifiStatStore: updateLinkSpeed  linkSpeed =72 lastSpdLev=2 index=2
06-16 22:03:39.673  1816  1987 D HwWifiCHRStateManager: handleUpdateChannel:2442
06-16 22:03:39.675   802   802 D HwInnerWifiManagerImpl: SupplicantState = COMPLETED
06-16 22:03:39.675   802   802 D HwInnerWifiManagerImpl: isPhoneAP = false
06-16 22:03:39.680  1639  1639 D StatusBarIconController: setIconVisibility icon is null or visibility not change visibility=false
06-16 22:03:39.687  1639  1639 D NetWorkUtils: mVSimCurCardType is -1
06-16 22:03:39.687  1639  1639 D StatusBarIconController: setIconVisibility icon is null or visibility not change visibility=false
06-16 22:03:39.688  1639  1639 D NetWorkUtils: mVSimCurCardType is -1
06-16 22:03:39.689  1639  1639 D StatusBarIconController: setIconVisibility icon is null or visibility not change visibility=false
06-16 22:03:39.689  1639  1639 D NetWorkUtils: mVSimCurCardType is -1
06-16 22:03:39.874  3451  3480 I AppLogManager: PrintWoker poll timeout , shutdown
06-16 22:03:40.389  1639  1639 I Net.20889NetworkSpeedMa: mIsStop = false
06-16 22:03:40.389  1639  1873 I Net.20890NetworkSpeedMa:  runInThread getTetherStats
06-16 22:03:40.397  1639  1639 I Net.20890NetworkSpeedMa:  runInUI refreshSpeed
06-16 22:03:40.398  1639  1639 I Net.20890NetworkSpeedMa: value=2264.0speed = 2.21K/smIsShowLastSpeedValuefalse
06-16 22:03:40.398  1639  1639 I NetworkSpeedView: /update(), speed=2.21K/s
06-16 22:03:40.400  1639  1639 I NetworkSpeedView: /update(), speed=2.21K/s
06-16 22:03:40.430  1593  3968 I chatty  : uid=1000(system) SmartcareThread expire 42 lines
06-16 22:03:40.586  1593  1817 I HidataAppQoeP: handleStateChanged reason=6
06-16 22:03:40.586  1593  1817 I BrowserChrP: handleStateChanged
06-16 22:03:40.592  1639  1873 I HwMobileSignalController(0): subId:0 phoneType:1 networktype:13 targetClass:3 masterLevel:5 slaveLevel:-1
06-16 22:03:40.782   711   771 I storaged: storaged_t::event: storage_info refreshed.
06-16 22:03:41.048 31537 31743 E multisource: HCDN_LOG: [2019-06-16 22:03:41.048][T:31743]UpdateMaxSpeed TOTAL => play speed:0[len:0, tm:0], offline speed:0[len:0, tm:0], predeploy speed:0[len:0, tm:0], m_maxDownloadSpeed:0

06-16 22:03:41.051 31864 31962 E multisource: HCDN_LOG: [2019-06-16 22:03:41.051][T:31962]UpdateMaxSpeed TOTAL => play speed:0[len:0, tm:0], offline speed:0[len:0, tm:0], predeploy speed:0[len:0, tm:0], m_maxDownloadSpeed:0

06-16 22:03:41.056 31101 31345 E multisource: HCDN_LOG: [2019-06-16 22:03:41.056][T:31345]UpdateMaxSpeed TOTAL => play speed:0[len:0, tm:0], offline speed:0[len:0, tm:0], predeploy speed:0[len:0, tm:0], m_maxDownloadSpeed:0

06-16 22:03:41.194  1296  1473 I chatty  : uid=1000(system) WifiService expire 19 lines
06-16 22:03:41.723 31537 31709 I wapm    : has not enter splash
06-16 22:03:42.049 31101 31494 E qyapm-agent: totalMem:38, maxMem:512
06-16 22:03:42.377  1816  2023 D HwWifiStatStore: handleMessage : 200
06-16 22:03:42.653   612   612 E WifiHAL : enter wifi_get_link_stats
06-16 22:03:42.675  1296  1480 D ConnectivityService: notifyType CALLBACK_CAP_CHANGED for NetworkAgentInfo [WIFI () - 124]
06-16 22:03:42.676  1296  1506 D ConnectivityService: ActiveNetwork is blocked, uid = 10175, ignoreBlocked = false
06-16 22:03:42.676  1296  1506 D ConnectivityService: ActiveNetwork is blocked, uid = 10175, ignoreBlocked = false
06-16 22:03:42.677  1296  1506 D ConnectivityService: ActiveNetwork is blocked, uid = 10169, ignoreBlocked = false
06-16 22:03:42.677  1296  1506 D ConnectivityService: ActiveNetwork is blocked, uid = 10136, ignoreBlocked = false
06-16 22:03:42.677  1296  1506 D ConnectivityService: ActiveNetwork is blocked, uid = 10149, ignoreBlocked = false
06-16 22:03:42.677  1296  1506 D ConnectivityService: ActiveNetwork is blocked, uid = 10169, ignoreBlocked = false
06-16 22:03:42.679  1296  1506 D ConnectivityService: ActiveNetwork is blocked, uid = 10023, ignoreBlocked = false
06-16 22:03:42.679  1296  1506 D ConnectivityService: ActiveNetwork is blocked, uid = 10175, ignoreBlocked = false
06-16 22:03:42.680  1296  1506 D ConnectivityService: ActiveNetwork is blocked, uid = 10107, ignoreBlocked = false
06-16 22:03:42.689  1296  1867 D ConnectivityService: Network is BLOCKED, uid = 10136
06-16 22:03:42.699  1816  1987 E HwWifiStatStore: updateLinkSpeed  linkSpeed =72 lastSpdLev=2 index=2
06-16 22:03:42.699  1816  1987 D HwWifiCHRStateManager: handleUpdateChannel:2442
06-16 22:03:42.705   802   802 D HwInnerWifiManagerImpl: SupplicantState = COMPLETED
06-16 22:03:42.705   802   802 D HwInnerWifiManagerImpl: isPhoneAP = false
06-16 22:03:42.706  1639  1639 D StatusBarIconController: setIconVisibility icon is null or visibility not change visibility=false
06-16 22:03:42.717  1639  1639 D NetWorkUtils: mVSimCurCardType is -1
06-16 22:03:42.717  1639  1639 D StatusBarIconController: setIconVisibility icon is null or visibility not change visibility=false
06-16 22:03:42.718  1639  1639 D NetWorkUtils: mVSimCurCardType is -1
06-16 22:03:42.718  1639  1639 D StatusBarIconController: setIconVisibility icon is null or visibility not change visibility=false
06-16 22:03:42.719  1639  1639 D NetWorkUtils: mVSimCurCardType is -1
06-16 22:03:42.932   568   645 D         : Received kernel message payload: chr_event 9
06-16 22:03:42.932   568   645 I         : netd received web stat infomation,trigger chr report!
06-16 22:03:42.932   568   645 I         : netd received web stat infomation,trigger chr report!
06-16 22:03:42.932   568   645 I         : ReportType 0 0 0 0 0 0 0 0 0 0 0 0 0 0 0 0 0 0 0 0 0 0 0 0 0 0 0 0 0 0 0 0 0 0 0 0 0 0 0 0 0 0 0 0 0 0 0 0 0 0 0 0 0 0 0 0 0 0 0 0 0 0 0 0 0 0 0 0 0 0 0 0 0 0 0 0 0 0 0 0 0 0 0 0 0 0 0 0 0 0 0 0 0 0 0 0 0 0 0 0 0 0 0 0 0 0 0 0 0 0 0 0 0 0 0 0 0 0 0 0 0 0 0 0 0 0 0 0 0 0 0 0 0 0 0 0 0 0 0 0 0 0 0 0 0 0 0 0 0 0 0 0 0 0 0 0 0 0 0 0 0 0 0 0 0 0 0 0 0 0 0 0 0 0 0 0 0 0 0 0 0 0 0 0 0 0 0 0 0 0 0 0 0 0 0 0 0 0 0 0 0 0 0 0 0 0 0 0 0 0 0 0 0 0 0 0 0 0 0 0 0 0 0 0 0 0 0 0 0 ReportType 0 68 0 0 0 1 1 1 0 0 0 0 0 0 0 1 0 0 0 0 0 0 0 0 0 0 0 0 0 0 0 0 0 0 0 0 0 0 0 0 0 0 0 0 0 0 0 0 0 0 0 0 0 0 0 0 0 0 0 0 68 0 0 0 0 0 1 0 0 0 0 0 0 0 0 1 0 0 0 0 0 0 0 0 0 0 0 0 0 0 0 0 0 0 0 0 0 0 0 0 0 0 0 0 0 0 0 0 0 0 0 0 0 0 0 0 0 0 0 0 0 0 0 0 0 0 0 0 0 0 0 0 0 0 0 0 0 0 0 0 0 0 0 0 0 0 0 0 0 0 0 0 0 0 0 0 0 0 0 0 0 0 0 0 0 0 0 0 0 0 0 0 0 0 0 0 0 0 0 0 0 0 0 0 0 0 0 0 0 0 0 0 0 0 0 0 0 0 0 0 0 0 0 0 0 0 0 0 0 0 0 0 68 68 68 0 0 0 0 0 0 0 0 0 0 0 0 0 0
06-16 22:03:42.693  1296  1867 D ConnectivityService: Network is BLOCKED, uid = 10136
06-16 22:03:42.932   568   645 W SocketListener: sending broadcast to Pid = 1296, Uid = 1000 
06-16 22:03:42.934  1296  1467 D NetdConnector: RCV <- {661 ReportType 0 0 0 0 0 0 0 0 0 0 0 0 0 0 0 0 0 0 0 0 0 0 0 0 0 0 0 0 0 0 0 0 0 0 0 0 0 0 0 0 0 0 0 0 0 0 0 0 0 0 0 0 0 0 0 0 0 0 0 0 0 0 0 0 0 0 0 0 0 0 0 0 0 0 0 0 0 0 0 0 0 0 0 0 0 0 0 0 0 0 0 0 0 0 0 0 0 0 0 0 0 0 0 0 0 0 0 0 0 0 0 0 0 0 0 0 0 0 0 0 0 0 0 0 0 0 0 0 0 0 0 0 0 0 0 0 0 0 0 0 0 0 0 0 0 0 0 0 0 0 0 0 0 0 0 0 0 0 0 0 0 0 0 0 0 0 0 0 0 0 0 0 0 0 0 0 0 0 0 0 0 0 0 0 0 0 0 0 0 0 0 0 0 0 0 0 0 0 0 0 0 0 0 0 0 0 0 0 0 0 0 0 0 0 0 0 0 0 0 0 0 0 0 0 0 0 0 0 0 ReportType 0 68 0 0 0 1 1 1 0 0 0 0 0 0 0 1 0 0 0 0 0 0 0 0 0 0 0 0 0 0 0 0 0 0 0 0 0 0 0 0 0 0 0 0 0 0 0 0 0 0 0 0 0 0 0 0 0 0 0 0 68 0 0 0 0 0 1 0 0 0 0 0 0 0 0 1 0 0 0 0 0 0 0 0 0 0 0 0 0 0 0 0 0 0 0 0 0 0 0 0 0 0 0 0 0 0 0 0 0 0 0 0 0 0 0 0 0 0 0 0 0 0 0 0 0 0 0 0 0 0 0 0 0 0 0 0 0 0 0 0 0 0 0 0 0 0 0 0 0 0 0 0 0 0 0 0 0 0 0 0 0 0 0 0 0 0 0 0 0 0 0 0 0 0 0 0 0 0 0 0 0 0 0 0 0 0 0 0 0 0 0 0 0 0 0 0 0 0 0 0 0 0 0 0 0 0 0 0 0 0 0 0 68 68 68 0 0 0 0 0 0 0 0 0 0 0 0 0 0}
06-16 22:03:42.936  1296  1467 D NetdConnector: RCV <- {661 ReportType 0 0 0 0 0 0 0 0 0 0 0 0 0 0 0 0 0 0 0 0 0 0 0 0 0 0 0 0 0 0 0 0 0 0 0 0 0 0 0 0 0 0 0 0 0 0 0 0 0 0 0 0 0 0 0 0 0 0 0 0 0 0 0 0 0 0 0 0 0 0 0 0 0 0 0 0 0 0 0 0 0 0 0 0 0 0 0 0 0 0 0 0 0 0 0 0 0 0 0 0 0 0 0 0 0 0 0 0 0 0 0 0 0 0 0 0 0 0 0 0 0 0 0 0 0 0 0 0 0 0 0 0 0 0 0 0 0 0 0 0 0 0 0 0 0 0 0 0 0 0 0 0 0 0 0 0 0 0 0 0 0 0 0 0 0 0 0 0 0 0 0 0 0 0 0 0 0 0 0 0 0 0 0 0 0 0 0 0 0 0 0 0 0 0 0 0 0 0 0 0 0 0 0 0 0 0 0 0 0 0 0 0 0 0 0 0 0 0 0 0 0 0 0 0 0 0 0 0 0 ReportType 0 68 0 0 0 1 1 1 0 0 0 0 0 0 0 1 0 0 0 0 0 0 0 0 0 0 0 0 0 0 0 0 0 0 0 0 0 0 0 0 0 0 0 0 0 0 0 0 0 0 0 0 0 0 0 0 0 0 0 0 68 0 0 0 0 0 1 0 0 0 0 0 0 0 0 1 0 0 0 0 0 0 0 0 0 0 0 0 0 0 0 0 0 0 0 0 0 0 0 0 0 0 0 0 0 0 0 0 0 0 0 0 0 0 0 0 0 0 0 0 0 0 0 0 0 0 0 0 0 0 0 0 0 0 0 0 0 0 0 0 0 0 0 0 0 0 0 0 0 0 0 0 0 0 0 0 0 0 0 0 0 0 0 0 0 0 0 0 0 0 0 0 0 0 0 0 0 0 0 0 0 0 0 0 0 0 0 0 0 0 0 0 0 0 0 0 0 0 0 0 0 0 0 0 0 0 0 0 0 0 0 0 68 68 68 0 0 0 0 0 0 0 0 0 0 0 0 0 0}
06-16 22:03:42.937  1296  1323 D NetdConnector: RCV unsolicited event from native daemon, event = 661
06-16 22:03:42.943  1296  1323 D HwNetworkManagementService: onEvent receive Web Stat Report:661 ReportType 0 0 0 0 0 0 0 0 0 0 0 0 0 0 0 0 0 0 0 0 0 0 0 0 0 0 0 0 0 0 0 0 0 0 0 0 0 0 0 0 0 0 0 0 0 0 0 0 0 0 0 0 0 0 0 0 0 0 0 0 0 0 0 0 0 0 0 0 0 0 0 0 0 0 0 0 0 0 0 0 0 0 0 0 0 0 0 0 0 0 0 0 0 0 0 0 0 0 0 0 0 0 0 0 0 0 0 0 0 0 0 0 0 0 0 0 0 0 0 0 0 0 0 0 0 0 0 0 0 0 0 0 0 0 0 0 0 0 0 0 0 0 0 0 0 0 0 0 0 0 0 0 0 0 0 0 0 0 0 0 0 0 0 0 0 0 0 0 0 0 0 0 0 0 0 0 0 0 0 0 0 0 0 0 0 0 0 0 0 0 0 0 0 0 0 0 0 0 0 0 0 0 0 0 0 0 0 0 0 0 0 0 0 0 0 0 0 0 0 0 0 0 0 0 0 0 0 0 0 ReportType 0 68 0 0 0 1 1 1 0 0 0 0 0 0 0 1 0 0 0 0 0 0 0 0 0 0 0 0 0 0 0 0 0 0 0 0 0 0 0 0 0 0 0 0 0 0 0 0 0 0 0 0 0 0 0 0 0 0 0 0 68 0 0 0 0 0 1 0 0 0 0 0 0 0 0 1 0 0 0 0 0 0 0 0 0 0 0 0 0 0 0 0 0 0 0 0 0 0 0 0 0 0 0 0 0 0 0 0 0 0 0 0 0 0 0 0 0 0 0 0 0 0 0 0 0 0 0 0 0 0 0 0 0 0 0 0 0 0 0 0 0 0 0 0 0 0 0 0 0 0 0 0 0 0 0 0 0 0 0 0 0 0 0 0 0 0 0 0 0 0 0 0 0 0 0 0 0 0 0 0 0 0 0 0 0 0 0 0 0 0 0 0 0 0 0 0 0 0 0 0 0 0 0 0 0 0 0 0 0 0 0 0 68 68 68 0 0 0 0 0 0 0 0 0 0 0 0 0 0
06-16 22:03:43.236  1639  1639 D StatusBarIconController: setIconVisibility icon is null or visibility not change visibility=false
06-16 22:03:43.237  1639  1639 D NetWorkUtils: mVSimCurCardType is -1
06-16 22:03:43.237  1639  1639 E ndroid.systemu: Invalid ID 0x00000000.
06-16 22:03:43.237  1639  1639 E HwNotchUtils: setIconForView iconId is not found
06-16 22:03:43.237  1639  1639 D StatusBarIconController: setIconVisibility icon is null or visibility not change visibility=false
06-16 22:03:43.237  1639  1639 D NetWorkUtils: mVSimCurCardType is -1
06-16 22:03:43.238  1639  1639 E ndroid.systemu: Invalid ID 0x00000000.
06-16 22:03:43.238  1639  1639 E HwNotchUtils: setIconForView iconId is not found
06-16 22:03:43.238  1639  1639 D StatusBarIconController: setIconVisibility icon is null or visibility not change visibility=false
06-16 22:03:43.238  1639  1639 D NetWorkUtils: mVSimCurCardType is -1
06-16 22:03:43.238  1639  1639 E ndroid.systemu: Invalid ID 0x00000000.
06-16 22:03:43.238  1639  1639 E HwNotchUtils: setIconForView iconId is not found
06-16 22:03:43.389  1639  1639 I Net.20890NetworkSpeedMa: mIsStop = false
06-16 22:03:43.390  1639  1873 I Net.20891NetworkSpeedMa:  runInThread getTetherStats
06-16 22:03:43.395  1639  1639 I Net.20891NetworkSpeedMa:  runInUI refreshSpeed
