--------- beginning of crash
05-25 22:24:02.588  6010  6502 E AndroidRuntime: FATAL EXCEPTION: pool-33-thread-3
05-25 22:24:02.588  6010  6502 E AndroidRuntime: Process: com.huawei.hidisk, PID: 6010
05-25 22:24:02.588  6010  6502 E AndroidRuntime: java.lang.IllegalStateException: Fragment StorageDetailFragment{3cef939} not attached to Activity
05-25 22:24:02.588  6010  6502 E AndroidRuntime: 	at android.app.Fragment.getResources(Fragment.java:774)
05-25 22:24:02.588  6010  6502 E AndroidRuntime: 	at android.app.Fragment.getString(Fragment.java:809)
05-25 22:24:02.588  6010  6502 E AndroidRuntime: 	at com.huawei.hidisk.view.fragment.category.other.StorageDetailFragment$3.run(SourceFile:492)
05-25 22:24:02.588  6010  6502 E AndroidRuntime: 	at java.util.concurrent.ThreadPoolExecutor.runWorker(ThreadPoolExecutor.java:1167)
05-25 22:24:02.588  6010  6502 E AndroidRuntime: 	at java.util.concurrent.ThreadPoolExecutor$Worker.run(ThreadPoolExecutor.java:641)
05-25 22:24:02.588  6010  6502 E AndroidRuntime: 	at java.lang.Thread.run(Thread.java:784)
05-25 23:12:25.785 24954 30005 E AndroidRuntime: FATAL EXCEPTION: pool-34-thread-4
05-25 23:12:25.785 24954 30005 E AndroidRuntime: Process: com.huawei.hidisk, PID: 24954
05-25 23:12:25.785 24954 30005 E AndroidRuntime: java.lang.IllegalStateException: Fragment StorageDetailFragment{2f401b8} not attached to Activity
05-25 23:12:25.785 24954 30005 E AndroidRuntime: 	at android.app.Fragment.getResources(Fragment.java:774)
05-25 23:12:25.785 24954 30005 E AndroidRuntime: 	at android.app.Fragment.getString(Fragment.java:809)
05-25 23:12:25.785 24954 30005 E AndroidRuntime: 	at com.huawei.hidisk.view.fragment.category.other.StorageDetailFragment$3.run(SourceFile:492)
05-25 23:12:25.785 24954 30005 E AndroidRuntime: 	at java.util.concurrent.ThreadPoolExecutor.runWorker(ThreadPoolExecutor.java:1167)
05-25 23:12:25.785 24954 30005 E AndroidRuntime: 	at java.util.concurrent.ThreadPoolExecutor$Worker.run(ThreadPoolExecutor.java:641)
05-25 23:12:25.785 24954 30005 E AndroidRuntime: 	at java.lang.Thread.run(Thread.java:784)
--------- beginning of system
05-26 15:07:20.775  2340  2670 D CommandQueue: CommandQueue, setBarBackgroundColor
05-26 15:07:20.829   551   612 W SocketListener: sending broadcast to Pid = 1306, Uid = 1000 
05-26 15:07:20.834  1306  1337 I chatty  : uid=1000(system) android.fg expire 2 lines
05-26 15:07:20.836  1306  2209 I chatty  : uid=1000(system) NetworkStats expire 5 lines
05-26 15:07:20.937  1306  2464 I chatty  : uid=1000(system) watchdog expire 1 line
05-26 15:07:21.019  1306  4179 I chatty  : uid=1000(system) Binder:1306_F expire 11 lines
05-26 15:07:21.295  1306 10282 I chatty  : uid=1000(system) Binder:1306_1B expire 2 lines
05-26 15:07:22.356  2528  3084 D FaceRecognizeService: release result val = 0 package = com.android.systemui
05-26 15:07:22.512  2340  2352 I CommandQueue: updateBarBgColor
05-26 15:07:22.512  2340  2352 D CommandQueue: CommandQueue, setBarBackgroundColor
05-26 15:07:25.448  2340  2352 I CommandQueue: updateBarBgColor
05-26 15:07:25.448  2340  2352 D CommandQueue: CommandQueue, setBarBackgroundColor
05-26 15:07:25.450  1306  1329 I chatty  : uid=1000(system) android.ui expire 60 lines
05-26 15:07:25.633  1306  1447 I chatty  : uid=1000(system) android.anim expire 19 lines
05-26 15:07:25.640  1306  2829 I chatty  : uid=1000(system) Binder:1306_7 expire 4 lines
05-26 15:07:25.642 13635 13787 I HwNetworkPolicyManager: getHwUidPolicy uid = 10056 policy = 0
05-26 15:07:25.656  2528  3084 I BoosterSwitchP: notifyUidState do nothing
05-26 15:07:25.657  2528  3084 I DeepNoDisturbP: notifyUidState
05-26 15:07:25.657  2528  3084 I HidataAppQoeP: notifyUidState
05-26 15:07:25.657  2528  3084 I BrowserChrP: notifyUidState
05-26 15:07:25.730  2340  2917 I CommandQueue: updateBarBgColor
05-26 15:07:25.730  2340  2917 D CommandQueue: CommandQueue, setBarBackgroundColor
05-26 15:07:25.741  1306  3131 I chatty  : uid=1000(system) Binder:1306_D expire 12 lines
05-26 15:07:25.746  2528 19973 I BoosterSwitchP: notifyUidState do nothing
05-26 15:07:25.746  2528 19973 I DeepNoDisturbP: notifyUidState
05-26 15:07:25.746  2528 19973 I HidataAppQoeP: notifyUidState
05-26 15:07:25.746  2528 19973 I BrowserChrP: notifyUidState
05-26 15:07:26.691  2528  2858 I HidataAppQoeP: handleStateChanged reason=6
05-26 15:07:26.691  2528  2858 I BrowserChrP: handleStateChanged
05-26 15:07:28.245  2340  2352 I CommandQueue: updateBarBgColor
05-26 15:07:28.245  2340  2352 D CommandQueue: CommandQueue, setBarBackgroundColor
05-26 15:07:28.886  1306  3076 I chatty  : uid=1000(system) Binder:1306_C expire 1 line
05-26 15:07:28.991  1306  1331 I chatty  : uid=1000(system) ActivityManager expire 1 line
05-26 15:07:28.992  1306  2520 I chatty  : uid=1000(system) MultiTaskManage expire 8 lines
05-26 15:07:29.013 11486 11486 D ActivityThread: Attach thread to application
05-26 15:07:29.203  1306  1329 I chatty  : uid=1000(system) android.ui expire 76 lines
05-26 15:07:29.209  1306  1331 I chatty  : uid=1000(system) ActivityManager expire 7 lines
05-26 15:07:29.220 11524 11524 D ActivityThread: Attach thread to application
05-26 15:07:29.227  1306  1325 I chatty  : uid=1000(system) android.bg expire 2 lines
05-26 15:07:29.233  1306  2206 I chatty  : uid=1000(system) NetdConnector expire 10 lines
05-26 15:07:29.234  1306  1306 I chatty  : uid=1000 system_server expire 3 lines
05-26 15:07:29.378  1306  3131 I chatty  : uid=1000(system) Binder:1306_D expire 5 lines
05-26 15:07:29.399  1306  4439 I chatty  : uid=1000(system) Binder:1306_11 expire 5 lines
05-26 15:07:29.765  1306 12658 I chatty  : uid=1000(system) Binder:1306_20 expire 38 lines
05-26 15:07:29.840  2340  2665 I CommandQueue: updateBarBgColor
05-26 15:07:29.840  2340  2665 D CommandQueue: CommandQueue, setBarBackgroundColor
05-26 15:07:29.952   551   612 W SocketListener: sending broadcast to Pid = 1306, Uid = 1000 
05-26 15:07:29.953  1306  1337 I chatty  : uid=1000(system) android.fg expire 5 lines
05-26 15:07:29.955  1306  2209 I chatty  : uid=1000(system) NetworkStats expire 5 lines
05-26 15:07:31.226   551   616 W SocketListener: sending broadcast to Pid = 1306, Uid = 1000 
05-26 15:07:31.868  1306  2916 I chatty  : uid=1000(system) Binder:1306_9 expire 4 lines
05-26 15:07:31.904  1306  1326 I chatty  : uid=1000(system) HwActivityManag expire 4 lines
05-26 15:07:31.927  1306  1447 I chatty  : uid=1000(system) android.anim expire 4 lines
05-26 15:07:31.939  1306 11667 I chatty  : uid=1000 system_server expire 1 line
05-26 15:07:31.941 11654 11654 D ActivityThread: Attach thread to application
05-26 15:07:31.976 11668 11668 D ActivityThread: Attach thread to application
05-26 15:07:31.996  1306  9593 I chatty  : uid=1000(system) Binder:1306_18 expire 4 lines
05-26 15:07:31.996 13635 13787 I HwNetworkPolicyManager: getHwUidPolicy uid = 10162 policy = 0
05-26 15:07:31.998  2528 19973 I BoosterSwitchP: notifyUidState do nothing
05-26 15:07:31.998  2528 19973 I DeepNoDisturbP: notifyUidState
05-26 15:07:31.998  2528 19973 I HidataAppQoeP: notifyUidState
05-26 15:07:31.998  2528 19973 I BrowserChrP: notifyUidState
05-26 15:07:31.999  1306  1501 I chatty  : uid=1000(system) Binder:1306_3 expire 5 lines
05-26 15:07:32.006  1306  4954 I chatty  : uid=1000(system) Binder:1306_14 expire 9 lines
05-26 15:07:32.009 29535 29573 E ActivityThread: Failed to find provider info for com.huawei.android.gameassistant.provider
05-26 15:07:32.074 11654 11689 W ContextImpl: Calling a method in the system process without a qualified user: android.app.ContextImpl.sendBroadcast:1151 android.content.ContextWrapper.sendBroadcast:444 com.huawei.trustspace.service.handlerimpl.LauncherStartupHandler.sendSecureHintIfNeeded:87 com.huawei.trustspace.service.handlerimpl.LauncherStartupHandler.handAction:59 com.huawei.trustspace.service.TrustSpaceService.handleAction:82 
05-26 15:07:32.689  2528  2858 I HidataAppQoeP: handleStateChanged reason=6
05-26 15:07:32.689  2528  2858 I BrowserChrP: handleStateChanged
05-26 15:07:32.755  2528  2858 I HidataAppQoeP: handleStateChanged reason=6
05-26 15:07:32.755  2528  2858 I BrowserChrP: handleStateChanged
05-26 15:07:32.945 11668 11668 V ActivityThread: Skipping new config:{1.0 460mcc2mnc [zh_CN_#Hans] ldltr sw360dp w360dp h616dp 480dpi nrml long port finger -keyb/v/h -nav/h winConfig={ mBounds=Rect(0, 0 - 0, 0) mAppBounds=Rect(0, 0 - 1080, 1920) mWindowingMode=fullscreen mActivityType=undefined} nonFullScreen=0 hwt:1 suim:1 s.48}, config:{1.0 460mcc2mnc [zh_CN_#Hans] ldltr sw360dp w360dp h616dp 480dpi nrml long port finger -keyb/v/h -nav/h winConfig={ mBounds=Rect(0, 0 - 0, 0) mAppBounds=Rect(0, 0 - 1080, 1920) mWindowingMode=fullscreen mActivityType=undefined} nonFullScreen=0 hwt:1 suim:1 s.48} for app:cmb.pb
05-26 15:07:32.969 11668 11668 V ActivityThread: callActivityOnCreate
05-26 15:07:32.995 11737 11737 D ActivityThread: Attach thread to application
05-26 15:07:33.025  1306  1328 I chatty  : uid=1000(system) ActivityManager expire 1 line
05-26 15:07:33.047 11771 11771 D ActivityThread: Attach thread to application
05-26 15:07:33.291 11668 11668 D ActivityThread: add activity client record, r= ActivityRecord{72719d7 token=android.os.BinderProxy@b9c7c0 {cmb.pb/cmb.pb.app.mainframe.PBEntryActivity}} token= android.os.BinderProxy@b9c7c0
05-26 15:07:33.360  1306  6210 I chatty  : uid=1000(system) Binder:1306_15 expire 4 lines
05-26 15:07:33.372 11857 11857 D ActivityThread: Attach thread to application
05-26 15:07:33.404 11882 11882 D ActivityThread: Attach thread to application
05-26 15:07:33.550  1306  2221 I chatty  : uid=1000(system) ConnectivitySer expire 52 lines
05-26 15:07:33.557  1306  1466 I chatty  : uid=1000(system) HeartBeatHandle expire 10 lines
05-26 15:07:33.808  1306  1340 I chatty  : uid=1000(system) HwGameAssistant expire 1 line
05-26 15:07:33.831  1306 11980 I chatty  : uid=1000 system_server expire 8 lines
05-26 15:07:33.869  1306  1329 I chatty  : uid=1000(system) android.ui expire 37 lines
05-26 15:07:33.872  1306  3131 I chatty  : uid=1000(system) Binder:1306_D expire 22 lines
05-26 15:07:33.872  1306  4439 I chatty  : uid=1000(system) Binder:1306_11 expire 21 lines
05-26 15:07:33.872  2340  2352 I CommandQueue: updateBarBgColor
05-26 15:07:33.873  2340  2352 D CommandQueue: CommandQueue, setBarBackgroundColor
05-26 15:07:33.913  1306  1331 I chatty  : uid=1000(system) ActivityManager expire 5 lines
05-26 15:07:33.913  1306  2520 I chatty  : uid=1000(system) MultiTaskManage expire 5 lines
05-26 15:07:33.936 11989 11989 D ActivityThread: Attach thread to application
05-26 15:07:34.087  1306  1447 I chatty  : uid=1000(system) android.anim expire 23 lines
05-26 15:07:34.091  1306  1339 I chatty  : uid=1000(system) android.display expire 2 lines
05-26 15:07:34.128  1306  6210 I chatty  : uid=1000(system) Binder:1306_15 expire 21 lines
05-26 15:07:34.170 12044 12044 D ActivityThread: Attach thread to application
05-26 15:07:34.223 12063 12063 D ActivityThread: Attach thread to application
05-26 15:07:34.583  1306 10281 I chatty  : uid=1000(system) Binder:1306_1A expire 21 lines
05-26 15:07:34.625  2528  3885 I BoosterSwitchP: notifyUidState do nothing
05-26 15:07:34.625  2528  3885 I DeepNoDisturbP: notifyUidState
05-26 15:07:34.625  2528  3885 I HidataAppQoeP: notifyUidState
05-26 15:07:34.625  2528  3885 I BrowserChrP: notifyUidState
05-26 15:07:35.192  1306  9593 I chatty  : uid=1000(system) Binder:1306_18 expire 10 lines
05-26 15:07:35.214   551   612 W SocketListener: sending broadcast to Pid = 1306, Uid = 1000 
05-26 15:07:35.216  1306  2206 I chatty  : uid=1000(system) NetdConnector expire 12 lines
05-26 15:07:35.218  1306  1337 I chatty  : uid=1000(system) android.fg expire 4 lines
05-26 15:07:35.221  1306  2209 I chatty  : uid=1000(system) NetworkStats expire 10 lines
05-26 15:07:35.515 11989 11989 W ContextImpl: Calling a method in the system process without a qualified user: android.app.ContextImpl.startService:1760 android.content.ContextWrapper.startService:664 android.content.ContextWrapper.startService:664 com.huawei.hwdetectrepair.smartnotify.eventlistener.InstantMessageReceiver.invokeSmartNotifyService:55 com.huawei.hwdetectrepair.smartnotify.eventlistener.InstantMessageReceiver.onReceive:43 
05-26 15:07:35.563 12260 12260 D ActivityThread: Attach thread to application
05-26 15:07:35.903 11989 12312 W ContextImpl: Calling a method in the system process without a qualified user: android.app.ContextImpl.bindService:1840 android.content.ContextWrapper.bindService:698 com.huawei.hms.api.HuaweiApiClientImpl.d:461 com.huawei.hms.api.HuaweiApiClientImpl.connect:321 com.huawei.android.hms.agent.common.ApiClientMgr$2.run:353 
05-26 15:07:36.188   707   707 D libgps  : proxy_gps_xtra_inject_xtra_data: called.
05-26 15:07:36.193   707   707 D libgps  : proxy_gps_xtra_inject_xtra_data: result is 0.
05-26 15:07:36.195  1306 11862 I chatty  : uid=1000 system_server expire 14 lines
05-26 15:07:36.196  1306  1306 I chatty  : uid=1000 system_server expire 4 lines
05-26 15:07:36.717  2340  2352 I CommandQueue: updateBarBgColor
05-26 15:07:36.717  2340  2352 D CommandQueue: CommandQueue, setBarBackgroundColor
05-26 15:07:37.116  1306  1454 I chatty  : uid=1000(system) UEventObserver expire 5 lines
05-26 15:07:37.130  1306  1493 I chatty  : uid=1000(system) HwBinder:1306_3 expire 1 line
05-26 15:07:37.540  1306 10353 I chatty  : uid=1000 system_server expire 2 lines
05-26 15:07:37.547  1306  2259 I chatty  : uid=1000(system) iaware.clean expire 2 lines
05-26 15:07:37.556  2528  2542 I BoosterSwitchP: notifyUidState do nothing
05-26 15:07:37.557  2528  2542 I DeepNoDisturbP: notifyUidState
05-26 15:07:37.557  2528  2542 I HidataAppQoeP: notifyUidState
05-26 15:07:37.557  2528  2542 I BrowserChrP: notifyUidState
05-26 15:07:37.563 11668 12355 W HwApsManager: HwApsManagerService, registerCallback, start !
05-26 15:07:37.569  2528  2542 I BoosterSwitchP: notifyUidState do nothing
05-26 15:07:37.569  2528  2542 I DeepNoDisturbP: notifyUidState
05-26 15:07:37.569  2528  2542 I HidataAppQoeP: notifyUidState
05-26 15:07:37.569  2528  2542 I BrowserChrP: notifyUidState
05-26 15:07:37.695  1306  2221 I chatty  : uid=1000(system) ConnectivitySer expire 2 lines
05-26 15:07:37.874   551   612 W SocketListener: sending broadcast to Pid = 1306, Uid = 1000 
05-26 15:07:38.055  1306  2234 I chatty  : uid=1000(system) Thread-39 expire 2 lines
05-26 15:07:38.630  1306  2916 I chatty  : uid=1000(system) Binder:1306_9 expire 2 lines
05-26 15:07:38.761  2528  2858 I HidataAppQoeP: handleStateChanged reason=6
05-26 15:07:38.763  2528  2858 I BrowserChrP: handleStateChanged
05-26 15:07:39.192  2507 12384 I HwLBSService.HwNLPDBManager: refreshLocToCellTable cellid 224990018 , mCurrentAreaCode : 9363
05-26 15:07:39.192  2507 12384 D HwLBSService.HwNLPDBManager:  refreshLocToCellTable start
05-26 15:07:39.192  2507 12384 I HwLBSService.HwNLPDBManager: isCellIdExist 224990018 , mCurrentAreaCode : 9363
05-26 15:07:39.195  2507 12384 I HwLBSService.HwNLPDBManager: is Not CellIdExist 
05-26 15:07:39.195  2507 12384 I HwLBSService.HwNLPDBManager: tb_network count is 1
05-26 15:07:39.195  2507 12384 D HwLBSService.HwNLPDBManager: cellid is not Exist, insert cellinfo to DB MAX_COLUMN : 1000,  dbsize : 1
05-26 15:07:39.201  1306  2484 I chatty  : uid=1000(system) LocationThread expire 8 lines
05-26 15:07:39.207  1306 12385 I chatty  : uid=1000 system_server expire 2 lines
05-26 15:07:39.284  1306  1325 I chatty  : uid=1000(system) android.bg expire 1 line
05-26 15:07:39.397 11668 11668 V ActivityThread: Skipping new config:{1.0 460mcc2mnc [zh_CN_#Hans] ldltr sw360dp w360dp h616dp 480dpi nrml long port finger -keyb/v/h -nav/h winConfig={ mBounds=Rect(0, 0 - 0, 0) mAppBounds=Rect(0, 0 - 1080, 1920) mWindowingMode=fullscreen mActivityType=undefined} nonFullScreen=0 hwt:1 suim:1 s.48}, config:{1.0 460mcc2mnc [zh_CN_#Hans] ldltr sw360dp w360dp h616dp 480dpi nrml long port finger -keyb/v/h -nav/h winConfig={ mBounds=Rect(0, 0 - 0, 0) mAppBounds=Rect(0, 0 - 1080, 1920) mWindowingMode=fullscreen mActivityType=undefined} nonFullScreen=0 hwt:1 suim:1 s.48} for app:cmb.pb
05-26 15:07:39.397  1306  1326 I chatty  : uid=1000(system) HwActivityManag expire 2 lines
05-26 15:07:39.400 11668 11668 V ActivityThread: callActivityOnCreate
05-26 15:07:39.427  2528  2858 I HidataAppQoeP: handleStateChanged reason=6
05-26 15:07:39.427  2528  2858 I BrowserChrP: handleStateChanged
05-26 15:07:39.427   707   707 D libgps  : proxy_gps_inject_location: called.
05-26 15:07:39.431  1306  1501 I chatty  : uid=1000(system) Binder:1306_3 expire 7 lines
05-26 15:07:39.444 11668 11668 D ActivityThread: add activity client record, r= ActivityRecord{d52edf7 token=android.os.BinderProxy@943a36c {cmb.pb/cmb.pb.app.mainframe.PBContainerActivity}} token= android.os.BinderProxy@943a36c
05-26 15:07:39.478  1306 12396 I chatty  : uid=1000 system_server expire 2 lines
05-26 15:07:39.483   707   707 D libgps  : proxy_gps_inject_location: called.
05-26 15:07:39.560  2528  2542 I BoosterSwitchP: notifyUidState do nothing
05-26 15:07:39.560  2528  2542 I DeepNoDisturbP: notifyUidState
05-26 15:07:39.560  2528  2542 I HidataAppQoeP: notifyUidState
05-26 15:07:39.560  2528  2542 I BrowserChrP: notifyUidState
05-26 15:07:39.571  1306  1340 I chatty  : uid=1000(system) HwGameAssistant expire 3 lines
05-26 15:07:39.590  2340  2665 I CommandQueue: updateBarBgColor
05-26 15:07:39.590  2340  2665 D CommandQueue: CommandQueue, setBarBackgroundColor
05-26 15:07:39.812   697   781 I storaged: storaged_t::event: storage_info refreshed.
05-26 15:07:39.859 11668 11668 D ActivityThread: Remove activity client record, r= ActivityRecord{72719d7 token=android.os.BinderProxy@b9c7c0 {cmb.pb/cmb.pb.app.mainframe.PBEntryActivity}} token= android.os.BinderProxy@b9c7c0
05-26 15:07:39.931  1306  4439 I chatty  : uid=1000(system) Binder:1306_11 expire 14 lines
05-26 15:07:40.066  1306  2234 I chatty  : uid=1000(system) Thread-39 expire 2 lines
05-26 15:07:42.550  1306  1466 I chatty  : uid=1000(system) HeartBeatHandle expire 10 lines
05-26 15:07:45.366  1306  1489 I chatty  : uid=1000(system) InputDispatcher expire 16 lines
05-26 15:07:45.428  1306  1329 I chatty  : uid=1000(system) android.ui expire 72 lines
05-26 15:07:45.428  2528  2858 I HidataAppQoeP: handleStateChanged reason=6
05-26 15:07:45.428  2528  2858 I BrowserChrP: handleStateChanged
05-26 15:07:45.429  1306  1326 I chatty  : uid=1000(system) HwActivityManag expire 10 lines
05-26 15:07:45.468  1306  4954 I chatty  : uid=1000(system) Binder:1306_14 expire 23 lines
05-26 15:07:45.472  1306 10281 I chatty  : uid=1000(system) Binder:1306_1A expire 10 lines
05-26 15:07:45.473  1306  1337 I chatty  : uid=1000(system) android.fg expire 3 lines
05-26 15:07:45.504  1306  3131 I chatty  : uid=1000(system) Binder:1306_D expire 18 lines
05-26 15:07:45.504 13635 13787 I HwNetworkPolicyManager: getHwUidPolicy uid = 10056 policy = 0
05-26 15:07:45.506  2528  2542 I BoosterSwitchP: notifyUidState do nothing
05-26 15:07:45.506  2528  2542 I DeepNoDisturbP: notifyUidState
05-26 15:07:45.506  2528  2542 I HidataAppQoeP: notifyUidState
05-26 15:07:45.506  2528  2542 I BrowserChrP: notifyUidState
05-26 15:07:45.506  1306  1447 I chatty  : uid=1000(system) android.anim expire 32 lines
05-26 15:07:45.565  2340  2665 I CommandQueue: updateBarBgColor
05-26 15:07:45.565  2340  2665 D CommandQueue: CommandQueue, setBarBackgroundColor
05-26 15:07:45.588  2528 19084 I BoosterSwitchP: notifyUidState do nothing
05-26 15:07:45.588  2528 19084 I DeepNoDisturbP: notifyUidState
05-26 15:07:45.588  2528 19084 I HidataAppQoeP: notifyUidState
05-26 15:07:45.588  2528 19084 I BrowserChrP: notifyUidState
05-26 15:07:45.650  5346 15243 W SettingsEx: SettingsEx.Systemex.getInt deprecated use Settings.System.getInt instead ;callers=com.huawei.recsys.util.SystemUtil.getNotificationUpdateMode:190 com.huawei.recsys.util.SystemUtil.isAllowUpdate:122 com.huawei.recsys.controller.notification.http.NotificationUpdateController.startNotificationUpdate:83 
05-26 15:07:45.664  1306  1306 I chatty  : uid=1000 system_server expire 2 lines
05-26 15:07:50.942  1306  2464 I chatty  : uid=1000(system) watchdog expire 1 line
05-26 15:07:51.436  2528  2858 I HidataAppQoeP: handleStateChanged reason=6
05-26 15:07:51.436  2528  2858 I BrowserChrP: handleStateChanged
05-26 15:07:51.442  1306  2206 I chatty  : uid=1000(system) NetdConnector expire 10 lines
05-26 15:07:51.564  1306 10353 I chatty  : uid=1000 system_server expire 1 line
05-26 15:07:51.568  1306  2259 I chatty  : uid=1000(system) iaware.clean expire 1 line
05-26 15:07:51.579  2528  3084 I BoosterSwitchP: notifyUidState do nothing
05-26 15:07:51.579  2528  3084 I DeepNoDisturbP: notifyUidState
05-26 15:07:51.579  2528  3084 I HidataAppQoeP: notifyUidState
05-26 15:07:51.579  2528  3084 I BrowserChrP: notifyUidState
05-26 15:07:51.580  2528  2858 I HidataAppQoeP: handleStateChanged reason=6
05-26 15:07:51.580  2528  2858 I BrowserChrP: handleStateChanged
05-26 15:07:51.666  2528  2858 I HidataAppQoeP: handleStateChanged reason=6
05-26 15:07:51.666  2528  2858 I BrowserChrP: handleStateChanged
05-26 15:07:52.353  1306  9593 I chatty  : uid=1000(system) Binder:1306_18 expire 8 lines
05-26 15:07:52.419 13635 13787 I HwNetworkPolicyManager: getHwUidPolicy uid = 10162 policy = 0
05-26 15:07:52.442  2528 23168 I BoosterSwitchP: notifyUidState do nothing
05-26 15:07:52.442  2528 23168 I DeepNoDisturbP: notifyUidState
05-26 15:07:52.442  2528 23168 I HidataAppQoeP: notifyUidState
05-26 15:07:52.442  2528 23168 I BrowserChrP: notifyUidState
05-26 15:07:52.463  1306  4439 I chatty  : uid=1000(system) Binder:1306_11 expire 8 lines
05-26 15:07:52.464  2340 20855 I CommandQueue: updateBarBgColor
05-26 15:07:52.464  2340 20855 D CommandQueue: CommandQueue, setBarBackgroundColor
05-26 15:07:52.518  2528  2858 I HidataAppQoeP: handleStateChanged reason=6
05-26 15:07:52.518  2528  2858 I BrowserChrP: handleStateChanged
05-26 15:07:52.677  2528  2858 I HidataAppQoeP: handleStateChanged reason=6
05-26 15:07:52.677  2528  2858 I BrowserChrP: handleStateChanged
05-26 15:07:52.706  1306  2916 I chatty  : uid=1000(system) Binder:1306_9 expire 6 lines
05-26 15:07:52.711  2528 23168 I BoosterSwitchP: notifyUidState do nothing
05-26 15:07:52.711  2528 23168 I DeepNoDisturbP: notifyUidState
05-26 15:07:52.711  2528 23168 I HidataAppQoeP: notifyUidState
05-26 15:07:52.711  2528 23168 I BrowserChrP: notifyUidState
05-26 15:07:52.900  2528  2858 I HidataAppQoeP: handleStateChanged reason=6
05-26 15:07:52.900  2528  2858 I BrowserChrP: handleStateChanged
05-26 15:07:53.209  1306  6210 I chatty  : uid=1000(system) Binder:1306_15 expire 14 lines
05-26 15:07:54.213 11668 11668 W ViewRootImpl[PBContainerActivity]: hasFocus:false, stopped:false, isAmbientModefalse, pausedForTransitionfalse, flags:0
05-26 15:07:54.213 11668 11668 W ViewRootImpl[PBContainerActivity]: Cancelling event due to no window focus: KeyEvent { action=ACTION_UP, keyCode=KEYCODE_BACK, scanCode=0, metaState=0, flags=0x28, hwFlags=0x0, repeatCount=0, eventTime=46323789, downTime=46323663, deviceId=0, source=0x101 }
05-26 15:07:54.213 11668 11668 W ViewRootImpl[PBContainerActivity]: hasFocus:false, stopped:false, isAmbientModefalse, pausedForTransitionfalse, flags:0
05-26 15:07:54.213 11668 11668 W ViewRootImpl[PBContainerActivity]: Cancelling event due to no window focus: KeyEvent { action=ACTION_UP, keyCode=KEYCODE_BACK, scanCode=0, metaState=0, flags=0x28, hwFlags=0x0, repeatCount=0, eventTime=46323789, downTime=46323663, deviceId=0, source=0x101 }
05-26 15:07:54.213 11668 11668 W ViewRootImpl[PBContainerActivity]: hasFocus:false, stopped:false, isAmbientModefalse, pausedForTransitionfalse, flags:0
05-26 15:07:54.213 11668 11668 W ViewRootImpl[PBContainerActivity]: Cancelling event due to no window focus: KeyEvent { action=ACTION_UP, keyCode=KEYCODE_BACK, scanCode=0, metaState=0, flags=0x28, hwFlags=0x0, repeatCount=0, eventTime=46323789, downTime=46323663, deviceId=0, source=0x101 }
05-26 15:07:54.215 11668 11668 W ViewRootImpl[PBContainerActivity]: hasFocus:false, stopped:false, isAmbientModefalse, pausedForTransitionfalse, flags:0
05-26 15:07:54.215 11668 11668 W ViewRootImpl[PBContainerActivity]: Cancelling event due to no window focus: KeyEvent { action=ACTION_UP, keyCode=KEYCODE_BACK, scanCode=0, metaState=0, flags=0x28, hwFlags=0x0, repeatCount=0, eventTime=46323789, downTime=46323663, deviceId=0, source=0x101 }
05-26 15:07:54.215 11668 11668 W ViewRootImpl[PBContainerActivity]: hasFocus:false, stopped:false, isAmbientModefalse, pausedForTransitionfalse, flags:0
05-26 15:07:54.215 11668 11668 W ViewRootImpl[PBContainerActivity]: Cancelling event due to no window focus: KeyEvent { action=ACTION_UP, keyCode=KEYCODE_BACK, scanCode=0, metaState=0, flags=0x28, hwFlags=0x0, repeatCount=0, eventTime=46323789, downTime=46323663, deviceId=0, source=0x101 }
05-26 15:07:54.215 11668 11668 W ViewRootImpl[PBContainerActivity]: hasFocus:false, stopped:false, isAmbientModefalse, pausedForTransitionfalse, flags:0
05-26 15:07:54.215 11668 11668 W ViewRootImpl[PBContainerActivity]: Cancelling event due to no window focus: KeyEvent { action=ACTION_UP, keyCode=KEYCODE_BACK, scanCode=0, metaState=0, flags=0x28, hwFlags=0x0, repeatCount=0, eventTime=46323789, downTime=46323663, deviceId=0, source=0x101 }
05-26 15:07:54.215 11668 11668 W ViewRootImpl[PBContainerActivity]: hasFocus:false, stopped:false, isAmbientModefalse, pausedForTransitionfalse, flags:0
05-26 15:07:54.215 11668 11668 W ViewRootImpl[PBContainerActivity]: Cancelling event due to no window focus: KeyEvent { action=ACTION_UP, keyCode=KEYCODE_BACK, scanCode=0, metaState=0, flags=0x28, hwFlags=0x0, repeatCount=0, eventTime=46323789, downTime=46323663, deviceId=0, source=0x101 }
05-26 15:07:54.215 11668 11668 W ViewRootImpl[PBContainerActivity]: hasFocus:false, stopped:false, isAmbientModefalse, pausedForTransitionfalse, flags:0
05-26 15:07:54.215 11668 11668 W ViewRootImpl[PBContainerActivity]: Cancelling event due to no window focus: KeyEvent { action=ACTION_UP, keyCode=KEYCODE_BACK, scanCode=0, metaState=0, flags=0x28, hwFlags=0x0, repeatCount=0, eventTime=46323789, downTime=46323663, deviceId=0, source=0x101 }
05-26 15:07:54.215 11668 11668 W ViewRootImpl[PBContainerActivity]: hasFocus:false, stopped:false, isAmbientModefalse, pausedForTransitionfalse, flags:0
05-26 15:07:54.215 11668 11668 W ViewRootImpl[PBContainerActivity]: Cancelling event due to no window focus: KeyEvent { action=ACTION_UP, keyCode=KEYCODE_BACK, scanCode=0, metaState=0, flags=0x28, hwFlags=0x0, repeatCount=0, eventTime=46323789, downTime=46323663, deviceId=0, source=0x101 }
05-26 15:07:54.223  1306  1501 I chatty  : uid=1000(system) Binder:1306_3 expire 14 lines
05-26 15:07:54.223 13635 13787 I HwNetworkPolicyManager: getHwUidPolicy uid = 10056 policy = 0
05-26 15:07:54.256  1306  2916 I chatty  : uid=1000(system) Binder:1306_9 expire 32 lines
05-26 15:07:54.288  1306  1326 I chatty  : uid=1000(system) HwActivityManag expire 6 lines
05-26 15:07:54.296  1306  1329 I chatty  : uid=1000(system) android.ui expire 38 lines
05-26 15:07:54.299  1306  9593 I chatty  : uid=1000(system) Binder:1306_18 expire 3 lines
05-26 15:07:54.300  2528 19440 I BoosterSwitchP: notifyUidState do nothing
05-26 15:07:54.300  2528 19440 I DeepNoDisturbP: notifyUidState
05-26 15:07:54.300  2528 19440 I HidataAppQoeP: notifyUidState
05-26 15:07:54.300  2528 19440 I BrowserChrP: notifyUidState
05-26 15:07:54.308  1306  1337 I chatty  : uid=1000(system) android.fg expire 6 lines
05-26 15:07:54.311  2528 23168 I BoosterSwitchP: notifyUidState do nothing
05-26 15:07:54.311  2528 23168 I DeepNoDisturbP: notifyUidState
05-26 15:07:54.312  2528 23168 I HidataAppQoeP: notifyUidState
05-26 15:07:54.312  2528 23168 I BrowserChrP: notifyUidState
05-26 15:07:54.316  1306  1340 I chatty  : uid=1000(system) HwGameAssistant expire 2 lines
05-26 15:07:54.329  1306  1447 I chatty  : uid=1000(system) android.anim expire 17 lines
05-26 15:07:54.371  2340 10285 I CommandQueue: updateBarBgColor
05-26 15:07:54.371  2340 10285 D CommandQueue: CommandQueue, setBarBackgroundColor
05-26 15:07:54.470  1306  3131 I chatty  : uid=1000(system) Binder:1306_D expire 3 lines
05-26 15:07:54.719  1306  2234 I chatty  : uid=1000(system) Thread-39 expire 3 lines
05-26 15:07:54.851  2528 23168 I BoosterSwitchP: notifyUidState do nothing
05-26 15:07:54.851  2528 23168 I DeepNoDisturbP: notifyUidState
05-26 15:07:54.851  2528 23168 I HidataAppQoeP: notifyUidState
05-26 15:07:54.851  2528 23168 I BrowserChrP: notifyUidState
05-26 15:07:54.983  1306  2221 I chatty  : uid=1000(system) ConnectivitySer expire 6 lines
05-26 15:07:54.987  1306  1319 I chatty  : uid=1000(system) Binder:1306_1 expire 7 lines
05-26 15:07:55.067  1306 11430 I chatty  : uid=1000(system) Binder:1306_1E expire 56 lines
05-26 15:07:55.078  2528  2542 I BoosterSwitchP: notifyUidState do nothing
05-26 15:07:55.078  2528  2542 I DeepNoDisturbP: notifyUidState
05-26 15:07:55.078  2528  2542 I HidataAppQoeP: notifyUidState
05-26 15:07:55.078  2528  2542 I BrowserChrP: notifyUidState
05-26 15:07:55.080  1306  1339 I chatty  : uid=1000(system) android.display expire 2 lines
05-26 15:07:55.091  2528  2542 I BoosterSwitchP: notifyUidState do nothing
05-26 15:07:55.091  2528  2542 I DeepNoDisturbP: notifyUidState
05-26 15:07:55.091  2528  2542 I HidataAppQoeP: notifyUidState
05-26 15:07:55.091  2528  2542 I BrowserChrP: notifyUidState
05-26 15:07:55.183  1306  1325 I chatty  : uid=1000(system) android.bg expire 1 line
05-26 15:07:58.906  2528  2858 I HidataAppQoeP: handleStateChanged reason=6
05-26 15:07:58.907  2528  2858 I BrowserChrP: handleStateChanged
05-26 15:08:00.006  1306  1306 I chatty  : uid=1000 system_server expire 8 lines
05-26 15:08:00.302  1306  2206 I chatty  : uid=1000(system) NetdConnector expire 4 lines
05-26 15:08:01.434   551   616 W SocketListener: sending broadcast to Pid = 1306, Uid = 1000 
05-26 15:08:02.065  1306 12460 I chatty  : uid=1000 system_server expire 1 line
05-26 15:08:02.102  2528 23168 I BoosterSwitchP: notifyUidState do nothing
05-26 15:08:02.102  2528 23168 I DeepNoDisturbP: notifyUidState
05-26 15:08:02.102  2528 23168 I HidataAppQoeP: notifyUidState
05-26 15:08:02.102  2528 23168 I BrowserChrP: notifyUidState
05-26 15:08:02.103 13635 13787 I HwNetworkPolicyManager: getHwUidPolicy uid = 10163 policy = 0
05-26 15:08:02.105  1306  1328 I chatty  : uid=1000(system) ActivityManager expire 2 lines
05-26 15:08:02.123  1306  6210 I chatty  : uid=1000(system) Binder:1306_15 expire 37 lines
05-26 15:08:02.129  7760  7760 V ActivityThread: Skipping new config:{1.0 460mcc2mnc [zh_CN_#Hans] ldltr sw360dp w360dp h616dp 480dpi nrml long port finger -keyb/v/h -nav/h winConfig={ mBounds=Rect(0, 0 - 0, 0) mAppBounds=Rect(0, 0 - 1080, 1920) mWindowingMode=fullscreen mActivityType=undefined} nonFullScreen=0 hwt:1 suim:1 s.48}, config:{1.0 460mcc2mnc [zh_CN_#Hans] ldltr sw360dp w360dp h616dp 480dpi nrml long port finger -keyb/v/h -nav/h winConfig={ mBounds=Rect(0, 0 - 0, 0) mAppBounds=Rect(0, 0 - 1080, 1920) mWindowingMode=fullscreen mActivityType=undefined} nonFullScreen=0 hwt:1 suim:1 s.48} for app:com.eg.android.AlipayGphone
05-26 15:08:02.219  7760  7760 V ActivityThread: callActivityOnCreate
05-26 15:08:02.544  7760  7760 D ActivityThread: add activity client record, r= ActivityRecord{3cb5707 token=android.os.BinderProxy@166f42b {com.eg.android.AlipayGphone/com.eg.android.AlipayGphone.AlipayLogin}} token= android.os.BinderProxy@166f42b
05-26 15:08:02.594  2340 20855 I CommandQueue: updateBarBgColor
05-26 15:08:02.594  2340 20855 D CommandQueue: CommandQueue, setBarBackgroundColor
05-26 15:08:02.595  2528  2858 I HidataAppQoeP: receiveAPModuleData,dataTypeId=301
05-26 15:08:02.595  2528  2858 I HidataAppQoeP: HIDATA_START_CELLULAR_APP_QOE_MONITOR appUid=10163,time=3000
05-26 15:08:02.596  1306 11430 I chatty  : uid=1000(system) Binder:1306_1E expire 31 lines
05-26 15:08:02.596  1306  2206 I chatty  : uid=1000(system) NetdConnector expire 2 lines
05-26 15:08:02.600  1306  2916 I chatty  : uid=1000(system) Binder:1306_9 expire 72 lines
05-26 15:08:02.644  1306  1329 I chatty  : uid=1000(system) android.ui expire 7 lines
05-26 15:08:02.644  1306  1447 I chatty  : uid=1000(system) android.anim expire 8 lines
05-26 15:08:02.648  1306  1339 I chatty  : uid=1000(system) android.display expire 1 line
05-26 15:08:02.671  1306  1319 I chatty  : uid=1000(system) Binder:1306_1 expire 43 lines
05-26 15:08:03.035  1306  4767 I chatty  : uid=1000(system) Binder:1306_13 expire 2 lines
05-26 15:08:03.146  1306  1501 I chatty  : uid=1000(system) Binder:1306_3 expire 14 lines
05-26 15:08:03.238  7760 12691 E ActivityThread: Failed to find provider info for com.alipay.setting
05-26 15:08:03.238  7760 12690 E ActivityThread: Failed to find provider info for com.alipay.setting
05-26 15:08:03.632  1306  3131 I chatty  : uid=1000(system) Binder:1306_D expire 17 lines
05-26 15:08:03.639  2528 19440 I BoosterSwitchP: notifyUidState do nothing
05-26 15:08:03.639  2528 19440 I DeepNoDisturbP: notifyUidState
05-26 15:08:03.639  2528 19440 I HidataAppQoeP: notifyUidState
05-26 15:08:03.639  2528 19440 I BrowserChrP: notifyUidState
05-26 15:08:03.642  1306  9593 I chatty  : uid=1000(system) Binder:1306_18 expire 88 lines
05-26 15:08:03.738  1306 11430 I chatty  : uid=1000(system) Binder:1306_1E expire 61 lines
05-26 15:08:03.780  1306  1319 I chatty  : uid=1000(system) Binder:1306_1 expire 17 lines
05-26 15:08:03.783  1306  3131 I chatty  : uid=1000(system) Binder:1306_D expire 4 lines
05-26 15:08:03.796  1306  1501 I chatty  : uid=1000(system) Binder:1306_3 expire 26 lines
05-26 15:08:03.803  1306  2500 I chatty  : uid=1000(system) GpsXtraReceiver expire 1 line
05-26 15:08:03.821  1306  1331 I chatty  : uid=1000(system) ActivityManager expire 1 line
05-26 15:08:03.822  1306  2520 I chatty  : uid=1000(system) MultiTaskManage expire 1 line
05-26 15:08:03.835 12835 12835 D ActivityThread: Attach thread to application
05-26 15:08:03.977  1306  4767 I chatty  : uid=1000(system) Binder:1306_13 expire 49 lines
05-26 15:08:04.287  1306  6210 I chatty  : uid=1000(system) Binder:1306_15 expire 3 lines
05-26 15:08:04.488  7760 12754 W HwApsManager: HwApsManagerService, registerCallback, start !
05-26 15:08:04.649  1306  1329 I chatty  : uid=1000(system) android.ui expire 1 line
05-26 15:08:04.906  2528  2858 I HidataAppQoeP: handleStateChanged reason=6
05-26 15:08:04.906  2528  2858 I BrowserChrP: handleStateChanged
05-26 15:08:05.037  2528  2858 I HidataAppQoeP: handleStateChanged reason=6
05-26 15:08:05.037  2528  2858 I BrowserChrP: handleStateChanged
05-26 15:08:05.151  1306  1306 I chatty  : uid=1000 system_server expire 5 lines
05-26 15:08:05.252  2528  2858 I HidataAppQoeP: handleStateChanged reason=6
05-26 15:08:05.252  2528  2858 I BrowserChrP: handleStateChanged
05-26 15:08:05.389  2528  2858 I HidataAppQoeP: handleStateChanged reason=6
05-26 15:08:05.389  2528  2858 I BrowserChrP: handleStateChanged
05-26 15:08:05.419  2528  2858 I HidataAppQoeP: handleStateChanged reason=6
05-26 15:08:05.419  2528  2858 I BrowserChrP: handleStateChanged
05-26 15:08:05.596  2528  2858 I HidataAppQoeP: handleStateChanged reason=1
05-26 15:08:05.597  2528  2858 I HidataAppQoeP: process message REASON_RECEIVE_AP_INFO_TIMEOUT
05-26 15:08:05.597  2528  2858 I HidataAppQoeP: sendExperienceLevelToHidataAppQoe 3
05-26 15:08:05.651  1306  3131 I chatty  : uid=1000(system) Binder:1306_D expire 40 lines
05-26 15:08:05.805  1306  1501 I chatty  : uid=1000(system) Binder:1306_3 expire 14 lines
05-26 15:08:05.836  1306  1319 I chatty  : uid=1000(system) Binder:1306_1 expire 17 lines
05-26 15:08:05.841  2528  2858 I HidataAppQoeP: handleStateChanged reason=6
05-26 15:08:05.841  2528  2858 I BrowserChrP: handleStateChanged
05-26 15:08:05.993  1306  4767 I chatty  : uid=1000(system) Binder:1306_13 expire 33 lines
05-26 15:08:06.058  1306  1329 I chatty  : uid=1000(system) android.ui expire 13 lines
05-26 15:08:06.082  1306  2916 I chatty  : uid=1000(system) Binder:1306_9 expire 4 lines
05-26 15:08:06.092  7760  7760 V ActivityThread: Skipping new config:{1.0 460mcc2mnc [zh_CN_#Hans] ldltr sw360dp w360dp h616dp 480dpi nrml long port finger -keyb/v/h -nav/h winConfig={ mBounds=Rect(0, 0 - 0, 0) mAppBounds=Rect(0, 0 - 1080, 1920) mWindowingMode=fullscreen mActivityType=undefined} nonFullScreen=0 hwt:1 suim:1 s.48}, config:{1.0 460mcc2mnc [zh_CN_#Hans] ldltr sw360dp w360dp h616dp 480dpi nrml long port finger -keyb/v/h -nav/h winConfig={ mBounds=Rect(0, 0 - 0, 0) mAppBounds=Rect(0, 0 - 1080, 1920) mWindowingMode=fullscreen mActivityType=undefined} nonFullScreen=0 hwt:1 suim:1 s.48} for app:com.eg.android.AlipayGphone
05-26 15:08:06.097  7760  7760 V ActivityThread: callActivityOnCreate
05-26 15:08:06.101  1306  1326 I chatty  : uid=1000(system) HwActivityManag expire 2 lines
05-26 15:08:06.125  1306 10353 I chatty  : uid=1000 system_server expire 4 lines
05-26 15:08:06.126  1306  2259 I chatty  : uid=1000(system) iaware.clean expire 4 lines
05-26 15:08:06.128  2528 19440 I BoosterSwitchP: notifyUidState do nothing
05-26 15:08:06.128  2528 19440 I DeepNoDisturbP: notifyUidState
05-26 15:08:06.128  2528 19440 I HidataAppQoeP: notifyUidState
05-26 15:08:06.128  2528 19440 I BrowserChrP: notifyUidState
05-26 15:08:06.128  1306  2460 I chatty  : uid=1000(system) Binder:1306_6 expire 3 lines
05-26 15:08:06.131  2528 19440 I BoosterSwitchP: notifyUidState do nothing
05-26 15:08:06.131  2528 19440 I DeepNoDisturbP: notifyUidState
05-26 15:08:06.131  2528 19440 I HidataAppQoeP: notifyUidState
05-26 15:08:06.131  2528 19440 I BrowserChrP: notifyUidState
05-26 15:08:06.138  2528  2542 I BoosterSwitchP: notifyUidState do nothing
05-26 15:08:06.138  2528  2542 I DeepNoDisturbP: notifyUidState
05-26 15:08:06.138  2528  2542 I HidataAppQoeP: notifyUidState
05-26 15:08:06.138  2528  2542 I BrowserChrP: notifyUidState
05-26 15:08:06.142  2528  2543 I BoosterSwitchP: notifyUidState do nothing
05-26 15:08:06.142  2528  2543 I DeepNoDisturbP: notifyUidState
05-26 15:08:06.142  2528  2543 I HidataAppQoeP: notifyUidState
05-26 15:08:06.142  2528  2543 I BrowserChrP: notifyUidState
05-26 15:08:06.150  7760  7760 D ActivityThread: add activity client record, r= ActivityRecord{846c5c7 token=android.os.BinderProxy@ce81482 {com.eg.android.AlipayGphone/com.alipay.mobile.nebulacore.ui.H5Activity}} token= android.os.BinderProxy@ce81482
05-26 15:08:06.150  1306  6484 I chatty  : uid=1000(system) Binder:1306_16 expire 15 lines
05-26 15:08:06.165  1306  1340 I chatty  : uid=1000(system) HwGameAssistant expire 1 line
05-26 15:08:06.181  1306 11430 I chatty  : uid=1000(system) Binder:1306_1E expire 33 lines
05-26 15:08:06.184  2340  2665 I CommandQueue: updateBarBgColor
05-26 15:08:06.184  2340  2665 D CommandQueue: CommandQueue, setBarBackgroundColor
05-26 15:08:06.210  1306  1447 I chatty  : uid=1000(system) android.anim expire 5 lines
05-26 15:08:06.211  2528  2858 I HidataAppQoeP: handleStateChanged reason=6
05-26 15:08:06.211  2528  2858 I BrowserChrP: handleStateChanged
05-26 15:08:06.222  1306  1339 I chatty  : uid=1000(system) android.display expire 1 line
05-26 15:08:06.629  1306  2234 I chatty  : uid=1000(system) Thread-39 expire 4 lines
05-26 15:08:06.706  1306  1331 I chatty  : uid=1000(system) ActivityManager expire 1 line
05-26 15:08:06.707  1306  2520 I chatty  : uid=1000(system) MultiTaskManage expire 1 line
05-26 15:08:06.717 13174 13174 D ActivityThread: Attach thread to application
05-26 15:08:06.869  1306  2221 I chatty  : uid=1000(system) ConnectivitySer expire 11 lines
05-26 15:08:07.048  7841  7876 E ActivityThread: Failed to find provider info for com.alipay.setting
05-26 15:08:07.085  7841  7876 E ActivityThread: Failed to find provider info for com.alipay.setting
05-26 15:08:07.166  1306  6210 I chatty  : uid=1000(system) Binder:1306_15 expire 20 lines
05-26 15:08:07.167  1306  4064 I chatty  : uid=1000(system) Binder:1306_E expire 2 lines
05-26 15:08:07.261  1306  4734 I chatty  : uid=1000(system) Binder:1306_12 expire 1 line
05-26 15:08:07.263  2340 20855 I CommandQueue: updateBarBgColor
05-26 15:08:07.263  2340 20855 D CommandQueue: CommandQueue, setBarBackgroundColor
05-26 15:08:07.309  1306  1502 I chatty  : uid=1000(system) Binder:1306_4 expire 43 lines
05-26 15:08:07.313  1306  2221 I chatty  : uid=1000(system) ConnectivitySer expire 13 lines
05-26 15:08:07.579  1306  4064 I chatty  : uid=1000(system) Binder:1306_E expire 70 lines
05-26 15:08:08.193  1306  6484 I chatty  : uid=1000(system) Binder:1306_16 expire 60 lines
05-26 15:08:10.322  1306  6210 I chatty  : uid=1000(system) Binder:1306_15 expire 7 lines
05-26 15:08:10.708  1306  1306 I chatty  : uid=1000 system_server expire 2 lines
05-26 15:08:11.190  1306  1329 I chatty  : uid=1000(system) android.ui expire 9 lines
05-26 15:08:11.565  1306 10300 I chatty  : uid=1000(system) Binder:1306_1C expire 1 line
05-26 15:08:11.565  1306  4734 I chatty  : uid=1000(system) Binder:1306_12 expire 1 line
05-26 15:08:11.565  1306 10424 I chatty  : uid=1000(system) Binder:1306_1D expire 3 lines
05-26 15:08:11.575  1306  1334 I chatty  : uid=1000(system) keyAppHanderThr expire 2 lines
05-26 15:08:11.576  2528  2543 I BoosterSwitchP: notifyUidState do nothing
05-26 15:08:11.576  2528  2543 I DeepNoDisturbP: notifyUidState
05-26 15:08:11.576  2528  2543 I HidataAppQoeP: notifyUidState
05-26 15:08:11.576  2528  2543 I BrowserChrP: notifyUidState
05-26 15:08:11.763  1306  2332 I chatty  : uid=1000(system) Binder:1306_5 expire 15 lines
05-26 15:08:11.765  1306  2888 I chatty  : uid=1000(system) Binder:1306_8 expire 5 lines
05-26 15:08:11.771  1306  1339 I chatty  : uid=1000(system) android.display expire 1 line
05-26 15:08:11.773  2528  3084 I BoosterSwitchP: notifyUidState do nothing
05-26 15:08:11.773  2528  3084 I DeepNoDisturbP: notifyUidState
05-26 15:08:11.773  2528  3084 I HidataAppQoeP: notifyUidState
05-26 15:08:11.773  2528  3084 I BrowserChrP: notifyUidState
05-26 15:08:12.069  1306  2234 I chatty  : uid=1000(system) Thread-39 expire 2 lines
05-26 15:08:12.217  2528  2858 I HidataAppQoeP: handleStateChanged reason=6
05-26 15:08:12.217  2528  2858 I BrowserChrP: handleStateChanged
05-26 15:08:16.570  1306  1489 I chatty  : uid=1000(system) InputDispatcher expire 2 lines
05-26 15:08:16.700  1306  1326 I chatty  : uid=1000(system) HwActivityManag expire 2 lines
05-26 15:08:16.726  1306  1340 I chatty  : uid=1000(system) HwGameAssistant expire 1 line
05-26 15:08:16.737  2340  2665 I CommandQueue: updateBarBgColor
05-26 15:08:16.737  2340  2665 D CommandQueue: CommandQueue, setBarBackgroundColor
05-26 15:08:16.783  1306  1447 I chatty  : uid=1000(system) android.anim expire 25 lines
05-26 15:08:16.829  1306  2332 I chatty  : uid=1000(system) Binder:1306_5 expire 25 lines
05-26 15:08:17.159  1306  1329 I chatty  : uid=1000(system) android.ui expire 38 lines
05-26 15:08:17.287  1306  6484 I chatty  : uid=1000(system) Binder:1306_16 expire 16 lines
05-26 15:08:17.301  7760  7760 D ActivityThread: Remove activity client record, r= ActivityRecord{846c5c7 token=android.os.BinderProxy@ce81482 {com.eg.android.AlipayGphone/com.alipay.mobile.nebulacore.ui.H5Activity}} token= android.os.BinderProxy@ce81482
05-26 15:08:17.771  1306  1489 I chatty  : uid=1000(system) InputDispatcher expire 4 lines
05-26 15:08:17.813  1306  1326 I chatty  : uid=1000(system) HwActivityManag expire 5 lines
05-26 15:08:17.815  2528  2542 W ContextImpl: Calling a method in the system process without a qualified user: android.app.ContextImpl.startService:1760 android.content.ContextWrapper.startService:664 com.huawei.appgallery.assistant.service.AppGalleryAssistantService.startHMSService:419 com.huawei.appgallery.assistant.service.AppGalleryAssistantService.notifyHMSBackgroundEvent:405 com.huawei.appgallery.assistant.service.AppGalleryAssistantService.backgroundEvent:392 
05-26 15:08:17.938  7760  7760 W ViewRootImpl[AlipayLogin]: hasFocus:false, stopped:false, isAmbientModefalse, pausedForTransitionfalse, flags:0
05-26 15:08:17.940 13635 13787 I HwNetworkPolicyManager: getHwUidPolicy uid = 10056 policy = 0
05-26 15:08:17.944  7760  7760 W ViewRootImpl[AlipayLogin]: Cancelling event due to no window focus: KeyEvent { action=ACTION_UP, keyCode=KEYCODE_BACK, scanCode=0, metaState=0, flags=0x28, hwFlags=0x0, repeatCount=0, eventTime=46347470, downTime=46347430, deviceId=0, source=0x101 }
05-26 15:08:17.944  7760  7760 W ViewRootImpl[AlipayLogin]: hasFocus:false, stopped:false, isAmbientModefalse, pausedForTransitionfalse, flags:0
05-26 15:08:17.944  7760  7760 W ViewRootImpl[AlipayLogin]: Cancelling event due to no window focus: KeyEvent { action=ACTION_UP, keyCode=KEYCODE_BACK, scanCode=0, metaState=0, flags=0x28, hwFlags=0x0, repeatCount=0, eventTime=46347470, downTime=46347430, deviceId=0, source=0x101 }
05-26 15:08:17.944  7760  7760 W ViewRootImpl[AlipayLogin]: hasFocus:false, stopped:false, isAmbientModefalse, pausedForTransitionfalse, flags:0
05-26 15:08:17.944  7760  7760 W ViewRootImpl[AlipayLogin]: Cancelling event due to no window focus: KeyEvent { action=ACTION_UP, keyCode=KEYCODE_BACK, scanCode=0, metaState=0, flags=0x28, hwFlags=0x0, repeatCount=0, eventTime=46347470, downTime=46347430, deviceId=0, source=0x101 }
05-26 15:08:17.952  2528  3084 I BoosterSwitchP: notifyUidState do nothing
05-26 15:08:17.952  2528  3084 I DeepNoDisturbP: notifyUidState
05-26 15:08:17.952  2528  3084 I HidataAppQoeP: notifyUidState
05-26 15:08:17.952  2528  3084 I BrowserChrP: notifyUidState
05-26 15:08:17.953  7760  7760 W ViewRootImpl[AlipayLogin]: hasFocus:false, stopped:false, isAmbientModefalse, pausedForTransitionfalse, flags:0
05-26 15:08:17.954  7760  7760 W ViewRootImpl[AlipayLogin]: Cancelling event due to no window focus: KeyEvent { action=ACTION_UP, keyCode=KEYCODE_BACK, scanCode=0, metaState=0, flags=0x28, hwFlags=0x0, repeatCount=0, eventTime=46347470, downTime=46347430, deviceId=0, source=0x101 }
05-26 15:08:17.954  7760  7760 W ViewRootImpl[AlipayLogin]: hasFocus:false, stopped:false, isAmbientModefalse, pausedForTransitionfalse, flags:0
05-26 15:08:17.954  7760  7760 W ViewRootImpl[AlipayLogin]: Cancelling event due to no window focus: KeyEvent { action=ACTION_UP, keyCode=KEYCODE_BACK, scanCode=0, metaState=0, flags=0x28, hwFlags=0x0, repeatCount=0, eventTime=46347470, downTime=46347430, deviceId=0, source=0x101 }
05-26 15:08:17.954  7760  7760 W ViewRootImpl[AlipayLogin]: hasFocus:false, stopped:false, isAmbientModefalse, pausedForTransitionfalse, flags:0
05-26 15:08:17.954  7760  7760 W ViewRootImpl[AlipayLogin]: Cancelling event due to no window focus: KeyEvent { action=ACTION_UP, keyCode=KEYCODE_BACK, scanCode=0, metaState=0, flags=0x28, hwFlags=0x0, repeatCount=0, eventTime=46347470, downTime=46347430, deviceId=0, source=0x101 }
05-26 15:08:17.955  7760  7760 W ViewRootImpl[AlipayLogin]: hasFocus:false, stopped:false, isAmbientModefalse, pausedForTransitionfalse, flags:0
05-26 15:08:17.955  7760  7760 W ViewRootImpl[AlipayLogin]: Cancelling event due to no window focus: KeyEvent { action=ACTION_UP, keyCode=KEYCODE_BACK, scanCode=0, metaState=0, flags=0x28, hwFlags=0x0, repeatCount=0, eventTime=46347470, downTime=46347430, deviceId=0, source=0x101 }
05-26 15:08:17.955  7760  7760 W ViewRootImpl[AlipayLogin]: hasFocus:false, stopped:false, isAmbientModefalse, pausedForTransitionfalse, flags:0
05-26 15:08:17.955  7760  7760 W ViewRootImpl[AlipayLogin]: Cancelling event due to no window focus: KeyEvent { action=ACTION_UP, keyCode=KEYCODE_BACK, scanCode=0, metaState=0, flags=0x28, hwFlags=0x0, repeatCount=0, eventTime=46347470, downTime=46347430, deviceId=0, source=0x101 }
05-26 15:08:17.955  7760  7760 W ViewRootImpl[AlipayLogin]: hasFocus:false, stopped:false, isAmbientModefalse, pausedForTransitionfalse, flags:0
05-26 15:08:17.955  7760  7760 W ViewRootImpl[AlipayLogin]: Cancelling event due to no window focus: KeyEvent { action=ACTION_UP, keyCode=KEYCODE_BACK, scanCode=0, metaState=0, flags=0x28, hwFlags=0x0, repeatCount=0, eventTime=46347470, downTime=46347430, deviceId=0, source=0x101 }
05-26 15:08:17.969  1306  1340 I chatty  : uid=1000(system) HwGameAssistant expire 1 line
05-26 15:08:17.975  2612  2612 W ViewRootImpl[UniHomeLauncher]: hasFocus:false, stopped:false, isAmbientModefalse, pausedForTransitionfalse, flags:0
05-26 15:08:17.975  2612  2612 W ViewRootImpl[UniHomeLauncher]: Cancelling event due to no window focus: KeyEvent { action=ACTION_UP, keyCode=KEYCODE_BACK, scanCode=0, metaState=0, flags=0x28, hwFlags=0x0, repeatCount=0, eventTime=46347431, downTime=46347431, deviceId=0, source=0x101 }
05-26 15:08:17.975  2612  2612 W ViewRootImpl[UniHomeLauncher]: hasFocus:false, stopped:false, isAmbientModefalse, pausedForTransitionfalse, flags:0
05-26 15:08:17.975  2612  2612 W ViewRootImpl[UniHomeLauncher]: Cancelling event due to no window focus: KeyEvent { action=ACTION_UP, keyCode=KEYCODE_BACK, scanCode=0, metaState=0, flags=0x28, hwFlags=0x0, repeatCount=0, eventTime=46347431, downTime=46347431, deviceId=0, source=0x101 }
05-26 15:08:17.975  2612  2612 W ViewRootImpl[UniHomeLauncher]: hasFocus:false, stopped:false, isAmbientModefalse, pausedForTransitionfalse, flags:0
05-26 15:08:17.975  2612  2612 W ViewRootImpl[UniHomeLauncher]: Cancelling event due to no window focus: KeyEvent { action=ACTION_UP, keyCode=KEYCODE_BACK, scanCode=0, metaState=0, flags=0x28, hwFlags=0x0, repeatCount=0, eventTime=46347431, downTime=46347431, deviceId=0, source=0x101 }
05-26 15:08:17.975  2612  2612 W ViewRootImpl[UniHomeLauncher]: hasFocus:false, stopped:false, isAmbientModefalse, pausedForTransitionfalse, flags:0
