06-16 22:02:13.605  1593  2110 D FaceRecognizeBaseCmd: onFinish errorCode =  canceled  mSendResult = false mActiveCancel = true
06-16 22:02:13.607  1593  2110 D FaceRecognizeAuthCmd: send auth CancelResult
06-16 22:02:13.609  1296  1424 I chatty  : uid=1000(system) android.anim expire 45 lines
06-16 22:02:13.610  1296  1315 I chatty  : uid=1000(system) android.ui expire 34 lines
06-16 22:02:13.615  1296  1314 I chatty  : uid=1000(system) ActivityManager expire 1 line
06-16 22:02:13.615  1296  2227 I chatty  : uid=1000(system) Binder:1296_B expire 6 lines
06-16 22:02:13.622  1639  1985 I BackgroundPermManager: pkgName: com.android.systemui,pid: 1639 ,uidOf3RdApk: 10039 ,permType: 0 ,permCfg: 0
06-16 22:02:13.657  1296  1296 I chatty  : uid=1000 system_server expire 14 lines
06-16 22:02:13.660  1296  7268 I chatty  : uid=1000(system) Binder:1296_15 expire 13 lines
06-16 22:02:13.665  1296  7939 I chatty  : uid=1000(system) Binder:1296_19 expire 32 lines
06-16 22:02:13.674  1296  1445 I chatty  : uid=1000(system) HeartBeatHandle expire 2 lines
06-16 22:02:13.805  1296  1307 I chatty  : uid=1000(system) Binder:1296_2 expire 6 lines
06-16 22:02:13.920  1296  1326 I chatty  : uid=1000(system) HwGameAssistant expire 2 lines
06-16 22:02:13.925  1296  1312 I chatty  : uid=1000(system) HwActivityManag expire 5 lines
06-16 22:02:13.961  1296  7295 I chatty  : uid=1000(system) Binder:1296_16 expire 13 lines
06-16 22:02:13.964  1296  9254 I chatty  : uid=1000(system) Binder:1296_1C expire 10 lines
06-16 22:02:14.164  1296  1456 I chatty  : uid=1000(system) InputDispatcher expire 16 lines
06-16 22:02:14.547  1296  1306 I chatty  : uid=1000(system) Binder:1296_1 expire 16 lines
06-16 22:02:14.563  1296  1497 I chatty  : uid=1000(system) CallbackHandler expire 1 line
06-16 22:02:14.567  1296  1323 I chatty  : uid=1000(system) android.fg expire 3 lines
06-16 22:02:14.758  1296  1477 I chatty  : uid=1000(system) WifiP2pService expire 5 lines
06-16 22:02:14.769  1296  1472 I chatty  : uid=1000(system) tworkPolicy.uid expire 2 lines
06-16 22:02:14.778  1593  1606 I BoosterSwitchP: notifyUidState do nothing
06-16 22:02:14.778  1593  1606 I DeepNoDisturbP: notifyUidState
06-16 22:02:14.778  1593  1606 I HidataAppQoeP: notifyUidState
06-16 22:02:14.778  1593  1606 I BrowserChrP: notifyUidState
06-16 22:02:14.784  1296  1467 I chatty  : uid=1000(system) NetdConnector expire 6 lines
06-16 22:02:14.806  1930  2349 I HwNetworkPolicyManager: getHwUidPolicy uid = 10056 policy = 0
06-16 22:02:14.834  1296  1424 I chatty  : uid=1000(system) android.anim expire 2 lines
06-16 22:02:14.863  1296  1315 I chatty  : uid=1000(system) android.ui expire 29 lines
06-16 22:02:14.874  1296  1296 I chatty  : uid=1000 system_server expire 36 lines
06-16 22:02:14.880  1296  1472 I chatty  : uid=1000(system) tworkPolicy.uid expire 1 line
06-16 22:02:14.911  1296  1476 I chatty  : uid=1000(system) WifiScanningSer expire 1 line
06-16 22:02:14.929  1639  2027 I CommandQueue: updateBarBgColor
06-16 22:02:14.929  1639  2027 D CommandQueue: CommandQueue, setBarBackgroundColor
06-16 22:02:14.944  1296  2129 I chatty  : uid=1000(system) Binder:1296_9 expire 7 lines
06-16 22:02:14.947  1296  1314 I chatty  : uid=1000(system) ActivityManager expire 4 lines
06-16 22:02:14.957  1296  7268 I chatty  : uid=1000(system) Binder:1296_15 expire 10 lines
06-16 22:02:14.965  1296  1445 I chatty  : uid=1000(system) HeartBeatHandle expire 4 lines
06-16 22:02:15.020   493  1284 D vold    : idle maintenance stopped
06-16 22:02:15.022  1296  1477 I chatty  : uid=1000(system) WifiP2pService expire 5 lines
06-16 22:02:15.039  1296  1317 I chatty  : uid=1000(system) ActivityManager expire 2 lines
06-16 22:02:15.040  1296  1796 I chatty  : uid=1000(system) MultiTaskManage expire 2 lines
06-16 22:02:15.065  1296  1474 I chatty  : uid=1000(system) WifiStateMachin expire 1 line
06-16 22:02:15.086  1288  1288 D ActivityThread: Attach thread to application
06-16 22:02:15.108  1296  1328 I chatty  : uid=1000(system) PowerManagerSer expire 1 line
06-16 22:02:15.111  1296  1569 I chatty  : uid=1000(system) PhotonicModulat expire 80 lines
06-16 22:02:15.136  1593  1817 I BoosterGameP: handleStateChanged reason=2
06-16 22:02:15.136  1593  1817 E BoosterGameP: inValidCQI:-1
06-16 22:02:15.140  1593  1817 I BoosterVideoP: handleStateChanged reason=2
06-16 22:02:15.142  1593  1817 I BoosterVideoP: sendModemUnsolState false
06-16 22:02:15.142  1593  1817 I BoosterSwitchP: handleStateChanged reason=2
06-16 22:02:15.142  1593  1817 I DeepNoDisturbP: handleStateChanged reason=2
06-16 22:02:15.142  1593  1817 I DeepNoDisturbSM: setScreenState isScreenOn=true
06-16 22:02:15.142  1593  1817 I HidataAppQoeP: handleStateChanged reason=2
06-16 22:02:15.142  1593  1817 I BrowserChrP: handleStateChanged
06-16 22:02:15.142  1593  1593 I DeepNoDisturbSM: IdleState processMessage msg.what=EVENT_SCREEN_ON
06-16 22:02:15.156  1593  1593 I DeepNoDisturbSM: isWifiConnected = true
06-16 22:02:15.172  1593  1593 I DeepNoDisturbSM: isNetworkTypeSuitDeepNoDisturbMode networkType = 13
06-16 22:02:15.172  1593  1593 I DeepNoDisturbSM: isCorrectState=true mIsCallOn=false mGameStatus=0 defaultDataSubId=0 default4GSlotId=0 mIsDefaultDataOn=false mIsScreenOn=true deepNoDisturbModeProp=true isDeepNoDisturbSwitchOn=false isGameDndSwitchOn=false isNetworkTypeSuitDeepNoDisturbMode=true isAirplaneModeOn()=false
06-16 22:02:15.172  1593  1593 I DeepNoDisturbSM: isNeedEnterDeepNoDisturbMode false
06-16 22:02:15.223  1593  1820 E HwCommBoosterManager: handleOemHookSetResp end error, ret=-2
06-16 22:02:15.362  1296 10355 I chatty  : uid=1000(system) Binder:1296_1D expire 17 lines
06-16 22:02:15.434  1296  1306 I chatty  : uid=1000(system) Binder:1296_1 expire 13 lines
06-16 22:02:15.468  1359  1359 D ActivityThread: Attach thread to application
06-16 22:02:15.470  1296  2227 I chatty  : uid=1000(system) Binder:1296_B expire 27 lines
06-16 22:02:15.494  1593  1606 I BoosterSwitchP: notifyUidState do nothing
06-16 22:02:15.494  1593  1606 I DeepNoDisturbP: notifyUidState
06-16 22:02:15.494  1593  1606 I HidataAppQoeP: notifyUidState
06-16 22:02:15.494  1593  1606 I BrowserChrP: notifyUidState
06-16 22:02:15.494  1296  2326 I chatty  : uid=1000(system) Binder:1296_10 expire 55 lines
06-16 22:02:16.460  1296  7268 I chatty  : uid=1000(system) Binder:1296_15 expire 5 lines
06-16 22:02:16.461  1296  1569 I chatty  : uid=1000(system) PhotonicModulat expire 97 lines
06-16 22:02:16.646  1296  1296 I chatty  : uid=1000 system_server expire 11 lines
06-16 22:02:16.650  1296  1306 I chatty  : uid=1000(system) Binder:1296_1 expire 60 lines
06-16 22:02:16.824  1593  1817 I HidataAppQoeP: handleStateChanged reason=6
06-16 22:02:16.824  1593  1817 I BrowserChrP: handleStateChanged
06-16 22:02:16.874  1296  2227 I chatty  : uid=1000(system) Binder:1296_B expire 24 lines
06-16 22:02:16.947  1296  1314 I chatty  : uid=1000(system) ActivityManager expire 8 lines
06-16 22:02:17.128   568   639 W SocketListener: sending broadcast to Pid = 1296, Uid = 1000 
06-16 22:02:17.130  1296  1467 I chatty  : uid=1000(system) NetdConnector expire 4 lines
06-16 22:02:17.130  1296  1476 I chatty  : uid=1000(system) WifiScanningSer expire 9 lines
06-16 22:02:17.131  1296  1323 I chatty  : uid=1000(system) android.fg expire 2 lines
06-16 22:02:17.644  3413  3838 W ContextImpl: Calling a method in the system process without a qualified user: android.app.ContextImpl.bindService:1840 android.content.ContextWrapper.bindService:698 com.huawei.nb.dataservice.dsclient.RemoteServiceConnection.open:90 com.huawei.nb.dataservice.dsclient.DataServiceProxy.connect:105 com.huawei.nb.dataservice.rsclient.internal.RemoteRuleService.start:27 
06-16 22:02:17.765  1296 10355 I chatty  : uid=1000(system) Binder:1296_1D expire 11 lines
06-16 22:02:18.323  1296  2129 I chatty  : uid=1000(system) Binder:1296_9 expire 11 lines
06-16 22:02:18.546  1296  7295 I chatty  : uid=1000(system) Binder:1296_16 expire 2 lines
06-16 22:02:18.697  1296  1761 I chatty  : uid=1000(system) watchdog expire 1 line
06-16 22:02:19.300   687   687 W ContextImpl: Calling a method in the system process without a qualified user: android.app.ContextImpl.startService:1760 android.content.ContextWrapper.startService:664 android.content.ContextWrapper.startService:664 com.android.settings.deviceinfo.UsbReceiver.startUsbService:304 com.android.settings.deviceinfo.UsbReceiver.onUsbStateReceive:165 
06-16 22:02:19.306   687   687 W ContextImpl: Calling a method in the system process without a qualified user: android.app.ContextImpl.startService:1760 android.content.ContextWrapper.startService:664 android.content.ContextWrapper.startService:664 com.android.settings.deviceinfo.UsbReceiver.startUsbService:304 com.android.settings.deviceinfo.UsbReceiver.onUsbStateReceive:212 
06-16 22:02:19.337  1296 10355 I NotificationService: enqueueNotificationInternal Channel Info : pkg=com.android.settings id=1000002 importance =1
06-16 22:02:19.605  1296  1867 V ActivityManager: Successfully start provider ContentProviderRecord{47136c4 u0 com.huawei.hidisk/com.huawei.android.hicloud.common.provider.HisyncSwitchStatusProvider} launchingApp=ProcessRecord{fb91956 917:com.huawei.hidisk/1001} caller pid= 29302
06-16 22:02:20.061  1296  1867 I NotificationService: enqueueNotificationInternal: pkg=com.android.settings id=1000002 notification=Notification(channel=SETTINGS_USB pri=1 contentView=null vibrate=null sound=null tick defaults=0x0 flags=0x2 color=0x00000000 vis=PRIVATE)
06-16 22:02:20.061  1296  1867 I NotificationService: enqueueNotificationInternal Channel Info : pkg=com.android.settings id=1000002 importance =1
06-16 22:02:21.036  1296  1315 I StatusBarDisable: setFlags what=0 which=1 pkg=Window{227fdf6 u0 com.android.settings}
06-16 22:02:21.037  1296  7295 V WindowManager: addWindow: Window{227fdf6 u0 com.android.settings}
06-16 22:02:21.287  1296  1315 I StatusBarDisable: setFlags what=0 which=1 pkg=Window{227fdf6 u0 com.android.settings}
06-16 22:02:21.687  1296  1315 I chatty  : uid=1000(system) android.ui identical 3 lines
06-16 22:02:21.707  1296  1315 I StatusBarDisable: setFlags what=0 which=1 pkg=Window{227fdf6 u0 com.android.settings}
06-16 22:02:22.369  1296  7295 D ConnectivityService: listenForNetwork for uid/pid:10085/802 NetworkRequest [ LISTEN id=445, [ Capabilities: INTERNET&NOT_RESTRICTED&TRUSTED&NOT_VPN Uid: 10085] ]
06-16 22:02:22.370  1296  1480 D ConnectivityService: rematching NetworkAgentInfo [WIFI () - 124]
06-16 22:02:22.371  1296  1480 D ConnectivityService:  network has: [ Transports: WIFI Capabilities: NOT_METERED&INTERNET&NOT_RESTRICTED&TRUSTED&NOT_VPN&VALIDATED&NOT_ROAMING&FOREGROUND&NOT_CONGESTED&NOT_SUSPENDED LinkUpBandwidth>=1048576Kbps LinkDnBandwidth>=1048576Kbps SignalStrength: -45 SSID: "TP-LINK-CF"]
06-16 22:02:22.371  1296  1480 D ConnectivityService: Network NetworkAgentInfo [WIFI () - 124] was already satisfying request 10. No change.
06-16 22:02:22.371  1296  1480 D ConnectivityService: Network NetworkAgentInfo [WIFI () - 124] was already satisfying request 174. No change.
06-16 22:02:22.371  1296  1480 D ConnectivityService: Network NetworkAgentInfo [WIFI () - 124] was already satisfying request 5. No change.
06-16 22:02:22.371  1296  1480 D ConnectivityService: Network NetworkAgentInfo [WIFI () - 124] was already satisfying request 135. No change.
06-16 22:02:22.371  1296  1480 D ConnectivityService: Network NetworkAgentInfo [WIFI () - 124] was already satisfying request 16. No change.
06-16 22:02:22.371  1296  1480 D ConnectivityService: Network NetworkAgentInfo [WIFI () - 124] was already satisfying request 8. No change.
06-16 22:02:22.372  1296  1480 D ConnectivityService: Network NetworkAgentInfo [WIFI () - 124] was already satisfying request 1. No change.
06-16 22:02:22.449  1296  7295 I AlarmManager: remove alarm:Alarm{f5ed48a type 0 when 1560695459829 PendingIntent{b7985c3: PendingIntentRecord{aad7566 com.huawei.hidisk broadcastIntent}}com.huawei.hidisk} according to operation:db62ef5
06-16 22:02:22.450  1296  7295 I AlarmManager: adjustDeliveryTimeBasedOnStandbyBucketLocked alarm:Alarm{ef7cafc type 1 when 5000 PendingIntent{3ac0fef: PendingIntentRecord{a426585 com.huawei.hiai broadcastIntent}}com.huawei.hiai}, standbyBucket:40, minElapsed:93600536
06-16 22:02:22.450  1296  7295 I AlarmManager: adjustDeliveryTimeBasedOnStandbyBucketLocked alarm:Alarm{126564a type 2 when 89060961 PendingIntent{8ba4a8e: PendingIntentRecord{8c2f71c com.UCMobile startService}}com.UCMobile}, standbyBucket:40, minElapsed:93754348
06-16 22:02:22.450  1296  7295 I AlarmManager: adjustDeliveryTimeBasedOnStandbyBucketLocked alarm:Alarm{2d979bb type 0 when 1560687371655 PendingIntent{df4454c: PendingIntentRecord{24b427b com.UCMobile startService}}com.UCMobile}, standbyBucket:40, minElapsed:93754348
06-16 22:02:22.451  1296  7295 I AlarmManager: adjustDeliveryTimeBasedOnStandbyBucketLocked alarm:Alarm{5d152d2 type 3 when 87320417 PendingIntent{1c86fa3: PendingIntentRecord{f6d62a0 com.huawei.hiaction startService}}com.huawei.hiaction}, standbyBucket:40, minElapsed:93941254
06-16 22:02:22.451  1296  7295 I AlarmManager: adjustDeliveryTimeBasedOnStandbyBucketLocked alarm:Alarm{f872eaa type 1 when 1560693648319 PendingIntent{e42da9b: PendingIntentRecord{84db5f2 com.ss.android.article.news broadcastIntent}}com.ss.android.article.news}, standbyBucket:40, minElapsed:99551650
06-16 22:02:22.452  1296  7295 I AlarmManager: adjustDeliveryTimeBasedOnStandbyBucketLocked alarm:Alarm{97d1d95 type 2 when 94125951 PendingIntent{3d12f11: PendingIntentRecord{ae6ce87 com.ss.android.article.news startService}}com.ss.android.article.news}, standbyBucket:40, minElapsed:99551650
06-16 22:02:22.452  1296  7295 I AlarmManager: adjustDeliveryTimeBasedOnStandbyBucketLocked alarm:Alarm{4ede1df type 2 when 93526758 PendingIntent{e52fdb3: PendingIntentRecord{e14bf70 com.wudaokou.hippo startService}}com.wudaokou.hippo}, standbyBucket:40, minElapsed:100706862
06-16 22:02:22.452  1296  7295 I AlarmManager: adjustDeliveryTimeBasedOnStandbyBucketLocked alarm:Alarm{60c2dd7 type 2 when 95682134 PendingIntent{f31f653: PendingIntentRecord{8855b90 com.autonavi.minimap startService}}com.autonavi.minimap}, standbyBucket:40, minElapsed:100706906
06-16 22:02:22.453  1296  7295 D SmartHeartBeat: isPendingPackage, false, pkg:com.android.deskclock, action:com.android.deskclock.ALARM_ALERT,not pending alarm with AlarmClockInfo
06-16 22:02:22.782  1296  1867 D ConnectivityService: listenForNetwork for uid/pid:1001/917 NetworkRequest [ LISTEN id=446, [ Capabilities: INTERNET&NOT_RESTRICTED&TRUSTED&NOT_VPN Uid: 1001] ]
06-16 22:02:22.782  1296  1480 D ConnectivityService: rematching NetworkAgentInfo [WIFI () - 124]
06-16 22:02:22.783  1296  1480 D ConnectivityService:  network has: [ Transports: WIFI Capabilities: NOT_METERED&INTERNET&NOT_RESTRICTED&TRUSTED&NOT_VPN&VALIDATED&NOT_ROAMING&FOREGROUND&NOT_CONGESTED&NOT_SUSPENDED LinkUpBandwidth>=1048576Kbps LinkDnBandwidth>=1048576Kbps SignalStrength: -45 SSID: "TP-LINK-CF"]
06-16 22:02:22.783  1296  1480 D ConnectivityService: Network NetworkAgentInfo [WIFI () - 124] was already satisfying request 10. No change.
06-16 22:02:22.783  1296  1480 D ConnectivityService: Network NetworkAgentInfo [WIFI () - 124] was already satisfying request 174. No change.
06-16 22:02:22.783  1296  1480 D ConnectivityService: Network NetworkAgentInfo [WIFI () - 124] was already satisfying request 5. No change.
06-16 22:02:22.783  1296  1480 D ConnectivityService: Network NetworkAgentInfo [WIFI () - 124] was already satisfying request 135. No change.
06-16 22:02:22.783  1296  1480 D ConnectivityService: Network NetworkAgentInfo [WIFI () - 124] was already satisfying request 16. No change.
06-16 22:02:22.783  1296  1480 D ConnectivityService: Network NetworkAgentInfo [WIFI () - 124] was already satisfying request 8. No change.
06-16 22:02:22.783  1296  1480 D ConnectivityService: Network NetworkAgentInfo [WIFI () - 124] was already satisfying request 1. No change.
06-16 22:02:22.964  1296  7295 I AlarmManager: adjustDeliveryTimeBasedOnStandbyBucketLocked alarm:Alarm{ef7cafc type 1 when 5000 PendingIntent{3ac0fef: PendingIntentRecord{a426585 com.huawei.hiai broadcastIntent}}com.huawei.hiai}, standbyBucket:40, minElapsed:93600536
06-16 22:02:22.964  1296  7295 I AlarmManager: adjustDeliveryTimeBasedOnStandbyBucketLocked alarm:Alarm{2d979bb type 0 when 1560687371655 PendingIntent{df4454c: PendingIntentRecord{24b427b com.UCMobile startService}}com.UCMobile}, standbyBucket:40, minElapsed:93754348
06-16 22:02:22.964  1296  7295 I AlarmManager: adjustDeliveryTimeBasedOnStandbyBucketLocked alarm:Alarm{126564a type 2 when 89060961 PendingIntent{8ba4a8e: PendingIntentRecord{8c2f71c com.UCMobile startService}}com.UCMobile}, standbyBucket:40, minElapsed:93754348
06-16 22:02:22.965  1296  7295 I AlarmManager: adjustDeliveryTimeBasedOnStandbyBucketLocked alarm:Alarm{5d152d2 type 3 when 87320417 PendingIntent{1c86fa3: PendingIntentRecord{f6d62a0 com.huawei.hiaction startService}}com.huawei.hiaction}, standbyBucket:40, minElapsed:93941254
06-16 22:02:22.965  1296  7295 I AlarmManager: adjustDeliveryTimeBasedOnStandbyBucketLocked alarm:Alarm{97d1d95 type 2 when 94125951 PendingIntent{3d12f11: PendingIntentRecord{ae6ce87 com.ss.android.article.news startService}}com.ss.android.article.news}, standbyBucket:40, minElapsed:99551650
06-16 22:02:22.966  1296  7295 I AlarmManager: adjustDeliveryTimeBasedOnStandbyBucketLocked alarm:Alarm{f872eaa type 1 when 1560693648319 PendingIntent{e42da9b: PendingIntentRecord{84db5f2 com.ss.android.article.news broadcastIntent}}com.ss.android.article.news}, standbyBucket:40, minElapsed:99551650
06-16 22:02:22.966  1296  7295 I AlarmManager: adjustDeliveryTimeBasedOnStandbyBucketLocked alarm:Alarm{4ede1df type 2 when 93526758 PendingIntent{e52fdb3: PendingIntentRecord{e14bf70 com.wudaokou.hippo startService}}com.wudaokou.hippo}, standbyBucket:40, minElapsed:100706862
06-16 22:02:22.966  1296  7295 I AlarmManager: adjustDeliveryTimeBasedOnStandbyBucketLocked alarm:Alarm{60c2dd7 type 2 when 95682134 PendingIntent{f31f653: PendingIntentRecord{8855b90 com.autonavi.minimap startService}}com.autonavi.minimap}, standbyBucket:40, minElapsed:100706906
06-16 22:02:22.967  1296  7295 D SmartHeartBeat: isPendingPackage, false, pkg:com.android.deskclock, action:com.android.deskclock.ALARM_ALERT,not pending alarm with AlarmClockInfo
06-16 22:02:23.003  1296  7295 W HwAlarmManagerService: isContainsAppUidInWorksource-->happend NameNotFoundException
06-16 22:02:23.003  1296  7295 W HwAlarmManagerService: isContainsAppUidInWorksource-->happend NameNotFoundException
06-16 22:02:23.069   687   687 W ContextImpl: Calling a method in the system process without a qualified user: android.app.ContextImpl.startService:1760 android.content.ContextWrapper.startService:664 android.content.ContextWrapper.startService:664 com.android.settings.deviceinfo.UsbReceiver.startUsbService:304 com.android.settings.deviceinfo.UsbReceiver.onUsbStateReceive:165 
06-16 22:02:23.076   687   687 W ContextImpl: Calling a method in the system process without a qualified user: android.app.ContextImpl.startService:1760 android.content.ContextWrapper.startService:664 android.content.ContextWrapper.startService:664 com.android.settings.deviceinfo.UsbReceiver.startUsbService:304 com.android.settings.deviceinfo.UsbReceiver.onUsbStateReceive:212 
06-16 22:02:23.086  1296  1314 V BroadcastQueue: Finished with ordered broadcast BroadcastRecord{a22f660 u-1 android.hardware.usb.action.USB_STATE}
06-16 22:02:23.433  1296  2326 I HwNetworkPolicy: onTransact, code = 12
06-16 22:02:23.487  1296  2326 V WindowManager: removeIfPossible: Window{227fdf6 u0 com.android.settings}
06-16 22:02:23.491  1296  2326 V WindowManager: Not removing Window{227fdf6 u0 com.android.settings EXITING} due to exit animation 
06-16 22:02:23.492  1296  2326 V HwPhoneWindowManager: updateSystemUiColorLw window=Window{de53b10 u0 com.huawei.android.launcher/com.huawei.android.launcher.unihome.UniHomeLauncher},EmuiStyle=-1,StatusBarColor=0xfff8f8f8,NavigationBarColor=0x0, mLastIsEmuiLightStyle=-1, mForceNotchStatusBar=false
06-16 22:02:23.506   687   687 W ContextImpl: Calling a method in the system process without a qualified user: android.app.ContextImpl.startService:1760 android.content.ContextWrapper.startService:664 com.android.settings.deviceinfo.UsbSettingsService.startShow:805 com.android.settings.deviceinfo.UsbSettingsService.access$2000:64 com.android.settings.deviceinfo.UsbSettingsService$5.onClick:771 
06-16 22:02:23.513  1296  1323 I UsbDeviceManager: Getting setFunction command for 10244
06-16 22:02:23.513   687   687 W ContextImpl: Calling a method in the system process without a qualified user: android.app.ContextImpl.sendBroadcast:1151 android.content.ContextWrapper.sendBroadcast:444 com.android.settings.deviceinfo.UsbSettingsService$5.onClick:774 com.android.settings.deviceinfo.UsbSettingsService$DialogItemListener.onClick:819 com.android.internal.app.AlertController$AlertParams$3.onItemClick:1184 
06-16 22:02:23.514  1296  1323 I UsbDeviceManager: add hdb is hisuite,mtp,mass_storage,hdb
06-16 22:02:23.520  1296  1323 I UsbDeviceManager: Setting USB config to hisuite,mtp,mass_storage,hdb oemFunctions = hisuite,mtp,mass_storage,hdb
06-16 22:02:23.530   687  2061 W ContextImpl: Calling a method in the system process without a qualified user: android.app.ContextImpl.bindService:1840 android.content.ContextWrapper.bindService:698 com.android.settings.decision.DecisionUtil.bindService:58 com.android.settings.decision.TipsRuleService.onHandleIntent:42 android.app.IntentService$ServiceHandler.handleMessage:76 
06-16 22:02:23.545  1639  2027 I CommandQueue: updateBarBgColor
06-16 22:02:23.545  1639  2027 D CommandQueue: CommandQueue, setBarBackgroundColor
06-16 22:02:23.546  1296  1315 I StatusBarDisable: setFlags what=0 which=1 pkg=Window{de53b10 u0 com.huawei.android.launcher/com.huawei.android.launcher.unihome.UniHomeLauncher}
06-16 22:02:23.546  1296  1315 I chatty  : uid=1000(system) android.ui identical 1 line
06-16 22:02:23.546  1296  1315 I StatusBarDisable: setFlags what=0 which=1 pkg=Window{de53b10 u0 com.huawei.android.launcher/com.huawei.android.launcher.unihome.UniHomeLauncher}
06-16 22:02:23.642  1296  2754 E HwUsbHDBManager: Wrong message: count=-1
06-16 22:02:23.653  1296  1424 V WindowManager: Exit animation finished in Window{227fdf6 u0 com.android.settings EXITING}: remove=true
06-16 22:02:23.674  1296  1315 I StatusBarDisable: setFlags what=0 which=1 pkg=Window{de53b10 u0 com.huawei.android.launcher/com.huawei.android.launcher.unihome.UniHomeLauncher}
06-16 22:02:23.678  1296  1424 V WindowManager: postWindowRemoveCleanupLocked: Window{227fdf6 u0 com.android.settings}
06-16 22:02:23.678  1296  1424 V WindowManager: Removing Window{227fdf6 u0 com.android.settings} from WindowToken{725aa91 android.os.BinderProxy@2b00cb8}
06-16 22:02:23.682  1296  1315 I StatusBarDisable: setFlags what=0 which=1 pkg=Window{de53b10 u0 com.huawei.android.launcher/com.huawei.android.launcher.unihome.UniHomeLauncher}
06-16 22:02:23.783  1296  1323 W Looper  : Slow dispatch took 271ms android.fg h=com.android.server.usb.UsbDeviceManager$UsbHandlerLegacy c=null m=2
06-16 22:02:23.907  1296 10355 D PackageManager: resolve intent for uid:10173, matchs:3, res:ResolveInfo{4d755f9 com.huawei.android.launcher/.unihome.UniHomeLauncher m=0x108000}
06-16 22:02:23.911  1296 10355 D PackageManager: resolve intent for uid:10173, matchs:3, res:ResolveInfo{377a93e com.huawei.android.launcher/.unihome.UniHomeLauncher m=0x108000}
06-16 22:02:24.452  1296 10355 I NotificationService: enqueueNotificationInternal: pkg=com.android.settings id=1000002 notification=Notification(channel=SETTINGS_USB pri=1 contentView=null vibrate=null sound=null tick defaults=0x0 flags=0x2 color=0x00000000 vis=PRIVATE)
06-16 22:02:24.453  1296 10355 I NotificationService: enqueueNotificationInternal Channel Info : pkg=com.android.settings id=1000002 importance =1
06-16 22:02:24.937  1296  7295 D ConnectivityService: Returning UNBLOCKED NetworkInfo to uid=10060
06-16 22:02:25.438  1296  1314 I HwFrameworkMonitor: Monitor for 907400003, result=true
06-16 22:02:25.737  1296  1314 I HwFrameworkMonitor: Monitor for 907400003, result=true
06-16 22:02:25.781   687   687 W ContextImpl: Calling a method in the system process without a qualified user: android.app.ContextImpl.startService:1760 android.content.ContextWrapper.startService:664 android.content.ContextWrapper.startService:664 com.android.settings.deviceinfo.UsbReceiver.startUsbService:304 com.android.settings.deviceinfo.UsbReceiver.onUsbStateReceive:165 
06-16 22:02:25.795   687   687 W ContextImpl: Calling a method in the system process without a qualified user: android.app.ContextImpl.startService:1760 android.content.ContextWrapper.startService:664 android.content.ContextWrapper.startService:664 com.android.settings.deviceinfo.UsbReceiver.startUsbService:304 com.android.settings.deviceinfo.UsbReceiver.onUsbStateReceive:212 
06-16 22:02:25.807  1296  1314 V BroadcastQueue: Finished with ordered broadcast BroadcastRecord{1739366 u-1 android.hardware.usb.action.USB_STATE}
06-16 22:02:26.319  1296  1867 I AlarmManager: adjustDeliveryTimeBasedOnStandbyBucketLocked alarm:Alarm{ef7cafc type 1 when 5000 PendingIntent{3ac0fef: PendingIntentRecord{a426585 com.huawei.hiai broadcastIntent}}com.huawei.hiai}, standbyBucket:40, minElapsed:93600536
06-16 22:02:26.320  1296  1867 I AlarmManager: adjustDeliveryTimeBasedOnStandbyBucketLocked alarm:Alarm{126564a type 2 when 89060961 PendingIntent{8ba4a8e: PendingIntentRecord{8c2f71c com.UCMobile startService}}com.UCMobile}, standbyBucket:40, minElapsed:93754348
06-16 22:02:26.320  1296  1867 I AlarmManager: adjustDeliveryTimeBasedOnStandbyBucketLocked alarm:Alarm{2d979bb type 0 when 1560687371655 PendingIntent{df4454c: PendingIntentRecord{24b427b com.UCMobile startService}}com.UCMobile}, standbyBucket:40, minElapsed:93754348
06-16 22:02:26.320  1296  1867 I AlarmManager: adjustDeliveryTimeBasedOnStandbyBucketLocked alarm:Alarm{5d152d2 type 3 when 87320417 PendingIntent{1c86fa3: PendingIntentRecord{f6d62a0 com.huawei.hiaction startService}}com.huawei.hiaction}, standbyBucket:40, minElapsed:93941254
06-16 22:02:26.321  1296  1867 I AlarmManager: adjustDeliveryTimeBasedOnStandbyBucketLocked alarm:Alarm{f872eaa type 1 when 1560693648319 PendingIntent{e42da9b: PendingIntentRecord{84db5f2 com.ss.android.article.news broadcastIntent}}com.ss.android.article.news}, standbyBucket:40, minElapsed:99551650
06-16 22:02:26.321  1296  1867 I AlarmManager: adjustDeliveryTimeBasedOnStandbyBucketLocked alarm:Alarm{97d1d95 type 2 when 94125951 PendingIntent{3d12f11: PendingIntentRecord{ae6ce87 com.ss.android.article.news startService}}com.ss.android.article.news}, standbyBucket:40, minElapsed:99551650
06-16 22:02:26.322  1296  1867 I AlarmManager: adjustDeliveryTimeBasedOnStandbyBucketLocked alarm:Alarm{4ede1df type 2 when 93526758 PendingIntent{e52fdb3: PendingIntentRecord{e14bf70 com.wudaokou.hippo startService}}com.wudaokou.hippo}, standbyBucket:40, minElapsed:100706862
06-16 22:02:26.322  1296  1867 I AlarmManager: adjustDeliveryTimeBasedOnStandbyBucketLocked alarm:Alarm{60c2dd7 type 2 when 95682134 PendingIntent{f31f653: PendingIntentRecord{8855b90 com.autonavi.minimap startService}}com.autonavi.minimap}, standbyBucket:40, minElapsed:100706906
06-16 22:02:26.323  1296  1867 D SmartHeartBeat: isPendingPackage, false, pkg:com.android.deskclock, action:com.android.deskclock.ALARM_ALERT,not pending alarm with AlarmClockInfo
06-16 22:02:26.368  1296  1867 W HwAlarmManagerService: isContainsAppUidInWorksource-->happend NameNotFoundException
06-16 22:02:26.368  1296  1867 W HwAlarmManagerService: isContainsAppUidInWorksource-->happend NameNotFoundException
06-16 22:02:26.442  1296  1296 D JobScheduler: Maybe queuing ready jobs...
06-16 22:02:26.448  1296  1296 V ActivityManager: startProcess: name=com.huawei.contacts.sync app=null knownToBeDead=true thread=null pid=-1
06-16 22:02:26.491  1296  1317 I ActivityManager: Start proc 2249:com.huawei.contacts.sync/u0a1 for service com.huawei.contacts.sync/.ContactSyncJobService
06-16 22:02:26.494  1296  1796 E ProcessInfoCollector: getProcessInfo: failed to find this proc 
06-16 22:02:26.512  2249  2249 D ActivityThread: Attach thread to application
06-16 22:02:26.533  1296  1867 W HwAlarmManagerService: isContainsAppUidInWorksource-->happend NameNotFoundException
06-16 22:02:26.534  1296  1867 W HwAlarmManagerService: isContainsAppUidInWorksource-->happend NameNotFoundException
06-16 22:02:26.535  1296  1867 I AlarmManager: adjustDeliveryTimeBasedOnStandbyBucketLocked alarm:Alarm{ef7cafc type 1 when 5000 PendingIntent{3ac0fef: PendingIntentRecord{a426585 com.huawei.hiai broadcastIntent}}com.huawei.hiai}, standbyBucket:40, minElapsed:93600536
06-16 22:02:26.536  1296  1867 I AlarmManager: adjustDeliveryTimeBasedOnStandbyBucketLocked alarm:Alarm{2d979bb type 0 when 1560687371655 PendingIntent{df4454c: PendingIntentRecord{24b427b com.UCMobile startService}}com.UCMobile}, standbyBucket:40, minElapsed:93754348
06-16 22:02:26.536  1296  1867 I AlarmManager: adjustDeliveryTimeBasedOnStandbyBucketLocked alarm:Alarm{126564a type 2 when 89060961 PendingIntent{8ba4a8e: PendingIntentRecord{8c2f71c com.UCMobile startService}}com.UCMobile}, standbyBucket:40, minElapsed:93754348
06-16 22:02:26.536  1296  1867 I AlarmManager: adjustDeliveryTimeBasedOnStandbyBucketLocked alarm:Alarm{5d152d2 type 3 when 87320417 PendingIntent{1c86fa3: PendingIntentRecord{f6d62a0 com.huawei.hiaction startService}}com.huawei.hiaction}, standbyBucket:40, minElapsed:93941254
06-16 22:02:26.537  1296  1867 I AlarmManager: adjustDeliveryTimeBasedOnStandbyBucketLocked alarm:Alarm{97d1d95 type 2 when 94125951 PendingIntent{3d12f11: PendingIntentRecord{ae6ce87 com.ss.android.article.news startService}}com.ss.android.article.news}, standbyBucket:40, minElapsed:99551650
06-16 22:02:26.538  1296  1867 I AlarmManager: adjustDeliveryTimeBasedOnStandbyBucketLocked alarm:Alarm{f872eaa type 1 when 1560693648319 PendingIntent{e42da9b: PendingIntentRecord{84db5f2 com.ss.android.article.news broadcastIntent}}com.ss.android.article.news}, standbyBucket:40, minElapsed:99551650
06-16 22:02:26.538  1296  1867 I AlarmManager: adjustDeliveryTimeBasedOnStandbyBucketLocked alarm:Alarm{4ede1df type 2 when 93526758 PendingIntent{e52fdb3: PendingIntentRecord{e14bf70 com.wudaokou.hippo startService}}com.wudaokou.hippo}, standbyBucket:40, minElapsed:100706862
06-16 22:02:26.538  1296  1867 I AlarmManager: adjustDeliveryTimeBasedOnStandbyBucketLocked alarm:Alarm{60c2dd7 type 2 when 95682134 PendingIntent{f31f653: PendingIntentRecord{8855b90 com.autonavi.minimap startService}}com.autonavi.minimap}, standbyBucket:40, minElapsed:100706906
06-16 22:02:26.539  1296  1867 D SmartHeartBeat: isPendingPackage, false, pkg:com.android.deskclock, action:com.android.deskclock.ALARM_ALERT,not pending alarm with AlarmClockInfo
06-16 22:02:26.543  1296  1867 I HwAlarmManagerService: hwSetAlarm listenerTag: *job.delay*
06-16 22:02:26.544  1296  1867 I JobScheduler.Time: mNextDelayExpiredElapsedMillis: 93522900
06-16 22:02:26.583  1296  7295 W HwAlarmManagerService: isContainsAppUidInWorksource-->happend NameNotFoundException
06-16 22:02:26.584  1296  7295 W HwAlarmManagerService: isContainsAppUidInWorksource-->happend NameNotFoundException
06-16 22:02:26.592  1296  7295 I AlarmManager: adjustDeliveryTimeBasedOnStandbyBucketLocked alarm:Alarm{ef7cafc type 1 when 5000 PendingIntent{3ac0fef: PendingIntentRecord{a426585 com.huawei.hiai broadcastIntent}}com.huawei.hiai}, standbyBucket:40, minElapsed:93600536
06-16 22:02:26.592  1296  7295 I AlarmManager: adjustDeliveryTimeBasedOnStandbyBucketLocked alarm:Alarm{126564a type 2 when 89060961 PendingIntent{8ba4a8e: PendingIntentRecord{8c2f71c com.UCMobile startService}}com.UCMobile}, standbyBucket:40, minElapsed:93754348
06-16 22:02:26.592  1296  7295 I AlarmManager: adjustDeliveryTimeBasedOnStandbyBucketLocked alarm:Alarm{2d979bb type 0 when 1560687371655 PendingIntent{df4454c: PendingIntentRecord{24b427b com.UCMobile startService}}com.UCMobile}, standbyBucket:40, minElapsed:93754348
06-16 22:02:26.592  1296  7295 I AlarmManager: adjustDeliveryTimeBasedOnStandbyBucketLocked alarm:Alarm{5d152d2 type 3 when 87320417 PendingIntent{1c86fa3: PendingIntentRecord{f6d62a0 com.huawei.hiaction startService}}com.huawei.hiaction}, standbyBucket:40, minElapsed:93941254
06-16 22:02:26.593  1296  7295 I AlarmManager: adjustDeliveryTimeBasedOnStandbyBucketLocked alarm:Alarm{f872eaa type 1 when 1560693648319 PendingIntent{e42da9b: PendingIntentRecord{84db5f2 com.ss.android.article.news broadcastIntent}}com.ss.android.article.news}, standbyBucket:40, minElapsed:99551650
06-16 22:02:26.593  1296  7295 I AlarmManager: adjustDeliveryTimeBasedOnStandbyBucketLocked alarm:Alarm{97d1d95 type 2 when 94125951 PendingIntent{3d12f11: PendingIntentRecord{ae6ce87 com.ss.android.article.news startService}}com.ss.android.article.news}, standbyBucket:40, minElapsed:99551650
06-16 22:02:26.593  1296  7295 I AlarmManager: adjustDeliveryTimeBasedOnStandbyBucketLocked alarm:Alarm{4ede1df type 2 when 93526758 PendingIntent{e52fdb3: PendingIntentRecord{e14bf70 com.wudaokou.hippo startService}}com.wudaokou.hippo}, standbyBucket:40, minElapsed:100706862
06-16 22:02:26.593  1296  7295 I AlarmManager: adjustDeliveryTimeBasedOnStandbyBucketLocked alarm:Alarm{60c2dd7 type 2 when 95682134 PendingIntent{f31f653: PendingIntentRecord{8855b90 com.autonavi.minimap startService}}com.autonavi.minimap}, standbyBucket:40, minElapsed:100706906
06-16 22:02:26.593  1296  7295 D SmartHeartBeat: isPendingPackage, false, pkg:com.android.deskclock, action:com.android.deskclock.ALARM_ALERT,not pending alarm with AlarmClockInfo
06-16 22:02:26.596  1296  7295 I HwAlarmManagerService: hwSetAlarm listenerTag: *job.delay*
06-16 22:02:26.596  1296  7295 I JobScheduler.Time: mNextDelayExpiredElapsedMillis: 93631836
06-16 22:02:26.599  1296  1296 D JobScheduler: queuing all ready jobs for execution:
06-16 22:02:27.245  1296  1867 I AlarmManager: adjustDeliveryTimeBasedOnStandbyBucketLocked alarm:Alarm{ef7cafc type 1 when 5000 PendingIntent{3ac0fef: PendingIntentRecord{a426585 com.huawei.hiai broadcastIntent}}com.huawei.hiai}, standbyBucket:40, minElapsed:93600536
06-16 22:02:27.245  1296  1867 I AlarmManager: adjustDeliveryTimeBasedOnStandbyBucketLocked alarm:Alarm{2d979bb type 0 when 1560687371655 PendingIntent{df4454c: PendingIntentRecord{24b427b com.UCMobile startService}}com.UCMobile}, standbyBucket:40, minElapsed:93754348
06-16 22:02:27.246  1296  1867 I AlarmManager: adjustDeliveryTimeBasedOnStandbyBucketLocked alarm:Alarm{126564a type 2 when 89060961 PendingIntent{8ba4a8e: PendingIntentRecord{8c2f71c com.UCMobile startService}}com.UCMobile}, standbyBucket:40, minElapsed:93754348
06-16 22:02:27.246  1296  1867 I AlarmManager: adjustDeliveryTimeBasedOnStandbyBucketLocked alarm:Alarm{5d152d2 type 3 when 87320417 PendingIntent{1c86fa3: PendingIntentRecord{f6d62a0 com.huawei.hiaction startService}}com.huawei.hiaction}, standbyBucket:40, minElapsed:93941254
06-16 22:02:27.247  1296  1867 I AlarmManager: adjustDeliveryTimeBasedOnStandbyBucketLocked alarm:Alarm{97d1d95 type 2 when 94125951 PendingIntent{3d12f11: PendingIntentRecord{ae6ce87 com.ss.android.article.news startService}}com.ss.android.article.news}, standbyBucket:40, minElapsed:99551650
06-16 22:02:27.247  1296  1867 I AlarmManager: adjustDeliveryTimeBasedOnStandbyBucketLocked alarm:Alarm{f872eaa type 1 when 1560693648319 PendingIntent{e42da9b: PendingIntentRecord{84db5f2 com.ss.android.article.news broadcastIntent}}com.ss.android.article.news}, standbyBucket:40, minElapsed:99551650
06-16 22:02:27.248  1296  1867 I AlarmManager: adjustDeliveryTimeBasedOnStandbyBucketLocked alarm:Alarm{4ede1df type 2 when 93526758 PendingIntent{e52fdb3: PendingIntentRecord{e14bf70 com.wudaokou.hippo startService}}com.wudaokou.hippo}, standbyBucket:40, minElapsed:100706862
06-16 22:02:27.248  1296  1867 I AlarmManager: adjustDeliveryTimeBasedOnStandbyBucketLocked alarm:Alarm{60c2dd7 type 2 when 95682134 PendingIntent{f31f653: PendingIntentRecord{8855b90 com.autonavi.minimap startService}}com.autonavi.minimap}, standbyBucket:40, minElapsed:100706906
06-16 22:02:27.248  1296  1867 D SmartHeartBeat: isPendingPackage, false, pkg:com.android.deskclock, action:com.android.deskclock.ALARM_ALERT,not pending alarm with AlarmClockInfo
06-16 22:02:27.282  1296  7295 W HwAlarmManagerService: isContainsAppUidInWorksource-->happend NameNotFoundException
06-16 22:02:27.282  1296  7295 W HwAlarmManagerService: isContainsAppUidInWorksource-->happend NameNotFoundException
06-16 22:02:27.562   687   687 W ContextImpl: Calling a method in the system process without a qualified user: android.app.ContextImpl.startService:1760 android.content.ContextWrapper.startService:664 android.content.ContextWrapper.startService:664 com.android.settings.deviceinfo.UsbReceiver.startUsbService:304 com.android.settings.deviceinfo.UsbReceiver.onUsbStateReceive:165 
06-16 22:02:27.565   687   687 W ContextImpl: Calling a method in the system process without a qualified user: android.app.ContextImpl.startService:1760 android.content.ContextWrapper.startService:664 android.content.ContextWrapper.startService:664 com.android.settings.deviceinfo.UsbReceiver.startUsbService:304 com.android.settings.deviceinfo.UsbReceiver.onUsbStateReceive:212 
06-16 22:02:27.572  1296  1314 V BroadcastQueue: Finished with ordered broadcast BroadcastRecord{ae3cfe0 u-1 android.hardware.usb.action.USB_STATE}
06-16 22:02:27.608   687   687 W ContextImpl: Calling a method in the system process without a qualified user: android.app.ContextImpl.startService:1760 android.content.ContextWrapper.startService:664 android.content.ContextWrapper.startService:664 com.android.settings.deviceinfo.UsbReceiver.startUsbService:304 com.android.settings.deviceinfo.UsbReceiver.onUsbStateReceive:165 
06-16 22:02:27.612   687   687 W ContextImpl: Calling a method in the system process without a qualified user: android.app.ContextImpl.startService:1760 android.content.ContextWrapper.startService:664 android.content.ContextWrapper.startService:664 com.android.settings.deviceinfo.UsbReceiver.startUsbService:304 com.android.settings.deviceinfo.UsbReceiver.onUsbStateReceive:212 
06-16 22:02:27.619  1296  1314 V BroadcastQueue: Finished with ordered broadcast BroadcastRecord{395f299 u-1 android.hardware.usb.action.USB_STATE}
06-16 22:02:27.706  1296  1867 I AlarmManager: adjustDeliveryTimeBasedOnStandbyBucketLocked alarm:Alarm{ef7cafc type 1 when 5000 PendingIntent{3ac0fef: PendingIntentRecord{a426585 com.huawei.hiai broadcastIntent}}com.huawei.hiai}, standbyBucket:40, minElapsed:93600536
06-16 22:02:27.707  1296  1867 I AlarmManager: adjustDeliveryTimeBasedOnStandbyBucketLocked alarm:Alarm{126564a type 2 when 89060961 PendingIntent{8ba4a8e: PendingIntentRecord{8c2f71c com.UCMobile startService}}com.UCMobile}, standbyBucket:40, minElapsed:93754348
06-16 22:02:27.707  1296  1867 I AlarmManager: adjustDeliveryTimeBasedOnStandbyBucketLocked alarm:Alarm{2d979bb type 0 when 1560687371655 PendingIntent{df4454c: PendingIntentRecord{24b427b com.UCMobile startService}}com.UCMobile}, standbyBucket:40, minElapsed:93754348
06-16 22:02:27.708  1296  1867 I AlarmManager: adjustDeliveryTimeBasedOnStandbyBucketLocked alarm:Alarm{5d152d2 type 3 when 87320417 PendingIntent{1c86fa3: PendingIntentRecord{f6d62a0 com.huawei.hiaction startService}}com.huawei.hiaction}, standbyBucket:40, minElapsed:93941254
06-16 22:02:27.709  1296  1867 I AlarmManager: adjustDeliveryTimeBasedOnStandbyBucketLocked alarm:Alarm{f872eaa type 1 when 1560693648319 PendingIntent{e42da9b: PendingIntentRecord{84db5f2 com.ss.android.article.news broadcastIntent}}com.ss.android.article.news}, standbyBucket:40, minElapsed:99551650
06-16 22:02:27.709  1296  1867 I AlarmManager: adjustDeliveryTimeBasedOnStandbyBucketLocked alarm:Alarm{97d1d95 type 2 when 94125951 PendingIntent{3d12f11: PendingIntentRecord{ae6ce87 com.ss.android.article.news startService}}com.ss.android.article.news}, standbyBucket:40, minElapsed:99551650
06-16 22:02:27.711  1296  1867 I AlarmManager: adjustDeliveryTimeBasedOnStandbyBucketLocked alarm:Alarm{4ede1df type 2 when 93526758 PendingIntent{e52fdb3: PendingIntentRecord{e14bf70 com.wudaokou.hippo startService}}com.wudaokou.hippo}, standbyBucket:40, minElapsed:100706862
06-16 22:02:27.712  1296  1867 I AlarmManager: adjustDeliveryTimeBasedOnStandbyBucketLocked alarm:Alarm{60c2dd7 type 2 when 95682134 PendingIntent{f31f653: PendingIntentRecord{8855b90 com.autonavi.minimap startService}}com.autonavi.minimap}, standbyBucket:40, minElapsed:100706906
06-16 22:02:27.712  1296  1867 D SmartHeartBeat: isPendingPackage, false, pkg:com.android.deskclock, action:com.android.deskclock.ALARM_ALERT,not pending alarm with AlarmClockInfo
06-16 22:02:27.750  1296  2326 W HwAlarmManagerService: isContainsAppUidInWorksource-->happend NameNotFoundException
06-16 22:02:27.750  1296  2326 W HwAlarmManagerService: isContainsAppUidInWorksource-->happend NameNotFoundException
06-16 22:02:28.131  1296  1306 I AlarmManager: adjustDeliveryTimeBasedOnStandbyBucketLocked alarm:Alarm{ef7cafc type 1 when 5000 PendingIntent{3ac0fef: PendingIntentRecord{a426585 com.huawei.hiai broadcastIntent}}com.huawei.hiai}, standbyBucket:40, minElapsed:93600536
06-16 22:02:28.132  1296  1306 I AlarmManager: adjustDeliveryTimeBasedOnStandbyBucketLocked alarm:Alarm{2d979bb type 0 when 1560687371655 PendingIntent{df4454c: PendingIntentRecord{24b427b com.UCMobile startService}}com.UCMobile}, standbyBucket:40, minElapsed:93754348
06-16 22:02:28.132  1296  1306 I AlarmManager: adjustDeliveryTimeBasedOnStandbyBucketLocked alarm:Alarm{126564a type 2 when 89060961 PendingIntent{8ba4a8e: PendingIntentRecord{8c2f71c com.UCMobile startService}}com.UCMobile}, standbyBucket:40, minElapsed:93754348
06-16 22:02:28.132  1296  1306 I AlarmManager: adjustDeliveryTimeBasedOnStandbyBucketLocked alarm:Alarm{5d152d2 type 3 when 87320417 PendingIntent{1c86fa3: PendingIntentRecord{f6d62a0 com.huawei.hiaction startService}}com.huawei.hiaction}, standbyBucket:40, minElapsed:93941254
06-16 22:02:28.133  1296  1306 I AlarmManager: adjustDeliveryTimeBasedOnStandbyBucketLocked alarm:Alarm{97d1d95 type 2 when 94125951 PendingIntent{3d12f11: PendingIntentRecord{ae6ce87 com.ss.android.article.news startService}}com.ss.android.article.news}, standbyBucket:40, minElapsed:99551650
06-16 22:02:28.133  1296  1306 I AlarmManager: adjustDeliveryTimeBasedOnStandbyBucketLocked alarm:Alarm{f872eaa type 1 when 1560693648319 PendingIntent{e42da9b: PendingIntentRecord{84db5f2 com.ss.android.article.news broadcastIntent}}com.ss.android.article.news}, standbyBucket:40, minElapsed:99551650
06-16 22:02:28.133  1296  1306 I AlarmManager: adjustDeliveryTimeBasedOnStandbyBucketLocked alarm:Alarm{4ede1df type 2 when 93526758 PendingIntent{e52fdb3: PendingIntentRecord{e14bf70 com.wudaokou.hippo startService}}com.wudaokou.hippo}, standbyBucket:40, minElapsed:100706862
06-16 22:02:28.133  1296  1306 I AlarmManager: adjustDeliveryTimeBasedOnStandbyBucketLocked alarm:Alarm{60c2dd7 type 2 when 95682134 PendingIntent{f31f653: PendingIntentRecord{8855b90 com.autonavi.minimap startService}}com.autonavi.minimap}, standbyBucket:40, minElapsed:100706906
06-16 22:02:28.134  1296  1306 D SmartHeartBeat: isPendingPackage, false, pkg:com.android.deskclock, action:com.android.deskclock.ALARM_ALERT,not pending alarm with AlarmClockInfo
06-16 22:02:28.172  1296  7295 W HwAlarmManagerService: isContainsAppUidInWorksource-->happend NameNotFoundException
06-16 22:02:28.173  1296  7295 W HwAlarmManagerService: isContainsAppUidInWorksource-->happend NameNotFoundException
06-16 22:02:28.268  1296  1867 V BroadcastQueue: Finished with ordered broadcast BroadcastRecord{c5271d3 u0 null}
06-16 22:02:28.295  1296  1296 D JobScheduler: queuing all ready jobs for execution:
06-16 22:02:28.325  1296  2326 I NotificationService: enqueueNotificationInternal: pkg=com.android.settings id=1000002 notification=Notification(channel=SETTINGS_USB pri=1 contentView=null vibrate=null sound=null tick defaults=0x0 flags=0x2 color=0x00000000 vis=PRIVATE)
06-16 22:02:28.326  1296  2326 I NotificationService: enqueueNotificationInternal Channel Info : pkg=com.android.settings id=1000002 importance =1
06-16 22:02:28.510  1296  1867 D ConnectivityService: listenForNetwork for uid/pid:10173/1359 NetworkRequest [ LISTEN id=447, [ Capabilities: NOT_RESTRICTED&TRUSTED&NOT_VPN Uid: 10173] ]
06-16 22:02:28.510  1296  1480 D ConnectivityService: rematching NetworkAgentInfo [WIFI () - 124]
06-16 22:02:28.511  1296  1480 D ConnectivityService:  network has: [ Transports: WIFI Capabilities: NOT_METERED&INTERNET&NOT_RESTRICTED&TRUSTED&NOT_VPN&VALIDATED&NOT_ROAMING&FOREGROUND&NOT_CONGESTED&NOT_SUSPENDED LinkUpBandwidth>=1048576Kbps LinkDnBandwidth>=1048576Kbps SignalStrength: -45 SSID: "TP-LINK-CF"]
06-16 22:02:28.511  1296  1480 D ConnectivityService: Network NetworkAgentInfo [WIFI () - 124] was already satisfying request 10. No change.
06-16 22:02:28.511  1296  1480 D ConnectivityService: Network NetworkAgentInfo [WIFI () - 124] was already satisfying request 174. No change.
06-16 22:02:28.511  1296  1480 D ConnectivityService: Network NetworkAgentInfo [WIFI () - 124] was already satisfying request 5. No change.
06-16 22:02:28.511  1296  1480 D ConnectivityService: Network NetworkAgentInfo [WIFI () - 124] was already satisfying request 135. No change.
06-16 22:02:28.511  1296  1480 D ConnectivityService: Network NetworkAgentInfo [WIFI () - 124] was already satisfying request 16. No change.
06-16 22:02:28.511  1296  1480 D ConnectivityService: Network NetworkAgentInfo [WIFI () - 124] was already satisfying request 8. No change.
06-16 22:02:28.511  1296  1480 D ConnectivityService: Network NetworkAgentInfo [WIFI () - 124] was already satisfying request 1. No change.
06-16 22:02:28.764  1296  1867 D PackageManager: resolve intent for uid:10173, matchs:3, res:ResolveInfo{fd51e27 com.huawei.android.launcher/.unihome.UniHomeLauncher m=0x108000}
06-16 22:02:28.823  1296  1867 D ConnectivityService: Network is BLOCKED, uid = 10136
06-16 22:02:29.124  1296  1306 I ActivityManager: App 10081/com.android.browser targets O+, restricted
06-16 22:02:29.124  1296  1306 W BroadcastQueue: Background execution not allowed: receiving Intent { act=android.intent.action.ACTION_POWER_CONNECTED flg=0x4000010 (has extras) } to com.android.browser/com.tencent.mtt.browser.push.service.ConnectivityReceiver
06-16 22:02:29.126  1296  1314 V ActivityManager: startProcess: name=com.android.gallery3d app=null knownToBeDead=true thread=null pid=-1
06-16 22:02:29.147  1296  1317 I ActivityManager: Start proc 2749:com.android.gallery3d/u0a17 for broadcast com.android.gallery3d/com.huawei.gallery.phonestatus.PowerStateReceiver
06-16 22:02:29.148  1296  1796 E ProcessInfoCollector: getProcessInfo: failed to find this proc 
06-16 22:02:29.158  2749  2749 D ActivityThread: Attach thread to application
06-16 22:02:29.183  1296 10355 I AlarmManager: adjustDeliveryTimeBasedOnStandbyBucketLocked alarm:Alarm{ef7cafc type 1 when 5000 PendingIntent{3ac0fef: PendingIntentRecord{a426585 com.huawei.hiai broadcastIntent}}com.huawei.hiai}, standbyBucket:40, minElapsed:93600536
06-16 22:02:29.183  1296 10355 I AlarmManager: adjustDeliveryTimeBasedOnStandbyBucketLocked alarm:Alarm{126564a type 2 when 89060961 PendingIntent{8ba4a8e: PendingIntentRecord{8c2f71c com.UCMobile startService}}com.UCMobile}, standbyBucket:40, minElapsed:93754348
06-16 22:02:29.183  1296 10355 I AlarmManager: adjustDeliveryTimeBasedOnStandbyBucketLocked alarm:Alarm{2d979bb type 0 when 1560687371655 PendingIntent{df4454c: PendingIntentRecord{24b427b com.UCMobile startService}}com.UCMobile}, standbyBucket:40, minElapsed:93754348
06-16 22:02:29.184  1296 10355 I AlarmManager: adjustDeliveryTimeBasedOnStandbyBucketLocked alarm:Alarm{5d152d2 type 3 when 87320417 PendingIntent{1c86fa3: PendingIntentRecord{f6d62a0 com.huawei.hiaction startService}}com.huawei.hiaction}, standbyBucket:40, minElapsed:93941254
06-16 22:02:29.184  1296 10355 I AlarmManager: adjustDeliveryTimeBasedOnStandbyBucketLocked alarm:Alarm{f872eaa type 1 when 1560693648319 PendingIntent{e42da9b: PendingIntentRecord{84db5f2 com.ss.android.article.news broadcastIntent}}com.ss.android.article.news}, standbyBucket:40, minElapsed:99551650
06-16 22:02:29.184  1296 10355 I AlarmManager: adjustDeliveryTimeBasedOnStandbyBucketLocked alarm:Alarm{97d1d95 type 2 when 94125951 PendingIntent{3d12f11: PendingIntentRecord{ae6ce87 com.ss.android.article.news startService}}com.ss.android.article.news}, standbyBucket:40, minElapsed:99551650
06-16 22:02:29.184  1296 10355 I AlarmManager: adjustDeliveryTimeBasedOnStandbyBucketLocked alarm:Alarm{4ede1df type 2 when 93526758 PendingIntent{e52fdb3: PendingIntentRecord{e14bf70 com.wudaokou.hippo startService}}com.wudaokou.hippo}, standbyBucket:40, minElapsed:100706862
06-16 22:02:29.184  1296 10355 I AlarmManager: adjustDeliveryTimeBasedOnStandbyBucketLocked alarm:Alarm{60c2dd7 type 2 when 95682134 PendingIntent{f31f653: PendingIntentRecord{8855b90 com.autonavi.minimap startService}}com.autonavi.minimap}, standbyBucket:40, minElapsed:100706906
06-16 22:02:29.184  1296 10355 D SmartHeartBeat: isPendingPackage, false, pkg:com.android.deskclock, action:com.android.deskclock.ALARM_ALERT,not pending alarm with AlarmClockInfo
