06-12 22:44:08.407  2960  3094 W JankService: processEntry, not beta version or commercial log off
06-12 22:44:08.408   605   868 D         : doWinFrameOptStatusRecog begin to recog Layer result=2
06-12 22:44:08.444   568  7898 I GRALLOC : getCallingPid=605, shrFd=31,fmt=0x1,intFmt=0x200000001,btStrd=4352,size=8486912,pid=568 
06-12 22:44:08.444   568  7898 I GRALLOC : 	 yuv=2,w=1080,h=1920,Stride u=0 v=0,offset u=0 v=0 
06-12 22:44:08.444   568  7898 I GRALLOC : 	 iova_size=8486912,conUsg=0xb00,proUsg=0xb00,	 strd=1088,[afbc]HdrStrd=1088 PyldStrd=69632 Scrmbl=2,ionhnd = 1 
06-12 22:44:08.448 11701 11701 I HuaweiIME: SysInfo.getSysParam: orientation=1||config d=3.0,w=1080,h=1920||metrics d=3.0,w=1080,h=1920||sdk=28,bar_h=72||appScale=3.3,sysScale=3.0||isMultiWin=false,isPadMode=false, boardw=1080, boardH=705, candH=130
06-12 22:44:08.464   568  7898 I GRALLOC : getCallingPid=605, shrFd=31,fmt=0x1,intFmt=0x200000001,btStrd=4352,size=8486912,pid=568 
06-12 22:44:08.464   568  7898 I GRALLOC : 	 yuv=2,w=1080,h=1920,Stride u=0 v=0,offset u=0 v=0 
06-12 22:44:08.464   568  7898 I GRALLOC : 	 iova_size=8486912,conUsg=0xb00,proUsg=0xb00,	 strd=1088,[afbc]HdrStrd=1088 PyldStrd=69632 Scrmbl=2,ionhnd = 1 
06-12 22:44:08.505   704   732 I AwareLog: HibSTrategy::HibStrategySwapCandidateProcessAdd packagename com.huawei.hitouch
06-12 22:44:08.546  2583 23163 I chatty  : uid=1000(system) Binder:2583_C expire 2 lines
06-12 22:44:08.564   704  3598 I AwareLog: HibStrategy::HibStrategySwapCandidateProcessRemove packagename is com.huawei.hitouch
06-12 22:44:08.564   704  3598 I AwareLog: HiberManagerService::sendMessagetoHiberTask successful
06-12 22:44:08.585   704   732 I AwareLog: HibSTrategy::HibStrategySwapCandidateProcessAdd packagename com.example.android.notepad
06-12 22:44:08.622 11321 11321 D AwareBitmapCacher: handleInit disable com.huawei.android.dsdscardmanager
06-12 22:44:08.681 11299 11307 W System  : A resource failed to call close. 
06-12 22:44:08.776   704  3598 I AwareLog: HiberManagerService::do_reclaim ok, pid=11159, reclaimAll = 1
06-12 22:44:08.777   704  3598 I AwareLog: HiberManagerService::getReclaimResult:reclaim_kb=7912, swap_kb=5692, swap_us=111444
06-12 22:44:08.777   704  3598 I AwareLog: HibStrategy::HibStrategySwapCandidateProcessRemove packagename is com.example.android.notepad
06-12 22:44:08.777   704  3598 I AwareLog: HiberManagerService::sendMessagetoHiberTask successful
06-12 22:44:08.824  1306  2212 I chatty  : uid=1000(system) WifiService expire 68 lines
06-12 22:44:08.890 11338 11338 D AwareBitmapCacher: handleInit disable com.huawei.android.hwouc
06-12 22:44:08.923 11470 11470 E JankService: child Thread receive to stop
06-12 22:44:09.028  2960  3093 E JankService: all data read ok
06-12 22:44:09.313 11359 11359 D AwareBitmapCacher: handleInit system app disable uid=1000
06-12 22:44:09.963   596   596 E WifiHAL : enter wifi_get_link_stats
06-12 22:44:09.980  1306  2213 I chatty  : uid=1000(system) WifiStateMachin expire 77 lines
06-12 22:44:10.620   605   868 D         : doWinFrameOptStatusRecog begin to recog Layer result=2
06-12 22:44:10.665 10277 11471 I chatty  : uid=1000(system) com.android.settings expire 1 line
06-12 22:44:10.702   605   605 D SurfaceFlinger: duplicate layer name: changing com.android.settings/com.android.settings.Settings$DevelopmentSettingsActivity to com.android.settings/com.android.settings.Settings$DevelopmentSettingsActivity#1
06-12 22:44:10.705   605   868 D         : doWinFrameOptStatusRecog begin to recog Layer result=2
06-12 22:44:10.722   568  7898 I GRALLOC : getCallingPid=605, shrFd=31,fmt=0x1,intFmt=0x1,btStrd=4352,size=2351104,pid=568 
06-12 22:44:10.722   568  7898 I GRALLOC : 	 yuv=2,w=1080,h=540,Stride u=0 v=0,offset u=0 v=0 
06-12 22:44:10.722   568  7898 I GRALLOC : 	 iova_size=2351104,conUsg=0x900,proUsg=0x900,	 strd=1088,[afbc]HdrStrd=0 PyldStrd=0 Scrmbl=0,ionhnd = 1 
06-12 22:44:10.726   568   969 I GRALLOC : getCallingPid=605, shrFd=33,fmt=0x1,intFmt=0x1,btStrd=4352,size=2351104,pid=568 
06-12 22:44:10.726   568   969 I GRALLOC : 	 yuv=2,w=1080,h=540,Stride u=0 v=0,offset u=0 v=0 
06-12 22:44:10.726   568   969 I GRALLOC : 	 iova_size=2351104,conUsg=0x900,proUsg=0x900,	 strd=1088,[afbc]HdrStrd=0 PyldStrd=0 Scrmbl=0,ionhnd = 2 
06-12 22:44:10.729   568   568 I GRALLOC : getCallingPid=605, shrFd=35,fmt=0x1,intFmt=0x1,btStrd=4352,size=2351104,pid=568 
06-12 22:44:10.729   568   568 I GRALLOC : 	 yuv=2,w=1080,h=540,Stride u=0 v=0,offset u=0 v=0 
06-12 22:44:10.729   568   568 I GRALLOC : 	 iova_size=2351104,conUsg=0x900,proUsg=0x900,	 strd=1088,[afbc]HdrStrd=0 PyldStrd=0 Scrmbl=0,ionhnd = 3 
06-12 22:44:10.776   568  7898 I GRALLOC : getCallingPid=605, shrFd=31,fmt=0x1,intFmt=0x1,btStrd=4352,size=2351104,pid=568 
06-12 22:44:10.776   568  7898 I GRALLOC : 	 yuv=2,w=1080,h=540,Stride u=0 v=0,offset u=0 v=0 
06-12 22:44:10.776   568  7898 I GRALLOC : 	 iova_size=2351104,conUsg=0xb00,proUsg=0xb00,	 strd=1088,[afbc]HdrStrd=0 PyldStrd=0 Scrmbl=0,ionhnd = 1 
06-12 22:44:10.790  2960  3094 W JankService: processEntry, not beta version or commercial log off
06-12 22:44:10.829   568  7898 I GRALLOC : getCallingPid=605, shrFd=31,fmt=0x1,intFmt=0x1,btStrd=4352,size=2351104,pid=568 
06-12 22:44:10.829   568  7898 I GRALLOC : 	 yuv=2,w=1080,h=540,Stride u=0 v=0,offset u=0 v=0 
06-12 22:44:10.829   568  7898 I GRALLOC : 	 iova_size=2351104,conUsg=0xb00,proUsg=0xb00,	 strd=1088,[afbc]HdrStrd=0 PyldStrd=0 Scrmbl=0,ionhnd = 1 
06-12 22:44:10.830   605   868 D         : doWinFrameOptStatusRecog begin to recog Layer result=2
06-12 22:44:10.842   605   868 D         : doWinFrameOptStatusRecog begin to recog Layer result=2
06-12 22:44:11.347  1306  2289 I chatty  : uid=1000(system) HuaweiWifiWatch expire 13 lines
06-12 22:44:11.348  1306 11472 I chatty  : uid=1000 system_server expire 6 lines
06-12 22:44:11.355  1306  2285 I chatty  : uid=1000(system) WifiProStateMac expire 5 lines
06-12 22:44:11.662   568  7898 I GRALLOC : getCallingPid=605, shrFd=31,fmt=0x1,intFmt=0x1,btStrd=4352,size=2351104,pid=568 
06-12 22:44:11.662   568  7898 I GRALLOC : 	 yuv=2,w=1080,h=540,Stride u=0 v=0,offset u=0 v=0 
06-12 22:44:11.662   568  7898 I GRALLOC : 	 iova_size=2351104,conUsg=0xb00,proUsg=0xb00,	 strd=1088,[afbc]HdrStrd=0 PyldStrd=0 Scrmbl=0,ionhnd = 1 
06-12 22:44:11.698 11439 11439 D AwareBitmapCacher: handleInit disable com.huawei.tips
06-12 22:44:11.743  1306  4344 I chatty  : uid=1000(system) Binder:1306_10 expire 8 lines
06-12 22:44:11.827  8487 10655 E MtpServer: request read returned -1, errno: 5
06-12 22:44:11.827  8487 10655 I HwMtpServerExJNI: cleanup MtpServerEx
06-12 22:44:11.827  8487 10655 V MtpServerEx: destructor
06-12 22:44:11.827  8487 10655 V HwMtpServerExJNI: finalize
06-12 22:44:11.830  8487 10655 I StagefrightMediaScannerEx: StagefrightMediaScanner destructor
06-12 22:44:11.873  2583  2583 I chatty  : uid=1000(system) com.huawei.powergenie expire 4 lines
06-12 22:44:11.884  8487  8487 D MtpReceiver: Debug MTP:ACTION_USB_STATE 
06-12 22:44:11.886 10277 10277 D UsbBackend: ACTION_USB_STATE usbConnected = true, chargingOnly = false, deviceConnected = true, dataRole = 2
06-12 22:44:11.886 10277 10277 I UsbSettingsService: ACTION_USB_STATE start service!
06-12 22:44:11.886  8487  8487 D MtpReceiver: handleUsbState startService
06-12 22:44:11.886  8487  8487 D MtpReceiver: Debug MTP:srart MTP service 
06-12 22:44:11.886  8487  8503 D MediaProvider: fixParentIdIfNeeded called
06-12 22:44:11.887 10277 10277 D UsbSettingsService: send refresh content message to refresh usb notification
06-12 22:44:11.897  8487  8487 D MtpService: starting MTP server in MTP mode with storage /storage/emulated/0 unlocked as user 0
06-12 22:44:11.898  8487  8487 I HWSERVICES: hwnative_get_component:libstagefright,Scanner
06-12 22:44:11.901  8487  8487 I StagefrightMediaScannerEx: StagefrightMediaScanner Constructor
06-12 22:44:11.943 11474 11479 I adbd    : initializing functionfs
06-12 22:44:11.944 11474 11479 I adbd    : opening control endpoint /dev/usb-ffs/adb/ep0
06-12 22:44:11.947 11474 11479 I adbd    : functionfs successfully initialized
06-12 22:44:11.947 11474 11479 I adbd    : registering usb transport
06-12 22:44:11.990 10277 10277 D UsbReceiver: initialize UsbSettingsService!
06-12 22:44:11.990 10277 10277 D UsbReceiver: ACTION_USB_STATE arrived!
06-12 22:44:11.990 10277 10277 D UsbReceiver: onUsbStateReceive chargingOnly = false, usbConnected = true
06-12 22:44:11.991 10277 10277 D UsbReceiver: ACTION_USB_STATE:usbConnected = true, usbState=hisuite,mtp,mass_storage,adb,hdb, chargingOnly = false, isLegacyCharging = false
06-12 22:44:11.991 10277 10277 D UsbReceiver: start usb settings service
06-12 22:44:11.995 10277 10277 D UsbReceiver: start usb settings service
06-12 22:44:12.000 10277 10277 D UsbSettingsService: onStartCommand, action = null
06-12 22:44:12.000 10277 10277 D UsbSettingsService: onStartCommand, action = null
06-12 22:44:12.006  2340  3407 I chatty  : uid=10039(com.huawei.HwMultiScreenShot) Thread-7 expire 1 line
06-12 22:44:12.060  2340 11484 I chatty  : uid=10039(com.huawei.HwMultiScreenShot) com.android.systemui expire 7 lines
06-12 22:44:12.060  2340 11139 I chatty  : uid=10039(com.huawei.HwMultiScreenShot) com.android.systemui expire 7 lines
06-12 22:44:12.060  2340 11140 I chatty  : uid=10039(com.huawei.HwMultiScreenShot) com.android.systemui expire 7 lines
06-12 22:44:12.061  2340 11138 I chatty  : uid=10039(com.huawei.HwMultiScreenShot) com.android.systemui expire 14 lines
06-12 22:44:12.064  8487  8487 D MediaScanner: setStorageEjectFlag flag = 0
06-12 22:44:12.068  8487  8487 I MtpService: Couldn't get control FD!
06-12 22:44:12.068  8487  8487 I HWSERVICES: hwnative_get_component_mtpServer  comes...
06-12 22:44:12.069  8487  8487 V MtpServerEx: constructor
06-12 22:44:12.069  8487  8487 I HwMtpServerExJNI: set MtpServerEx 0x73c8b68200
06-12 22:44:12.069  8487  8487 I HwMtpServerExJNI: Finish to setup MtpServer
06-12 22:44:12.070  2528  3175 I chatty  : uid=1000(system) UEventObserver expire 11 lines
06-12 22:44:12.080  8487  8487 V MtpService: Adding MTP storage:/storage/emulated/0
06-12 22:44:12.083  8487  8487 E MtpDatabase: addStorageId : 65537
06-12 22:44:12.085  8487  8487 E HwMtpServerExJNI: android_mtp_MtpServerEx_add_storage, line 175: descriptionStr = 
06-12 22:44:12.085  8487  8487 I HWSERVICES: hwnative_get_component_mtpStorage  comes...
06-12 22:44:12.087  8487  8487 E HWSERVICES: hwnative_get_component_mtpStorage error: undefined symbol: _Z27createMyComponentMtpStoragePvjPKcS1_mbm
06-12 22:44:12.087  8487  8487 V MtpService: Adding MTP storage:/storage/3866-6630
06-12 22:44:12.088  8487  8487 E MtpDatabase: addStorageId : 1411907585
06-12 22:44:12.089  8487  8487 E HwMtpServerExJNI: android_mtp_MtpServerEx_add_storage, line 175: descriptionStr = SanDisk?
06-12 22:44:12.089  8487  8487 I HWSERVICES: hwnative_get_component_mtpStorage  comes...
06-12 22:44:12.090  8487  8487 E HWSERVICES: hwnative_get_component_mtpStorage error: undefined symbol: _Z27createMyComponentMtpStoragePvjPKcS1_mbm
06-12 22:44:12.129  2340  2340 I chatty  : uid=10039(com.huawei.HwMultiScreenShot) com.android.systemui expire 90 lines
06-12 22:44:12.167 10277 10277 D UsbSettingsService: BroadcastReceiver, action = android.hardware.usb.action.USB_STATE
06-12 22:44:12.177 10277 10277 D UsbBackend: ACTION_USB_STATE, usbConnected = true
06-12 22:44:12.178 10277 10277 D UsbBackend: ACTION_USB_STATE usbConnected = true, chargingOnly = false, deviceConnected = true, dataRole = 2
06-12 22:44:12.178 10277 10277 I UsbSettingsService: ACTION_USB_STATE start service!
06-12 22:44:12.179 10277 10277 D UsbSettingsService: send refresh content message to refresh usb notification
06-12 22:44:12.180  8487  8487 D MtpReceiver: Debug MTP:ACTION_USB_STATE 
06-12 22:44:12.234   544   549 I HISEC   : [STATIC      ] static check started
06-12 22:44:12.234   544   548 I iMonitor: create: 940001000
06-12 22:44:12.235   544   548 I iMonitor: send: 940001000
06-12 22:44:12.236   544   548 I HISEC   : [ENGINE      ] upload threat succeed: name:usb-debug,stat:RISK,cred:Y,seq:1462,table: 0 0 0 2,errno:#1y,detail:"CONFIGURED"
06-12 22:44:12.239  2960  3661 I         : DPTEST  EventId is not need Hash
06-12 22:44:12.283 10277 10277 D UsbReceiver: initialize UsbSettingsService!
06-12 22:44:12.283 10277 10277 D UsbReceiver: ACTION_USB_STATE arrived!
06-12 22:44:12.283 10277 10277 D UsbReceiver: onUsbStateReceive chargingOnly = false, usbConnected = true
06-12 22:44:12.283 10277 10277 D UsbReceiver: ACTION_USB_STATE:usbConnected = true, usbState=hisuite,mtp,mass_storage,adb,hdb, chargingOnly = false, isLegacyCharging = false
06-12 22:44:12.283 10277 10277 D UsbReceiver: start usb settings service
06-12 22:44:12.287 10277 10277 D UsbReceiver: start usb settings service
06-12 22:44:12.292 10277 10277 D UsbSettingsService: BroadcastReceiver, action = android.hardware.usb.action.USB_STATE
06-12 22:44:12.300 10277 10277 D UsbBackend: ACTION_USB_STATE, usbConnected = true
06-12 22:44:12.300 10277 10277 D UsbBackend: ACTION_USB_STATE usbConnected = true, chargingOnly = false, deviceConnected = true, dataRole = 2
06-12 22:44:12.300 10277 10277 I UsbSettingsService: ACTION_USB_STATE start service!
06-12 22:44:12.301 10277 10277 D UsbSettingsService: send refresh content message to refresh usb notification
06-12 22:44:12.304  8487 11485 D MtpServer: doOpenSession ok
06-12 22:44:12.309  8487  8487 D MtpReceiver: Debug MTP:ACTION_USB_STATE 
06-12 22:44:12.311  8487  8487 D MtpReceiver: handleUsbState startService
06-12 22:44:12.311  8487  8487 D MtpReceiver: Debug MTP:srart MTP service 
06-12 22:44:12.312  8487  8503 D MediaProvider: fixParentIdIfNeeded called
06-12 22:44:12.319  8487  8487 D MtpService: Cannot launch second MTP server.
06-12 22:44:12.404 10277 10277 D UsbSettingsService: onStartCommand, action = null
06-12 22:44:12.405 10277 10277 D UsbSettingsService: onStartCommand, action = null
06-12 22:44:12.406 10277 10277 D UsbReceiver: initialize UsbSettingsService!
06-12 22:44:12.407 10277 10277 D UsbReceiver: ACTION_USB_STATE arrived!
06-12 22:44:12.407 10277 10277 D UsbReceiver: onUsbStateReceive chargingOnly = false, usbConnected = true
06-12 22:44:12.407 10277 10277 D UsbReceiver: ACTION_USB_STATE:usbConnected = true, usbState=hisuite,mtp,mass_storage,adb,hdb, chargingOnly = false, isLegacyCharging = false
06-12 22:44:12.407 10277 10277 D UsbReceiver: start usb settings service
06-12 22:44:12.411 10277 10277 D UsbReceiver: start usb settings service
06-12 22:44:12.416 10277 10277 D UsbSettingsService: onStartCommand, action = null
06-12 22:44:12.417 10277 10277 D UsbSettingsService: onStartCommand, action = null
06-12 22:44:12.497  1306  1487 I chatty  : uid=1000(system) HWExtMotionServ expire 8 lines
06-12 22:44:12.542 11474 11474 I adbd    : Calling send_auth_request...
06-12 22:44:12.993   596   596 E WifiHAL : enter wifi_get_link_stats
06-12 22:44:13.002 10277 10277 D UsbSettingsService: handleMessage, msg.what = 1
06-12 22:44:13.009 10277 10277 D UsbSettingsService: isUSBDisconnected() ACTION_USB_PORT_CHANGED deviceConnected = true, portConnected = true, dataRole = 2
06-12 22:44:13.009 10277 10277 D UsbSettingsService: usb is connected, update usb notification
06-12 22:44:13.020  1306  4954 I chatty  : uid=1000(system) Binder:1306_14 expire 2 lines
06-12 22:44:13.040 11474 11474 I adbd    : Loading keys from /data/misc/adb/adb_keys
06-12 22:44:13.053 11474 11474 I adbd    : adb client authorized
06-12 22:44:13.288  3352  3352 D InCall - InCallPresenter: onDeviceOrientationChange: orientation= 90
06-12 22:44:13.598  2583  3458 I chatty  : uid=1000(system) actions handler expire 10 lines
06-12 22:44:14.208  7031  7112 D MSF.C.NetConnTag: pa ok: 63231
06-12 22:44:14.208  7031  7112 D MSF.C.NetConnTag: netSend ssoSeq:63231 uin:0 cmd:AiYxJi46IDs+bRE4My4g 63388 bc3893
06-12 22:44:14.209  7031  7106 D MSF.C.NetConnTag: preDetectTimeoutMsg cmd:GTcxIAkuJnQZKj0kNj0CPz4, ssoSeq:63230
06-12 22:44:14.755 11486 11486 W ls      : type=1400 audit(0.0:1080606): avc: denied { getattr } for path="/init.usb.configfs.rc" dev="dm-0" ino=67 scontext=u:r:shell:s0 tcontext=u:object_r:rootfs:s0 tclass=file permissive=0
06-12 22:44:14.755 11486 11486 W ls      : type=1400 audit(0.0:1080607): avc: denied { getattr } for path="/fstab.zram1024m" dev="dm-0" ino=19 scontext=u:r:shell:s0 tcontext=u:object_r:rootfs:s0 tclass=file permissive=0
06-12 22:44:14.755 11486 11486 W ls      : type=1400 audit(0.0:1080608): avc: denied { getattr } for path="/init.rc" dev="dm-0" ino=66 scontext=u:r:shell:s0 tcontext=u:object_r:rootfs:s0 tclass=file permissive=0
06-12 22:44:14.755 11486 11486 W ls      : type=1400 audit(0.0:1080609): avc: denied { getattr } for path="/init" dev="dm-0" ino=82 scontext=u:r:shell:s0 tcontext=u:object_r:init_exec:s0 tclass=file permissive=0
06-12 22:44:14.755 11486 11486 W ls      : type=1400 audit(0.0:1080610): avc: denied { getattr } for path="/fstab.zram768m" dev="dm-0" ino=68 scontext=u:r:shell:s0 tcontext=u:object_r:rootfs:s0 tclass=file permissive=0
06-12 22:44:14.755 11486 11486 W ls      : type=1400 audit(0.0:1080611): avc: denied { getattr } for path="/init.usb.rc" dev="dm-0" ino=81 scontext=u:r:shell:s0 tcontext=u:object_r:rootfs:s0 tclass=file permissive=0
06-12 22:44:14.755 11486 11486 W ls      : type=1400 audit(0.0:1080612): avc: denied { getattr } for path="/init.zygote32.rc" dev="dm-0" ino=77 scontext=u:r:shell:s0 tcontext=u:object_r:rootfs:s0 tclass=file permissive=0
06-12 22:44:14.755 11486 11486 W ls      : type=1400 audit(0.0:1080613): avc: denied { getattr } for path="/modem_log" dev="mmcblk0p11" ino=2 scontext=u:r:shell:s0 tcontext=u:object_r:modem_log_file:s0 tclass=dir permissive=0
06-12 22:44:14.755 11486 11486 W ls      : type=1400 audit(0.0:1080614): avc: denied { getattr } for path="/init.environ.rc" dev="dm-0" ino=76 scontext=u:r:shell:s0 tcontext=u:object_r:rootfs:s0 tclass=file permissive=0
06-12 22:44:14.759 11486 11486 W ls      : type=1400 audit(0.0:1080615): avc: denied { getattr } for path="/fstab.zram256m" dev="dm-0" ino=74 scontext=u:r:shell:s0 tcontext=u:object_r:rootfs:s0 tclass=file permissive=0
06-12 22:44:14.759 11486 11486 W ls      : type=1400 audit(0.0:1080616): avc: denied { getattr } for path="/init.zygote64_32.rc" dev="dm-0" ino=26 scontext=u:r:shell:s0 tcontext=u:object_r:rootfs:s0 tclass=file permissive=0
06-12 22:44:14.759 11486 11486 W ls      : type=1400 audit(0.0:1080617): avc: denied { getattr } for path="/fstab.zram2240m" dev="dm-0" ino=70 scontext=u:r:shell:s0 tcontext=u:object_r:rootfs:s0 tclass=file permissive=0
06-12 22:44:14.759 11486 11486 W ls      : type=1400 audit(0.0:1080618): avc: denied { getattr } for path="/sec_storage" dev="mmcblk0p10" ino=2 scontext=u:r:shell:s0 tcontext=u:object_r:teecd_data_file:s0 tclass=dir permissive=0
06-12 22:44:14.759 11486 11486 W ls      : type=1400 audit(0.0:1080619): avc: denied { getattr } for path="/fstab.zram4096m" dev="dm-0" ino=18 scontext=u:r:shell:s0 tcontext=u:object_r:rootfs:s0 tclass=file permissive=0
06-12 22:44:14.759 11486 11486 W ls      : type=1400 audit(0.0:1080620): avc: denied { getattr } for path="/fstab.zram1536m" dev="dm-0" ino=12 scontext=u:r:shell:s0 tcontext=u:object_r:rootfs:s0 tclass=file permissive=0
06-12 22:44:14.759 11486 11486 W ls      : type=1400 audit(0.0:1080621): avc: denied { getattr } for path="/resetFactory.cfg" dev="dm-0" ino=90 scontext=u:r:shell:s0 tcontext=u:object_r:rootfs:s0 tclass=file permissive=0
06-12 22:44:14.759 11486 11486 W ls      : type=1400 audit(0.0:1080622): avc: denied { getattr } for path="/fstab.zram1280m" dev="dm-0" ino=59 scontext=u:r:shell:s0 tcontext=u:object_r:rootfs:s0 tclass=file permissive=0
06-12 22:44:14.759 11486 11486 W ls      : type=1400 audit(0.0:1080623): avc: denied { getattr } for path="/fstab.zram512m" dev="dm-0" ino=60 scontext=u:r:shell:s0 tcontext=u:object_r:rootfs:s0 tclass=file permissive=0
06-12 22:44:14.759 11486 11486 W ls      : type=1400 audit(0.0:1080624): avc: denied { getattr } for path="/ueventd.rc" dev="dm-0" ino=72 scontext=u:r:shell:s0 tcontext=u:object_r:rootfs:s0 tclass=file permissive=0
06-12 22:44:14.759 11486 11486 W ls      : type=1400 audit(0.0:1080625): avc: denied { getattr } for path="/verity_key" dev="dm-0" ino=71 scontext=u:r:shell:s0 tcontext=u:object_r:rootfs:s0 tclass=file permissive=0
06-12 22:44:15.711  6976  7344 I SmartThreadExecutor: handleMessage: start check 0
06-12 22:44:15.711  6976  7344 I SmartThreadExecutor: handleMessage: check end 0 -9 false
06-12 22:44:15.757  6976  7268 D Q.fts.BgCpu.Total: 2019-06-12 22:44:15 cpu:62 - wall:178  ainl transCount:0 transCost:0 transAvg:0.0 ainp transCount:0 transCost:0 transAvg:0.0
06-12 22:44:16.021   596   596 E WifiHAL : enter wifi_get_link_stats
06-12 22:44:16.782  1306  1325 I chatty  : uid=1000(system) android.bg expire 1 line
06-12 22:44:18.171   551   623 E HwNetBoosterController: nb_send_nlmsg_to_kernel:socket not open
06-12 22:44:19.046   596   596 E WifiHAL : enter wifi_get_link_stats
06-12 22:44:19.358  1306 11488 I chatty  : uid=1000 system_server expire 4 lines
06-12 22:44:19.779   708   708 D SensorHub: huawei Hal get step event
06-12 22:44:20.596   698   698 E Thermal-daemon: [ap] temp_new :35  temp_old :36
06-12 22:44:20.597   698   698 E Thermal-daemon: Report temperature: [ap] temp :35  report_threshold:1
06-12 22:44:21.394  1306  1467 I chatty  : uid=1000(system) AlarmManager expire 3 lines
06-12 22:44:21.679   551   616 D         : Received kernel message payload: chr_event 9
06-12 22:44:21.679   551   616 I         : netd received web stat infomation,trigger chr report!
06-12 22:44:21.679   551   616 I         : netd received web stat infomation,trigger chr report!
06-12 22:44:21.679   551   616 I         : ReportType 0 0 0 0 0 0 0 0 0 0 0 0 0 0 0 0 0 0 0 0 0 0 0 0 0 0 0 0 0 0 0 0 0 0 0 0 0 0 0 0 0 0 0 0 0 0 0 0 0 0 0 0 0 0 0 0 0 0 0 0 0 0 0 0 0 0 0 0 0 0 0 0 0 0 0 0 0 0 0 0 0 0 0 0 0 0 0 0 0 0 0 0 0 0 0 0 0 0 0 0 0 0 0 0 0 0 0 0 0 0 0 0 0 0 0 0 0 0 0 0 0 0 0 0 0 0 0 0 0 0 0 0 0 0 0 0 0 0 0 0 0 0 0 0 0 0 0 0 0 0 0 0 0 0 0 0 0 0 0 0 0 0 0 0 0 0 0 0 0 0 0 0 0 0 0 0 0 0 0 0 0 0 0 0 0 0 0 0 0 0 0 0 0 0 0 0 0 0 0 0 0 0 0 0 0 0 0 0 0 0 0 0 0 0 0 0 0 0 0 0 0 0 0 0 0 0 0 0 0 ReportType 0 10308 3148 4 0 0 4 32 0 0 1 1 1 1 6 7 3 3 13 4 0 0 0 0 0 0 0 0 0 0 0 0 0 0 0 0 0 0 0 0 0 0 0 0 0 0 0 0 0 0 0 0 0 0 0 0 0 0 0 0 0 0 0 0 0 0 0 0 0 0 0 0 0 0 0 0 0 0 0 0 0 0 0 0 0 0 0 0 0 0 0 0 0 0 0 0 0 0 0 0 0 0 0 0 0 0 0 0 0 0 0 0 0 0 0 0 0 0 0 0 0 0 0 0 0 0 0 0 0 0 0 0 0 0 0 0 0 0 0 0 0 0 0 0 0 0 0 0 0 0 0 0 0 0 0 0 0 0 0 0 0 0 0 0 0 0 0 0 0 0 0 0 0 0 0 0 0 0 0 0 0 0 0 0 0 0 0 0 0 0 0 0 0 0 0 0 0 0 0 0 0 0 0 0 0 0 0 0 0 0 0 0 1137 22 44 1072 480 1072 0 0 0 0 0 0 0 0 1488 28 4
06-12 22:44:21.927  1306  1315 I chatty  : uid=1000(system) HeapTaskDaemon expire 3 lines
06-12 22:44:22.071   596   596 E WifiHAL : enter wifi_get_link_stats
06-12 22:44:22.559 12132 14914 I CastDatabase: Saving the database
06-12 22:44:22.581 12132 14914 I SQLiteCastStore: [CastNetworkInfo] saved: 0, skipped: 0, [CastDeviceInfo]: saved 0, skipped 0, Paired Guest Mode DeviceInfo] saved: 0, skipped: 0. [ProbedNetworks]: saved 0, skipped: 0, [ProbedSocketAddress]: saved 0, skipped: 0
06-12 22:44:23.303 12048 12423 E HSM_Install_BG: DataFlowDetector:package name is empty , uid = 1021
06-12 22:44:23.304 12048 12423 E HSM_Install_BG: DataFlowDetector:package name is empty , uid = 1051
06-12 22:44:23.304 12048 12423 E HSM_Install_BG: DataFlowDetector:package name is empty , uid = 0
06-12 22:44:23.710  2340  2340 I chatty  : uid=10039(com.huawei.HwMultiScreenShot) com.android.systemui expire 28 lines
06-12 22:44:24.167  2528  2528 I chatty  : uid=1000(system) com.huawei.systemserver expire 14 lines
06-12 22:44:24.178  2340  2466 I chatty  : uid=10039(com.huawei.HwMultiScreenShot) SystemUI_subThr expire 10 lines
06-12 22:44:24.185  7031  7106 D MSF.C.NetConnTag: netRecv ssoSeq:63230 uin:*3011 cmd:GTcxIAkuJnQZKj0kNj0CPz4 costTime:30000 SignalStrengths wifi:18 gsm:0 cdma:0 net:3 code:1002 failMsg:wait serverResp timeout
06-12 22:44:24.207  7031  7106 D MSF.C.NetConnTag: netRecv ssoSeq:63231 uin:0 cmd:AiYxJi46IDs+bRE4My4g costTime:10000 SignalStrengths wifi:18 gsm:0 cdma:0 net:3 code:1002 failMsg:wait serverResp timeout
06-12 22:44:24.207  7031  7106 D MSF.C.NetConnTag: found timeout heartalive msg 63231
06-12 22:44:24.211  7031  7106 D MSF.C.NetConnTag: MsfCoreTimeoutChecker closeConn closeByNetDetectFailed
06-12 22:44:24.211  7031  7106 D MSF.C.NetConnTag: MSF_Alive_Log : close conn set netWorkFailTime:1560350664211
06-12 22:44:24.221  7031  7106 D MSF.C.NetConnTag: close Socket GSwzPz8sHjsuJyIxKSt4dXtyZ3pra3B0e3RiemttcXY6LCIgZ2B1YnpvPDs5OSkKJTEkaWoF by closeByNetDetectFailed
06-12 22:44:24.232  7031  7123 I MSF.S.AppProcessManager: SendToApp PUSH process:com.tencent.mobileqq fromServiceMsg: FromServiceMsg msName:onConnClosed ssoSeq:-1 serviceCmd:cmd_connClosed appSeq:63232 failCode:1000 cost=5 needBoot=false
06-12 22:44:24.238  7031  7106 D MSF.C.SsoListManager:  set socket://117.135.172.154:8080#00000:0:0:8:true:sh:cm at wifiList last.
06-12 22:44:24.241  7031  7112 D MSF.C.NetConnTag: resetUserSimpleHead not connect network
06-12 22:44:24.242  7031  7112 D MSF.C.NetConnTag: pa ok: 63233
06-12 22:44:24.244  7031  7149 E MSF.D.MonitorSocket: SocketException!
06-12 22:44:24.244  7031  7149 E MSF.D.MonitorSocket: java.net.SocketException: Socket closed
06-12 22:44:24.244  7031  7149 E MSF.D.MonitorSocket: 	at java.net.SocketInputStream.read(SocketInputStream.java:209)
06-12 22:44:24.244  7031  7149 E MSF.D.MonitorSocket: 	at java.net.SocketInputStream.read(SocketInputStream.java:144)
06-12 22:44:24.244  7031  7149 E MSF.D.MonitorSocket: 	at com.tencent.mobileqq.msf.sdk.utils.MonitorSocketInputStream.read(MonitorSocketInputStream.java:55)
06-12 22:44:24.244  7031  7149 E MSF.D.MonitorSocket: 	at com.tencent.qphone.base.util.MsfSocketInputBuffer.fillBuffer(MsfSocketInputBuffer.java:135)
06-12 22:44:24.244  7031  7149 E MSF.D.MonitorSocket: 	at com.tencent.qphone.base.util.MsfSocketInputBuffer.isDataAvailable(MsfSocketInputBuffer.java:74)
06-12 22:44:24.244  7031  7149 E MSF.D.MonitorSocket: 	at com.tencent.mobileqq.msf.core.net.l$b.run(SocketEngine.java:523)
06-12 22:44:24.244  7031  7149 D MSF.C.NetConnTag: MsfCoreSocketReaderNew closeConn readError
06-12 22:44:24.245  7031  7149 D MSF.C.NetConnTag: conn is already closed on readError
06-12 22:44:24.245  7031  7149 W System.err: java.net.SocketException: Socket is closed
06-12 22:44:24.245  7031  7149 W System.err: 	at java.net.Socket.setSoTimeout(Socket.java:1176)
06-12 22:44:24.245  7031  7149 W System.err: 	at com.tencent.qphone.base.util.MsfSocketInputBuffer.isDataAvailable(MsfSocketInputBuffer.java:84)
06-12 22:44:24.245  7031  7149 W System.err: 	at com.tencent.mobileqq.msf.core.net.l$b.run(SocketEngine.java:523)
06-12 22:44:24.245  7031  7149 I SocketReaderNew: SocketReader(29309) wait
06-12 22:44:24.245  7031  7112 I MSF.D.NetworkProvider: refresh currentAPN:cmnet. received networkInfo: CONNECTED :NetworkInfo: type: WIFI[], state: CONNECTED/CONNECTED, reason: (unspecified), extra: (none), roaming: false, failover: false, isAvailable: true, isConnectedToProvisioningNetwork: true. ExtraNetInfo: null
06-12 22:44:24.254  7031  7112 I MSF.D.NetworkProvider: refresh currentAPN:cmnet. received networkInfo: CONNECTED :NetworkInfo: type: WIFI[], state: CONNECTED/CONNECTED, reason: (unspecified), extra: (none), roaming: false, failover: false, isAvailable: true, isConnectedToProvisioningNetwork: true. ExtraNetInfo: null
06-12 22:44:24.255  7031  7112 D MSF.C.NetConnTag: try open Conn OSwzPz8sf3VlcmFldGl2dHl3fmVsbX9rfnNgZHlodWp6c2pkYGh/YnA3IiE/YjEwcCA9 noneProxy net:3 cross:0 protocalsocket
06-12 22:44:24.309  7031  7112 I SocketReaderNew: SocketReader(29309) onConnOpened
06-12 22:44:24.309  7031  7149 I SocketReaderNew: SocketReader(29309) continue
06-12 22:44:24.310  7031  7112 D MSF.C.NetConnTag: open conn at ZXJhZXRpdnR5d35lbG1/a35zYGQ costTime:52 configTimeout: 8000 localSocket:e3piemtufXR7bWM:0 noneProxy cross:0 9c74ddf
06-12 22:44:24.310  7031  7112 D MSF.C.NetConnTag: MSF_Alive_Log set netWorkFailTime 0
06-12 22:44:24.312  7031  7112 I MSF.D.NetworkProvider: refresh currentAPN:cmnet. received networkInfo: CONNECTED :NetworkInfo: type: WIFI[], state: CONNECTED/CONNECTED, reason: (unspecified), extra: (none), roaming: false, failover: false, isAvailable: true, isConnectedToProvisioningNetwork: true. ExtraNetInfo: null
06-12 22:44:24.394  7031  7112 D MSF.C.AccountCenter: MsfCoreMsgSender handleLoadedAccounts setKey *3011
06-12 22:44:24.394  7031  7112 D MSF.C.NetConnTag: use full head for uin:*3011
06-12 22:44:24.395  7031  7112 D MSF.C.AccountCenter: MsfCoreMsgSender handleLoadedAccounts setKey *3011
06-12 22:44:24.395  7031  7112 D MSF.C.NetConnTag: use full head for uin:*3011
06-12 22:44:24.395  7031  7112 D MSF.C.AccountCenter: MsfCoreMsgSender handleLoadedAccounts setKey *3011
06-12 22:44:24.395  7031  7112 D MSF.C.NetConnTag: use full head for uin:*3011
06-12 22:44:24.395  7031  7112 D MSF.C.NetConnTag: ssoping seq: 63234 timeout: 20000
06-12 22:44:24.396  7031  7112 D MSF.C.NetConnTag: netSend ssoSeq:63234 uin:0 cmd:BxAW 63255 9c74ddf
06-12 22:44:24.396  7031  7112 D WeaknetNew: onPingSent ssoSeq=63234 pingSend=1560350664396
06-12 22:44:24.428  7031  7112 D MSF.C.PushManager:PushCoder: handlerPush send BA9184030ECA9A293EE0D5AC42038C69 register push id 7 pushStatus:11 bRegType:1 timeStamp:315 newIP:2770472303 oldIP:2594998133,regPushReason:msfByNetChange
06-12 22:44:24.432  7031  7123 I MSF.S.AppProcessManager: SendToApp PUSH process:com.tencent.mobileqq fromServiceMsg: FromServiceMsg msName:onConnOpened ssoSeq:63237 serviceCmd:cmd_connOpened appSeq:63236 failCode:1000 cost=3 needBoot=true
06-12 22:44:24.432  7031  7123 D GuardManager: prestart 3, 1560350664432, 1560350348980, 720000, true, true, 1560350348980
06-12 22:44:24.433  6976  7153 I MSF.D.NetworkProvider: refresh currentAPN:cmnet. received networkInfo: CONNECTED :NetworkInfo: type: WIFI[], state: CONNECTED/CONNECTED, reason: (unspecified), extra: (none), roaming: false, failover: false, isAvailable: true, isConnectedToProvisioningNetwork: true. ExtraNetInfo: null
06-12 22:44:24.438  7031  7112 I MSF.D.NetworkProvider: refresh currentAPN:cmnet. received networkInfo: CONNECTED :NetworkInfo: type: WIFI[], state: CONNECTED/CONNECTED, reason: (unspecified), extra: (none), roaming: false, failover: false, isAvailable: true, isConnectedToProvisioningNetwork: true. ExtraNetInfo: null
06-12 22:44:24.441  7031  7112 D MSF.C.NetConnTag: p ok re1: 63233
06-12 22:44:24.442  7031  7112 D MSF.C.NetConnTag: send Packet addQueue, ssoSeq=63233, uin=*3011
06-12 22:44:24.445  6976  6976 I AutoMonitor: onActivityCreatemqq.app.QQBroadcastReceiver@82045f6
06-12 22:44:24.452  7031  7112 D MSF.C.NetConnTag: use full head for uin:*3011
06-12 22:44:24.452  7031  7112 D MSF.C.NetConnTag: clear storeSendSsoSeq tag for uin:*3011
06-12 22:44:24.453  7031  7112 D MSF.C.NetConnTag: pa ok: 63235
06-12 22:44:24.453  7031  7112 D MSF.C.NetConnTag: netSend ssoSeq:63235 uin:*3011 cmd:GTcxIAkuJnQ4Jjc9KSwgKA 63782 9c74ddf
06-12 22:44:24.454  7031  7112 D MSF.C.NetConnTag: send Packet addQueue, ssoSeq=63235, uin=*3011
06-12 22:44:24.459  7031  7049 D MSF.S.ReqHandler: handleMsfRequest proxyRegisterPush
06-12 22:44:24.460  7031  7049 I MSF.S.AppProcessManager: onRegisterApp process=com.tencent.mobileqq:video processBootName=com.tencent.av.ui.VChatActivity appid=537061449 callback=null
06-12 22:44:24.472  7031  7149 D WeaknetNew: [MsfCoreSocketReaderNew] onPingRecved ssoSeq=63234 pingSend=1560350664396 pingRecv=1560350664472 cost=76
06-12 22:44:24.472  7031  7149 D MSF.C.NetConnTag: netRecv ssoSeq:63234 uin:0 cmd:BxAW 63255
06-12 22:44:24.476  7031  7049 D MSF.C.PushManager: recv proxyRegister sendProcess=com.tencent.mobileqq registerProcesscom.tencent.mobileqq:video callbacker= appid=537061449 ProxyRegisterInfo=
06-12 22:44:24.479  7031  7123 I MSF.S.AppProcessManager: SendToApp process:com.tencent.mobileqq fromServiceMsg: FromServiceMsg msName:proxyRegisterPush ssoSeq:63238 serviceCmd:push.proxyRegister appSeq:137 failCode:1000 cost=3 needBoot=false
06-12 22:44:24.480  6976 11497 I AutoMonitor: STEP_DOSOMETHING, cost=29
06-12 22:44:24.490  7031  7049 D MSF.S.ReqHandler: handleMsfRequest proxyRegisterPush
06-12 22:44:24.490  7031  7049 I MSF.S.AppProcessManager: onRegisterApp process=com.tencent.mobileqq:nearby_video processBootName= appid=537061449 callback=null
06-12 22:44:24.501  7031  7049 D MSF.C.PushManager: recv proxyRegister sendProcess=com.tencent.mobileqq registerProcesscom.tencent.mobileqq:nearby_video callbacker= appid=537061449 ProxyRegisterInfo=
06-12 22:44:24.503  7031  7123 I MSF.S.AppProcessManager: SendToApp process:com.tencent.mobileqq fromServiceMsg: FromServiceMsg msName:proxyRegisterPush ssoSeq:63239 serviceCmd:push.proxyRegister appSeq:138 failCode:1000 cost=2 needBoot=false
06-12 22:44:24.513  7031  7046 D msfCore : stopPCActivePolling by regPush
06-12 22:44:24.518  7031  7123 I MSF.S.AppProcessManager: SendToApp process:com.tencent.mobileqq fromServiceMsg: FromServiceMsg msName:registerPush ssoSeq:63240 serviceCmd:push.register appSeq:139 failCode:1000 cost=2 needBoot=false
06-12 22:44:24.519  6976  7153 D mqq     : register.push return empty packet! status: online
06-12 22:44:24.524  7031  7046 D PCActiveEchoManager: stopEcho succ
06-12 22:44:24.536  7031  7046 D MSF.C.NetConnTag: add 63241 cmd:GCY3BCggPAk8IH49ND4qCTMtMw uin: *3011 len: 460 msg to GRAfehY3IjMkDjUmPT0 delayWaitSendList
06-12 22:44:24.537  6976 11495 I AutoMonitor: STEP_SEND_REGISTER_PACKAGE, cost=12
06-12 22:44:24.557  7031  7149 D MSF.C.NetConnTag: use simple head for uin:*3011
06-12 22:44:24.557  7031  7149 D MSF.C.CodecWarpper: recv Packet removeItem setV9, ssoSeq:63235, uin:*3011
06-12 22:44:24.557  7031  7149 D MSF.C.NetConnTag: netRecv ssoSeq:63235 uin:*3011 cmd:GTcxIAkuJnQ4Jjc9KSwgKA 63482 cross:0
06-12 22:44:24.564  7031  7149 D MSF.C.SsoListManager: getCurrentPolicyId wifi ssid=*7vQx, policyId=2019-06-12 22:32:03 deliverying a policy
06-12 22:44:24.564  7031  7149 D WifiDetector: WIFI detect onWifiConnSucc!
06-12 22:44:24.575  7031  7149 D WeaknetNew: onRecvFirst ssoSeq=63235 TC=52 pingCost=76 TP=147 Trtt=118 Rttm=147 windows=(500,3000)
06-12 22:44:24.578  7031  7123 I MSF.S.AppProcessManager: SendToApp PUSH process:com.tencent.mobileqq fromServiceMsg: FromServiceMsg msName:onReceFirstResp ssoSeq:63243 serviceCmd:cmd_recvFirstResp appSeq:63242 failCode:1000 cost=3 needBoot=true
06-12 22:44:24.602  7031  7149 D MSF.C.PushManager:PushCoder: handlerPush register push succ BA9184030ECA9A293EE0D5AC42038C69 bUpdateFlag: 0, timeStamp:  315, cReplyCode:0 ,iStatus: 11, regPushReason: msfByNetChange
06-12 22:44:24.611  7031  7123 I MSF.S.AppProcessManager: SendToApp PUSH process:com.tencent.mobileqq fromServiceMsg: FromServiceMsg msName:pushSetConfig ssoSeq:-1 serviceCmd:cmd_pushSetConfig appSeq:-1 failCode:1000 cost=9 needBoot=false
06-12 22:44:24.622  7031  7123 I MSF.S.AppProcessManager: SendToApp PUSH process:com.tencent.mobileqq fromServiceMsg: FromServiceMsg msName:registerPush ssoSeq:63235 serviceCmd:StatSvc.register appSeq:-1 failCode:1000 cost=3 needBoot=false
06-12 22:44:24.645  7031  7104 D MSF.C.TokenChecker: checkToken for *3011 now: 1560350664632 lastCheckWebviewKeyTime: 1560348911000 needChangeToken: false isInstant:false
06-12 22:44:25.049  7031  7112 D MSF.C.NetConnTag: use full head for uin:*3011
06-12 22:44:25.051  7031  7112 D MSF.C.NetConnTag: pa ok: 63244
06-12 22:44:25.052  7031  7112 D MSF.C.NetConnTag: netSend ssoSeq:63244 uin:*3011 cmd:GRAfehY3IjMkDjUmPT0 63879 9c74ddf
06-12 22:44:25.052  7031  7112 D MSF.C.NetConnTag: send Packet addQueue, ssoSeq=63244, uin=*3011
06-12 22:44:25.090   596   596 E WifiHAL : enter wifi_get_link_stats
06-12 22:44:25.133  7031  7149 D MSF.C.CodecWarpper: recv Packet ssoSeq:63241, uin:*3011
06-12 22:44:25.134  7031  7149 D MSF.C.NetConnTag: netRecv ssoSeq:63241 uin:*3011 cmd:GCY3BCggPAk8IH49ND4qCTMtMw 63336 cross:0
06-12 22:44:25.141  7031  7123 I MSF.S.AppProcessManager: SendToApp process:com.tencent.mobileqq fromServiceMsg: FromServiceMsg msName:unknown ssoSeq:63241 serviceCmd:RegPrxySvc.infoSync appSeq:140 failCode:1000 cost=5 needBoot=false
06-12 22:44:25.280  7031  7149 D MSF.C.NetConnTag: netRecv Delay FromServiceMsg ssoSeq:-1377519219 scmd: SSO.LoginMerge len: 922 uncompressed len: 922
06-12 22:44:25.281  7031  7149 D MSF.C.CodecWarpper: recv Packet ssoSeq:-1288643196, uin:*3011
06-12 22:44:25.281  7031  7149 D MSF.C.NetConnTag: netRecv ssoSeq:-1288643196 uin:*3011 cmd:GCY3BCggPAk8IH4TPywIKS0VYg -1288643066 cross:0
06-12 22:44:25.282  7031  7149 D MSF.C.CodecWarpper: recv Packet ssoSeq:-1288643195, uin:*3011
06-12 22:44:25.282  7031  7149 D MSF.C.NetConnTag: netRecv ssoSeq:-1288643195 uin:*3011 cmd:GCY3BCggPAk8IH4ELystCisxMTk -1288643055 cross:0
06-12 22:44:25.282  7031  7149 D MSF.C.CodecWarpper: recv Packet ssoSeq:-1288643194, uin:*3011
06-12 22:44:25.283  7031  7149 D MSF.C.NetConnTag: netRecv ssoSeq:-1288643194 uin:*3011 cmd:GCY3BCggPAk8IH4EOAs8NCkOIzM -1288642643 cross:0
06-12 22:44:25.288  7031  7123 I MSF.S.AppProcessManager: SendToApp PUSH process:com.tencent.mobileqq fromServiceMsg: FromServiceMsg msName:onRecvPushMsg ssoSeq:-1288643196 serviceCmd:RegPrxySvc.GetMsgV2 appSeq:-1288643196 failCode:1000 cost=6 needBoot=true
06-12 22:44:25.292  7031  7123 I MSF.S.AppProcessManager: SendToApp PUSH process:com.tencent.mobileqq fromServiceMsg: FromServiceMsg msName:onRecvPushMsg ssoSeq:-1288643195 serviceCmd:RegPrxySvc.PushParam appSeq:-1288643195 failCode:1000 cost=4 needBoot=true
06-12 22:44:25.296  7031  7123 I MSF.S.AppProcessManager: SendToApp PUSH process:com.tencent.mobileqq fromServiceMsg: FromServiceMsg msName:onRecvPushMsg ssoSeq:-1288643194 serviceCmd:RegPrxySvc.PbSyncMsg appSeq:-1288643194 failCode:1000 cost=4 needBoot=true
06-12 22:44:25.326  6976  7001 D Q.unread.Proxy_UnreadMonitor: insertOrUpdateUnread update=--ConversationInfo--,shortUin:*4176,type:0,lastread:1559836719,unreadCount:0,unreadGiftCount:0,unreadRedPacketCount:0,unreadMark:0
06-12 22:44:25.434  7031  7149 D MSF.C.NetConnTag: netRecv Delay FromServiceMsg ssoSeq:-1377518896 scmd: SSO.LoginMerge len: 182 uncompressed len: 182
06-12 22:44:25.435  7031  7149 D MSF.C.CodecWarpper: recv Packet ssoSeq:-1288643193, uin:*3011
06-12 22:44:25.435  7031  7149 D MSF.C.NetConnTag: netRecv ssoSeq:-1288643193 uin:*3011 cmd:GCY3BCggPAk8IH4EOAs8NCkOIzM -1288643048 cross:0
06-12 22:44:25.443  7031  7046 D WeakNetworkStat: start to report info login uin:656913011, timeEnd:1592431743
06-12 22:44:25.444  7031  7046 D MSF.S.ReqHandler: recv infoSync timestamp:1592431743
06-12 22:44:25.445  7031  7123 I MSF.S.AppProcessManager: SendToApp PUSH process:com.tencent.mobileqq fromServiceMsg: FromServiceMsg msName:onRecvPushMsg ssoSeq:-1288643193 serviceCmd:RegPrxySvc.PbSyncMsg appSeq:-1288643193 failCode:1000 cost=9 needBoot=true
06-12 22:44:25.469  6976 11495 D ReadInJoyUtils: r:top activity is not splash
06-12 22:44:25.469  6976 11495 D MsfServiceSdk: registerProxyDone
06-12 22:44:25.484  7031  7112 D MSF.C.NetConnTag: pa ok: 63246
06-12 22:44:25.485  7031  7112 D MSF.C.NetConnTag: netSend ssoSeq:63246 uin:*3011 cmd:GCY3BCggPAk8IH4zPywKPCwOIzM 63681 9c74ddf
06-12 22:44:25.485  7031  7112 D MSF.C.NetConnTag: send Packet addQueue, ssoSeq=63246, uin=*3011
06-12 22:44:25.542  7031  7149 D MSF.C.NetConnTag: use simple head for uin:*3011
06-12 22:44:25.543  7031  7149 D MSF.C.CodecWarpper: recv Packet removeItem setV9, ssoSeq:63246, uin:*3011
06-12 22:44:25.543  7031  7149 D MSF.C.NetConnTag: netRecv ssoSeq:63246 uin:*3011 cmd:GCY3BCggPAk8IH4zPywKPCwOIzM 63341 cross:0
06-12 22:44:25.543  7031  7149 D MSF.C.NetConnTag: not tag regprxysvc resp seq:63246 by infoLogin error
06-12 22:44:25.548  7031  7123 I MSF.S.AppProcessManager: SendToApp process:com.tencent.mobileqq fromServiceMsg: FromServiceMsg msName:unknown ssoSeq:63246 serviceCmd:RegPrxySvc.getOffMsg appSeq:142 failCode:1000 cost=4 needBoot=false
06-12 22:44:25.743  7031  7149 D MSF.C.NetConnTag: netRecv Delay FromServiceMsg ssoSeq:-1377518253 scmd: SSO.LoginMerge len: 380 uncompressed len: 380
06-12 22:44:25.743  7031  7149 D MSF.C.NetConnTag: netRecv ssoSeq:-1288642696 uin:*3011 cmd:GCY3BCggPAk8IH4ELzQpHTgsJSQXKyIJLzI -1288642513 cross:0
06-12 22:44:25.744  7031  7149 D MSF.C.NetConnTag: not tag regprxysvc resp seq:-1288642696 by infoLogin error
06-12 22:44:25.744  7031  7149 D MSF.C.NetConnTag: netRecv ssoSeq:-1288642695 uin:*3011 cmd:GCY3BCggPAk8IH4aNSwsOS8GPjA -1288642572 cross:0
06-12 22:44:25.744  7031  7149 D MSF.C.NetConnTag: not tag regprxysvc resp seq:-1288642695 by infoLogin error
06-12 22:44:25.749  7031  7123 I MSF.S.AppProcessManager: SendToApp PUSH process:com.tencent.mobileqq fromServiceMsg: FromServiceMsg msName:onRecvPushMsg ssoSeq:-1288642696 serviceCmd:RegPrxySvc.PullGroupMsgSeq appSeq:-1288642696 failCode:1000 cost=4 needBoot=true
06-12 22:44:25.752  7031  7123 I MSF.S.AppProcessManager: SendToApp PUSH process:com.tencent.mobileqq fromServiceMsg: FromServiceMsg msName:onRecvPushMsg ssoSeq:-1288642695 serviceCmd:RegPrxySvc.NoticeEnd appSeq:-1288642695 failCode:1000 cost=3 needBoot=true
06-12 22:44:25.772  7031  7046 D MSF.C.NetConnTag: add 63247 cmd:BSo0NgkuJnR6O2g1bg uin: *3011 len: 36 msg to GRAfehY3IjMkDjUmPT0 delayWaitSendList
06-12 22:44:26.277  7031  7112 D MSF.C.NetConnTag: pa ok: 63247
06-12 22:44:26.278  7031  7112 D MSF.C.NetConnTag: netSend ssoSeq:63247 uin:*3011 cmd:BSo0NgkuJnR6O2g1bg 63354 9c74ddf
06-12 22:44:26.333 25573 11405 E TotemWeather: HttpConnectPolicy:Exception occurs >>java.io.IOException: unexpected end of stream on com.android.okhttp.Address@e90fbbfb
06-12 22:44:26.334 25573 11405 E TotemWeather: HwHttpClient:connect Child thread Exception
06-12 22:44:26.337 25573 11279 W TotemWeather: WeatherRequestCachePool: handleTaskImpl->WeatherTaskConnectFail:http connection failed
06-12 22:44:26.337 25573 11279 W TotemWeather: WeatherAidlService: WeatherAsyncTask->doInBackground->weatherInfo is null
06-12 22:44:26.338 25573 25573 W TotemWeather: WeatherAidlService: onPostExecute->parse result is empty
06-12 22:44:26.343 11772 11891 I HiBoard_WeatherServerImp: onRequestResult weatherJsonData 
06-12 22:44:26.343 11772 11891 I HiBoard_WeatherServerImp: parseCityWeather
06-12 22:44:26.343 11772 11891 E HiBoard_WeatherServerImp: parseCityWeather JSONString is null
06-12 22:44:26.344 11772 25087 I HiBoard_IntelligentServiceManager: returnWeatherInfo get  745089eb-d6dc-4c48-a4d2-86a7c24d027a
06-12 22:44:26.344 11772 25087 D HiBoard_o: gettingDestinationWeather onGetsuccess
06-12 22:44:26.344 11772 25087 E HiBoard_o: onArriveCityWeathersGetted : null == cw
06-12 22:44:26.344 11772 25087 I HiBoard_IntelligentServiceManager: returnWeatherInfo get  173fcdd0-9e67-49a3-975d-b42a8f132b06
06-12 22:44:26.344 11772 25087 D HiBoard_o: gettingDestinationWeather onGetsuccess
06-12 22:44:26.344 11772 25087 E HiBoard_o: onArriveCityWeathersGetted : null == cw
06-12 22:44:26.344 11772 25087 I HiBoard_IntelligentServiceManager: returnWeatherInfo get  30108bf7-8982-4047-b38f-a5bfdbbb716c
06-12 22:44:26.344 11772 25087 D HiBoard_o: gettingDestinationWeather onGetsuccess
06-12 22:44:26.344 11772 25087 E HiBoard_o: onArriveCityWeathersGetted : null == cw
06-12 22:44:26.344 11772 25087 I HiBoard_IntelligentServiceManager: returnWeatherInfo get  72b908fd-0f1c-400f-b58f-1e38910f723c
06-12 22:44:26.344 11772 25087 D HiBoard_o: gettingDestinationWeather onGetsuccess
06-12 22:44:26.344 11772 25087 E HiBoard_o: onArriveCityWeathersGetted : null == cw
06-12 22:44:26.344 11772 25087 I HiBoard_IntelligentServiceManager: returnWeatherInfo get  42d5500e-b860-4e77-96bd-864dac51bb38
06-12 22:44:26.344 11772 25087 D HiBoard_o: gettingDestinationWeather onGetsuccess
06-12 22:44:26.344 11772 25087 E HiBoard_o: onArriveCityWeathersGetted : null == cw
06-12 22:44:26.344 11772 25087 I HiBoard_IntelligentServiceManager: returnWeatherInfo get  8fc050e5-1346-4af5-8e80-0b95422d38d1
06-12 22:44:26.344 11772 25087 D HiBoard_o: gettingDestinationWeather onGetsuccess
06-12 22:44:26.345 11772 25087 E HiBoard_o: onArriveCityWeathersGetted : null == cw
06-12 22:44:26.407  7031  7112 D MSF.C.NetConnTag: pa ok: 63248
06-12 22:44:26.408  7031  7112 D MSF.C.NetConnTag: netSend ssoSeq:63248 uin:0 cmd:AiYxJi46IDs+bRE4My4g 63405 9c74ddf
06-12 22:44:26.444  7031  7149 D MSF.C.NetConnTag: netRecv Delay FromServiceMsg ssoSeq:-1377516703 scmd: SSO.LoginMerge len: 46 uncompressed len: 46
06-12 22:44:26.445  7031  7149 D MSF.C.NetConnTag: netRecv ssoSeq:63247 uin:*3011 cmd:BSo0NgkuJnR6O2g1bg 63268 cross:0
06-12 22:44:26.451  7031  7123 I MSF.S.AppProcessManager: SendToApp process:com.tencent.mobileqq fromServiceMsg: FromServiceMsg msName:unknown ssoSeq:63247 serviceCmd:OidbSvc.0x8a4 appSeq:143 failCode:1000 cost=5 needBoot=false
06-12 22:44:26.458  6976 11495 D RedpointHandler: getNewFlagOp:sendredInfo :systemTimestamp = 1560350666;lastUpdateTimestamp = 1560350351;updateInterval = 600;updateLbsInterval = 3600;lastCheckLbsInfo = 1560331349;isDebugVersion = false
06-12 22:44:26.467  7031  7046 D MSF.C.NetConnTag: add 63249 cmd:Djo+NTcxJgomNjc9NAszOWQgPD05MxooKy07PTQ/ uin: *3011 len: 6 msg to GRAfehY3IjMkDjUmPT0 delayWaitSendList
06-12 22:44:26.477  7031  7046 D MSF.C.NetConnTag: add 63250 cmd:LDE5MTQ8KTM5N34TPywRKCUsIBgzKzEILzIGZg uin: *3011 len: 1267 msg to GRAfehY3IjMkDjUmPT0 delayWaitSendList
06-12 22:44:26.500  6976 11495 D PrecoverManager: startDownload, businessId=null
06-12 22:44:26.519  6976  7001 I ArConfig_ArResourceManager: sendMessage REPORT_AR_RESOURCE 
06-12 22:44:26.525  6976 11495 E SQLiteLog: (1) 
06-12 22:44:26.539  6976 11495 I chatty  : uid=10173(com.tencent.mobileqq) identical 18 lines
06-12 22:44:26.556  7031  7046 I chatty  : uid=10173(com.tencent.mobileqq) Binder:7031_2 expire 8 lines
06-12 22:44:26.973  7031  7112 I chatty  : uid=10173(com.tencent.mobileqq) MsfCoreMsgSende expire 19 lines
06-12 22:44:27.069  7031  7149 I chatty  : uid=10173(com.tencent.mobileqq) MsfCoreSocketRe expire 50 lines
06-12 22:44:27.155  7031  7123 I chatty  : uid=10173(com.tencent.mobileqq) MsfServiceAppMs expire 13 lines
06-12 22:44:27.326  6976 11514 I chatty  : uid=10173(com.tencent.mobileqq) expire 1 line
06-12 22:44:27.361  1306 11515 I chatty  : uid=1000 system_server expire 3 lines
06-12 22:44:27.551 25573 25587 W System  : A resource failed to call close. 
06-12 22:44:28.075  6976  6976 I chatty  : uid=10173(com.tencent.mobileqq) expire 5 lines
06-12 22:44:28.107   596   596 E WifiHAL : enter wifi_get_link_stats
06-12 22:44:28.157  6976  7153 I chatty  : uid=10173(com.tencent.mobileqq) MSF-Receiver expire 1 line
06-12 22:44:28.202  7031  7041 I chatty  : uid=10173(com.tencent.mobileqq) FinalizerDaemon expire 3 lines
06-12 22:44:29.254 25573 11506 W TotemWeather: CityInfoUtils: updateCityInfoFromWeatherInfo mCityName is null, use weather's cityName
06-12 22:44:29.261 11772 11891 I HiBoard_WeatherServerImp: onRequestResult weatherJsonData 
06-12 22:44:29.261 11772 11891 I HiBoard_WeatherServerImp: parseCityWeather
06-12 22:44:29.262 11772 11891 E HiBoard_WeatherServerImp: parseTempeData is null : current_temperature
06-12 22:44:29.263 11772 11891 E HiBoard_WeatherServerImp: parseTempeData is null : curr_hightemp
06-12 22:44:29.263 11772 11891 E HiBoard_WeatherServerImp: parseTempeData is null : curr_lowtemp
06-12 22:44:29.263 11772 11891 E HiBoard_WeatherServerImp: parseTempeData is null : night_current_temperature
06-12 22:44:29.263 11772 11891 E HiBoard_WeatherServerImp: parseTempeData is null : night_curr_hightemp
06-12 22:44:29.263 11772 11891 E HiBoard_WeatherServerImp: parseTempeData is null : night_curr_lowtemp
06-12 22:44:29.263 11772 25087 I HiBoard_IntelligentServiceManager: returnWeatherInfo get  f4e8cd59-f197-432e-bd85-f3a5cc0ae0f1
06-12 22:44:29.263 11772 25087 D HiBoard_o: gettingDestinationWeather onGetsuccess
06-12 22:44:29.264 11772 25087 I HiBoard_IntelligentProvider: query data
06-12 22:44:29.272 11772 25087 E HiBoard_WeatherInfo: parseGsonValue jsonValue is empty 
06-12 22:44:29.273 11772 25087 I HiBoard_t: show real departure time
06-12 22:44:29.277 11772 25087 I HiBoard_t: show real departure time
06-12 22:44:29.277 11772 25087 D HiBoard_o: onArriveCityWeathersGetted
06-12 22:44:29.279 11772 25087 I HiBoard_IntelligentProvider: update type:destination_weather
06-12 22:44:29.283 11772 25087 I HiBoard_IntelligentProvider: query data
06-12 22:44:29.296 11772 25087 D HiBoard_b: updateToDBIgnorDeleteFlag row count 1
06-12 22:44:29.297 11772 25087 I HiBoard_IntelligentServiceManager: returnWeatherInfo get  0a05c9b3-58a2-49d0-a582-670271755e1a
06-12 22:44:29.297 11772 25087 D HiBoard_o: gettingDestinationWeather onGetsuccess
06-12 22:44:29.297 11772 25087 I HiBoard_IntelligentProvider: query data
06-12 22:44:29.305 11772 25087 E HiBoard_WeatherInfo: parseGsonValue jsonValue is empty 
06-12 22:44:29.306 11772 25087 I HiBoard_t: show real departure time
06-12 22:44:29.309 11772 25087 I HiBoard_t: show real departure time
06-12 22:44:29.309 11772 25087 D HiBoard_o: onArriveCityWeathersGetted
06-12 22:44:29.311 11772 25087 I HiBoard_IntelligentProvider: update type:destination_weather
06-12 22:44:29.314 11772 25087 I HiBoard_IntelligentProvider: query data
06-12 22:44:29.327 11772 25087 D HiBoard_b: updateToDBIgnorDeleteFlag row count 1
06-12 22:44:30.911  2340 11531 I chatty  : uid=10039(com.huawei.HwMultiScreenShot) com.android.systemui expire 2 lines
06-12 22:44:30.925 25573 11524 W TotemWeather: CityInfoUtils: updateCityInfoFromWeatherInfo mCityName is null, use weather's cityName
06-12 22:44:30.935 11772 11891 I HiBoard_WeatherServerImp: onRequestResult weatherJsonData 
06-12 22:44:30.935 11772 11891 I HiBoard_WeatherServerImp: parseCityWeather
