05-26 15:36:54.867  2612 20155 I RecentsTaskLoadPlan: to show tasks size is 16
05-26 15:36:54.868  9888  9888 I [10.4.0.305]CloudAlbum.SyncStrategy: begin init
05-26 15:36:54.876  9888  9888 I [10.4.0.305]CloudAlbum.SyncStrategy: begin initState, mask: 1, flag: false
05-26 15:36:54.876  9888  9888 I [10.4.0.305]CloudAlbum.SyncStrategy: begin initState, mask: 2, flag: true
05-26 15:36:54.876  9888  9888 I [10.4.0.305]CloudAlbum.SyncStrategy: begin initState, mask: 64, flag: false
05-26 15:36:54.877  9888  9888 I [10.4.0.305]CloudAlbum.SyncStrategy: begin initState, mask: 512, flag: false
05-26 15:36:54.877  9888  9888 I [10.4.0.305]CloudAlbum.CommonReceiverManager: init
05-26 15:36:54.879  1306  1328 I chatty  : uid=1000(system) ActivityManager expire 22 lines
05-26 15:36:54.884  9888  9888 I [10.4.0.305]CloudAlbum.SyncStrategy: begin initState, mask: 16, flag: true
05-26 15:36:54.885  9888  9888 I [10.4.0.305]CloudAlbum.BatteryProcessor: init
05-26 15:36:54.886  9888  9888 I [10.4.0.305]CloudAlbum.SyncStrategy: begin initState, mask: 4, flag: false
05-26 15:36:54.886  9888  9888 I [10.4.0.305]CloudAlbum.SyncStrategy: begin initState, mask: 8, flag: false
05-26 15:36:54.895  9888  9888 I [10.4.0.305]CloudAlbum.SyncStrategy: end init, state: 18
05-26 15:36:54.907  9888  9888 I [10.4.0.305]CloudAlbum.CloudDBManager: initDataBase start!
05-26 15:36:54.918  9888  9888 E [10.4.0.305]CloudAlbum.FileHelper: uuid is null
05-26 15:36:54.920  9888  9888 I [10.4.0.305]CloudAlbum.CloudAlbumSdkService: initManualUpAndDownloadStatus
05-26 15:36:54.927  9888  9888 I [10.4.0.305]CloudAlbum.CloudAlbumSdkService: onBind
05-26 15:36:54.927  9888  9888 I [10.4.0.305]CloudAlbum.CloudAlbumSdkService: onBind, action: com.huawei.android.hicloud.album.service.CloudAlbumSdkService
05-26 15:36:54.927  9888  9888 I [10.4.0.305]CloudAlbum.SyncStrategy: setServiceInvalid: false
05-26 15:36:54.928  9888  9888 I [10.4.0.305]CloudAlbum.WakeGalleryManager: updateLatestBindTime: 2019-05-26 15:36:54:928
05-26 15:36:54.934  9888 16705 I [10.4.0.305]CloudAlbum.SeparateTaskCallable: Execute SeparateTaskCallable TaskType:updateDownloadFileStatus
05-26 15:36:54.940  9888  9916 I [10.4.0.305]CloudAlbum.CloudAlbumSdkServiceImpl: registerCallback
05-26 15:36:54.940  9888  9916 I [10.4.0.305]CloudAlbum.CloudAlbumSdkServiceImpl: register callback success
05-26 15:36:54.940  9888  9916 I [10.4.0.305]CloudAlbum.SyncStrategy: setServiceInvalid: false
05-26 15:36:54.941 16635 16635 D CloudAlbumSDK[10.3.1.301].CloudAlbumServiceProtocol: onServiceConnected
05-26 15:36:54.941 16635 16688 D CloudAlbumSDK[10.3.1.301].CloudAlbumSdk: bind success
05-26 15:36:54.941  9888  9916 I [10.4.0.305]CloudAlbum.CloudAlbumSdkServiceImpl: Call AIDL: setAidlVersion, version: 9
05-26 15:36:54.942 16635 16688 I CloudAlbumSDK[10.3.1.301].CloudAlbumSdk: serviceAidlVersion: 9
05-26 15:36:54.942  9888  9916 I [10.4.0.305]CloudAlbum.CloudAlbumSdkServiceImpl: Call AIDL: request cmd: 1
05-26 15:36:54.942  9888  9916 I [10.4.0.305]CloudAlbum.CloudAlbumSdkServiceImpl: galleryPid: 16635, businessVersion: 1
05-26 15:36:54.946 16635 16688 D Gallery2_cloud_SdkCallback: onBindServiceResult result:true
05-26 15:36:54.951  9888  9916 I [10.4.0.305]HiCloud.HicloudLoginProvider: login query from com.android.gallery3d
05-26 15:36:55.009 16635 16688 V Gallery2_cloud_CloudStateUtils: isHiCloudLogin return true
05-26 15:36:55.010 16635 16669 W Gallery2_cloud_LoginAccountUtils: sUserId length=17,sAccountName length=11
05-26 15:36:55.017 16635 16669 D Gallery2_Common_GalleryAppImpl: Initial Photoshare
05-26 15:36:55.023 16635 16688 D Gallery2_cloud_CloudStateUtils: check uri value content://com.huawei.android.cg.albumProvider/albumVersionStatus result: -1
05-26 15:36:55.023 16635 16688 D Gallery2_cloud_face_CloudAlbumSdkHelper: getTagTransferStatus from cloud begin.
05-26 15:36:55.023 16635 16688 D Gallery2_cloud_CloudAlbumSdkHelper: initCloudAlbumSdk start 
05-26 15:36:55.023 16635 16688 D Gallery2_cloud_CloudAlbumSdkHelper: initCloudAlbumSdk end 
05-26 15:36:55.025  9888  9974 I [10.4.0.305]CloudAlbum.CloudAlbumSdkServiceImpl: Call AIDL: getTagTransferStatus()
05-26 15:36:55.026  9888  9974 E [10.4.0.305]CloudAlbum.CloudAlbumSdkServiceImpl: getTagTransferStatus() failed to call because of a sync error! Sync ErrorCode: 104, Error Message: sync_switch_off
05-26 15:36:55.026 16635 16688 D Gallery2_cloud_face_CloudAlbumSdkHelper: getTagTransferStatus status=-1
05-26 15:36:55.027 16635 16669 D Gallery2_Common_HwCustUtilsWrapper: method find result public static java.lang.Object com.huawei.cust.HwCustUtils.createObj(java.lang.Class,java.lang.Object[])
05-26 15:36:55.027 16635 16669 W HwCust  : CUST VERSION = true, use class = class com.android.gallery3d.util.HwCustBlackList
05-26 15:36:55.029 16635 16669 D MediaSetUtils: innerGalleryStorage:Path:/storage/emulated/0, mounted:true, name:, outerGalleryStorageList:[Path:/storage/3866-6630, mounted:true, name:SanDisk?, index:1]
05-26 15:36:55.033 16635 16688 V Gallery2_cloud_CloudStateUtils: querySwitchStatus return 0
05-26 15:36:55.035 16635 16688 D Gallery2_cloud_CloudAlbumSdkHelper: service bind, cloud support true
05-26 15:36:55.035 16635 16688 D Gallery2_cloud_CloudAlbumSdkHelper: service bind, cloud support ST invalid true
05-26 15:36:55.035 16635 16688 D Gallery2_cloud_CloudAlbumSdkHelper: initCloudAlbumSdk start 
05-26 15:36:55.035 16635 16688 D Gallery2_cloud_CloudAlbumSdkHelper: initCloudAlbumSdk end 
05-26 15:36:55.035 16635 16688 D Gallery2_download_list_CloudMediaDownloadHelp: isSupportDownloadFileInfoVersion:false
05-26 15:36:55.035 16635 16688 D Gallery2_download_list_DownLoadContext: set DownloadStrategy:true
05-26 15:36:55.040 16635 16688 D Gallery2_download_list_CloudMediaDownloadUtils: already transfer,start download original media.
05-26 15:36:55.043 16635 16688 D Gallery2_download_list_CloudMediaDownloadUtils: updateFilesForAutoPause sum=0
05-26 15:36:55.045 16635 16688 D PhoneState: getBatteryLevelByService is 79
05-26 15:36:55.047 16635 16688 E Gallery2_download_list_CloudMediaDownloadUtils: reDownloadMedia network is not wifi or battery level is lower.
05-26 15:36:55.047 16635 16688 I CloudSyncSdk[1.1.0.2].CloudSync: App call: new CloudSync, version code: 1.1.0.2
05-26 15:36:55.047 16635 16688 D Gallery2_cloud_face_NewCloudSDKHelper: registerCloudStateBroadcast
05-26 15:36:55.048 16635 16688 I CloudSyncSdk[1.1.0.2].CloudSync: App call: isSyncSwitchOnAndVersionMatch, syncType: atlas, versionCode = 101
05-26 15:36:55.050  9888  9974 W [10.4.0.305]HiCloud.SyncProvider: isGallerySyncConditionPermit, switch is off
05-26 15:36:55.051  9888  9974 I [10.4.0.305]HiCloud.SyncProvider: Module name: atlas, isSwitchOn = false
05-26 15:36:55.052 16635 16706 D Gallery2_Common_StorageService: precess pre check storage info.
05-26 15:36:55.057 16635 16669 D Gallery2_Search_DiscoverPolicy: getDiscoverFeatureInstance begin:
05-26 15:36:55.058 16635 16669 I AppFeatureLoader: loadFeature entryClazz:com.huawei.gallery.featurelayer.feature.DiscoverFeatureEntry clazz:com.huawei.gallery.feature.discover.IDiscoverFeature
05-26 15:36:55.058 16635 16669 D Gallery2_Search_DiscoverPolicy: load discover feature success? true
05-26 15:36:55.058 16635 16669 D Gallery2_Search_DiscoverPolicy: getDiscoverFeatureInstance begin:
05-26 15:36:55.058 16635 16669 D PhoneState: battery level is 79
05-26 15:36:55.058 16635 16669 D Gallery2_Common_SelectedPhotos: is chinese: true, is network Usable: false, is Battery ok: true
05-26 15:36:55.058 16635 16669 I Gallery2_Common_SelectedPhotos: Condition is not satisfied to download cover.
05-26 15:36:55.060 16635 16688 D Gallery2_cloud_face_NewCloudSDKHelper: switchState=false getVersionMatch=true
05-26 15:36:55.060 16635 16688 D Gallery2_cloud_face_NewCloudSDKHelper: hiCloudVersionTooLow=1
05-26 15:36:55.062 16635 16669 D Gallery2_Merge_MergeClassifyDataService: clear classify merging status 
05-26 15:36:55.066 16635 16688 D Gallery2_cloud_CloudSyncErrorListUtils: loadFailedList,size=0
05-26 15:36:55.066 16635 16688 D Gallery2_cloud_CloudAlbumSdkHelper: setAlbumProperties  settingsProp=SettingParams [thumbWidth=350, thumbHeight=350, lcdWidth=1920, lcdHeight=1920, internalRootPath=/storage/emulated/0, externalRootPath=/storage/3866-6630, thumbCachePath=/storage/emulated/0/.photoShare/thumb/thumb, lcdCachePath=/storage/emulated/0/.photoShare/thumb/lcd, downloadPath=/storage/emulated/0/.photoShare/thumb/PhotoShareDownload]
05-26 15:36:55.066 16635 16688 D Gallery2_cloud_CloudAlbumSdkHelper: initCloudAlbumSdk start 
05-26 15:36:55.066 16635 16688 D Gallery2_cloud_CloudAlbumSdkHelper: initCloudAlbumSdk end 
05-26 15:36:55.067  9888  9974 I [10.4.0.305]CloudAlbum.CloudAlbumSdkServiceImpl: Call AIDL: setAlbumProperties(SettingParams)
05-26 15:36:55.068 16635 16669 I AppFeatureLoader: loadFeature entryClazz:com.huawei.gallery.photomore.featurelayer.PhotoMoreFeatureEntry clazz:com.huawei.gallery.feature.photomore.IPhotoMoreFeature
05-26 15:36:55.068 16635 16669 D Gallery2_Photomore_PhotoMorePolicy: Load photoMore feature success? true
05-26 15:36:55.069   578  1027 D asd_primary_out: L[0],R[0], continus 20 times!
05-26 15:36:55.070 16635 16709 D Gallery2_cloud_ClearCloudDataService: request action :com.huawei.gallery.photoshare.action.CLOUD_ALBUM_CLOSE
05-26 15:36:55.070 16635 16709 D Gallery2_cloud_CloudAlbumSdkHelper: -- endSyncGeneral --
05-26 15:36:55.070 16635 16709 D Gallery2_cloud_CloudAlbumSdkHelper: initCloudAlbumSdk start 
05-26 15:36:55.070 16635 16709 D Gallery2_cloud_CloudAlbumSdkHelper: initCloudAlbumSdk end 
05-26 15:36:55.070 16635 16709 E CloudAlbumSDK[10.3.1.301].CloudAlbumSdk: general syncTask is not running
05-26 15:36:55.070 16635 16709 D Gallery2_cloud_CloudAlbumSdkHelper: -- endSyncShare --
05-26 15:36:55.070 16635 16709 D Gallery2_cloud_CloudAlbumSdkHelper: initCloudAlbumSdk start 
05-26 15:36:55.070 16635 16709 D Gallery2_cloud_CloudAlbumSdkHelper: initCloudAlbumSdk end 
05-26 15:36:55.070 16635 16709 E CloudAlbumSDK[10.3.1.301].CloudAlbumSdk: share syncTask is not running
05-26 15:36:55.070 16635 16709 D Gallery2_cloud_CloudAlbumSdkHelper: -- endSyncSmart --
05-26 15:36:55.070 16635 16709 D Gallery2_cloud_CloudAlbumSdkHelper: initCloudAlbumSdk start 
05-26 15:36:55.070 16635 16709 D Gallery2_cloud_CloudAlbumSdkHelper: initCloudAlbumSdk end 
05-26 15:36:55.070 16635 16709 E CloudAlbumSDK[10.3.1.301].CloudAlbumSdk: smart syncTask is not running
05-26 15:36:55.071 16635 16669 D Gallery2_Photomore_AnalyzeTaskManager: pre task info, file: null, hash: null
05-26 15:36:55.071 16635 16669 D Gallery2_Photomore_AnalyzeTaskManager: clean task
05-26 15:36:55.072  1306 12658 I chatty  : uid=1000(system) Binder:1306_20 expire 13 lines
05-26 15:36:55.088   568   969 I GRALLOC : getCallingPid=605, shrFd=31,fmt=0x2,intFmt=0x2,btStrd=4352,size=3465216,pid=568 
05-26 15:36:55.088   568   969 I GRALLOC : 	 yuv=2,w=1080,h=795,Stride u=0 v=0,offset u=0 v=0 
05-26 15:36:55.088   568   969 I GRALLOC : 	 iova_size=3465216,conUsg=0x906,proUsg=0x966,	 strd=1088,[afbc]HdrStrd=0 PyldStrd=0 Scrmbl=0,ionhnd = 1 
05-26 15:36:55.148  2612  2612 W HwLauncher: FolderIcon drawSelectedLabel bitmap null
05-26 15:36:55.152  2612  2612 I chatty  : uid=10056(com.huawei.android.launcher) identical 1 line
05-26 15:36:55.154  2612  2612 W HwLauncher: FolderIcon drawSelectedLabel bitmap null
05-26 15:36:55.190  2612  2918 W OpenGLRenderer: Incorrectly called buildLayer on View: ShortcutAndWidgetContainer, destroying layer...
05-26 15:36:55.190  2612  2918 W OpenGLRenderer: Incorrectly called buildLayer on View: ShortcutAndWidgetContainer, destroying layer...
05-26 15:36:55.193   568   969 I GRALLOC : getCallingPid=605, shrFd=31,fmt=0x1,intFmt=0x200000001,btStrd=4352,size=8486912,pid=568 
05-26 15:36:55.193   568   969 I GRALLOC : 	 yuv=2,w=1080,h=1920,Stride u=0 v=0,offset u=0 v=0 
05-26 15:36:55.193   568   969 I GRALLOC : 	 iova_size=8486912,conUsg=0xb00,proUsg=0xb00,	 strd=1088,[afbc]HdrStrd=1088 PyldStrd=69632 Scrmbl=2,ionhnd = 1 
05-26 15:36:55.202 16635 16670 D Gallery2_Common_TimeGroupAlbumHelper: getGroupData time(ms):349
05-26 15:36:55.202 16635 16670 D Gallery2_Common_GalleryMediaTimegroupAlbum: getGroupData time(ms):349
05-26 15:36:55.205  1306  1315 I chatty  : uid=1000(system) HeapTaskDaemon expire 1 line
05-26 15:36:55.219  1306  1313 I chatty  : uid=1000(system) FinalizerDaemon expire 1 line
05-26 15:36:55.226 16635 16670 I AppFeatureLoader: loadFeature entryClazz:com.huawei.gallery.featurelayer.feature.dynamic.AutoBeautyFeatureEntry clazz:com.huawei.gallery.feature.autobeauty.IAutoBeautyFeature
05-26 15:36:55.232 16635 16670 D Gallery2_Common_BitmapLoader: bitmap from GalleryPool is null
05-26 15:36:55.237 16635 16670 I chatty  : uid=10017(com.android.gallery3d) identical 270 lines
05-26 15:36:55.250 16635 16709 I chatty  : uid=10017(com.android.gallery3d) expire 2 lines
05-26 15:36:55.271 16527 16595 W HiApp.StoreUrlInterrupter: RepTaskHandler{3402} <<< WARN >>> invokeStore(ResponseBean) Fail,will try GrsProcesser asynchronous again, because of url is empty,targetServer=server.store,method=client.diffUpgrade2
05-26 15:36:55.272 16527 16715 I HwGrsSdk: getGrsUrls serviceName-->com.huawei.appmarketV04[Thread-4-3406](/:542)
05-26 15:36:55.273 16527 16715 I HwGrsSdk: getUrlsFromSp isJudgeExpire ->true[Thread-4-3406](/:717)
05-26 15:36:55.273 16527 16715 I HwGrsSdk: getUrlFromSp sp value is exist.[Thread-4-3406](/:726)
05-26 15:36:55.273 16527 16715 I HwGrsSdk: isSpExpire false.[Thread-4-3406](/:1004)
05-26 15:36:55.274 16527 16715 I HwGrsSdk: getUrlFromSp isExpire ->false[Thread-4-3406](/:729)
05-26 15:36:55.275 16527 16715 I HwGrsSdk: getServiceNameUrls[Thread-4-3406](/:734)
05-26 15:36:55.275 16527 16715 I HwGrsSdk: getServiceNameUrl jsonResult is right.[Thread-4-3406](/:1093)
05-26 15:36:55.276 16527 16715 I HwGrsSdk: getGrsUrls sp query success.[Thread-4-3406](/:558)
05-26 15:36:55.277 16527 16715 I HwGrsSdk: n*t*f*Q*e*y*u*c*s*C*l* u*l* [Thread-4-3406](/:33262)
05-26 15:36:55.277 16527 16715 I HwGrsSdk: HwGrsTest onCallBackSuccess(String url).[Thread-4-3406](/:1459)
05-26 15:36:55.277 16527 16715 I HwGrsSdk: getUrls--->{JXS=https://jxs1.jos.hicloud.com/gameserver/api/, UAS=https://stores1.hispace.hicloud.com/hwmarket/api/, STORE=https://stores1.hispace.hicloud.com/hwmarket/api/, MW=https://waps1.hispace.hicloud.com/, UC=https://ucs1.hispace.hicloud.com/uc/api/}[Thread-4-3406](/:1467)
05-26 15:36:55.278 16527 16647 I HwGrsSdk: getUrla[0]--->{JXS=https://jxs1.jos.hicloud.com/gameserver/api/, UAS=https://stores1.hispace.hicloud.com/hwmarket/api/, STORE=https://stores1.hispace.hicloud.com/hwmarket/api/, MW=https://waps1.hispace.hicloud.com/, UC=https://ucs1.hispace.hicloud.com/uc/api/}[RepTaskHandler-3402](/:1488)
05-26 15:36:55.287  2596  3745 V TpProviderHw: query begin match = 17
05-26 15:36:55.287  2596  3745 V TpProviderHw: appendOpKeySelection subId = 0 isAddOpkey = true
05-26 15:36:55.288  2596  3745 V TpDbHelperHw: getTargetOpKey targetOpKey = 46002
05-26 15:36:55.296 16635 16712 I chatty  : uid=10017(com.android.gallery3d) thread-pool-1 expire 3 lines
05-26 15:36:55.306 16635 16713 I chatty  : uid=10017(com.android.gallery3d) thread-pool-2 expire 4 lines
05-26 15:36:55.307   568   969 I GRALLOC : getCallingPid=605, shrFd=31,fmt=0x1,intFmt=0x1,btStrd=4352,size=315392,pid=568 
05-26 15:36:55.307   568   969 I GRALLOC : 	 yuv=2,w=1080,h=72,Stride u=0 v=0,offset u=0 v=0 
05-26 15:36:55.307   568   969 I GRALLOC : 	 iova_size=315392,conUsg=0xb00,proUsg=0xb00,	 strd=1088,[afbc]HdrStrd=0 PyldStrd=0 Scrmbl=0,ionhnd = 1 
05-26 15:36:55.311 16635 16711 I chatty  : uid=10017(com.android.gallery3d) thread-pool-0 expire 3 lines
05-26 15:36:55.314 16635 16716 I chatty  : uid=10017(com.android.gallery3d) thread-pool-4 expire 3 lines
05-26 15:36:55.315 16635 16717 I chatty  : uid=10017(com.android.gallery3d) thread-pool-5 expire 3 lines
05-26 15:36:55.337 16635 16718 I chatty  : uid=10017(com.android.gallery3d) thread-pool-6 expire 10 lines
05-26 15:36:55.346 16635 16719 I chatty  : uid=10017(com.android.gallery3d) thread-pool-7 expire 13 lines
05-26 15:36:55.420 16635 16714 I chatty  : uid=10017(com.android.gallery3d) thread-pool-3 expire 7 lines
05-26 15:36:55.469   578  1027 D asd_primary_out: L[0],R[0], continus 20 times!
05-26 15:36:55.473 16635 16714 E HW-JPEG-DEC: [HME_JPEG_DEC_Decode_Header](3093): PreProcess_enc_data err
05-26 15:36:55.473 16635 16714 D skia    : HME_JPEG_DECODER not support now
05-26 15:36:55.483 16635 16719 D Gallery2_Common_GalleryImage: onDecodeOriginal filePath:/storage/emulated/0/Pictures/Screenshots/Screenshot_20190514-144817.jpg type:2 time:100
05-26 15:36:55.486 16635 16713 D Gallery2_Common_GalleryImage: onDecodeOriginal filePath:/storage/emulated/0/Pictures/Screenshots/Screenshot_20190519-222700.jpg type:2 time:195
05-26 15:36:55.493 16635 16714 E HW-JPEG-DEC: [PreProcess_enc_data](2611): file enc len too short 15028
05-26 15:36:55.494 16635 16714 E HW-JPEG-DEC: [HME_JPEG_DEC_Decode_Header](3093): PreProcess_enc_data err
05-26 15:36:55.494 16635 16714 D skia    : HME_JPEG_DECODER not support now
05-26 15:36:55.494 16635 16719 E HW-JPEG-DEC: [PreProcess_enc_data](2611): file enc len too short 16617
05-26 15:36:55.494 16635 16719 E HW-JPEG-DEC: [HME_JPEG_DEC_Decode_Header](3093): PreProcess_enc_data err
05-26 15:36:55.494 16635 16719 D skia    : HME_JPEG_DECODER not support now
05-26 15:36:55.499 16635 16713 E HW-JPEG-DEC: [PreProcess_enc_data](2611): file enc len too short 11757
05-26 15:36:55.499 16635 16713 E HW-JPEG-DEC: [HME_JPEG_DEC_Decode_Header](3093): PreProcess_enc_data err
05-26 15:36:55.499 16635 16713 D skia    : HME_JPEG_DECODER not support now
05-26 15:36:55.505 16635 16719 E HW-JPEG-DEC: [PreProcess_enc_data](2611): file enc len too short 16915
05-26 15:36:55.505 16635 16719 E HW-JPEG-DEC: [HME_JPEG_DEC_Decode_Header](3093): PreProcess_enc_data err
05-26 15:36:55.505 16635 16719 D skia    : HME_JPEG_DECODER not support now
05-26 15:36:55.512 16635 16709 D Gallery2_cloud_ClearCloudDataService: delete album with bucketId:96324721
05-26 15:36:55.520 16635 16714 E HW-JPEG-DEC: [PreProcess_enc_data](2611): file enc len too short 16374
05-26 15:36:55.520 16635 16714 E HW-JPEG-DEC: [HME_JPEG_DEC_Decode_Header](3093): PreProcess_enc_data err
05-26 15:36:55.520 16635 16714 D skia    : HME_JPEG_DECODER not support now
05-26 15:36:55.525 16635 16719 E HW-JPEG-DEC: [PreProcess_enc_data](2611): file enc len too short 14985
05-26 15:36:55.525 16635 16719 E HW-JPEG-DEC: [HME_JPEG_DEC_Decode_Header](3093): PreProcess_enc_data err
05-26 15:36:55.525 16635 16719 D skia    : HME_JPEG_DECODER not support now
05-26 15:36:55.532 16635 16709 D Gallery2_cloud_ClearCloudDataService: delete album with bucketId:-519665007
05-26 15:36:55.534 16635 16714 E HW-JPEG-DEC: [PreProcess_enc_data](2611): file enc len too short 14923
05-26 15:36:55.534 16635 16714 E HW-JPEG-DEC: [HME_JPEG_DEC_Decode_Header](3093): PreProcess_enc_data err
05-26 15:36:55.534 16635 16714 D skia    : HME_JPEG_DECODER not support now
05-26 15:36:55.543 21685 16384 D ZrHung.AppEyeUiProbe: Current Activity:false
05-26 15:36:55.545 21685 16384 D ZrHung.AppEyeUiProbe: not watching, wait.
05-26 15:36:55.548 16635 16713 E HW-JPEG-DEC: [PreProcess_enc_data](2611): file enc len too short 16374
05-26 15:36:55.548 16635 16713 E HW-JPEG-DEC: [HME_JPEG_DEC_Decode_Header](3093): PreProcess_enc_data err
05-26 15:36:55.548 16635 16713 D skia    : HME_JPEG_DECODER not support now
05-26 15:36:55.553 16635 16719 E HW-JPEG-DEC: [PreProcess_enc_data](2611): file enc len too short 13910
05-26 15:36:55.553 16635 16719 E HW-JPEG-DEC: [HME_JPEG_DEC_Decode_Header](3093): PreProcess_enc_data err
05-26 15:36:55.553 16635 16719 D skia    : HME_JPEG_DECODER not support now
05-26 15:36:55.553 16635 16714 E HW-JPEG-DEC: [PreProcess_enc_data](2611): file enc len too short 9936
05-26 15:36:55.553 16635 16714 E HW-JPEG-DEC: [HME_JPEG_DEC_Decode_Header](3093): PreProcess_enc_data err
05-26 15:36:55.553 16635 16714 D skia    : HME_JPEG_DECODER not support now
05-26 15:36:55.559 16635 16713 E HW-JPEG-DEC: [PreProcess_enc_data](2611): file enc len too short 10645
05-26 15:36:55.559 16635 16713 E HW-JPEG-DEC: [HME_JPEG_DEC_Decode_Header](3093): PreProcess_enc_data err
05-26 15:36:55.559 16635 16713 D skia    : HME_JPEG_DECODER not support now
05-26 15:36:55.567 16635 16714 E HW-JPEG-DEC: [PreProcess_enc_data](2611): file enc len too short 16164
05-26 15:36:55.567 16635 16714 E HW-JPEG-DEC: [HME_JPEG_DEC_Decode_Header](3093): PreProcess_enc_data err
05-26 15:36:55.567 16635 16714 D skia    : HME_JPEG_DECODER not support now
05-26 15:36:55.571 16635 16713 E HW-JPEG-DEC: [PreProcess_enc_data](2611): file enc len too short 12220
05-26 15:36:55.571 16635 16713 E HW-JPEG-DEC: [HME_JPEG_DEC_Decode_Header](3093): PreProcess_enc_data err
05-26 15:36:55.571 16635 16713 D skia    : HME_JPEG_DECODER not support now
05-26 15:36:55.585 16635 16714 E HW-JPEG-DEC: [PreProcess_enc_data](2611): file enc len too short 12791
05-26 15:36:55.585 16635 16714 E HW-JPEG-DEC: [HME_JPEG_DEC_Decode_Header](3093): PreProcess_enc_data err
05-26 15:36:55.585 16635 16714 D skia    : HME_JPEG_DECODER not support now
05-26 15:36:55.586 16635 16713 E HW-JPEG-DEC: [PreProcess_enc_data](2611): file enc len too short 11194
05-26 15:36:55.586 16635 16713 E HW-JPEG-DEC: [HME_JPEG_DEC_Decode_Header](3093): PreProcess_enc_data err
05-26 15:36:55.586 16635 16713 D skia    : HME_JPEG_DECODER not support now
05-26 15:36:55.592 16635 16714 E HW-JPEG-DEC: [PreProcess_enc_data](2611): file enc len too short 14552
05-26 15:36:55.592 16635 16714 E HW-JPEG-DEC: [HME_JPEG_DEC_Decode_Header](3093): PreProcess_enc_data err
05-26 15:36:55.592 16635 16714 D skia    : HME_JPEG_DECODER not support now
05-26 15:36:55.600 16635 16718 D Gallery2_Common_GalleryImage: onDecodeOriginal filePath:/storage/emulated/0/Pictures/Screenshots/Screenshot_20190514-145159.jpg type:2 time:260
05-26 15:36:55.600 16635 16713 E HW-JPEG-DEC: [PreProcess_enc_data](2611): file enc len too short 10527
05-26 15:36:55.600 16635 16713 E HW-JPEG-DEC: [HME_JPEG_DEC_Decode_Header](3093): PreProcess_enc_data err
05-26 15:36:55.600 16635 16713 D skia    : HME_JPEG_DECODER not support now
05-26 15:36:55.604 16635 16719 E HW-JPEG-DEC: [PreProcess_enc_data](2611): file enc len too short 10089
05-26 15:36:55.604 16635 16719 E HW-JPEG-DEC: [HME_JPEG_DEC_Decode_Header](3093): PreProcess_enc_data err
05-26 15:36:55.604 16635 16719 D skia    : HME_JPEG_DECODER not support now
05-26 15:36:55.677 16635 16635 D Gallery2_cloud_CloudAlbumSdkHelper: initCloudAlbumSdk start 
05-26 15:36:55.677 16635 16635 D Gallery2_cloud_CloudAlbumSdkHelper: initCloudAlbumSdk end 
05-26 15:36:55.677 16635 16635 D Gallery2_cloud_face_NewCloudSDKHelper: init
05-26 15:36:55.677 16635 16635 D Gallery2_Common_GalleryMediaObserver: Gallery Provider onCreate with observer com.huawei.gallery.provider.GalleryMediaObserver@cc09b07
05-26 15:36:55.679 16635 16635 I Gallery2_MediaSync_MediaSyncerHelper: register media observer
05-26 15:36:55.757  2528  3185 D Hicom_PolicyCenterService: MESSAGE_NETSTATE_CHANGED_PATHSELECTION received
05-26 15:36:55.758  2528  3185 I SmartNetworkProvider: receiving query request from com.huawei.systemserver,total_settings
05-26 15:36:55.758  2528  3185 D SmartNetworkProvider: receiving query request  3
05-26 15:36:55.758  2528  3185 D Hicom_SmartNetState: isSmartNetEnabled total_switch:-1
05-26 15:36:55.778 16635 16709 D Gallery2_cloud_ClearCloudDataService: delete album with bucketId:70114000
05-26 15:36:55.802  5219  5236 W CursorWindow: Window is full: requested allocation 36 bytes, free space 12 bytes, window size 2097152 bytes
05-26 15:36:55.810 16635 16709 D Gallery2_cloud_CloudAlbumSdkHelper: initCloudAlbumSdk start 
05-26 15:36:55.810 16635 16709 D Gallery2_cloud_CloudAlbumSdkHelper: initCloudAlbumSdk end 
05-26 15:36:55.810  9888  9974 I [10.4.0.305]CloudAlbum.CloudAlbumSdkServiceImpl: Call AIDL: deleteDownloadHistoryAll(int)
05-26 15:36:55.810 16635 16709 D Gallery2_cloud_CloudAlbumSdkHelper: deleteDownloadHistoryAll  fileStatus:63, ret:0
05-26 15:36:55.811  9888 16697 I [10.4.0.305]CloudAlbum.SDKDownloadServiceLogic: deleteDownloadHistoryAll fileStatus:63
05-26 15:36:55.870   578  1027 D asd_primary_out: L[0],R[0], continus 20 times!
05-26 15:36:56.033 16635 16709 D Gallery2_cloud_ClearCloudDataService: clearClassifyData begin
05-26 15:36:56.033 16635 16709 I CloudSyncSdk[1.1.0.2].DeleteTagProvider: delete, uri = content://com.android.gallery3d.hicloud.deleteTagProvider/delete_tag
05-26 15:36:56.033 16635 16709 I CloudSyncSdk[1.1.0.2].DeleteTagProvider: delete, authority = com.android.gallery3d.hicloud.deleteTagProvider
05-26 15:36:56.033 16635 16709 I CloudSyncSdk[1.1.0.2].DeleteTagProvider: delete, path = /delete_tag
05-26 15:36:56.033 16635 16709 I CloudSyncSdk[1.1.0.2].DeleteTagProvider: clearTag
05-26 15:36:56.033 16635 16709 I CloudSyncSdk[1.1.0.2].DeleteTagProvider: context is null: set context
05-26 15:36:56.033 16635 16709 I CloudSyncSdk[1.1.0.2].SyncDBManager: initDataBase start!
05-26 15:36:56.098 16635 16709 D Gallery2_cloud_ClearCloudDataService: clearGalleryTag ret0
05-26 15:36:56.108 16635 16709 W Gallery2_cloud_ClearCloudDataService: delete GalleryFace count:0
05-26 15:36:56.110 16635 16709 W Gallery2_cloud_ClearCloudDataService: delete GalleryFaceAlbum count:0
05-26 15:36:56.112 16635 16709 D Gallery2_cloud_ClearCloudDataService: clearClassifyData end. time=79
05-26 15:36:56.113 16635 16709 D CloudSyncState: setFirstSync = true
05-26 15:36:56.113 16635 16709 D CloudSyncState: setUploadContinue = false
05-26 15:36:56.113 16635 16709 D CloudSyncState: lastUpdatedTime = 0
05-26 15:36:56.124 16635 16709 D Gallery2_cloud_ClearCloudDataService: HandleIntent end
05-26 15:36:56.260 16635 16670 D Gallery2_Common_ListAlbumPreloadingData: size = 37
05-26 15:36:56.270   578  1027 D asd_primary_out: L[0],R[0], continus 20 times!
05-26 15:36:56.272 16635 16670 D Gallery2_Common_ListAlbumPreloadingData: queryAllVideoList size = 3
05-26 15:36:56.288 16635 16670 D Gallery2_Common_ListAlbumPreloadingData: queryAllRecycleList size = 6
05-26 15:36:56.297 16635 16670 D Gallery2_Common_ListAlbumPreloadingData: queryAllVideoRecycleList size = 0
05-26 15:36:56.310 16635 16670 D Gallery2_Common_ListAlbumPreloadingData: queryAllExcludeBurst size = 0
05-26 15:36:56.320 16635 16670 D Gallery2_Common_ListAlbumPreloadingData: queryAllRecycleExcludeBurst size = 0
05-26 15:36:56.321 16635 16635 D Gallery2_Common_DataManager: registerChangeNotifier uri is content://com.huawei.gallery.provider/merge/share_info
05-26 15:36:56.325 16635 16635 D Gallery2_Common_DataManager: registerChangeNotifier uri is content://com.huawei.gallery.provider/merge/share_file_info
05-26 15:36:56.329 16635 16635 D Gallery2_Common_DataManager: registerChangeNotifier uri is content://com.huawei.gallery.provider/merge/preferential_entity_album_set
05-26 15:36:56.332 16635 16635 D Gallery2_Common_DataManager: registerChangeNotifier uri is content://com.huawei.gallery.provider/merge/virtual_album_set
05-26 15:36:56.337 16635 16635 D Gallery2_Common_DataManager: registerChangeNotifier uri is content://com.huawei.gallery.provider/merge/album_column_name/relativeBucketId/2064266562
05-26 15:36:56.342 16635 16635 D Gallery2_Common_DataManager: registerChangeNotifier uri is content://com.huawei.gallery.provider/merge/album_column_name/relativeBucketId/1476702882
05-26 15:36:56.345 16635 16635 D Gallery2_Common_DataManager: registerChangeNotifier uri is content://com.huawei.gallery.provider/merge/album_column_name/relativeBucketId/1322682207
05-26 15:36:56.348 16635 16635 D Gallery2_Common_DataManager: registerChangeNotifier uri is content://com.huawei.gallery.provider/merge/album_column_name/relativeBucketId/1573383701
05-26 15:36:56.357 16635 16635 D Gallery2_Common_DataManager: registerChangeNotifier uri is content://com.huawei.gallery.provider/merge/album_column_name/relativeBucketId/-855603080
05-26 15:36:56.360 16635 16635 D Gallery2_Common_DataManager: registerChangeNotifier uri is content://com.huawei.gallery.provider/merge/album_column_name/relativeBucketId/46425182
05-26 15:36:56.361 16635 16635 D Gallery2_Common_DataManager: registerChangeNotifier uri is content://com.huawei.gallery.provider/merge/common_entity_album_set
05-26 15:36:56.363 16635 16635 D Gallery2_Common_DataManager: registerChangeNotifier uri is mtp://
05-26 15:36:56.366 16635 16635 D Gallery2_Common_DataManager: registerChangeNotifier uri is content://com.huawei.gallery.provider/merge/garbage_album
05-26 15:36:56.368 16635 16635 D Gallery2_Common_DataManager: registerChangeNotifier uri is content://com.huawei.gallery.provider/merge/media_column_name/media_type
05-26 15:36:56.370 16635 16635 D Gallery2_Common_DataManager: registerChangeNotifier uri is content://com.huawei.gallery.provider/merge/media_column_name/media_type/3
05-26 15:36:56.372 16635 16635 D Gallery2_Common_DataManager: registerChangeNotifier uri is content://com.huawei.gallery.provider/merge/media_column_name/is_hw_favorite/1
05-26 15:36:56.375 16635 16635 D Gallery2_Common_DataManager: registerChangeNotifier uri is content://com.huawei.gallery.provider/merge/media_column_name/recycleFlag
05-26 15:36:56.375 16635 16670 E Gallery2_Garbage_GarbageXml: MSG_UPDATE_GARBAGE_ALBUM failed!/storage/emulated/0/pictures/.Gallery2/config/gallery_garbage_album_list.xml (No such file or directory)
05-26 15:36:56.376 16635 16670 D Gallery2_Garbage_GarbageXml: getXmlVersion take time is 1
05-26 15:36:56.377 16635 16670 D Gallery2_Garbage_GarbageXml: getVersion cloud is -1, local is 107
05-26 15:36:56.377 16635 16670 D Gallery2_Garbage_GarbageAlbum: updateGarbageAlbum newVersion is 107, oldVersion is 107
05-26 15:36:56.386 16635 16670 D Gallery2_Common_QueryUtils: create obj failed, see log above.
05-26 15:36:56.393 16635 16670 D Gallery2_Common_QueryUtils: create obj failed, see log above.
05-26 15:36:56.401 16635 16670 D Gallery2_Common_VideoReadFileDatabase: transferDataToDatabase not needed, is already merged.
05-26 15:36:56.410 16635 16670 I Gallery2_Common_GalleryAppImpl: app start with version 9.0.15.359(190015359)
05-26 15:36:56.422  5254  5254 I CVLog   : HwVisionHandlerManager: init
05-26 15:36:56.433  5254  5254 I CVLog   : HwVisionHandlerManager: init finish
05-26 15:36:56.441 16635 16635 I CVLog   : HwVisionManager: onServiceConnected version 2
05-26 15:36:56.441 16635 16635 D Gallery2_Photomore_VideoUtils: gallerymain onServiceConnect success
05-26 15:36:56.442 16635 16635 D Gallery2_Photomore_VideoUtils: currentAiEngine version:2
05-26 15:36:56.483  3839  3839 I DataSrv-9.2.0.301-O-0420-16:37-DialogScreenLock: time finish, cache invalid
05-26 15:36:56.670   578  1027 D asd_primary_out: L[0],R[0], continus 20 times!
05-26 15:36:56.697 16635 16635 D Gallery2_MediaSync: [onStartCommand] start to sync.
05-26 15:36:56.697 16635 16635 D CloudLocalSyncService: --schedule-- start local sync
05-26 15:36:56.698 16635 16635 D CloudLocalSyncService: --schedule-- stop child service
05-26 15:36:56.706 16635 16635 I SystemRecycleRecoverService: stopSystemRecycleRecoverService
05-26 15:36:56.756 16635 16746 D Gallery2_Common_GalleryProvider: sync uri: content://com.huawei.gallery.provider/none/sycnner/1
05-26 15:36:56.766 16635 16746 D Gallery2_MediaSync_LocalSyncToken: no data need delete
05-26 15:36:56.766 16635 16746 D Gallery2_MediaSync_LocalSyncToken: privilege buckets -1739773001 , -577626780 , 1028075469, -576532288
05-26 15:36:56.801 16635 16746 D Gallery2_MediaSync_LocalSyncToken: sync privilege buckets from id 613961
05-26 15:36:56.815 16569 16569 D AwareBitmapCacher: handleInit disable com.google.process.gservices
05-26 15:36:56.817 16635 16746 D Gallery2_MediaSync_LocalSyncToken: [syncInner] whereClause:_id > 613961 AND media_type IN (1,3) AND bucket_id IN ( -1739773001 , -577626780 , 1028075469, -576532288 ) , count: 0
05-26 15:36:56.818 16635 16746 D Gallery2_MediaSync_LocalSyncToken: [syncBatchInner] uri:content://media/external/file?limit=0%2C100
05-26 15:36:56.849 16635 16746 D Gallery2_MediaSync_LocalSyncToken: sync common buckets from id 614688
05-26 15:36:56.863 16635 16746 D Gallery2_MediaSync_LocalSyncToken: [syncInner] whereClause:_id > 614688 AND media_type IN (1,3) AND bucket_id NOT IN ( -1739773001 , -577626780 , 1028075469, -576532288 ) , count: 0
05-26 15:36:56.863 16635 16746 D Gallery2_MediaSync_LocalSyncToken: [syncBatchInner] uri:content://media/external/file?limit=0%2C100
05-26 15:36:56.864  2551  2860 D HwWifiStatStore: handleMessage : 200
05-26 15:36:56.883 16635 16746 D Gallery2_MediaSync_LocalSyncToken: sync all record cost time: 117
05-26 15:36:56.912 16635 16746 D Gallery2_MediaSync: sync with operation record[0] cost time: 28
05-26 15:36:56.913 16635 16746 D Gallery2_MediaSync: sync done with operations. time cost(include sleep time): 203
05-26 15:36:56.928 16635 16746 W Gallery2_MediaSync_LocalSyncToken: no more camera exif need sync.
05-26 15:36:56.928 16635 16746 D Gallery2_Common_GalleryProvider: sync uri: content://com.huawei.gallery.provider/none/sycnner/0
05-26 15:36:56.979 15718 19085 I GmscoreIpa: Bulk mediastore status = true
05-26 15:36:57.036  1306  1489 I chatty  : uid=1000(system) InputDispatcher expire 1 line
05-26 15:36:57.037  2960  3640 D iMonitor: [ZeroHung]dumpEvent: event: cat=1, wp_id=23, ts=1558856217, no=273, cmdbuf=, msg=MT:47638363926061 47638363926061 1
05-26 15:36:57.038  1306  1329 I chatty  : uid=1000(system) android.ui expire 25 lines
05-26 15:36:57.070   578  1027 D asd_primary_out: L[0],R[0], continus 20 times!
05-26 15:36:57.114  5346 20721 I HiDecision: ModelTrainingTask: model training task start...
05-26 15:36:57.116  5346 20721 I HiDecision: ModelTrainingTask: model training task end...
05-26 15:36:57.116  5346 20721 I HiDecision: GPSClusterTask: gps cluster task start...
05-26 15:36:57.116  5346 20721 I HiDecision: GPSClusterTask: gps cluster task end...
05-26 15:36:57.132  1306  2464 I chatty  : uid=1000(system) watchdog expire 1 line
05-26 15:36:57.132 14453 14453 V AudioManager: playSoundEffect   effectType: 0
05-26 15:36:57.132 14453 14453 V AudioManager: querySoundEffectsEnabled...
05-26 15:36:57.138  1306  1337 I chatty  : uid=1000(system) android.fg expire 4 lines
05-26 15:36:57.140  2583  3458 I hibernation: view remove pid:14453 uid:1000
05-26 15:36:57.183 14453 14453 I UsbSettingsService: bindService !
05-26 15:36:57.191   578  1043 I audio_hw_primary: do_out_standby standby: 0, stream_type: 0,  out_device: 0x2
05-26 15:36:57.194  2612  2612 W InputMethodManager: startInputReason = 1
05-26 15:36:57.197 16527 16527 D AwareBitmapCacher: handleInit disable com.huawei.appmarket
05-26 15:36:57.203 14453 14453 W ContextImpl: Calling a method in the system process without a qualified user: android.app.ContextImpl.startService:1760 android.content.ContextWrapper.startService:664 com.android.settings.deviceinfo.UsbSettingsService.startShow:805 com.android.settings.deviceinfo.UsbSettingsService.access$2000:64 com.android.settings.deviceinfo.UsbSettingsService$5.onClick:771 
05-26 15:36:57.205   578  1043 I audio_hw_primary: select_devices++ mode[0]
05-26 15:36:57.205   578  1043 I audio_hw_primary: input_source_id 0, output_device_id 0
05-26 15:36:57.206   578  1043 V audio_custom: set_dsp_device_for_ext_hs_hifi:set devices  0x0
05-26 15:36:57.206   578  1043 I audio_hw_primary: select_devices() devices 0x2 input src 0 output route none input route none in_device 0
05-26 15:36:57.212 14453 14453 D UsbManager: setPortRoles Package:com.android.settings
05-26 15:36:57.215 14453 14453 D UsbManager: setCurrentFunction: hisuite,mtp,mass_storage
05-26 15:36:57.216 11701 11701 I HuaweiIME: SysInfo.getSysParam: orientation=1||config d=3.0,w=1080,h=1920||metrics d=3.0,w=1080,h=1920||sdk=28,bar_h=72||appScale=3.3,sysScale=3.0||isMultiWin=false,isPadMode=false, boardw=1080, boardH=705, candH=130
05-26 15:36:57.217 14453 14453 W ContextImpl: Calling a method in the system process without a qualified user: android.app.ContextImpl.sendBroadcast:1151 android.content.ContextWrapper.sendBroadcast:444 com.android.settings.deviceinfo.UsbSettingsService$5.onClick:774 com.android.settings.deviceinfo.UsbSettingsService$DialogItemListener.onClick:819 com.android.internal.app.AlertController$AlertParams$3.onItemClick:1184 
05-26 15:36:57.218  1306  1337 I chatty  : uid=1000(system) android.fg expire 7 lines
05-26 15:36:57.227  2340 20855 I CommandQueue: updateBarBgColor
05-26 15:36:57.227  2340 20855 D CommandQueue: CommandQueue, setBarBackgroundColor
05-26 15:36:57.266 14453 14453 I BD.Reporter: com.huawei.bd.IBDService$Stub$Proxy@22f89fe
05-26 15:36:57.278   578  1043 I TAS2560_SPK: tas2560_spk POWER OFF
05-26 15:36:57.279   578  1043 I dsp_codec_ctl: get_spkpa_tas: spkpa match tas2560, return true
05-26 15:36:57.279   578  1043 I dsp_codec_smartpa_ctl: smartpa_algo_set: get codec_name succ, codec_name = hi6403
05-26 15:36:57.279   578  1043 I dsp_codec_smartpa_ctl: smartpa_algo_set: get multi mic function enable succ, multi_mic_enable = 0
05-26 15:36:57.279   578  1043 I dsp_codec_smartpa_ctl: enable_smartpa_algo: set smartpa_algo IF_CLOSE
05-26 15:36:57.286   578  1043 I dsp_codec_ctl: codec_adsp_send_sync_cmd:ioctl ret=0
05-26 15:36:57.286   578  1043 I dsp_codec_smartpa_ctl: enable_smartpa_algo: succ with value:0
05-26 15:36:57.286   578  1043 I dsp_common: dsp_common_control_algo:set device = 0
05-26 15:36:57.286   578  1043 D audio_route: Apply path: soundtrigger-main-mic
05-26 15:36:57.286   578  1043 D audio_route: Apply path: soundtrigger-main-mic
05-26 15:36:57.292 16635 16739 D Gallery2_Common_CoverCache: delete no useful coverCache :0
05-26 15:36:57.297   578  1043 I audio_pop: pop change S4 OL SWITCH SWITCH dir 0
05-26 15:36:57.297   578  1043 I audio_pop: pop change S4 OR SWITCH SWITCH dir 0
05-26 15:36:57.311 14453 16749 I TipsRuleService: bindService !
05-26 15:36:57.311   578  1043 I audio_pop: pop change PLAY48K SWITCH SWITCH dir 0
05-26 15:36:57.312 14453 14453 D UsbSettingsService: BroadcastReceiver, action = com.android.settings.usb.UPDATE_CHOOSERS
05-26 15:36:57.315 14453 14453 D UsbSettingsService: send refresh content message to refresh usb notification
05-26 15:36:57.318   578  1043 I dsp_common: dsp_common_control_algo:set device = 0
05-26 15:36:57.318   578  1043 I dsp_codec_ctl: get_spkpa_tas: spkpa match tas2560, return true
05-26 15:36:57.319   578  1043 I dsp_codec_smartpa_ctl: smartpa_algo_set: get codec_name succ, codec_name = hi6403
05-26 15:36:57.319   578  1043 I dsp_codec_smartpa_ctl: smartpa_algo_set: get multi mic function enable succ, multi_mic_enable = 0
05-26 15:36:57.319   578  1043 I audio_hw_primary: select_devices--
05-26 15:36:57.319   578  1043 I         : deinit_fade_pcm_buffer succ!
05-26 15:36:57.321 14453 16749 I DecisionUtil: bindService.
05-26 15:36:57.321 14453 16749 W ContextImpl: Calling a method in the system process without a qualified user: android.app.ContextImpl.bindService:1840 android.content.ContextWrapper.bindService:698 com.android.settings.decision.DecisionUtil.bindService:58 com.android.settings.decision.TipsRuleService.onHandleIntent:42 android.app.IntentService$ServiceHandler.handleMessage:76 
05-26 15:36:57.326 14453 14453 D DecisionUtil: service connected.
05-26 15:36:57.333 14453 14453 D DecisionUtil: unbindService.
05-26 15:36:57.395  2960  3094 W JankService: processEntry, not beta version or commercial log off
05-26 15:36:57.398  1306  3412 I chatty  : uid=1000(system) HwUsbHDBManager expire 1 line
05-26 15:36:57.410 16635 16739 D skia    : external skia thread pool create.
05-26 15:36:57.501 16635 16746 D Gallery2_MediaSync: operation is sync done ? true, max media id 614688, max sync id 614688
05-26 15:36:57.521 16635 16660 D Gallery2_Common_HwCustUtilsWrapper: method find result public static java.lang.Object com.huawei.cust.HwCustUtils.createObj(java.lang.Class,java.lang.Object[])
05-26 15:36:57.530  5346  6321 I HiDecision: LmtHuaweiShare: [reporter] feature_id: SF-10044641_f001 feature_type: dlg result: skip_freq
05-26 15:36:57.547  2583  2583 I MsgReceiver: intent action: android.hardware.usb.action.USB_STATE
05-26 15:36:57.553  2583  3669 I ThermalTraceTool: file:sys/class/hw_power/charger/direct_charger/direct_charge_succ,fileExists:false,fileCanRead:false
05-26 15:36:57.555 14453 14453 D UsbSettingsService: BroadcastReceiver, action = android.hardware.usb.action.USB_STATE
05-26 15:36:57.576  2960  3640 D iMonitor: [ZeroHung]parseLogType: cmdbuf is empty
05-26 15:36:57.577  2960  3640 D iMonitor: [ZeroHung]eventProc: cmd=, log_type=0.
05-26 15:36:57.577  2960  3640 E         : get_cfg_dir_list_type: cust_policy_dirs:/system/emui/base:/system/emui/china:/system/emui/china_honor:/vendor/etc:/odm/etc:/product/etc:/odm/hw_odm/STF-AL00:/product/region_comm/china:/product/hw_oem/STF-AL00:/preload/STF-AL00/all/cn:/cust/global:/cust/hw/cn:/version/cust/all/cn:/version/special_cust/STF-AL00/all/cn 
05-26 15:36:57.578 14453 14453 D UsbBackend: ACTION_USB_STATE, usbConnected = true
05-26 15:36:57.578  2960  3640 E         : get_cfg_dir_list_type: cust_policy_dirs:/system/emui/base:/system/emui/china:/system/emui/china_honor:/vendor/etc:/odm/etc:/product/etc:/odm/hw_odm/STF-AL00:/product/region_comm/china:/product/hw_oem/STF-AL00:/preload/STF-AL00/all/cn:/cust/global:/cust/hw/cn:/version/cust/all/cn:/version/special_cust/STF-AL00/all/cn 
05-26 15:36:57.580 14453 14453 D UsbBackend: ACTION_USB_STATE usbConnected = true, chargingOnly = false, deviceConnected = true, dataRole = 2
05-26 15:36:57.580 14453 14453 I UsbSettingsService: ACTION_USB_STATE start service!
05-26 15:36:57.581 14453 14453 D UsbSettingsService: send refresh content message to refresh usb notification
05-26 15:36:57.588 16635 16746 I Gallery2_MediaSync: total count already synced:1467, total: 1467
05-26 15:36:57.589 16635 16746 I Gallery2_Clone_RestoreCloneDataService: startRestoreBackupData from media sync
05-26 15:36:57.592  2960  3640 E         : get_cfg_dir_list_type: cust_policy_dirs:/system/emui/base:/system/emui/china:/system/emui/china_honor:/vendor/etc:/odm/etc:/product/etc:/odm/hw_odm/STF-AL00:/product/region_comm/china:/product/hw_oem/STF-AL00:/preload/STF-AL00/all/cn:/cust/global:/cust/hw/cn:/version/cust/all/cn:/version/special_cust/STF-AL00/all/cn 
05-26 15:36:57.594  2960  3640 E         : get_cfg_dir_list_type: cust_policy_dirs:/system/emui/base:/system/emui/china:/system/emui/china_honor:/vendor/etc:/odm/etc:/product/etc:/odm/hw_odm/STF-AL00:/product/region_comm/china:/product/hw_oem/STF-AL00:/preload/STF-AL00/all/cn:/cust/global:/cust/hw/cn:/version/cust/all/cn:/version/special_cust/STF-AL00/all/cn 
05-26 15:36:57.599 16635 16746 D CloudLocalSyncService: --schedule-- stop local sync
05-26 15:36:57.600 16635 16746 D CloudLocalSyncService: localSync = 1  cloudSync = -1
05-26 15:36:57.600 16635 16746 D CloudLocalSyncService: --schedule-- start child service
05-26 15:36:57.610 16635 16635 D Gallery2_Clone_RestoreCloneDataService: --schedule-- RestoreCloneDataService onStartCommand
05-26 15:36:57.610 16635 16746 D Gallery2_Search_SearchPolicy: getSearchFeatureInstance begin:
05-26 15:36:57.611 16635 16746 D Gallery2_Search: startServiceDelay from :com.huawei.gallery.media.MediaSyncerService@c6a80db
05-26 15:36:57.613 16635 16746 D Gallery2_Search_SearchService: start search service delay
05-26 15:36:57.614 16635 16758 I Gallery2_Clone_RestoreCloneDataService: MSG_DELAY_START_SERVICE
05-26 15:36:57.618 16635 16746 E RecycleClearService: startRecycleClearService   forceStart = false, sClearDone = false
05-26 15:36:57.619 16635 16635 D Gallery2_Geo: --schedule-- [onStartCommand] start reverse geo code.
05-26 15:36:57.620 16635 16635 D Gallery2_Story_StoryAlbumService: --schedule-- StoryService onCreate
05-26 15:36:57.622 16635 16759 D Gallery2_Geo: start resolve 
05-26 15:36:57.622 16635 16635 D Gallery2_Story_StoryAlbumService: --startComprehensiveRatingService--
05-26 15:36:57.627 16635 16635 D Gallery2_Search_SearchPolicy: getSearchFeatureInstance begin:
05-26 15:36:57.630 16635 16635 D Gallery2_Search: outer called static updateAll. 
05-26 15:36:57.631 16635 16746 D Gallery2_Merge_MergeClassifyDataService: get sClassifyMergePending false
05-26 15:36:57.631 16635 16746 D SystemRecycleRecoverService: just over 38090259, no recover system recycle again
05-26 15:36:57.631  1306  2916 I chatty  : uid=1000(system) Binder:1306_9 expire 21 lines
05-26 15:36:57.634 16635 16635 D Gallery2_Story_StoryAlbumService: --schedule-- [onStartCommand] start update cover
05-26 15:36:57.637 15718 16544 I iu.FingerprintManager: Start processing media store URI: content://media/external/images/media
05-26 15:36:57.640 16527 16612 W ServiceManager: Service huawei.android.security.IAppBehaviorDataAnalyzer didn't start. Returning NULL
05-26 15:36:57.640 16527 16612 E [HOTFIX]: [ThreadDexHotfixMonitor]Bind hotfix monitor service fail!
05-26 15:36:57.651 16635 16635 D RecycleClearService: --schedule-- [onStartCommand] start RecycleClearService.
05-26 15:36:57.652 16635 16643 W JavaBinder: BinderProxy is being destroyed but the application did not call unlinkToDeath to unlink all of its death recipients beforehand.  Releasing leaked death recipient: com.huawei.hiai.vision.internal.HwVisionManager$2
05-26 15:36:57.653 16635 16761 D PhoneState: charge is true
05-26 15:36:57.653 16635 16761 D PhoneState: battery level is 79
05-26 15:36:57.654 16635 16761 D PhoneState: screen on true
05-26 15:36:57.660 16635 16762 D PhoneState: battery level is 79
05-26 15:36:57.662 16635 16762 D PhoneState: screen on true
05-26 15:36:57.662 16635 16635 D Gallery2_CalcMd5: --schedule-- [onStartCommand] start CalcMd5Service.
05-26 15:36:57.662 16635 16635 D Gallery2_CalcMd5: empty action
05-26 15:36:57.663 16635 16635 D RecycleClearService: --schedule-- RecycleClearService onDestroy
05-26 15:36:57.674  1306  1331 I chatty  : uid=1000(system) ActivityManager expire 2 lines
05-26 15:36:57.675  1306  2520 I chatty  : uid=1000(system) MultiTaskManage expire 2 lines
05-26 15:36:57.689 16764 16764 I allery3d:searc: Reinit property: dalvik.vm.checkjni= false
05-26 15:36:57.690 16635 16760 D Gallery2_Story_StoryAlbumService: --schedule-- stop job 2
05-26 15:36:57.690 16635 16760 D Gallery2_Story_StoryAlbumService: --schedule-- service killed 
05-26 15:36:57.692 16764 16764 E allery3d:searc: Not starting debugger since process cannot load the jdwp agent.
05-26 15:36:57.694 16635 16635 D Gallery2_Story_StoryAlbumService: --schedule-- StoryService onDestroy
05-26 15:36:57.702 15718 16544 I iu.FingerprintManager: Start processing media store URI: content://media/external/video/media
05-26 15:36:57.703 16764 16764 D ZrHung.AppEyeUiProbe: AppEyeUIP created.
05-26 15:36:57.711  1306  2916 I chatty  : uid=1000(system) Binder:1306_9 expire 6 lines
05-26 15:36:57.712 16764 16764 D ActivityThread: Attach thread to application
05-26 15:36:57.733 16635 16763 D Gallery2_CalcMd5: MSG_SCAN_ALL size is 0
05-26 15:36:57.737 16635 16635 D Gallery2_CalcMd5: --schedule-- CalcMd5Service onDestroy
05-26 15:36:57.740 15718 16352 I iu.UploadsManager: num queued entries: 0
05-26 15:36:57.743 15718 16544 I iu.FingerprintManager: Start processing media store URI: content://media/phoneStorage/images/media
05-26 15:36:57.746 16764 16764 I allery3d:searc: The ClassLoaderContext is a special shared library.
05-26 15:36:57.748 15718 16544 I iu.FingerprintManager: Start processing media store URI: content://media/phoneStorage/video/media
05-26 15:36:57.753 15718 16544 I iu.FingerprintManager: Finished generating fingerprints; 7.240 seconds
05-26 15:36:57.753 15718 16544 I iu.FingerprintManager:   numSeen=1467 numGenerated=0 numDeleted=0 numFailed=0
05-26 15:36:57.766 16764 16777 I HwApiCacheMangerEx: apicache path=/storage/emulated/0 state=mounted key=com.android.gallery3d#10017#256
05-26 15:36:57.766 16764 16777 I HwApiCacheMangerEx: apicache path=/storage/3866-6630 state=mounted key=com.android.gallery3d#10017#256
05-26 15:36:57.771 16764 16764 W allery3d:search: type=1400 audit(0.0:171518): avc: denied { read } for name="size" dev="proc" ino=4026532247 scontext=u:r:priv_app:s0:c512,c768 tcontext=u:object_r:proc_bootdevice_size:s0 tclass=file permissive=0
05-26 15:36:57.771 16764 16777 I HwApiCacheMangerEx: apicache path=/storage/emulated/0 state=mounted key=com.android.gallery3d#10017#0
05-26 15:36:57.771 16764 16777 I HwApiCacheMangerEx: apicache path=/storage/3866-6630 state=mounted key=com.android.gallery3d#10017#0
05-26 15:36:57.773 16764 16764 D DeviceInfo: No path exception=java.io.FileNotFoundException: /proc/partitions (Permission denied)
05-26 15:36:57.773 16764 16764 D DeviceInfo: No path exception=java.io.FileNotFoundException: /proc/bootdevice/size (Permission denied)
05-26 15:36:57.773 16764 16764 D DeviceInfo: ramSize =4194304
05-26 15:36:57.777 16764 16779 D Gallery2_Common_DisplayEngine: init()
05-26 15:36:57.778 16764 16779 D Gallery2_Common_DisplayEngineCmdInterface: DisplayEngineCmdInterface() enter
05-26 15:36:57.778 16764 16764 D Gallery2_Common_GalleryAppImpl: process name:com.android.gallery3d:search
05-26 15:36:57.778 16764 16779 D Gallery2_Common_DisplayEngineCmdInterface: DisplayEngineCmdInterface() exit
05-26 15:36:57.779 16764 16764 D Gallery2_Common_GalleryAppImpl:  FyuseSDK.init
05-26 15:36:57.780 16764 16764 I AppFeatureLoader: loadFeature entryClazz:com.huawei.gallery.featurelayer.feature.dynamic.Panorama3DFeatureEntry clazz:com.huawei.gallery.feature.panorama3d.IPanorama3DFeature
05-26 15:36:57.781 16764 16777 I HwLogExceptionInner: Log blacklist 
05-26 15:36:57.787 15718 16352 I iu.UploadsManager: num updated entries: 0
05-26 15:36:57.790  1306  1487 I chatty  : uid=1000(system) HWExtMotionServ expire 17 lines
05-26 15:36:57.793 16764 16764 D Gallery2_Common_GalleryAppImpl: isMainProcess false
05-26 15:36:57.801 16764 16783 I Gallery2_Common_DisplayEngine: Screen=1920x1080
