05-26 15:36:54.557  2612 19781 D Activity: pivotX = 672.0, pivotY = 764.0, iconWidth = 180, iconHeight = 180, iconWidth = 180, flag = 0
05-26 15:36:54.571  1306  1329 I chatty  : uid=1000(system) android.ui expire 37 lines
05-26 15:36:54.572  4964  4964 D BrcmNfcJni: nfcManager_enableDiscovery: enter
05-26 15:36:54.572  4964  4964 D BrcmNfcJni: transactionAttempt: Transaction attempted : 8 when barrier is: 1
05-26 15:36:54.572  4964  4964 D BrcmNfcJni: transactionLiveLockable: Performing check for long duration transaction
05-26 15:36:54.572  4964  4964 D BrcmNfcJni: transactionAttempt: Transaction granted : 8 
05-26 15:36:54.572  4964  4964 D BrcmNfcJni: transactionAttempt: Transaction granted : 8 and barrier is: 0
05-26 15:36:54.572  4964  4964 D BrcmNfcJni: nfcManager_enableDiscovery: enter; tech_mask = ef
05-26 15:36:54.572  4964  4964 D BrcmNfcJni: nfcManager_enableDiscovery: sIsSecElemSelected=1
05-26 15:36:54.572  4964  4964 D BrcmNfcJni: PowerSwitch::setLevel: level=PS-FULL (1)
05-26 15:36:54.572  4964  4964 D BrcmNfcJni: startRfDiscovery: start, is start=0
05-26 15:36:54.572  4964  4964 I BrcmNfcNfa: NFA_StopRfDiscovery ()
05-26 15:36:54.572  4964  5204 I BrcmNfcNfa: NFA got event 0x0110
05-26 15:36:54.572  4964  5204 I BrcmNfcNfa: nfa_dm_evt_hdlr event: NFA_DM_API_STOP_RF_DISCOVERY_EVT (0x10)
05-26 15:36:54.572  4964  5204 I BrcmNfcNfa: nfa_dm_act_stop_rf_discovery ()
05-26 15:36:54.572  4964  5204 I BrcmNfcNfa: nfa_dm_rf_deactivate () deactivate_type:0x0 nfa_dm_cb.disc_cb.disc_state=0x1,nfa_dm_cb.disc_cb.activated_protocol=0xff, nfa_dm_cb.disc_cb.kovio_tle.in_use=0x0
05-26 15:36:54.572  4964  5204 I BrcmNfcNfa: nfa_dm_disc_sm_execute (): state: DISCOVERY (1), event: DEACTIVATE_CMD(6) disc_flags: 0x2
05-26 15:36:54.572  4964  5204 I BrcmNfcNfa: NFC_Deactivate 4 (IDLE) deactivate_type:0
05-26 15:36:54.572  4964  5204 I BrcmNfcNfa: nfc_ncif_send_cmd()
05-26 15:36:54.572  4964  5204 I BrcmNfcNfa: nfc_ncif_check_cmd_queue : Writing to HAL...
05-26 15:36:54.572  4964  5204 I BrcmNfcNfa: nfc_ncif_check_cmd_queue : cmd_size:1
05-26 15:36:54.572  4964  5204 D NfcAdaptation: NfcAdaptation::HalWrite
05-26 15:36:54.572   591   591 D NxpExtns: find found MIFARE_READER_ENABLE=(0x1)
05-26 15:36:54.573   591  5229 D NxpTml  : PN54X - Write requested.....
05-26 15:36:54.573   591  5229 D NxpTml  : PN54X - Invoking I2C Write.....
05-26 15:36:54.573  2583  3548 I chatty  : uid=1000(system) GameSdkManagerT expire 1 line
05-26 15:36:54.573  1306  1447 I chatty  : uid=1000(system) android.anim expire 27 lines
05-26 15:36:54.573   591  5229 D NxpTml  : PN54X - I2C Write successful.....
05-26 15:36:54.573   591  5229 D NxpTml  : PN54X - Posting Fresh Write message.....
05-26 15:36:54.573   591  5229 D NxpTml  : PN54X - Tml Writer Thread Running................
05-26 15:36:54.573   591  5231 D NxpHal  : write successful status = 0x0
05-26 15:36:54.573  1306  6484 I chatty  : uid=1000(system) Binder:1306_16 expire 18 lines
05-26 15:36:54.574  4964  5204 I BrcmNfcNfa: nfa_dm_disc_sm_execute (): new state: DISCOVERY (1), disc_flags: 0x22
05-26 15:36:54.574  4964  5204 I BrcmNfcNfa: nfa_sys_ptim_stop_timer c9d7e038
05-26 15:36:54.574  4964  5204 I BrcmNfcNfa: ptim timer stop
05-26 15:36:54.574  4964  5204 I BrcmNfcNfa: Stopped presence check timer (if started)
05-26 15:36:54.574  2528 28072 I BoosterSwitchP: notifyUidState do nothing
05-26 15:36:54.574  2528 28072 I DeepNoDisturbP: notifyUidState
05-26 15:36:54.574  2528 28072 I HidataAppQoeP: notifyUidState
05-26 15:36:54.574  2528 28072 I BrowserChrP: notifyUidState
05-26 15:36:54.574   591  5228 D NxpTml  : PN54X - I2C Read successful.....len = 4
05-26 15:36:54.574   591  5228 D NxpTml  : PN54X - Posting read message.....
05-26 15:36:54.574   591  5231 D NxpHal  : read successful status = 0x0
05-26 15:36:54.575  4964  5204 I BrcmNfcNfa: NFC received rsp gid:1
05-26 15:36:54.575  4964  5204 I BrcmNfcNfa: P2P_Prio_Logic
05-26 15:36:54.575  4964  5204 I BrcmNfcNfa: nfa_dm_p2p_prio_logic event_type = 0x1
05-26 15:36:54.575  4964  5204 I BrcmNfcNfa: returning true
05-26 15:36:54.575  4964  5204 I BrcmNfcNfa: nfc_set_state 4 (IDLE)->4 (IDLE)
05-26 15:36:54.575  4964  5204 I BrcmNfcNfa: nfa_dm_disc_data_cback ()
05-26 15:36:54.575  4964  5204 I BrcmNfcNfa: nfa_dm_disc_discovery_cback (): event:0x4005
05-26 15:36:54.575  4964  5204 I BrcmNfcNfa: nfa_dm_disc_sm_execute (): state: DISCOVERY (1), event: DEACTIVATE_RSP(7) disc_flags: 0x22
05-26 15:36:54.575  4964  5204 I BrcmNfcNfa: nfa_dm_disc_new_state (): old_state: DISCOVERY (1), new_state: IDLE (0) disc_flags: 0x2
05-26 15:36:54.575  4964  5204 I BrcmNfcJni: nfaConnectionCallback: Connection Event = 31
05-26 15:36:54.575  4964  5204 I BrcmNfcJni: nfaConnectionCallback: NFA_RF_DISCOVERY_STOPPED_EVT: status = 0x0
05-26 15:36:54.575  4964  5204 D BrcmNfcJni: notifyPollingEventwhileNfcOff: sDiscCmdwhleNfcOff=0
05-26 15:36:54.575  4964  5204 D BrcmNfcJni: getReconnectState = 0x0
05-26 15:36:54.575  4964  5204 I BrcmNfcNfa: nfa_dm_start_rf_discover (): enter
05-26 15:36:54.575  4964  5204 I BrcmNfcNfa: nfa_dm_start_rf_discover (): return
05-26 15:36:54.575  4964  5204 I BrcmNfcNfa: nfa_dm_disc_sm_execute (): new state: IDLE (0), disc_flags: 0x0
05-26 15:36:54.575  4964  4964 D BrcmNfcJni: startRfDiscovery: is exit=0
05-26 15:36:54.575  4964  4964 D NfcAdaptation: find found UICC_LISTEN_TECH_MASK=(0x7)
05-26 15:36:54.575  4964  4964 D BrcmNfcJni: nfcManager_enableDiscovery:UICC_LISTEN_MASK=0x07;
05-26 15:36:54.575  4964  4964 D BrcmNfcJni: nfcManager_enableDiscovery: Disable p2pListening
05-26 15:36:54.575  4964  4964 D BrcmNfcJni: PeerToPeer::enableP2pListening: enter isEnable: 0  mIsP2pListening: 0
05-26 15:36:54.575  4964  4964 D BrcmNfcJni: PeerToPeer::enableP2pListening: exit; mIsP2pListening: 0
05-26 15:36:54.575  4964  4964 D BrcmNfcJni: nativeNfcTag_acquireRfInterfaceMutexLock: try to acquire lock
05-26 15:36:54.575  4964  4964 D BrcmNfcJni: nativeNfcTag_acquireRfInterfaceMutexLock: sRfInterfaceMutex lock
05-26 15:36:54.575  4964  4964 D BrcmNfcJni: stopPolling_rfDiscoveryDisabled: disable polling
05-26 15:36:54.575  4964  4964 I BrcmNfcNfa: NFA_DisablePolling ()
05-26 15:36:54.575  4964  5204 I BrcmNfcNfa: NFA got event 0x0107
05-26 15:36:54.575  4964  5204 I BrcmNfcNfa: nfa_dm_evt_hdlr event: NFA_DM_API_DISABLE_POLLING_EVT (0x07)
05-26 15:36:54.575  4964  5204 I BrcmNfcNfa: nfa_dm_act_disable_polling ()
05-26 15:36:54.575  4964  5204 I BrcmNfcJni: nfaConnectionCallback: Connection Event = 1
05-26 15:36:54.575  4964  5204 D BrcmNfcJni: nfaConnectionCallback: NFA_POLL_DISABLED_EVT: status = 0x3
05-26 15:36:54.575  4964  4964 D BrcmNfcJni: nativeNfcTag_releaseRfInterfaceMutexLock: sRfInterfaceMutex unlock
05-26 15:36:54.575  4964  4964 D BrcmNfcJni: stopPolling_rfDiscoveryDisabled: exit
05-26 15:36:54.575  4964  4964 D BrcmNfcJni: nativeNfcTag_acquireRfInterfaceMutexLock: try to acquire lock
05-26 15:36:54.575  4964  4964 D BrcmNfcJni: nativeNfcTag_acquireRfInterfaceMutexLock: sRfInterfaceMutex lock
05-26 15:36:54.575  4964  4964 D BrcmNfcJni: startPolling_rfDiscoveryDisabled: enable polling
05-26 15:36:54.575  4964  4964 I BrcmNfcNfa: NFA_EnablePolling () 0xEF
05-26 15:36:54.575  4964  4964 D BrcmNfcJni: startPolling_rfDiscoveryDisabled: wait for enable event
05-26 15:36:54.575  4964  5204 I BrcmNfcNfa: NFA got event 0x0106
05-26 15:36:54.575  4964  5204 I BrcmNfcNfa: nfa_dm_evt_hdlr event: NFA_DM_API_ENABLE_POLLING_EVT (0x06)
05-26 15:36:54.575  4964  5204 I BrcmNfcNfa: nfa_dm_act_enable_polling ()
05-26 15:36:54.575  4964  5204 I BrcmNfcNfa: nfa_dm_start_polling ()
05-26 15:36:54.575  4964  5204 I BrcmNfcNfa: nfa_dm_add_rf_discover ():host_id=0x0 disc_mask=0x7d7f
05-26 15:36:54.575  4964  5204 I BrcmNfcNfa: nfa_dm_add_rf_discover ():disc_mask=0x7d7f, cback entry:[2]
05-26 15:36:54.575  4964  5204 I BrcmNfcJni: nfaConnectionCallback: Connection Event = 0
05-26 15:36:54.575  4964  5204 D BrcmNfcJni: nfaConnectionCallback: NFA_POLL_ENABLED_EVT: status = 0x0
05-26 15:36:54.575  4964  4964 D BrcmNfcJni: nativeNfcTag_releaseRfInterfaceMutexLock: sRfInterfaceMutex unlock
05-26 15:36:54.575  4964  4964 D BrcmNfcJni: startPolling_rfDiscoveryDisabled: exit
05-26 15:36:54.575  4964  4964 D BrcmNfcJni: nfcManager_enableDiscovery: Enable p2pListening sxd, enable_p2p:1, sP2pEnabled:0
05-26 15:36:54.575  4964  4964 D BrcmNfcJni: PeerToPeer::enableP2pListening: enter isEnable: 1  mIsP2pListening: 0
05-26 15:36:54.575  4964  4964 I BrcmNfcNfa: NFA_P2pSetListenTech (): tech_mask:0xC4
05-26 15:36:54.575  4964  5204 I BrcmNfcNfa: NFA got event 0x010E
05-26 15:36:54.575  4964  5204 I BrcmNfcNfa: nfa_dm_evt_hdlr event: NFA_DM_API_SET_P2P_LISTEN_TECH_EVT (0x0e)
05-26 15:36:54.575  4964  5204 I BrcmNfcNfa: nfa_dm_set_p2p_listen_tech ()  tech_mask = 196
05-26 15:36:54.575  4964  5204 I BrcmNfcNfa: nfa_p2p_update_listen_tech ()  tech_mask = 0xc4
05-26 15:36:54.575  4964  5204 I BrcmNfcNfa: nfa_p2p_enable_listening () sys_id = 3, update_wks = 0
05-26 15:36:54.575  4964  5204 I BrcmNfcNfa: nfa_dm_add_rf_discover ():host_id=0x0 disc_mask=0xc400000
05-26 15:36:54.575  4964  5204 I BrcmNfcNfa: nfa_dm_add_rf_discover ():disc_mask=0xc400000, cback entry:[3]
05-26 15:36:54.575  4964  5204 I BrcmNfcJni: nfaConnectionCallback: Connection Event = 33
05-26 15:36:54.575  4964  5204 D BrcmNfcJni: nfaConnectionCallback: NFA_SET_P2P_LISTEN_TECH_EVT
05-26 15:36:54.575  4964  4964 D BrcmNfcJni: PeerToPeer::enableP2pListening: exit; mIsP2pListening: 1
05-26 15:36:54.575  4964  4964 I BrcmNfcNfa: NFA_ResumeP2p ()
05-26 15:36:54.575  4964  4964 D BrcmNfcJni: nfcManager_enableDiscovery: restart UICC listen mode (07)
05-26 15:36:54.575  4964  4964 D BrcmNfcJni: SecureElement::getEseHandleFromGenericId: enter; ESE-ID = 0x02
05-26 15:36:54.575  4964  4964 D BrcmNfcJni: SecureElement::getEseHandleFromGenericId: enter; ESE-Handle = 0x402
05-26 15:36:54.575  4964  4964 I BrcmNfcNfa: NFA_CeConfigureUiccListenTech () ee_handle = 0x402 tech_mask = 0x0
05-26 15:36:54.575  4964  5204 I BrcmNfcNfa: NFA got event 0x010C
05-26 15:36:54.575  4964  5204 I BrcmNfcNfa: nfa_dm_evt_hdlr event: NFA_DM_API_RESUME_P2P_EVT (0x0c)
05-26 15:36:54.575  4964  5204 I BrcmNfcNfa: nfa_dm_act_resume_p2p ()
05-26 15:36:54.575  4964  5204 I BrcmNfcJni: nfaConnectionCallback: Connection Event = 39
05-26 15:36:54.575  4964  5204 E BrcmNfcJni: nfaConnectionCallback: unknown event ????
05-26 15:36:54.575  4964  5204 I BrcmNfcNfa: NFA got event 0x0602
05-26 15:36:54.575  4964  5204 I BrcmNfcNfa: nfa_ce_handle_event event: NFA_CE_API_DEREG_LISTEN_EVT (0x602), flags: 00000000
05-26 15:36:54.575  4964  5204 I BrcmNfcNfa: NFA_CE: removing listen_info entry 3
05-26 15:36:54.575  4964  5204 I BrcmNfcJni: nfaConnectionCallback: Connection Event = 29
05-26 15:36:54.575  4964  5204 D BrcmNfcJni: nfaConnectionCallback: NFA_CE_UICC_LISTEN_CONFIGURED_EVT : status = 0x0
05-26 15:36:54.575  4964  5204 D BrcmNfcJni: connectionEventHandler: enter
05-26 15:36:54.575  4964  5204 D BrcmNfcJni: connectionEventHandler: exit
05-26 15:36:54.575  4964  4964 I BrcmNfcNfa: NFA_CeConfigureUiccListenTech () ee_handle = 0x402 tech_mask = 0x7
05-26 15:36:54.575  4964  5204 I BrcmNfcNfa: NFA got event 0x0601
05-26 15:36:54.575  4964  5204 I BrcmNfcNfa: nfa_ce_handle_event event: NFA_CE_API_REG_LISTEN_EVT (0x601), flags: 00000000
05-26 15:36:54.575  4964  5204 I BrcmNfcNfa: nfa_ce_api_reg_listen ():Registering UICC/ESE/Felica/Type-4 tag listener. Type=3
05-26 15:36:54.575  4964  5204 I BrcmNfcNfa: nfa_ce_api_reg_listen ():found free entry listen_info_idx = 3
05-26 15:36:54.575  4964  5204 I BrcmNfcNfa: NFA_CE: adding listen_info entry 3
05-26 15:36:54.575  4964  5204 I BrcmNfcNfa: nfa_ce_start_listening(): enter
05-26 15:36:54.575  4964  5204 E BrcmNfcNfa: UICC/ESE[0x402] is not activated
05-26 15:36:54.575  4964  5204 I BrcmNfcNfa: nfa_ce_start_listening(): exit
05-26 15:36:54.575  4964  5204 I BrcmNfcJni: nfaConnectionCallback: Connection Event = 29
05-26 15:36:54.575  4964  5204 D BrcmNfcJni: nfaConnectionCallback: NFA_CE_UICC_LISTEN_CONFIGURED_EVT : status = 0x0
05-26 15:36:54.575  4964  5204 D BrcmNfcJni: connectionEventHandler: enter
05-26 15:36:54.575  4964  5204 D BrcmNfcJni: connectionEventHandler: exit
05-26 15:36:54.575  4964  4964 D NfcAdaptation: NfcAdaptation::HalIoctl arg=18
05-26 15:36:54.575   591   591 D NxpHal  : phNxpNciHal_ioctl : enter - arg = 18
05-26 15:36:54.575   591   591 D NxpHal  : phNxpNciHal_ioctl : exit - ret = 0
05-26 15:36:54.575  4964  4964 D NfcAdaptation: IoctlCallback Ioctl Type=18
05-26 15:36:54.575  4964  4964 D NfcAdaptation: NfcAdaptation::HalIoctl Ioctl Completed for Type=18
05-26 15:36:54.575  4964  4964 I BrcmNfcNfa: nfc service set pid done
05-26 15:36:54.575  4964  4964 D BrcmNfcJni: SecureElement::getEseHandleFromGenericId: enter; ESE-ID = 0x02
05-26 15:36:54.575  4964  4964 D BrcmNfcJni: SecureElement::getEseHandleFromGenericId: enter; ESE-Handle = 0x402
05-26 15:36:54.575  4964  4964 D BrcmNfcJni: nfcManager_enableDiscovery: Enable p2pListening
05-26 15:36:54.575  4964  4964 D BrcmNfcJni: PeerToPeer::enableP2pListening: enter isEnable: 1  mIsP2pListening: 1
05-26 15:36:54.575  4964  4964 D BrcmNfcJni: PeerToPeer::enableP2pListening: exit; mIsP2pListening: 1
05-26 15:36:54.576  4964  4964 I BrcmNfcNfa: NFA_CeConfigureUiccListenTech () ee_handle = 0x402 tech_mask = 0x0
05-26 15:36:54.576  4964  5204 I BrcmNfcNfa: NFA got event 0x0602
05-26 15:36:54.576  4964  5204 I BrcmNfcNfa: nfa_ce_handle_event event: NFA_CE_API_DEREG_LISTEN_EVT (0x602), flags: 00000000
05-26 15:36:54.576  4964  5204 I BrcmNfcNfa: NFA_CE: removing listen_info entry 3
05-26 15:36:54.576  4964  5204 I BrcmNfcJni: nfaConnectionCallback: Connection Event = 29
05-26 15:36:54.576  4964  5204 D BrcmNfcJni: nfaConnectionCallback: NFA_CE_UICC_LISTEN_CONFIGURED_EVT : status = 0x0
05-26 15:36:54.576  4964  5204 D BrcmNfcJni: connectionEventHandler: enter
05-26 15:36:54.576  4964  5204 D BrcmNfcJni: connectionEventHandler: exit
05-26 15:36:54.576  4964  4964 I BrcmNfcNfa: NFA_CeConfigureUiccListenTech () ee_handle = 0x402 tech_mask = 0x7
05-26 15:36:54.576  4964  5204 I BrcmNfcNfa: NFA got event 0x0601
05-26 15:36:54.576  4964  5204 I BrcmNfcNfa: nfa_ce_handle_event event: NFA_CE_API_REG_LISTEN_EVT (0x601), flags: 00000000
05-26 15:36:54.576  4964  5204 I BrcmNfcNfa: nfa_ce_api_reg_listen ():Registering UICC/ESE/Felica/Type-4 tag listener. Type=3
05-26 15:36:54.576  4964  5204 I BrcmNfcNfa: nfa_ce_api_reg_listen ():found free entry listen_info_idx = 3
05-26 15:36:54.576  4964  5204 I BrcmNfcNfa: NFA_CE: adding listen_info entry 3
05-26 15:36:54.576  4964  5204 I BrcmNfcNfa: nfa_ce_start_listening(): enter
05-26 15:36:54.576  4964  5204 E BrcmNfcNfa: UICC/ESE[0x402] is not activated
05-26 15:36:54.576  4964  5204 I BrcmNfcNfa: nfa_ce_start_listening(): exit
05-26 15:36:54.576  4964  5204 I BrcmNfcJni: nfaConnectionCallback: Connection Event = 29
05-26 15:36:54.576  4964  5204 D BrcmNfcJni: nfaConnectionCallback: NFA_CE_UICC_LISTEN_CONFIGURED_EVT : status = 0x0
05-26 15:36:54.576  4964  5204 D BrcmNfcJni: connectionEventHandler: enter
05-26 15:36:54.576  4964  5204 D BrcmNfcJni: connectionEventHandler: exit
05-26 15:36:54.577  2612  2612 I HwLauncher: Launcher onNewIntent() DragLayer visibility = 0, alpha = 1.0
05-26 15:36:54.577   591  5228 D NxpTml  : PN54X - Read requested.....
05-26 15:36:54.577   591  5228 D NxpTml  : PN54X - Invoking I2C Read.....
05-26 15:36:54.577  2612  2612 W HwLauncher: Workspace  changeState() state no change.
05-26 15:36:54.577  1306  1319 I chatty  : uid=1000(system) Binder:1306_1 expire 1 line
05-26 15:36:54.577  4964  4964 D BrcmNfcJni: startRfDiscovery: start, is start=1
05-26 15:36:54.578  4964  4964 I BrcmNfcNfa: NFA_StartRfDiscovery ()
05-26 15:36:54.578  4964  5204 I BrcmNfcNfa: NFA got event 0x010F
05-26 15:36:54.578  4964  5204 I BrcmNfcNfa: nfa_dm_evt_hdlr event: NFA_DM_API_START_RF_DISCOVERY_EVT (0x0f)
05-26 15:36:54.578  4964  5204 I BrcmNfcNfa: nfa_dm_act_start_rf_discovery ()
05-26 15:36:54.578  4964  5204 I BrcmNfcNfa: nfa_dm_start_rf_discover (): enter
05-26 15:36:54.578  4964  5204 I BrcmNfcNfa: nfa_ee_get_tech_route(): power state : 1
05-26 15:36:54.578  4964  5204 I BrcmNfcNfa: TechA route: 0xc0, TechB route: 0x0, TechF route: 0x0, TechB' route: 0x0
05-26 15:36:54.578  4964  5204 I BrcmNfcNfa: requested_disc_mask = 0x140000, xx=0
05-26 15:36:54.578  4964  5204 I BrcmNfcNfa: poll_mask=0x0 listen_mask=0x0
05-26 15:36:54.578  4964  5204 I BrcmNfcNfa: listen_mask value after NFC-A = 0x40000
05-26 15:36:54.578  4964  5204 I BrcmNfcNfa: listen_mask value after NFC-B = 0x140000
05-26 15:36:54.578  4964  5204 I BrcmNfcNfa: listen_mask value after NFC-F = 0x140000
05-26 15:36:54.578  4964  5204 I BrcmNfcNfa: listen_mask value after NFC-B Prime = 0x140000
05-26 15:36:54.578  4964  5204 I BrcmNfcNfa: dm_disc_mask = 0x0
05-26 15:36:54.578  4964  5204 I BrcmNfcNfa: listen_mask value after T1T and T2T = 0x140000
05-26 15:36:54.578  4964  5204 I BrcmNfcNfa: listen_mask value after NFC-DEP = 0x140000
05-26 15:36:54.578  4964  5204 D NfcAdaptation: getNodeNumValue get node /sys/nfc/nfc_wired_ese_type with value: 2!
05-26 15:36:54.578  4964  5204 I BrcmNfcNfa: override_enableflag - 1
05-26 15:36:54.578  4964  5204 I BrcmNfcNfa: override_listentech - 0
05-26 15:36:54.578  4964  5204 I BrcmNfcNfa: listen_mask - 0x200000
05-26 15:36:54.578  4964  5204 I BrcmNfcNfa: nfa_dm_cb.disc_cb.entry[0].selected_disc_mask = 0x200000
05-26 15:36:54.578  4964  5204 I BrcmNfcNfa: selected dm_disc_mask 0x200000 for entry[0]
05-26 15:36:54.578  4964  5204 I BrcmNfcNfa: requested_disc_mask = 0x340000, xx=1
05-26 15:36:54.578  4964  5204 I BrcmNfcNfa: poll_mask=0x0 listen_mask=0x0
05-26 15:36:54.578  4964  5204 I BrcmNfcNfa: listen_mask value after NFC-A = 0x40000
05-26 15:36:54.578  4964  5204 I BrcmNfcNfa: listen_mask value after NFC-B = 0x140000
05-26 15:36:54.578  4964  5204 I BrcmNfcNfa: listen_mask value after NFC-F = 0x340000
05-26 15:36:54.578  4964  5204 I BrcmNfcNfa: listen_mask value after NFC-B Prime = 0x340000
05-26 15:36:54.578  4964  5204 I BrcmNfcNfa: dm_disc_mask = 0x200000
05-26 15:36:54.578  4964  5204 I BrcmNfcNfa: listen_mask value after T1T and T2T = 0x340000
05-26 15:36:54.578  4964  5204 I BrcmNfcNfa: listen_mask value after NFC-DEP = 0x340000
05-26 15:36:54.578  4964  5204 D NfcAdaptation: getNodeNumValue get node /sys/nfc/nfc_wired_ese_type with value: 2!
05-26 15:36:54.578  4964  5204 I BrcmNfcNfa: override_enableflag - 1
05-26 15:36:54.578  4964  5204 I BrcmNfcNfa: override_listentech - 0
05-26 15:36:54.578  4964  5204 I BrcmNfcNfa: listen_mask - 0x200000
05-26 15:36:54.578  4964  5204 I BrcmNfcNfa: nfa_dm_cb.disc_cb.entry[1].selected_disc_mask = 0x200000
05-26 15:36:54.578  4964  5204 I BrcmNfcNfa: selected dm_disc_mask 0x200000 for entry[1]
05-26 15:36:54.578  4964  5204 I BrcmNfcNfa: requested_disc_mask = 0x7d7f, xx=2
05-26 15:36:54.578  4964  5204 I BrcmNfcNfa: poll_mask=0x7D7F listen_mask=0x0
05-26 15:36:54.578  4964  5204 I BrcmNfcNfa: listen_mask value after NFC-A = 0x0
05-26 15:36:54.578  4964  5204 I BrcmNfcNfa: listen_mask value after NFC-B = 0x0
05-26 15:36:54.578  4964  5204 I BrcmNfcNfa: listen_mask value after NFC-F = 0x0
05-26 15:36:54.578  4964  5204 I BrcmNfcNfa: listen_mask value after NFC-B Prime = 0x0
05-26 15:36:54.578  4964  5204 I BrcmNfcNfa: dm_disc_mask = 0x200000
05-26 15:36:54.578  4964  5204 I BrcmNfcNfa: listen_mask value after T1T and T2T = 0x0
05-26 15:36:54.578  4964  5204 I BrcmNfcNfa: listen_mask value after NFC-DEP = 0x0
05-26 15:36:54.578  4964  5204 D NfcAdaptation: getNodeNumValue get node /sys/nfc/nfc_wired_ese_type with value: 2!
05-26 15:36:54.578  4964  5204 I BrcmNfcNfa: override_enableflag - 1
05-26 15:36:54.578  4964  5204 I BrcmNfcNfa: override_listentech - 0
05-26 15:36:54.578  4964  5204 I BrcmNfcNfa: listen_mask - 0x200000
05-26 15:36:54.578  4964  5204 I BrcmNfcNfa: nfa_dm_cb.disc_cb.entry[2].selected_disc_mask = 0x207d7f
05-26 15:36:54.578  4964  5204 I BrcmNfcNfa: selected dm_disc_mask 0x207D7F for entry[2]
05-26 15:36:54.578  4964  5204 I BrcmNfcNfa: requested_disc_mask = 0xc400000, xx=3
05-26 15:36:54.578  4964  5204 I BrcmNfcNfa: poll_mask=0x0 listen_mask=0x0
05-26 15:36:54.578  4964  5204 I BrcmNfcNfa: listen_mask value after NFC-A = 0x4000000
05-26 15:36:54.578  4964  5204 I BrcmNfcNfa: listen_mask value after NFC-B = 0x4000000
05-26 15:36:54.578  4964  5204 I BrcmNfcNfa: listen_mask value after NFC-F = 0xc400000
05-26 15:36:54.578  4964  5204 I BrcmNfcNfa: listen_mask value after NFC-B Prime = 0xc400000
05-26 15:36:54.578  4964  5204 I BrcmNfcNfa: dm_disc_mask = 0x207d7f
05-26 15:36:54.578  4964  5204 I BrcmNfcNfa: listen_mask value after T1T and T2T = 0xc400000
05-26 15:36:54.578  4964  5204 I BrcmNfcNfa: listen_mask value after NFC-DEP = 0xc400000
05-26 15:36:54.578  4964  5204 D NfcAdaptation: getNodeNumValue get node /sys/nfc/nfc_wired_ese_type with value: 2!
05-26 15:36:54.578  4964  5204 I BrcmNfcNfa: override_enableflag - 1
05-26 15:36:54.578  4964  5204 I BrcmNfcNfa: override_listentech - 0
05-26 15:36:54.578  4964  5204 I BrcmNfcNfa: listen_mask - 0xc600000
05-26 15:36:54.578  4964  5204 I BrcmNfcNfa: nfa_dm_cb.disc_cb.entry[3].selected_disc_mask = 0xc600000
05-26 15:36:54.578  4964  5204 I BrcmNfcNfa: selected dm_disc_mask 0xC607D7F for entry[3]
05-26 15:36:54.578  4964  5204 I BrcmNfcNfa: dm_disc_mask calculated finally for discovery: 0xC607D7F
05-26 15:36:54.578  4964  5204 D NfcAdaptation: find found NXP_FWD_FUNCTIONALITY_ENABLE=(0x0)
05-26 15:36:54.578  4964  5204 D NfcAdaptation: find found HOST_LISTEN_TECH_MASK=(0x7)
05-26 15:36:54.578  4964  5204 I BrcmNfcNfa: nfa_dm_start_rf_discover:HOST_LISTEN_TECH_MASK = 0x07;
05-26 15:36:54.578  4964  5204 D NfcAdaptation: find found UICC_LISTEN_TECH_MASK=(0x7)
05-26 15:36:54.578  4964  5204 I BrcmNfcNfa: nfa_dm_start_rf_discover:UICC_LISTEN_TECH_MASK = 0x07;
05-26 15:36:54.578  4964  5204 D NfcAdaptation: find found P2P_LISTEN_TECH_MASK=(0xC4)
05-26 15:36:54.578  4964  5204 I BrcmNfcNfa: nfa_dm_start_rf_discover:P2P_LISTEN_TECH_MASK = 0x0C4;
05-26 15:36:54.578  4964  5204 I BrcmNfcNfa: nfa_ee_find_ecb ()
05-26 15:36:54.578  4964  5204 I BrcmNfcNfa: Cannot find cb for given nfcee_id: 0x2
05-26 15:36:54.578  4964  5204 I BrcmNfcNfa: supported tech list is 0x00 for given nfcee_id: 0x2 
05-26 15:36:54.578  4964  5204 I BrcmNfcNfa: nfa_p2p_set_config ()
05-26 15:36:54.578  4964  5204 I BrcmNfcNfa: LLCP_GetDiscoveryConfig ()
05-26 15:36:54.578  4964  5204 I BrcmNfcNfa: nfa_dm_check_set_config () tlv_len=22
05-26 15:36:54.578  4964  5204 I BrcmNfcNfa: nfa_dm_check_set_config () tlv_len=25
05-26 15:36:54.578  4964  5204 I BrcmNfcNfa: nfa_dm_check_set_config () tlv_len=3
05-26 15:36:54.578  4964  5204 I BrcmNfcNfa: dm_disc_mask before masking = 0xc607d7f
05-26 15:36:54.578  4964  5204 I BrcmNfcNfa: dm_disc_mask after masking = 0xc607d7f
05-26 15:36:54.578  4964  5204 I BrcmNfcNfa: nfa_dm_get_rf_discover_config : dm_disc_mask = 0x0C607D7F
05-26 15:36:54.578  4964  5204 I BrcmNfcNfa: nfa_dm_set_listen_mode_set_configs : tech_proto_mask = 0x0C607D7F
05-26 15:36:54.578  4964  5204 D NfcAdaptation: find found HOST_LISTEN_TECH_MASK=(0x7)
05-26 15:36:54.578  4964  5204 I BrcmNfcNfa: nfa_dm_set_listen_mode_set_configs : HOST_LISTEN_TECH_MASK = 0x07;
05-26 15:36:54.578  4964  5204 I BrcmNfcNfa: nfa_dm_set_listen_mode_set_configs : LA_SEL_INFO = 0x0;
05-26 15:36:54.578  4964  5204 I BrcmNfcNfa: nfa_dm_set_listen_mode_set_configs : LB_SENSB_INFO = 0x0;
05-26 15:36:54.578  4964  5204 I BrcmNfcNfa: nfa_dm_set_listen_mode_set_configs : LF_PROTOCOL_TYPE = 0x2;
05-26 15:36:54.578  4964  5204 I BrcmNfcNfa: nfa_dm_check_set_config () tlv_len=9
05-26 15:36:54.578  4964  5204 I BrcmNfcNfa: nfa_dm_check_set_config () updated_len=3
05-26 15:36:54.578  4964  5204 I BrcmNfcNfa: nfc_ncif_send_cmd()
05-26 15:36:54.578  4964  5204 I BrcmNfcNfa: nfc_ncif_check_cmd_queue : Writing to HAL...
05-26 15:36:54.578  4964  5204 I BrcmNfcNfa: nfc_ncif_check_cmd_queue : cmd_size:4
05-26 15:36:54.578  4964  5204 D NfcAdaptation: NfcAdaptation::HalWrite
05-26 15:36:54.578   591   591 D NxpExtns: find found MIFARE_READER_ENABLE=(0x1)
05-26 15:36:54.579   591  5229 D NxpTml  : PN54X - Write requested.....
05-26 15:36:54.579   591  5229 D NxpTml  : PN54X - Invoking I2C Write.....
05-26 15:36:54.579  1306 10424 I chatty  : uid=1000(system) Binder:1306_1D expire 1 line
05-26 15:36:54.580   591  5229 D NxpTml  : PN54X - I2C Write successful.....
05-26 15:36:54.580   591  5229 D NxpTml  : PN54X - Posting Fresh Write message.....
05-26 15:36:54.580   591  5229 D NxpTml  : PN54X - Tml Writer Thread Running................
05-26 15:36:54.580   591  5231 D NxpHal  : write successful status = 0x0
05-26 15:36:54.581 13635 13787 I HwNetworkPolicyManager: getHwUidPolicy uid = 10056 policy = 0
05-26 15:36:54.581  4964  5204 I BrcmNfcNfa: nfa_dm_set_total_duration ()
05-26 15:36:54.581  4964  5204 I BrcmNfcNfa: nfa_dm_check_set_config () tlv_len=4
05-26 15:36:54.581  4964  5204 I BrcmNfcNfa: NFC_DiscoveryStart
05-26 15:36:54.581  4964  5204 I BrcmNfcNfa: NFC_DiscoveryStart status: 0xe3
05-26 15:36:54.583   591  5228 D NxpTml  : PN54X - I2C Read successful.....len = 5
05-26 15:36:54.583   591  5228 D NxpTml  : PN54X - Posting read message.....
05-26 15:36:54.583   591  5231 D NxpHal  : read successful status = 0x0
05-26 15:36:54.583   591  5231 D NxpHal  : phNxpNciHal_print_res_status: response status =STATUS_OK
05-26 15:36:54.583   591  5228 D NxpTml  : PN54X - Read requested.....
05-26 15:36:54.583  4964  5204 I BrcmNfcNfa: NFC received rsp gid:0
05-26 15:36:54.583   591  5228 D NxpTml  : PN54X - Invoking I2C Read.....
05-26 15:36:54.583  4964  5204 I BrcmNfcNfa: nci_proc_core_rsp opcode:0x2
05-26 15:36:54.583  4964  5204 I BrcmNfcNfa: nfa_dm_nfc_response_cback () NFC_SET_CONFIG_REVT(0x5002)
05-26 15:36:54.583  4964  5204 D NfcAdaptation: NfcAdaptation::HalPrediscover
05-26 15:36:54.583  1306  6210 I chatty  : uid=1000(system) Binder:1306_15 expire 1 line
05-26 15:36:54.584  4964  5204 I BrcmNfcNfa: nfc_ncif_send_cmd()
05-26 15:36:54.584  4964  5204 I BrcmNfcNfa: nfc_ncif_check_cmd_queue : Writing to HAL...
05-26 15:36:54.584  4964  5204 I BrcmNfcNfa: nfc_ncif_check_cmd_queue : cmd_size:21
05-26 15:36:54.584  4964  5204 D NfcAdaptation: NfcAdaptation::HalWrite
05-26 15:36:54.584   591   591 D NxpExtns: find found MIFARE_READER_ENABLE=(0x1)
05-26 15:36:54.584   591   591 D NxpHal  : > Polling Loop Started
05-26 15:36:54.584   591  5229 D NxpTml  : PN54X - Write requested.....
05-26 15:36:54.584   591  5229 D NxpTml  : PN54X - Invoking I2C Write.....
05-26 15:36:54.585   591  5229 D NxpTml  : PN54X - I2C Write successful.....
05-26 15:36:54.585   591  5229 D NxpTml  : PN54X - Posting Fresh Write message.....
05-26 15:36:54.585   591  5229 D NxpTml  : PN54X - Tml Writer Thread Running................
05-26 15:36:54.585   591  5231 D NxpHal  : write successful status = 0x0
05-26 15:36:54.587   591  5228 D NxpTml  : PN54X - I2C Read successful.....len = 4
05-26 15:36:54.587   591  5228 D NxpTml  : PN54X - Posting read message.....
05-26 15:36:54.587   591  5231 D NxpHal  : read successful status = 0x0
05-26 15:36:54.587  4964  5204 I BrcmNfcNfa: NFC received rsp gid:1
05-26 15:36:54.587  4964  5204 I BrcmNfcNfa: returning true
05-26 15:36:54.587  4964  5204 I BrcmNfcNfa: nfa_dm_disc_discovery_cback (): event:0x4000
05-26 15:36:54.587  4964  5204 I BrcmNfcNfa: nfa_dm_disc_sm_execute (): state: IDLE (0), event: DISCOVER_RSP(1) disc_flags: 0x31
05-26 15:36:54.587  4964  5204 I BrcmNfcNfa: nfa_dm_disc_new_state (): old_state: IDLE (0), new_state: DISCOVERY (1) disc_flags: 0x11
05-26 15:36:54.587  4964  5204 I BrcmNfcNfa: nfa_dm_poll_disc_cback (): event:0x00
05-26 15:36:54.587  4964  5204 I BrcmNfcNfa: nfa_p2p_discovery_cback (): event:0x00
05-26 15:36:54.587  4964  5204 I BrcmNfcJni: nfaConnectionCallback: Connection Event = 30
05-26 15:36:54.587  4964  5204 D BrcmNfcJni: nfaConnectionCallback: NFA_RF_DISCOVERY_STARTED_EVT: status = 0x0
05-26 15:36:54.587  4964  5204 I BrcmNfcNfa: nfa_dm_disc_sm_execute (): new state: DISCOVERY (1), disc_flags: 0x1
05-26 15:36:54.587  4964  4964 D BrcmNfcJni: startRfDiscovery: is exit=1
05-26 15:36:54.587  4964  4964 D BrcmNfcJni: PowerSwitch::setModeOn(activated=0x1) : mCurrActivity=0x1
05-26 15:36:54.587  4964  4964 D BrcmNfcJni: transactionEnd: Transaction control timer killed
05-26 15:36:54.587  4964  4964 D BrcmNfcJni: transactionEnd: Transaction ended : 8 
05-26 15:36:54.587  4964  4964 D BrcmNfcJni: nfcManager_enableDiscovery: exit
05-26 15:36:54.587   591  5228 D NxpTml  : PN54X - Read requested.....
05-26 15:36:54.587   591  5228 D NxpTml  : PN54X - Invoking I2C Read.....
05-26 15:36:54.588  3839  3872 I DataSrv-9.2.0.301-O-0420-16:37-ResidentNotifyFlow: stragegy is init.
05-26 15:36:54.589  3839  3872 I DataSrv-9.2.0.301-O-0420-16:37-Notification: dismiss, id:107
05-26 15:36:54.591  3839  3872 I DataSrv-9.2.0.301-O-0420-16:37-Notification: onDestroy, id:107
05-26 15:36:54.591  5925 23714 D mali_winsys: EGLint new_window_surface(egl_winsys_display *, void *, EGLSurface, EGLConfig, egl_winsys_surface **, EGLBoolean) returns 0x3000
05-26 15:36:54.591  3839  3872 I DataSrv-9.2.0.301-O-0420-16:37-ResidentNotifyFlow: runAlert, end
05-26 15:36:54.595 16662 16662 E JankService: child Thread receive to stop
05-26 15:36:54.599   568  7898 I chatty  : uid=1000(system) HwBinder:568_3 expire 2 lines
05-26 15:36:54.600  1306  1306 I chatty  : uid=1000 system_server expire 4 lines
05-26 15:36:54.601  2612  2834 E HwLauncher: SettingsEx , no such field.
05-26 15:36:54.602  2612  2834 W HwLauncher: Clock getDataFormat the getSystemString failed.
05-26 15:36:54.610  1306  1320 I chatty  : uid=1000(system) Binder:1306_2 expire 1 line
05-26 15:36:54.611  1306  2923 I chatty  : uid=1000(system) Binder:1306_A expire 2 lines
05-26 15:36:54.611  2612  2612 D ZrHung.AppEyeUiProbe: notify runnable to start.
05-26 15:36:54.612  2612  2850 D ZrHung.AppEyeUiProbe: restart watching
05-26 15:36:54.614  5925  5925 I ViewRootImpl: jank_removeInvalidNode all the node in jank list is out of time
05-26 15:36:54.618 13156 16150 I HiSearch9.11.3.301: [LauncherOverlayService]: LAUNCHER_INTERACTION from launcher and invoke id = -111
05-26 15:36:54.618 13156 16150 I HiSearch9.11.3.301: [LauncherOverlayService]: isOverlayClosed = true
05-26 15:36:54.618 13156 16150 I HiSearch9.11.3.301: [LauncherOverlayService]: LAUNCHER_INTERACTION from launcher and invoke, overlay closed, return. 
05-26 15:36:54.619 15718 16546 D WorkSource: Insert in WorkSource{} @ 0 uid 10099 name com.google.android.gms
05-26 15:36:54.619  1306  1502 I chatty  : uid=1000(system) Binder:1306_4 expire 6 lines
05-26 15:36:54.623  1306  1467 I chatty  : uid=1000(system) AlarmManager expire 5 lines
05-26 15:36:54.624  1306  2211 I chatty  : uid=1000(system) tworkPolicy.uid expire 1 line
05-26 15:36:54.624  2612 12666 D HwRecentsTaskUtils: refreshToCache
05-26 15:36:54.624  2612 12666 D HwRecentsTaskUtils: searchFromDate
05-26 15:36:54.624  1306  1340 I chatty  : uid=1000(system) HwGameAssistant expire 1 line
05-26 15:36:54.624  1306  2279 I chatty  : uid=1000(system) HwHiStreamManag expire 10 lines
05-26 15:36:54.624  1306  2283 I chatty  : uid=1000(system) HwHiNetworkMana expire 8 lines
05-26 15:36:54.624  1306  1326 I chatty  : uid=1000(system) HwActivityManag expire 2 lines
05-26 15:36:54.624  1306  8210 I chatty  : uid=1000(system) HwAPPQoEActivit expire 14 lines
05-26 15:36:54.626  1306 10300 I chatty  : uid=1000(system) Binder:1306_1C expire 17 lines
05-26 15:36:54.627  1306  2206 I chatty  : uid=1000(system) NetdConnector expire 6 lines
05-26 15:36:54.628  1306  2211 I chatty  : uid=1000(system) tworkPolicy.uid expire 3 lines
05-26 15:36:54.630   605   868 D         : doWinFrameOptStatusRecog begin to recog Layer result=2
05-26 15:36:54.631  2612  2918 D mali_winsys: EGLint new_window_surface(egl_winsys_display *, void *, EGLSurface, EGLConfig, egl_winsys_surface **, EGLBoolean) returns 0x3000
05-26 15:36:54.631  2960  3094 W JankService: BACK_TO_LAUNCHER_TIMEOUT: JL_LAUNCHER_ONRESUMED and JL_HOME_KEY_PRESS too long| span:2420 > C(1500), C
05-26 15:36:54.633  2528  3084 I chatty  : uid=1000(system) Binder:2528_4 expire 13 lines
05-26 15:36:54.635  2612 12666 I RecentsTaskLoadPlan: to show tasks size is 16
05-26 15:36:54.642   568   969 I GRALLOC : getCallingPid=605, shrFd=31,fmt=0x1,intFmt=0x200000001,btStrd=4352,size=8486912,pid=568 
05-26 15:36:54.642   568   969 I GRALLOC : 	 yuv=2,w=1080,h=1920,Stride u=0 v=0,offset u=0 v=0 
05-26 15:36:54.642   568   969 I GRALLOC : 	 iova_size=8486912,conUsg=0x900,proUsg=0x900,	 strd=1088,[afbc]HdrStrd=1088 PyldStrd=69632 Scrmbl=2,ionhnd = 1 
05-26 15:36:54.643  2583  3458 I hibernation: front pkg : com.huawei.android.launcher launcher: true
05-26 15:36:54.644  9850  9850 I [10.4.0.305]HiCloud.SyncObserverService: sendMessageDelayed isUserPresent,isCharging,breakedtime = 300000
05-26 15:36:54.645  2583  3458 I hibernation: user start walking
05-26 15:36:54.645  2583  3483 I PGServer: report state:10010 event type:2 pid:0 uid:0 pkg:com.huawei.android.launcher to pid: 2583
05-26 15:36:54.645  2583  3483 I SceneReceiver: state type: 10010 eventType:2 pid:0 uid:0 pkg:com.huawei.android.launcher
05-26 15:36:54.649  2583  3483 I PGServer: report state:10010 event type:2 pid:0 uid:0 pkg:com.huawei.android.launcher to pid: 1306
05-26 15:36:54.649  2583  3483 I PGServer: report state:10000 event type:1 pid:0 uid:0 pkg:com.tencent.mobileqq to pid: 2583
05-26 15:36:54.649  2583  3483 I SceneReceiver: state type: 10000 eventType:1 pid:0 uid:0 pkg:com.tencent.mobileqq
05-26 15:36:54.649  2583  3668 D HwThermalStateManager: current foreapp pkg : com.tencent.mobileqq
05-26 15:36:54.650  2583  3668 D HwThermalStateManager: handle thermal policy:100040
05-26 15:36:54.655  2583  3669 W ThermalTraceTool: IOException:java.io.IOException: read failed: EIO (I/O error)
05-26 15:36:54.655  2583  3483 I PGServer: report state:10000 event type:1 pid:0 uid:0 pkg:com.tencent.mobileqq to pid: 1306
05-26 15:36:54.655  2583  4735 I PGServer: checkPkgType. calling pkg: android
05-26 15:36:54.655  2583  4735 I PGServer: checkPkgType. calling pkg: android
05-26 15:36:54.656  2583  3483 I PGServer: report state:10000 event type:2 pid:0 uid:0 pkg:com.tencent.mobileqq to pid: 2583
05-26 15:36:54.656  2583  3483 I SceneReceiver: state type: 10000 eventType:2 pid:0 uid:0 pkg:com.tencent.mobileqq
05-26 15:36:54.656  2528  3185 D HicomMonitor: onForegroundAppChanged is called
05-26 15:36:54.658  2960  3094 E JankService: logCaptureFilter: not the beta version or delimitation frozen, no need to capture log
05-26 15:36:54.658  2960  3094 E JankService: ### JankSchedHwRead error!
05-26 15:36:54.659  2583  3483 I PGServer: report state:10000 event type:2 pid:0 uid:0 pkg:com.tencent.mobileqq to pid: 1306
05-26 15:36:54.659  2583  3483 I PGServer: report state:10010 event type:1 pid:0 uid:0 pkg:com.huawei.android.launcher to pid: 2583
05-26 15:36:54.659  2583  3483 I SceneReceiver: state type: 10010 eventType:1 pid:0 uid:0 pkg:com.huawei.android.launcher
05-26 15:36:54.660  2583  3668 D HwThermalStateManager: current foreapp pkg : com.huawei.android.launcher
05-26 15:36:54.662  2583  3669 W ThermalTraceTool: IOException:java.io.IOException: read failed: EIO (I/O error)
05-26 15:36:54.663  2960  3094 E JankService: update dlm info failed
05-26 15:36:54.663  2583  3483 I PGServer: report state:10010 event type:1 pid:0 uid:0 pkg:com.huawei.android.launcher to pid: 1306
05-26 15:36:54.663  2583  3668 D HwThermalStateManager: handle thermal policy:10000
05-26 15:36:54.663  2583  4735 I PGServer: checkPkgType. calling pkg: android
05-26 15:36:54.664  2583  4735 I PGServer: checkPkgType. calling pkg: android
05-26 15:36:54.666   568   969 I GRALLOC : getCallingPid=605, shrFd=31,fmt=0x1,intFmt=0x200000001,btStrd=4352,size=8486912,pid=568 
05-26 15:36:54.666   568   969 I GRALLOC : 	 yuv=2,w=1080,h=1920,Stride u=0 v=0,offset u=0 v=0 
05-26 15:36:54.666   568   969 I GRALLOC : 	 iova_size=8486912,conUsg=0xb00,proUsg=0xb00,	 strd=1088,[afbc]HdrStrd=1088 PyldStrd=69632 Scrmbl=2,ionhnd = 1 
05-26 15:36:54.669   578  1027 D asd_primary_out: L[0],R[0], continus 20 times!
05-26 15:36:54.671  2612  2612 I ViewRootImpl: jank_removeInvalidNode all the node in jank list is out of time
05-26 15:36:54.673  1306  2829 I chatty  : uid=1000(system) Binder:1306_7 expire 8 lines
05-26 15:36:54.673  2960  3094 I iMonitor: create: 902600002
05-26 15:36:54.676   605   868 D         : doWinFrameOptStatusRecog begin to recog Layer result=2
05-26 15:36:54.677 16635 16668 I chatty  : uid=10017(com.android.gallery3d) h84GfImnOp9sd44 expire 1 line
05-26 15:36:54.679   605   868 D         : doWinFrameOptStatusRecog begin to recog Layer result=2
05-26 15:36:54.682 16635 16669 I chatty  : uid=10017(com.android.gallery3d) expire 3 lines
05-26 15:36:54.684   568   969 I GRALLOC : getCallingPid=605, shrFd=31,fmt=0x1,intFmt=0x1,btStrd=4352,size=8355840,pid=568 
05-26 15:36:54.684   568   969 I GRALLOC : 	 yuv=2,w=1080,h=1920,Stride u=0 v=0,offset u=0 v=0 
05-26 15:36:54.684   568   969 I GRALLOC : 	 iova_size=8355840,conUsg=0x306,proUsg=0x366,	 strd=1088,[afbc]HdrStrd=0 PyldStrd=0 Scrmbl=0,ionhnd = 1 
05-26 15:36:54.690 16635 16671 I chatty  : uid=10017(com.android.gallery3d) expire 3 lines
05-26 15:36:54.691  2583  3488 E AwareLog: SPKSchedFeature: Uid has been sent, ignore.
05-26 15:36:54.692 16635 16673 I chatty  : uid=10017(com.android.gallery3d) expire 1 line
05-26 15:36:54.692   726   982 I fpc_tac : Store template db took 314 ms
05-26 15:36:54.695   726   982 D fpc_fingerprint_hal: do_identify took 802 ms, total:2388 wait:1586
05-26 15:36:54.703 16635 16669 I HwApiCacheMangerEx: apicache path=/storage/3866-6630 state=mounted key=com.android.gallery3d#10017#512
05-26 15:36:54.704 16635 16635 D SystemRecycleRecoverService: just over 38087332, no recover system recycle again
05-26 15:36:54.705  2528  3084 D Hicom_EmcomManagerService: registerHandoff: with packageName =  com.android.gallery3d DataType = 3
05-26 15:36:54.705 16635 16635 D RecycleClearService: --schedule-- [onStartCommand] start RecycleClearService.
05-26 15:36:54.706 16635 16678 D PhoneState: charge is true
05-26 15:36:54.706 16635 16678 D PhoneState: battery level is 79
05-26 15:36:54.706 16635 16678 D PhoneState: screen on true
05-26 15:36:54.707   726   982 D fpc_fingerprint_hal: workerFunction STATE_WAIT_FINGER_UP
05-26 15:36:54.707  2612 20155 D HwRecentsTaskUtils: refreshToCache
05-26 15:36:54.707  2612 20155 D HwRecentsTaskUtils: searchFromDate
05-26 15:36:54.708  2528  3084 D HandoffProxy: **HwHandoff registerHandoff . packageName: com.android.gallery3d dataType: 3 callback: android.emcom.IHandoffSdkCallback$Stub$Proxy@f486cc5
05-26 15:36:54.708  2528  3084 D HandoffProxy: **HwHandoff registerHandoff HandoffAppInfo has already exist and reinit.
05-26 15:36:54.711  2528  3084 E HsmCoreServiceImpl: onTransact in code is: 103
05-26 15:36:54.711  2528  3084 I MediaProcessHandler: playingUids: 
05-26 15:36:54.713  2612 20155 I RecentsTaskLoadPlan: to show tasks size is 16
05-26 15:36:54.713 16635 16635 D Gallery2_Merge_MergeClassifyDataService: merge service started.
05-26 15:36:54.713 16635 16635 D RecycleClearService: --schedule-- RecycleClearService onDestroy
05-26 15:36:54.713 16635 16681 D Gallery2_Merge_MergeClassifyDataService: classify data status : false, false
05-26 15:36:54.713 16635 16681 W Gallery2_Merge_MergeClassifyDataService: general data is downloading. should merge later
05-26 15:36:54.714  2612 20155 E ndroid.launche: Invalid ID 0x00000000.
05-26 15:36:54.714  2612 20155 E IconLoader: Could not find badgeDrawable from resourceResource ID #0x0
05-26 15:36:54.715 16635 16635 D Gallery2_Merge_MergeClassifyDataService: merge service stopped.
05-26 15:36:54.716  1306  2497 I chatty  : uid=1000(system) RenderThread expire 16 lines
05-26 15:36:54.718 16635 16669 D GalleryStorageManager: updateOuterGalleryStorageList innerGalleryStorage:Path:/storage/emulated/0, mounted:true, name:, galleryStorageList:[Path:/storage/3866-6630, mounted:true, name:SanDisk?, index:1]
05-26 15:36:54.719 16635 16669 I AppFeatureLoader: loadFeature entryClazz:com.huawei.gallery.featurelayer.feature.dynamic.PhotoRectifyFeatureEntry clazz:com.huawei.gallery.feature.photorectify.IPhotoRectifyFeature
05-26 15:36:54.722 16635 16669 E FontFamily: Error mapping font file /system/fonts/slim.ttf
05-26 15:36:54.723 16635 16669 W Gallery2_Common_GalleryUtils: the font Slim is not exist!
05-26 15:36:54.724   568   969 I GRALLOC : getCallingPid=1306, shrFd=31,fmt=0x1,intFmt=0x1,btStrd=2304,size=2211840,pid=568 
05-26 15:36:54.724   568   969 I GRALLOC : 	 yuv=2,w=540,h=960,Stride u=0 v=0,offset u=0 v=0 
05-26 15:36:54.724   568   969 I GRALLOC : 	 iova_size=2211840,conUsg=0x100,proUsg=0x100,	 strd=576,[afbc]HdrStrd=0 PyldStrd=0 Scrmbl=0,ionhnd = 1 
05-26 15:36:54.728 16635 16654 D DE I -de: native_init:66: Loading algorithms
05-26 15:36:54.728 16635 16654 D DE I -de: initLogSwitch:24: isProductDebuggable=0, isDebugLogOn=0
05-26 15:36:54.731   568   969 I GRALLOC : getCallingPid=605, shrFd=31,fmt=0x1,intFmt=0x200000001,btStrd=4352,size=8486912,pid=568 
05-26 15:36:54.731   568   969 I GRALLOC : 	 yuv=2,w=1080,h=1920,Stride u=0 v=0,offset u=0 v=0 
05-26 15:36:54.731   568   969 I GRALLOC : 	 iova_size=8486912,conUsg=0xb00,proUsg=0xb00,	 strd=1088,[afbc]HdrStrd=1088 PyldStrd=69632 Scrmbl=2,ionhnd = 1 
05-26 15:36:54.733  2960  3093 E JankService: all data read ok
05-26 15:36:54.740 21685 21685 I ViewRootImpl: jank_removeInvalidNode all the node in jank list is out of time
05-26 15:36:54.743  2960  3094 E JankService: Failed to get thermalPath[1].
05-26 15:36:54.747 16635 16670 D OpenGLRenderer: Skia GL Pipeline
05-26 15:36:54.752  1306  1306 I chatty  : uid=1000 system_server expire 12 lines
05-26 15:36:54.756  2528  2528 D DaemonMessageAdapter: onMobileSignalStrengthChanged, subId: 0, signalStrength: SignalStrength: 0 0 0 0 32767 -1 32767 -1 -95 -12 0 -1 0 2147483647 0 120 0 255 gsm|lte use_rsrp_and_rssnr_for_lte_level rscp [-128, -118, -108, -98] [-115, -105, -95, -85]
05-26 15:36:54.756  2528  2528 D DaemonMessageAdapter: SignalStrength update result, ss: SignalStrengthInfo: 204257099 mGsmSignalStrength: 0 mWcdmaRscp: 0 mWcdmaEcio: 255 mLteRsrp: -95 mLteRsrq: -12 mCdmaDbm: 0 mCdmaEcio: 0 mEvdoDbm: 32767 mEvdoEcio: -1 mLteRssnr: 0
05-26 15:36:54.756  2528  2528 D Hicom_SysEnvMonitor: onMobileSignalStrengthChanged
05-26 15:36:54.756  2528  2858 I HidataAppQoeP: handleStateChanged reason=6
05-26 15:36:54.756  2528  2858 I BrowserChrP: handleStateChanged
05-26 15:36:54.757  2340  2466 I chatty  : uid=10039(com.huawei.HwMultiScreenShot) SystemUI_subThr expire 26 lines
05-26 15:36:54.757   551   623 E HwNetBoosterController: nb_send_nlmsg_to_kernel:socket not open
05-26 15:36:54.759 21685 21685 D ZrHung.AppEyeUiProbe: stop checker.
05-26 15:36:54.772 16635 16654 I Gallery2_Common_DisplayEngine: init() getCapability mEnable=true, mWideColorGamutSupported=true
05-26 15:36:54.773 16635 16654 D Gallery2_Search_SearchPolicy: getSearchFeatureInstance begin:
05-26 15:36:54.773 16635 16654 I AppFeatureLoader: loadFeature entryClazz:com.huawei.gallery.featurelayer.feature.dynamic.SearchFeatureEntry clazz:com.huawei.gallery.feature.search.ISearchFeature
05-26 15:36:54.774 16635 16669 I Gallery2_cloud_PhotoShareUtils: storage size: 52G
05-26 15:36:54.778 16635 16654 D Gallery2_Search_SearchPolicy: Load search feature success? true
05-26 15:36:54.778 16635 16654 D Gallery2_Search_SearchPolicy: getSearchFeatureInstance begin:
05-26 15:36:54.780 16635 16670 D Gallery2_Common_HwCustUtilsWrapper: start init HwCustUtils
05-26 15:36:54.780 16635 16670 D Gallery2_Common_HwCustUtilsWrapper: init HwCustUtils success !!!
05-26 15:36:54.785 16635 16654 E Gallery2_Common_TouchForceManager: NoSuchMethodException com.huawei.android.app.Activity failed
05-26 15:36:54.786 16635 16670 D Gallery2_Common_HwCustUtilsWrapper: method find result public static java.lang.Object com.huawei.cust.HwCustUtils.createObj(java.lang.Class,java.lang.Object[])
05-26 15:36:54.786  2960  3094 I iMonitor: send: 902600002
05-26 15:36:54.787 16635 16670 I Gallery2_Common_GalleryDBHelper: database version : 100000140
05-26 15:36:54.787 16635 16670 D Gallery2_Common_GalleryProvider: upgrade ImageCollection aesthetic_score multi ten
05-26 15:36:54.787   684   684 I CameraDeviceClient: ~CameraDeviceClient 1: Released!
05-26 15:36:54.787   684   684 I HwPerformEx: ~HwPerformEx(0xe6bf2ee0), camera 1.
05-26 15:36:54.787   684   684 I Camera2ClientBase: Closed Camera 1. Client was: com.android.systemui (PID 2340, UID 10039)
05-26 15:36:54.795  2583  3548 E AwareLog: GameSdkConfigReader: GameSdkLog: idNameMap: null
05-26 15:36:54.795  2528  3185 D HicomMonitor: doBroadcastMessage  action id: 16
05-26 15:36:54.795  2583  3488 W AwareLog: SmartIO2DMEPlugin: unknown process state: 1
05-26 15:36:54.796  2528  9509 I BoosterSwitchP: notifyUidState do nothing
05-26 15:36:54.796  2528  9509 I DeepNoDisturbP: notifyUidState
05-26 15:36:54.796  2528  9509 I HidataAppQoeP: notifyUidState
05-26 15:36:54.796  2528  9509 I BrowserChrP: notifyUidState
05-26 15:36:54.797   683  2378 D iTouchService: itouch currentPackageName=com.tencent.mobileqq
05-26 15:36:54.797   683  2378 D iTouchService: itouch appType=0 appState=0 gameMode=1
05-26 15:36:54.797   683  2378 D iTouchService: itouch getCurrentParmID tempPkg=com.tencent.xxx
05-26 15:36:54.797   683  2378 D iTouchService: itouch:app com.tencent.mobileqq is  not game app
05-26 15:36:54.797   683  2378 D iTouchService: itouch:game_switch is disable
05-26 15:36:54.797   683  2378 D iTouchService: itouch:styluspen_switch is disable
05-26 15:36:54.797   683  2378 D iTouchService: itouch:currentAppTypeName =|IM|
05-26 15:36:54.797  1306  1471 I chatty  : uid=1000(system) sManagerService expire 6 lines
05-26 15:36:54.798 16635 16669 V Gallery2_cloud_PhotoShareUtils: com.huawei.hidisk result = true
05-26 15:36:54.798 21685 21685 D ViewRootImpl[QQLSActivity]: surface should not be released
05-26 15:36:54.798 16635 16669 V Gallery2_cloud_PhotoShareUtils: Initialize finished
05-26 15:36:54.799 16635 16669 D Gallery2_cloud_CloudAlbumSdkHelper: initCloudAlbumSdk start 
05-26 15:36:54.799 16635 16669 D Gallery2_cloud_CloudAlbumSdkHelper: CloudAlbumSdk getInstance
05-26 15:36:54.799 16635 16669 D Gallery2_cloud_CloudAlbumSdkHelper: init ...
05-26 15:36:54.799 16635 16669 D CloudAlbumSDK[10.3.1.301].CloudAlbumSdk: init
05-26 15:36:54.800  2960  3094 W JankService: processEntry, not beta version or commercial log off
05-26 15:36:54.802 16635 16669 D CloudAlbumSDK[10.3.1.301].CloudAlbumSdk: Handler size add to: 1
05-26 15:36:54.803   726   982 D fpc_fingerprint_hal: wait_finger_up FPC_LIB_FINGER_LOST
05-26 15:36:54.803   726   982 D fpc_fingerprint_hal: wait_finger_up, took 95 ms
05-26 15:36:54.808 16635 16669 D CloudAlbumSDK[10.3.1.301].CloudAlbumSdk: Handler size add to: 2
05-26 15:36:54.809 16635 16669 D CloudAlbumSDK[10.3.1.301].CloudAlbumSdk: Handler size add to: 3
05-26 15:36:54.810 16635 16669 D CloudAlbumSDK[10.3.1.301].CloudAlbumSdk: Handler size add to: 4
05-26 15:36:54.812   726   982 D fpc_fingerprint_hal: workerFunction STATE_NAVIGATION
05-26 15:36:54.821 21685 21685 D ActivityThread: Remove activity client record, r= ActivityRecord{d1bce95 token=android.os.BinderProxy@7a9a733 {com.tencent.mobileqq/com.tencent.mobileqq.activity.QQLSActivity}} token= android.os.BinderProxy@7a9a733
05-26 15:36:54.824 16635 16669 D CloudAlbumSDK[10.3.1.301].CloudAlbumSdk: Handler size add to: 5
05-26 15:36:54.824 16635 16669 D CloudAlbumSDK[10.3.1.301].CloudAlbumServiceProtocol: begin connectService
05-26 15:36:54.829 21685 16398 W libEGL  : EGLNativeWindowType 0xbf0b9808 disconnect failed
05-26 15:36:54.829  1306 12658 I chatty  : uid=1000(system) Binder:1306_20 expire 11 lines
05-26 15:36:54.829 16635 16654 E libscanner: >>>Version:  WB_v363_CC_r<<<
05-26 15:36:54.831 16635 16669 D Gallery2_cloud_CloudAlbumSdkHelper: initCloudAlbumSdk end 
05-26 15:36:54.831 16635 16669 E Gallery2_cloud_LoginAccountUtils: setLoginAccount start
05-26 15:36:54.834  1306  2829 I chatty  : uid=1000(system) Binder:1306_7 expire 8 lines
05-26 15:36:54.835  9888  9888 I [10.4.0.305]CloudAlbum.CloudAlbumSdkService: onCreate
05-26 15:36:54.838 16635 16670 D Gallery2_Common_GalleryProvider: needUpdate : false
05-26 15:36:54.843  2960  3661 I         : DPTEST  EventId is not need Hash
05-26 15:36:54.852 16635 16670 V Gallery2_cloud_CloudStateUtils: querySwitchStatus return 0
05-26 15:36:54.853 16635 16635 D Gallery2_Common_DataManager: registerChangeNotifier uri is content://com.huawei.gallery.provider/merge/gallery_media
05-26 15:36:54.854   494   494 I chatty  : uid=1000(system) keymaster@3.0-s expire 84 lines
05-26 15:36:54.856 16635 16635 D Gallery2_Common_DataManager: registerChangeNotifier uri is content://com.huawei.gallery.provider/merge/gallery_album
05-26 15:36:54.857 16635 16635 D Gallery2_Common_DataManager: registerChangeNotifier uri is content://moveoutin
05-26 15:36:54.858 16635 16635 D Gallery2_Common_DataManager: registerChangeNotifier uri is content://media/external/images/media
05-26 15:36:54.859 16635 16635 D Gallery2_Common_DataManager: registerChangeNotifier uri is content://media/external/video/media
05-26 15:36:54.860 16635 16635 D Gallery2_Common_DataManager: registerChangeNotifier uri is content://settings/gallery
05-26 15:36:54.860 16635 16635 D Gallery2_Common_DataManager: registerChangeNotifier uri is content://media/external/file
05-26 15:36:54.861  2612 20155 D HwRecentsTaskUtils: refreshToCache
05-26 15:36:54.861  2612 20155 D HwRecentsTaskUtils: searchFromDate
05-26 15:36:54.864  2528  9509 E HsmCoreServiceImpl: onTransact in code is: 103
05-26 15:36:54.864  2528  9509 I MediaProcessHandler: playingUids: 
