06-16 22:04:03.389   707  9903 D MediaExtractorFactory: MediaExtractorFactory::CreateFromService  mime:(null)  uid:1013
06-16 22:04:03.391  4275  4275 I SystemRecycleRecoverService: startSystemRecycleRecoverService
06-16 22:04:03.392   724  1173 I         : DPTEST  EventId is not need Hash
06-16 22:04:03.393 21796  4547 I SystemUpdate: [Execution,InstallationIntentOperation] Received intent: Intent { act=com.google.android.gms.update.INSTALL_UPDATE cat=[targeted_intent_op_prefix:.update.execution.InstallationIntentOperation] cmp=com.google.android.gms/.chimera.GmsIntentOperationService }.
06-16 22:04:03.393  1639  4201 W HwPhoneLayoutInflater: onCreateView : ClassNotFoundException, In this case we want to let the base class take a crack at it
06-16 22:04:03.393  1639  4201 W HwPhoneLayoutInflater: onCreateView : ClassNotFoundException, In this case we want to let the base class take a crack at it
06-16 22:04:03.393  4275  4275 D TuringScreenReceiver: onReceiver action : android.intent.action.BATTERY_CHANGED
06-16 22:04:03.394  4275  4275 D Gallery2_Common_TuringState: setBattery:52
06-16 22:04:03.394  4275  4275 D Gallery2_Common_TuringState: Condition not ok! PowerConnect:true ScreenOff:false BatteryEnough:true
06-16 22:04:03.395  1639  4201 W HwPhoneLayoutInflater: onCreateView : ClassNotFoundException, In this case we want to let the base class take a crack at it
06-16 22:04:03.395  4275  4275 D RecycleClearService: --schedule-- [onStartCommand] start RecycleClearService.
06-16 22:04:03.395  1639  4201 W HwPhoneLayoutInflater: onCreateView : ClassNotFoundException, In this case we want to let the base class take a crack at it
06-16 22:04:03.396  1639  4201 W HwPhoneLayoutInflater: onCreateView : ClassNotFoundException, In this case we want to let the base class take a crack at it
06-16 22:04:03.396   707  9903 D MediaExtractorFactory: Created an extractor 'OggExtractor' with confidence 0.20
06-16 22:04:03.396  4275  4561 D PhoneState: charge is true
06-16 22:04:03.396  4275  4561 D PhoneState: battery level is 52
06-16 22:04:03.396   707  9903 I MediaExtractorService: extractor service created name = OggExtractor,  mime = (null),  uid = 1013 
06-16 22:04:03.397  4275  4561 D PhoneState: screen on true
06-16 22:04:03.398  4275  4275 D Gallery2_Merge_MergeClassifyDataService: merge service started.
06-16 22:04:03.398   709  4556 I GenericSource: initFromDataSource track[0]: audio/vorbis
06-16 22:04:03.398   709  4556 I GenericSource: initFromDataSource mSources.size(): 1  mIsSecure: 0  mime[0]: audio/vorbis
06-16 22:04:03.398   709  4556 I GenericSource: checkDrmInfo: No PSSH
06-16 22:04:03.399   709  4556 I GenericSource: finishPrepareAsync
06-16 22:04:03.399  4275  4562 D Gallery2_Merge_MergeClassifyDataService: classify data status : false, false
06-16 22:04:03.399  4275  4562 W Gallery2_Merge_MergeClassifyDataService: general data is downloading. should merge later
06-16 22:04:03.399   709  4556 I NuPlayer: Source::notifyPrepared 0
06-16 22:04:03.399   709  4556 I GenericSource: onPrepareAsync: Done
06-16 22:04:03.399   709  4555 I NuPlayer: onSourceNotify() kWhatFlagsChanged  FLAG_CAN_PAUSE: 1  FLAG_CAN_SEEK_BACKWARD: 1 
06-16 22:04:03.399   709  4555 I NuPlayer: 				 FLAG_CAN_SEEK_FORWARD: 1  FLAG_CAN_SEEK: 1  FLAG_DYNAMIC_DURATION: 0 
06-16 22:04:03.399   709  4555 I NuPlayer: 				 FLAG_SECURE: 0  FLAG_PROTECTED: 0
06-16 22:04:03.399   709  4555 I NuPlayer: NuPlayer::onSourceNotify Source::kWhatPrepared source: 0xee54a500
06-16 22:04:03.400  4275  4275 D SystemRecycleRecoverService: --schedule-- [onStartCommand] start SystemRecycleRecoverService.
06-16 22:04:03.400  4275  4563 D PhoneState: charge is true
06-16 22:04:03.400  4275  4563 D PhoneState: battery level is 52
06-16 22:04:03.400  4275  4563 D PhoneState: screen on true
06-16 22:04:03.401  4275  4563 I SystemRecycleRecoverService: no running permission
06-16 22:04:03.401  1593  1606 I chatty  : uid=1000(system) Binder:1593_1 expire 6 lines
06-16 22:04:03.401   709 23038 D NuPlayerDriver: reset(0xf2494880) at state 4
06-16 22:04:03.401   709 23038 I GenericSource: GenericSource::disconnect begin
06-16 22:04:03.401   709 23038 I GenericSource: GenericSource::disconnect end
06-16 22:04:03.401   709 23038 D NuPlayer: NuPlayer::resetAsync() post kWhatReset
06-16 22:04:03.402  3194  4560 D TelephonyManager: getCellLocation calling app is com.ss.android.article.news
06-16 22:04:03.402   709  4555 I NuPlayer: kWhatReset
06-16 22:04:03.402   709  4555 I NuPlayer: updatePlaybackTimer(stop)  time                    0 (kWhatReset)
06-16 22:04:03.402   709  4555 I NuPlayer: updateRebufferingTimer(stop)  time                    0 (exiting 1)
06-16 22:04:03.402   709  4555 I NuPlayer: performDecoderFlush audio=2, video=2
06-16 22:04:03.402   709  4555 D NuPlayer: closeAudioSink
06-16 22:04:03.402   709  4555 W AMessage: failed to post message as target looper for handler 0 is gone.
06-16 22:04:03.402   709  4555 D NuPlayer: performReset
06-16 22:04:03.402   709  4555 I NuPlayer: updatePlaybackTimer(stop)  time                    0 (performReset)
06-16 22:04:03.402   709  4555 I NuPlayer: updateRebufferingTimer(stop)  time                    0 (exiting 1)
06-16 22:04:03.402   709  4555 D GenericSource: ~GenericSource
06-16 22:04:03.402   709  4555 I GenericSource: resetDataSource
06-16 22:04:03.403   709  4555 D NuPlayerDriver: notifyResetComplete(0xf2494880)
06-16 22:04:03.403   709 23038 E MediaPlayerService: getDuration returned -2147483648
06-16 22:04:03.403   709 23038 D NuPlayerDriver: reset(0xf2494880) at state 0
06-16 22:04:03.403   709 23038 I NuPlayer: updateInternalTimers()
06-16 22:04:03.403   709 23038 I NuPlayer: updatePlaybackTimer(snap)  time                    0 (updateInternalTimers)
06-16 22:04:03.403   709 23038 I NuPlayer: updateRebufferingTimer(snap)  time                    0 (exiting 0)
06-16 22:04:03.404  1868  2405 W PhoneInterfaceManager: shouldBlockLocation running ...
06-16 22:04:03.405   614  2790 D AudioFlinger: event 162 
06-16 22:04:03.405  1296 14782 I chatty  : uid=1000(system) Binder:1296_1F expire 17 lines
06-16 22:04:03.405   614  2790 D AudioFlinger: event 163 
06-16 22:04:03.406   614  2790 D AudioFlinger: event 162 
06-16 22:04:03.407  1578  1595 V AudioManager: mPlaybackCallbackList.size:1
06-16 22:04:03.407  1578  2386 D AudioManager: dispatching onPlaybackConfigChanged()
06-16 22:04:03.407   865   865 V AutoCache: unRegisterBatteryBroadcastReceiver: sBatteryRegisterState is false, cxt is android.app.Application@f291a05
06-16 22:04:03.408  4275  4275 D RecycleClearService: --schedule-- RecycleClearService onDestroy
06-16 22:04:03.408  1296  1307 I ActivityManager: App 10136/com.ss.android.article.news targets O+, restricted
06-16 22:04:03.408  1296  1307 W ActivityManager: Background start not allowed: service Intent { act=com.ss.android.newmedia.message.cache.action cmp=com.ss.android.article.news/com.ss.android.newmedia.message.MessageHandler } to com.ss.android.article.news/com.ss.android.newmedia.message.MessageHandler from pid=3194 uid=10136 pkg=com.ss.android.article.news startFg?=false
06-16 22:04:03.409  4275  4275 D Gallery2_Merge_MergeClassifyDataService: merge service stopped.
06-16 22:04:03.409  4275  4275 D SystemRecycleRecoverService: --schedule-- SystemRecycleRecoverService onDestroy
06-16 22:04:03.410 21796  4547 I SystemUpdate: [Execution,ExecutionManager] Action finished-execution executed for 0.00 seconds.
06-16 22:04:03.411  1868  2405 I PhoneInterfaceManager: shouldBlockLocation  ret:false
06-16 22:04:03.417  1296  2326 I AlarmManager: adjustDeliveryTimeBasedOnStandbyBucketLocked alarm:Alarm{126564a type 2 when 89060961 PendingIntent{8ba4a8e: PendingIntentRecord{8c2f71c com.UCMobile startService}}com.UCMobile}, standbyBucket:40, minElapsed:93754348
06-16 22:04:03.417  1296  2326 I AlarmManager: adjustDeliveryTimeBasedOnStandbyBucketLocked alarm:Alarm{2d979bb type 0 when 1560687371655 PendingIntent{df4454c: PendingIntentRecord{24b427b com.UCMobile startService}}com.UCMobile}, standbyBucket:40, minElapsed:93754348
06-16 22:04:03.417  1296  2326 I AlarmManager: adjustDeliveryTimeBasedOnStandbyBucketLocked alarm:Alarm{5d152d2 type 3 when 87320417 PendingIntent{1c86fa3: PendingIntentRecord{f6d62a0 com.huawei.hiaction startService}}com.huawei.hiaction}, standbyBucket:40, minElapsed:93941254
06-16 22:04:03.417  1296  2326 I AlarmManager: adjustDeliveryTimeBasedOnStandbyBucketLocked alarm:Alarm{2ac597 type 1 when 1560695558872 PendingIntent{4345384: PendingIntentRecord{84db5f2 com.ss.android.article.news broadcastIntent}}com.ss.android.article.news}, standbyBucket:40, minElapsed:99551650
06-16 22:04:03.417  1639  4200 W HwPhoneLayoutInflater: onCreateView : ClassNotFoundException, In this case we want to let the base class take a crack at it
06-16 22:04:03.417  1296  2326 I AlarmManager: adjustDeliveryTimeBasedOnStandbyBucketLocked alarm:Alarm{97d1d95 type 2 when 94125951 PendingIntent{3d12f11: PendingIntentRecord{ae6ce87 com.ss.android.article.news startService}}com.ss.android.article.news}, standbyBucket:40, minElapsed:99551650
06-16 22:04:03.418  1296  2326 I AlarmManager: adjustDeliveryTimeBasedOnStandbyBucketLocked alarm:Alarm{4ede1df type 2 when 93526758 PendingIntent{e52fdb3: PendingIntentRecord{e14bf70 com.wudaokou.hippo startService}}com.wudaokou.hippo}, standbyBucket:40, minElapsed:100706862
06-16 22:04:03.418  1296  2326 I AlarmManager: adjustDeliveryTimeBasedOnStandbyBucketLocked alarm:Alarm{60c2dd7 type 2 when 95682134 PendingIntent{f31f653: PendingIntentRecord{8855b90 com.autonavi.minimap startService}}com.autonavi.minimap}, standbyBucket:40, minElapsed:100706906
06-16 22:04:03.418  1296  2326 I AlarmManager: adjustDeliveryTimeBasedOnStandbyBucketLocked alarm:Alarm{cc9591d type 0 when 1560693824108 PendingIntent{2edcfe7: PendingIntentRecord{8441794 com.huawei.hiai broadcastIntent}}com.huawei.hiai}, standbyBucket:40, minElapsed:100800536
06-16 22:04:03.418  1296  2326 D SmartHeartBeat: isPendingPackage, false, pkg:com.android.deskclock, action:com.android.deskclock.ALARM_ALERT,not pending alarm with AlarmClockInfo
06-16 22:04:03.419   865  3065 I ctaifs  : <Android >[Android ][android]:[openFile] 
06-16 22:04:03.421  1639  4198 W HwPhoneLayoutInflater: onCreateView : ClassNotFoundException, In this case we want to let the base class take a crack at it
06-16 22:04:03.421  1639  4198 W HwPhoneLayoutInflater: onCreateView : ClassNotFoundException, In this case we want to let the base class take a crack at it
06-16 22:04:03.422  1639  4198 W HwPhoneLayoutInflater: onCreateView : ClassNotFoundException, In this case we want to let the base class take a crack at it
06-16 22:04:03.423  1639  4198 W HwPhoneLayoutInflater: onCreateView : ClassNotFoundException, In this case we want to let the base class take a crack at it
06-16 22:04:03.423   709 23038 D NuPlayer: hw fadein is disabled!
06-16 22:04:03.423   709 23038 D NuPlayerDriver: NuPlayerDriver(0xf2494780) created, clientPid(1296)
06-16 22:04:03.423  1296  1867 D ConnectivityService: Network is BLOCKED, uid = 10136
06-16 22:04:03.423  1639  4198 W HwPhoneLayoutInflater: onCreateView : ClassNotFoundException, In this case we want to let the base class take a crack at it
06-16 22:04:03.424  1639  4198 I chatty  : uid=10039(com.huawei.HwMultiScreenShot) InflaterThread identical 2 lines
06-16 22:04:03.424  1639  4198 W HwPhoneLayoutInflater: onCreateView : ClassNotFoundException, In this case we want to let the base class take a crack at it
06-16 22:04:03.424  1639  4199 W HwPhoneLayoutInflater: onCreateView : ClassNotFoundException, In this case we want to let the base class take a crack at it
06-16 22:04:03.424  1639  4199 W HwPhoneLayoutInflater: onCreateView : ClassNotFoundException, In this case we want to let the base class take a crack at it
06-16 22:04:03.425   709 23038 D GenericSource: GenericSource
06-16 22:04:03.425   709 23038 I GenericSource: resetDataSource
06-16 22:04:03.425   709 23038 I NuPlayer: setDataSourceAsync fd 29/0/25784 source: 0xee54a6c0
06-16 22:04:03.425   709 23038 I GenericSource: setDataSource 29/0/25784
06-16 22:04:03.425   709 23038 I GenericSource: resetDataSource
06-16 22:04:03.425  3194  4560 D TelephonyManager: getAllCellInfo calling app is com.ss.android.article.news
06-16 22:04:03.427  1868  2405 W PhoneInterfaceManager: shouldBlockLocation running ...
06-16 22:04:03.428  1639  4199 W HwPhoneLayoutInflater: onCreateView : ClassNotFoundException, In this case we want to let the base class take a crack at it
06-16 22:04:03.428  1639  4199 I chatty  : uid=10039(com.huawei.HwMultiScreenShot) InflaterThread identical 3 lines
06-16 22:04:03.429  1639  4199 W HwPhoneLayoutInflater: onCreateView : ClassNotFoundException, In this case we want to let the base class take a crack at it
06-16 22:04:03.429   709  4567 I NuPlayer: kWhatSetAudioSink
06-16 22:04:03.429   709  4567 I NuPlayer: kWhatSetDataSource
06-16 22:04:03.429  1639  4199 W HwPhoneLayoutInflater: onCreateView : ClassNotFoundException, In this case we want to let the base class take a crack at it
06-16 22:04:03.430  1639  4200 W HwPhoneLayoutInflater: onCreateView : ClassNotFoundException, In this case we want to let the base class take a crack at it
06-16 22:04:03.430  1578  1595 V AudioManager: mPlaybackCallbackList.size:1
06-16 22:04:03.430   709 23038 I NuPlayer: prepareAsync
06-16 22:04:03.430  1578  2386 D AudioManager: dispatching onPlaybackConfigChanged()
06-16 22:04:03.430   709  4567 I NuPlayer: onMessageReceived kWhatPrepare
06-16 22:04:03.430   709  4568 I GenericSource: onPrepareAsync: mDataSource: 0
06-16 22:04:03.431  4000  4000 I chatty  : uid=10055(com.huawei.android.hwouc) expire 7 lines
06-16 22:04:03.431   709  4568 D GenericSource: FileSource remote
06-16 22:04:03.432   709  4568 I GenericSource: IDataSource(FileSource): 0xee514680 30 0 25784
06-16 22:04:03.433   707  4852 D MediaExtractorFactory: MediaExtractorFactory::CreateFromService  mime:(null)  uid:1013
06-16 22:04:03.433  1868  2405 I PhoneInterfaceManager: shouldBlockLocation  ret:false
06-16 22:04:03.436   707  4852 D MediaExtractorFactory: Created an extractor 'OggExtractor' with confidence 0.20
06-16 22:04:03.436   707  4852 I MediaExtractorService: extractor service created name = OggExtractor,  mime = (null),  uid = 1013 
06-16 22:04:03.437  1296  2326 I chatty  : uid=1000(system) Binder:1296_10 expire 7 lines
06-16 22:04:03.437  1836  7005 D ARMoudle.HwActivityRecognition: getCurrentActivityExtend
06-16 22:04:03.437   709  4568 I GenericSource: initFromDataSource track[0]: audio/vorbis
06-16 22:04:03.438   709  4568 I GenericSource: initFromDataSource mSources.size(): 1  mIsSecure: 0  mime[0]: audio/vorbis
06-16 22:04:03.438   709  4568 I GenericSource: checkDrmInfo: No PSSH
06-16 22:04:03.438   577  2161 I ArHal   : (ar_data_get_state:1229):id[2]
06-16 22:04:03.438   709  4568 I GenericSource: finishPrepareAsync
06-16 22:04:03.438   709  4568 I NuPlayer: Source::notifyPrepared 0
06-16 22:04:03.438   709  4568 I GenericSource: onPrepareAsync: Done
06-16 22:04:03.440  1836  7005 D ARMoudle.HwActivityRecognition: hwActivityEvent:[ ActivityChangedExtendEvent:
06-16 22:04:03.440  1836  7005 D ARMoudle.HwActivityRecognition:     Activity='android.activity_recognition.unknown', EventType=1, TimestampNs=93579415345954, Confidence=-1
06-16 22:04:03.440  1836  7005 D ARMoudle.HwActivityRecognition: ]
06-16 22:04:03.441   709  4567 I NuPlayer: onSourceNotify() kWhatFlagsChanged  FLAG_CAN_PAUSE: 1  FLAG_CAN_SEEK_BACKWARD: 1 
06-16 22:04:03.441   709  4567 I NuPlayer: 				 FLAG_CAN_SEEK_FORWARD: 1  FLAG_CAN_SEEK: 1  FLAG_DYNAMIC_DURATION: 0 
06-16 22:04:03.441   709  4567 I NuPlayer: 				 FLAG_SECURE: 0  FLAG_PROTECTED: 0
06-16 22:04:03.441   709  4567 I NuPlayer: NuPlayer::onSourceNotify Source::kWhatPrepared source: 0xee54a6c0
06-16 22:04:03.443  1868  2405 D WorkSource: i1=1 i2=0 N1=1: insert 10136 com.ss.android.article.news
06-16 22:04:03.443  1868  2405 D WorkSource: Insert in WorkSource{10019 com.huawei.intelligent} @ 1 uid 10136 name com.ss.android.article.news
06-16 22:04:03.446  1639  4200 W HwPhoneLayoutInflater: onCreateView : ClassNotFoundException, In this case we want to let the base class take a crack at it
06-16 22:04:03.446  1639  4200 I chatty  : uid=10039(com.huawei.HwMultiScreenShot) InflaterThread identical 1 line
06-16 22:04:03.448  1639  4200 W HwPhoneLayoutInflater: onCreateView : ClassNotFoundException, In this case we want to let the base class take a crack at it
06-16 22:04:03.449   709 23038 D NuPlayerDriver: seekTo(0xf2494780) (0 ms, 0) at state 4
06-16 22:04:03.449   709 23038 I NuPlayerDriver: NuPlayerDriver,seekTimeUs: 0
06-16 22:04:03.449   709 23038 I NuPlayer: NuPlayer::canSeek,mSourceFlags = 15 
06-16 22:04:03.450  1639  4200 W HwPhoneLayoutInflater: onCreateView : ClassNotFoundException, In this case we want to let the base class take a crack at it
06-16 22:04:03.450  1639  4200 W HwPhoneLayoutInflater: onCreateView : ClassNotFoundException, In this case we want to let the base class take a crack at it
06-16 22:04:03.450  1296  1296 D MediaRouterService: onAudioPlayerActiveStateChanged: uid=1000, active=true, restoreUid=1000
06-16 22:04:03.450  1578  1595 V AudioManager: mPlaybackCallbackList.size:1
06-16 22:04:03.450  1593  1607 I chatty  : uid=1000(system) Binder:1593_2 expire 22 lines
06-16 22:04:03.451  3194  4557 E ActivityThread: Failed to find provider info for com.baosight.carsharing.DownloadProvider
06-16 22:04:03.451   709 23038 D NuPlayerDriver: start(0xf2494780), state is 4, eos is 0
06-16 22:04:03.451  1578  2386 D AudioManager: dispatching onPlaybackConfigChanged()
06-16 22:04:03.454  1578  2386 I avrcp-Avrcp: Skipping update due to invalid playback state
06-16 22:04:03.454   709  4567 I NuPlayer: kWhatSeek seekTimeUs=0 us, mode=0, needNotify=1
06-16 22:04:03.454   709  4567 I NuPlayer: NuPlayer::canSeek,mSourceFlags = 15 
06-16 22:04:03.454   709  4567 I NuPlayer: onStart: mCrypto: 0x0 (0)
06-16 22:04:03.456  1639  1639 I NotificationInflation3: finish: entry=7513743
06-16 22:04:03.456   614  2790 I hash_map_utils: key: 'mode' value: ''
06-16 22:04:03.457   614  2790 I APM_AudioPolicyManager: isOffloadSupported: SR=48000, CM=0x3, Format=0x7000000, StreamType=1, BitRate=256005, duration=744895 us, has_video=0
06-16 22:04:03.457   709  4567 I NuPlayer: Renderer::canCreateDirect() = 1 
06-16 22:04:03.457  1639  1639 W NotificationViewHierarchyManager: updateNotificationShade activeNotificationSize=3;hasFaceDT: true; Detected:false
06-16 22:04:03.457   614  2790 I hash_map_utils: key: 'mode' value: ''
06-16 22:04:03.459   709  4567 W HwExtendedMediaDirect: device is not aux_digital. device 2
06-16 22:04:03.459   709  4567 I GenericSource: start  needStop = 0 
06-16 22:04:03.460   709  4567 I NuPlayer: startPlaybackTimer() time       62803980424772 (onstart)
06-16 22:04:03.460   709  4567 I NuPlayer: updatePlaybackTimer(stop)  time       62803980424772 (onPause)
06-16 22:04:03.460   709  4567 I NuPlayer: updatePlaybackTimer()  log                 60417
06-16 22:04:03.460   709  4567 I NuPlayer: kWhatStart
06-16 22:04:03.460   614  2790 I hash_map_utils: key: 'mode' value: ''
06-16 22:04:03.461   614  2790 I APM_AudioPolicyManager: isOffloadSupported: SR=48000, CM=0x3, Format=0x7000000, StreamType=1, BitRate=256005, duration=744895 us, has_video=0
06-16 22:04:03.461   614  2790 I hash_map_utils: key: 'mode' value: ''
06-16 22:04:03.461   709  4567 I NuPlayer: determineAudioModeChange Renderer::canCreateDirect() = 1
06-16 22:04:03.461  1296  1314 I ActivityManager: App 10169/cn.etouch.ecalendar targets O+, restricted
06-16 22:04:03.461  1296  1314 W BroadcastQueue: Background execution not allowed: receiving Intent { act=android.intent.action.ACTION_POWER_CONNECTED flg=0x4000010 (has extras) } to cn.etouch.ecalendar/.service.WatchmenReceiver
06-16 22:04:03.461  1296  1314 I ActivityManager: App 10169/cn.etouch.ecalendar targets O+, restricted
06-16 22:04:03.461  1296  1314 W BroadcastQueue: Background execution not allowed: receiving Intent { act=android.intent.action.ACTION_POWER_CONNECTED flg=0x4000010 (has extras) } to cn.etouch.ecalendar/com.igexin.sdk.PushReceiver
06-16 22:04:03.462   709  4567 I NuPlayer: instantiateDecoder audio Decoder
06-16 22:04:03.462   709  4567 I NuPlayer: startPlaybackTimer() time       62803982394564 (onresume)
06-16 22:04:03.462   709  4567 I NuPlayer: scanning sources haveAudio=1, haveVideo=0
06-16 22:04:03.462  1296  1314 I ActivityManager: App 10267/com.gvsoft.gofun targets O+, restricted
06-16 22:04:03.462  1296  1314 W BroadcastQueue: Background execution not allowed: receiving Intent { act=android.intent.action.ACTION_POWER_CONNECTED flg=0x4000010 (has extras) } to com.gvsoft.gofun/com.igexin.sdk.PushReceiver
06-16 22:04:03.462  1296  1314 I ActivityManager: App 10246/com.oppo.im targets O+, restricted
06-16 22:04:03.462  1296  1314 W BroadcastQueue: Background execution not allowed: receiving Intent { act=android.intent.action.ACTION_POWER_CONNECTED flg=0x4000010 (has extras) } to com.oppo.im/com.igexin.sdk.PushReceiver
06-16 22:04:03.462  4000  4000 E HwOUC   : [main-1]getVersionIds--components is null(HotaUpdateAuthAction.java:99)
06-16 22:04:03.462  1296  1314 I ActivityManager: App 10126/com.sdu.didi.psnger targets O+, restricted
06-16 22:04:03.462  1296  1314 W BroadcastQueue: Background execution not allowed: receiving Intent { act=android.intent.action.ACTION_POWER_CONNECTED flg=0x4000010 (has extras) } to com.sdu.didi.psnger/com.igexin.sdk.PushReceiver
06-16 22:04:03.462  1296  1314 I ActivityManager: App 10136/com.ss.android.article.news targets O+, restricted
06-16 22:04:03.462  1296  1314 W BroadcastQueue: Background execution not allowed: receiving Intent { act=android.intent.action.ACTION_POWER_CONNECTED flg=0x4000010 (has extras) } to com.ss.android.article.news/com.ss.android.message.MessageReceiver
06-16 22:04:03.462  3194  4557 E ActivityThread: Failed to find provider info for com.chinarainbow.tft.DownloadProvider
06-16 22:04:03.462   614  2790 I hash_map_utils: key: 'mode' value: ''
06-16 22:04:03.462  1296  1314 I ActivityManager: App 10166/com.zhaopin.social targets O+, restricted
06-16 22:04:03.462  1296  1314 W BroadcastQueue: Background execution not allowed: receiving Intent { act=android.intent.action.ACTION_POWER_CONNECTED flg=0x4000010 (has extras) } to com.zhaopin.social/com.igexin.sdk.PushReceiver
06-16 22:04:03.463  1296  1314 I ActivityManager: App 10166/com.zhaopin.social targets O+, restricted
06-16 22:04:03.463  1296  1314 W BroadcastQueue: Background execution not allowed: receiving Intent { act=android.intent.action.ACTION_POWER_CONNECTED flg=0x4000010 (has extras) } to com.zhaopin.social/com.xdandroid.hellodaemon.WakeUpReceiver
06-16 22:04:03.463  1296  1314 V BroadcastQueue: Finished with ordered broadcast BroadcastRecord{cb0b4fb u-1 android.intent.action.ACTION_POWER_CONNECTED}
06-16 22:04:03.463   709  4572 E HwExtendedCodec: mime: audio/vorbis matching compontent failed!
06-16 22:04:03.464  4000  4000 E HwOUC   : [main-1]getDevicePolicyTypeAttempt to invoke virtual method 'int android.app.admin.SystemUpdatePolicy.getPolicyType()' on a null object reference(CDDUtils.java:77)
06-16 22:04:03.465   709  4573 I OMXClient: IOmx service obtained
06-16 22:04:03.465  4000  4000 I HwOUC   : [main-1]getDevicePolicyType policyType : -1(CDDUtils.java:104)
06-16 22:04:03.465   716 14168 I OMXMaster: makeComponentInstance(OMX.google.vorbis.decoder) in omx@1.0-service process
06-16 22:04:03.465  4000  4000 I HwOUC   : [main-1]isHotaUpdate cursor is null,return false(GDPRUtils.java:540)
06-16 22:04:03.465  4000  4000 I HwOUC   : [main-1]isHotaUpdate cursor is null,return false(GDPRUtils.java:540)
06-16 22:04:03.466  4000  4000 E HwOUC   : [main-1]getVersionIds--components is null(HotaUpdateAuthAction.java:99)
06-16 22:04:03.466  4000  4000 I HwOUC   : [main-1]ForcibleUpgrade--isContinuedAfterCheckCDD, isAutoDownload is false, inForeground is false, isOpenWifi is true, devicePolicyType is -1(AutoInstallUtils.java:782)
06-16 22:04:03.466   709  4573 I ACodec  : In onAllocateComponent create compenent, codec name: OMX.google.vorbis.decoder
06-16 22:04:03.467   716 14168 E OMXNodeInstance: setConfig(0xed59e0e0:google.vorbis.decoder, ??(0x6f700006)) ERROR: Undefined(0x80001001)
06-16 22:04:03.467   709  4573 W HwExtendedUtils: hw configLocalPlayBack err = -2147483648
06-16 22:04:03.468   709  4573 I HwExtendedCodec: mime is [audio/vorbis] at setAudioFormat
06-16 22:04:03.468  3194  4557 E ActivityThread: Failed to find provider info for com.csair.mbp.DownloadProvider
06-16 22:04:03.468   716 14168 E OMXNodeInstance: setConfig(0xed59e0e0:google.vorbis.decoder, ConfigPriority(0x6f800002)) ERROR: Undefined(0x80001001)
06-16 22:04:03.469   709  4573 I ACodec  : codec does not support config priority (err -2147483648)
06-16 22:04:03.470   709  4573 I MediaCodec: MediaCodec will operate in async mode
06-16 22:04:03.470   709  4573 I ACodec  : onStart
06-16 22:04:03.470  1296  1307 I chatty  : uid=1000(system) Binder:1296_2 expire 2 lines
06-16 22:04:03.470   716  4574 W SimpleSoftOMXComponent: onChangeState mState= 1, mTargetState = 1, state = 2
06-16 22:04:03.470   716  4574 W SimpleSoftOMXComponent: checkTransitions port is not populate
06-16 22:04:03.471  4000  4000 D HwInnerWifiManagerImpl: SupplicantState = COMPLETED
06-16 22:04:03.471  4000  4000 D HwInnerWifiManagerImpl: isPhoneAP = false
06-16 22:04:03.471  4000  4000 I HwOUC   : [main-1]onCreate->isAutoDownloadAvailable is true, isOpenWifi = true, isDownload = true, isSupportAutoDownload = true(WifiAutoDownloadManageService.java:45)
06-16 22:04:03.471  4000  4000 I HwOUC   : [main-1]isHotaUpdate cursor is null,return false(GDPRUtils.java:540)
06-16 22:04:03.472   575   575 W AshmemAllocator: ashmem_create_region(32768) returning hidl_memory(0x7ebec2d100, 32768)
06-16 22:04:03.472  4000  4000 I HwOUC   : [main-1]isHotaUpdate cursor is null,return false(GDPRUtils.java:540)
06-16 22:04:03.472  4000  4000 E HwOUC   : [main-1]getVersionIds--components is null(HotaUpdateAuthAction.java:99)
06-16 22:04:03.473   575   575 W AshmemAllocator: ashmem_create_region(32768) returning hidl_memory(0x7ebec2d100, 32768)
06-16 22:04:03.473  4000  4000 E HwOUC   : [main-1]getDevicePolicyTypeAttempt to invoke virtual method 'int android.app.admin.SystemUpdatePolicy.getPolicyType()' on a null object reference(CDDUtils.java:77)
06-16 22:04:03.474  4000  4000 I HwOUC   : [main-1]getDevicePolicyType policyType : -1(CDDUtils.java:104)
06-16 22:04:03.475   575   575 W AshmemAllocator: ashmem_create_region(32768) returning hidl_memory(0x7ebec2d100, 32768)
06-16 22:04:03.475  3194  4557 E ActivityThread: Failed to find provider info for com.htinns.DownloadProvider
06-16 22:04:03.475   575   575 W AshmemAllocator: ashmem_create_region(32768) returning hidl_memory(0x7ebec2d100, 32768)
06-16 22:04:03.476   716  7097 W SimpleSoftOMXComponent: checkTransitions port is not populate
06-16 22:04:03.478 21796  4547 I SystemUpdate: [Installation,ReceiverIntentOperation] Received intent: Intent { act=android.intent.action.ACTION_POWER_CONNECTED flg=0x4000010 cmp=com.google.android.gms/.chimera.GmsIntentOperationService (has extras) }.
06-16 22:04:03.479   575   575 W AshmemAllocator: ashmem_create_region(32768) returning hidl_memory(0x7ebec2d100, 32768)
06-16 22:04:03.480   575   575 W AshmemAllocator: ashmem_create_region(32768) returning hidl_memory(0x7ebec2d100, 32768)
06-16 22:04:03.481   575   575 W AshmemAllocator: ashmem_create_region(32768) returning hidl_memory(0x7ebec2d100, 32768)
06-16 22:04:03.481   716  7097 W SimpleSoftOMXComponent: checkTransitions mState = 1, mTargetState = 2
06-16 22:04:03.482   716  4574 W SimpleSoftOMXComponent: onChangeState mState= 2, mTargetState = 2, state = 3
06-16 22:04:03.482   716  4574 W SimpleSoftOMXComponent: checkTransitions mState = 2, mTargetState = 3
06-16 22:04:03.486  4000  4000 I HwOUC   : [main-1]isHotaUpdate cursor is null,return false(GDPRUtils.java:540)
06-16 22:04:03.487  4000  4000 I OUC_COTA: [main-1]getCotaDownloadInfo(/CotaProxy.java:645)
06-16 22:04:03.488   575   575 W AshmemAllocator: ashmem_create_region(32768) returning hidl_memory(0x7ebec2d100, 32768)
06-16 22:04:03.488   575   575 W AshmemAllocator: ashmem_create_region(32768) returning hidl_memory(0x7ebec2d100, 32768)
06-16 22:04:03.489   709  4570 D NuPlayerRenderer: openAudioSink: open AudioSink in NON-offload mode
06-16 22:04:03.490   614  2790 I hash_map_utils: key: 'mode' value: ''
06-16 22:04:03.490   614  2790 D HuaweiAudioFlinger: AudioException do not check.now is not communication state!
06-16 22:04:03.490   614  2790 I APM_AudioPolicyManager: mIsNewHalPolicy = 1, persist.kirin.media.lowlatency.enable = 0, *flags & AUDIO_OUTPUT_FLAG_FAST = 0
06-16 22:04:03.490   614  2790 I APM_AudioPolicyManager: getOutputForDevice() device 2, stream 1, flags 0
06-16 22:04:03.490   614  2790 I APM_AudioPolicyManager: getOutputForDevice() returns output 13
06-16 22:04:03.490   614  2790 D AudioFlinger: event 162 
06-16 22:04:03.490   614  2790 D AudioFlinger: Client defaulted notificationFrames to 12000 for frameCount 24000
06-16 22:04:03.491   614  2790 D AudioFlinger: DevSched: uid is 1000, factor is 1.000000, mode_eq is 0
06-16 22:04:03.491   614  2790 I APM_AudioPolicyManager: startOutput() output 13, stream 1, session 1841, phoneState 0, communiCf 0, mediaCf 0
06-16 22:04:03.491   614  2790 D APM::AudioOutputDescriptor: IOprofile maxActiveCount == 0 curActiveCount = 0
06-16 22:04:03.491   614  2790 D APM::AudioOutputDescriptor: start, profile name: primary out,  curActiveCount: 1
06-16 22:04:03.491   614   837 I AudioFlinger: setParameters(): io 0, keyvalue start_stream=1, calling pid 614 calling uid 1041
06-16 22:04:03.491   594  1137 I audio_hw_primary: soundtrigger_set_enforce voice_wake value 
06-16 22:04:03.492   594  1137 D baidu_asr_interface: asr_baidu_set_parameters_data-not baidu asr
06-16 22:04:03.492   594  1137 I audio_hw_primary: update stream types 2
06-16 22:04:03.492   614  2790 I APM_AudioPolicyManager: use STRATEGY_MEDIA.
06-16 22:04:03.492   614  2790 I APM_AudioPolicyManager: getNewOutputDevice() selected device 2 connectdeDevices(10003)
06-16 22:04:03.492   614  2790 D APM_AudioPolicyManager: setOutputDevice() device 0x0002 delayMs 0 force 0
06-16 22:04:03.492   614   837 I AudioFlinger: setParameters(): io 0, keyvalue sws_volume=-42.0999984741, calling pid 614 calling uid 1041
06-16 22:04:03.492   594  1137 I audio_hw_primary: soundtrigger_set_enforce voice_wake value 
06-16 22:04:03.492   594  1137 D baidu_asr_interface: asr_baidu_set_parameters_data-not baidu asr
06-16 22:04:03.492   594  1137 I audio_hw_primary: update stream types 2
06-16 22:04:03.492  1296  1764 I chatty  : uid=1000(system) LocationThread expire 58 lines
06-16 22:04:03.493   614  2790 I APM_AudioPolicyManager: setOutputDevice() setting same device 0x0002 or null device
06-16 22:04:03.493   614  2790 D APM_AudioPolicyManager: startSource set streamType 1, volume = 5, device = 2
06-16 22:04:03.493   614   837 I AudioFlinger: setParameters(): io 0, keyvalue output_device=2;streamType=1;volumeIndex=5, calling pid 614 calling uid 1041
06-16 22:04:03.493   614   837 I AudioFlinger: streamDevice 2, streamType 1, volumeIndex 5
06-16 22:04:03.493   614   837 I AudioFlinger: setParameters(): io 0, keyvalue hifi_highperformance_enable=false, calling pid 614 calling uid 1041
06-16 22:04:03.493   594  1137 I audio_hw_primary: soundtrigger_set_enforce voice_wake value 
06-16 22:04:03.493   594  1137 D baidu_asr_interface: asr_baidu_set_parameters_data-not baidu asr
06-16 22:04:03.493   594  1137 I audio_hw_primary: update stream types 2
06-16 22:04:03.493   594  1137 I audio_custom: set_hifi_high_perform: hifi_highperform_enable off.
06-16 22:04:03.494  3194  4557 E ActivityThread: Failed to find provider info for com.yitong.cd.mbank.android.DownloadProvider
06-16 22:04:03.494   709  4567 I NuPlayer: media rendering started
06-16 22:04:03.495   614  1134 I AudioMixer: Pid:614 add track (1)
06-16 22:04:03.495  4000  4000 I HwOUC   : [main-1]getFwVersion fwVersion is 9.0.1.179(C00E63R1P9)(LogControl.java:105)
06-16 22:04:03.495   709  4570 I AudioTrack: audioTrack send start state to pg
06-16 22:04:03.495   594  1292 I audio_hw_primary: start_output_stream++: out_type = 0, out_device = 0x2,out->pcm[PCM_CARD] = NULL, out->voice_pcm = NULL
06-16 22:04:03.495  4000  4000 I HwOUC   : [main-1]ready to start auto Download, auto check again!!!(WifiAutoDownloadManageService.java:79)
06-16 22:04:03.495   594  1292 I audio_hw_primary: select_devices++ mode[0]
06-16 22:04:03.496   594  1292 I audio_hw_primary: input_source_id 0, output_device_id 0x2
06-16 22:04:03.496   594  1292 V audio_custom: set_dsp_device_for_ext_hs_hifi:set devices  0x2
06-16 22:04:03.496   594  1292 D dsp_interface: dsp_set_device: call_m0_standby = 1, device = 0x2, device_mask = 0x00000000
06-16 22:04:03.496   594  1292 I audio_hw_primary: select_devices() devices 0x2 input src 0 output route media-speaker input route none in_device 0
06-16 22:04:03.496   594  1292 I dsp_codec_ctl: get_spkpa_tas: spkpa match tas2560, return true
06-16 22:04:03.496   594  1292 I dsp_codec_smartpa_ctl: get_smartpa_sence: device = 0x2
06-16 22:04:03.496   594  1292 I dsp_codec_smartpa_ctl: smartpa_algo_set: get codec_name succ, codec_name = hi6403
06-16 22:04:03.496   594  1292 I dsp_codec_smartpa_ctl: smartpa_algo_set: get multi mic function enable succ, multi_mic_enable = 0
06-16 22:04:03.496   594  1292 I dsp_common: dsp_common_control_algo:set device = 2
06-16 22:04:03.496   594  1292 D audio_route: Apply path: media-speaker
06-16 22:04:03.496   594  1292 D audio_route: Apply path: soundtrigger-main-mic
06-16 22:04:03.496   594  1292 I audio_hw_primary: pa is on, cannot start ir study,device = 2
06-16 22:04:03.496   594  1292 D audio_route: Apply path: media-speaker
06-16 22:04:03.496   594  1292 D audio_route: Apply path: soundtrigger-main-mic
06-16 22:04:03.496   594  1292 I audio_hw_primary: pa is on, cannot start ir study,device = 2
06-16 22:04:03.496  1816  9328 I chatty  : uid=1000(system) Binder:1816_B expire 3 lines
06-16 22:04:03.499  1296  1867 I BackgroundPermManager: pkgName: com.ss.android.article.news,pid: 3194 ,uidOf3RdApk: 10136 ,permType: 2 ,permCfg: 1
06-16 22:04:03.499  1296  1491 I chatty  : uid=1000(system) HwLbsLogger expire 6 lines
06-16 22:04:03.501  1777  5112 I chatty  : uid=1000(system) Binder:1777_7 expire 1 line
06-16 22:04:03.501  3194  4576 W JIGUANG-WAKE: [ReportUtils] miss channel when wrap container info,but continue report...
06-16 22:04:03.503  1777  1777 I chatty  : uid=1000(system) com.huawei.lbs expire 25 lines
06-16 22:04:03.504  1930  3535 W manager:servic: resources.arsc in APK '/data/app/com.ss.android.article.news-B9PRImayyLdfa5UaK9u4DA==/base.apk' is compressed.
06-16 22:04:03.505  4000  4000 I HwOUC   : [main-1]onCreate(AutoCheckService.java:163)
06-16 22:04:03.506  4000  4000 I HwOUC   : [main-1]onStart() set  autoCheckRunningFlag true(AutoCheckService.java:205)
06-16 22:04:03.506  1296  2326 I NetworkStats: openSessionForUsageStats, pid = 1777, pkg = com.huawei.lbs
06-16 22:04:03.506  1296  2326 I NetworkStats: openSessionInternal,pid = 1777
06-16 22:04:03.506  1296  2326 I NetworkStats: performPollLocked, pid = 1296
06-16 22:04:03.507  4000  4000 I HwOUC   : [main-1]isRootedByUserForPay can not rooted by user by paycenter(PayCenterUtils.java:28)
06-16 22:04:03.507  4000  4000 I HwOUC   : [main-1]registAlam CIRCLE is :1, NewautoPollingCycle = 1(HwOucUtility.java:380)
06-16 22:04:03.509  1296  2317 I AlarmManager: remove alarm:Alarm{64ce2ab type 1 when 1560781352800 PendingIntent{70ecd08: PendingIntentRecord{a3b4479 com.huawei.android.hwouc startService}}com.huawei.android.hwouc} according to operation:ff5eca1
06-16 22:04:03.510  1296  2317 I AlarmManager: adjustDeliveryTimeBasedOnStandbyBucketLocked alarm:Alarm{2d979bb type 0 when 1560687371655 PendingIntent{df4454c: PendingIntentRecord{24b427b com.UCMobile startService}}com.UCMobile}, standbyBucket:40, minElapsed:93754348
06-16 22:04:03.510  1296  2317 I AlarmManager: adjustDeliveryTimeBasedOnStandbyBucketLocked alarm:Alarm{126564a type 2 when 89060961 PendingIntent{8ba4a8e: PendingIntentRecord{8c2f71c com.UCMobile startService}}com.UCMobile}, standbyBucket:40, minElapsed:93754348
06-16 22:04:03.510  1296  7268 D ConnectivityService: Network is BLOCKED, uid = 10136
06-16 22:04:03.510  1296  2317 I AlarmManager: adjustDeliveryTimeBasedOnStandbyBucketLocked alarm:Alarm{5d152d2 type 3 when 87320417 PendingIntent{1c86fa3: PendingIntentRecord{f6d62a0 com.huawei.hiaction startService}}com.huawei.hiaction}, standbyBucket:40, minElapsed:93941254
06-16 22:04:03.511  1296  2317 I AlarmManager: adjustDeliveryTimeBasedOnStandbyBucketLocked alarm:Alarm{97d1d95 type 2 when 94125951 PendingIntent{3d12f11: PendingIntentRecord{ae6ce87 com.ss.android.article.news startService}}com.ss.android.article.news}, standbyBucket:40, minElapsed:99551650
06-16 22:04:03.511  1296  2317 I AlarmManager: adjustDeliveryTimeBasedOnStandbyBucketLocked alarm:Alarm{2ac597 type 1 when 1560695558872 PendingIntent{4345384: PendingIntentRecord{84db5f2 com.ss.android.article.news broadcastIntent}}com.ss.android.article.news}, standbyBucket:40, minElapsed:99551650
06-16 22:04:03.512   594  1292 I audio_pop: pop change S4 OL SWITCH SWITCH dir 1
06-16 22:04:03.512 21796  4543 I SystemUpdate: [Execution,InstallationEventIntentOperation] Handling event of type 9.
06-16 22:04:03.514   594  1292 I audio_pop: pop change S4 OR SWITCH SWITCH dir 1
06-16 22:04:03.514  1296  2317 I AlarmManager: adjustDeliveryTimeBasedOnStandbyBucketLocked alarm:Alarm{4ede1df type 2 when 93526758 PendingIntent{e52fdb3: PendingIntentRecord{e14bf70 com.wudaokou.hippo startService}}com.wudaokou.hippo}, standbyBucket:40, minElapsed:100706862
06-16 22:04:03.514  1296  2317 I AlarmManager: adjustDeliveryTimeBasedOnStandbyBucketLocked alarm:Alarm{60c2dd7 type 2 when 95682134 PendingIntent{f31f653: PendingIntentRecord{8855b90 com.autonavi.minimap startService}}com.autonavi.minimap}, standbyBucket:40, minElapsed:100706906
06-16 22:04:03.514  1296  2317 I AlarmManager: adjustDeliveryTimeBasedOnStandbyBucketLocked alarm:Alarm{cc9591d type 0 when 1560693824108 PendingIntent{2edcfe7: PendingIntentRecord{8441794 com.huawei.hiai broadcastIntent}}com.huawei.hiai}, standbyBucket:40, minElapsed:100800536
06-16 22:04:03.514 21796  4544 I SystemUpdate: [Execution,InstallationIntentOperation] Received intent: Intent { act=com.google.android.gms.update.INSTALL_UPDATE cat=[targeted_intent_op_prefix:.update.execution.InstallationIntentOperation] cmp=com.google.android.gms/.chimera.GmsIntentOperationService }.
06-16 22:04:03.515  1296  2317 D SmartHeartBeat: isPendingPackage, false, pkg:com.android.deskclock, action:com.android.deskclock.ALARM_ALERT,not pending alarm with AlarmClockInfo
06-16 22:04:03.516  1296  2326 W NetworkStatsFactory: mStatsXtProcUid: /proc/net/comm/stats does not exist!
06-16 22:04:03.516  1296  2326 D HwNetworkStatsService: hwRecordUidAndProcSnapshotLocked currentTime = 1560693844705
06-16 22:04:03.524  1296  2326 I NetworkStatsFactory: javaReadNetworkStatsUidAndProcDetail. cost time = 7
06-16 22:04:03.524   594  1292 I audio_pop: pop change PLAY48K SWITCH SWITCH dir 1
06-16 22:04:03.524   594  1292 I dsp_common: dsp_common_control_algo:set device = 2
06-16 22:04:03.524   594  1292 I TAS2560_SPK: tas2560_spk dev_power_on first_open = 1
06-16 22:04:03.525  1296  2326 D HwNetworkStatsService: hwMaybeUidAndProcPersistLocked currentTime = 1560693844705
06-16 22:04:03.540   577  2161 I ArHal   : (ar_data_get_state:1229):id[2]
06-16 22:04:03.546   577  2161 I ArHal   : (ar_data_get_state:1229):id[2]
06-16 22:04:03.548  1777  1882 I chatty  : uid=1000(system) HwNLPSCAN expire 4 lines
06-16 22:04:03.549  1296  2326 D WifiService: startScan, pid:1777, uid:1000, appName:com.huawei.lbs
06-16 22:04:03.549   594  1292 I TAS2560_SPK: tas2560_spk POWER ON
06-16 22:04:03.549   594  1292 I dsp_codec_ctl: get_spkpa_tas: spkpa match tas2560, return true
06-16 22:04:03.549   594  1292 I dsp_codec_smartpa_ctl: get_smartpa_sence: device = 0x2
06-16 22:04:03.549   594  1292 I dsp_codec_smartpa_ctl: smartpa_algo_set: get codec_name succ, codec_name = hi6403
06-16 22:04:03.549   594  1292 I dsp_codec_smartpa_ctl: smartpa_algo_set: get multi mic function enable succ, multi_mic_enable = 0
06-16 22:04:03.549   594  1292 I dsp_codec_smartpa_ctl: smartpa_algo_set: product_name = STF
06-16 22:04:03.549   594  1292 I dsp_codec_smartpa_ctl: enable_smartpa_algo: set smartpa_algo IF_OPEN
06-16 22:04:03.551   594  1292 I dsp_codec_ctl: codec_adsp_send_sync_cmd:ioctl ret=0
06-16 22:04:03.551   594  1292 I dsp_codec_smartpa_ctl: enable_smartpa_algo: succ with value:1
06-16 22:04:03.551   594  1292 I audio_hw_primary: select_devices--
06-16 22:04:03.551   594  1292 I audio_hw_primary: start_output_stream--
06-16 22:04:03.551   594  1292 I         : init_fade_pcm_buffer succ!
06-16 22:04:03.551  1836  7005 D ARMoudle.HwActivityRecognition: getCurrentActivityExtend
06-16 22:04:03.551   577  2161 I ArHal   : (ar_data_get_state:1229):id[2]
06-16 22:04:03.551  1836  7005 D ARMoudle.HwActivityRecognition: hwActivityEvent:[ ActivityChangedExtendEvent:
06-16 22:04:03.551  1836  7005 D ARMoudle.HwActivityRecognition:     Activity='android.activity_recognition.unknown', EventType=1, TimestampNs=93579415345954, Confidence=-1
06-16 22:04:03.551  1836  7005 D ARMoudle.HwActivityRecognition: ]
06-16 22:04:03.552  1296  2326 E HwWifiService: Get wifiScanStrategy from iAware is null.
06-16 22:04:03.553  1816  1987 I chatty  : uid=1000(system) HwWifiCHRStateM expire 2 lines
06-16 22:04:03.560  3829  3829 W ContextImpl: Calling a method in the system process without a qualified user: android.app.ContextImpl.startService:1760 android.content.ContextWrapper.startService:664 android.content.ContextWrapper.startService:664 com.android.settings.deviceinfo.UsbReceiver.startUsbService:304 com.android.settings.deviceinfo.UsbReceiver.onUsbStateReceive:165 
06-16 22:04:03.562  3829  3829 W ContextImpl: Calling a method in the system process without a qualified user: android.app.ContextImpl.startService:1760 android.content.ContextWrapper.startService:664 android.content.ContextWrapper.startService:664 com.android.settings.deviceinfo.UsbReceiver.startUsbService:304 com.android.settings.deviceinfo.UsbReceiver.onUsbStateReceive:212 
06-16 22:04:03.562  1816  1959 I chatty  : uid=1000(system) NcChrGnssDftMan expire 2 lines
06-16 22:04:03.564  1296  1314 V BroadcastQueue: Finished with ordered broadcast BroadcastRecord{3904a8d u-1 android.hardware.usb.action.USB_STATE}
06-16 22:04:03.572   865   865 D MtpReceiver: Debug MTP:ACTION_USB_STATE 
06-16 22:04:03.573   614  1134 D AudioFlinger: mixer(0x714bd03340) throttle end: throttle time(9)
06-16 22:04:03.577   865   865 D MtpReceiver: handleUsbState startService
06-16 22:04:03.577   865   865 D MtpReceiver: Debug MTP:srart MTP service 
06-16 22:04:03.577   865   982 D MediaProvider: fixParentIdIfNeeded called
06-16 22:04:03.582   865   865 D MtpService: starting MTP server in MTP mode with storage /storage/emulated/0 as user 0
06-16 22:04:03.583   865   865 I HWSERVICES: hwnative_get_component:libstagefright,Scanner
06-16 22:04:03.584  1296 14782 I NotificationService: enqueueNotificationInternal: pkg=com.android.settings id=1000002 notification=Notification(channel=SETTINGS_USB pri=1 contentView=null vibrate=null sound=null tick defaults=0x0 flags=0x2 color=0x00000000 vis=PRIVATE)
06-16 22:04:03.584  1296 14782 I NotificationService: enqueueNotificationInternal Channel Info : pkg=com.android.settings id=1000002 importance =1
06-16 22:04:03.584   865   865 I StagefrightMediaScannerEx: StagefrightMediaScanner Constructor
06-16 22:04:03.584  4503  4503 D wpa_supp: nl80211: Drv Event 33 (NL80211_CMD_TRIGGER_SCAN) received for wlan0
06-16 22:04:03.584  4503  4503 D wpa_supp: wlan0: Event SCAN_STARTED (46) received
06-16 22:04:03.585  4503  4503 D wpa_supp: wlan0: External program started a scan
06-16 22:04:03.586  1296  1867 I NetworkStats: openSession, pid = 1930
06-16 22:04:03.588  3829  3829 W ContextImpl: Calling a method in the system process without a qualified user: android.app.ContextImpl.startService:1760 android.content.ContextWrapper.startService:664 android.content.ContextWrapper.startService:664 com.android.settings.deviceinfo.UsbReceiver.startUsbService:304 com.android.settings.deviceinfo.UsbReceiver.onUsbStateReceive:165 
06-16 22:04:03.588  3829  3829 W ContextImpl: Calling a method in the system process without a qualified user: android.app.ContextImpl.startService:1760 android.content.ContextWrapper.startService:664 android.content.ContextWrapper.startService:664 com.android.settings.deviceinfo.UsbReceiver.startUsbService:304 com.android.settings.deviceinfo.UsbReceiver.onUsbStateReceive:212 
06-16 22:04:03.590  1930  2107 E HSM_Install_BG: NormalTrafficAnalysis:alert byte = 0, so return
06-16 22:04:03.590  1296  1314 V BroadcastQueue: Finished with ordered broadcast BroadcastRecord{ff4fe87 u-1 android.hardware.usb.action.USB_STATE}
06-16 22:04:03.590  1296  1476 I HwAlarmManagerService: hwSetAlarm listenerTag: WificondScannerImpl Scan Timeout
06-16 22:04:03.592   594  1120 D asd_primary_out: L[1]-90.308999db, R[1]-90.308999db
06-16 22:04:03.594  1296  7441 I AlarmManager: adjustDeliveryTimeBasedOnStandbyBucketLocked alarm:Alarm{126564a type 2 when 89060961 PendingIntent{8ba4a8e: PendingIntentRecord{8c2f71c com.UCMobile startService}}com.UCMobile}, standbyBucket:40, minElapsed:93754348
06-16 22:04:03.594  1296  7441 I AlarmManager: adjustDeliveryTimeBasedOnStandbyBucketLocked alarm:Alarm{2d979bb type 0 when 1560687371655 PendingIntent{df4454c: PendingIntentRecord{24b427b com.UCMobile startService}}com.UCMobile}, standbyBucket:40, minElapsed:93754348
06-16 22:04:03.595  1296  7441 I AlarmManager: adjustDeliveryTimeBasedOnStandbyBucketLocked alarm:Alarm{5d152d2 type 3 when 87320417 PendingIntent{1c86fa3: PendingIntentRecord{f6d62a0 com.huawei.hiaction startService}}com.huawei.hiaction}, standbyBucket:40, minElapsed:93941254
06-16 22:04:03.595  1296  7441 I AlarmManager: adjustDeliveryTimeBasedOnStandbyBucketLocked alarm:Alarm{2ac597 type 1 when 1560695558872 PendingIntent{4345384: PendingIntentRecord{84db5f2 com.ss.android.article.news broadcastIntent}}com.ss.android.article.news}, standbyBucket:40, minElapsed:99551650
06-16 22:04:03.595  1296  7441 I AlarmManager: adjustDeliveryTimeBasedOnStandbyBucketLocked alarm:Alarm{97d1d95 type 2 when 94125951 PendingIntent{3d12f11: PendingIntentRecord{ae6ce87 com.ss.android.article.news startService}}com.ss.android.article.news}, standbyBucket:40, minElapsed:99551650
06-16 22:04:03.595  1296  7441 I AlarmManager: adjustDeliveryTimeBasedOnStandbyBucketLocked alarm:Alarm{4ede1df type 2 when 93526758 PendingIntent{e52fdb3: PendingIntentRecord{e14bf70 com.wudaokou.hippo startService}}com.wudaokou.hippo}, standbyBucket:40, minElapsed:100706862
06-16 22:04:03.595  1296  7441 I AlarmManager: adjustDeliveryTimeBasedOnStandbyBucketLocked alarm:Alarm{60c2dd7 type 2 when 95682134 PendingIntent{f31f653: PendingIntentRecord{8855b90 com.autonavi.minimap startService}}com.autonavi.minimap}, standbyBucket:40, minElapsed:100706906
06-16 22:04:03.595  1296  7441 I AlarmManager: adjustDeliveryTimeBasedOnStandbyBucketLocked alarm:Alarm{cc9591d type 0 when 1560693824108 PendingIntent{2edcfe7: PendingIntentRecord{8441794 com.huawei.hiai broadcastIntent}}com.huawei.hiai}, standbyBucket:40, minElapsed:100800536
06-16 22:04:03.595  1296  7441 D SmartHeartBeat: isPendingPackage, false, pkg:com.android.deskclock, action:com.android.deskclock.ALARM_ALERT,not pending alarm with AlarmClockInfo
06-16 22:04:03.598  1639  1639 I NotificationInflation1: start: entry=186719354
06-16 22:04:03.598  1639  1873 D ReporterUtil:  e id:344 type:{pkg:com.android.settings,hw_type:null,hw_btw:false,onGoing:true,importance:1}
06-16 22:04:03.598 21796  4544 I SystemUpdate: [Execution,ExecutionManager] Action finished-execution executed for 0.00 seconds.
06-16 22:04:03.601  1639  2755 I FakeShadowView: radius12
06-16 22:04:03.601  1639  1639 I NotificationInflation1: finish: entry=186719354
06-16 22:04:03.602  1639  1639 I NotificationInflation2: start: entry=186719354
06-16 22:04:03.603  1639  2778 I GlobalContext: Runnable for SerialExecutor
06-16 22:04:03.603  1639  2778 I NotificationInflation4: doInBackground is begin
06-16 22:04:03.605  1639  2778 I NotificationInflation5: doInBackground is end
06-16 22:04:03.605  1639  1639 I NotificationInflation2: finish: entry=186719354
06-16 22:04:03.605  1639  1639 I NotificationInflation3: start: entry=186719354
06-16 22:04:03.616  1639  4199 W HwPhoneLayoutInflater: onCreateView : ClassNotFoundException, In this case we want to let the base class take a crack at it
06-16 22:04:03.617  1639  4199 W HwPhoneLayoutInflater: onCreateView : ClassNotFoundException, In this case we want to let the base class take a crack at it
06-16 22:04:03.617  1639  4201 W HwPhoneLayoutInflater: onCreateView : ClassNotFoundException, In this case we want to let the base class take a crack at it
06-16 22:04:03.617  1639  4201 W HwPhoneLayoutInflater: onCreateView : ClassNotFoundException, In this case we want to let the base class take a crack at it
06-16 22:04:03.619  1639  4198 W HwPhoneLayoutInflater: onCreateView : ClassNotFoundException, In this case we want to let the base class take a crack at it
06-16 22:04:03.619  1639  4198 W HwPhoneLayoutInflater: onCreateView : ClassNotFoundException, In this case we want to let the base class take a crack at it
