06-16 22:04:03.620  1639  4201 W HwPhoneLayoutInflater: onCreateView : ClassNotFoundException, In this case we want to let the base class take a crack at it
06-16 22:04:03.621  1639  4201 W HwPhoneLayoutInflater: onCreateView : ClassNotFoundException, In this case we want to let the base class take a crack at it
06-16 22:04:03.623  1639  4198 W HwPhoneLayoutInflater: onCreateView : ClassNotFoundException, In this case we want to let the base class take a crack at it
06-16 22:04:03.624  1639  4198 W HwPhoneLayoutInflater: onCreateView : ClassNotFoundException, In this case we want to let the base class take a crack at it
06-16 22:04:03.625  1639  4200 W HwPhoneLayoutInflater: onCreateView : ClassNotFoundException, In this case we want to let the base class take a crack at it
06-16 22:04:03.625  1639  4200 W HwPhoneLayoutInflater: onCreateView : ClassNotFoundException, In this case we want to let the base class take a crack at it
06-16 22:04:03.626  1639  4198 W HwPhoneLayoutInflater: onCreateView : ClassNotFoundException, In this case we want to let the base class take a crack at it
06-16 22:04:03.626  1639  4198 W HwPhoneLayoutInflater: onCreateView : ClassNotFoundException, In this case we want to let the base class take a crack at it
06-16 22:04:03.629  1639  4201 W HwPhoneLayoutInflater: onCreateView : ClassNotFoundException, In this case we want to let the base class take a crack at it
06-16 22:04:03.629  1639  4201 W HwPhoneLayoutInflater: onCreateView : ClassNotFoundException, In this case we want to let the base class take a crack at it
06-16 22:04:03.632  1639  4200 W HwPhoneLayoutInflater: onCreateView : ClassNotFoundException, In this case we want to let the base class take a crack at it
06-16 22:04:03.633  1639  4200 W HwPhoneLayoutInflater: onCreateView : ClassNotFoundException, In this case we want to let the base class take a crack at it
06-16 22:04:03.634  1639  4199 W HwPhoneLayoutInflater: onCreateView : ClassNotFoundException, In this case we want to let the base class take a crack at it
06-16 22:04:03.636  1639  4199 W HwPhoneLayoutInflater: onCreateView : ClassNotFoundException, In this case we want to let the base class take a crack at it
06-16 22:04:03.636  1639  4200 W HwPhoneLayoutInflater: onCreateView : ClassNotFoundException, In this case we want to let the base class take a crack at it
06-16 22:04:03.637  1639  4199 W HwPhoneLayoutInflater: onCreateView : ClassNotFoundException, In this case we want to let the base class take a crack at it
06-16 22:04:03.637  1639  4199 W HwPhoneLayoutInflater: onCreateView : ClassNotFoundException, In this case we want to let the base class take a crack at it
06-16 22:04:03.638  1639  4200 W HwPhoneLayoutInflater: onCreateView : ClassNotFoundException, In this case we want to let the base class take a crack at it
06-16 22:04:03.638  1639  4200 W HwPhoneLayoutInflater: onCreateView : ClassNotFoundException, In this case we want to let the base class take a crack at it
06-16 22:04:03.639   865   865 D MediaScanner: setStorageEjectFlag flag = 0
06-16 22:04:03.640   865   865 I MtpService: Couldn't get control FD!
06-16 22:04:03.641   865   865 I HWSERVICES: hwnative_get_component_mtpServer  comes...
06-16 22:04:03.641  1816  1963 I chatty  : uid=1000(system) GnssDataStatist expire 3 lines
06-16 22:04:03.641   865   865 V MtpServerEx: constructor
06-16 22:04:03.641   865   865 I HwMtpServerExJNI: set MtpServerEx 0x71e9e1fc00
06-16 22:04:03.641   865   865 I HwMtpServerExJNI: Finish to setup MtpServer
06-16 22:04:03.645   865  4580 D MtpServer: doOpenSession ok
06-16 22:04:03.647  1639  1639 I NotificationInflation3: finish: entry=186719354
06-16 22:04:03.650  1639  1639 W NotificationViewHierarchyManager: updateNotificationShade activeNotificationSize=4;hasFaceDT: true; Detected:false
06-16 22:04:03.652  4000  4000 I HwOUC   : [main-1]registerAutoCheckAlarm NEXT CHECK NEW VERSION time :Mon Jun 17 22:19:58 GMT+08:00 2019(HwOucUtility.java:449)
06-16 22:04:03.659  4000  4000 I HwOUC   : [main-1]checkCotaFromStartupGuide is false(AutoCheckService.java:270)
06-16 22:04:03.660  4000  4000 I HwOUC   : [main-1]isHotaUpdate cursor is null,return false(GDPRUtils.java:540)
06-16 22:04:03.660  4000  4000 I HwOUC   : [main-1]isHotaUpdate cursor is null,return false(GDPRUtils.java:540)
06-16 22:04:03.660  4000  4000 I HwOUC   : [main-1]onStart() enter service isApplicationInForeground is false; isDownloadActivityTop is false(AutoCheckService.java:343)
06-16 22:04:03.670  1296  2318 I HwGeneralService: readProtectArea: callingPid is 4000,callingUid is 10055
06-16 22:04:03.672  4000  4000 I HwOUC   : [main-1]refreshUndoneStatusValue isFirmwareUndoneLastTime is false; isApkPatchUndoneLastTime is false; isDataUndoneLastTime is false; isMicroPatchUndoneLastTime is false; isCotaUndone is false; isFusionUndoneLastTime is false(AutoCheckService.java:651)
06-16 22:04:03.673  1296  7441 I HwGeneralService: readProtectArea: callingPid is 4000,callingUid is 10055
06-16 22:04:03.673  4000  4000 I HwOUC   : [main-1]isHotaUpdate cursor is null,return false(GDPRUtils.java:540)
06-16 22:04:03.673  4000  4000 I OUC_COTA: [main-1]getCotaDownloadInfo(/CotaProxy.java:645)
06-16 22:04:03.677  4000  4000 I HwOUC   : [main-1]delayRecordTime: -1, currentTime: 1560693843676(AutoCheckService.java:1651)
06-16 22:04:03.677  4000  4000 I HwOUC   : [main-1]don't need delay to pop up(AutoCheckService.java:1656)
06-16 22:04:03.677  4000  4000 I HwOUC   : [main-1]ACTION_AUTO_CHECK_FOR_NEW_VERSION writeIsNotRemindForTopFullscreen(false)(AutoCheckService.java:282)
06-16 22:04:03.677  4000  4000 I HwOUC   : [main-1]startAutoCheckNewVersion(AutoCheckService.java:431)
06-16 22:04:03.681  1296  2318 I chatty  : uid=1000(system) Binder:1296_D expire 17 lines
06-16 22:04:03.690  1296  7441 I chatty  : uid=1000(system) Binder:1296_17 expire 14 lines
06-16 22:04:03.691  1296  2318 I HwGeneralService: readProtectArea: callingPid is 4000,callingUid is 10055
06-16 22:04:03.692   594  1120 D asd_primary_out: L[341]-39.653911db, R[303]-40.680146db
06-16 22:04:03.694  4000  4000 I HwOUC   : [main-1]refreshUndoneStatusValue isFirmwareUndoneLastTime is false; isApkPatchUndoneLastTime is false; isDataUndoneLastTime is false; isMicroPatchUndoneLastTime is false; isCotaUndone is false; isFusionUndoneLastTime is false(AutoCheckService.java:651)
06-16 22:04:03.694  4000  4000 I HwOUC   : [main-1]clearSelfUpdateNewVersionInfo isAutoCheck is true(FirmwareBizImpl.java:582)
06-16 22:04:03.694  4000  4000 I HwOUC   : [main-1]checkType is 1(AutoCheckNewVersionApkImpl.java:53)
06-16 22:04:03.698  4000  4000 I HwOUC   : [main-1]isHotaUpdate cursor is null,return false(GDPRUtils.java:540)
06-16 22:04:03.699  4000  4000 I OUC_COTA: [main-1]getCotaDownloadInfo(/CotaProxy.java:645)
06-16 22:04:03.699   435   435 E OEMINFO_NVM_SERVER:  oeminfo_get_info:index(155), oeminfo data not find !!!!
06-16 22:04:03.699   435   435 E OEMINFO_NVM_SERVER:  oeminfo_return_info: oeminfo return info fail.
06-16 22:04:03.699   435   435 E OEMINFO_NVM_SERVER:  oinv_cmd_handler: pid 482, operation oeminfo_getinfo and ret -1 fail.
06-16 22:04:03.701  4000  4582 I HwOUC   : [Thread-16-2554]getUDID is null(UDIDUtil.java:83)
06-16 22:04:03.701  4000  4582 I HwOUC   : [Thread-16-2554]generateUdidInfo is 00000000000000000000000000000000000000000000000000000000000000000(UDIDUtil.java:65)
06-16 22:04:03.703  4000  4000 I HwOUC   : [main-1]startApkAutoCheck call checkApkNewVersionFromConfigServer(AutoCheckNewVersionApkImpl.java:97)
06-16 22:04:03.703  4000  4000 I HwOUC   : [main-1]checkApkNewVersionFromConfigServer isApkUndoneLastTime is false, delete apk data (AutoCheckNewVersionApkImpl.java:112)
06-16 22:04:03.721  4000  4581 E HwOUC   : [Thread-15-2553]parseBasePartCouplingXML IOException product/etc/groupcfg/GBC.xml (No such file or directory)(CouplingStrategyUtils.java:315)
06-16 22:04:03.722  4000  4581 E HwOUC   : [Thread-15-2553]parseBasePartCouplingXML IOException product/etc/groupcfg/GBP.xml (No such file or directory)(CouplingStrategyUtils.java:315)
06-16 22:04:03.723  1296  2318 I chatty  : uid=1000(system) Binder:1296_D identical 2 lines
06-16 22:04:03.724  4000  4000 I HwOUC   : [main-1]checkApkNewVersionFromConfigServer isFirmwareUndoneLastTime is false, delete firmware data (AutoCheckNewVersionApkImpl.java:118)
06-16 22:04:03.734  1296  2318 I HwGeneralService: readProtectArea: callingPid is 4000,callingUid is 10055
06-16 22:04:03.738  4000  4583 I HwOUC   : [apkCheckRunnable-2555]writeImsiSendToService(HwOucConfig.java:3672)
06-16 22:04:03.742  1296  7441 D HwSecurityService: find this Resident Plugin
06-16 22:04:03.744  1296  2318 I HwGeneralService: readProtectArea: callingPid is 4000,callingUid is 10055
06-16 22:04:03.749   709  4572 I NuPlayerDecoder: [audio] saw output EOS
06-16 22:04:03.770  4000  4583 I HwOUC   : [apkCheckRunnable-2555]get device activate status success, isActivated true(HwOucUtility.java:2557)
06-16 22:04:03.771  4000  4583 E HwOUC   : [apkCheckRunnable-2555]method invoke failed: android.hwtheme.HwThemeManagerNative(HwOucUtility.java:2578)
06-16 22:04:03.783  4000  4000 I HwOUC   : [main-1], onDestroy(WifiAutoDownloadManageService.java:142)
06-16 22:04:03.787  4000  4584 E HwOUC   : [Thread-17-2556]versionId is null when setNewVersionIds(Hianalytics.java:737)
06-16 22:04:03.788   435   435 E OEMINFO_NVM_SERVER:  oeminfo_get_info:index(155), oeminfo data not find !!!!
06-16 22:04:03.788   435   435 E OEMINFO_NVM_SERVER:  oeminfo_return_info: oeminfo return info fail.
06-16 22:04:03.788   435   435 E OEMINFO_NVM_SERVER:  oinv_cmd_handler: pid 482, operation oeminfo_getinfo and ret -1 fail.
06-16 22:04:03.788   482   482 I chatty  : uid=1000(system) hwfactoryinterf expire 28 lines
06-16 22:04:03.789  4000  4583 I HwOUC   : [apkCheckRunnable-2555]getUDID is null(UDIDUtil.java:83)
06-16 22:04:03.789   709  4570 D AudioTrack: stop() called with 35755 frames delivered
06-16 22:04:03.790  4000  4583 I HwOUC   : [apkCheckRunnable-2555]applyForResourceUse init expire time to Sun Jun 16 22:05:03 GMT+08:00 2019(PowerKitManager.java:105)
06-16 22:04:03.790  4000  4583 I HwOUC   : [apkCheckRunnable-2555]applyForResourceUse totalApplyTimes is 1(PowerKitManager.java:108)
06-16 22:04:03.790  4000  4583 I HwOUC   : [apkCheckRunnable-2555]handleCallResource call applyForResourceUse(PowerKitManager.java:172)
06-16 22:04:03.791  1852 10117 I chatty  : uid=1000(system) Binder:1852_9 expire 14 lines
06-16 22:04:03.792   594  1120 D asd_primary_out: L[383]-38.645023db, R[349]-39.452490db
06-16 22:04:03.892   612   612 E WifiHAL : enter wifi_get_link_stats
06-16 22:04:03.892   594  1120 D asd_primary_out: L[210]-43.864613db, R[183]-45.059977db
06-16 22:04:03.992   594  1120 D asd_primary_out: L[180]-45.203549db, R[128]-48.164799db
06-16 22:04:04.026 31101 31496 D IM-VIDEO: Nexus connectUsingConfiguration, connect: hotchat-im.iqiyi.com(112.13.64.13)
06-16 22:04:04.026 31101 31496 D IM-VIDEO: Nexus initConnection
06-16 22:04:04.026 31101 31496 D IM-VIDEO: Nexus initReaderAndWriter
06-16 22:04:04.027 31101 31496 D IM-VIDEO: NexusReader newConnection
06-16 22:04:04.027 31101 31496 D IM-VIDEO: NexusReader startup
06-16 22:04:04.027 31101 31496 D IM-VIDEO: NexusReader startup, readerFuture cancel
06-16 22:04:04.027 31101 31496 D IM-VIDEO: NexusReader newThread: nexus-reader-7
06-16 22:04:04.028 31101 31496 D IM-VIDEO: Connector, connectSocket, connection isConnected: true
06-16 22:04:04.028 31101 31496 D IM-VIDEO: IMService, onSocketConnected.
06-16 22:04:04.029 31101 31496 D IM-VIDEO: SocketBinder notifySocketConnected, callback size: 1
06-16 22:04:04.031 31101  4586 D IM-VIDEO: NexusReader startup, submit runCode: 166223964
06-16 22:04:04.032 31101 31496 D IM-VIDEO: ConnState is 6002
06-16 22:04:04.035 31101 31480 I CONNECTOR: Sent(356): 0700030001000158004AB6860A03302E3122D0020A0742724732302D36121370617373706F72745F61757468636F6F6B69651A0A3236343633353439393522443161484F41645A4241746855457753677332526544543330744679436737744D51566E344F5141464B5A79335668414A7A5058527A643773624467525476417A6A5063322A3C0A20313734364535413546413837463346463644374536373738344131393334373512085354462D414C30301A0570686F6E652207616E64726F696432046175746F3A0670616F70616F4203736E734A84017B227179706964223A223032303232303031303130303030303030303030222C227473223A313536303630373336353436392C226D74223A312C226970223A333233323233353737392C2263617465676F7279223A22774145414141414141414141414141415941414141414141414141414141414141414141414141414141413D227D520631302E352E35
06-16 22:04:04.036 31101 31496 D PROTO   : Sent(344): version: "0.1"
06-16 22:04:04.036 31101 31496 D IM-VIDEO: sendOne state: Success
06-16 22:04:04.040 31101 31480 I CONNECTOR: Sent(115): 070002000100006700816B03080112630A243130303031373436453541354641383746334646364437453637373834413139333437351220313734364535413546413837463346463644374536373738344131393334373518E807220631302E352E3528153001420A32363436333534393935
06-16 22:04:04.093   594  1120 D asd_primary_out: L[111]-49.402539db, R[90]-51.224149db
06-16 22:04:04.165  4000  4583 I HwOUC   : [apkCheckRunnable-2555]unapplyForResourceUse totalApplyTimes is 0(PowerKitManager.java:127)
06-16 22:04:04.165  4000  4583 I HwOUC   : [apkCheckRunnable-2555]addPowerKitCallback call unapplyForResourceUse(PowerKitManager.java:175)
06-16 22:04:04.171  4000  4583 I HwOUC   : [apkCheckRunnable-2555]requestConfig response is {"resultCode":100001,"info":"?"}(HwOucApkHttp.java:102)
06-16 22:04:04.171  4000  4583 I HwOUC   : [apkCheckRunnable-2555]resultJson is null(ConfigResponse.java:116)
06-16 22:04:04.171  4000  4583 I HwOUC   : [apkCheckRunnable-2555]requestApkUpdate configRequestCode is 100001(HwOucApkHttp.java:162)
06-16 22:04:04.171  4000  4583 I HwOUC   : [apkCheckRunnable-2555]requestApkUpdate error:100001(HwOucApkHttp.java:185)
06-16 22:04:04.171  4000  4583 I HwOUC   : [apkCheckRunnable-2555]synchronized run apkConfigs is empty = true, mIsAutoCheck is true(ApkCheckNewVersionRunnable.java:35)
06-16 22:04:04.171  4000  4000 I HwOUC   : [main-1]CheckApkPatchNewVersionHandler--auto check CHECK_NEW_VERSION_FAILED, no apks found(AutoCheckNewVersionApkImpl.java:144)
06-16 22:04:04.173  4000  4000 I HwOUC   : [main-1]AutoCheckNewVersionHandler CHECK_NO_NEW_VERSION mNewVersionId=(AutoCheckService.java:390)
06-16 22:04:04.178  4000  4000 I HwOUC   : [main-1]isMicroPatchOnly cacheContents is null, return false(LogControl.java:105)
06-16 22:04:04.181  4000  4592 E HwOUC   : [Thread-18-2557]versionId is null when setNewVersionIds(Hianalytics.java:737)
06-16 22:04:04.188  4000  4000 I HwOUC   : [main-1]refreshUndoneStatusValue isFirmwareUndoneLastTime is false; isApkPatchUndoneLastTime is false; isDataUndoneLastTime is false; isMicroPatchUndoneLastTime is false; isCotaUndone is false; isFusionUndoneLastTime is false(AutoCheckService.java:651)
06-16 22:04:04.188  4000  4000 I HwOUC   : [main-1]executeCheck checkType is 2(AutoCheckNewVersionMicroPatchImpl.java:53)
06-16 22:04:04.193   594  1120 D asd_primary_out: L[76]-52.692727db, R[37]-58.944964db
06-16 22:04:04.197  4000  4593 I HwOUC   : [PatchCheckNewVersion-2558]PatchCheckNewVersion mIsAutoCheck is true; mIsRealVersion is true; mIsIncrementCheck is false(UpdateProcessor.java:482)
06-16 22:04:04.199  4000  4593 E ActivityThread: Failed to find provider info for service_oversea_rom
06-16 22:04:04.208  4000  4593 I HwOUC   : [PatchCheckNewVersion-2558]chooseQueryServerFirmwareUrl siteId is -1 or -2, return default uri : https://query.hicloud.com/sp_ard_common/v2/onestopCheck.action?verType=true&autoInstall=y&latest=true(HwOucUtility.java:7376)
06-16 22:04:04.214  1296  7441 D HwSecurityService: find this Resident Plugin
06-16 22:04:04.228  4000  4593 I HwOUC   : [PatchCheckNewVersion-2558]get device activate status success, isActivated true(HwOucUtility.java:2557)
06-16 22:04:04.229  4000  4593 E HwOUC   : [PatchCheckNewVersion-2558]method invoke failed: android.hwtheme.HwThemeManagerNative(HwOucUtility.java:2578)
06-16 22:04:04.231  4000  4593 I HwOUC   : [PatchCheckNewVersion-2558]getHotPatchVersion firmwareVersion: STF-LGRP1-CHN 9.0.1.179; hotPatchVersion: STF-LGRP1-CHN 9.0.1.179(patch00); isRealVersion: true(LogControl.java:105)
06-16 22:04:04.231  4000  4593 I HwOUC   : [PatchCheckNewVersion-2558]updatePatchVersion->updateWithoutCompare=false; patchVersion is (HotPatchUtils.java:484)
06-16 22:04:04.234  4000  4593 I HwOUC   : [PatchCheckNewVersion-2558]PatchCheckNewVersion patch version is STF-LGRP1-CHN 9.0.1.179(patch00); mPackageType is patch(UpdateProcessor.java:539)
06-16 22:04:04.247   435   435 E OEMINFO_NVM_SERVER:  oeminfo_get_info:index(155), oeminfo data not find !!!!
06-16 22:04:04.247   435   435 E OEMINFO_NVM_SERVER:  oeminfo_return_info: oeminfo return info fail.
06-16 22:04:04.247   435   435 E OEMINFO_NVM_SERVER:  oinv_cmd_handler: pid 482, operation oeminfo_getinfo and ret -1 fail.
06-16 22:04:04.249  4000  4593 I HwOUC   : [PatchCheckNewVersion-2558]getUDID is null(UDIDUtil.java:83)
06-16 22:04:04.253  3194  3285 E LYNX_TT_WEBVIEW: can't get appInfo, try at 5 seconds later! 
06-16 22:04:04.255 31101  4586 D CONNECTOR: Recv(157): 0700030001000091002C74472A8E010A0742724732302D3612064130303030301A06E68890E58A9F22443161484F41645A4241746855457753677332526544543330744679436737744D51566E344F5141464B5A79335668414A7A5058527A643773624467525476417A6A5063322A2433333739373166642D323064302D343734662D623434642D62383064356166323966306330E6D8E884B62D3A00
06-16 22:04:04.256 31101  4586 D IM-VIDEO: NexusReader, processArcane, biz: 3 len: 145
06-16 22:04:04.257 31101  4586 D PROTO   : Recv(143): version: ""
06-16 22:04:04.257 31101 31496 D IM-VIDEO: Connector authenticate, recvOne type: 5
06-16 22:04:04.258 31101 31496 D IM-VIDEO: Connector authenticate, message: (A00000) 
06-16 22:04:04.258 31101 31496 D IM-VIDEO: Q> ConnState onLoginSuccess
06-16 22:04:04.259   435   435 E OEMINFO_NVM_SERVER:  oeminfo_get_info:index(155), oeminfo data not find !!!!
06-16 22:04:04.259   435   435 E OEMINFO_NVM_SERVER:  oeminfo_return_info: oeminfo return info fail.
06-16 22:04:04.259   435   435 E OEMINFO_NVM_SERVER:  oinv_cmd_handler: pid 482, operation oeminfo_getinfo and ret -1 fail.
06-16 22:04:04.260 31101 31694 D IM-VIDEO: Connector onArcaneReceive, biz: 3
06-16 22:04:04.260 31101 31694 D IM-VIDEO: Connector processQimArcane
06-16 22:04:04.260 31101 31694 D IM-VIDEO: Connector processQimArcane, parse one, case: 5
06-16 22:04:04.260  4000  4593 I HwOUC   : [PatchCheckNewVersion-2558]getUDID is null(UDIDUtil.java:83)
06-16 22:04:04.265 31101 31496 D IM-VIDEO: IMPingBackManager Init
06-16 22:04:04.268 31101 31700 D IM-VIDEO: HeartbeatState onLoginSuccess.
06-16 22:04:04.269  4000  4593 I encrypt_JNI: HwOUC: JNI_OnLoad
06-16 22:04:04.270  4000  4593 I encrypt_JNI: RegisterNatives OK!
06-16 22:04:04.270  4000  4593 I encrypt_JNI: encryptData enter!
06-16 22:04:04.270  4000  4593 I encrypt_JNI: getKeyFromWhiteBox enter!
06-16 22:04:04.272 31101  4594 D IM-VIDEO: Q> Sender initMessageQueue, sendingMessages is null or empty.
06-16 22:04:04.272  4000  4593 I encrypt_JNI: calculateHMAC enter!
06-16 22:04:04.272  4000  4593 I encrypt_JNI: calculateHMAC enter!
06-16 22:04:04.272  4000  4593 I encrypt_JNI: encrypt_aes enter
06-16 22:04:04.272 31101  4594 D IM-VIDEO: Q> Sender handleQueue, isRunning: false
06-16 22:04:04.273 31101  4594 D IM-VIDEO: Q> Sender handleQueue(0), [START] -> null
06-16 22:04:04.273   614  1134 I AudioTrackShared: server obtain null buf part1:0 rear:35755 front:35755 mFrameCount:24000
06-16 22:04:04.280  1296  2318 D HwSecurityService: find this Resident Plugin
06-16 22:04:04.283  1296  2318 I chatty  : uid=1000(system) Binder:1296_D identical 1 line
06-16 22:04:04.286  1296  2318 D HwSecurityService: find this Resident Plugin
06-16 22:04:04.287 31101 31496 D IM-VIDEO: Broadcast sendTo: com.iqiyi.hotchat.user.login
06-16 22:04:04.287 31101 31496 D IM-VIDEO: IMService, onLoginSuccess.
06-16 22:04:04.288 31101 31496 D IM-VIDEO: SessionBinder notifySessionStarted, callback size: 1
06-16 22:04:04.289  1296 14782 D HwSecurityService: find this Resident Plugin
06-16 22:04:04.290  1639  1639 D StatusBarIconController: setIconVisibility icon is null or visibility not change visibility=false
06-16 22:04:04.290  1639  1639 D NetWorkUtils: mVSimCurCardType is -1
06-16 22:04:04.291 31101 31184 I IM-VIDEO-I: HttpUtils performPostRequest, Url: http://im-hist.iqiyi.com/apis/paopao/getOfflineMessage
06-16 22:04:04.291 31101 31184 I IM-VIDEO-I: PARAMS: Bundle[{authcookie=1aHOAdZBAthUEwSgs2ReDT30tFyCg7tMQVn4OQAFKZy3VhAJzPXRzd7sbDgRTvAzjPc2, business=all, protocol=qim, category=wAEAAAAAAAAAAAAAYAAAAAAAAAAAAAAAAAAAAAAAAAA=, version=10.5.5}]
06-16 22:04:04.291  1639  1639 D StatusBarIconController: setIconVisibility icon is null or visibility not change visibility=false
06-16 22:04:04.291  1639  1639 D NetWorkUtils: mVSimCurCardType is -1
06-16 22:04:04.292  1296  2225 D HwSecurityService: find this Resident Plugin
06-16 22:04:04.292  1639  1639 D StatusBarIconController: setIconVisibility icon is null or visibility not change visibility=false
06-16 22:04:04.292  1639  1639 D NetWorkUtils: mVSimCurCardType is -1
06-16 22:04:04.293   594  1120 D asd_primary_out: L[19]-64.733927db, R[11]-69.481145db
06-16 22:04:04.294  1296  7295 D HwSecurityService: find this Resident Plugin
06-16 22:04:04.295  1296  2109 I NotificationService: enqueueNotificationInternal: pkg=com.android.settings id=1000002 notification=Notification(channel=SETTINGS_USB pri=1 contentView=null vibrate=null sound=null tick defaults=0x0 flags=0x2 color=0x00000000 vis=PRIVATE)
06-16 22:04:04.297  1296  2109 I chatty  : uid=1000(system) Binder:1296_8 expire 11 lines
06-16 22:04:04.297  1296  2109 I NotificationService: enqueueNotificationInternal Channel Info : pkg=com.android.settings id=1000002 importance =1
06-16 22:04:04.306  1639 12680 I MagazineProvider: provider call method:get_ouc_screen_data
06-16 22:04:04.307  1639 12680 W MagazineProvider: UMETHOD_GET_OUC_COUNTER
06-16 22:04:04.314  1639 12680 W MagazineProvider: check invalid caller: 10055
06-16 22:04:04.320   709  4567 I NuPlayer: reached audio EOS
06-16 22:04:04.320   709  4567 I NuPlayer: updatePlaybackTimer(stop)  time       62803982394564 (onPause)
06-16 22:04:04.320   709  4567 I NuPlayer: updatePlaybackTimer()  log             858657812
06-16 22:04:04.322  1639  1639 D NotificationEntryMgr: updateNotification(StatusBarNotification(pkg=com.android.settings user=UserHandle{0} id=1000002 tag=null key=0|com.android.settings|1000002|null|1000: Notification(channel=SETTINGS_USB pri=1 contentView=null vibrate=null sound=null tick defaults=0x0 flags=0x2 color=0x00000000 vis=PRIVATE)))
06-16 22:04:04.322  1296  1296 D MediaRouterService: onAudioPlayerActiveStateChanged: uid=1000, active=false, delaying
06-16 22:04:04.322  1578  1595 V AudioManager: mPlaybackCallbackList.size:1
06-16 22:04:04.324  1578  2386 D AudioManager: dispatching onPlaybackConfigChanged()
06-16 22:04:04.325 31101 31380 D HttpLog : [1558] prn.lookup: get dns from cache for <unknown ssid>_02:00:00:00:00:00 : sns-feige.iqiyi.com
06-16 22:04:04.331  1639  1639 I NotificationInflation2: start: entry=186719354
06-16 22:04:04.334  1639  2778 I GlobalContext: Runnable for SerialExecutor
06-16 22:04:04.334  1639  2778 I NotificationInflation4: doInBackground is begin
06-16 22:04:04.337  1639  1639 W NotificationViewHierarchyManager: updateNotificationShade activeNotificationSize=4;hasFaceDT: true; Detected:false
06-16 22:04:04.337 31101 31496 D IM-VIDEO: Connector, setQimConnected
06-16 22:04:04.341  1639  1873 D ReporterUtil:  e id:344 type:{pkg:com.android.settings,hw_type:null,hw_btw:false,onGoing:true,importance:1}
06-16 22:04:04.342  1816  2089 E BDLog   : BD.FilterImpl:com.android.systemui 344 times= 200 over threshold
06-16 22:04:04.342  1816  2089 E BDLog   : BD.FilterImpl:com.android.systemui 344 is illLegal
06-16 22:04:04.344 31101 31496 D IM-VIDEO: Q> Login result: [OK] <BrG20-6>(A00000)
06-16 22:04:04.346   614   838 I APM_AudioPolicyManager: stopOutput() output 13, stream 1, session 1841
06-16 22:04:04.347   614   837 I AudioFlinger: setParameters(): io 0, keyvalue stop_stream=1, calling pid 614 calling uid 1041
06-16 22:04:04.347 31101 31496 D IM-VIDEO: HCLogin asyncRestart, loop stop.
06-16 22:04:04.348   594  1137 I audio_hw_primary: soundtrigger_set_enforce voice_wake value 
06-16 22:04:04.348   594  1137 D baidu_asr_interface: asr_baidu_set_parameters_data-not baidu asr
06-16 22:04:04.348   594  1137 I audio_hw_primary: update stream types 0
06-16 22:04:04.349   614   838 I APM_AudioPolicyManager: getNewOutputDevice() selected device 0 connectdeDevices(10003)
06-16 22:04:04.349   614   838 D APM_AudioPolicyManager: setOutputDevice() device 0x0000 delayMs 80 force 0
06-16 22:04:04.350   614   838 I APM_AudioPolicyManager: setOutputDevice() setting same device 0x0000 or null device
06-16 22:04:04.350   614   837 I AudioFlinger: setParameters(): io 0, keyvalue hifi_highperformance_enable=false, calling pid 614 calling uid 1041
06-16 22:04:04.351   594  1137 I audio_hw_primary: soundtrigger_set_enforce voice_wake value 
06-16 22:04:04.351   594  1137 D baidu_asr_interface: asr_baidu_set_parameters_data-not baidu asr
06-16 22:04:04.351   594  1137 I audio_hw_primary: update stream types 0
06-16 22:04:04.351   594  1137 I audio_custom: set_hifi_high_perform: hifi_highperform_enable off.
06-16 22:04:04.353 31101  4596 D IM-VIDEO: IMPingBackManager sendSinglePingback, send -> [107] * 0 --- A00000
06-16 22:04:04.354  1639 12680 I MagazineProvider: Call get_ouc_screen_data from: 10055  use: 48
06-16 22:04:04.354  1639  2778 I NotificationInflation5: doInBackground is end
06-16 22:04:04.354  1639  1639 I NotificationInflation2: finish: entry=186719354
06-16 22:04:04.354  1639  1639 I NotificationInflation3: start: entry=186719354
06-16 22:04:04.354   614   838 D APM::AudioOutputDescriptor: stop, profile name: primary out,  curActiveCount: 0
06-16 22:04:04.355 31101  4596 D IM-VIDEO: HCHttpActions uploadPingback, msg: {"a":"107","ps":"{\"mid\":\"BrG20-6\"}","ec":"A00000","e":"4478","du":"1746E5A5FA87F3FF6D7E67784A193475","v":"10.5.5","pu":"2646354995","pf":"android","dev":"STF-AL00","bd":"HONOR","kv":"v3.0.25","b":"paopao","local_ip":"^_^","ov":28,"n":0,"d":1560693844}
06-16 22:04:04.358  4000  4593 D WindowManagerEx: getWindowCKInfo value is 0000000000000000000000000000000000000000000000000000000000000000000000000000000000000000000000000000000000000000000000000000000000000000000000000000000000000000000000000000000000000000000000000000000000000000000000000000000000000000000000000000000000000000000000000000000000000000000000000000000000000000000000000000007A741106271CFF1C00
06-16 22:04:04.375   435   435 E OEMINFO_NVM_SERVER:  oeminfo_get_info:index(155), oeminfo data not find !!!!
06-16 22:04:04.376   435   435 E OEMINFO_NVM_SERVER:  oeminfo_return_info: oeminfo return info fail.
06-16 22:04:04.376   435   435 E OEMINFO_NVM_SERVER:  oinv_cmd_handler: pid 482, operation oeminfo_getinfo and ret -1 fail.
06-16 22:04:04.377  1639  1639 I NotificationInflation3: finish: entry=186719354
06-16 22:04:04.378  4000  4593 I HwOUC   : [PatchCheckNewVersion-2558]getUDID is null(UDIDUtil.java:83)
06-16 22:04:04.378  4000  4593 I HwOUC   : [PatchCheckNewVersion-2558]getIMEIInfo isWifiOnly is false; isSupportUDID is false(IMEIUtil.java:29)
06-16 22:04:04.381  4000  4593 I HwOUC   : [PatchCheckNewVersion-2558]getMEID-> isMultiSimEnabled is true(IMEIUtil.java:107)
06-16 22:04:04.391 31101  4586 D CONNECTOR: Recv(68): 0700020001000038006B312F1A360A2431303030313734364535413546413837463346463644374536373738344131393334373512064130303030301A06E68890E58A9F
06-16 22:04:04.392 31101  4586 D IM-VIDEO: NexusReader, processArcane, biz: 2 len: 56
06-16 22:04:04.392 31101  4586 D IM-VIDEO: NexusReader, processPushArcane: 0700020001000038006B312F1A360A2431303030313734364535413546413837463346463644374536373738344131393334373512064130303030301A06E68890E58A9F
06-16 22:04:04.393  4232  4232 I adbd    : Calling send_auth_request...
06-16 22:04:04.394 31101 31697 D IM-VIDEO: Connector onArcaneReceive, biz: 2
06-16 22:04:04.394 31101 31697 D IM-VIDEO: IMService, onDataReceived: [26, 54, 10, 36, 49, 48, 48, 48, 49, 55, 52, 54, 69, 53, 65, 53, 70, 65, 56, 55, 70, 51, 70, 70, 54, 68, 55, 69, 54, 55, 55, 56, 52, 65, 49, 57, 51, 52, 55, 53, 18, 6, 65, 48, 48, 48, 48, 48, 26, 6, -26, -120, -112, -27, -118, -97]
06-16 22:04:04.395 31101 31697 D IM-VIDEO: SocketBinder notifyDataReceived, callback size: 1
06-16 22:04:04.399  1639  1639 I Net.20897NetworkSpeedMa: mIsStop = false
06-16 22:04:04.399  1639  1873 I Net.20898NetworkSpeedMa:  runInThread getTetherStats
06-16 22:04:04.405  1639  1639 I Net.20898NetworkSpeedMa:  runInUI refreshSpeed
06-16 22:04:04.406  1639  1639 I Net.20898NetworkSpeedMa: value=3061.6667speed = 2.99K/smIsShowLastSpeedValuefalse
06-16 22:04:04.406  1639  1639 I NetworkSpeedView: /update(), speed=2.99K/s
06-16 22:04:04.406  1639  1639 I NetworkSpeedView: /update(), speed=2.99K/s
06-16 22:04:04.421  4000  4593 I HwOUC   : [PatchCheckNewVersion-2558]convertVersionFilterXMLToStream extraInfoSendSuccessFlag is false, packageType is patch(XmlManager.java:306)
06-16 22:04:04.428  4000  4593 I HwOUC   : [PatchCheckNewVersion-2558]applyForResourceUse init expire time to Sun Jun 16 22:05:04 GMT+08:00 2019(PowerKitManager.java:105)
06-16 22:04:04.428  4000  4593 I HwOUC   : [PatchCheckNewVersion-2558]applyForResourceUse totalApplyTimes is 1(PowerKitManager.java:108)
06-16 22:04:04.428  4000  4593 I HwOUC   : [PatchCheckNewVersion-2558]handleCallResource call applyForResourceUse(PowerKitManager.java:172)
06-16 22:04:04.435  4232  4232 I adbd    : Loading keys from /data/misc/adb/adb_keys
06-16 22:04:04.441  4000  4593 I HwOUC   : [PatchCheckNewVersion-2558]doPostRequest KeyStore is MyselfCAKeystore.(HttpsKeyStoreUtils.java:57)
06-16 22:04:04.442  4232  4232 I adbd    : adb client authorized
06-16 22:04:04.478  4000  4593 I HwOUC   : [PatchCheckNewVersion-2558]doPostRequest is cer.pem(HttpsKeyStoreUtils.java:65)
06-16 22:04:04.479  4000  4593 I HwOUC   : [PatchCheckNewVersion-2558]begin httpsurlconnection(HttpCommunicator.java:453)
06-16 22:04:04.685  1296  7441 V WindowManager: addWindow: Window{959cc4d u0 com.android.settings}
06-16 22:04:04.691  3829  4604 I chatty  : uid=1000(system) com.android.settings expire 1 line
06-16 22:04:04.692  1296  1315 I StatusBarDisable: setFlags what=0 which=1 pkg=Window{959cc4d u0 com.android.settings}
06-16 22:04:04.704  3829  3829 I chatty  : uid=1000(system) com.android.settings expire 9 lines
06-16 22:04:04.723 31101 31184 I IM-VIDEO-I: HttpUtils doPostRequestForString, Res code: 200
06-16 22:04:04.725 31101 31184 I IM-VIDEO-I: HttpUtils performPostRequest, Res: {"code":"A00000","data":{"protocol":"qim","receiver":2646354995,"groupMessages":[],"dateTag":"","privateMessages":[]}}
06-16 22:04:04.743 31101 31101 I CallBackForIM: onPushMessageReceived dataId = 47,  data = {dataId=805306387, data=Bundle[{unreadCount=0, hasNewNotiMessage=false, senderIcon=null, msgType=2}], ErrorCode=0}
06-16 22:04:04.773   594  1120 D asd_primary_out: L[0],R[0], continus 20 times!
06-16 22:04:04.822   585   940 I GRALLOC : getCallingPid=616, shrFd=31,fmt=0x2,intFmt=0x2,btStrd=4352,size=3465216,pid=585 
06-16 22:04:04.822   585   940 I GRALLOC : 	 yuv=2,w=1080,h=795,Stride u=0 v=0,offset u=0 v=0 
06-16 22:04:04.822   585   940 I GRALLOC : 	 iova_size=3465216,conUsg=0x906,proUsg=0x966,	 strd=1088,[afbc]HdrStrd=0 PyldStrd=0 Scrmbl=0,ionhnd = 1 
06-16 22:04:04.845   585   940 I GRALLOC : getCallingPid=616, shrFd=31,fmt=0x2,intFmt=0x2,btStrd=4352,size=3465216,pid=585 
06-16 22:04:04.845   585   940 I GRALLOC : 	 yuv=2,w=1080,h=795,Stride u=0 v=0,offset u=0 v=0 
06-16 22:04:04.845   585   940 I GRALLOC : 	 iova_size=3465216,conUsg=0x906,proUsg=0x966,	 strd=1088,[afbc]HdrStrd=0 PyldStrd=0 Scrmbl=0,ionhnd = 1 
06-16 22:04:04.856   616   820 D         : doWinFrameOptStatusRecog begin to recog Layer result=2
06-16 22:04:04.865 31101  4596 I IM-VIDEO-I: HttpUtils doPostRequestCode, Res code: 200
06-16 22:04:04.868 31101  4596 D IM-VIDEO: HCHttpActions uploadPingback, code: 200
06-16 22:04:04.873   616   820 D         : doWinFrameOptStatusRecog begin to recog Layer result=2
06-16 22:04:05.024  1296  1315 I chatty  : uid=1000(system) android.ui identical 4 lines
06-16 22:04:05.043  1296  1315 I StatusBarDisable: setFlags what=0 which=1 pkg=Window{959cc4d u0 com.android.settings}
06-16 22:04:05.051  4000  4593 I HwOUC   : [PatchCheckNewVersion-2558]unapplyForResourceUse totalApplyTimes is 0(PowerKitManager.java:127)
06-16 22:04:05.051  4000  4593 I HwOUC   : [PatchCheckNewVersion-2558]addPowerKitCallback call unapplyForResourceUse(PowerKitManager.java:175)
06-16 22:04:05.067  4000  4593 I HwOUC   : [PatchCheckNewVersion-2558]retrieve newversioninfo.xml: {"status":"1","versionPackageCheckResults":[{"status":"1","versionPackageType":2}]}(HttpCommunicator.java:543)
06-16 22:04:05.068  4000  4593 I HwOUC   : [PatchCheckNewVersion-2558]getNewVersionFromServer status is 200check request send success(HttpCommunicator.java:549)
06-16 22:04:05.068  4000  4593 I HwOUC   : [PatchCheckNewVersion-2558]updateFlags mUpdateMode=1, isAutoCheck=true(HttpCommunicator.java:605)
06-16 22:04:05.101  4000  4000 I HwOUC   : [main-1]AutoPatchCheckNewVersionHandler-- New version not available(AutoCheckNewVersionMicroPatchImpl.java:174)
06-16 22:04:05.102  4000  4000 I HwOUC   : [main-1]AutoCheckNewVersionHandler CHECK_NO_NEW_VERSION mNewVersionId=(AutoCheckService.java:390)
06-16 22:04:05.115  4000  4607 E HwOUC   : [Thread-20-2560]versionId is null when setNewVersionIds(Hianalytics.java:737)
06-16 22:04:05.128  4000  4000 I HwOUC   : [main-1]refreshUndoneStatusValue isFirmwareUndoneLastTime is false; isApkPatchUndoneLastTime is false; isDataUndoneLastTime is false; isMicroPatchUndoneLastTime is false; isCotaUndone is false; isFusionUndoneLastTime is false(AutoCheckService.java:651)
06-16 22:04:05.129  4000  4000 I HwOUC   : [main-1]AutoCheckNewVersionDataImpl checkType is 3(AutoCheckNewVersionDataImpl.java:24)
06-16 22:04:05.130  4000  4000 I HwOUC   : [main-1]AutoCheckNewVersionHandler CHECK_NO_NEW_VERSION mNewVersionId=(AutoCheckService.java:390)
06-16 22:04:05.138  4000  4608 E HwOUC   : [Thread-21-2561]versionId is null when setNewVersionIds(Hianalytics.java:737)
06-16 22:04:05.159  4000  4000 I HwOUC   : [main-1]refreshUndoneStatusValue isFirmwareUndoneLastTime is false; isApkPatchUndoneLastTime is false; isDataUndoneLastTime is false; isMicroPatchUndoneLastTime is false; isCotaUndone is false; isFusionUndoneLastTime is false(AutoCheckService.java:651)
06-16 22:04:05.160  4000  4000 I HwOUC   : [main-1]executeCheck checkFirmwareFromServer()(AutoCheckNewVersionHotaImpl.java:60)
06-16 22:04:05.171  4000  4609 I HwOUC   : [Thread-22-2562]isRootedByUserForPay can not rooted by user by paycenter(PayCenterUtils.java:28)
06-16 22:04:05.172  1296  7441 I HwGeneralService: readProtectArea: callingPid is 4000,callingUid is 10055
06-16 22:04:05.173   594  1120 D asd_primary_out: L[0],R[0], continus 20 times!
06-16 22:04:05.190  4000  4609 I HwOUC   : [Thread-22-2562]searchFullPackageByOVMODE state is verify_success(HwOucUtility.java:5710)
06-16 22:04:05.193  1296  2109 D HwSecurityService: find this Resident Plugin
06-16 22:04:05.193  4000  4000 I HwOUC   : [main-1]isHotaUpdate cursor is null,return false(GDPRUtils.java:540)
06-16 22:04:05.194  4000  4000 I OUC_COTA: [main-1]getCotaDownloadInfo(/CotaProxy.java:645)
06-16 22:04:05.196  1296  7441 D HwSecurityService: find this Resident Plugin
06-16 22:04:05.200  1296  7441 I chatty  : uid=1000(system) Binder:1296_17 identical 1 line
06-16 22:04:05.203  4000  4000 I HwOUC   : [main-1]isRootedByUserForPay can not rooted by user by paycenter(PayCenterUtils.java:28)
06-16 22:04:05.203  1296  7441 D HwSecurityService: find this Resident Plugin
06-16 22:04:05.204  1296  2109 I HwGeneralService: readProtectArea: callingPid is 4000,callingUid is 10055
06-16 22:04:05.206  1296  7441 D HwSecurityService: find this Resident Plugin
06-16 22:04:05.209  1296  7441 I chatty  : uid=1000(system) Binder:1296_17 identical 1 line
06-16 22:04:05.215  4000  4609 I HwOUC   : [Thread-22-2562]isHwInitHashCheckFail is ok return false(HwOucUtility.java:3997)
06-16 22:04:05.222  4000  4000 I HwOUC   : [main-1]searchFullPackageByOVMODE state is verify_success(HwOucUtility.java:5710)
06-16 22:04:05.225  1296  7441 D HwSecurityService: find this Resident Plugin
06-16 22:04:05.225  4000  4609 E HwOUC   : [Thread-22-2562]versionId is null when setNewVersionIds(Hianalytics.java:737)
06-16 22:04:05.227  1296  2318 D HwSecurityService: find this Resident Plugin
06-16 22:04:05.238  1296  2318 I chatty  : uid=1000(system) Binder:1296_D identical 3 lines
06-16 22:04:05.242  1296  2318 D HwSecurityService: find this Resident Plugin
06-16 22:04:05.246  4000  4000 I HwOUC   : [main-1]isHwInitHashCheckFail is ok return false(HwOucUtility.java:3997)
06-16 22:04:05.247  4000  4000 I HwOUC   : [main-1]isOneTimeHotaSupport: true(HwOucUtility.java:4792)
06-16 22:04:05.248  1296  2318 I HwGeneralService: readProtectArea: callingPid is 4000,callingUid is 10055
06-16 22:04:05.265  4000  4000 I HwOUC   : [main-1]searchFullPackageByOVMODE state is verify_success(HwOucUtility.java:5710)
06-16 22:04:05.266  1296  2318 D HwSecurityService: find this Resident Plugin
06-16 22:04:05.269  1296  7441 D HwSecurityService: find this Resident Plugin
06-16 22:04:05.277  4610  4610 W ls      : type=1400 audit(0.0:64901): avc: denied { getattr } for path="/init.usb.configfs.rc" dev="dm-0" ino=67 scontext=u:r:shell:s0 tcontext=u:object_r:rootfs:s0 tclass=file permissive=0
06-16 22:04:05.277  4610  4610 W ls      : type=1400 audit(0.0:64902): avc: denied { getattr } for path="/fstab.zram1024m" dev="dm-0" ino=19 scontext=u:r:shell:s0 tcontext=u:object_r:rootfs:s0 tclass=file permissive=0
06-16 22:04:05.277  4610  4610 W ls      : type=1400 audit(0.0:64903): avc: denied { getattr } for path="/init.rc" dev="dm-0" ino=66 scontext=u:r:shell:s0 tcontext=u:object_r:rootfs:s0 tclass=file permissive=0
06-16 22:04:05.277  4610  4610 W ls      : type=1400 audit(0.0:64904): avc: denied { getattr } for path="/init" dev="dm-0" ino=82 scontext=u:r:shell:s0 tcontext=u:object_r:init_exec:s0 tclass=file permissive=0
06-16 22:04:05.277  4610  4610 W ls      : type=1400 audit(0.0:64905): avc: denied { getattr } for path="/fstab.zram768m" dev="dm-0" ino=68 scontext=u:r:shell:s0 tcontext=u:object_r:rootfs:s0 tclass=file permissive=0
06-16 22:04:05.277  4610  4610 W ls      : type=1400 audit(0.0:64906): avc: denied { getattr } for path="/init.usb.rc" dev="dm-0" ino=81 scontext=u:r:shell:s0 tcontext=u:object_r:rootfs:s0 tclass=file permissive=0
06-16 22:04:05.277  4610  4610 W ls      : type=1400 audit(0.0:64907): avc: denied { getattr } for path="/init.zygote32.rc" dev="dm-0" ino=77 scontext=u:r:shell:s0 tcontext=u:object_r:rootfs:s0 tclass=file permissive=0
06-16 22:04:05.277  4610  4610 W ls      : type=1400 audit(0.0:64908): avc: denied { getattr } for path="/modem_log" dev="mmcblk0p11" ino=2 scontext=u:r:shell:s0 tcontext=u:object_r:modem_log_file:s0 tclass=dir permissive=0
06-16 22:04:05.277  4610  4610 W ls      : type=1400 audit(0.0:64909): avc: denied { getattr } for path="/init.environ.rc" dev="dm-0" ino=76 scontext=u:r:shell:s0 tcontext=u:object_r:rootfs:s0 tclass=file permissive=0
06-16 22:04:05.277  4610  4610 W ls      : type=1400 audit(0.0:64910): avc: denied { getattr } for path="/fstab.zram256m" dev="dm-0" ino=74 scontext=u:r:shell:s0 tcontext=u:object_r:rootfs:s0 tclass=file permissive=0
06-16 22:04:05.277  4610  4610 W ls      : type=1400 audit(0.0:64911): avc: denied { getattr } for path="/init.zygote64_32.rc" dev="dm-0" ino=26 scontext=u:r:shell:s0 tcontext=u:object_r:rootfs:s0 tclass=file permissive=0
06-16 22:04:05.277  4610  4610 W ls      : type=1400 audit(0.0:64912): avc: denied { getattr } for path="/fstab.zram2240m" dev="dm-0" ino=70 scontext=u:r:shell:s0 tcontext=u:object_r:rootfs:s0 tclass=file permissive=0
06-16 22:04:05.277  4610  4610 W ls      : type=1400 audit(0.0:64913): avc: denied { getattr } for path="/sec_storage" dev="mmcblk0p10" ino=2 scontext=u:r:shell:s0 tcontext=u:object_r:teecd_data_file:s0 tclass=dir permissive=0
06-16 22:04:05.277  4610  4610 W ls      : type=1400 audit(0.0:64914): avc: denied { getattr } for path="/fstab.zram4096m" dev="dm-0" ino=18 scontext=u:r:shell:s0 tcontext=u:object_r:rootfs:s0 tclass=file permissive=0
06-16 22:04:05.277  4610  4610 W ls      : type=1400 audit(0.0:64915): avc: denied { getattr } for path="/fstab.zram1536m" dev="dm-0" ino=12 scontext=u:r:shell:s0 tcontext=u:object_r:rootfs:s0 tclass=file permissive=0
06-16 22:04:05.277  4610  4610 W ls      : type=1400 audit(0.0:64916): avc: denied { getattr } for path="/resetFactory.cfg" dev="dm-0" ino=90 scontext=u:r:shell:s0 tcontext=u:object_r:rootfs:s0 tclass=file permissive=0
06-16 22:04:05.277  4610  4610 W ls      : type=1400 audit(0.0:64917): avc: denied { getattr } for path="/fstab.zram1280m" dev="dm-0" ino=59 scontext=u:r:shell:s0 tcontext=u:object_r:rootfs:s0 tclass=file permissive=0
06-16 22:04:05.277  4610  4610 W ls      : type=1400 audit(0.0:64918): avc: denied { getattr } for path="/fstab.zram512m" dev="dm-0" ino=60 scontext=u:r:shell:s0 tcontext=u:object_r:rootfs:s0 tclass=file permissive=0
06-16 22:04:05.277  4610  4610 W ls      : type=1400 audit(0.0:64919): avc: denied { getattr } for path="/ueventd.rc" dev="dm-0" ino=72 scontext=u:r:shell:s0 tcontext=u:object_r:rootfs:s0 tclass=file permissive=0
06-16 22:04:05.277  4610  4610 W ls      : type=1400 audit(0.0:64920): avc: denied { getattr } for path="/verity_key" dev="dm-0" ino=71 scontext=u:r:shell:s0 tcontext=u:object_r:rootfs:s0 tclass=file permissive=0
06-16 22:04:05.277  1296  7441 I chatty  : uid=1000(system) Binder:1296_17 identical 3 lines
06-16 22:04:05.280  1296  7441 D HwSecurityService: find this Resident Plugin
06-16 22:04:05.283  4000  4000 I HwOUC   : [main-1]isHwInitHashCheckFail is ok return false(HwOucUtility.java:3997)
06-16 22:04:05.283  4000  4000 I HwOUC   : [main-1]checkNewversion, auto download available, isMultiplePackageAvailable is true; packageType is increment(AutoCheckNewVersionHotaImpl.java:129)
06-16 22:04:05.283  4000  4000 I HwOUC   : [main-1]AutoCheckNewVersionHotaImpl--checkNewversion()--oneStopCheckSwitch is true(AutoCheckNewVersionHotaImpl.java:136)
06-16 22:04:05.286  4000  4612 I HwOUC   : [OneTimeCheckNewVersionThread-2563]OneTimeCheckNewVersion synchronized run manualCheckSleeppedFlag is false; mIsAutoCheck is true; oneStopCheckSwitch is true; mPackageType is increment(UpdateProcessor.java:422)
06-16 22:04:05.288  4000  4612 E ActivityThread: Failed to find provider info for service_oversea_rom
06-16 22:04:05.302  4000  4612 I HwOUC   : [OneTimeCheckNewVersionThread-2563]chooseQueryServerFirmwareUrl siteId is -1 or -2, return default uri : https://query.hicloud.com/sp_ard_common/v2/onestopCheck.action?verType=true&autoInstall=y&latest=true(HwOucUtility.java:7376)
06-16 22:04:05.310  1296  7441 D HwSecurityService: find this Resident Plugin
06-16 22:04:05.326  4000  4612 I HwOUC   : [OneTimeCheckNewVersionThread-2563]get device activate status success, isActivated true(HwOucUtility.java:2557)
06-16 22:04:05.327  4000  4612 E HwOUC   : [OneTimeCheckNewVersionThread-2563]method invoke failed: android.hwtheme.HwThemeManagerNative(HwOucUtility.java:2578)
06-16 22:04:05.329  4000  4612 I HwOUC   : [OneTimeCheckNewVersionThread-2563]OneTimeCheckNewVersion synchronized run first check for one time hota(UpdateProcessor.java:359)
06-16 22:04:05.330  4000  4612 I HwOUC   : [OneTimeCheckNewVersionThread-2563]OneTimeCheckNewVersion synchronized run versionNum is null(UpdateProcessor.java:281)
06-16 22:04:05.343   435   435 E OEMINFO_NVM_SERVER:  oeminfo_get_info:index(155), oeminfo data not find !!!!
06-16 22:04:05.344   435   435 E OEMINFO_NVM_SERVER:  oeminfo_return_info: oeminfo return info fail.
06-16 22:04:05.344   435   435 E OEMINFO_NVM_SERVER:  oinv_cmd_handler: pid 482, operation oeminfo_getinfo and ret -1 fail.
06-16 22:04:05.344   482   482 E         : read_oeminfo_signed_data: failed to get info oeminfo_idx:155 and total_byte:0
06-16 22:04:05.344   482   482 E         : init_oeminfo_signed_data_all:fail to read oeminfo oeminfo_idx:155 and oeminfo_sub_idx:-1
06-16 22:04:05.344   482   482 E         : get_original_data_by_fun_tag_and_sign_type: fail to init signed oeminfo signed all params
06-16 22:04:05.344   482   482 E         : read_udid_number: failed to get udid
06-16 22:04:05.344   482   482 E factory_operator: hw_get_device_info: read udid from oeminfo fail
06-16 22:04:05.346  4000  4612 I HwOUC   : [OneTimeCheckNewVersionThread-2563]getUDID is null(UDIDUtil.java:83)
06-16 22:04:05.346  4000  4612 I HwOUC   : [OneTimeCheckNewVersionThread-2563]convertVersionFilterXMLToStream extraInfoSendSuccessFlag is true, packageType is increment(XmlManager.java:306)
06-16 22:04:05.352  4000  4612 I HwOUC   : [OneTimeCheckNewVersionThread-2563]applyForResourceUse init expire time to Sun Jun 16 22:05:05 GMT+08:00 2019(PowerKitManager.java:105)
06-16 22:04:05.352  4000  4612 I HwOUC   : [OneTimeCheckNewVersionThread-2563]applyForResourceUse totalApplyTimes is 1(PowerKitManager.java:108)
06-16 22:04:05.352  4000  4612 I HwOUC   : [OneTimeCheckNewVersionThread-2563]handleCallResource call applyForResourceUse(PowerKitManager.java:172)
06-16 22:04:05.362  4000  4612 I HwOUC   : [OneTimeCheckNewVersionThread-2563]doPostRequest KeyStore is MyselfCAKeystore.(HttpsKeyStoreUtils.java:57)
06-16 22:04:05.405  4000  4612 I HwOUC   : [OneTimeCheckNewVersionThread-2563]doPostRequest is cer.pem(HttpsKeyStoreUtils.java:65)
06-16 22:04:05.405  4000  4612 I HwOUC   : [OneTimeCheckNewVersionThread-2563]begin httpsurlconnection(HttpCommunicator.java:453)
06-16 22:04:05.573   594  1120 D asd_primary_out: L[0],R[0], continus 20 times!
06-16 22:04:05.627   712   712 E Thermal-daemon: [battery] temp_new :31  temp_old :30
06-16 22:04:05.628   712   712 E Thermal-daemon: Report temperature: [battery] temp :31  report_threshold:1
06-16 22:04:05.776  1593  3968 I chatty  : uid=1000(system) SmartcareThread expire 8 lines
06-16 22:04:05.797  4503  4503 D wpa_supp: nl80211: Drv Event 34 (NL80211_CMD_NEW_SCAN_RESULTS) received for wlan0
06-16 22:04:05.797  4503  4503 D wpa_supp: nl80211: Scan probed for SSID ''
06-16 22:04:05.797  4503  4503 D wpa_supp: nl80211: Scan included frequencies: 2412 2417 2422 2427 2432 2437 2442 2447 2452 2457 2462 2467 2472 5180 5200 5220 5240 5260 5280 5300 5320 5745 5765 5785 5805 5825
06-16 22:04:05.797  4503  4503 D wpa_supp: wlan0: Event SCAN_RESULTS (3) received
06-16 22:04:05.798  4000  4612 I HwOUC   : [OneTimeCheckNewVersionThread-2563]unapplyForResourceUse totalApplyTimes is 0(PowerKitManager.java:127)
06-16 22:04:05.799   568   639 W SocketListener: sending broadcast to Pid = 1296, Uid = 1000 
06-16 22:04:05.801  4503  4503 D wpa_supp: nl80211: Scan results indicate BSS status with 0c:**:**:**:3b:c1 as associated
06-16 22:04:05.801  1296  1467 D NetdConnector: RCV <- {600 Iface linkstate wlan0 up}
06-16 22:04:05.802  4000  4612 I HwOUC   : [OneTimeCheckNewVersionThread-2563]addPowerKitCallback call unapplyForResourceUse(PowerKitManager.java:175)
06-16 22:04:05.804  1852  2144 I chatty  : uid=1000(system) AppResMgrHandle expire 1 line
06-16 22:04:05.806  1296  1476 I AlarmManager: adjustDeliveryTimeBasedOnStandbyBucketLocked alarm:Alarm{2d979bb type 0 when 1560687371655 PendingIntent{df4454c: PendingIntentRecord{24b427b com.UCMobile startService}}com.UCMobile}, standbyBucket:40, minElapsed:93754348
06-16 22:04:05.806  1296  1476 I AlarmManager: adjustDeliveryTimeBasedOnStandbyBucketLocked alarm:Alarm{126564a type 2 when 89060961 PendingIntent{8ba4a8e: PendingIntentRecord{8c2f71c com.UCMobile startService}}com.UCMobile}, standbyBucket:40, minElapsed:93754348
06-16 22:04:05.806  1296  1476 I AlarmManager: adjustDeliveryTimeBasedOnStandbyBucketLocked alarm:Alarm{5d152d2 type 3 when 87320417 PendingIntent{1c86fa3: PendingIntentRecord{f6d62a0 com.huawei.hiaction startService}}com.huawei.hiaction}, standbyBucket:40, minElapsed:93941254
06-16 22:04:05.808  1296  1476 I AlarmManager: adjustDeliveryTimeBasedOnStandbyBucketLocked alarm:Alarm{97d1d95 type 2 when 94125951 PendingIntent{3d12f11: PendingIntentRecord{ae6ce87 com.ss.android.article.news startService}}com.ss.android.article.news}, standbyBucket:40, minElapsed:99551650
06-16 22:04:05.808  1296  1467 D NetdConnector: RCV <- {600 Iface linkstate wlan0 up}
06-16 22:04:05.809  1296  1476 I AlarmManager: adjustDeliveryTimeBasedOnStandbyBucketLocked alarm:Alarm{2ac597 type 1 when 1560695558872 PendingIntent{4345384: PendingIntentRecord{84db5f2 com.ss.android.article.news broadcastIntent}}com.ss.android.article.news}, standbyBucket:40, minElapsed:99551650
06-16 22:04:05.809  4503  4503 D wpa_supp: wlan0: New scan results available (own=0 ext=1)
06-16 22:04:05.809  4503  4503 D wpa_supp: wlan0: Do not use results from externally requested scan operation for network selection
06-16 22:04:05.810  1296  1323 D NetdConnector: RCV unsolicited event from native daemon, event = 600
06-16 22:04:05.810  4503  4503 D wpa_supp: p2p-dev-wlan0: New scan results available (own=0 ext=1)
06-16 22:04:05.810  4503  4503 D wpa_supp: p2p-dev-wlan0: Do not use results from externally requested scan operation for network selection
06-16 22:04:05.812  1296  1476 I AlarmManager: adjustDeliveryTimeBasedOnStandbyBucketLocked alarm:Alarm{4ede1df type 2 when 93526758 PendingIntent{e52fdb3: PendingIntentRecord{e14bf70 com.wudaokou.hippo startService}}com.wudaokou.hippo}, standbyBucket:40, minElapsed:100706862
