--------- beginning of system
06-16 21:36:30.778  1593  1817 I HidataAppQoeP: handleStateChanged reason=6
06-16 21:36:30.778  1593  1817 I BrowserChrP: handleStateChanged
06-16 21:36:31.184  1593  1817 I HidataAppQoeP: handleStateChanged reason=6
06-16 21:36:31.184  1593  1817 I BrowserChrP: handleStateChanged
06-16 21:36:37.186  1593  1817 I HidataAppQoeP: handleStateChanged reason=6
06-16 21:36:37.186  1593  1817 I BrowserChrP: handleStateChanged
06-16 21:36:47.125  1296  1315 I chatty  : uid=1000(system) android.ui expire 3 lines
06-16 21:36:47.142  1296  2327 I chatty  : uid=1000(system) Binder:1296_11 expire 4 lines
06-16 21:36:47.153  1296  1312 I chatty  : uid=1000(system) HwActivityManag expire 2 lines
06-16 21:36:47.155 27955 27955 V ActivityThread: Skipping new config:{1.0 460mcc2mnc [zh_CN_#Hans] ldltr sw360dp w360dp h616dp 480dpi nrml long port finger -keyb/v/h -nav/h winConfig={ mBounds=Rect(0, 0 - 1920, 1080) mAppBounds=Rect(0, 0 - 1080, 1920) mWindowingMode=fullscreen mActivityType=undefined} nonFullScreen=0 suim:1 s.28}, config:{1.0 460mcc2mnc [zh_CN_#Hans] ldltr sw360dp w360dp h616dp 480dpi nrml long port finger -keyb/v/h -nav/h winConfig={ mBounds=Rect(0, 0 - 1920, 1080) mAppBounds=Rect(0, 0 - 1080, 1920) mWindowingMode=fullscreen mActivityType=undefined} nonFullScreen=0 suim:1 s.28} for app:com.ss.android.article.news
06-16 21:36:47.158 27955 27955 V ActivityThread: callActivityOnCreate
06-16 21:36:47.190 27955 27955 D ActivityThread: add activity client record, r= ActivityRecord{28ec028 token=android.os.BinderProxy@4130899 {com.ss.android.article.news/com.ss.android.wenda.list.AnswerListActivity}} token= android.os.BinderProxy@4130899
06-16 21:36:47.277  1296  1326 I chatty  : uid=1000(system) HwGameAssistant expire 2 lines
06-16 21:36:47.284  1296  1315 I chatty  : uid=1000(system) android.ui expire 11 lines
06-16 21:36:47.285  1296  7441 I chatty  : uid=1000(system) Binder:1296_17 expire 6 lines
06-16 21:36:47.360  1296  1424 I chatty  : uid=1000(system) android.anim expire 18 lines
06-16 21:36:47.374  1296  1325 I chatty  : uid=1000(system) android.display expire 1 line
06-16 21:36:47.751  1296  1761 I chatty  : uid=1000(system) watchdog expire 5 lines
06-16 21:36:52.999  1296  1296 I chatty  : uid=1000 system_server expire 16 lines
06-16 21:36:53.106  1296  7117 I chatty  : uid=1000(system) Binder:1296_14 expire 20 lines
06-16 21:36:54.406   568   645 W SocketListener: sending broadcast to Pid = 1296, Uid = 1000 
06-16 21:36:54.412  1296  1467 I chatty  : uid=1000(system) NetdConnector expire 10 lines
06-16 21:36:54.420  1296  1323 I chatty  : uid=1000(system) android.fg expire 11 lines
06-16 21:37:10.178   711   771 I storaged: storaged_t::event: storage_info refreshed.
06-16 21:37:19.822  1593  1817 I HidataAppQoeP: handleStateChanged reason=6
06-16 21:37:19.822  1593  1817 I BrowserChrP: handleStateChanged
06-16 21:37:25.837  1593  1817 I HidataAppQoeP: handleStateChanged reason=6
06-16 21:37:25.837  1593  1817 I BrowserChrP: handleStateChanged
06-16 21:37:29.734   568   645 W SocketListener: sending broadcast to Pid = 1296, Uid = 1000 
06-16 21:37:32.253  1296  2318 I chatty  : uid=1000(system) Binder:1296_D expire 10 lines
06-16 21:37:33.657  1296  7117 I chatty  : uid=1000(system) Binder:1296_14 expire 1 line
06-16 21:37:42.873  1296 29719 I chatty  : uid=1000 system_server expire 4 lines
06-16 21:37:42.889  1296  1524 I chatty  : uid=1000(system) iaware.clean expire 4 lines
06-16 21:37:42.896  1296  2225 I chatty  : uid=1000(system) Binder:1296_A expire 1 line
06-16 21:37:42.904  1593  2030 I BoosterSwitchP: notifyUidState do nothing
06-16 21:37:42.904  1593  2030 I DeepNoDisturbP: notifyUidState
06-16 21:37:42.904  1593  2030 I HidataAppQoeP: notifyUidState
06-16 21:37:42.904  1593  2030 I BrowserChrP: notifyUidState
06-16 21:37:42.906  1593  2030 I BoosterSwitchP: notifyUidState do nothing
06-16 21:37:42.906  1593  2030 I DeepNoDisturbP: notifyUidState
06-16 21:37:42.906  1593  2030 I HidataAppQoeP: notifyUidState
06-16 21:37:42.906  1593  2030 I BrowserChrP: notifyUidState
06-16 21:37:42.908  1593  2030 I BoosterSwitchP: notifyUidState do nothing
06-16 21:37:42.908  1593  2030 I DeepNoDisturbP: notifyUidState
06-16 21:37:42.908  1593  2030 I HidataAppQoeP: notifyUidState
06-16 21:37:42.908  1593  2030 I BrowserChrP: notifyUidState
06-16 21:37:42.917  1593  1607 I BoosterSwitchP: notifyUidState do nothing
06-16 21:37:42.917  1593  1607 I DeepNoDisturbP: notifyUidState
06-16 21:37:42.917  1593  1607 I HidataAppQoeP: notifyUidState
06-16 21:37:42.917  1593  1607 I BrowserChrP: notifyUidState
06-16 21:37:43.075  1296  1296 I chatty  : uid=1000 system_server expire 7 lines
06-16 21:37:43.397  1296  1495 I chatty  : uid=1000(system) Thread-41 expire 4 lines
06-16 21:37:43.919  1296  2318 I chatty  : uid=1000(system) Binder:1296_D expire 24 lines
06-16 21:37:53.507 27955 30190 W HwApsManager: HwApsManagerService, registerCallback, start !
06-16 21:37:53.508  1296  3111 I chatty  : uid=1000(system) Binder:1296_13 expire 19 lines
06-16 21:37:59.942   568   645 W SocketListener: sending broadcast to Pid = 1296, Uid = 1000 
06-16 21:38:08.461  1593  1817 I HidataAppQoeP: handleStateChanged reason=6
06-16 21:38:08.461  1593  1817 I BrowserChrP: handleStateChanged
06-16 21:38:10.178   711   771 I storaged: storaged_t::event: storage_info refreshed.
06-16 21:38:14.468  1593  1817 I HidataAppQoeP: handleStateChanged reason=6
06-16 21:38:14.469  1593  1817 I BrowserChrP: handleStateChanged
06-16 21:38:15.813   568   640 W SocketListener: sending broadcast to Pid = 1296, Uid = 1000 
06-16 21:38:15.818  1296  1470 I chatty  : uid=1000(system) NetworkStats expire 5 lines
06-16 21:38:15.944  1296  2321 I chatty  : uid=1000(system) Binder:1296_F expire 4 lines
06-16 21:38:20.472  1593  1817 I HidataAppQoeP: handleStateChanged reason=6
06-16 21:38:20.473  1593  1817 I BrowserChrP: handleStateChanged
06-16 21:38:26.484  1593  1817 I HidataAppQoeP: handleStateChanged reason=6
06-16 21:38:26.484  1593  1817 I BrowserChrP: handleStateChanged
06-16 21:38:26.494  1296  2318 I chatty  : uid=1000(system) Binder:1296_D expire 8 lines
06-16 21:38:26.497  1296  1467 I chatty  : uid=1000(system) NetdConnector expire 4 lines
06-16 21:38:30.918   568   645 W SocketListener: sending broadcast to Pid = 1296, Uid = 1000 
06-16 21:38:30.930  1296  1323 I chatty  : uid=1000(system) android.fg expire 3 lines
06-16 21:38:31.548  1296  1456 I chatty  : uid=1000(system) InputDispatcher expire 2 lines
06-16 21:38:31.569  1296  1315 I chatty  : uid=1000(system) android.ui expire 17 lines
06-16 21:38:31.623  1296  1312 I chatty  : uid=1000(system) HwActivityManag expire 2 lines
06-16 21:38:31.656  1296  9254 I chatty  : uid=1000(system) Binder:1296_1C expire 8 lines
06-16 21:38:31.975 27955 27955 D ActivityThread: Remove activity client record, r= ActivityRecord{28ec028 token=android.os.BinderProxy@4130899 {com.ss.android.article.news/com.ss.android.wenda.list.AnswerListActivity}} token= android.os.BinderProxy@4130899
06-16 21:38:57.943  1296  3111 I chatty  : uid=1000(system) Binder:1296_13 expire 17 lines
06-16 21:38:58.056  1296  2318 I chatty  : uid=1000(system) Binder:1296_D expire 18 lines
06-16 21:38:58.404  1296  7117 I chatty  : uid=1000(system) Binder:1296_14 expire 5 lines
06-16 21:38:58.406  1296  1480 I chatty  : uid=1000(system) ConnectivitySer expire 11 lines
06-16 21:38:58.542  1296  1317 I chatty  : uid=1000(system) ActivityManager expire 2 lines
06-16 21:38:58.543  1296  1796 I chatty  : uid=1000(system) MultiTaskManage expire 2 lines
06-16 21:38:58.584 30269 30269 D ActivityThread: Attach thread to application
06-16 21:39:00.005  1296  1296 I chatty  : uid=1000 system_server expire 10 lines
06-16 21:39:01.126   568   645 W SocketListener: sending broadcast to Pid = 1296, Uid = 1000 
06-16 21:39:01.131  1296  1467 I chatty  : uid=1000(system) NetdConnector expire 10 lines
06-16 21:39:01.139  1296  1323 I chatty  : uid=1000(system) android.fg expire 12 lines
06-16 21:39:10.179   711   771 I storaged: storaged_t::event: storage_info refreshed.
06-16 21:39:10.180   711   771 I storaged: storaged_t::event: Pidm reported.
06-16 21:39:10.190   711   771 E storaged: pid_info get_pids failed
06-16 21:39:17.771  1296  1761 I chatty  : uid=1000(system) watchdog expire 4 lines
06-16 21:39:31.590   568   645 W SocketListener: sending broadcast to Pid = 1296, Uid = 1000 
06-16 21:39:31.650  1593  1817 I HidataAppQoeP: handleStateChanged reason=6
06-16 21:39:31.650  1593  1817 I BrowserChrP: handleStateChanged
06-16 21:39:31.651  1296  9254 I chatty  : uid=1000(system) Binder:1296_1C expire 11 lines
06-16 21:39:32.246  1296  1315 I chatty  : uid=1000(system) android.ui expire 14 lines
06-16 21:39:32.279  1296  3111 I chatty  : uid=1000(system) Binder:1296_13 expire 40 lines
06-16 21:39:32.289  1296  1312 I chatty  : uid=1000(system) HwActivityManag expire 3 lines
06-16 21:39:32.289 27955 27955 V ActivityThread: Skipping new config:{1.0 460mcc2mnc [zh_CN_#Hans] ldltr sw360dp w360dp h616dp 480dpi nrml long port finger -keyb/v/h -nav/h winConfig={ mBounds=Rect(0, 0 - 1920, 1080) mAppBounds=Rect(0, 0 - 1080, 1920) mWindowingMode=fullscreen mActivityType=undefined} nonFullScreen=0 suim:1 s.28}, config:{1.0 460mcc2mnc [zh_CN_#Hans] ldltr sw360dp w360dp h616dp 480dpi nrml long port finger -keyb/v/h -nav/h winConfig={ mBounds=Rect(0, 0 - 1920, 1080) mAppBounds=Rect(0, 0 - 1080, 1920) mWindowingMode=fullscreen mActivityType=undefined} nonFullScreen=0 suim:1 s.28} for app:com.ss.android.article.news
06-16 21:39:32.299 27955 27955 V ActivityThread: callActivityOnCreate
06-16 21:39:32.314 27955 27955 D ActivityThread: add activity client record, r= ActivityRecord{2da7747 token=android.os.BinderProxy@724ee5f {com.ss.android.article.news/com.bytedance.ugcdetail.v1.app.UgcDetailActivity}} token= android.os.BinderProxy@724ee5f
06-16 21:39:32.418  1296  1326 I chatty  : uid=1000(system) HwGameAssistant expire 1 line
06-16 21:39:32.471  1296  1424 I chatty  : uid=1000(system) android.anim expire 5 lines
06-16 21:39:32.487  1296  1325 I chatty  : uid=1000(system) android.display expire 1 line
06-16 21:39:32.861  1296  2318 I chatty  : uid=1000(system) Binder:1296_D expire 22 lines
06-16 21:39:41.890  1593  1817 I HidataAppQoeP: handleStateChanged reason=6
06-16 21:39:41.890  1593  1817 I BrowserChrP: handleStateChanged
06-16 21:39:43.703  1296  1314 I chatty  : uid=1000(system) ActivityManager expire 4 lines
06-16 21:39:43.847  1296  7441 I chatty  : uid=1000(system) Binder:1296_17 expire 16 lines
06-16 21:39:44.050  1296 14783 I chatty  : uid=1000(system) Binder:1296_20 expire 17 lines
06-16 21:39:47.911  1593  1817 I HidataAppQoeP: handleStateChanged reason=6
06-16 21:39:47.911  1593  1817 I BrowserChrP: handleStateChanged
06-16 21:39:53.919  1593  1817 I HidataAppQoeP: handleStateChanged reason=6
06-16 21:39:53.919  1593  1817 I BrowserChrP: handleStateChanged
06-16 21:39:59.915  1593  1817 I HidataAppQoeP: handleStateChanged reason=6
06-16 21:39:59.915  1593  1817 I BrowserChrP: handleStateChanged
06-16 21:40:00.006  1296  1296 I chatty  : uid=1000 system_server expire 5 lines
06-16 21:40:10.191   711   771 I storaged: storaged_t::event: storage_info refreshed.
06-16 21:40:11.014   568   645 W SocketListener: sending broadcast to Pid = 1296, Uid = 1000 
06-16 21:40:36.233  1296  1474 I chatty  : uid=1000(system) WifiStateMachin expire 2 lines
06-16 21:40:44.158 30415 30415 D ActivityThread: Attach thread to application
06-16 21:40:44.305  3413  7601 W SettingsEx: SettingsEx.Systemex.getInt deprecated use Settings.System.getInt instead ;callers=com.huawei.recsys.util.SystemUtil.getNotificationUpdateMode:190 com.huawei.recsys.util.SystemUtil.isAllowUpdate:122 com.huawei.recsys.controller.notification.http.NotificationUpdateController.startNotificationUpdate:83 
06-16 21:40:44.378  1296  9254 I chatty  : uid=1000(system) Binder:1296_1C expire 2 lines
06-16 21:40:59.910   568   645 W SocketListener: sending broadcast to Pid = 1296, Uid = 1000 
06-16 21:41:04.130  1296  1315 I chatty  : uid=1000(system) android.ui expire 3 lines
06-16 21:41:04.166  1296 30473 I chatty  : uid=1000 system_server expire 1 line
06-16 21:41:04.168 27955 27955 V ActivityThread: Skipping new config:{1.0 460mcc2mnc [zh_CN_#Hans] ldltr sw360dp w360dp h616dp 480dpi nrml long port finger -keyb/v/h -nav/h winConfig={ mBounds=Rect(0, 0 - 1920, 1080) mAppBounds=Rect(0, 0 - 1080, 1920) mWindowingMode=fullscreen mActivityType=undefined} nonFullScreen=0 suim:1 s.28}, config:{1.0 460mcc2mnc [zh_CN_#Hans] ldltr sw360dp w360dp h616dp 480dpi nrml long port finger -keyb/v/h -nav/h winConfig={ mBounds=Rect(0, 0 - 1920, 1080) mAppBounds=Rect(0, 0 - 1080, 1920) mWindowingMode=fullscreen mActivityType=undefined} nonFullScreen=0 suim:1 s.28} for app:com.ss.android.article.news
06-16 21:41:04.171  1296  1524 I chatty  : uid=1000(system) iaware.clean expire 1 line
06-16 21:41:04.172 27955 27955 V ActivityThread: callActivityOnCreate
06-16 21:41:04.174  1593  1606 I BoosterSwitchP: notifyUidState do nothing
06-16 21:41:04.174  1593  1606 I DeepNoDisturbP: notifyUidState
06-16 21:41:04.174  1593  1606 I HidataAppQoeP: notifyUidState
06-16 21:41:04.174  1593  1606 I BrowserChrP: notifyUidState
06-16 21:41:04.210 27955 27955 D ActivityThread: add activity client record, r= ActivityRecord{77d698d token=android.os.BinderProxy@c4e5301 {com.ss.android.article.news/com.bytedance.components.comment.detail.CommentDetailActivity}} token= android.os.BinderProxy@c4e5301
06-16 21:41:04.223  1296  2327 I chatty  : uid=1000(system) Binder:1296_11 expire 1 line
06-16 21:41:04.227  1296  3111 I chatty  : uid=1000(system) Binder:1296_13 expire 9 lines
06-16 21:41:04.229  1296  2318 I chatty  : uid=1000(system) Binder:1296_D expire 10 lines
06-16 21:41:04.236  1296  1326 I chatty  : uid=1000(system) HwGameAssistant expire 3 lines
06-16 21:41:04.236  1296  1312 I chatty  : uid=1000(system) HwActivityManag expire 5 lines
06-16 21:41:04.239  1296  7441 I chatty  : uid=1000(system) Binder:1296_17 expire 9 lines
06-16 21:41:04.243  1296 14783 I chatty  : uid=1000(system) Binder:1296_20 expire 1 line
06-16 21:41:04.246  1296  1317 I chatty  : uid=1000(system) ActivityManager expire 2 lines
06-16 21:41:04.246  1296  1796 I chatty  : uid=1000(system) MultiTaskManage expire 2 lines
06-16 21:41:04.257 30481 30481 D ActivityThread: Attach thread to application
06-16 21:41:04.258  1296  2327 I chatty  : uid=1000(system) Binder:1296_11 expire 20 lines
06-16 21:41:04.275  1296  1315 I chatty  : uid=1000(system) android.ui expire 12 lines
06-16 21:41:04.285  1296  7117 I chatty  : uid=1000(system) Binder:1296_14 expire 28 lines
06-16 21:41:04.288  1296  1476 I chatty  : uid=1000(system) WifiScanningSer expire 32 lines
06-16 21:41:04.296  1296  1424 I chatty  : uid=1000(system) android.anim expire 18 lines
06-16 21:41:04.302  1296  1325 I chatty  : uid=1000(system) android.display expire 1 line
06-16 21:41:04.366  1296  1296 I chatty  : uid=1000 system_server expire 8 lines
06-16 21:41:04.508 30481 30481 W ContextImpl: Calling a method in the system process without a qualified user: android.app.ContextImpl.startService:1760 android.content.ContextWrapper.startService:664 android.content.ContextWrapper.startService:664 com.huawei.hwdetectrepair.smartnotify.eventlistener.InstantMessageReceiver.invokeSmartNotifyService:55 com.huawei.hwdetectrepair.smartnotify.eventlistener.InstantMessageReceiver.onReceive:43 
06-16 21:41:04.553 30509 30509 D ActivityThread: Attach thread to application
06-16 21:41:04.675  1296  1495 I chatty  : uid=1000(system) Thread-41 expire 3 lines
06-16 21:41:04.804 30481 30528 W ContextImpl: Calling a method in the system process without a qualified user: android.app.ContextImpl.bindService:1840 android.content.ContextWrapper.bindService:698 com.huawei.hms.api.HuaweiApiClientImpl.d:461 com.huawei.hms.api.HuaweiApiClientImpl.connect:321 com.huawei.android.hms.agent.common.ApiClientMgr$2.run:353 
06-16 21:41:06.534   568   639 W SocketListener: sending broadcast to Pid = 1296, Uid = 1000 
06-16 21:41:06.536  1296  1467 I chatty  : uid=1000(system) NetdConnector expire 10 lines
06-16 21:41:06.540  1296  1323 I chatty  : uid=1000(system) android.fg expire 4 lines
06-16 21:41:06.973  1296 30473 I chatty  : uid=1000 system_server expire 2 lines
06-16 21:41:06.975  1296  1524 I chatty  : uid=1000(system) iaware.clean expire 2 lines
06-16 21:41:06.989  1593  1607 I BoosterSwitchP: notifyUidState do nothing
06-16 21:41:06.989  1593  1607 I DeepNoDisturbP: notifyUidState
06-16 21:41:06.989  1593  1607 I HidataAppQoeP: notifyUidState
06-16 21:41:06.989  1593  1607 I BrowserChrP: notifyUidState
06-16 21:41:07.283  1777 30568 I HwLBSService.HwNLPDBManager: refreshLocToCellTable cellid 51334464 , mCurrentAreaCode : 33609
06-16 21:41:07.283  1777 30568 D HwLBSService.HwNLPDBManager:  refreshLocToCellTable start
06-16 21:41:07.283  1777 30568 I HwLBSService.HwNLPDBManager: isCellIdExist 51334464 , mCurrentAreaCode : 33609
06-16 21:41:07.285  1777 30568 I HwLBSService.HwNLPDBManager: is Not CellIdExist 
06-16 21:41:07.285  1777 30568 I HwLBSService.HwNLPDBManager: tb_network count is 1
06-16 21:41:07.285  1777 30568 D HwLBSService.HwNLPDBManager: cellid is not Exist, insert cellinfo to DB MAX_COLUMN : 1000,  dbsize : 1
06-16 21:41:07.289  1296  1764 I chatty  : uid=1000(system) LocationThread expire 9 lines
06-16 21:41:07.295  1296 30569 I chatty  : uid=1000 system_server expire 2 lines
06-16 21:41:07.308  1296 30570 I chatty  : uid=1000 system_server expire 1 line
06-16 21:41:07.382   720   720 D libgps  : proxy_gps_inject_location: called.
06-16 21:41:07.459  1296 30572 I chatty  : uid=1000 system_server expire 2 lines
06-16 21:41:07.466  1296 30573 I chatty  : uid=1000 system_server expire 1 line
06-16 21:41:07.489   720   720 D libgps  : proxy_gps_inject_location: called.
06-16 21:41:07.646  1593  1817 I HidataAppQoeP: handleStateChanged reason=6
06-16 21:41:07.646  1593  1817 I BrowserChrP: handleStateChanged
06-16 21:41:08.548  1296  1456 I chatty  : uid=1000(system) InputDispatcher expire 4 lines
06-16 21:41:08.822   568   639 W SocketListener: sending broadcast to Pid = 1296, Uid = 1000 
06-16 21:41:08.937  1296  9254 I chatty  : uid=1000(system) Binder:1296_1C expire 7 lines
06-16 21:41:08.950  1593  1817 I HidataAppQoeP: handleStateChanged reason=6
06-16 21:41:08.950  1593  1817 I BrowserChrP: handleStateChanged
06-16 21:41:09.065 27955 27955 D ActivityThread: Remove activity client record, r= ActivityRecord{77d698d token=android.os.BinderProxy@c4e5301 {com.ss.android.article.news/com.bytedance.components.comment.detail.CommentDetailActivity}} token= android.os.BinderProxy@c4e5301
06-16 21:41:10.162 27955 30575 W HwApsManager: HwApsManagerService, registerCallback, start !
06-16 21:41:10.192   711   771 I storaged: storaged_t::event: storage_info refreshed.
06-16 21:41:10.679  1868  1868 W SettingsEx: SettingsEx.Systemex.getString deprecated use Settings.System.getString instead ;callers=com.android.internal.telephony.gsm.HwCustGsmServiceStateManagerImpl.isMccForShowNetname:206 com.android.internal.telephony.gsm.HwCustGsmServiceStateManagerImpl.isShowNetnameByMcc:197 com.android.internal.telephony.gsm.HwCustGsmServiceStateManagerImpl.setOnsDisplayCustomization:148 
06-16 21:41:10.713  1930  1930 I HwNetworkPolicyManager: forceUpdatePolicy isRoaming = false
06-16 21:41:10.736  1296  1311 I chatty  : uid=1000(system) android.bg expire 1 line
06-16 21:41:10.769  1296  1314 I chatty  : uid=1000(system) ActivityManager expire 1 line
06-16 21:41:10.794  1868  1868 D Telephony-TelecomAccountRegistry: onServiceStateChanged0 newState : 0, mServiceState : 0
06-16 21:41:14.954  1593  1817 I HidataAppQoeP: handleStateChanged reason=6
06-16 21:41:14.954  1593  1817 I BrowserChrP: handleStateChanged
06-16 21:41:17.784  1296  1761 I chatty  : uid=1000(system) watchdog expire 1 line
06-16 21:41:20.966  1593  1817 I HidataAppQoeP: handleStateChanged reason=6
06-16 21:41:20.966  1593  1817 I BrowserChrP: handleStateChanged
06-16 21:41:25.941  1296  1315 I chatty  : uid=1000(system) android.ui expire 17 lines
06-16 21:41:25.990  1296  2327 I chatty  : uid=1000(system) Binder:1296_11 expire 10 lines
06-16 21:41:26.507 27955 27955 D ActivityThread: Remove activity client record, r= ActivityRecord{2da7747 token=android.os.BinderProxy@724ee5f {com.ss.android.article.news/com.bytedance.ugcdetail.v1.app.UgcDetailActivity}} token= android.os.BinderProxy@724ee5f
06-16 21:41:26.508  1296  2318 I chatty  : uid=1000(system) Binder:1296_D expire 21 lines
06-16 21:41:26.565  1593  1607 I BoosterSwitchP: notifyUidState do nothing
06-16 21:41:26.565  1593  1607 I DeepNoDisturbP: notifyUidState
06-16 21:41:26.565  1593  1607 I HidataAppQoeP: notifyUidState
06-16 21:41:26.565  1593  1607 I BrowserChrP: notifyUidState
06-16 21:41:26.974  1593  1817 I HidataAppQoeP: handleStateChanged reason=6
06-16 21:41:26.974  1593  1817 I BrowserChrP: handleStateChanged
06-16 21:41:27.619  1296  3111 I chatty  : uid=1000(system) Binder:1296_13 expire 11 lines
06-16 21:41:30.376  1296  1432 I chatty  : uid=1000(system) UEventObserver expire 5 lines
06-16 21:41:30.382  1296  5041 I chatty  : uid=1000(system) HwBinder:1296_5 expire 1 line
06-16 21:41:30.706  1593  1817 I HidataAppQoeP: handleStateChanged reason=6
06-16 21:41:30.706  1593  1817 I BrowserChrP: handleStateChanged
06-16 21:41:31.973  1593  1817 I HidataAppQoeP: handleStateChanged reason=6
06-16 21:41:31.973  1593  1817 I BrowserChrP: handleStateChanged
06-16 21:41:34.728   568   645 W SocketListener: sending broadcast to Pid = 1296, Uid = 1000 
06-16 21:41:34.732  1296  1467 I chatty  : uid=1000(system) NetdConnector expire 10 lines
06-16 21:41:34.736  1296  1323 I chatty  : uid=1000(system) android.fg expire 11 lines
06-16 21:41:35.682  1296  7441 I chatty  : uid=1000(system) Binder:1296_17 expire 20 lines
06-16 21:41:35.686  1296  1320 I chatty  : uid=1000(system) keyAppHanderThr expire 1 line
06-16 21:41:37.995  1593  1817 I HidataAppQoeP: handleStateChanged reason=6
06-16 21:41:37.995  1593  1817 I BrowserChrP: handleStateChanged
06-16 21:41:43.989  1593  1817 I HidataAppQoeP: handleStateChanged reason=6
06-16 21:41:43.989  1593  1817 I BrowserChrP: handleStateChanged
06-16 21:41:47.787  1296  1761 I chatty  : uid=1000(system) watchdog expire 3 lines
06-16 21:41:50.398  1868  1868 W SettingsEx: SettingsEx.Systemex.getString deprecated use Settings.System.getString instead ;callers=com.android.internal.telephony.gsm.HwCustGsmServiceStateManagerImpl.isMccForShowNetname:206 com.android.internal.telephony.gsm.HwCustGsmServiceStateManagerImpl.isShowNetnameByMcc:197 com.android.internal.telephony.gsm.HwCustGsmServiceStateManagerImpl.setOnsDisplayCustomization:148 
06-16 21:41:50.414  1296  1296 I chatty  : uid=1000 system_server expire 23 lines
06-16 21:41:50.439  1296  1311 I chatty  : uid=1000(system) android.bg expire 1 line
06-16 21:41:50.442  1296  1314 I chatty  : uid=1000(system) ActivityManager expire 2 lines
06-16 21:41:50.449  1296  7441 I chatty  : uid=1000(system) Binder:1296_17 expire 3 lines
06-16 21:41:50.449  1930  1930 I HwNetworkPolicyManager: forceUpdatePolicy isRoaming = false
06-16 21:41:50.545  1868  1868 D Telephony-TelecomAccountRegistry: onServiceStateChanged0 newState : 0, mServiceState : 0
06-16 21:41:53.168  1296  1317 I chatty  : uid=1000(system) ActivityManager expire 3 lines
06-16 21:41:53.168  1296  1796 I chatty  : uid=1000(system) MultiTaskManage expire 3 lines
06-16 21:41:53.201 30612 30612 D ActivityThread: Attach thread to application
06-16 21:41:53.714 30637 30637 D ActivityThread: Attach thread to application
06-16 21:41:53.727  1296  9254 I chatty  : uid=1000(system) Binder:1296_1C expire 39 lines
06-16 21:41:53.865  1296  3111 I chatty  : uid=1000(system) Binder:1296_13 expire 35 lines
06-16 21:41:55.930   568   640 W SocketListener: sending broadcast to Pid = 1296, Uid = 1000 
06-16 21:41:55.956  1296  1470 I chatty  : uid=1000(system) NetworkStats expire 5 lines
06-16 21:42:00.317  1296 30473 I chatty  : uid=1000 system_server expire 3 lines
06-16 21:42:00.319  1296  1524 I chatty  : uid=1000(system) iaware.clean expire 3 lines
06-16 21:42:00.331  1593  2030 I BoosterSwitchP: notifyUidState do nothing
06-16 21:42:00.331  1593  2030 I DeepNoDisturbP: notifyUidState
06-16 21:42:00.331  1593  2030 I HidataAppQoeP: notifyUidState
06-16 21:42:00.331  1593  2030 I BrowserChrP: notifyUidState
06-16 21:42:00.351  1593  1606 I BoosterSwitchP: notifyUidState do nothing
06-16 21:42:00.351  1593  1606 I DeepNoDisturbP: notifyUidState
06-16 21:42:00.351  1593  1606 I HidataAppQoeP: notifyUidState
06-16 21:42:00.351  1593  1606 I BrowserChrP: notifyUidState
06-16 21:42:00.825  1296  1495 I chatty  : uid=1000(system) Thread-41 expire 3 lines
06-16 21:42:02.731 30668 30668 D ActivityThread: Attach thread to application
06-16 21:42:03.078  1593  2030 I BoosterSwitchP: notifyUidState do nothing
06-16 21:42:03.078  1593  2030 I DeepNoDisturbP: notifyUidState
06-16 21:42:03.078  1593  2030 I HidataAppQoeP: notifyUidState
06-16 21:42:03.078  1593  2030 I BrowserChrP: notifyUidState
06-16 21:42:03.268  1296  1296 I chatty  : uid=1000 system_server expire 4 lines
06-16 21:42:04.935   568   645 W SocketListener: sending broadcast to Pid = 1296, Uid = 1000 
06-16 21:42:07.588  1296  3111 I chatty  : uid=1000(system) Binder:1296_13 expire 1 line
06-16 21:42:10.193   711   771 I storaged: storaged_t::event: storage_info refreshed.
06-16 21:42:32.376  1296  7117 I chatty  : uid=1000(system) Binder:1296_14 expire 2 lines
06-16 21:42:47.430   568   645 W SocketListener: sending broadcast to Pid = 1296, Uid = 1000 
06-16 21:42:47.435  1296  1467 I chatty  : uid=1000(system) NetdConnector expire 2 lines
06-16 21:43:00.166  1296 14783 I chatty  : uid=1000(system) Binder:1296_20 expire 1 line
06-16 21:43:04.172  1296  1315 I chatty  : uid=1000(system) android.ui expire 40 lines
06-16 21:43:10.194   711   771 I storaged: storaged_t::event: storage_info refreshed.
06-16 21:43:17.795  1296  1761 I chatty  : uid=1000(system) watchdog expire 5 lines
06-16 21:43:20.246  1296  3111 I chatty  : uid=1000(system) Binder:1296_13 expire 24 lines
06-16 21:43:23.782   568   645 W SocketListener: sending broadcast to Pid = 1296, Uid = 1000 
06-16 21:43:23.784  1296  1467 I chatty  : uid=1000(system) NetdConnector expire 10 lines
06-16 21:43:23.790  1296  1323 I chatty  : uid=1000(system) android.fg expire 11 lines
06-16 21:43:30.317  1296  7117 I chatty  : uid=1000(system) Binder:1296_14 expire 5 lines
06-16 21:43:32.408  1296  2321 I chatty  : uid=1000(system) Binder:1296_F expire 6 lines
06-16 21:43:36.134  1593  1817 I HidataAppQoeP: handleStateChanged reason=6
06-16 21:43:36.134  1593  1817 I BrowserChrP: handleStateChanged
06-16 21:43:42.139  1593  1817 I HidataAppQoeP: handleStateChanged reason=6
06-16 21:43:42.139  1593  1817 I BrowserChrP: handleStateChanged
06-16 21:43:43.714  1296  1314 I chatty  : uid=1000(system) ActivityManager expire 2 lines
06-16 21:43:43.750  1296  2327 I chatty  : uid=1000(system) Binder:1296_11 expire 1 line
06-16 21:43:43.750  1296  1296 I chatty  : uid=1000 system_server expire 5 lines
06-16 21:43:43.777  1296 14783 I chatty  : uid=1000(system) Binder:1296_20 expire 23 lines
06-16 21:43:43.832  1296  3111 I chatty  : uid=1000(system) Binder:1296_13 expire 18 lines
06-16 21:43:53.990   568   645 W SocketListener: sending broadcast to Pid = 1296, Uid = 1000 
06-16 21:43:54.181  1296 14783 I chatty  : uid=1000(system) Binder:1296_20 expire 17 lines
06-16 21:43:58.852  1296  3111 I chatty  : uid=1000(system) Binder:1296_13 expire 18 lines
06-16 21:44:04.287   568   640 W SocketListener: sending broadcast to Pid = 1296, Uid = 1000 
06-16 21:44:04.296  1296  1470 I chatty  : uid=1000(system) NetworkStats expire 5 lines
06-16 21:44:04.617  1296  2318 I chatty  : uid=1000(system) Binder:1296_D expire 28 lines
06-16 21:44:08.214  1296  1315 I chatty  : uid=1000(system) android.ui expire 14 lines
06-16 21:44:08.265  1296  1312 I chatty  : uid=1000(system) HwActivityManag expire 2 lines
06-16 21:44:08.267 27955 27955 V ActivityThread: Skipping new config:{1.0 460mcc2mnc [zh_CN_#Hans] ldltr sw360dp w360dp h616dp 480dpi nrml long port finger -keyb/v/h -nav/h winConfig={ mBounds=Rect(0, 0 - 1920, 1080) mAppBounds=Rect(0, 0 - 1080, 1920) mWindowingMode=fullscreen mActivityType=undefined} nonFullScreen=0 suim:1 s.28}, config:{1.0 460mcc2mnc [zh_CN_#Hans] ldltr sw360dp w360dp h616dp 480dpi nrml long port finger -keyb/v/h -nav/h winConfig={ mBounds=Rect(0, 0 - 1920, 1080) mAppBounds=Rect(0, 0 - 1080, 1920) mWindowingMode=fullscreen mActivityType=undefined} nonFullScreen=0 suim:1 s.28} for app:com.ss.android.article.news
06-16 21:44:08.270 27955 27955 V ActivityThread: callActivityOnCreate
06-16 21:44:08.294 27955 27955 D ActivityThread: add activity client record, r= ActivityRecord{74bc0e0 token=android.os.BinderProxy@a094df1 {com.ss.android.article.news/com.ss.android.wenda.list.AnswerListActivity}} token= android.os.BinderProxy@a094df1
06-16 21:44:08.336  1296  7441 I chatty  : uid=1000(system) Binder:1296_17 expire 11 lines
06-16 21:44:08.337  1296  1326 I chatty  : uid=1000(system) HwGameAssistant expire 1 line
06-16 21:44:08.380  1296  1424 I chatty  : uid=1000(system) android.anim expire 5 lines
06-16 21:44:08.391  1296  1325 I chatty  : uid=1000(system) android.display expire 1 line
06-16 21:44:10.194   711   771 I storaged: storaged_t::event: storage_info refreshed.
06-16 21:44:23.030 27955 30808 W HwApsManager: HwApsManagerService, registerCallback, start !
06-16 21:44:24.198   568   645 W SocketListener: sending broadcast to Pid = 1296, Uid = 1000 
06-16 21:44:32.424  1296  7441 I chatty  : uid=1000(system) Binder:1296_17 expire 4 lines
06-16 21:44:44.517  1296  3111 I chatty  : uid=1000(system) Binder:1296_13 expire 19 lines
06-16 21:44:52.929  1593  1817 I HidataAppQoeP: handleStateChanged reason=6
06-16 21:44:52.929  1593  1817 I BrowserChrP: handleStateChanged
06-16 21:44:54.407   568   645 W SocketListener: sending broadcast to Pid = 1296, Uid = 1000 
06-16 21:44:54.411  1296  1467 I chatty  : uid=1000(system) NetdConnector expire 2 lines
06-16 21:44:54.418  1296  1323 I chatty  : uid=1000(system) android.fg expire 2 lines
06-16 21:44:58.938  1593  1817 I HidataAppQoeP: handleStateChanged reason=6
06-16 21:44:58.938  1593  1817 I BrowserChrP: handleStateChanged
06-16 21:45:04.947  1593  1817 I HidataAppQoeP: handleStateChanged reason=6
06-16 21:45:04.947  1593  1817 I BrowserChrP: handleStateChanged
06-16 21:45:05.760  1296  1320 I chatty  : uid=1000(system) keyAppHanderThr expire 1 line
06-16 21:45:10.195   711   771 I storaged: storaged_t::event: storage_info refreshed.
06-16 21:45:10.951  1593  1817 I HidataAppQoeP: handleStateChanged reason=6
06-16 21:45:10.951  1593  1817 I BrowserChrP: handleStateChanged
06-16 21:45:31.123  1296  1328 I chatty  : uid=1000(system) PowerManagerSer expire 37 lines
06-16 21:45:36.134   568   645 W SocketListener: sending broadcast to Pid = 1296, Uid = 1000 
06-16 21:45:36.139  1296  1467 I chatty  : uid=1000(system) NetdConnector expire 2 lines
06-16 21:45:36.146  1296  1323 I chatty  : uid=1000(system) android.fg expire 4 lines
06-16 21:45:39.512  1296  2318 I chatty  : uid=1000(system) Binder:1296_D expire 114 lines
06-16 21:45:39.544  1296  7117 I chatty  : uid=1000(system) Binder:1296_14 expire 8 lines
06-16 21:45:41.268  1296  1296 I chatty  : uid=1000 system_server expire 1132 lines
06-16 21:45:41.300  1296  1569 I chatty  : uid=1000(system) PhotonicModulat expire 249 lines
06-16 21:45:45.184  1296  1457 I chatty  : uid=1000(system) InputReader expire 3 lines
06-16 21:45:45.630  1296  7441 I chatty  : uid=1000(system) Binder:1296_17 expire 11 lines
06-16 21:45:45.638   493  1612 D vold    : begin lockScreenPrepare
06-16 21:45:45.638   493  1612 D vold    : e4crypt_lock_screen_prepare flag is: 1 user_id:0
06-16 21:45:45.644  1296  1520 I chatty  : uid=1000(system) fingerprintServ expire 6 lines
06-16 21:45:45.708  1296  5041 I chatty  : uid=1000(system) HwBinder:1296_5 expire 1 line
06-16 21:45:45.715  1639  1639 W FingerprintManager: Invalid acquired message: 6, 1001
06-16 21:45:45.728  1296  1328 I chatty  : uid=1000(system) PowerManagerSer expire 14 lines
06-16 21:45:45.862  1296 14783 I chatty  : uid=1000(system) Binder:1296_20 expire 3 lines
06-16 21:45:45.880  1296  1312 I chatty  : uid=1000(system) HwActivityManag expire 1 line
06-16 21:45:45.886  1296  1315 I chatty  : uid=1000(system) android.ui expire 9 lines
06-16 21:45:45.948  1296  1325 I chatty  : uid=1000(system) android.display expire 2 lines
06-16 21:45:46.066  1296  9254 I chatty  : uid=1000(system) Binder:1296_1C expire 26 lines
06-16 21:45:46.416  1296  1445 I chatty  : uid=1000(system) HeartBeatHandle expire 11 lines
06-16 21:45:46.420  1639  1639 W KeyguardViewMediator: callback -> onShowingStateChanged.
06-16 21:45:46.449  1296  1314 I chatty  : uid=1000(system) ActivityManager expire 1 line
06-16 21:45:46.467 27955 27955 V ActivityThread: Handle window ActivityRecord{74bc0e0 token=android.os.BinderProxy@a094df1 {com.ss.android.article.news/com.ss.android.wenda.list.AnswerListActivity}} visibility: false
06-16 21:45:46.539  1639  1639 V KeyguardStatusView: refresh statusview showing:true
06-16 21:45:46.543  1639  1639 V KeyguardDisplayManager: show
06-16 21:45:46.595  1296  1477 I chatty  : uid=1000(system) WifiP2pService expire 4 lines
06-16 21:45:46.599  1296  1474 I chatty  : uid=1000(system) WifiStateMachin expire 15 lines
06-16 21:45:46.602  1593  2030 D FaceRecognizeService: daemon init result val = 0 package = com.android.systemui
06-16 21:45:46.607  1593  1817 I BoosterGameP: handleStateChanged reason=2
06-16 21:45:46.610  1593  1606 D AntiBruteForceProcessor: RemainingAuthenticateNum = 5
06-16 21:45:46.610  1593  2030 D FaceRecognizeService: daemon init result val = 0 package = com.android.systemui
06-16 21:45:46.613  1593  1817 E BoosterGameP: inValidCQI:-1
06-16 21:45:46.613  1593  1817 I BoosterVideoP: handleStateChanged reason=2
06-16 21:45:46.616  1593  1817 I BoosterVideoP: sendModemUnsolState false
06-16 21:45:46.616  1593  1817 I BoosterSwitchP: handleStateChanged reason=2
06-16 21:45:46.616  1593  1817 I DeepNoDisturbP: handleStateChanged reason=2
06-16 21:45:46.616  1593  1817 I DeepNoDisturbSM: setScreenState isScreenOn=false
06-16 21:45:46.616  1593  1817 I HidataAppQoeP: handleStateChanged reason=2
06-16 21:45:46.616  1593  1817 I BrowserChrP: handleStateChanged
06-16 21:45:46.618  1593  1593 I DeepNoDisturbSM: IdleState processMessage msg.what=EVENT_SCREEN_OFF
06-16 21:45:46.618  1593  1593 I DeepNoDisturbSM: IdleState: default msg.what=11
06-16 21:45:46.657  1296  2327 I chatty  : uid=1000(system) Binder:1296_11 expire 1 line
06-16 21:45:46.683  1593  1820 E HwCommBoosterManager: handleOemHookSetResp end error, ret=-2
06-16 21:45:46.817  1296  1424 I chatty  : uid=1000(system) android.anim expire 1 line
06-16 21:45:46.929  1296  2747 I chatty  : uid=1000(system) HwDeviceUsageCo expire 1 line
06-16 21:45:47.272  3413  8021 W ContextImpl: Calling a method in the system process without a qualified user: android.app.ContextImpl.bindService:1840 android.content.ContextWrapper.bindService:698 com.huawei.nb.dataservice.dsclient.RemoteServiceConnection.open:90 com.huawei.nb.dataservice.dsclient.DataServiceProxy.connect:105 com.huawei.nb.dataservice.rsclient.internal.RemoteRuleService.start:27 
06-16 21:45:47.394  1296  9254 I chatty  : uid=1000(system) Binder:1296_1C expire 63 lines
06-16 21:45:47.397  1296  7441 I chatty  : uid=1000(system) Binder:1296_17 expire 968 lines
06-16 21:45:47.651  1296  1314 I chatty  : uid=1000(system) ActivityManager expire 33 lines
06-16 21:45:47.816  1296  1761 I chatty  : uid=1000(system) watchdog expire 1 line
06-16 21:45:48.285  1296  1311 I chatty  : uid=1000(system) android.bg expire 2 lines
06-16 21:45:48.335  1296  1467 I chatty  : uid=1000(system) NetdConnector expire 6 lines
06-16 21:45:48.341  1296  1296 I chatty  : uid=1000 system_server expire 59 lines
06-16 21:45:49.450  1296  1445 I chatty  : uid=1000(system) HeartBeatHandle expire 11 lines
06-16 21:45:49.476  1296  1796 I chatty  : uid=1000(system) MultiTaskManage expire 28 lines
06-16 21:45:49.540  1296  1315 I chatty  : uid=1000(system) android.ui expire 6 lines
06-16 21:45:49.543  1296  2327 I chatty  : uid=1000(system) Binder:1296_11 expire 2 lines
06-16 21:45:49.544  1593  2030 I BoosterSwitchP: notifyUidState do nothing
06-16 21:45:49.544  1593  2030 I DeepNoDisturbP: notifyUidState
06-16 21:45:49.544  1593  2030 I HidataAppQoeP: notifyUidState
06-16 21:45:49.544  1593  2030 I BrowserChrP: notifyUidState
06-16 21:45:49.545  1593  2030 I BoosterSwitchP: notifyUidState do nothing
06-16 21:45:49.545  1593  2030 I DeepNoDisturbP: notifyUidState
06-16 21:45:49.545  1593  2030 I HidataAppQoeP: notifyUidState
06-16 21:45:49.545  1593  2030 I BrowserChrP: notifyUidState
06-16 21:45:49.547  1593  2030 I BoosterSwitchP: notifyUidState do nothing
06-16 21:45:49.547  1593  2030 I DeepNoDisturbP: notifyUidState
06-16 21:45:49.547  1593  2030 I HidataAppQoeP: notifyUidState
06-16 21:45:49.547  1593  2030 I BrowserChrP: notifyUidState
06-16 21:45:49.565  1296  2318 I chatty  : uid=1000(system) Binder:1296_D expire 19 lines
06-16 21:45:49.606  1593  1593 I HwCoreAppHelperService: LocalReceiver receives:android.intent.action.PACKAGE_RESTARTED,pkg:com.qiyi.video,uid:10122
06-16 21:45:49.774  1296  1325 I chatty  : uid=1000(system) android.display expire 1 line
06-16 21:45:49.882  1296  1307 I chatty  : uid=1000(system) Binder:1296_2 expire 7 lines
06-16 21:45:49.936  1296  8175 I chatty  : uid=1000(system) Binder:1296_1B expire 11 lines
06-16 21:45:49.962  1296  2129 I chatty  : uid=1000(system) Binder:1296_9 expire 9 lines
06-16 21:45:49.983  1296  1495 I chatty  : uid=1000(system) Thread-41 expire 3 lines
06-16 21:45:52.625  1296 14782 I chatty  : uid=1000(system) Binder:1296_1F expire 45 lines
06-16 21:46:03.068  1296  7866 I chatty  : uid=1000(system) Binder:1296_18 expire 3 lines
06-16 21:46:03.229  1296  1471 I chatty  : uid=1000(system) NetworkPolicy expire 1 line
06-16 21:46:03.230  1296 14782 I chatty  : uid=1000(system) Binder:1296_1F expire 11 lines
06-16 21:46:03.238  1296  1296 I chatty  : uid=1000 system_server expire 11 lines
06-16 21:46:03.239  1296  7866 I chatty  : uid=1000(system) Binder:1296_18 expire 16 lines
06-16 21:46:38.062   568   638 W SocketListener: sending broadcast to Pid = 1296, Uid = 1000 
06-16 21:46:38.062  1296  5041 I chatty  : uid=1000(system) HwBinder:1296_5 expire 4 lines
06-16 21:46:38.062  1296  1520 I chatty  : uid=1000(system) fingerprintServ expire 12 lines
06-16 21:46:38.064  1296  1467 I chatty  : uid=1000(system) NetdConnector expire 8 lines
06-16 21:46:38.066  1296  1323 I chatty  : uid=1000(system) android.fg expire 1 line
06-16 21:46:38.070  1296  7866 I chatty  : uid=1000(system) Binder:1296_18 expire 10 lines
06-16 21:46:38.079  1296  1328 I chatty  : uid=1000(system) PowerManagerSer expire 13 lines
06-16 21:46:38.082  1296  1630 I chatty  : uid=1000(system) Binder:1296_5 expire 11 lines
06-16 21:46:38.082  1639  1639 W FingerprintManager: Invalid acquired message: 6, 1002
06-16 21:46:38.099  1639  1639 W KeyguardViewMediator: notifyDrawn as: ScreenTurningOn 
06-16 21:46:38.101  1296  1424 I chatty  : uid=1000(system) android.anim expire 5 lines
06-16 21:46:38.101  1296  1315 I chatty  : uid=1000(system) android.ui expire 16 lines
06-16 21:46:38.108  1296  1325 I chatty  : uid=1000(system) android.display expire 2 lines
06-16 21:46:38.118  1296  2129 I chatty  : uid=1000(system) Binder:1296_9 expire 7 lines
06-16 21:46:38.119  1296  2227 I chatty  : uid=1000(system) Binder:1296_B expire 7 lines
06-16 21:46:38.143  1296  1450 I chatty  : uid=1000(system) hw_finger_unloc expire 1 line
06-16 21:46:38.185  1296  1314 I chatty  : uid=1000(system) ActivityManager expire 3 lines
06-16 21:46:38.197  1593  1817 I HidataAppQoeP: handleStateChanged reason=6
06-16 21:46:38.197  1593  1817 I BrowserChrP: handleStateChanged
06-16 21:46:38.199  1296  1317 I chatty  : uid=1000(system) ActivityManager expire 1 line
06-16 21:46:38.199  1296  1796 I chatty  : uid=1000(system) MultiTaskManage expire 1 line
06-16 21:46:38.200  1868  1868 I Telephony-PstnPhoneCapabilitiesNotifier: handleVideoCapabilitesChanged. Video capability - true
06-16 21:46:38.216 30914 30914 D ActivityThread: Attach thread to application
06-16 21:46:38.247  1868  1868 W SettingsEx: SettingsEx.Systemex.getString deprecated use Settings.System.getString instead ;callers=com.android.internal.telephony.gsm.HwCustGsmServiceStateManagerImpl.isMccForShowNetname:206 com.android.internal.telephony.gsm.HwCustGsmServiceStateManagerImpl.isShowNetnameByMcc:197 com.android.internal.telephony.gsm.HwCustGsmServiceStateManagerImpl.setOnsDisplayCustomization:148 
06-16 21:46:38.257  1593  1817 I HidataAppQoeP: handleStateChanged reason=6
06-16 21:46:38.257  1593  1817 I BrowserChrP: handleStateChanged
06-16 21:46:38.260  1593  1817 I HidataAppQoeP: handleStateChanged reason=6
06-16 21:46:38.260  1593  1817 I BrowserChrP: handleStateChanged
06-16 21:46:38.270  1868  1868 W SettingsEx: SettingsEx.Systemex.getString deprecated use Settings.System.getString instead ;callers=com.android.internal.telephony.gsm.HwCustGsmServiceStateManagerImpl.isMccForShowNetname:206 com.android.internal.telephony.gsm.HwCustGsmServiceStateManagerImpl.isShowNetnameByMcc:197 com.android.internal.telephony.gsm.HwCustGsmServiceStateManagerImpl.setOnsDisplayCustomization:148 
06-16 21:46:38.275  1296  1296 I chatty  : uid=1000 system_server expire 22 lines
06-16 21:46:38.282  1930  1930 I HwNetworkPolicyManager: forceUpdatePolicy isRoaming = false
06-16 21:46:38.284  1296  1311 I chatty  : uid=1000(system) android.bg expire 2 lines
06-16 21:46:38.292  1868  1868 I Telephony-PstnPhoneCapabilitiesNotifier: handleVideoCapabilitesChanged. Video capability - true
06-16 21:46:38.294  1593  1817 I HidataAppQoeP: handleStateChanged reason=6
06-16 21:46:38.294  1593  1817 I BrowserChrP: handleStateChanged
06-16 21:46:38.305  1296  8135 I chatty  : uid=1000(system) Binder:1296_1A expire 25 lines
06-16 21:46:38.309  1639  1639 W FingerprintManager: Invalid acquired message: 6, 1001
06-16 21:46:38.316  1868  1868 W SettingsEx: SettingsEx.Systemex.getString deprecated use Settings.System.getString instead ;callers=com.android.internal.telephony.gsm.HwCustGsmServiceStateManagerImpl.isMccForShowNetname:206 com.android.internal.telephony.gsm.HwCustGsmServiceStateManagerImpl.isShowNetnameByMcc:197 com.android.internal.telephony.gsm.HwCustGsmServiceStateManagerImpl.setOnsDisplayCustomization:148 
06-16 21:46:38.318  1868  1868 D Telephony-TelecomAccountRegistry: onServiceStateChanged0 newState : 0, mServiceState : 0
06-16 21:46:38.454  1593  1817 I HidataAppQoeP: handleStateChanged reason=6
06-16 21:46:38.454  1593  1817 I BrowserChrP: handleStateChanged
06-16 21:46:38.599  1868  1868 W SettingsEx: SettingsEx.Systemex.getString deprecated use Settings.System.getString instead ;callers=com.android.internal.telephony.gsm.HwCustGsmServiceStateManagerImpl.isMccForShowNetname:206 com.android.internal.telephony.gsm.HwCustGsmServiceStateManagerImpl.isShowNetnameByMcc:197 com.android.internal.telephony.gsm.HwCustGsmServiceStateManagerImpl.setOnsDisplayCustomization:148 
06-16 21:46:38.612  1930  1930 I HwNetworkPolicyManager: forceUpdatePolicy isRoaming = false
06-16 21:46:38.629  1296 14782 I chatty  : uid=1000(system) Binder:1296_1F expire 5 lines
06-16 21:46:38.641  1868  1868 D Telephony-TelecomAccountRegistry: onServiceStateChanged0 newState : 0, mServiceState : 0
06-16 21:46:38.672  1296  1569 I chatty  : uid=1000(system) PhotonicModulat expire 1 line
06-16 21:46:38.702  1639  1985 I PermissionManager: camera remind result:true
06-16 21:46:38.702  1639  1985 I BackgroundPermManager: pkgName: com.android.systemui,pid: 1639 ,uidOf3RdApk: 10039 ,permType: 0 ,permCfg: 1
06-16 21:46:38.813  1296  8175 I chatty  : uid=1000(system) Binder:1296_1B expire 2 lines
06-16 21:46:38.825  1296  1445 I chatty  : uid=1000(system) HeartBeatHandle expire 30 lines
06-16 21:46:38.834  1639  1639 W FingerprintManager: Invalid acquired message: 6, 1002
06-16 21:46:38.851  1296  1464 I chatty  : uid=1000(system) StorageManagerS expire 36 lines
06-16 21:46:38.867   493 30943 D vold    : idle maintenance stopped
06-16 21:46:38.867  1296  1296 I chatty  : uid=1000 system_server expire 52 lines
06-16 21:46:38.868  1296  1477 I chatty  : uid=1000(system) WifiP2pService expire 5 lines
06-16 21:46:38.879  1296  1474 I chatty  : uid=1000(system) WifiStateMachin expire 1 line
06-16 21:46:38.893  1296  1315 I chatty  : uid=1000(system) android.ui expire 24 lines
06-16 21:46:38.902  1593  2030 D FaceRecognizeService: authenticate begin package = com.android.systemui
06-16 21:46:38.903  1593  2110 D FaceRecognizeService: authenticate running!
06-16 21:46:38.903  1593  2110 D FaceRecognizeService: startAuthentication(com.android.systemui)
06-16 21:46:38.903  1593  2110 D FaceRecognizeService: isMainUser in-userId = 0 currentUserId = 0
06-16 21:46:38.903  1593  2110 D FaceRecognizeService: startAuthentication errorCode = 0
06-16 21:46:38.904  1593  2110 D FaceRecognizeService: current cmd is NULL!
06-16 21:46:38.904  1593  2110 D FaceRecognizeService: start new cmd directly!!
06-16 21:46:38.905  1593  1817 I BoosterGameP: handleStateChanged reason=2
06-16 21:46:38.905  1593  1817 E BoosterGameP: inValidCQI:-1
06-16 21:46:38.905  1593  1817 I BoosterVideoP: handleStateChanged reason=2
06-16 21:46:38.905  1593  1817 I BoosterVideoP: sendModemUnsolState false
06-16 21:46:38.905  1593  1817 I BoosterSwitchP: handleStateChanged reason=2
06-16 21:46:38.905  1593  1817 I DeepNoDisturbP: handleStateChanged reason=2
06-16 21:46:38.905  1593  1817 I DeepNoDisturbSM: setScreenState isScreenOn=true
06-16 21:46:38.905  1593  1817 I HidataAppQoeP: handleStateChanged reason=2
06-16 21:46:38.905  1593  1817 I BrowserChrP: handleStateChanged
06-16 21:46:38.905  1593  1593 I DeepNoDisturbSM: IdleState processMessage msg.what=EVENT_SCREEN_ON
06-16 21:46:38.905  1593  2110 D FaceRecognizeAuthCmd: doStart daemon return value = 0 userId = 0
06-16 21:46:38.905  1593  2110 D FaceRecognizeAuthCmd: authenticate cmd dostart end error code =  success 
06-16 21:46:38.905  1593  2110 D FaceRecognizeBaseCmd: processHalReturnedResult ERROR CODE =  success 
06-16 21:46:38.911  1296  7866 I chatty  : uid=1000(system) Binder:1296_18 expire 1 line
06-16 21:46:38.913  1296  1630 I chatty  : uid=1000(system) Binder:1296_5 expire 37 lines
06-16 21:46:38.913  1593  1593 I DeepNoDisturbSM: isWifiConnected = true
06-16 21:46:38.917  1593  1820 E HwCommBoosterManager: handleOemHookSetResp end error, ret=-2
06-16 21:46:38.917  1593  1593 I DeepNoDisturbSM: isNetworkTypeSuitDeepNoDisturbMode networkType = 13
06-16 21:46:38.917  1593  1593 I DeepNoDisturbSM: isCorrectState=true mIsCallOn=false mGameStatus=0 defaultDataSubId=0 default4GSlotId=0 mIsDefaultDataOn=false mIsScreenOn=true deepNoDisturbModeProp=true isDeepNoDisturbSwitchOn=false isGameDndSwitchOn=false isNetworkTypeSuitDeepNoDisturbMode=true isAirplaneModeOn()=false
06-16 21:46:38.917  1593  1593 I DeepNoDisturbSM: isNeedEnterDeepNoDisturbMode false
06-16 21:46:38.987  1296  1460 I chatty  : uid=1000(system) HwBinder:1296_3 expire 4 lines
06-16 21:46:38.987  1296  8175 I chatty  : uid=1000(system) Binder:1296_1B expire 30 lines
06-16 21:46:38.987  1296  1520 I chatty  : uid=1000(system) fingerprintServ expire 19 lines
06-16 21:46:39.028  3413  8767 W ContextImpl: Calling a method in the system process without a qualified user: android.app.ContextImpl.bindService:1840 android.content.ContextWrapper.bindService:698 com.huawei.nb.dataservice.dsclient.RemoteServiceConnection.open:90 com.huawei.nb.dataservice.dsclient.DataServiceProxy.connect:105 com.huawei.nb.dataservice.rsclient.internal.RemoteRuleService.start:27 
06-16 21:46:39.071   568   638 W SocketListener: sending broadcast to Pid = 1296, Uid = 1000 
06-16 21:46:39.072  1296  1467 I chatty  : uid=1000(system) NetdConnector expire 4 lines
06-16 21:46:39.072  1296  1323 I chatty  : uid=1000(system) android.fg expire 1 line
06-16 21:46:39.091  1296  1321 I chatty  : uid=1000(system) batterystats-wo expire 1 line
06-16 21:46:39.121  1296  2129 I chatty  : uid=1000(system) Binder:1296_9 expire 16 lines
06-16 21:46:39.132  1296  2227 I chatty  : uid=1000(system) Binder:1296_B expire 16 lines
06-16 21:46:39.172  1296  8135 I chatty  : uid=1000(system) Binder:1296_1A expire 16 lines
06-16 21:46:39.188  1296  1314 I chatty  : uid=1000(system) ActivityManager expire 4 lines
06-16 21:46:39.193  1639  1639 W FingerprintManager: Invalid acquired message: 6, 1001
06-16 21:46:39.229  1296  7268 I chatty  : uid=1000(system) Binder:1296_15 expire 7 lines
06-16 21:46:39.332  1296  1476 I chatty  : uid=1000(system) WifiScanningSer expire 1 line
06-16 21:46:39.498  1593  1817 I HidataAppQoeP: handleStateChanged reason=6
06-16 21:46:39.498  1593  1817 I BrowserChrP: handleStateChanged
06-16 21:46:39.591  1593  1909 D FaceRecognizeService: onAuthenticationAcquired acquiredInfo = 5
06-16 21:46:39.592  1593  2110 D FaceRecognizeAuthCmd: onMessage EVNET = authenticate acquire  para1= 5 para2 = 0
06-16 21:46:39.592  1593  2110 E FaceRecognizeService: handleMessage EVT = 4
06-16 21:46:39.879  1639  1639 W FingerprintManager: Invalid acquired message: 6, 1002
06-16 21:46:39.971  1593  1909 D FaceRecognizeService: onAuthenticationResult userId = 0 errorCode = 0
06-16 21:46:39.971  1593  2110 D FaceRecognizeAuthCmd: onMessage EVNET = authenticate result  para1= 0 para2 = 0
06-16 21:46:39.971  1593  2110 D FaceRecognizeAuthCmd: onAuthenticated userId = 0 errorcode is  success 
