06-16 22:03:58.618   709  4274 I NuPlayer: initiating audio decoder shutdown
06-16 22:03:58.619   711  1336 I storaged: uid_monitor::update_curr_io_stats_locked: last_uid_io_stats_ size is 100
06-16 22:03:58.619   711  1336 I storaged: uid_monitor::update_curr_io_stats_locked: curr_io_stats_ size is 100
06-16 22:03:58.619   709  4295 W ACodec  : forcing OMX state to Idle when received shutdown in ExecutingState
06-16 22:03:58.619   716  4299 W SimpleSoftOMXComponent: onChangeState mState= 3, mTargetState = 3, state = 2
06-16 22:03:58.621  1296  5041 I BatteryService: normal charge status : 1
06-16 22:03:58.622   606   606 D lights  : set_light_battery colorRGB=00000000, onMS=0, offMS=0 
06-16 22:03:58.622  1578  1595 I bt_btif bt interface: read_energy_info
06-16 22:03:58.623   716  4299 W SimpleSoftOMXComponent: onChangeState mState= 2, mTargetState = 2, state = 1
06-16 22:03:58.623   716  4299 W SimpleSoftOMXComponent: checkTransitions port buf count is not zero
06-16 22:03:58.623   716 14168 W SimpleSoftOMXComponent: checkTransitions port buf count is not zero
06-16 22:03:58.624   716 14168 W SimpleSoftOMXComponent: checkTransitions port buf count is not zero
06-16 22:03:58.625   716 14168 W SimpleSoftOMXComponent: checkTransitions mState = 2, mTargetState = 1
06-16 22:03:58.626   716 14168 I OMXNodeInstance: change state and then freeNode, handle = 0xed59e0e0
06-16 22:03:58.631   716 14168 I OMXNodeInstance: OMXNodeInstance going away.
06-16 22:03:58.632   709  4274 I NuPlayer: audio shutdown completed
06-16 22:03:58.636   709  4274 I NuPlayer: both audio and video are flushed now.
06-16 22:03:58.636   709  4274 D NuPlayer: closeAudioSink
06-16 22:03:58.637   614 11173 D AudioFlinger: event 163 
06-16 22:03:58.637   614  1134 I AudioMixer: Pid:614 deleteTrackName(1)
06-16 22:03:58.638   709  4274 D NuPlayer: performReset
06-16 22:03:58.638   709  4274 I NuPlayer: updatePlaybackTimer(stop)  time                    0 (performReset)
06-16 22:03:58.638   709  4274 I NuPlayer: updateRebufferingTimer(stop)  time                    0 (exiting 1)
06-16 22:03:58.639   709  4274 I NuPlayerRenderer: This video has played 0 frames
06-16 22:03:58.639   709  4274 D GenericSource: ~GenericSource
06-16 22:03:58.640   709  4274 I GenericSource: resetDataSource
06-16 22:03:58.640   709  4274 D NuPlayerDriver: notifyResetComplete(0xf2494780)
06-16 22:03:58.641   709 23038 E MediaPlayerService: getDuration returned -2147483648
06-16 22:03:58.642   709 23038 D NuPlayerDriver: reset(0xf2494780) at state 0
06-16 22:03:58.642   709 23038 I NuPlayer: updateInternalTimers()
06-16 22:03:58.642   709 23038 I NuPlayer: updatePlaybackTimer(snap)  time                    0 (updateInternalTimers)
06-16 22:03:58.642   709 23038 I NuPlayer: updateRebufferingTimer(snap)  time                    0 (exiting 0)
06-16 22:03:58.642   709 23038 W AMessage: failed to post message as target looper for handler 0 is gone.
06-16 22:03:58.645   614  2790 D AudioFlinger: event 163 
06-16 22:03:58.647  1578  1595 V AudioManager: mPlaybackCallbackList.size:1
06-16 22:03:58.648  1578  2386 D AudioManager: dispatching onPlaybackConfigChanged()
06-16 22:03:58.652  1639  1639 W PowerUI : unknown intent: Intent { act=android.intent.action.ACTION_POWER_DISCONNECTED flg=0x4000010 (has extras) }
06-16 22:03:58.653  1852  1852 I chatty  : uid=1000(system) com.huawei.powergenie expire 11 lines
06-16 22:03:58.654  1816  2103 I chatty  : uid=1000(system) OdmfCtrlThread expire 4 lines
06-16 22:03:58.656  3322  3322 W HiAction_IntelligentReceiver: TraceFlow.ruleManagerFlow: IntelligentReceiver:android.intent.action.ACTION_POWER_DISCONNECTED
06-16 22:03:58.656  1296  1542 I chatty  : uid=1000(system) HwWMStateMachin expire 2 lines
06-16 22:03:58.656  3322  3322 W HiAction_RuleManager: ResouceUtil: getResourceSwitchStatus: true
06-16 22:03:58.657  1296  1296 I chatty  : uid=1000 system_server expire 32 lines
06-16 22:03:58.659  3322  3322 W HiAction_IntelligentReceiver: TraceFlow.ruleManagerFlow: agreement is ok, then check intellgentUpdate conditions
06-16 22:03:58.659 29302 29302 I [10.4.0.305]HiCloud.SyncObserverService: action power disconnected.
06-16 22:03:58.668  1296  1328 D PickUpWakeScreenManager: isPickupSensorSupport isSensorSupport = true
06-16 22:03:58.671 31864 31864 I chatty  : uid=10122 com.qiyi.video:downloader expire 25 lines
06-16 22:03:58.671 31864 31956 I chatty  : uid=10122(com.qiyi.video) DownloadEngine expire 9 lines
06-16 22:03:58.672 31864 31945 I chatty  : uid=10122(com.qiyi.video) Cube expire 4 lines
06-16 22:03:58.673   865   865 D AutoCache: onReceive intent=Intent { act=android.intent.action.ACTION_POWER_DISCONNECTED flg=0x4000010 (has extras) } action=android.intent.action.ACTION_POWER_DISCONNECTED
06-16 22:03:58.684  4232  4235 I adbd    : initializing functionfs
06-16 22:03:58.684  4232  4235 E adbd    : cannot open bulk-out endpoint /dev/usb-ffs/adb/ep1: No such file or directory
06-16 22:03:58.689  1296  1314 I ActivityManager: App 10081/com.android.browser targets O+, restricted
06-16 22:03:58.689  1296  1314 W BroadcastQueue: Background execution not allowed: receiving Intent { act=android.intent.action.ACTION_POWER_DISCONNECTED flg=0x4000010 (has extras) } to com.android.browser/com.tencent.mtt.browser.push.service.ConnectivityReceiver
06-16 22:03:58.704  4275  4275 D TuringScreenReceiver: onReceiver action : android.intent.action.ACTION_POWER_DISCONNECTED
06-16 22:03:58.704  4275  4275 D Gallery2_Common_TuringState: setPowerConnect:false
06-16 22:03:58.706  4275  4275 D TuringScreenReceiver: Turing enter unRegisterReceiver
06-16 22:03:58.708  3194  3194 D MicroMsg.PaySdk.WXFactory: createWXAPI, appId = wx50d801314d9eb858, checkSignature = true
06-16 22:03:58.710  3194  3194 D MicroMsg.SDK.WXApiImplV10: <init>, appId = wx50d801314d9eb858, checkSignature = true
06-16 22:03:58.714   610   610 I Legacy PowerHAL: get_number_of_platform_modes
06-16 22:03:58.714   610   610 I Legacy PowerHAL: get_voter_list!
06-16 22:03:58.714   610   610 I Legacy PowerHAL: get_platform_low_power_stats update list
06-16 22:03:58.720  1296  1296 I Telecom-ChargingStatusManager: onChargingStatusChanged, mIsCharging: true -> false
06-16 22:03:58.723  1296  1321 W BatteryExternalStatsWorker: modem info is invalid: ModemActivityInfo{ mTimestamp=0 mSleepTimeMs=0 mIdleTimeMs=0 mTxTimeMs[]=[0, 0, 0, 0, 0] mRxTimeMs=0 mEnergyUsed=0}
06-16 22:03:58.725 21796 21796 I iu.Environment: update battery state; isPlugged? false*
06-16 22:03:58.740  1816  2104 I chatty  : uid=1000(system) OdmfDataThread expire 2 lines
06-16 22:03:58.741  3194  3194 D MicroMsg.SDK.WXMsgImplComm: check signature:308202eb30820254a00302010202044d36f7a4300d06092a864886f70d01010505003081b9310b300906035504061302383631123010060355040813094775616e67646f6e673111300f060355040713085368656e7a68656e31353033060355040a132c54656e63656e7420546563686e6f6c6f6779285368656e7a68656e2920436f6d70616e79204c696d69746564313a3038060355040b133154656e63656e74204775616e677a686f7520526573656172636820616e6420446576656c6f706d656e742043656e7465723110300e0603550403130754656e63656e74301e170d3131303131393134333933325a170d3431303131313134333933325a3081b9310b300906035504061302383631123010060355040813094775616e67646f6e673111300f060355040713085368656e7a68656e31353033060355040a132c54656e63656e7420546563686e6f6c6f6779285368656e7a68656e2920436f6d70616e79204c696d69746564313a3038060355040b133154656e63656e74204775616e677a686f7520526573656172636820616e6420446576656c6f706d656e742043656e7465723110300e0603550403130754656e63656e7430819f300d06092a864886f70d010101050003818d0030818902818100c05f34b231b083fb1323670bfbe7bdab40c0c0a6efc87ef2072a1ff0d60cc67c8edb0d0847f210bea6cbfaa241be70c86daf56be08b723c859e52428a064555d80db448cdcacc1aea2501eba06f8bad12a4fa49d85cacd7abeb68945a5cb5e061629b52e3254c373550ee4e40cb7c8ae6f7a8151ccd8df582d446f39ae0c5e930203010001300d06092a864886f70d0101050500038181009c8d9d7f2f908c42081b4c764c377109a8b2c70582422125ce545842d5f520aea69550b6bd8bfd94e987b75a3077eb04ad341f481aac266e89d3864456e69fba13df018acdc168b9a19dfd7ad9d9cc6f6ace57c746515f71234df3a053e33ba93ece5cd0fc15f3e389a3f365588a9fcb439e069d3629cd7732a13fff7b891499
06-16 22:03:58.741  3194  3194 D MicroMsg.SDK.WXMsgImplComm: pass
06-16 22:03:58.741  3194  3194 D MicroMsg.SDK.WXApiImplV10: registerApp, appId = wx50d801314d9eb858
06-16 22:03:58.741  3194  3194 D MicroMsg.SDK.WXApiImplV10: registerApp, appId = wx50d801314d9eb858
06-16 22:03:58.742  3194  3194 D MicroMsg.SDK.WXApiImplV10: register app com.ss.android.article.news
06-16 22:03:58.753 21796  4501 D WorkSource: Insert in WorkSource{} @ 0 uid 10099 name com.google.android.gms
06-16 22:03:58.761  1296  1314 W ProcessCpuTracker: Skipping unknown process pid 4493
06-16 22:03:58.761  1296  1314 W ProcessCpuTracker: Skipping unknown process pid 4494
06-16 22:03:58.764  1296  1867 I chatty  : uid=1000(system) Binder:1296_7 expire 20 lines
06-16 22:03:58.770   701   785 I dubaid  : [BatteryHandler.cpp] onBatteryChanged# Battery charge state: 0, type: 0
06-16 22:03:58.797   865   865 V AutoCache: unRegisterPowerBroadcastReceiver: sPowerRegisterState is false, cxt is android.app.Application@f291a05
06-16 22:03:58.798  1296  8175 I chatty  : uid=1000(system) Binder:1296_1B expire 3 lines
06-16 22:03:58.802   917   917 I hisync-findmyphone.LowPowerReport: BatteryLowBroadcastReceiver action:android.intent.action.ACTION_POWER_DISCONNECTED;isLastLocReportSwitchOpen:true
06-16 22:03:58.803   917   917 I hisync-findmyphone.LowPowerReport: ACTION_POWER_DISCONNECTED initLowBatteryReport
06-16 22:03:58.806  3382  4504 D WorkSource: Insert in WorkSource{} @ 0 uid 10099 name com.google.android.gms
06-16 22:03:58.812  1852  1981 I chatty  : uid=1000(system) core expire 39 lines
06-16 22:03:58.830  3194  3194 D MicroMsg.SDK.MMessage: send mm message, intent=Intent { act=com.tencent.mm.plugin.openapi.Intent.ACTION_HANDLE_APP_REGISTER (has extras) }, perm=com.tencent.mm.permission.MM_MESSAGE
06-16 22:03:58.830  3194  3194 D MicroMsg.SDK.WXApiImplV10: detach
06-16 22:03:58.847   917   917 I hisync-findmyphone.LowPowerReport: LowPowerReport init...
06-16 22:03:58.862  1930  2261 E HSM_Install_BG: ChargeInfo: doRecordsChargeInfo chargeTime =93603628 plugType = 2 chargeType =1
06-16 22:03:58.862  1930  2261 E HSM_Install_BG: ChargeInfo: doRecordsChargeInfo lastCapacityRm =1557 capacityRm = 1556 mTimes = 11601 chargeBattery =-1
06-16 22:03:58.862  1930  2261 E HSM_Install_BG: ChargeInfo: doRecordsChargeInfo BATTERY_PLUGGED_USB chargeBattery =-1
06-16 22:03:58.864   917   917 I [10.4.0.305]CloudAlbum.BatteryProcessor: batteryStatus: 3
06-16 22:03:58.864   917   917 I [10.4.0.305]CloudAlbum.SyncStrategy: begin initState, mask: 256, flag: true
06-16 22:03:58.865   917   917 I [10.4.0.305]CloudAlbum.CloudAlbumSdkServiceImpl: invokeEvent msgId: 63
06-16 22:03:58.867   917   917 I [10.4.0.305]CloudAlbum.BatteryProcessor: checkLossLevel screen:true battery level while screen off:0 now:53
06-16 22:03:58.870   917  4331 I [10.4.0.305]CloudAlbum.CloudAlbumSdkLogic: dealStateChangedEvent, syncState: 1, state: 258
06-16 22:03:58.872  1296  2129 I ActivityManager: App 10169/cn.etouch.ecalendar targets O+, restricted
06-16 22:03:58.873  1296  2129 W BroadcastQueue: Background execution not allowed: receiving Intent { act=android.intent.action.ACTION_POWER_DISCONNECTED flg=0x4000010 (has extras) } to cn.etouch.ecalendar/.service.WatchmenReceiver
06-16 22:03:58.873   917  4331 I [10.4.0.305]CloudAlbum.CloudAlbumSdkServiceImpl: sendCallbackMsg msgId: 9099
06-16 22:03:58.877  1296  1314 I ActivityManager: App 10169/cn.etouch.ecalendar targets O+, restricted
06-16 22:03:58.877  1296  1314 W BroadcastQueue: Background execution not allowed: receiving Intent { act=android.intent.action.ACTION_POWER_DISCONNECTED flg=0x4000010 (has extras) } to cn.etouch.ecalendar/com.igexin.sdk.PushReceiver
06-16 22:03:58.878  4275  4275 D PowerStateReceiver: powerDisconnectReceiver
06-16 22:03:58.882  1296  1314 I ActivityManager: App 10267/com.gvsoft.gofun targets O+, restricted
06-16 22:03:58.882  1296  1314 W BroadcastQueue: Background execution not allowed: receiving Intent { act=android.intent.action.ACTION_POWER_DISCONNECTED flg=0x4000010 (has extras) } to com.gvsoft.gofun/com.igexin.sdk.PushReceiver
06-16 22:03:58.882  1296  1314 I ActivityManager: App 10246/com.oppo.im targets O+, restricted
06-16 22:03:58.883  1296  1314 W BroadcastQueue: Background execution not allowed: receiving Intent { act=android.intent.action.ACTION_POWER_DISCONNECTED flg=0x4000010 (has extras) } to com.oppo.im/com.igexin.sdk.PushReceiver
06-16 22:03:58.883  1296  1314 I ActivityManager: App 10126/com.sdu.didi.psnger targets O+, restricted
06-16 22:03:58.883  1296  1314 W BroadcastQueue: Background execution not allowed: receiving Intent { act=android.intent.action.ACTION_POWER_DISCONNECTED flg=0x4000010 (has extras) } to com.sdu.didi.psnger/com.igexin.sdk.PushReceiver
06-16 22:03:58.884  1296  1314 I ActivityManager: App 10136/com.ss.android.article.news targets O+, restricted
06-16 22:03:58.884  1296  1314 W BroadcastQueue: Background execution not allowed: receiving Intent { act=android.intent.action.ACTION_POWER_DISCONNECTED flg=0x4000010 (has extras) } to com.ss.android.article.news/com.ss.android.message.MessageReceiver
06-16 22:03:58.885 29302 29302 I [10.4.0.305]HiCloud.ICBServiceProtocol: ICBService connected
06-16 22:03:58.885  1296  1314 I ActivityManager: App 10166/com.zhaopin.social targets O+, restricted
06-16 22:03:58.885  1296  1314 W BroadcastQueue: Background execution not allowed: receiving Intent { act=android.intent.action.ACTION_POWER_DISCONNECTED flg=0x4000010 (has extras) } to com.zhaopin.social/com.igexin.sdk.PushReceiver
06-16 22:03:58.885  1296  1314 I ActivityManager: App 10166/com.zhaopin.social targets O+, restricted
06-16 22:03:58.886  1296  1314 W BroadcastQueue: Background execution not allowed: receiving Intent { act=android.intent.action.ACTION_POWER_DISCONNECTED flg=0x4000010 (has extras) } to com.zhaopin.social/com.xdandroid.hellodaemon.WakeUpReceiver
06-16 22:03:58.886  1296  1314 V BroadcastQueue: Finished with ordered broadcast BroadcastRecord{48f05e8 u-1 android.intent.action.ACTION_POWER_DISCONNECTED}
06-16 22:03:58.886   917  2245 I [10.4.0.305]HiCloud.ICBService: do abort. type = 2
06-16 22:03:58.893   917   917 I hisync-findmyphone.LowPowerReport: LowPowerReport action...android.intent.action.BATTERY_CHANGED
06-16 22:03:58.893   917   917 I hisync-findmyphone.AntiTheftInf: AntiTheftManagerEx getEnable = true from cache
06-16 22:03:58.895   917   917 I hisync-findmyphone.LowPowerReport: LowPowerReport perLevel:53LowPowerReport mLowBatteryWarningLevel:25
06-16 22:03:58.895   917   917 I hisync-findmyphone.LowPowerReport: LowPowerReport perLevel...53,has reported,break!
06-16 22:03:58.908 21796 25064 I iu.UploadsManager: num queued entries: 0
06-16 22:03:58.915  4275  4275 D PowerStateReceiver: onReceive intent=Intent { act=android.intent.action.ACTION_POWER_DISCONNECTED flg=0x4000010 (has extras) } action=android.intent.action.ACTION_POWER_DISCONNECTED
06-16 22:03:58.915  4275  4275 D PowerStateReceiver: unRegisterBatteryBroadcastReceiver
06-16 22:03:58.917  4275  4275 D Gallery2_Merge_MergeClassifyDataService: request stop ClassifyDataMergeService
06-16 22:03:58.933  1296  7295 V BroadcastQueue: Finished with ordered broadcast BroadcastRecord{79db332 u0 com.tencent.mm.plugin.openapi.Intent.ACTION_HANDLE_APP_REGISTER}
06-16 22:03:58.947  4275  4325 W CloudAlbumSDK[10.3.1.301].GeneralAlbumSyncLogic: sync task is not running
06-16 22:03:58.960  4275  4329 D Gallery2_cloud_SdkCallback: onSyncStrategyStateChanged syncState=1 state=258
06-16 22:03:58.961  4275  4329 I CloudSyncState: new sSyncPromptState state 902
06-16 22:03:58.961  4275  4329 D Gallery2_download_list_CloudMediaDownloadUtils: dealCloudStateChange syncState=1 state=258
06-16 22:03:58.964  4275  4511 D Gallery2_download_list_CloudMediaDownloadHelp: setForceDownLoad mediaType:true forceDownload:false
06-16 22:03:58.964  4275  4511 D Gallery2_download_list_CloudMediaDownloadHelp: setForceDownLoad mediaType:false forceDownload:false
06-16 22:03:58.964  4275  4511 D Gallery2_download_list_CloudMediaDownloadHelp: setCancelDownLoad:true
06-16 22:03:58.972 21796 25064 I iu.UploadsManager: num updated entries: 0
06-16 22:03:59.037 21796 25064 I iu.SyncManager: NEXT; no task
06-16 22:03:59.079 29769  4508 W com.tencent.mm: resources.arsc in APK '/data/app/com.ss.android.article.news-B9PRImayyLdfa5UaK9u4DA==/base.apk' is compressed.
06-16 22:03:59.120 29769  4508 D OpenGLRenderer: Skia GL Pipeline
06-16 22:03:59.232  3194  3285 E LYNX_TT_WEBVIEW: can't get appInfo, try at 5 seconds later! 
06-16 22:03:59.261  1296  7295 I NotificationService: enqueueNotificationInternal: pkg=com.android.settings id=1000002 notification=Notification(channel=SETTINGS_USB pri=1 contentView=null vibrate=null sound=null tick defaults=0x0 flags=0x2 color=0x00000000 vis=PRIVATE)
06-16 22:03:59.261  1296  7295 I NotificationService: enqueueNotificationInternal Channel Info : pkg=com.android.settings id=1000002 importance =1
06-16 22:03:59.300  1639  2778 I chatty  : uid=10039(com.huawei.HwMultiScreenShot) SystemUIThreadF expire 3 lines
06-16 22:03:59.619  1296  1323 I UsbDeviceManager: add hdb is hisuite,mtp,mass_storage,adb,hdb
06-16 22:03:59.642   865   865 D MtpReceiver: Debug MTP:ACTION_USB_STATE 
06-16 22:03:59.644   865   865 D MtpReceiver: Debug MTP:stop MTP service 
06-16 22:03:59.646   865   865 D MtpReceiver: handleUsbState stopService status=true
06-16 22:03:59.651  1852  2185 I chatty  : uid=1000(system) actions handler expire 195 lines
06-16 22:03:59.664  1296  2129 I chatty  : uid=1000(system) Binder:1296_9 expire 9 lines
06-16 22:03:59.667  1296  2129 D NetdConnector: SND -> {3544 firewall set_uid_rule standby 10122 deny}
06-16 22:03:59.681  1359  2446 I SmartThreadExecutor: handleMessage: start check 0
06-16 22:03:59.681  1359  2446 I SmartThreadExecutor: handleMessage: check end 0 -4 false
06-16 22:03:59.682  1296  1467 D NetdConnector: RCV <- {200 3544 Firewall command succeeded}
06-16 22:03:59.683  1296  1467 D NetdConnector: RCV <- {200 3544 Firewall command succeeded}
06-16 22:03:59.685  1296  4512 I chatty  : uid=1000 system_server expire 2 lines
06-16 22:03:59.686  4232  4235 I adbd    : initializing functionfs
06-16 22:03:59.687  4232  4235 I adbd    : opening control endpoint /dev/usb-ffs/adb/ep0
06-16 22:03:59.689   568 28016 I Netd    : Destroyed 5 sockets for UidRanges{ 10122 } skip={} in 2.2 ms
06-16 22:03:59.697  4232  4235 I adbd    : functionfs successfully initialized
06-16 22:03:59.697  4232  4235 I adbd    : registering usb transport
06-16 22:03:59.699  1296  5608 I chatty  : uid=1000(system) MobileQosDetect expire 1 line
06-16 22:03:59.714  1296  2129 D SmartHeartBeat: setAlarmsPending ...
06-16 22:03:59.736  1296  1631 I chatty  : uid=1000(system) Binder:1296_6 expire 15 lines
06-16 22:03:59.748  1296  7295 D SmartHeartBeat: setAlarmsPending ...
06-16 22:03:59.757  1296  1314 V BroadcastQueue: Finished with ordered broadcast BroadcastRecord{11659df u-1 android.hardware.usb.action.USB_STATE}
06-16 22:03:59.857 31101 31496 I chatty  : uid=10122(com.qiyi.video) pool-22-thread- expire 8 lines
06-16 22:03:59.861  4275  4434 D skia    : external skia timerHandler destroy skip because of hasvisit.
06-16 22:04:00.003  1296  1296 V AlarmManager: Received TIME_TICK alarm; rescheduling
06-16 22:04:00.004  1296  1296 I HwAlarmManagerService: hwSetAlarm listenerTag: time_tick
06-16 22:04:00.043  1639  1639 I LocalCalendar: CalendarId: 0001LocalCalender On
06-16 22:04:00.046  1639  1639 E ndroid.systemu: No package ID ff found for ID 0xffffffff.
06-16 22:04:00.047  1639  1639 I LocalCalendar: CalendarId: 0001LocalCalender On
06-16 22:04:00.050  1639  1639 D KeyguardUpdateMonitor: received broadcast android.intent.action.TIME_TICK
06-16 22:04:00.050  1639  1639 D KeyguardUpdateMonitor: handleTimeUpdate
06-16 22:04:00.050  1639  1925 I KeyguardStatusView: Runnable for refresh
06-16 22:04:00.059  1891  1891 I HwLauncher: Model  onReceive intent=Intent { act=android.intent.action.TIME_TICK flg=0x50200014 hwFlg=0x900 (has extras) }
06-16 22:04:00.059  1891  1891 I HwLauncher: Model  onReceive user=UserHandle{0}
06-16 22:04:00.128  1639  1639 D DateTimeView: Change to single clock mode!
06-16 22:04:00.129  1639  1639 I ColorPickUitls: type = 2
06-16 22:04:00.130  1639  1639 D DateTimeView: Change to single clock mode!
06-16 22:04:00.131  1639  1639 I ColorPickUitls: type = 2
06-16 22:04:00.183  1296  8175 V BroadcastQueue: Finished with ordered broadcast BroadcastRecord{53518f5 u-1 android.intent.action.TIME_TICK}
06-16 22:04:00.492  4275  4439 I Gallery2_Clone_RestoreCloneDataService: MSG_START_RESTORE_FAVORITE
06-16 22:04:00.516  4275  4439 I Gallery2_Clone_RestoreCloneDataService: clone back up left count 0
06-16 22:04:00.519  4275  4275 D Gallery2_Clone_RestoreCloneDataService: --schedule-- RestoreCloneDataService onDestroy
06-16 22:04:00.622   712   712 E Thermal-daemon: [charger_ic] temp_new :34  temp_old :35
06-16 22:04:00.624  1852  1878 I chatty  : uid=1000(system) Binder:1852_3 expire 1 line
06-16 22:04:00.624   712   712 E Thermal-daemon: Report temperature: [charger_ic] temp :34  report_threshold:1
06-16 22:04:00.871   612   612 E WifiHAL : enter wifi_get_link_stats
06-16 22:04:00.886  4275  4337 D Gallery2_Common_StorageService: [checkStorageUseage] total LCD count: 0, max count limit: 10000
06-16 22:04:00.887  1296  1474 I chatty  : uid=1000(system) WifiStateMachin expire 9 lines
06-16 22:04:01.278  1639  1639 D StatusBarIconController: setIconVisibility icon is null or visibility not change visibility=false
06-16 22:04:01.278  1639  1639 D NetWorkUtils: mVSimCurCardType is -1
06-16 22:04:01.283  1639  1639 D StatusBarIconController: setIconVisibility icon is null or visibility not change visibility=false
06-16 22:04:01.283  1639  1639 D NetWorkUtils: mVSimCurCardType is -1
06-16 22:04:01.285  1639  1639 D StatusBarIconController: setIconVisibility icon is null or visibility not change visibility=false
06-16 22:04:01.285  1639  1639 D NetWorkUtils: mVSimCurCardType is -1
06-16 22:04:01.399  1639  1639 I Net.20896NetworkSpeedMa: mIsStop = false
06-16 22:04:01.399  1639  1873 I Net.20897NetworkSpeedMa:  runInThread getTetherStats
06-16 22:04:01.405  1639  1639 I Net.20897NetworkSpeedMa:  runInUI refreshSpeed
06-16 22:04:01.407  1639  1639 I Net.20897NetworkSpeedMa: value=2176.0speed = 2.12K/smIsShowLastSpeedValuefalse
06-16 22:04:01.407  1639  1639 I NetworkSpeedView: /update(), speed=2.12K/s
06-16 22:04:01.409  1639  1639 I NetworkSpeedView: /update(), speed=2.12K/s
06-16 22:04:02.160  1296  1475 I chatty  : uid=1000(system) HwNcChrServiceI expire 1 line
06-16 22:04:02.281  1639  1639 D StatusBarIconController: setIconVisibility icon is null or visibility not change visibility=false
06-16 22:04:02.282  1639  1639 D NetWorkUtils: mVSimCurCardType is -1
06-16 22:04:02.282  1639  1639 E ndroid.systemu: Invalid ID 0x00000000.
06-16 22:04:02.282  1639  1639 E HwNotchUtils: setIconForView iconId is not found
06-16 22:04:02.282  1639  1639 D StatusBarIconController: setIconVisibility icon is null or visibility not change visibility=false
06-16 22:04:02.282  1639  1639 D NetWorkUtils: mVSimCurCardType is -1
06-16 22:04:02.283  1639  1639 E ndroid.systemu: Invalid ID 0x00000000.
06-16 22:04:02.283  1639  1639 E HwNotchUtils: setIconForView iconId is not found
06-16 22:04:02.283  1639  1639 D StatusBarIconController: setIconVisibility icon is null or visibility not change visibility=false
06-16 22:04:02.283  1639  1639 D NetWorkUtils: mVSimCurCardType is -1
06-16 22:04:02.283  1639  1639 E ndroid.systemu: Invalid ID 0x00000000.
06-16 22:04:02.284  1639  1639 E HwNotchUtils: setIconForView iconId is not found
06-16 22:04:02.701   701  1433 E dubaid  : [BalanceControl.cpp] roundTimeout# id: 0, voting: 1024, timerId: 179, reason: 9, request: 1560693839700
06-16 22:04:02.745   592   592 W usb@1.0-service: type=1400 audit(0.0:64899): avc: denied { dac_override } for capability=1 scontext=u:r:hal_usb_default:s0 tcontext=u:r:hal_usb_default:s0 tclass=capability permissive=0
06-16 22:04:02.745   592   592 W usb@1.0-service: type=1400 audit(0.0:64900): avc: denied { dac_override } for capability=1 scontext=u:r:hal_usb_default:s0 tcontext=u:r:hal_usb_default:s0 tclass=capability permissive=0
06-16 22:04:02.745   701  1431 D dubaid  : [AbnormalityRoutine.cpp] checkAbnormality# Last: 1560692039743, now: 1560693839700
06-16 22:04:02.748   592  1505 E android.hardware.usb@1.0-service: uevent received SUBSYSTEM=dual_role_usb
06-16 22:04:02.748   592  1505 I android.hardware.usb@1.0-service: otg_default
06-16 22:04:02.751   592  1505 I android.hardware.usb@1.0-service: canChangeMode: 1 canChagedata: 0 canChangePower:0
06-16 22:04:02.752  1296  5041 I UsbPortManager: ClientCallback: otg_default
06-16 22:04:02.753  1296  1323 I UsbPortManager: USB port changed: port=UsbPort{id=otg_default, supportedModes=dual}, status=UsbPortStatus{connected=true, currentMode=ufp, currentPowerRole=sink, currentDataRole=device, supportedRoleCombinations=[source:host, sink:device]}, canChangeMode=true, canChangePowerRole=false, canChangeDataRole=false
06-16 22:04:02.770  1296  7295 V BroadcastQueue: Finished with ordered broadcast BroadcastRecord{7b4768a u-1 android.hardware.usb.action.USB_PORT_CHANGED}
06-16 22:04:02.776   701  1431 D dubaid  : [AbnormalityRoutine.cpp] uploadWakeupAbnormality# Abnormaly occured, start: 1560692039743, end: 1560693839700, name: GPIO179, count: 16
06-16 22:04:02.795   701  1431 I iMonitor: create: 903002053
06-16 22:04:02.796   701  1431 I iMonitor: create: 903009023
06-16 22:04:02.797   701  1431 I iMonitor: send: 903002053
06-16 22:04:02.797   701  1431 D dubaid  : [DataUploader.cpp] setAndUploadEvent# Upload eventid(903002053) success
06-16 22:04:02.812   701  1431 D dubaid  : [AbnormalityRoutine.cpp] uploadProcFreezeFailedAbnormality# Abnormaly occured, start: 1560692039743, end: 1560693839700, name: wlan_wd_wake, count: 14
06-16 22:04:02.812   701  1431 I iMonitor: create: 903002056
06-16 22:04:02.812   701  1431 I iMonitor: create: 903009040
06-16 22:04:02.812   701  1431 I iMonitor: create: 903009063
06-16 22:04:02.812   701  1431 I iMonitor: send: 903002056
06-16 22:04:02.812   701  1431 D dubaid  : [DataUploader.cpp] setAndUploadEvent# Upload eventid(903002056) success
06-16 22:04:02.817   724  1173 I         : DPTEST  EventId is not need Hash
06-16 22:04:02.830   724  1173 I         : DPTEST  EventId is not need Hash
06-16 22:04:02.841  1836  2572 I HwNaturalBase: [ServiceGuarder]: 31111Kb ram is used.
06-16 22:04:02.973   732   732 D         : [D/basp_control] basp executing
06-16 22:04:02.974   732   732 E         : [E/basp_control] input param invalid!
06-16 22:04:02.983  1296  1432 D HwBatteryService: onUEvent fcpStatus = 0,scpStatus =0,ovpStatus=0
06-16 22:04:02.985  1296  1432 I HwBatteryService: quick charge status : 0
06-16 22:04:02.985  1296  1432 I HwBatteryService: handleWirelessTxStatus
06-16 22:04:02.985  1296  1432 I HwBatteryService: switch not open, return, mWirelessTxFlag : 0
06-16 22:04:02.987  1296  1432 I UsbDeviceManager: water_intrused state= 0
06-16 22:04:03.007  1296  5041 D BatteryService: power connected, isWirelessCharge:false
06-16 22:04:03.008  1296  5041 I HwInnerVibratorService: isSupportHwVibrator type:haptic.battery.charging, isSupport:-1
06-16 22:04:03.010  1296  5041 I BatteryService: normal charge status : 1
06-16 22:04:03.011  1296  1324 I EntropyMixer: Writing entropy...
06-16 22:04:03.014   606   606 D lights  : set_light_battery colorRGB=FFFFFF00, onMS=0, offMS=0 
06-16 22:04:03.017   612   612 E WifiHAL : enter wifi_get_link_stats
06-16 22:04:03.026  1639  1639 W PowerUI : unknown intent: Intent { act=android.intent.action.ACTION_POWER_CONNECTED flg=0x4000010 (has extras) }
06-16 22:04:03.035   711  1336 I storaged: uid_monitor::update_curr_io_stats_locked: last_uid_io_stats_ size is 100
06-16 22:04:03.036   711  1336 I storaged: uid_monitor::update_curr_io_stats_locked: curr_io_stats_ size is 100
06-16 22:04:03.040  1578  1595 I bt_btif bt interface: read_energy_info
06-16 22:04:03.044  1852  2626 I chatty  : uid=1000(system) ThermalTraceThr expire 6 lines
06-16 22:04:03.045  1296  3111 I chatty  : uid=1000(system) Binder:1296_13 expire 7 lines
06-16 22:04:03.054  3322  3322 W HiAction_IntelligentReceiver: TraceFlow.ruleManagerFlow: IntelligentReceiver:android.intent.action.ACTION_POWER_CONNECTED
06-16 22:04:03.054  3322  3322 W HiAction_RuleManager: ResouceUtil: getResourceSwitchStatus: true
06-16 22:04:03.056  1296  1631 D SmartHeartBeat: setAlarmsPending ...
06-16 22:04:03.060  3322  3322 W HiAction_IntelligentReceiver: TraceFlow.ruleManagerFlow: agreement is ok, then check intellgentUpdate conditions
06-16 22:04:03.066  1296  3111 D NetdConnector: SND -> {3545 firewall set_uid_rule standby 10122 allow}
06-16 22:04:03.067 29302 29302 I [10.4.0.305]HiCloud.SyncObserverService: ACTION_POWER_CONNECTED
06-16 22:04:03.073   610   610 I Legacy PowerHAL: get_number_of_platform_modes
06-16 22:04:03.073   610   610 I Legacy PowerHAL: get_voter_list!
06-16 22:04:03.073   610   610 I Legacy PowerHAL: get_platform_low_power_stats update list
06-16 22:04:03.083  1296  1467 D NetdConnector: RCV <- {200 3545 Firewall command succeeded}
06-16 22:04:03.084  1296  1321 W BatteryExternalStatsWorker: modem info is invalid: ModemActivityInfo{ mTimestamp=0 mSleepTimeMs=0 mIdleTimeMs=0 mTxTimeMs[]=[0, 0, 0, 0, 0] mRxTimeMs=0 mEnergyUsed=0}
06-16 22:04:03.084  1296  1467 D NetdConnector: RCV <- {200 3545 Firewall command succeeded}
06-16 22:04:03.091  1296  3111 D SmartHeartBeat: setAlarmsPending ...
06-16 22:04:03.094  1296  2747 E HwOEMInfoAdapter: writeByteArrayToOeminfo has run 
06-16 22:04:03.112 21796  4501 D WorkSource: Insert in WorkSource{} @ 0 uid 10099 name com.google.android.gms
06-16 22:04:03.122  1296  7268 I chatty  : uid=1000(system) Binder:1296_15 expire 1 line
06-16 22:04:03.126  3382  4504 D WorkSource: Insert in WorkSource{} @ 0 uid 10099 name com.google.android.gms
06-16 22:04:03.132 21796 21796 I iu.Environment: update battery state; isPlugged? true*
06-16 22:04:03.140  1296  8135 I chatty  : uid=1000(system) Binder:1296_1A expire 1 line
06-16 22:04:03.144   802  4522 D HwInnerWifiManagerImpl: SupplicantState = COMPLETED
06-16 22:04:03.144   802  4522 D HwInnerWifiManagerImpl: isPhoneAP = false
06-16 22:04:03.149   917   917 I hisync-findmyphone.LowPowerReport: BatteryLowBroadcastReceiver action:android.intent.action.ACTION_POWER_CONNECTED;isLastLocReportSwitchOpen:true
06-16 22:04:03.149   917   917 I hisync-findmyphone.LowPowerReport: ACTION_POWER_CONNECTED releaseLowBatteryBec
06-16 22:04:03.152 21796 21796 D WorkSource: Insert in WorkSource{} @ 0 uid 10099 name com.google.android.gms
06-16 22:04:03.153  1296  1328 D PickUpWakeScreenManager: isPickupSensorSupport isSensorSupport = true
06-16 22:04:03.154 21796  4523 I iu.FingerprintManager: Start processing all media
06-16 22:04:03.162  1639  1639 D KeyguardUpdateMonitor: received broadcast android.intent.action.BATTERY_CHANGED
06-16 22:04:03.162  1639  1639 W KeyguardUpdateMonitor: ACTION_BATTERY_CHANGED AMP: 1400000; Volt: 5000000
06-16 22:04:03.162  1639  1639 I KgBattery: (last-new)Status: null -> 1, chargeState=1 * branch=1
06-16 22:04:03.167   701   785 I dubaid  : [BatteryHandler.cpp] onBatteryChanged# Battery charge state: 1, type: 2
06-16 22:04:03.168  1296  1296 I Telecom-ChargingStatusManager: onChargingStatusChanged, mIsCharging: false -> true
06-16 22:04:03.170  1639  1639 I KeyguardUtils: fpPath=sys/class/hw_power/charger/charge_data/chargerType, value=1
06-16 22:04:03.187  1639  1639 I KeyguardUtils: fpPath=sys/class/hw_power/charger/charge_data/chargerType, value=1
06-16 22:04:03.188   917   917 I hisync-findmyphone.LowPowerReport: LowPowerReport release...
06-16 22:04:03.193  1639  1639 I KeyguardUtils: fpPath=sys/class/hw_power/charger/charge_data/chargerType, value=1
06-16 22:04:03.194  1639  1639 V KeyguardUpdateMonitor: RefreshBatteryInfo isBatteryLow: 53
06-16 22:04:03.194  1639  1639 W KeyguardUpdateMonitor: ChargingSpeed  Wattage: 7000000 ST: 5000000 --> 7500000
06-16 22:04:03.194  1639  1639 I KgBattery: BatteryInfo updated:  2lPc1
06-16 22:04:03.194  1639  1639 W AppHandler: sendMessage with obj100
06-16 22:04:03.194  1639  1639 D KeyguardUpdateMonitor: handleBatteryUpdate
06-16 22:04:03.194  1639  1639 I ColorPickUitls: type = 2
06-16 22:04:03.194  1639  1639 W KG_FDT  : isFaceUnlockEnabled 1
06-16 22:04:03.194  1639  1639 V KeyguardUpdateMonitor: RefreshBatteryInfo isBatteryLow: 53
06-16 22:04:03.196  1639  1639 I KeyguardUtils: fpPath=sys/class/hw_power/charger/charge_data/chargerType, value=1
06-16 22:04:03.196 29302 29302 I [10.4.0.305]HiCloud.SyncObserverService: registerObserverReceiver
06-16 22:04:03.196  1639  1639 W HwKgdBArea_BTY: updateBatteryInfo : false  true
06-16 22:04:03.197  1639  1639 W HwKeyguardUpdateMonitor: ChangingStat onDataChanged
06-16 22:04:03.203  1639  1639 W ChargingAnimController: Add charging view is skiped as occluded or not showing.
06-16 22:04:03.204  1639  1639 W HwLockScreenPanel: refreshBatteryInfo: null
06-16 22:04:03.204  1639  1639 W HwLockScreenPanel: Handle message: 100
06-16 22:04:03.204  1639  1639 W HwKgdBArea_BTY: updateBatteryInfo : false  true
06-16 22:04:03.204  1639  1925 I KeyguardUtils: fpPath=sys/class/hw_power/charger/charge_data/chargerType, value=1
06-16 22:04:03.205  1639  1925 I KeyguardUtils: fpPath=sys/class/hw_power/charger/charge_data/chargerType, value=1
06-16 22:04:03.206  1639  1925 I KeyguardUtils: fpPath=sys/class/hw_power/charger/charge_data/chargerType, value=1
06-16 22:04:03.206  1639  1925 D KgBattery: BatteryInfo2: false; true; true; false; false; true
06-16 22:04:03.206  1639  1925 W KgBattery: getCharge info with type: text
06-16 22:04:03.207  1639  1925 I KeyguardUtils: fpPath=sys/class/hw_power/charger/charge_data/chargerType, value=1
06-16 22:04:03.209 21796  4523 I iu.FingerprintManager: Start processing media store URI: content://media/external/images/media
06-16 22:04:03.217  3322  3322 W HiAction_RuleManager: ResouceUtil: getResourceSwitchStatus: true
06-16 22:04:03.220   917   917 I [10.4.0.305]CloudAlbum.BatteryProcessor: batteryStatus: 2
06-16 22:04:03.221   917   917 I [10.4.0.305]CloudAlbum.SyncStrategy: begin initState, mask: 256, flag: false
06-16 22:04:03.221   917   917 I [10.4.0.305]CloudAlbum.CloudAlbumSdkServiceImpl: invokeEvent msgId: 63
06-16 22:04:03.222   917   917 I [10.4.0.305]CloudAlbum.BatteryProcessor: checkLossLevel screen:true battery level while screen off:0 now:53
06-16 22:04:03.222  1639  1925 W ExHandler: KG_Background_Handle_Thread running too long, use 19  { when=-19ms callback=com.android.keyguard.hwlockscreen.magazine.MagazineDetailView$3 target=com.huawei.keyguard.basetype.ExHandler }
06-16 22:04:03.224   917  4331 I [10.4.0.305]CloudAlbum.CloudAlbumSdkLogic: dealStateChangedEvent, syncState: 1, state: 2
06-16 22:04:03.224   917  4331 I [10.4.0.305]CloudAlbum.CloudAlbumSdkServiceImpl: sendCallbackMsg msgId: 9099
06-16 22:04:03.226  4275  4325 W CloudAlbumSDK[10.3.1.301].GeneralAlbumSyncLogic: sync task is not running
06-16 22:04:03.226  4275  4329 D Gallery2_cloud_SdkCallback: onSyncStrategyStateChanged syncState=1 state=2
06-16 22:04:03.226  4275  4329 I CloudSyncState: new sSyncPromptState state 902
06-16 22:04:03.226  4275  4329 D Gallery2_download_list_CloudMediaDownloadUtils: dealCloudStateChange syncState=1 state=2
06-16 22:04:03.229  1296  1472 I chatty  : uid=1000(system) tworkPolicy.uid expire 4 lines
06-16 22:04:03.232  1296  1315 W Looper  : Slow dispatch took 103ms android.ui h=com.android.server.am.ActivityManagerService$UiHandler c=null m=53
06-16 22:04:03.232  1296  1307 I AlarmManager: remove alarm:Alarm{e537ba9 type 1 when 1560695627280 PendingIntent{6ef552e: PendingIntentRecord{f6f78cf com.huawei.appmarket broadcastIntent}}com.huawei.appmarket} according to operation:85fb25c
06-16 22:04:03.234  1296  1307 I AlarmManager: adjustDeliveryTimeBasedOnStandbyBucketLocked alarm:Alarm{2d979bb type 0 when 1560687371655 PendingIntent{df4454c: PendingIntentRecord{24b427b com.UCMobile startService}}com.UCMobile}, standbyBucket:40, minElapsed:93754348
06-16 22:04:03.234  1296  1473 I chatty  : uid=1000(system) WifiService expire 17 lines
06-16 22:04:03.234  1296  1307 I AlarmManager: adjustDeliveryTimeBasedOnStandbyBucketLocked alarm:Alarm{126564a type 2 when 89060961 PendingIntent{8ba4a8e: PendingIntentRecord{8c2f71c com.UCMobile startService}}com.UCMobile}, standbyBucket:40, minElapsed:93754348
06-16 22:04:03.235  1296  1307 I AlarmManager: adjustDeliveryTimeBasedOnStandbyBucketLocked alarm:Alarm{5d152d2 type 3 when 87320417 PendingIntent{1c86fa3: PendingIntentRecord{f6d62a0 com.huawei.hiaction startService}}com.huawei.hiaction}, standbyBucket:40, minElapsed:93941254
06-16 22:04:03.236  1296  1307 I AlarmManager: adjustDeliveryTimeBasedOnStandbyBucketLocked alarm:Alarm{97d1d95 type 2 when 94125951 PendingIntent{3d12f11: PendingIntentRecord{ae6ce87 com.ss.android.article.news startService}}com.ss.android.article.news}, standbyBucket:40, minElapsed:99551650
06-16 22:04:03.237 21796 25064 I iu.UploadsManager: num queued entries: 0
06-16 22:04:03.237  1296  1307 I AlarmManager: adjustDeliveryTimeBasedOnStandbyBucketLocked alarm:Alarm{2ac597 type 1 when 1560695558872 PendingIntent{4345384: PendingIntentRecord{84db5f2 com.ss.android.article.news broadcastIntent}}com.ss.android.article.news}, standbyBucket:40, minElapsed:99551650
06-16 22:04:03.239  1296  1307 I AlarmManager: adjustDeliveryTimeBasedOnStandbyBucketLocked alarm:Alarm{4ede1df type 2 when 93526758 PendingIntent{e52fdb3: PendingIntentRecord{e14bf70 com.wudaokou.hippo startService}}com.wudaokou.hippo}, standbyBucket:40, minElapsed:100706862
06-16 22:04:03.240  1296  1307 I AlarmManager: adjustDeliveryTimeBasedOnStandbyBucketLocked alarm:Alarm{60c2dd7 type 2 when 95682134 PendingIntent{f31f653: PendingIntentRecord{8855b90 com.autonavi.minimap startService}}com.autonavi.minimap}, standbyBucket:40, minElapsed:100706906
06-16 22:04:03.240  1296  1307 I AlarmManager: adjustDeliveryTimeBasedOnStandbyBucketLocked alarm:Alarm{cc9591d type 0 when 1560693824108 PendingIntent{2edcfe7: PendingIntentRecord{8441794 com.huawei.hiai broadcastIntent}}com.huawei.hiai}, standbyBucket:40, minElapsed:100800536
06-16 22:04:03.240  1296  1307 D SmartHeartBeat: isPendingPackage, false, pkg:com.android.deskclock, action:com.android.deskclock.ALARM_ALERT,not pending alarm with AlarmClockInfo
06-16 22:04:03.243  1296  8175 I ActivityManager: App 10081/com.android.browser targets O+, restricted
06-16 22:04:03.243  1296  8175 W BroadcastQueue: Background execution not allowed: receiving Intent { act=android.intent.action.ACTION_POWER_CONNECTED flg=0x4000010 (has extras) } to com.android.browser/com.tencent.mtt.browser.push.service.ConnectivityReceiver
06-16 22:04:03.245  4275  4535 D Gallery2_download_list_CloudMediaDownloadHelp: setForceDownLoad mediaType:true forceDownload:false
06-16 22:04:03.245  4275  4535 D Gallery2_download_list_CloudMediaDownloadHelp: setForceDownLoad mediaType:false forceDownload:false
06-16 22:04:03.246  4275  4535 D Gallery2_download_list_CloudMediaDownloadHelp: setCancelDownLoad:true
06-16 22:04:03.252   614  2790 D AudioFlinger: event 162 
06-16 22:04:03.257   614  2790 D AudioFlinger: event 162 
06-16 22:04:03.258  4275  4275 D PowerStateReceiver: onReceive intent=Intent { act=android.intent.action.ACTION_POWER_CONNECTED flg=0x4000010 cmp=com.android.gallery3d/com.huawei.gallery.phonestatus.PowerStateReceiver (has extras) } action=android.intent.action.ACTION_POWER_CONNECTED
06-16 22:04:03.258  4275  4275 D PowerStateReceiver: registerBatteryBroadcastReceiver
06-16 22:04:03.265 21796  4523 I iu.FingerprintManager: Start processing media store URI: content://media/external/video/media
06-16 22:04:03.269  1930  2261 E HSM_Install_BG: ChargeInfo: doRecordsChargeInfo POWER_LEVEL_CONNECTED_USB_SET POWER_CHARGE_TIME =93619635 POWER_LEVEL_LAST_CAPACITY_RM = 1559 chargeType =0
06-16 22:04:03.270 21796 25064 I iu.UploadsManager: num updated entries: 0
06-16 22:04:03.275  1296  1432 D HwBatteryService: onUEvent fcpStatus = 0,scpStatus =0,ovpStatus=0
06-16 22:04:03.277  1296  1432 I HwBatteryService: quick charge status : 0
06-16 22:04:03.277  1296  1432 I HwBatteryService: handleWirelessTxStatus
06-16 22:04:03.277  1296  1432 I HwBatteryService: switch not open, return, mWirelessTxFlag : 0
06-16 22:04:03.278  1296  1432 I UsbDeviceManager: water_intrused state= 0
06-16 22:04:03.292  1296  5041 I BatteryService: normal charge status : 1
06-16 22:04:03.292  4275  4275 D PowerStateReceiver: battery = 52
06-16 22:04:03.295  1296  1323 I NotificationService: enqueueNotificationInternal: pkg=android id=26 notification=Notification(channel=DEVELOPER pri=0 contentView=null vibrate=null sound=null tick defaults=0x0 flags=0x2 color=0x00000000 vis=PUBLIC)
06-16 22:04:03.296  1296  1323 I chatty  : uid=1000(system) android.fg expire 3 lines
06-16 22:04:03.296  1296  1323 I NotificationService: enqueueNotificationInternal Channel Info : pkg=android id=26 importance =2
06-16 22:04:03.305  1639  1639 D KeyguardUpdateMonitor: received broadcast android.intent.action.BATTERY_CHANGED
06-16 22:04:03.305  1639  1639 W KeyguardUpdateMonitor: ACTION_BATTERY_CHANGED AMP: 1400000; Volt: 4707000
06-16 22:04:03.305  1639  1639 I KgBattery: (last-new)Status: 1 -> 1, chargeState=1 * branch=5
06-16 22:04:03.305  1639  1639 V KeyguardUpdateMonitor: RefreshBatteryInfo isBatteryLow: 53
06-16 22:04:03.305  1639  1639 W KeyguardUpdateMonitor: ChargingSpeed  Wattage: 6589800 ST: 5000000 --> 7500000
06-16 22:04:03.305  1639  1639 I KgBattery: BatteryInfo updated:  2lPc1
06-16 22:04:03.305  1639  1639 W AppHandler: sendMessage with obj100
06-16 22:04:03.305  1639  1639 D KeyguardUpdateMonitor: handleBatteryUpdate
06-16 22:04:03.305  1639  1639 I ColorPickUitls: type = 2
06-16 22:04:03.305  1639  1639 W KG_FDT  : isFaceUnlockEnabled 1
06-16 22:04:03.305  1639  1639 V KeyguardUpdateMonitor: RefreshBatteryInfo isBatteryLow: 53
06-16 22:04:03.306  1639  1639 I KeyguardUtils: fpPath=sys/class/hw_power/charger/charge_data/chargerType, value=1
06-16 22:04:03.306  1639  1639 W HwKgdBArea_BTY: updateBatteryInfo : false  true
06-16 22:04:03.306  1639  1639 W HwLockScreenPanel: refreshBatteryInfo: null
06-16 22:04:03.306  1639  1639 W HwLockScreenPanel: Handle message: 100
06-16 22:04:03.306  1639  1639 W HwKgdBArea_BTY: updateBatteryInfo : false  true
06-16 22:04:03.307  1639  1925 I KeyguardUtils: fpPath=sys/class/hw_power/charger/charge_data/chargerType, value=1
06-16 22:04:03.308  1639  1925 I chatty  : uid=10039(com.huawei.HwMultiScreenShot) KG_Background_H identical 5 lines
06-16 22:04:03.319   917   917 I [10.4.0.305]CloudAlbum.BatteryProcessor: checkLossLevel screen:true battery level while screen off:0 now:53
06-16 22:04:03.322 21796 25064 I iu.SyncManager: NEXT; no task
06-16 22:04:03.322   865  3065 I ctaifs  : <Android >[Android ][android]:[openFile] 
06-16 22:04:03.322  4275  4275 D Gallery2_Common_TuringState: setPowerConnect:true
06-16 22:04:03.322  4275  4275 D Gallery2_Common_TuringState: Condition not ok! PowerConnect:true ScreenOff:false BatteryEnough:true
06-16 22:04:03.322  4275  4275 D TuringScreenReceiver: Turing enter registerReceiver
06-16 22:04:03.322  4275  4275 D TuringScreenReceiver: register screenoff receiver
06-16 22:04:03.333  1639  1639 I chatty  : uid=10039(com.huawei.HwMultiScreenShot) com.android.systemui expire 1 line
06-16 22:04:03.334 21796  4546 I SystemUpdate: [Installation,ReceiverIntentOperation] Received intent: Intent { act=android.intent.action.ACTION_POWER_CONNECTED flg=0x4000010 cmp=com.google.android.gms/.chimera.GmsIntentOperationService (has extras) }.
06-16 22:04:03.336 21796  4523 I iu.FingerprintManager: Start processing media store URI: content://media/phoneStorage/images/media
06-16 22:04:03.338 21796  4523 I iu.FingerprintManager: Start processing media store URI: content://media/phoneStorage/video/media
06-16 22:04:03.341 21796  4523 I iu.FingerprintManager: Finished generating fingerprints; 0.186 seconds
06-16 22:04:03.341 21796  4523 I iu.FingerprintManager:   numSeen=1774 numGenerated=0 numDeleted=0 numFailed=0
06-16 22:04:03.352   865   865 D MtpReceiver: Debug MTP:ACTION_USB_STATE 
06-16 22:04:03.355  4275  4275 D TuringScreenReceiver: register screenon receiver
06-16 22:04:03.357  1639  1873 I chatty  : uid=10039(com.huawei.HwMultiScreenShot) SystemUI_subThr expire 1 line
06-16 22:04:03.360 31864 31956 E hcdn_downloadengine: HCDN_LOG: [2019-06-16 22:04:03.360][T:31956]ParserDeviceState,3689     device_state {"model":"STF-AL00","cpu":-1,"mem":-1,"tmem":-1,"wifi":1,"power":1,"battery":5,"lockScreen":0} 
06-16 22:04:03.360 31864 31945 E cube    : HCDN_LOG: [2019-06-16 22:04:03.360][T:31945][func:DealSetParam],[line:956],[oper:deal set param by self thread],[param_name:device_state],[param_value:{"model":"STF-AL00","cpu":-1,"mem":-1,"tmem":-1,"wifi":1,"power":1,"battery":5,"lockScreen":0}]
06-16 22:04:03.361  4275  4275 D TuringScreenReceiver: register battery receiver
06-16 22:04:03.362  4275  4545 D Gallery2_Common_GalleryUtils: gapdays:6
06-16 22:04:03.363  1639  2755 I chatty  : uid=10039(com.huawei.HwMultiScreenShot) Thread-6 expire 1 line
06-16 22:04:03.364  1639  1639 I NotificationInflation1: finish: entry=7513743
06-16 22:04:03.365  1639  1639 I NotificationInflation2: start: entry=7513743
06-16 22:04:03.365  1639  2778 I GlobalContext: Runnable for SerialExecutor
06-16 22:04:03.365  1639  2778 I NotificationInflation4: doInBackground is begin
06-16 22:04:03.368  4275  4275 D TuringScreenReceiver: register disconnect receiver
06-16 22:04:03.370  1639  2778 I NotificationInflation5: doInBackground is end
06-16 22:04:03.371  1639  1639 I NotificationInflation2: finish: entry=7513743
06-16 22:04:03.371  1639  1639 I NotificationInflation3: start: entry=7513743
06-16 22:04:03.373  4275  4275 D PowerStateReceiver: Gallery batteryLevelReceiver : android.intent.action.BATTERY_CHANGED
06-16 22:04:03.374  4275  4275 D PowerStateReceiver: battery = 52
06-16 22:04:03.374  4275  4275 D PowerStateReceiver: battery current is 52
06-16 22:04:03.374  4275  4275 D PowerStateReceiver: unRegisterBatteryBroadcastReceiver
06-16 22:04:03.374   709 23038 D NuPlayer: hw fadein is disabled!
06-16 22:04:03.374   709 23038 D NuPlayerDriver: NuPlayerDriver(0xf2494880) created, clientPid(1296)
06-16 22:04:03.377   709 23038 D GenericSource: GenericSource
06-16 22:04:03.377   709 23038 I GenericSource: resetDataSource
06-16 22:04:03.377   709 23038 I NuPlayer: setDataSourceAsync fd 29/0/25784 source: 0xee54a500
06-16 22:04:03.377   709 23038 I GenericSource: setDataSource 29/0/25784
06-16 22:04:03.377   709 23038 I GenericSource: resetDataSource
06-16 22:04:03.377   709  4555 I NuPlayer: kWhatSetAudioSink
06-16 22:04:03.377   709  4555 I NuPlayer: kWhatSetDataSource
06-16 22:04:03.377   865   865 D AutoCache: onReceive intent=Intent { act=android.intent.action.ACTION_POWER_CONNECTED flg=0x4000010 cmp=com.android.providers.media/com.huawei.media.autocachethumbnail.PowerStateReceiver (has extras) } action=android.intent.action.ACTION_POWER_CONNECTED
06-16 22:04:03.379  1578  1595 V AudioManager: mPlaybackCallbackList.size:1
06-16 22:04:03.380   709 23038 I NuPlayer: prepareAsync
06-16 22:04:03.380  1578  2386 D AudioManager: dispatching onPlaybackConfigChanged()
06-16 22:04:03.380   865   865 V AutoCache: registerPowerBroadcastReceiver: sPowerRegisterState is true, cxt is android.app.Application@f291a05
06-16 22:04:03.382   709  4555 I NuPlayer: onMessageReceived kWhatPrepare
06-16 22:04:03.382   540   544 I HISEC   : [STATIC      ] static check started
06-16 22:04:03.382   540   543 I iMonitor: create: 940001000
06-16 22:04:03.382   865   865 V AutoCache: registerBatteryBroadcastReceiver: sBatteryRegisterState is true, cxt is android.app.Application@f291a05
06-16 22:04:03.382   540   543 I iMonitor: send: 940001000
06-16 22:04:03.382   540   543 I HISEC   : [ENGINE      ] upload threat succeed: name:usb-debug,stat:RISK,cred:Y,seq:84,table: 0 0 0 2,errno:#1y,detail:"CONFIGURED"
06-16 22:04:03.382  4275  4275 D CloudLocalSyncService: localSync = 1  cloudSync = -1
06-16 22:04:03.382  4275  4275 E RecycleClearService: startRecycleClearService   forceStart = true, sClearDone = false
06-16 22:04:03.382  1639  4201 W HwPhoneLayoutInflater: onCreateView : ClassNotFoundException, In this case we want to let the base class take a crack at it
06-16 22:04:03.383  1639  4201 I chatty  : uid=10039(com.huawei.HwMultiScreenShot) InflaterThread identical 5 lines
06-16 22:04:03.385   709  4556 I GenericSource: onPrepareAsync: mDataSource: 0
06-16 22:04:03.385  1639  4201 W HwPhoneLayoutInflater: onCreateView : ClassNotFoundException, In this case we want to let the base class take a crack at it
06-16 22:04:03.385  1639  4201 W HwPhoneLayoutInflater: onCreateView : ClassNotFoundException, In this case we want to let the base class take a crack at it
06-16 22:04:03.385  4275  4275 D Gallery2_Merge_MergeClassifyDataService: request start ClassifyDataMergeService
06-16 22:04:03.385 21796  4543 I SystemUpdate: [Execution,InstallationEventIntentOperation] Handling event of type 9.
06-16 22:04:03.386  1639  4201 W HwPhoneLayoutInflater: onCreateView : ClassNotFoundException, In this case we want to let the base class take a crack at it
06-16 22:04:03.386  1639  4201 W HwPhoneLayoutInflater: onCreateView : ClassNotFoundException, In this case we want to let the base class take a crack at it
06-16 22:04:03.386   709  4556 D GenericSource: FileSource remote
06-16 22:04:03.388   709  4556 I GenericSource: IDataSource(FileSource): 0xee514680 30 0 25784
