06-16 21:46:39.974  1593  2110 D FaceRecognizeAuthCmd: reportBigData {"callPkg":"com.android.systemui","sdkVersion":"1.0","callType":"0","result":"1","errorCode":"0","runTime":"1066","authAcquireInfo":"5","authLastAcquireInfo":"5"}
06-16 21:46:39.974  1593  2110 D FaceRecognizeAuthCmd: reportBigData {"4 face bad quality":"0","5 face not found":"1","20 image blur":"0","22 eye close":"0","30 darklight":"0"}
06-16 21:46:39.974  1593  2110 D FaceRecognizeAuthCmd: screen lighter is stop
06-16 21:46:39.975  1593  2110 D AntiBruteForceProcessor: Reset facerecognize lockout, clearAttemptCounter=true
06-16 21:46:39.976  1593  2110 D FaceRecognizeBaseCmd: onFinish errorCode =  canceled  mSendResult = true mActiveCancel = false
06-16 21:46:39.987  1593  2030 D FaceRecognizeService: resetTimeout begin!
06-16 21:46:39.987  1593  2110 E FaceRecognizeService: handleMessage EVT = 1002
06-16 21:46:39.987  1593  2110 D AntiBruteForceProcessor: Reset facerecognize lockout, clearAttemptCounter=true
06-16 21:46:39.988  1593  2110 D AntiBruteForceProcessor: resetTotalFailedTimes current total times = 0
06-16 21:46:40.037  1639  1985 I BackgroundPermManager: pkgName: com.android.systemui,pid: 1639 ,uidOf3RdApk: 10039 ,permType: 0 ,permCfg: 0
06-16 21:46:40.189  1296  5041 I chatty  : uid=1000(system) HwBinder:1296_5 expire 2 lines
06-16 21:46:40.190  1639  1639 W FingerprintManager: Invalid acquired message: 6, 1001
06-16 21:46:41.115  1639  1639 W KeyguardViewMediator: kgsvc callback -> .keyguardGoingAway 4 false false
06-16 21:46:41.161  1296  1311 I chatty  : uid=1000(system) android.bg expire 1 line
06-16 21:46:41.222  1296  1312 I chatty  : uid=1000(system) HwActivityManag expire 1 line
06-16 21:46:41.230  1296  1424 I chatty  : uid=1000(system) android.anim expire 33 lines
06-16 21:46:41.240  1593  2030 I PreDnsQuery: getAppPidByUid enter. uid = 10136, name = com.ss.android.article.news
06-16 21:46:41.243  1593  2030 I PreDnsQuery: getAppPidByUid app: com.ss.android.article.news, pid: 27955, uid: 10136
06-16 21:46:41.359  1639  1639 V KeyguardDisplayManager: hide
06-16 21:46:41.364  1639  1639 W KeyguardViewMediator: callback -> onShowingStateChanged.
06-16 21:46:41.396  1296  8135 I chatty  : uid=1000(system) Binder:1296_1A expire 5 lines
06-16 21:46:41.401  1296  2227 I chatty  : uid=1000(system) Binder:1296_B expire 13 lines
06-16 21:46:41.421  1296  2129 I chatty  : uid=1000(system) Binder:1296_9 expire 17 lines
06-16 21:46:41.423  1296  1314 I chatty  : uid=1000(system) ActivityManager expire 16 lines
06-16 21:46:41.429  1296  1326 I chatty  : uid=1000(system) HwGameAssistant expire 2 lines
06-16 21:46:41.430  1296  1312 I chatty  : uid=1000(system) HwActivityManag expire 5 lines
06-16 21:46:41.449  1296  7268 I chatty  : uid=1000(system) Binder:1296_15 expire 10 lines
06-16 21:46:41.451  1296  1315 I chatty  : uid=1000(system) android.ui expire 45 lines
06-16 21:46:41.452  1639 10695 I CommandQueue: updateBarBgColor
06-16 21:46:41.452  1639 10695 D CommandQueue: CommandQueue, setBarBackgroundColor
06-16 21:46:41.458  1296  1445 I chatty  : uid=1000(system) HeartBeatHandle expire 8 lines
06-16 21:46:41.468  1296  1317 I chatty  : uid=1000(system) ActivityManager expire 1 line
06-16 21:46:41.476  1296  1796 I chatty  : uid=1000(system) MultiTaskManage expire 1 line
06-16 21:46:41.555   568   639 W SocketListener: sending broadcast to Pid = 1296, Uid = 1000 
06-16 21:46:41.556  1296  1467 I chatty  : uid=1000(system) NetdConnector expire 10 lines
06-16 21:46:41.558  1296  1323 I chatty  : uid=1000(system) android.fg expire 2 lines
06-16 21:46:41.574  1296  1476 I chatty  : uid=1000(system) WifiScanningSer expire 13 lines
06-16 21:46:41.682 31000 31000 D ActivityThread: Attach thread to application
06-16 21:46:41.691  1296  1630 I chatty  : uid=1000(system) Binder:1296_5 expire 9 lines
06-16 21:46:41.991  1777 31037 I HwLBSService.HwNLPDBManager: refreshLocToCellTable cellid 51334464 , mCurrentAreaCode : 33609
06-16 21:46:41.991  1777 31037 D HwLBSService.HwNLPDBManager:  refreshLocToCellTable start
06-16 21:46:41.991  1777 31037 I HwLBSService.HwNLPDBManager: isCellIdExist 51334464 , mCurrentAreaCode : 33609
06-16 21:46:41.992  1777 31037 I HwLBSService.HwNLPDBManager: is Not CellIdExist 
06-16 21:46:41.992  1777 31037 I HwLBSService.HwNLPDBManager: tb_network count is 1
06-16 21:46:41.992  1777 31037 D HwLBSService.HwNLPDBManager: cellid is not Exist, insert cellinfo to DB MAX_COLUMN : 1000,  dbsize : 1
06-16 21:46:41.996  1296  1764 I chatty  : uid=1000(system) LocationThread expire 8 lines
06-16 21:46:41.998  1296 31039 I chatty  : uid=1000 system_server expire 2 lines
06-16 21:46:42.008  1296 31040 I chatty  : uid=1000 system_server expire 1 line
06-16 21:46:42.100  1296  1296 I chatty  : uid=1000 system_server expire 17 lines
06-16 21:46:42.102  1296  1477 I chatty  : uid=1000(system) WifiP2pService expire 5 lines
06-16 21:46:42.109  1296 14782 I chatty  : uid=1000(system) Binder:1296_1F expire 12 lines
06-16 21:46:42.171   720   720 D libgps  : proxy_gps_inject_location: called.
06-16 21:46:42.252  1296 30929 I chatty  : uid=1000 system_server expire 3 lines
06-16 21:46:42.273   720   720 D libgps  : proxy_gps_inject_location: called.
06-16 21:46:42.624  1296  1456 I chatty  : uid=1000(system) InputDispatcher expire 12 lines
06-16 21:46:42.731  1296  1472 I chatty  : uid=1000(system) tworkPolicy.uid expire 3 lines
06-16 21:46:42.732  1593  9147 I BoosterSwitchP: notifyUidState do nothing
06-16 21:46:42.732  1593  9147 I DeepNoDisturbP: notifyUidState
06-16 21:46:42.732  1593  9147 I HidataAppQoeP: notifyUidState
06-16 21:46:42.732  1593  9147 I BrowserChrP: notifyUidState
06-16 21:46:42.743  1930  2349 I HwNetworkPolicyManager: getHwUidPolicy uid = 10056 policy = 0
06-16 21:46:42.811  1296  1319 I chatty  : uid=1000(system) ThirdAppHandler expire 3 lines
06-16 21:46:42.846  1639  1662 I CommandQueue: updateBarBgColor
06-16 21:46:42.846  1639  1662 D CommandQueue: CommandQueue, setBarBackgroundColor
06-16 21:46:43.014  1593  9147 I BoosterSwitchP: notifyUidState do nothing
06-16 21:46:43.014  1593  9147 I DeepNoDisturbP: notifyUidState
06-16 21:46:43.014  1593  9147 I HidataAppQoeP: notifyUidState
06-16 21:46:43.014  1593  9147 I BrowserChrP: notifyUidState
06-16 21:46:43.171  1296  1328 I chatty  : uid=1000(system) PowerManagerSer expire 1 line
06-16 21:46:43.176  1296  1569 I chatty  : uid=1000(system) PhotonicModulat expire 212 lines
06-16 21:46:43.913  1296  1314 I chatty  : uid=1000(system) ActivityManager expire 20 lines
06-16 21:46:43.915  1296  1315 I chatty  : uid=1000(system) android.ui expire 29 lines
06-16 21:46:43.924  1296  7268 I chatty  : uid=1000(system) Binder:1296_15 expire 4 lines
06-16 21:46:43.929  1296  8135 I chatty  : uid=1000(system) Binder:1296_1A expire 16 lines
06-16 21:46:43.950  1296  2129 I chatty  : uid=1000(system) Binder:1296_9 expire 13 lines
06-16 21:46:43.989  1296  7866 I chatty  : uid=1000(system) Binder:1296_18 expire 25 lines
06-16 21:46:44.204  1296  1296 I chatty  : uid=1000 system_server expire 28 lines
06-16 21:46:44.720   568   639 W SocketListener: sending broadcast to Pid = 1296, Uid = 1000 
06-16 21:46:44.722  1296  1467 I chatty  : uid=1000(system) NetdConnector expire 8 lines
06-16 21:46:44.724  1296  1323 I chatty  : uid=1000(system) android.fg expire 5 lines
06-16 21:46:44.728  1296  1476 I chatty  : uid=1000(system) WifiScanningSer expire 12 lines
06-16 21:46:45.501  1593  1817 I HidataAppQoeP: handleStateChanged reason=6
06-16 21:46:45.501  1593  1817 I BrowserChrP: handleStateChanged
06-16 21:46:45.600  1296  1312 I chatty  : uid=1000(system) HwActivityManag expire 4 lines
06-16 21:46:45.620  1296  1424 I chatty  : uid=1000(system) android.anim expire 1 line
06-16 21:46:45.623  1296 31092 I chatty  : uid=1000 system_server expire 1 line
06-16 21:46:45.628  1296  1317 I chatty  : uid=1000(system) ActivityManager expire 2 lines
06-16 21:46:45.629  1296  1796 I chatty  : uid=1000(system) MultiTaskManage expire 2 lines
06-16 21:46:45.634 31087 31087 D ActivityThread: Attach thread to application
06-16 21:46:45.650 31101 31101 D ActivityThread: Attach thread to application
06-16 21:46:45.665  1296  1497 I chatty  : uid=1000(system) CallbackHandler expire 1 line
06-16 21:46:45.684  1593  2030 I PreDnsQuery: getAppPidByUid enter. uid = 10122, name = com.qiyi.video
06-16 21:46:45.685  1593  9147 I BoosterSwitchP: notifyUidState do nothing
06-16 21:46:45.685  1593  9147 I DeepNoDisturbP: notifyUidState
06-16 21:46:45.685  1593  9147 I HidataAppQoeP: notifyUidState
06-16 21:46:45.685  1593  9147 I BrowserChrP: notifyUidState
06-16 21:46:45.685  1593  2030 I PreDnsQuery: getAppPidByUid app: com.qiyi.video, pid: 31101, uid: 10122
06-16 21:46:45.685  1593  2030 I PreDnsQuery: onUidStateChanged uid: 10122, state: 2, curAppPid = 31101, info.pid = 11465
06-16 21:46:45.685  1593  2030 I PreDnsQuery: sendNetdUidForeground uid: 10122, foreground: true
06-16 21:46:45.686  1930  2349 I HwNetworkPolicyManager: getHwUidPolicy uid = 10122 policy = 0
06-16 21:46:45.695  1296  1630 I chatty  : uid=1000(system) Binder:1296_5 expire 4 lines
06-16 21:46:45.695  1296 14782 I chatty  : uid=1000(system) Binder:1296_1F expire 10 lines
06-16 21:46:45.825  2709  2709 D ActivityThread: Remove activity client record, r= ActivityRecord{670df6f token=android.os.BinderProxy@4e6172d {com.android.incallui/com.android.incallui.InCallActivity}} token= android.os.BinderProxy@4e6172d
06-16 21:46:45.892   568   645 W SocketListener: sending broadcast to Pid = 1296, Uid = 1000 
06-16 21:46:46.362  1296  1328 I chatty  : uid=1000(system) PowerManagerSer expire 1 line
06-16 21:46:46.632  1296  1319 I chatty  : uid=1000(system) ThirdAppHandler expire 3 lines
06-16 21:46:46.653 31101 31101 V ActivityThread: Skipping new config:{1.0 460mcc2mnc [zh_CN_#Hans] ldltr sw360dp w360dp h616dp 480dpi nrml long port finger -keyb/v/h -nav/h winConfig={ mBounds=Rect(0, 0 - 1920, 1080) mAppBounds=Rect(0, 0 - 1080, 1920) mWindowingMode=fullscreen mActivityType=undefined} nonFullScreen=0 suim:1 s.28}, config:{1.0 460mcc2mnc [zh_CN_#Hans] ldltr sw360dp w360dp h616dp 480dpi nrml long port finger -keyb/v/h -nav/h winConfig={ mBounds=Rect(0, 0 - 1920, 1080) mAppBounds=Rect(0, 0 - 1080, 1920) mWindowingMode=fullscreen mActivityType=undefined} nonFullScreen=0 suim:1 s.28} for app:com.qiyi.video
06-16 21:46:46.684 31101 31101 V ActivityThread: callActivityOnCreate
06-16 21:46:46.772 31101 31101 D ActivityThread: add activity client record, r= ActivityRecord{99b5cd2 token=android.os.BinderProxy@644d2ca {com.qiyi.video/com.qiyi.video.WelcomeActivity}} token= android.os.BinderProxy@644d2ca
06-16 21:46:46.801  1296  1326 I chatty  : uid=1000(system) HwGameAssistant expire 1 line
06-16 21:46:46.806  1296 31314 I chatty  : uid=1000 system_server expire 8 lines
06-16 21:46:46.817  1639 10695 I CommandQueue: updateBarBgColor
06-16 21:46:46.817  1639 10695 D CommandQueue: CommandQueue, setBarBackgroundColor
06-16 21:46:46.913  1296  1630 I chatty  : uid=1000(system) Binder:1296_5 expire 29 lines
06-16 21:46:46.923  1296  1569 I chatty  : uid=1000(system) PhotonicModulat expire 202 lines
06-16 21:46:46.930  1296  1315 I chatty  : uid=1000(system) android.ui expire 41 lines
06-16 21:46:46.963  1296  1424 I chatty  : uid=1000(system) android.anim expire 15 lines
06-16 21:46:46.976  1296  1325 I chatty  : uid=1000(system) android.display expire 1 line
06-16 21:46:47.049  1296 14782 I chatty  : uid=1000(system) Binder:1296_1F expire 3 lines
06-16 21:46:47.063  1296  1296 I chatty  : uid=1000 system_server expire 31 lines
06-16 21:46:47.070  1296  8135 I chatty  : uid=1000(system) Binder:1296_1A expire 15 lines
06-16 21:46:47.076  1296  1472 I chatty  : uid=1000(system) tworkPolicy.uid expire 3 lines
06-16 21:46:47.076  1593  1607 I BoosterSwitchP: notifyUidState do nothing
06-16 21:46:47.076  1593  1607 I DeepNoDisturbP: notifyUidState
06-16 21:46:47.076  1593  1607 I HidataAppQoeP: notifyUidState
06-16 21:46:47.076  1593  1607 I BrowserChrP: notifyUidState
06-16 21:46:47.080  1296  1467 I chatty  : uid=1000(system) NetdConnector expire 8 lines
06-16 21:46:47.112  1296  7866 I chatty  : uid=1000(system) Binder:1296_18 expire 1 line
06-16 21:46:47.678  1296  1319 I chatty  : uid=1000(system) ThirdAppHandler expire 1 line
06-16 21:46:47.693  1296  7268 I chatty  : uid=1000(system) Binder:1296_15 expire 19 lines
06-16 21:46:47.779  1296  1314 I chatty  : uid=1000(system) ActivityManager expire 1 line
06-16 21:46:48.176  1296  1328 I chatty  : uid=1000(system) PowerManagerSer expire 4 lines
06-16 21:46:49.719  1593  1817 I HidataAppQoeP: handleStateChanged reason=6
06-16 21:46:49.719  1593  1817 I BrowserChrP: handleStateChanged
06-16 21:46:49.747   711   771 I storaged: storaged_t::event: storage_info refreshed.
06-16 21:46:49.794  1296  1312 I chatty  : uid=1000(system) HwActivityManag expire 2 lines
06-16 21:46:49.795 31101 31101 V ActivityThread: Skipping new config:{1.0 460mcc2mnc [zh_CN_#Hans] ldltr sw360dp w360dp h616dp 480dpi nrml long port finger -keyb/v/h -nav/h winConfig={ mBounds=Rect(0, 0 - 1920, 1080) mAppBounds=Rect(0, 0 - 1080, 1920) mWindowingMode=fullscreen mActivityType=undefined} nonFullScreen=0 suim:1 s.28}, config:{1.0 460mcc2mnc [zh_CN_#Hans] ldltr sw360dp w360dp h616dp 480dpi nrml long port finger -keyb/v/h -nav/h winConfig={ mBounds=Rect(0, 0 - 1920, 1080) mAppBounds=Rect(0, 0 - 1080, 1920) mWindowingMode=fullscreen mActivityType=undefined} nonFullScreen=0 suim:1 s.28} for app:com.qiyi.video
06-16 21:46:49.804 31101 31101 V ActivityThread: callActivityOnCreate
06-16 21:46:49.901 31101 31101 D ActivityThread: add activity client record, r= ActivityRecord{f9dd9ca token=android.os.BinderProxy@56e7f12 {com.qiyi.video/org.qiyi.android.video.MainActivity}} token= android.os.BinderProxy@56e7f12
06-16 21:46:49.984  1296  1317 I chatty  : uid=1000(system) ActivityManager expire 1 line
06-16 21:46:49.984  1296  1796 I chatty  : uid=1000(system) MultiTaskManage expire 1 line
06-16 21:46:49.996 31537 31537 D ActivityThread: Attach thread to application
06-16 21:46:50.036  1296  1326 I chatty  : uid=1000(system) HwGameAssistant expire 2 lines
06-16 21:46:50.142  1639  9426 I CommandQueue: updateBarBgColor
06-16 21:46:50.142  1639  9426 D CommandQueue: CommandQueue, setBarBackgroundColor
06-16 21:46:50.448  1296  1315 I chatty  : uid=1000(system) android.ui expire 46 lines
06-16 21:46:50.452  1296  1569 I chatty  : uid=1000(system) PhotonicModulat expire 207 lines
06-16 21:46:50.459  1296  1325 I chatty  : uid=1000(system) android.display expire 2 lines
06-16 21:46:50.462  1296  1296 I chatty  : uid=1000 system_server expire 34 lines
06-16 21:46:50.624 31537 31616 D ActivityThread: Loading provider com.qiyi.video: org.qiyi.basecore.db.QiyiContentProvider
06-16 21:46:51.224 31101 31628 I PackageParser: com.qiyi.plugin.qimo: compat added android.permission.READ_PHONE_STATE
06-16 21:46:51.229 31101 31628 I PackageParser: com.qiyi.plugin.qimo: compat added android.permission.READ_PHONE_STATE
06-16 21:46:51.470  1296  7268 I chatty  : uid=1000(system) Binder:1296_15 expire 4 lines
06-16 21:46:51.562 31101 31101 D ActivityThread: Remove activity client record, r= ActivityRecord{99b5cd2 token=android.os.BinderProxy@644d2ca {com.qiyi.video/com.qiyi.video.WelcomeActivity}} token= android.os.BinderProxy@644d2ca
06-16 21:46:51.563  1296  7866 I chatty  : uid=1000(system) Binder:1296_18 expire 6 lines
06-16 21:46:51.641   568   640 W SocketListener: sending broadcast to Pid = 1296, Uid = 1000 
06-16 21:46:51.643  1296  1467 I chatty  : uid=1000(system) NetdConnector expire 4 lines
06-16 21:46:51.645  1296  1323 I chatty  : uid=1000(system) android.fg expire 2 lines
06-16 21:46:51.648  1296  1470 I chatty  : uid=1000(system) NetworkStats expire 5 lines
06-16 21:46:51.792 31537 31660 D ActivityThread: Loading provider com.qiyi.video.pingback.provider: org.qiyi.android.pingback.internal.db.PingbackContentProvider
06-16 21:46:52.012  1296  1630 I chatty  : uid=1000(system) Binder:1296_5 expire 12 lines
06-16 21:46:52.305  1296  1328 I chatty  : uid=1000(system) PowerManagerSer expire 2 lines
06-16 21:46:52.502 31101 31652 W HwApsManager: HwApsManagerService, registerCallback, start !
06-16 21:46:52.982  1296  1424 I chatty  : uid=1000(system) android.anim expire 13 lines
06-16 21:46:53.768  1296  1312 I chatty  : uid=1000(system) HwActivityManag expire 3 lines
06-16 21:46:53.789  1296 14782 I chatty  : uid=1000(system) Binder:1296_1F expire 4 lines
06-16 21:46:53.795  1296 31778 I chatty  : uid=1000 system_server expire 1 line
06-16 21:46:53.801  1296 30984 I chatty  : uid=1000 system_server expire 2 lines
06-16 21:46:53.819 31101 31101 V ActivityThread: Skipping new config:{1.0 460mcc2mnc [zh_CN_#Hans] ldltr sw360dp w360dp h616dp 480dpi nrml long port finger -keyb/v/h -nav/h winConfig={ mBounds=Rect(0, 0 - 1920, 1080) mAppBounds=Rect(0, 0 - 1080, 1920) mWindowingMode=fullscreen mActivityType=undefined} nonFullScreen=0 suim:1 s.28}, config:{1.0 460mcc2mnc [zh_CN_#Hans] ldltr sw360dp w360dp h616dp 480dpi nrml long port finger -keyb/v/h -nav/h winConfig={ mBounds=Rect(0, 0 - 1920, 1080) mAppBounds=Rect(0, 0 - 1080, 1920) mWindowingMode=fullscreen mActivityType=undefined} nonFullScreen=0 suim:1 s.28} for app:com.qiyi.video
06-16 21:46:53.822  1296  1524 I chatty  : uid=1000(system) iaware.clean expire 2 lines
06-16 21:46:53.825  1593  1607 I BoosterSwitchP: notifyUidState do nothing
06-16 21:46:53.825  1593  1607 I DeepNoDisturbP: notifyUidState
06-16 21:46:53.825  1593  1607 I HidataAppQoeP: notifyUidState
06-16 21:46:53.825  1593  1607 I BrowserChrP: notifyUidState
06-16 21:46:53.825  1593  1607 I BoosterSwitchP: notifyUidState do nothing
06-16 21:46:53.825  1593  1607 I DeepNoDisturbP: notifyUidState
06-16 21:46:53.825  1593  1607 I HidataAppQoeP: notifyUidState
06-16 21:46:53.825  1593  1607 I BrowserChrP: notifyUidState
06-16 21:46:53.838 31779 31779 D ActivityThread: Attach thread to application
06-16 21:46:53.848 31101 31101 V ActivityThread: callActivityOnCreate
06-16 21:46:53.848  1296  1317 I chatty  : uid=1000(system) ActivityManager expire 2 lines
06-16 21:46:53.848  1296  1796 I chatty  : uid=1000(system) MultiTaskManage expire 2 lines
06-16 21:46:53.899 31101 31101 D ActivityThread: add activity client record, r= ActivityRecord{30c761c token=android.os.BinderProxy@728a49f {com.qiyi.video/org.iqiyi.video.activity.PlayerActivity}} token= android.os.BinderProxy@728a49f
06-16 21:46:54.028 31807 31807 D ActivityThread: Attach thread to application
06-16 21:46:54.028  1296  8135 I chatty  : uid=1000(system) Binder:1296_1A expire 17 lines
06-16 21:46:54.039  1639 10695 I CommandQueue: updateBarBgColor
06-16 21:46:54.039  1639 10695 D CommandQueue: CommandQueue, setBarBackgroundColor
06-16 21:46:54.324  1296  1495 I chatty  : uid=1000(system) Thread-41 expire 4 lines
06-16 21:46:54.505  1296  1424 I chatty  : uid=1000(system) android.anim expire 1 line
06-16 21:46:54.508  1296  1315 I chatty  : uid=1000(system) android.ui expire 16 lines
06-16 21:46:54.528  1296  1569 I chatty  : uid=1000(system) PhotonicModulat expire 355 lines
06-16 21:46:54.899  1296  8135 I chatty  : uid=1000(system) Binder:1296_1A expire 4 lines
06-16 21:46:54.926  1296  1317 I chatty  : uid=1000(system) ActivityManager expire 1 line
06-16 21:46:54.926  1296  1796 I chatty  : uid=1000(system) MultiTaskManage expire 1 line
06-16 21:46:54.947 31864 31864 D ActivityThread: Attach thread to application
06-16 21:46:55.022  1296  1296 I chatty  : uid=1000 system_server expire 52 lines
06-16 21:46:55.334  1296  1630 I chatty  : uid=1000(system) Binder:1296_5 expire 2 lines
06-16 21:46:56.038 31864 31927 D ActivityThread: Loading provider com.qiyi.video: org.qiyi.basecore.db.QiyiContentProvider
06-16 21:46:56.672  1296 30984 I chatty  : uid=1000 system_server expire 2 lines
06-16 21:46:56.676  1296  1524 I chatty  : uid=1000(system) iaware.clean expire 2 lines
06-16 21:46:56.687  1593  2030 I BoosterSwitchP: notifyUidState do nothing
06-16 21:46:56.687  1593  2030 I DeepNoDisturbP: notifyUidState
06-16 21:46:56.687  1593  2030 I HidataAppQoeP: notifyUidState
06-16 21:46:56.687  1593  2030 I BrowserChrP: notifyUidState
06-16 21:46:56.701  1593  1607 I BoosterSwitchP: notifyUidState do nothing
06-16 21:46:56.701  1593  1607 I DeepNoDisturbP: notifyUidState
06-16 21:46:56.701  1593  1607 I HidataAppQoeP: notifyUidState
06-16 21:46:56.701  1593  1607 I BrowserChrP: notifyUidState
06-16 21:46:57.369  1296  1761 I chatty  : uid=1000(system) watchdog expire 1 line
06-16 21:46:57.907  1296  1328 I chatty  : uid=1000(system) PowerManagerSer expire 6 lines
06-16 21:46:58.755  1296  7268 I chatty  : uid=1000(system) Binder:1296_15 expire 1 line
06-16 21:46:59.940  1593  1817 I HidataAppQoeP: handleStateChanged reason=6
06-16 21:46:59.940  1593  1817 I BrowserChrP: handleStateChanged
06-16 21:47:00.238  1296  2129 I chatty  : uid=1000(system) Binder:1296_9 expire 1 line
06-16 21:47:01.316 31864 32028 D ActivityThread: Loading provider com.qiyi.video.pingback.provider: org.qiyi.android.pingback.internal.db.PingbackContentProvider
06-16 21:47:01.392  1593  2030 D FaceRecognizeService: release result val = 0 package = com.android.systemui
06-16 21:47:02.260  1296  1311 I chatty  : uid=1000(system) android.bg expire 1 line
06-16 21:47:02.265  1296  1467 I chatty  : uid=1000(system) NetdConnector expire 2 lines
06-16 21:47:02.266  1296  1471 I chatty  : uid=1000(system) NetworkPolicy expire 1 line
06-16 21:47:02.757  1296 14782 I chatty  : uid=1000(system) Binder:1296_1F expire 20 lines
06-16 21:47:05.949  1593  1817 I HidataAppQoeP: handleStateChanged reason=6
06-16 21:47:05.949  1593  1817 I BrowserChrP: handleStateChanged
06-16 21:47:10.355  1296  1315 I chatty  : uid=1000(system) android.ui expire 24 lines
06-16 21:47:11.954  1593  1817 I HidataAppQoeP: handleStateChanged reason=6
06-16 21:47:11.954  1593  1817 I BrowserChrP: handleStateChanged
06-16 21:47:12.263  1296  1296 I chatty  : uid=1000 system_server expire 12 lines
06-16 21:47:12.293  1296  1569 I chatty  : uid=1000(system) PhotonicModulat expire 170 lines
06-16 21:47:14.087  1296  1315 I chatty  : uid=1000(system) android.ui expire 28 lines
06-16 21:47:14.474  1296  1296 I chatty  : uid=1000 system_server expire 1005 lines
06-16 21:47:14.810  1296  1457 I chatty  : uid=1000(system) InputReader expire 3 lines
06-16 21:47:14.815   568   640 W SocketListener: sending broadcast to Pid = 1296, Uid = 1000 
06-16 21:47:14.818  1296  1467 I chatty  : uid=1000(system) NetdConnector expire 6 lines
06-16 21:47:14.822  1296  1323 I chatty  : uid=1000(system) android.fg expire 6 lines
06-16 21:47:14.826  1296  1470 I chatty  : uid=1000(system) NetworkStats expire 5 lines
06-16 21:47:15.020  1296  1328 I chatty  : uid=1000(system) PowerManagerSer expire 21 lines
06-16 21:47:15.222  1296  1630 I chatty  : uid=1000(system) Binder:1296_5 expire 122 lines
06-16 21:47:15.233  1296  2129 I chatty  : uid=1000(system) Binder:1296_9 expire 6 lines
06-16 21:47:15.237  1296  2227 I chatty  : uid=1000(system) Binder:1296_B expire 15 lines
06-16 21:47:15.251  1296  1520 I chatty  : uid=1000(system) fingerprintServ expire 6 lines
06-16 21:47:15.256   493  1612 D vold    : begin lockScreenPrepare
06-16 21:47:15.256   493  1612 D vold    : e4crypt_lock_screen_prepare flag is: 1 user_id:0
06-16 21:47:15.312  1296  5041 I chatty  : uid=1000(system) HwBinder:1296_5 expire 2 lines
06-16 21:47:15.319  1639  1639 W FingerprintManager: Invalid acquired message: 6, 1001
06-16 21:47:15.490  1296  1325 I chatty  : uid=1000(system) android.display expire 2 lines
06-16 21:47:15.803  1296  1312 I chatty  : uid=1000(system) HwActivityManag expire 1 line
06-16 21:47:15.972  1639  1639 W KeyguardViewMediator: callback -> onShowingStateChanged.
06-16 21:47:15.974  1296  8175 I chatty  : uid=1000(system) Binder:1296_1B expire 10 lines
06-16 21:47:15.979  1296  1445 I chatty  : uid=1000(system) HeartBeatHandle expire 9 lines
06-16 21:47:16.068  1296  1314 I chatty  : uid=1000(system) ActivityManager expire 1 line
06-16 21:47:16.100   568   645 W SocketListener: sending broadcast to Pid = 1296, Uid = 1000 
06-16 21:47:16.153 31101 31101 V ActivityThread: Handle window ActivityRecord{30c761c token=android.os.BinderProxy@728a49f {com.qiyi.video/org.iqiyi.video.activity.PlayerActivity}} visibility: false
06-16 21:47:16.153  1296  1477 I chatty  : uid=1000(system) WifiP2pService expire 4 lines
06-16 21:47:16.161  1296  1474 I chatty  : uid=1000(system) WifiStateMachin expire 14 lines
06-16 21:47:16.166  1639  1639 V KeyguardStatusView: refresh statusview showing:true
06-16 21:47:16.174  1639  1639 V KeyguardDisplayManager: show
06-16 21:47:16.186  1593  2030 D FaceRecognizeService: daemon init result val = 0 package = com.android.systemui
06-16 21:47:16.189  1593  1607 D AntiBruteForceProcessor: RemainingAuthenticateNum = 5
06-16 21:47:16.190  1593  2030 D FaceRecognizeService: daemon init result val = 0 package = com.android.systemui
06-16 21:47:16.212  1593  1817 I BoosterGameP: handleStateChanged reason=2
06-16 21:47:16.212  1593  1817 E BoosterGameP: inValidCQI:-1
06-16 21:47:16.212  1593  1817 I BoosterVideoP: handleStateChanged reason=2
06-16 21:47:16.213  1593  1817 I BoosterVideoP: sendModemUnsolState false
06-16 21:47:16.213  1593  1817 I BoosterSwitchP: handleStateChanged reason=2
06-16 21:47:16.213  1593  1817 I DeepNoDisturbP: handleStateChanged reason=2
06-16 21:47:16.213  1593  1817 I DeepNoDisturbSM: setScreenState isScreenOn=false
06-16 21:47:16.213  1593  1817 I HidataAppQoeP: handleStateChanged reason=2
06-16 21:47:16.213  1593  1817 I BrowserChrP: handleStateChanged
06-16 21:47:16.213  1593  1593 I DeepNoDisturbSM: IdleState processMessage msg.what=EVENT_SCREEN_OFF
06-16 21:47:16.213  1593  1593 I DeepNoDisturbSM: IdleState: default msg.what=11
06-16 21:47:16.234  1296  7268 I chatty  : uid=1000(system) Binder:1296_15 expire 2 lines
06-16 21:47:16.236  1296  7866 I chatty  : uid=1000(system) Binder:1296_18 expire 1 line
06-16 21:47:16.249  1296  1306 I chatty  : uid=1000(system) Binder:1296_1 expire 1 line
06-16 21:47:16.250  1593  1820 E HwCommBoosterManager: handleOemHookSetResp end error, ret=-2
06-16 21:47:16.365  1296  1424 I chatty  : uid=1000(system) android.anim expire 1 line
06-16 21:47:16.491  1296  2747 I chatty  : uid=1000(system) HwDeviceUsageCo expire 1 line
06-16 21:47:16.627  3413  8044 W ContextImpl: Calling a method in the system process without a qualified user: android.app.ContextImpl.bindService:1840 android.content.ContextWrapper.bindService:698 com.huawei.nb.dataservice.dsclient.RemoteServiceConnection.open:90 com.huawei.nb.dataservice.dsclient.DataServiceProxy.connect:105 com.huawei.nb.dataservice.rsclient.internal.RemoteRuleService.start:27 
06-16 21:47:16.648  1296  7268 I chatty  : uid=1000(system) Binder:1296_15 expire 223 lines
06-16 21:47:16.794  1296  1314 I chatty  : uid=1000(system) ActivityManager expire 492 lines
06-16 21:47:17.014  1296  1630 I chatty  : uid=1000(system) Binder:1296_5 expire 635 lines
06-16 21:47:17.962  1593  1817 I HidataAppQoeP: handleStateChanged reason=6
06-16 21:47:17.962  1593  1817 I BrowserChrP: handleStateChanged
06-16 21:47:17.971  1296  1467 I chatty  : uid=1000(system) NetdConnector expire 6 lines
06-16 21:47:18.994  1296  1445 I chatty  : uid=1000(system) HeartBeatHandle expire 12 lines
06-16 21:47:20.783  1296  1319 I chatty  : uid=1000(system) ThirdAppHandler expire 3 lines
06-16 21:47:22.201 31864 32190 I ContentPermission: browser mPermissionType = 0
06-16 21:47:22.203  1296  1306 I chatty  : uid=1000(system) Binder:1296_1 expire 3 lines
06-16 21:47:26.083  1296  1432 I chatty  : uid=1000(system) UEventObserver expire 5 lines
06-16 21:47:26.092  1296  5041 I chatty  : uid=1000(system) HwBinder:1296_5 expire 1 line
06-16 21:47:27.373  1296  1761 I chatty  : uid=1000(system) watchdog expire 1 line
06-16 21:47:32.051   568   640 W SocketListener: sending broadcast to Pid = 1296, Uid = 1000 
06-16 21:47:32.052  1296  1311 I chatty  : uid=1000(system) android.bg expire 1 line
06-16 21:47:32.056  1296  1323 I chatty  : uid=1000(system) android.fg expire 2 lines
06-16 21:47:32.061  1296  1470 I chatty  : uid=1000(system) NetworkStats expire 5 lines
06-16 21:47:32.337  1296  7268 I chatty  : uid=1000(system) Binder:1296_15 expire 107 lines
06-16 21:47:44.063  1296  1296 I chatty  : uid=1000 system_server expire 290 lines
06-16 21:47:44.074  1296  1314 I chatty  : uid=1000(system) ActivityManager expire 47 lines
06-16 21:47:44.176  1296  8175 I chatty  : uid=1000(system) Binder:1296_1B expire 7 lines
06-16 21:47:44.223  1296  8135 I chatty  : uid=1000(system) Binder:1296_1A expire 310 lines
06-16 21:47:44.375  1296  7866 I chatty  : uid=1000(system) Binder:1296_18 expire 6 lines
06-16 21:47:44.481  1296  1630 I chatty  : uid=1000(system) Binder:1296_5 expire 77 lines
06-16 21:47:44.494  1296  2129 I chatty  : uid=1000(system) Binder:1296_9 expire 15 lines
06-16 21:48:04.148  1296  1630 I chatty  : uid=1000(system) Binder:1296_5 expire 218 lines
06-16 21:48:04.178  1296  7866 I chatty  : uid=1000(system) Binder:1296_18 expire 30 lines
06-16 21:48:04.347  1296  1307 I chatty  : uid=1000(system) Binder:1296_2 expire 68 lines
06-16 21:48:04.396  1296  1314 I chatty  : uid=1000(system) ActivityManager expire 248 lines
06-16 21:48:04.406  1296  1296 I chatty  : uid=1000 system_server expire 1 line
06-16 21:48:09.165  1296  8135 I chatty  : uid=1000(system) Binder:1296_1A expire 2 lines
06-16 21:48:09.253   568   645 W SocketListener: sending broadcast to Pid = 1296, Uid = 1000 
06-16 21:48:09.255  1296  1467 I chatty  : uid=1000(system) NetdConnector expire 6 lines
06-16 21:48:09.259  1296  1323 I chatty  : uid=1000(system) android.fg expire 4 lines
06-16 21:48:09.287  1593  1607 I BoosterSwitchP: notifyUidState do nothing
06-16 21:48:09.287  1593  1607 I DeepNoDisturbP: notifyUidState
06-16 21:48:09.287  1593  1607 I HidataAppQoeP: notifyUidState
06-16 21:48:09.287  1593  1607 I BrowserChrP: notifyUidState
06-16 21:48:09.335  1296  7268 I chatty  : uid=1000(system) Binder:1296_15 expire 2 lines
06-16 21:48:09.341  1296  1306 I chatty  : uid=1000(system) Binder:1296_1 expire 58 lines
06-16 21:48:09.782  1296  1495 I chatty  : uid=1000(system) Thread-41 expire 1 line
06-16 21:48:10.632  1296 14782 I chatty  : uid=1000(system) Binder:1296_1F expire 1 line
06-16 21:48:12.692   711   771 I storaged: storaged_t::event: storage_info refreshed.
06-16 21:48:32.063   568   638 W SocketListener: sending broadcast to Pid = 1296, Uid = 1000 
06-16 21:48:32.652  1296  1314 I chatty  : uid=1000(system) ActivityManager expire 28 lines
06-16 21:48:32.658  1296  1296 I chatty  : uid=1000 system_server expire 10 lines
06-16 21:48:32.664 31101 31101 E ActivityThread: Service com.iqiyi.im.core.service.PPMessageService has leaked ServiceConnection com.iqiyi.im.core.service.con@6343f8f that was originally bound here
06-16 21:48:32.664 31101 31101 E ActivityThread: android.app.ServiceConnectionLeaked: Service com.iqiyi.im.core.service.PPMessageService has leaked ServiceConnection com.iqiyi.im.core.service.con@6343f8f that was originally bound here
06-16 21:48:32.664 31101 31101 E ActivityThread: 	at android.app.LoadedApk$ServiceDispatcher.<init>(LoadedApk.java:1790)
06-16 21:48:32.664 31101 31101 E ActivityThread: 	at android.app.LoadedApk.getServiceDispatcher(LoadedApk.java:1682)
06-16 21:48:32.664 31101 31101 E ActivityThread: 	at android.app.ContextImpl.bindServiceCommon(ContextImpl.java:1888)
06-16 21:48:32.664 31101 31101 E ActivityThread: 	at android.app.ContextImpl.bindService(ContextImpl.java:1841)
06-16 21:48:32.664 31101 31101 E ActivityThread: 	at android.content.ContextWrapper.bindService(ContextWrapper.java:698)
06-16 21:48:32.664 31101 31101 E ActivityThread: 	at com.iqiyi.im.core.service.PPMessageService.onCreate(Unknown Source:96)
06-16 21:48:32.664 31101 31101 E ActivityThread: 	at android.app.ActivityThread.handleCreateService(ActivityThread.java:4074)
06-16 21:48:32.664 31101 31101 E ActivityThread: 	at android.app.ActivityThread.access$2200(ActivityThread.java:268)
06-16 21:48:32.664 31101 31101 E ActivityThread: 	at android.app.ActivityThread$H.handleMessage(ActivityThread.java:2011)
06-16 21:48:32.664 31101 31101 E ActivityThread: 	at android.os.Handler.dispatchMessage(Handler.java:109)
06-16 21:48:32.664 31101 31101 E ActivityThread: 	at android.os.Looper.loop(Looper.java:207)
06-16 21:48:32.664 31101 31101 E ActivityThread: 	at android.app.ActivityThread.main(ActivityThread.java:7539)
06-16 21:48:32.664 31101 31101 E ActivityThread: 	at java.lang.reflect.Method.invoke(Native Method)
06-16 21:48:32.664 31101 31101 E ActivityThread: 	at com.android.internal.os.RuntimeInit$MethodAndArgsCaller.run(RuntimeInit.java:524)
06-16 21:48:32.664 31101 31101 E ActivityThread: 	at com.android.internal.os.ZygoteInit.main(ZygoteInit.java:958)
06-16 21:48:33.095  1296  4571 I chatty  : uid=1000(system) IpClient.wlan0 expire 61 lines
06-16 21:48:33.215  1296  2129 I chatty  : uid=1000(system) Binder:1296_9 expire 292 lines
06-16 21:48:33.254  1296  1477 I chatty  : uid=1000(system) WifiP2pService expire 6 lines
06-16 21:48:33.260   568   638 W SocketListener: sending broadcast to Pid = 1296, Uid = 1000 
06-16 21:48:33.265  1296  1467 I chatty  : uid=1000(system) NetdConnector expire 10 lines
06-16 21:48:33.267  1296  1323 I chatty  : uid=1000(system) android.fg expire 5 lines
06-16 21:48:33.366  1296  1480 I chatty  : uid=1000(system) ConnectivitySer expire 14 lines
06-16 21:48:33.368  1296  1506 I chatty  : uid=1000(system) ConnectivityThr expire 9 lines
06-16 21:48:33.385  1296 14782 I chatty  : uid=1000(system) Binder:1296_1F expire 14 lines
06-16 21:48:33.389  1296  1307 I chatty  : uid=1000(system) Binder:1296_2 expire 5 lines
06-16 21:48:33.390  1296  1306 I chatty  : uid=1000(system) Binder:1296_1 expire 1 line
06-16 21:48:33.427  1296  1470 I chatty  : uid=1000(system) NetworkStats expire 6 lines
06-16 21:48:33.474  1296  1317 I chatty  : uid=1000(system) ActivityManager expire 2 lines
06-16 21:48:33.475  1296  1796 I chatty  : uid=1000(system) MultiTaskManage expire 2 lines
06-16 21:48:33.504 32346 32346 D ActivityThread: Attach thread to application
06-16 21:48:33.524  1296  1311 I chatty  : uid=1000(system) android.bg expire 2 lines
06-16 21:48:33.529 32361 32361 D ActivityThread: Attach thread to application
06-16 21:48:33.540  1296  7268 I chatty  : uid=1000(system) Binder:1296_15 expire 42 lines
06-16 21:49:18.049  1296  1761 I chatty  : uid=1000(system) watchdog expire 1 line
06-16 21:49:18.059   568   638 W SocketListener: sending broadcast to Pid = 1296, Uid = 1000 
06-16 21:49:18.086  1296  1314 I chatty  : uid=1000(system) ActivityManager expire 1 line
06-16 21:49:18.219  1296  2129 I chatty  : uid=1000(system) Binder:1296_9 expire 3 lines
06-16 21:49:19.238   568   638 W SocketListener: sending broadcast to Pid = 1296, Uid = 1000 
06-16 21:49:19.267  1296  1321 I chatty  : uid=1000(system) batterystats-wo expire 2 lines
06-16 21:49:21.033  1296 14782 I chatty  : uid=1000(system) Binder:1296_1F expire 17 lines
06-16 21:50:48.059   568   638 W SocketListener: sending broadcast to Pid = 1296, Uid = 1000 
06-16 21:50:48.061  1296  1467 I chatty  : uid=1000(system) NetdConnector expire 4 lines
06-16 21:50:48.102  1296  1445 I chatty  : uid=1000(system) HeartBeatHandle expire 10 lines
06-16 21:50:48.129   568   638 W SocketListener: sending broadcast to Pid = 1296, Uid = 1000 
06-16 21:50:58.277  1296  1630 I chatty  : uid=1000(system) Binder:1296_5 expire 30 lines
06-16 21:50:58.427  1296  7268 I chatty  : uid=1000(system) Binder:1296_15 expire 15 lines
06-16 21:50:58.468  4630  4667 W ContextImpl: Calling a method in the system process without a qualified user: android.app.ContextImpl.sendBroadcast:1151 android.content.ContextWrapper.sendBroadcast:444 com.huawei.android.pushagent.model.channel.entity.a.b.ty:474 com.huawei.android.pushagent.model.channel.entity.a.b.tk:440 com.huawei.android.pushagent.model.channel.entity.b.ul:51 
06-16 21:51:43.061   568   638 W SocketListener: sending broadcast to Pid = 1296, Uid = 1000 
06-16 21:51:43.063  1296  1467 I chatty  : uid=1000(system) NetdConnector expire 6 lines
06-16 21:51:43.064  1296  1323 I chatty  : uid=1000(system) android.fg expire 2 lines
06-16 21:51:43.703  1296  1314 I chatty  : uid=1000(system) ActivityManager expire 4 lines
06-16 21:51:43.723  1296  1320 I chatty  : uid=1000(system) keyAppHanderThr expire 1 line
06-16 21:51:43.728  1296  1311 I chatty  : uid=1000(system) android.bg expire 2 lines
06-16 21:51:43.730  1296  1296 I chatty  : uid=1000 system_server expire 7 lines
06-16 21:51:43.770  1296  1306 I chatty  : uid=1000(system) Binder:1296_1 expire 92 lines
06-16 21:51:43.846  1296  2129 I chatty  : uid=1000(system) Binder:1296_9 expire 25 lines
06-16 21:51:43.891  1296  1471 I chatty  : uid=1000(system) NetworkPolicy expire 4 lines
06-16 21:51:43.916  1296  1630 I chatty  : uid=1000(system) Binder:1296_5 expire 1 line
06-16 21:51:43.949  1296 14782 I chatty  : uid=1000(system) Binder:1296_1F expire 27 lines
06-16 21:51:43.961  1296  1307 I chatty  : uid=1000(system) Binder:1296_2 expire 32 lines
06-16 21:51:43.966   568   638 W SocketListener: sending broadcast to Pid = 1296, Uid = 1000 
06-16 21:51:43.986  1296  1321 I chatty  : uid=1000(system) batterystats-wo expire 2 lines
06-16 21:51:44.361  1296 14782 I chatty  : uid=1000(system) Binder:1296_1F expire 22 lines
06-16 21:51:58.565   568   645 W SocketListener: sending broadcast to Pid = 1296, Uid = 1000 
06-16 21:51:58.569  1296  1467 I chatty  : uid=1000(system) NetdConnector expire 10 lines
06-16 21:51:58.575  1296  1323 I chatty  : uid=1000(system) android.fg expire 10 lines
06-16 21:53:02.060   568   638 W SocketListener: sending broadcast to Pid = 1296, Uid = 1000 
06-16 21:53:02.944   568   638 W SocketListener: sending broadcast to Pid = 1296, Uid = 1000 
06-16 21:53:17.459   568   638 W SocketListener: sending broadcast to Pid = 1296, Uid = 1000 
06-16 21:53:44.067  1296  1296 I chatty  : uid=1000 system_server expire 8 lines
06-16 21:53:44.113  1296  1306 I chatty  : uid=1000(system) Binder:1296_1 expire 26 lines
06-16 21:53:44.137   568   638 W SocketListener: sending broadcast to Pid = 1296, Uid = 1000 
06-16 21:53:44.205  1296  1630 I chatty  : uid=1000(system) Binder:1296_5 expire 340 lines
06-16 21:53:44.283  1296  1307 I chatty  : uid=1000(system) Binder:1296_2 expire 15 lines
06-16 21:53:44.340  1296  1315 I chatty  : uid=1000(system) android.ui expire 1 line
06-16 21:53:44.349  1296 14782 I chatty  : uid=1000(system) Binder:1296_1F expire 15 lines
06-16 21:54:46.059   568   638 W SocketListener: sending broadcast to Pid = 1296, Uid = 1000 
06-16 21:54:46.061  1296  1467 I chatty  : uid=1000(system) NetdConnector expire 8 lines
06-16 21:54:46.101  1296 14782 I chatty  : uid=1000(system) Binder:1296_1F expire 60 lines
06-16 21:54:46.208  1296  1630 I chatty  : uid=1000(system) Binder:1296_5 expire 335 lines
06-16 21:54:46.315   568   638 W SocketListener: sending broadcast to Pid = 1296, Uid = 1000 
06-16 21:54:46.964  1296  1761 I chatty  : uid=1000(system) watchdog expire 1 line
06-16 21:54:47.899  1296  1306 I chatty  : uid=1000(system) Binder:1296_1 expire 46 lines
06-16 21:54:47.900  1296  1328 I chatty  : uid=1000(system) PowerManagerSer expire 1 line
06-16 21:54:54.158  1296  1320 I chatty  : uid=1000(system) keyAppHanderThr expire 9 lines
06-16 21:54:55.789  1296  1307 I chatty  : uid=1000(system) Binder:1296_2 expire 3 lines
06-16 21:54:58.212  1296  2129 I chatty  : uid=1000(system) Binder:1296_9 expire 1 line
06-16 21:55:27.058   568   638 W SocketListener: sending broadcast to Pid = 1296, Uid = 1000 
06-16 21:55:27.085   568   638 W SocketListener: sending broadcast to Pid = 1296, Uid = 1000 
06-16 21:55:27.089  1296  1323 I chatty  : uid=1000(system) android.fg expire 3 lines
06-16 21:55:44.057  1296  1296 I chatty  : uid=1000 system_server expire 60 lines
06-16 21:55:44.059   568   638 W SocketListener: sending broadcast to Pid = 1296, Uid = 1000 
06-16 21:55:44.061  1296  1467 I chatty  : uid=1000(system) NetdConnector expire 4 lines
06-16 21:55:44.066  1296  1314 I chatty  : uid=1000(system) ActivityManager expire 2 lines
06-16 21:55:44.142  1296  1577 I chatty  : uid=1000(system) SyncManager expire 41 lines
06-16 21:55:44.151  1296 14782 I chatty  : uid=1000(system) Binder:1296_1F expire 21 lines
06-16 21:55:44.177  1296  1307 I chatty  : uid=1000(system) Binder:1296_2 expire 4 lines
06-16 21:55:44.189  1296  1306 I chatty  : uid=1000(system) Binder:1296_1 expire 9 lines
06-16 21:55:44.220  1296  1630 I chatty  : uid=1000(system) Binder:1296_5 expire 354 lines
06-16 21:55:44.225   568   638 W SocketListener: sending broadcast to Pid = 1296, Uid = 1000 
06-16 21:55:44.256  1296  1321 I chatty  : uid=1000(system) batterystats-wo expire 1 line
06-16 21:55:44.340  1296  2129 I chatty  : uid=1000(system) Binder:1296_9 expire 32 lines
06-16 21:55:50.243  1296  1328 I chatty  : uid=1000(system) PowerManagerSer expire 11 lines
06-16 21:55:55.060  1296  1457 I chatty  : uid=1000(system) InputReader expire 10 lines
06-16 21:55:55.076  1639  1985 I PermissionManager: camera remind result:true
06-16 21:55:55.076  1639  1985 I BackgroundPermManager: pkgName: com.android.systemui,pid: 1639 ,uidOf3RdApk: 10039 ,permType: 0 ,permCfg: 1
06-16 21:55:55.077  1296  1296 I chatty  : uid=1000 system_server expire 24 lines
06-16 21:55:55.132  1296  2129 I chatty  : uid=1000(system) Binder:1296_9 expire 3 lines
06-16 21:55:55.149  1296  1630 I chatty  : uid=1000(system) Binder:1296_5 expire 3 lines
06-16 21:55:55.162  1296  5041 I chatty  : uid=1000(system) HwBinder:1296_5 expire 1 line
06-16 21:55:55.175  1296 14782 I chatty  : uid=1000(system) Binder:1296_1F expire 3 lines
06-16 21:55:55.201  1296  1445 I chatty  : uid=1000(system) HeartBeatHandle expire 12 lines
06-16 21:55:55.211  1296  1325 I chatty  : uid=1000(system) android.display expire 2 lines
06-16 21:55:55.216  1593  2030 D FaceRecognizeService: authenticate begin package = com.android.systemui
06-16 21:55:55.216  1593  2110 D FaceRecognizeService: authenticate running!
06-16 21:55:55.216  1593  2110 D FaceRecognizeService: startAuthentication(com.android.systemui)
06-16 21:55:55.217  1593  2110 D FaceRecognizeService: isMainUser in-userId = 0 currentUserId = 0
06-16 21:55:55.219  1296  8175 I chatty  : uid=1000(system) Binder:1296_1B expire 1 line
06-16 21:55:55.221  1639  1639 W KeyguardViewMediator: notifyDrawn as: ScreenTurningOn 
06-16 21:55:55.223  1593  2110 D FaceRecognizeService: startAuthentication errorCode = 0
06-16 21:55:55.223  1593  2110 D FaceRecognizeService: current cmd is NULL!
06-16 21:55:55.223  1593  2110 D FaceRecognizeService: start new cmd directly!!
06-16 21:55:55.225  1296  1464 I chatty  : uid=1000(system) StorageManagerS expire 36 lines
06-16 21:55:55.226  1593  2110 D FaceRecognizeAuthCmd: doStart daemon return value = 0 userId = 0
06-16 21:55:55.226  1593  2110 D FaceRecognizeAuthCmd: authenticate cmd dostart end error code =  success 
06-16 21:55:55.226  1593  2110 D FaceRecognizeBaseCmd: processHalReturnedResult ERROR CODE =  success 
06-16 21:55:55.237  1296  1315 I chatty  : uid=1000(system) android.ui expire 3 lines
06-16 21:55:55.238  1296  1424 I chatty  : uid=1000(system) android.anim expire 2 lines
06-16 21:55:55.265   493 32531 D vold    : idle maintenance stopped
06-16 21:55:55.268  1296  1477 I chatty  : uid=1000(system) WifiP2pService expire 5 lines
06-16 21:55:55.279  1296  1474 I chatty  : uid=1000(system) WifiStateMachin expire 1 line
06-16 21:55:55.282  1296  1296 I chatty  : uid=1000 system_server expire 87 lines
06-16 21:55:55.309  1296  1476 I chatty  : uid=1000(system) WifiScanningSer expire 1 line
06-16 21:55:55.321  1593  1817 I BoosterGameP: handleStateChanged reason=2
06-16 21:55:55.321  1593  1817 E BoosterGameP: inValidCQI:-1
06-16 21:55:55.321  1593  1817 I BoosterVideoP: handleStateChanged reason=2
06-16 21:55:55.321  1593  1817 I BoosterVideoP: sendModemUnsolState false
06-16 21:55:55.321  1593  1817 I BoosterSwitchP: handleStateChanged reason=2
06-16 21:55:55.321  1593  1817 I DeepNoDisturbP: handleStateChanged reason=2
06-16 21:55:55.321  1593  1817 I DeepNoDisturbSM: setScreenState isScreenOn=true
06-16 21:55:55.321  1593  1817 I HidataAppQoeP: handleStateChanged reason=2
06-16 21:55:55.321  1593  1817 I BrowserChrP: handleStateChanged
06-16 21:55:55.322  1593  1593 I DeepNoDisturbSM: IdleState processMessage msg.what=EVENT_SCREEN_ON
06-16 21:55:55.322  1296  2129 I chatty  : uid=1000(system) Binder:1296_9 expire 12 lines
06-16 21:55:55.324  1593  1593 I DeepNoDisturbSM: isWifiConnected = true
06-16 21:55:55.340  1593  1593 I DeepNoDisturbSM: isNetworkTypeSuitDeepNoDisturbMode networkType = 13
06-16 21:55:55.340  1593  1593 I DeepNoDisturbSM: isCorrectState=true mIsCallOn=false mGameStatus=0 defaultDataSubId=0 default4GSlotId=0 mIsDefaultDataOn=false mIsScreenOn=true deepNoDisturbModeProp=true isDeepNoDisturbSwitchOn=false isGameDndSwitchOn=false isNetworkTypeSuitDeepNoDisturbMode=true isAirplaneModeOn()=false
06-16 21:55:55.340  1593  1593 I DeepNoDisturbSM: isNeedEnterDeepNoDisturbMode false
06-16 21:55:55.343  1593  1820 E HwCommBoosterManager: handleOemHookSetResp end error, ret=-2
06-16 21:55:55.352  1296 14782 I chatty  : uid=1000(system) Binder:1296_1F expire 14 lines
06-16 21:55:55.444  1296  1314 I chatty  : uid=1000(system) ActivityManager expire 3 lines
06-16 21:55:55.513  1296  1311 I chatty  : uid=1000(system) android.bg expire 1 line
06-16 21:55:55.521  1296  1467 I chatty  : uid=1000(system) NetdConnector expire 2 lines
06-16 21:55:55.527  1593  1817 I HidataAppQoeP: handleStateChanged reason=6
06-16 21:55:55.527  1593  1817 I BrowserChrP: handleStateChanged
06-16 21:55:55.532  1593  1817 I HidataAppQoeP: handleStateChanged reason=6
06-16 21:55:55.532  1593  1817 I BrowserChrP: handleStateChanged
06-16 21:55:55.533  1296  1317 I chatty  : uid=1000(system) ActivityManager expire 2 lines
06-16 21:55:55.534  1296  1796 I chatty  : uid=1000(system) MultiTaskManage expire 2 lines
06-16 21:55:55.538  1593  1817 I HidataAppQoeP: handleStateChanged reason=6
06-16 21:55:55.538  1593  1817 I BrowserChrP: handleStateChanged
06-16 21:55:55.555  1296  1630 I chatty  : uid=1000(system) Binder:1296_5 expire 5 lines
06-16 21:55:55.570  1868  1868 I Telephony-PstnPhoneCapabilitiesNotifier: handleVideoCapabilitesChanged. Video capability - true
06-16 21:55:55.632  1296  1315 I chatty  : uid=1000(system) android.ui expire 37 lines
06-16 21:55:55.637 32545 32545 D ActivityThread: Attach thread to application
06-16 21:55:55.659  1296  1424 I chatty  : uid=1000(system) android.anim expire 1 line
06-16 21:55:55.677  1296  1450 I chatty  : uid=1000(system) hw_finger_unloc expire 1 line
06-16 21:55:55.683  1296  1569 I chatty  : uid=1000(system) PhotonicModulat expire 27 lines
06-16 21:55:55.683  1296  1328 I chatty  : uid=1000(system) PowerManagerSer expire 8 lines
06-16 21:55:55.703  1296  2225 I chatty  : uid=1000(system) Binder:1296_A expire 2 lines
06-16 21:55:55.761  1296  1480 I chatty  : uid=1000(system) ConnectivitySer expire 2 lines
06-16 21:55:55.782  1593  2030 I BoosterSwitchP: notifyUidState do nothing
06-16 21:55:55.782  1593  2030 I DeepNoDisturbP: notifyUidState
06-16 21:55:55.782  1593  2030 I HidataAppQoeP: notifyUidState
06-16 21:55:55.782  1593  2030 I BrowserChrP: notifyUidState
06-16 21:55:55.831  1593  2030 I BoosterSwitchP: notifyUidState do nothing
06-16 21:55:55.831  1593  2030 I DeepNoDisturbP: notifyUidState
06-16 21:55:55.831  1593  2030 I HidataAppQoeP: notifyUidState
06-16 21:55:55.831  1593  2030 I BrowserChrP: notifyUidState
06-16 21:55:55.864  1868  1868 W SettingsEx: SettingsEx.Systemex.getString deprecated use Settings.System.getString instead ;callers=com.android.internal.telephony.gsm.HwCustGsmServiceStateManagerImpl.isMccForShowNetname:206 com.android.internal.telephony.gsm.HwCustGsmServiceStateManagerImpl.isShowNetnameByMcc:197 com.android.internal.telephony.gsm.HwCustGsmServiceStateManagerImpl.setOnsDisplayCustomization:148 
06-16 21:55:55.879  1593  1817 I HidataAppQoeP: handleStateChanged reason=6
06-16 21:55:55.879  1593  1817 I BrowserChrP: handleStateChanged
06-16 21:55:55.953  1296  2327 I chatty  : uid=1000(system) Binder:1296_11 expire 2 lines
06-16 21:55:55.960  1593  2030 I BoosterSwitchP: notifyUidState do nothing
06-16 21:55:55.960  1593  2030 I DeepNoDisturbP: notifyUidState
06-16 21:55:55.960  1593  2030 I HidataAppQoeP: notifyUidState
06-16 21:55:55.960  1593  2030 I BrowserChrP: notifyUidState
06-16 21:55:55.964  1296  1306 I chatty  : uid=1000(system) Binder:1296_1 expire 2 lines
06-16 21:55:55.965  1593  1607 I BoosterSwitchP: notifyUidState do nothing
06-16 21:55:55.965  1593  1607 I DeepNoDisturbP: notifyUidState
06-16 21:55:55.965  1593  1607 I HidataAppQoeP: notifyUidState
06-16 21:55:55.965  1593  1607 I BrowserChrP: notifyUidState
06-16 21:55:55.967  1593  1607 I BoosterSwitchP: notifyUidState do nothing
06-16 21:55:55.967  1593  1607 I DeepNoDisturbP: notifyUidState
06-16 21:55:55.967  1593  1607 I HidataAppQoeP: notifyUidState
06-16 21:55:55.967  1593  1607 I BrowserChrP: notifyUidState
06-16 21:55:55.999  1296  2317 I chatty  : uid=1000(system) Binder:1296_C expire 12 lines
06-16 21:55:56.029  1593  8696 I BoosterSwitchP: notifyUidState do nothing
06-16 21:55:56.029  1593  8696 I DeepNoDisturbP: notifyUidState
06-16 21:55:56.029  1593  8696 I HidataAppQoeP: notifyUidState
06-16 21:55:56.029  1593  8696 I BrowserChrP: notifyUidState
06-16 21:55:56.231  1593  1909 D FaceRecognizeService: onAuthenticationAcquired acquiredInfo = 5
06-16 21:55:56.231  1593  2110 D FaceRecognizeAuthCmd: onMessage EVNET = authenticate acquire  para1= 5 para2 = 0
06-16 21:55:56.235  1593  2110 E FaceRecognizeService: handleMessage EVT = 4
