06-16 22:02:15.108  1296  1328 I chatty  : uid=1000(system) PowerManagerSer expire 1 line
06-16 22:02:15.111  1296  1569 I chatty  : uid=1000(system) PhotonicModulat expire 80 lines
06-16 22:02:15.136  1593  1817 I BoosterGameP: handleStateChanged reason=2
06-16 22:02:15.136  1593  1817 E BoosterGameP: inValidCQI:-1
06-16 22:02:15.140  1593  1817 I BoosterVideoP: handleStateChanged reason=2
06-16 22:02:15.142  1593  1817 I BoosterVideoP: sendModemUnsolState false
06-16 22:02:15.142  1593  1817 I BoosterSwitchP: handleStateChanged reason=2
06-16 22:02:15.142  1593  1817 I DeepNoDisturbP: handleStateChanged reason=2
06-16 22:02:15.142  1593  1817 I DeepNoDisturbSM: setScreenState isScreenOn=true
06-16 22:02:15.142  1593  1817 I HidataAppQoeP: handleStateChanged reason=2
06-16 22:02:15.142  1593  1817 I BrowserChrP: handleStateChanged
06-16 22:02:15.142  1593  1593 I DeepNoDisturbSM: IdleState processMessage msg.what=EVENT_SCREEN_ON
06-16 22:02:15.156  1593  1593 I DeepNoDisturbSM: isWifiConnected = true
06-16 22:02:15.172  1593  1593 I DeepNoDisturbSM: isNetworkTypeSuitDeepNoDisturbMode networkType = 13
06-16 22:02:15.172  1593  1593 I DeepNoDisturbSM: isCorrectState=true mIsCallOn=false mGameStatus=0 defaultDataSubId=0 default4GSlotId=0 mIsDefaultDataOn=false mIsScreenOn=true deepNoDisturbModeProp=true isDeepNoDisturbSwitchOn=false isGameDndSwitchOn=false isNetworkTypeSuitDeepNoDisturbMode=true isAirplaneModeOn()=false
06-16 22:02:15.172  1593  1593 I DeepNoDisturbSM: isNeedEnterDeepNoDisturbMode false
06-16 22:02:15.223  1593  1820 E HwCommBoosterManager: handleOemHookSetResp end error, ret=-2
06-16 22:02:15.362  1296 10355 I chatty  : uid=1000(system) Binder:1296_1D expire 17 lines
06-16 22:02:15.434  1296  1306 I chatty  : uid=1000(system) Binder:1296_1 expire 13 lines
06-16 22:02:15.468  1359  1359 D ActivityThread: Attach thread to application
06-16 22:02:15.470  1296  2227 I chatty  : uid=1000(system) Binder:1296_B expire 27 lines
06-16 22:02:15.494  1593  1606 I BoosterSwitchP: notifyUidState do nothing
06-16 22:02:15.494  1593  1606 I DeepNoDisturbP: notifyUidState
06-16 22:02:15.494  1593  1606 I HidataAppQoeP: notifyUidState
06-16 22:02:15.494  1593  1606 I BrowserChrP: notifyUidState
06-16 22:02:15.494  1296  2326 I chatty  : uid=1000(system) Binder:1296_10 expire 55 lines
06-16 22:02:16.460  1296  7268 I chatty  : uid=1000(system) Binder:1296_15 expire 5 lines
06-16 22:02:16.461  1296  1569 I chatty  : uid=1000(system) PhotonicModulat expire 97 lines
06-16 22:02:16.646  1296  1296 I chatty  : uid=1000 system_server expire 11 lines
06-16 22:02:16.650  1296  1306 I chatty  : uid=1000(system) Binder:1296_1 expire 60 lines
06-16 22:02:16.824  1593  1817 I HidataAppQoeP: handleStateChanged reason=6
06-16 22:02:16.824  1593  1817 I BrowserChrP: handleStateChanged
06-16 22:02:16.874  1296  2227 I chatty  : uid=1000(system) Binder:1296_B expire 24 lines
06-16 22:02:16.947  1296  1314 I chatty  : uid=1000(system) ActivityManager expire 8 lines
06-16 22:02:17.128   568   639 W SocketListener: sending broadcast to Pid = 1296, Uid = 1000 
06-16 22:02:17.130  1296  1467 I chatty  : uid=1000(system) NetdConnector expire 4 lines
06-16 22:02:17.130  1296  1476 I chatty  : uid=1000(system) WifiScanningSer expire 9 lines
06-16 22:02:17.131  1296  1323 I chatty  : uid=1000(system) android.fg expire 2 lines
06-16 22:02:17.644  3413  3838 W ContextImpl: Calling a method in the system process without a qualified user: android.app.ContextImpl.bindService:1840 android.content.ContextWrapper.bindService:698 com.huawei.nb.dataservice.dsclient.RemoteServiceConnection.open:90 com.huawei.nb.dataservice.dsclient.DataServiceProxy.connect:105 com.huawei.nb.dataservice.rsclient.internal.RemoteRuleService.start:27 
06-16 22:02:17.765  1296 10355 I chatty  : uid=1000(system) Binder:1296_1D expire 11 lines
06-16 22:02:18.323  1296  2129 I chatty  : uid=1000(system) Binder:1296_9 expire 11 lines
06-16 22:02:18.546  1296  7295 I chatty  : uid=1000(system) Binder:1296_16 expire 2 lines
06-16 22:02:18.697  1296  1761 I chatty  : uid=1000(system) watchdog expire 1 line
06-16 22:02:19.300   687   687 W ContextImpl: Calling a method in the system process without a qualified user: android.app.ContextImpl.startService:1760 android.content.ContextWrapper.startService:664 android.content.ContextWrapper.startService:664 com.android.settings.deviceinfo.UsbReceiver.startUsbService:304 com.android.settings.deviceinfo.UsbReceiver.onUsbStateReceive:165 
06-16 22:02:19.306   687   687 W ContextImpl: Calling a method in the system process without a qualified user: android.app.ContextImpl.startService:1760 android.content.ContextWrapper.startService:664 android.content.ContextWrapper.startService:664 com.android.settings.deviceinfo.UsbReceiver.startUsbService:304 com.android.settings.deviceinfo.UsbReceiver.onUsbStateReceive:212 
06-16 22:02:19.337  1296 10355 I chatty  : uid=1000(system) Binder:1296_1D expire 25 lines
06-16 22:02:19.605  1296  1867 I chatty  : uid=1000(system) Binder:1296_7 expire 50 lines
06-16 22:02:21.036  1296  1315 I chatty  : uid=1000(system) android.ui expire 11 lines
06-16 22:02:21.037  1296  7295 I chatty  : uid=1000(system) Binder:1296_16 expire 46 lines
06-16 22:02:22.370  1296  1480 I chatty  : uid=1000(system) ConnectivitySer expire 27 lines
06-16 22:02:23.069   687   687 W ContextImpl: Calling a method in the system process without a qualified user: android.app.ContextImpl.startService:1760 android.content.ContextWrapper.startService:664 android.content.ContextWrapper.startService:664 com.android.settings.deviceinfo.UsbReceiver.startUsbService:304 com.android.settings.deviceinfo.UsbReceiver.onUsbStateReceive:165 
06-16 22:02:23.076   687   687 W ContextImpl: Calling a method in the system process without a qualified user: android.app.ContextImpl.startService:1760 android.content.ContextWrapper.startService:664 android.content.ContextWrapper.startService:664 com.android.settings.deviceinfo.UsbReceiver.startUsbService:304 com.android.settings.deviceinfo.UsbReceiver.onUsbStateReceive:212 
06-16 22:02:23.086  1296  1314 I chatty  : uid=1000(system) ActivityManager expire 27 lines
06-16 22:02:23.433  1296  2326 I chatty  : uid=1000(system) Binder:1296_10 expire 8 lines
06-16 22:02:23.506   687   687 W ContextImpl: Calling a method in the system process without a qualified user: android.app.ContextImpl.startService:1760 android.content.ContextWrapper.startService:664 com.android.settings.deviceinfo.UsbSettingsService.startShow:805 com.android.settings.deviceinfo.UsbSettingsService.access$2000:64 com.android.settings.deviceinfo.UsbSettingsService$5.onClick:771 
06-16 22:02:23.513  1296  1323 I chatty  : uid=1000(system) android.fg expire 4 lines
06-16 22:02:23.513   687   687 W ContextImpl: Calling a method in the system process without a qualified user: android.app.ContextImpl.sendBroadcast:1151 android.content.ContextWrapper.sendBroadcast:444 com.android.settings.deviceinfo.UsbSettingsService$5.onClick:774 com.android.settings.deviceinfo.UsbSettingsService$DialogItemListener.onClick:819 com.android.internal.app.AlertController$AlertParams$3.onItemClick:1184 
06-16 22:02:23.530   687  2061 W ContextImpl: Calling a method in the system process without a qualified user: android.app.ContextImpl.bindService:1840 android.content.ContextWrapper.bindService:698 com.android.settings.decision.DecisionUtil.bindService:58 com.android.settings.decision.TipsRuleService.onHandleIntent:42 android.app.IntentService$ServiceHandler.handleMessage:76 
06-16 22:02:23.545  1639  2027 I CommandQueue: updateBarBgColor
06-16 22:02:23.545  1639  2027 D CommandQueue: CommandQueue, setBarBackgroundColor
06-16 22:02:23.642  1296  2754 I chatty  : uid=1000(system) HwUsbHDBManager expire 1 line
06-16 22:02:23.653  1296  1424 I chatty  : uid=1000(system) android.anim expire 3 lines
06-16 22:02:25.781   687   687 W ContextImpl: Calling a method in the system process without a qualified user: android.app.ContextImpl.startService:1760 android.content.ContextWrapper.startService:664 android.content.ContextWrapper.startService:664 com.android.settings.deviceinfo.UsbReceiver.startUsbService:304 com.android.settings.deviceinfo.UsbReceiver.onUsbStateReceive:165 
06-16 22:02:25.795   687   687 W ContextImpl: Calling a method in the system process without a qualified user: android.app.ContextImpl.startService:1760 android.content.ContextWrapper.startService:664 android.content.ContextWrapper.startService:664 com.android.settings.deviceinfo.UsbReceiver.startUsbService:304 com.android.settings.deviceinfo.UsbReceiver.onUsbStateReceive:212 
06-16 22:02:26.442  1296  1296 I chatty  : uid=1000 system_server expire 4 lines
06-16 22:02:26.491  1296  1317 I chatty  : uid=1000(system) ActivityManager expire 3 lines
06-16 22:02:26.494  1296  1796 I chatty  : uid=1000(system) MultiTaskManage expire 3 lines
06-16 22:02:26.512  2249  2249 D ActivityThread: Attach thread to application
06-16 22:02:27.562   687   687 W ContextImpl: Calling a method in the system process without a qualified user: android.app.ContextImpl.startService:1760 android.content.ContextWrapper.startService:664 android.content.ContextWrapper.startService:664 com.android.settings.deviceinfo.UsbReceiver.startUsbService:304 com.android.settings.deviceinfo.UsbReceiver.onUsbStateReceive:165 
06-16 22:02:27.565   687   687 W ContextImpl: Calling a method in the system process without a qualified user: android.app.ContextImpl.startService:1760 android.content.ContextWrapper.startService:664 android.content.ContextWrapper.startService:664 com.android.settings.deviceinfo.UsbReceiver.startUsbService:304 com.android.settings.deviceinfo.UsbReceiver.onUsbStateReceive:212 
06-16 22:02:27.608   687   687 W ContextImpl: Calling a method in the system process without a qualified user: android.app.ContextImpl.startService:1760 android.content.ContextWrapper.startService:664 android.content.ContextWrapper.startService:664 com.android.settings.deviceinfo.UsbReceiver.startUsbService:304 com.android.settings.deviceinfo.UsbReceiver.onUsbStateReceive:165 
06-16 22:02:27.612   687   687 W ContextImpl: Calling a method in the system process without a qualified user: android.app.ContextImpl.startService:1760 android.content.ContextWrapper.startService:664 android.content.ContextWrapper.startService:664 com.android.settings.deviceinfo.UsbReceiver.startUsbService:304 com.android.settings.deviceinfo.UsbReceiver.onUsbStateReceive:212 
06-16 22:02:28.131  1296  1306 I chatty  : uid=1000(system) Binder:1296_1 expire 11 lines
06-16 22:02:29.158  2749  2749 D ActivityThread: Attach thread to application
06-16 22:02:30.666  2901  2901 D ActivityThread: Attach thread to application
06-16 22:02:30.836  1296  7268 I chatty  : uid=1000(system) Binder:1296_15 expire 7 lines
06-16 22:02:30.915  1296 10355 I chatty  : uid=1000(system) Binder:1296_1D expire 4 lines
06-16 22:02:30.924  1296  2129 I chatty  : uid=1000(system) Binder:1296_9 expire 32 lines
06-16 22:02:30.942  1296  7295 I chatty  : uid=1000(system) Binder:1296_16 expire 6 lines
06-16 22:02:31.002  1296  9254 I chatty  : uid=1000(system) Binder:1296_1C expire 4 lines
06-16 22:02:31.005  1296  1314 I chatty  : uid=1000(system) ActivityManager expire 44 lines
06-16 22:02:31.049  1296  1317 I chatty  : uid=1000(system) ActivityManager expire 4 lines
06-16 22:02:31.054  1296  1796 I chatty  : uid=1000(system) MultiTaskManage expire 4 lines
06-16 22:02:31.066  2956  2956 D ActivityThread: Attach thread to application
06-16 22:02:31.480  1296  1306 I chatty  : uid=1000(system) Binder:1296_1 expire 12 lines
06-16 22:02:32.001  1296  2326 I chatty  : uid=1000(system) Binder:1296_10 expire 36 lines
06-16 22:02:32.161  3073  3073 D ActivityThread: Attach thread to application
06-16 22:02:33.014  1296  1480 I chatty  : uid=1000(system) ConnectivitySer expire 8 lines
06-16 22:02:33.426  1593  2236 D FaceRecognizeService: release result val = 0 package = com.android.systemui
06-16 22:02:35.120  1296  1867 I chatty  : uid=1000(system) Binder:1296_7 expire 1 line
06-16 22:02:37.641  1296 32590 I chatty  : uid=1000 system_server expire 10 lines
06-16 22:02:37.661  1296  1524 I chatty  : uid=1000(system) iaware.clean expire 19 lines
06-16 22:02:37.672  1593  2030 I BoosterSwitchP: notifyUidState do nothing
06-16 22:02:37.672  1593  2030 I DeepNoDisturbP: notifyUidState
06-16 22:02:37.672  1593  2030 I HidataAppQoeP: notifyUidState
06-16 22:02:37.672  1593  2030 I BrowserChrP: notifyUidState
06-16 22:02:37.710  1593  2030 I BoosterSwitchP: notifyUidState do nothing
06-16 22:02:37.710  1593  2030 I DeepNoDisturbP: notifyUidState
06-16 22:02:37.710  1593  2030 I HidataAppQoeP: notifyUidState
06-16 22:02:37.710  1593  2030 I BrowserChrP: notifyUidState
06-16 22:02:37.810  1296  1325 I chatty  : uid=1000(system) android.display expire 2 lines
06-16 22:02:37.819  1296  1315 I chatty  : uid=1000(system) android.ui expire 7 lines
06-16 22:02:37.820  1593  1606 I BoosterSwitchP: notifyUidState do nothing
06-16 22:02:37.820  1593  1606 I DeepNoDisturbP: notifyUidState
06-16 22:02:37.820  1593  1606 I HidataAppQoeP: notifyUidState
06-16 22:02:37.820  1593  1606 I BrowserChrP: notifyUidState
06-16 22:02:37.821  1593  1606 I BoosterSwitchP: notifyUidState do nothing
06-16 22:02:37.821  1593  1606 I DeepNoDisturbP: notifyUidState
06-16 22:02:37.821  1593  1606 I HidataAppQoeP: notifyUidState
06-16 22:02:37.821  1593  1606 I BrowserChrP: notifyUidState
06-16 22:02:37.825  1593  2236 I BoosterSwitchP: notifyUidState do nothing
06-16 22:02:37.825  1593  2236 I DeepNoDisturbP: notifyUidState
06-16 22:02:37.825  1593  2236 I HidataAppQoeP: notifyUidState
06-16 22:02:37.825  1593  2236 I BrowserChrP: notifyUidState
06-16 22:02:37.825  1593  2236 I BoosterSwitchP: notifyUidState do nothing
06-16 22:02:37.825  1593  2236 I DeepNoDisturbP: notifyUidState
06-16 22:02:37.825  1593  2236 I HidataAppQoeP: notifyUidState
06-16 22:02:37.825  1593  2236 I BrowserChrP: notifyUidState
06-16 22:02:37.826  1593  2236 I BoosterSwitchP: notifyUidState do nothing
06-16 22:02:37.826  1593  2236 I DeepNoDisturbP: notifyUidState
06-16 22:02:37.826  1593  2236 I HidataAppQoeP: notifyUidState
06-16 22:02:37.826  1593  2236 I BrowserChrP: notifyUidState
06-16 22:02:37.828  1593 26799 I BoosterSwitchP: notifyUidState do nothing
06-16 22:02:37.828  1593 26799 I DeepNoDisturbP: notifyUidState
06-16 22:02:37.828  1593 26799 I HidataAppQoeP: notifyUidState
06-16 22:02:37.828  1593 26799 I BrowserChrP: notifyUidState
06-16 22:02:37.829  1593 26799 I BoosterSwitchP: notifyUidState do nothing
06-16 22:02:37.829  1593 26799 I DeepNoDisturbP: notifyUidState
06-16 22:02:37.829  1593 26799 I HidataAppQoeP: notifyUidState
06-16 22:02:37.829  1593 26799 I BrowserChrP: notifyUidState
06-16 22:02:37.845  1296  1296 I chatty  : uid=1000 system_server expire 3 lines
06-16 22:02:37.866  1296  2227 I chatty  : uid=1000(system) Binder:1296_B expire 6 lines
06-16 22:02:37.866  1296  3111 I chatty  : uid=1000(system) Binder:1296_13 expire 1 line
06-16 22:02:37.891  1296  7939 I chatty  : uid=1000(system) Binder:1296_19 expire 12 lines
06-16 22:02:37.898  1296 14783 I chatty  : uid=1000(system) Binder:1296_20 expire 12 lines
06-16 22:02:38.110  3194  3194 D ActivityThread: Attach thread to application
06-16 22:02:38.167  1296  1495 I chatty  : uid=1000(system) Thread-41 expire 9 lines
06-16 22:02:38.850  3194  3271 D ActivityThread: Loading provider com.ss.android.article.news.pm.PPMP: com.bytedance.frameworks.plugin.pm.PluginPackageManagerProvider
06-16 22:02:38.871  3194  3267 D ActivityThread: Loading provider com.ss.android.common.multiprocess.SHARE_PROVIDER_AUTHORITY143: com.ss.android.common.util.MultiProcessSharedProvider
06-16 22:02:38.903  3194  3299 D ActivityThread: Loading provider com.ss.android.article.news.monitor: com.bytedance.frameworks.core.monitor.MonitorContentProvider
06-16 22:02:39.334  1593  2236 I BoosterSwitchP: notifyUidState do nothing
06-16 22:02:39.334  1593  2236 I DeepNoDisturbP: notifyUidState
06-16 22:02:39.334  1593  2236 I HidataAppQoeP: notifyUidState
06-16 22:02:39.334  1593  2236 I BrowserChrP: notifyUidState
06-16 22:02:39.396  3451  3451 D ActivityThread: Attach thread to application
06-16 22:02:39.716  1296  7939 D ConnectivityService: listenForNetwork for uid/pid:1001/3451 NetworkRequest [ LISTEN id=448, [ Capabilities: INTERNET&NOT_RESTRICTED&TRUSTED&NOT_VPN Uid: 1001] ]
06-16 22:02:39.718  1296  1480 D ConnectivityService: rematching NetworkAgentInfo [WIFI () - 124]
06-16 22:02:39.718  1296  1480 D ConnectivityService:  network has: [ Transports: WIFI Capabilities: NOT_METERED&INTERNET&NOT_RESTRICTED&TRUSTED&NOT_VPN&VALIDATED&NOT_ROAMING&FOREGROUND&NOT_CONGESTED&NOT_SUSPENDED LinkUpBandwidth>=1048576Kbps LinkDnBandwidth>=1048576Kbps SignalStrength: -45 SSID: "TP-LINK-CF"]
06-16 22:02:39.718  1296  1480 D ConnectivityService: Network NetworkAgentInfo [WIFI () - 124] was already satisfying request 10. No change.
06-16 22:02:39.718  1296  1480 D ConnectivityService: Network NetworkAgentInfo [WIFI () - 124] was already satisfying request 174. No change.
06-16 22:02:39.718  1296  1480 D ConnectivityService: Network NetworkAgentInfo [WIFI () - 124] was already satisfying request 5. No change.
06-16 22:02:39.718  1296  1480 D ConnectivityService: Network NetworkAgentInfo [WIFI () - 124] was already satisfying request 135. No change.
06-16 22:02:39.718  1296  1480 D ConnectivityService: Network NetworkAgentInfo [WIFI () - 124] was already satisfying request 16. No change.
06-16 22:02:39.718  1296  1480 D ConnectivityService: Network NetworkAgentInfo [WIFI () - 124] was already satisfying request 8. No change.
06-16 22:02:39.718  1296  1480 D ConnectivityService: Network NetworkAgentInfo [WIFI () - 124] was already satisfying request 1. No change.
06-16 22:02:39.835  1296  1495 I HwAudioServiceEx: check HiRes Icon false
06-16 22:02:40.781   711   771 I storaged: storaged_t::event: storage_info refreshed.
06-16 22:02:41.586  1296  2129 I AlarmManager: adjustDeliveryTimeBasedOnStandbyBucketLocked alarm:Alarm{ef7cafc type 1 when 5000 PendingIntent{3ac0fef: PendingIntentRecord{a426585 com.huawei.hiai broadcastIntent}}com.huawei.hiai}, standbyBucket:40, minElapsed:93600536
06-16 22:02:41.587  1296  2129 I AlarmManager: adjustDeliveryTimeBasedOnStandbyBucketLocked alarm:Alarm{126564a type 2 when 89060961 PendingIntent{8ba4a8e: PendingIntentRecord{8c2f71c com.UCMobile startService}}com.UCMobile}, standbyBucket:40, minElapsed:93754348
06-16 22:02:41.588  1296  2129 I AlarmManager: adjustDeliveryTimeBasedOnStandbyBucketLocked alarm:Alarm{2d979bb type 0 when 1560687371655 PendingIntent{df4454c: PendingIntentRecord{24b427b com.UCMobile startService}}com.UCMobile}, standbyBucket:40, minElapsed:93754348
06-16 22:02:41.588  1296  2129 I AlarmManager: adjustDeliveryTimeBasedOnStandbyBucketLocked alarm:Alarm{5d152d2 type 3 when 87320417 PendingIntent{1c86fa3: PendingIntentRecord{f6d62a0 com.huawei.hiaction startService}}com.huawei.hiaction}, standbyBucket:40, minElapsed:93941254
06-16 22:02:41.589  1296  2129 I AlarmManager: adjustDeliveryTimeBasedOnStandbyBucketLocked alarm:Alarm{2ac597 type 1 when 1560695558872 PendingIntent{4345384: PendingIntentRecord{84db5f2 com.ss.android.article.news broadcastIntent}}com.ss.android.article.news}, standbyBucket:40, minElapsed:99551650
06-16 22:02:41.589  1296  2129 I AlarmManager: adjustDeliveryTimeBasedOnStandbyBucketLocked alarm:Alarm{97d1d95 type 2 when 94125951 PendingIntent{3d12f11: PendingIntentRecord{ae6ce87 com.ss.android.article.news startService}}com.ss.android.article.news}, standbyBucket:40, minElapsed:99551650
06-16 22:02:41.590  1296  2129 I AlarmManager: adjustDeliveryTimeBasedOnStandbyBucketLocked alarm:Alarm{4ede1df type 2 when 93526758 PendingIntent{e52fdb3: PendingIntentRecord{e14bf70 com.wudaokou.hippo startService}}com.wudaokou.hippo}, standbyBucket:40, minElapsed:100706862
06-16 22:02:41.590  1296  2129 I AlarmManager: adjustDeliveryTimeBasedOnStandbyBucketLocked alarm:Alarm{60c2dd7 type 2 when 95682134 PendingIntent{f31f653: PendingIntentRecord{8855b90 com.autonavi.minimap startService}}com.autonavi.minimap}, standbyBucket:40, minElapsed:100706906
06-16 22:02:41.591  1296  2129 D SmartHeartBeat: isPendingPackage, false, pkg:com.android.deskclock, action:com.android.deskclock.ALARM_ALERT,not pending alarm with AlarmClockInfo
06-16 22:02:41.708  1296  7939 W HwAlarmManagerService: isContainsAppUidInWorksource-->happend NameNotFoundException
06-16 22:02:41.708  1296  7939 W HwAlarmManagerService: isContainsAppUidInWorksource-->happend NameNotFoundException
06-16 22:02:41.796  1296  7939 I AlarmManager: adjustDeliveryTimeBasedOnStandbyBucketLocked alarm:Alarm{ef7cafc type 1 when 5000 PendingIntent{3ac0fef: PendingIntentRecord{a426585 com.huawei.hiai broadcastIntent}}com.huawei.hiai}, standbyBucket:40, minElapsed:93600536
06-16 22:02:41.797  1296  7939 I AlarmManager: adjustDeliveryTimeBasedOnStandbyBucketLocked alarm:Alarm{2d979bb type 0 when 1560687371655 PendingIntent{df4454c: PendingIntentRecord{24b427b com.UCMobile startService}}com.UCMobile}, standbyBucket:40, minElapsed:93754348
06-16 22:02:41.798  1296  7939 I AlarmManager: adjustDeliveryTimeBasedOnStandbyBucketLocked alarm:Alarm{126564a type 2 when 89060961 PendingIntent{8ba4a8e: PendingIntentRecord{8c2f71c com.UCMobile startService}}com.UCMobile}, standbyBucket:40, minElapsed:93754348
06-16 22:02:41.799  1296  7939 I AlarmManager: adjustDeliveryTimeBasedOnStandbyBucketLocked alarm:Alarm{5d152d2 type 3 when 87320417 PendingIntent{1c86fa3: PendingIntentRecord{f6d62a0 com.huawei.hiaction startService}}com.huawei.hiaction}, standbyBucket:40, minElapsed:93941254
06-16 22:02:41.800  1296  7939 I AlarmManager: adjustDeliveryTimeBasedOnStandbyBucketLocked alarm:Alarm{97d1d95 type 2 when 94125951 PendingIntent{3d12f11: PendingIntentRecord{ae6ce87 com.ss.android.article.news startService}}com.ss.android.article.news}, standbyBucket:40, minElapsed:99551650
06-16 22:02:41.801  1296  7939 I AlarmManager: adjustDeliveryTimeBasedOnStandbyBucketLocked alarm:Alarm{2ac597 type 1 when 1560695558872 PendingIntent{4345384: PendingIntentRecord{84db5f2 com.ss.android.article.news broadcastIntent}}com.ss.android.article.news}, standbyBucket:40, minElapsed:99551650
06-16 22:02:41.801  1296  7939 I AlarmManager: adjustDeliveryTimeBasedOnStandbyBucketLocked alarm:Alarm{4ede1df type 2 when 93526758 PendingIntent{e52fdb3: PendingIntentRecord{e14bf70 com.wudaokou.hippo startService}}com.wudaokou.hippo}, standbyBucket:40, minElapsed:100706862
06-16 22:02:41.802  1296  7939 I AlarmManager: adjustDeliveryTimeBasedOnStandbyBucketLocked alarm:Alarm{60c2dd7 type 2 when 95682134 PendingIntent{f31f653: PendingIntentRecord{8855b90 com.autonavi.minimap startService}}com.autonavi.minimap}, standbyBucket:40, minElapsed:100706906
06-16 22:02:41.802  1296  7939 D SmartHeartBeat: isPendingPackage, false, pkg:com.android.deskclock, action:com.android.deskclock.ALARM_ALERT,not pending alarm with AlarmClockInfo
06-16 22:02:41.862  1296  7939 W HwAlarmManagerService: isContainsAppUidInWorksource-->happend NameNotFoundException
06-16 22:02:41.863  1296  7939 W HwAlarmManagerService: isContainsAppUidInWorksource-->happend NameNotFoundException
06-16 22:02:41.882  1296  7939 V BroadcastQueue: Finished with ordered broadcast BroadcastRecord{e6b6157 u0 com.google.android.gms.gcm.ACTION_SCHEDULE}
06-16 22:02:42.048  1296  7939 I AlarmManager: adjustDeliveryTimeBasedOnStandbyBucketLocked alarm:Alarm{ef7cafc type 1 when 5000 PendingIntent{3ac0fef: PendingIntentRecord{a426585 com.huawei.hiai broadcastIntent}}com.huawei.hiai}, standbyBucket:40, minElapsed:93600536
06-16 22:02:42.048  1296  7939 I AlarmManager: adjustDeliveryTimeBasedOnStandbyBucketLocked alarm:Alarm{126564a type 2 when 89060961 PendingIntent{8ba4a8e: PendingIntentRecord{8c2f71c com.UCMobile startService}}com.UCMobile}, standbyBucket:40, minElapsed:93754348
06-16 22:02:42.048  1296  7939 I AlarmManager: adjustDeliveryTimeBasedOnStandbyBucketLocked alarm:Alarm{2d979bb type 0 when 1560687371655 PendingIntent{df4454c: PendingIntentRecord{24b427b com.UCMobile startService}}com.UCMobile}, standbyBucket:40, minElapsed:93754348
06-16 22:02:42.049  1296  7939 I AlarmManager: adjustDeliveryTimeBasedOnStandbyBucketLocked alarm:Alarm{5d152d2 type 3 when 87320417 PendingIntent{1c86fa3: PendingIntentRecord{f6d62a0 com.huawei.hiaction startService}}com.huawei.hiaction}, standbyBucket:40, minElapsed:93941254
06-16 22:02:42.049  1296  7939 I AlarmManager: adjustDeliveryTimeBasedOnStandbyBucketLocked alarm:Alarm{2ac597 type 1 when 1560695558872 PendingIntent{4345384: PendingIntentRecord{84db5f2 com.ss.android.article.news broadcastIntent}}com.ss.android.article.news}, standbyBucket:40, minElapsed:99551650
06-16 22:02:42.050  1296  7939 I AlarmManager: adjustDeliveryTimeBasedOnStandbyBucketLocked alarm:Alarm{97d1d95 type 2 when 94125951 PendingIntent{3d12f11: PendingIntentRecord{ae6ce87 com.ss.android.article.news startService}}com.ss.android.article.news}, standbyBucket:40, minElapsed:99551650
06-16 22:02:42.051  1296  7939 I AlarmManager: adjustDeliveryTimeBasedOnStandbyBucketLocked alarm:Alarm{4ede1df type 2 when 93526758 PendingIntent{e52fdb3: PendingIntentRecord{e14bf70 com.wudaokou.hippo startService}}com.wudaokou.hippo}, standbyBucket:40, minElapsed:100706862
06-16 22:02:42.051  1296  7939 I AlarmManager: adjustDeliveryTimeBasedOnStandbyBucketLocked alarm:Alarm{60c2dd7 type 2 when 95682134 PendingIntent{f31f653: PendingIntentRecord{8855b90 com.autonavi.minimap startService}}com.autonavi.minimap}, standbyBucket:40, minElapsed:100706906
06-16 22:02:42.051  1296  7939 D SmartHeartBeat: isPendingPackage, false, pkg:com.android.deskclock, action:com.android.deskclock.ALARM_ALERT,not pending alarm with AlarmClockInfo
06-16 22:02:42.119  1296  2227 W HwAlarmManagerService: isContainsAppUidInWorksource-->happend NameNotFoundException
06-16 22:02:42.119  1296  2227 W HwAlarmManagerService: isContainsAppUidInWorksource-->happend NameNotFoundException
06-16 22:02:42.203  1296  7939 D ConnectivityService: Network is BLOCKED, uid = 10136
06-16 22:02:42.211  1296  7939 D ConnectivityService: Network is BLOCKED, uid = 10136
06-16 22:02:42.212  1296  7939 D ConnectivityService: listenForNetwork for uid/pid:10136/3194 NetworkRequest [ LISTEN id=449, [ Capabilities: INTERNET&NOT_RESTRICTED&TRUSTED Uid: 10136] ]
06-16 22:02:42.212  1296  1480 D ConnectivityService: rematching NetworkAgentInfo [WIFI () - 124]
06-16 22:02:42.212  1296  1480 D ConnectivityService:  network has: [ Transports: WIFI Capabilities: NOT_METERED&INTERNET&NOT_RESTRICTED&TRUSTED&NOT_VPN&VALIDATED&NOT_ROAMING&FOREGROUND&NOT_CONGESTED&NOT_SUSPENDED LinkUpBandwidth>=1048576Kbps LinkDnBandwidth>=1048576Kbps SignalStrength: -45 SSID: "TP-LINK-CF"]
06-16 22:02:42.212  1296  1480 D ConnectivityService: Network NetworkAgentInfo [WIFI () - 124] was already satisfying request 10. No change.
06-16 22:02:42.212  1296  1480 D ConnectivityService: Network NetworkAgentInfo [WIFI () - 124] was already satisfying request 174. No change.
06-16 22:02:42.212  1296  1480 D ConnectivityService: Network NetworkAgentInfo [WIFI () - 124] was already satisfying request 5. No change.
06-16 22:02:42.212  1296  1480 D ConnectivityService: Network NetworkAgentInfo [WIFI () - 124] was already satisfying request 135. No change.
06-16 22:02:42.212  1296  1480 D ConnectivityService: Network NetworkAgentInfo [WIFI () - 124] was already satisfying request 16. No change.
06-16 22:02:42.212  1296  1480 D ConnectivityService: Network NetworkAgentInfo [WIFI () - 124] was already satisfying request 8. No change.
06-16 22:02:42.213  1296  7939 D ConnectivityService: Network is BLOCKED, uid = 10136
06-16 22:02:42.213  1296  1480 D ConnectivityService: Network NetworkAgentInfo [WIFI () - 124] was already satisfying request 1. No change.
06-16 22:02:42.213  1296  7939 D ConnectivityService: Network is BLOCKED, uid = 10136
06-16 22:02:42.214  1296  7939 I chatty  : uid=1000(system) Binder:1296_19 identical 1 line
06-16 22:02:42.216  1296  7939 D ConnectivityService: Network is BLOCKED, uid = 10136
06-16 22:02:42.216  1296  2227 D ConnectivityService: Network is BLOCKED, uid = 10136
06-16 22:02:42.226  1296  7939 D ConnectivityService: Network is BLOCKED, uid = 10136
06-16 22:02:42.227  1296  7939 I chatty  : uid=1000(system) Binder:1296_19 identical 1 line
06-16 22:02:42.228  1296  7939 D ConnectivityService: Network is BLOCKED, uid = 10136
06-16 22:02:42.241  1296  7939 D ConnectivityService: ActiveNetwork is blocked, uid = 10136, ignoreBlocked = false
06-16 22:02:42.266  1296  7939 I AlarmManager: adjustDeliveryTimeBasedOnStandbyBucketLocked alarm:Alarm{ef7cafc type 1 when 5000 PendingIntent{3ac0fef: PendingIntentRecord{a426585 com.huawei.hiai broadcastIntent}}com.huawei.hiai}, standbyBucket:40, minElapsed:93600536
06-16 22:02:42.266  1296  7939 I AlarmManager: adjustDeliveryTimeBasedOnStandbyBucketLocked alarm:Alarm{2d979bb type 0 when 1560687371655 PendingIntent{df4454c: PendingIntentRecord{24b427b com.UCMobile startService}}com.UCMobile}, standbyBucket:40, minElapsed:93754348
06-16 22:02:42.266  1296  7939 I AlarmManager: adjustDeliveryTimeBasedOnStandbyBucketLocked alarm:Alarm{126564a type 2 when 89060961 PendingIntent{8ba4a8e: PendingIntentRecord{8c2f71c com.UCMobile startService}}com.UCMobile}, standbyBucket:40, minElapsed:93754348
06-16 22:02:42.266  1296  7939 I AlarmManager: adjustDeliveryTimeBasedOnStandbyBucketLocked alarm:Alarm{5d152d2 type 3 when 87320417 PendingIntent{1c86fa3: PendingIntentRecord{f6d62a0 com.huawei.hiaction startService}}com.huawei.hiaction}, standbyBucket:40, minElapsed:93941254
06-16 22:02:42.267  1296  7939 I AlarmManager: adjustDeliveryTimeBasedOnStandbyBucketLocked alarm:Alarm{97d1d95 type 2 when 94125951 PendingIntent{3d12f11: PendingIntentRecord{ae6ce87 com.ss.android.article.news startService}}com.ss.android.article.news}, standbyBucket:40, minElapsed:99551650
06-16 22:02:42.267  1296  7939 I AlarmManager: adjustDeliveryTimeBasedOnStandbyBucketLocked alarm:Alarm{2ac597 type 1 when 1560695558872 PendingIntent{4345384: PendingIntentRecord{84db5f2 com.ss.android.article.news broadcastIntent}}com.ss.android.article.news}, standbyBucket:40, minElapsed:99551650
06-16 22:02:42.268  1296  7939 I AlarmManager: adjustDeliveryTimeBasedOnStandbyBucketLocked alarm:Alarm{4ede1df type 2 when 93526758 PendingIntent{e52fdb3: PendingIntentRecord{e14bf70 com.wudaokou.hippo startService}}com.wudaokou.hippo}, standbyBucket:40, minElapsed:100706862
06-16 22:02:42.268  1296  7939 I AlarmManager: adjustDeliveryTimeBasedOnStandbyBucketLocked alarm:Alarm{60c2dd7 type 2 when 95682134 PendingIntent{f31f653: PendingIntentRecord{8855b90 com.autonavi.minimap startService}}com.autonavi.minimap}, standbyBucket:40, minElapsed:100706906
06-16 22:02:42.268  1296  7939 D SmartHeartBeat: isPendingPackage, false, pkg:com.android.deskclock, action:com.android.deskclock.ALARM_ALERT,not pending alarm with AlarmClockInfo
06-16 22:02:42.285  1296  2227 W HwAlarmManagerService: isContainsAppUidInWorksource-->happend NameNotFoundException
06-16 22:02:42.285  1296  2227 W HwAlarmManagerService: isContainsAppUidInWorksource-->happend NameNotFoundException
06-16 22:02:42.370  1296  7939 D ConnectivityService: Network is BLOCKED, uid = 10136
06-16 22:02:42.386  1296  7939 I chatty  : uid=1000(system) Binder:1296_19 identical 1 line
06-16 22:02:42.388  1296  7939 D ConnectivityService: Network is BLOCKED, uid = 10136
06-16 22:02:42.396  1296  2129 D ConnectivityService: Network is BLOCKED, uid = 10136
06-16 22:02:42.410  1296  2129 I chatty  : uid=1000(system) Binder:1296_9 identical 25 lines
06-16 22:02:42.411  1296  2129 D ConnectivityService: Network is BLOCKED, uid = 10136
06-16 22:02:42.436  1296  2129 I AlarmManager: adjustDeliveryTimeBasedOnStandbyBucketLocked alarm:Alarm{ef7cafc type 1 when 5000 PendingIntent{3ac0fef: PendingIntentRecord{a426585 com.huawei.hiai broadcastIntent}}com.huawei.hiai}, standbyBucket:40, minElapsed:93600536
06-16 22:02:42.437  1296  2129 I AlarmManager: adjustDeliveryTimeBasedOnStandbyBucketLocked alarm:Alarm{126564a type 2 when 89060961 PendingIntent{8ba4a8e: PendingIntentRecord{8c2f71c com.UCMobile startService}}com.UCMobile}, standbyBucket:40, minElapsed:93754348
06-16 22:02:42.437  1296  2129 I AlarmManager: adjustDeliveryTimeBasedOnStandbyBucketLocked alarm:Alarm{2d979bb type 0 when 1560687371655 PendingIntent{df4454c: PendingIntentRecord{24b427b com.UCMobile startService}}com.UCMobile}, standbyBucket:40, minElapsed:93754348
06-16 22:02:42.437  1296  2129 I AlarmManager: adjustDeliveryTimeBasedOnStandbyBucketLocked alarm:Alarm{5d152d2 type 3 when 87320417 PendingIntent{1c86fa3: PendingIntentRecord{f6d62a0 com.huawei.hiaction startService}}com.huawei.hiaction}, standbyBucket:40, minElapsed:93941254
06-16 22:02:42.438  1296  2129 I AlarmManager: adjustDeliveryTimeBasedOnStandbyBucketLocked alarm:Alarm{2ac597 type 1 when 1560695558872 PendingIntent{4345384: PendingIntentRecord{84db5f2 com.ss.android.article.news broadcastIntent}}com.ss.android.article.news}, standbyBucket:40, minElapsed:99551650
06-16 22:02:42.438  1296  2129 I AlarmManager: adjustDeliveryTimeBasedOnStandbyBucketLocked alarm:Alarm{97d1d95 type 2 when 94125951 PendingIntent{3d12f11: PendingIntentRecord{ae6ce87 com.ss.android.article.news startService}}com.ss.android.article.news}, standbyBucket:40, minElapsed:99551650
06-16 22:02:42.438  1296  2129 I AlarmManager: adjustDeliveryTimeBasedOnStandbyBucketLocked alarm:Alarm{4ede1df type 2 when 93526758 PendingIntent{e52fdb3: PendingIntentRecord{e14bf70 com.wudaokou.hippo startService}}com.wudaokou.hippo}, standbyBucket:40, minElapsed:100706862
06-16 22:02:42.438  1296  2129 I AlarmManager: adjustDeliveryTimeBasedOnStandbyBucketLocked alarm:Alarm{60c2dd7 type 2 when 95682134 PendingIntent{f31f653: PendingIntentRecord{8855b90 com.autonavi.minimap startService}}com.autonavi.minimap}, standbyBucket:40, minElapsed:100706906
06-16 22:02:42.439  1296  2129 D SmartHeartBeat: isPendingPackage, false, pkg:com.android.deskclock, action:com.android.deskclock.ALARM_ALERT,not pending alarm with AlarmClockInfo
06-16 22:02:42.483  1296  2227 W HwAlarmManagerService: isContainsAppUidInWorksource-->happend NameNotFoundException
06-16 22:02:42.483  1296  2227 W HwAlarmManagerService: isContainsAppUidInWorksource-->happend NameNotFoundException
06-16 22:02:42.516   568   645 W SocketListener: sending broadcast to Pid = 1296, Uid = 1000 
06-16 22:02:42.519  1296  1467 D NetdConnector: RCV <- {661 ReportType 0 0 0 0 0 0 0 0 0 0 0 0 0 0 0 0 0 0 0 0 0 0 0 0 0 0 0 0 0 0 0 0 0 0 0 0 0 0 0 0 0 0 0 0 0 0 0 0 0 0 0 0 0 0 0 0 0 0 0 0 0 0 0 0 0 0 0 0 0 0 0 0 0 0 0 0 0 0 0 0 0 0 0 0 0 0 0 0 0 0 0 0 0 0 0 0 0 0 0 0 0 0 0 0 0 0 0 0 0 0 0 0 0 0 0 0 0 0 0 0 0 0 0 0 0 0 0 0 0 0 0 0 0 0 0 0 0 0 0 0 0 0 0 0 0 0 0 0 0 0 0 0 0 0 0 0 0 0 0 0 0 0 0 0 0 0 0 0 0 0 0 0 0 0 0 0 0 0 0 0 0 0 0 0 0 0 0 0 0 0 0 0 0 0 0 0 0 0 0 0 0 0 0 0 0 0 0 0 0 0 0 0 0 0 0 0 0 0 0 0 0 0 0 0 0 0 0 0 0 ReportType 0 2451 4516 28 0 0 28 52 25 2 0 0 0 1 43 6 3 0 0 30 0 0 0 0 0 0 0 0 0 0 0 0 0 0 0 0 0 0 0 0 0 0 0 0 0 0 0 0 0 0 0 0 0 0 0 0 0 0 0 0 713 584 6 0 0 6 15 7 6 0 0 0 0 0 13 1 1 0 0 0 0 0 0 0 0 0 0 0 0 0 0 0 0 0 0 0 0 0 0 0 0 0 0 0 0 0 0 0 0 0 0 0 0 0 0 0 0 96 0 0 0 0 0 2 0 0 0 0 0 0 0 1 1 0 0 0 0 0 0 0 0 0 0 0 0 0 0 0 0 0 0 0 0 0 0 0 0 0 0 0 0 0 0 0 0 0 0 0 0 0 0 0 0 0 92 0 0 0 0 0 2 0 0 0 0 0 0 0 2 0 0 0 0 0 0 0 0 0 0 0 0 0 0 0 0 0 0 0 0 0 0 0 150 4 51 1144 12 104 0 0 0 0 0 0 0 0 2588 152 29}
06-16 22:02:42.520  1296  1467 D NetdConnector: RCV <- {661 ReportType 0 0 0 0 0 0 0 0 0 0 0 0 0 0 0 0 0 0 0 0 0 0 0 0 0 0 0 0 0 0 0 0 0 0 0 0 0 0 0 0 0 0 0 0 0 0 0 0 0 0 0 0 0 0 0 0 0 0 0 0 0 0 0 0 0 0 0 0 0 0 0 0 0 0 0 0 0 0 0 0 0 0 0 0 0 0 0 0 0 0 0 0 0 0 0 0 0 0 0 0 0 0 0 0 0 0 0 0 0 0 0 0 0 0 0 0 0 0 0 0 0 0 0 0 0 0 0 0 0 0 0 0 0 0 0 0 0 0 0 0 0 0 0 0 0 0 0 0 0 0 0 0 0 0 0 0 0 0 0 0 0 0 0 0 0 0 0 0 0 0 0 0 0 0 0 0 0 0 0 0 0 0 0 0 0 0 0 0 0 0 0 0 0 0 0 0 0 0 0 0 0 0 0 0 0 0 0 0 0 0 0 0 0 0 0 0 0 0 0 0 0 0 0 0 0 0 0 0 0 ReportType 0 2451 4516 28 0 0 28 52 25 2 0 0 0 1 43 6 3 0 0 30 0 0 0 0 0 0 0 0 0 0 0 0 0 0 0 0 0 0 0 0 0 0 0 0 0 0 0 0 0 0 0 0 0 0 0 0 0 0 0 0 713 584 6 0 0 6 15 7 6 0 0 0 0 0 13 1 1 0 0 0 0 0 0 0 0 0 0 0 0 0 0 0 0 0 0 0 0 0 0 0 0 0 0 0 0 0 0 0 0 0 0 0 0 0 0 0 0 96 0 0 0 0 0 2 0 0 0 0 0 0 0 1 1 0 0 0 0 0 0 0 0 0 0 0 0 0 0 0 0 0 0 0 0 0 0 0 0 0 0 0 0 0 0 0 0 0 0 0 0 0 0 0 0 0 92 0 0 0 0 0 2 0 0 0 0 0 0 0 2 0 0 0 0 0 0 0 0 0 0 0 0 0 0 0 0 0 0 0 0 0 0 0 150 4 51 1144 12 104 0 0 0 0 0 0 0 0 2588 152 29}
06-16 22:02:42.521  1296  1323 D NetdConnector: RCV unsolicited event from native daemon, event = 661
06-16 22:02:42.527  1296  1323 D HwNetworkManagementService: onEvent receive Web Stat Report:661 ReportType 0 0 0 0 0 0 0 0 0 0 0 0 0 0 0 0 0 0 0 0 0 0 0 0 0 0 0 0 0 0 0 0 0 0 0 0 0 0 0 0 0 0 0 0 0 0 0 0 0 0 0 0 0 0 0 0 0 0 0 0 0 0 0 0 0 0 0 0 0 0 0 0 0 0 0 0 0 0 0 0 0 0 0 0 0 0 0 0 0 0 0 0 0 0 0 0 0 0 0 0 0 0 0 0 0 0 0 0 0 0 0 0 0 0 0 0 0 0 0 0 0 0 0 0 0 0 0 0 0 0 0 0 0 0 0 0 0 0 0 0 0 0 0 0 0 0 0 0 0 0 0 0 0 0 0 0 0 0 0 0 0 0 0 0 0 0 0 0 0 0 0 0 0 0 0 0 0 0 0 0 0 0 0 0 0 0 0 0 0 0 0 0 0 0 0 0 0 0 0 0 0 0 0 0 0 0 0 0 0 0 0 0 0 0 0 0 0 0 0 0 0 0 0 0 0 0 0 0 0 ReportType 0 2451 4516 28 0 0 28 52 25 2 0 0 0 1 43 6 3 0 0 30 0 0 0 0 0 0 0 0 0 0 0 0 0 0 0 0 0 0 0 0 0 0 0 0 0 0 0 0 0 0 0 0 0 0 0 0 0 0 0 0 713 584 6 0 0 6 15 7 6 0 0 0 0 0 13 1 1 0 0 0 0 0 0 0 0 0 0 0 0 0 0 0 0 0 0 0 0 0 0 0 0 0 0 0 0 0 0 0 0 0 0 0 0 0 0 0 0 96 0 0 0 0 0 2 0 0 0 0 0 0 0 1 1 0 0 0 0 0 0 0 0 0 0 0 0 0 0 0 0 0 0 0 0 0 0 0 0 0 0 0 0 0 0 0 0 0 0 0 0 0 0 0 0 0 92 0 0 0 0 0 2 0 0 0 0 0 0 0 2 0 0 0 0 0 0 0 0 0 0 0 0 0 0 0 0 0 0 0 0 0 0 0 150 4 51 1144 12 104 0 0 0 0 0 0 0 0 2588 152 29
06-16 22:02:42.532  1296  1323 W ContextImpl: Calling a method in the system process without a qualified user: android.app.ContextImpl.sendBroadcast:1172 com.android.server.HwNetworkManagementService.sendWebStatMessage:1112 com.android.server.HwServiceFactoryImpl$HwNetworkManagementServiceImpl.sendWebStatMessage:737 com.android.server.NetworkManagementService$NetdCallbackReceiver.onEvent:1095 com.android.server.NativeDaemonConnector.handleMessage:176 
06-16 22:02:42.653  1296  1432 D HwBatteryService: onUEvent fcpStatus = 0,scpStatus =0,ovpStatus=0
06-16 22:02:42.657  1296  1432 I HwBatteryService: quick charge status : 0
06-16 22:02:42.658  1296  1432 I HwBatteryService: handleWirelessTxStatus
06-16 22:02:42.658  1296  1432 I HwBatteryService: switch not open, return, mWirelessTxFlag : 0
06-16 22:02:42.659  1296  1432 I UsbDeviceManager: water_intrused state= 0
06-16 22:02:42.689  1296  5041 I BatteryService: normal charge status : 1
06-16 22:02:42.734  1296  7117 I AlarmManager: adjustDeliveryTimeBasedOnStandbyBucketLocked alarm:Alarm{ef7cafc type 1 when 5000 PendingIntent{3ac0fef: PendingIntentRecord{a426585 com.huawei.hiai broadcastIntent}}com.huawei.hiai}, standbyBucket:40, minElapsed:93600536
06-16 22:02:42.735  1296  7117 I AlarmManager: adjustDeliveryTimeBasedOnStandbyBucketLocked alarm:Alarm{2d979bb type 0 when 1560687371655 PendingIntent{df4454c: PendingIntentRecord{24b427b com.UCMobile startService}}com.UCMobile}, standbyBucket:40, minElapsed:93754348
06-16 22:02:42.735  1296  7117 I AlarmManager: adjustDeliveryTimeBasedOnStandbyBucketLocked alarm:Alarm{126564a type 2 when 89060961 PendingIntent{8ba4a8e: PendingIntentRecord{8c2f71c com.UCMobile startService}}com.UCMobile}, standbyBucket:40, minElapsed:93754348
06-16 22:02:42.736  1296  7117 I AlarmManager: adjustDeliveryTimeBasedOnStandbyBucketLocked alarm:Alarm{5d152d2 type 3 when 87320417 PendingIntent{1c86fa3: PendingIntentRecord{f6d62a0 com.huawei.hiaction startService}}com.huawei.hiaction}, standbyBucket:40, minElapsed:93941254
06-16 22:02:42.738  1296  7117 I AlarmManager: adjustDeliveryTimeBasedOnStandbyBucketLocked alarm:Alarm{97d1d95 type 2 when 94125951 PendingIntent{3d12f11: PendingIntentRecord{ae6ce87 com.ss.android.article.news startService}}com.ss.android.article.news}, standbyBucket:40, minElapsed:99551650
06-16 22:02:42.739  1296  7117 I AlarmManager: adjustDeliveryTimeBasedOnStandbyBucketLocked alarm:Alarm{2ac597 type 1 when 1560695558872 PendingIntent{4345384: PendingIntentRecord{84db5f2 com.ss.android.article.news broadcastIntent}}com.ss.android.article.news}, standbyBucket:40, minElapsed:99551650
06-16 22:02:42.739  1296  7117 I AlarmManager: adjustDeliveryTimeBasedOnStandbyBucketLocked alarm:Alarm{4ede1df type 2 when 93526758 PendingIntent{e52fdb3: PendingIntentRecord{e14bf70 com.wudaokou.hippo startService}}com.wudaokou.hippo}, standbyBucket:40, minElapsed:100706862
06-16 22:02:42.740  1296  7117 I AlarmManager: adjustDeliveryTimeBasedOnStandbyBucketLocked alarm:Alarm{60c2dd7 type 2 when 95682134 PendingIntent{f31f653: PendingIntentRecord{8855b90 com.autonavi.minimap startService}}com.autonavi.minimap}, standbyBucket:40, minElapsed:100706906
06-16 22:02:42.740  1296  7117 D SmartHeartBeat: isPendingPackage, false, pkg:com.android.deskclock, action:com.android.deskclock.ALARM_ALERT,not pending alarm with AlarmClockInfo
06-16 22:02:42.784  1296  7866 W HwAlarmManagerService: isContainsAppUidInWorksource-->happend NameNotFoundException
06-16 22:02:42.786  1296  7866 W HwAlarmManagerService: isContainsAppUidInWorksource-->happend NameNotFoundException
06-16 22:02:42.924  1296  7117 I AlarmManager: adjustDeliveryTimeBasedOnStandbyBucketLocked alarm:Alarm{ef7cafc type 1 when 5000 PendingIntent{3ac0fef: PendingIntentRecord{a426585 com.huawei.hiai broadcastIntent}}com.huawei.hiai}, standbyBucket:40, minElapsed:93600536
06-16 22:02:42.925  1296  7117 I AlarmManager: adjustDeliveryTimeBasedOnStandbyBucketLocked alarm:Alarm{126564a type 2 when 89060961 PendingIntent{8ba4a8e: PendingIntentRecord{8c2f71c com.UCMobile startService}}com.UCMobile}, standbyBucket:40, minElapsed:93754348
06-16 22:02:42.925  1296  7117 I AlarmManager: adjustDeliveryTimeBasedOnStandbyBucketLocked alarm:Alarm{2d979bb type 0 when 1560687371655 PendingIntent{df4454c: PendingIntentRecord{24b427b com.UCMobile startService}}com.UCMobile}, standbyBucket:40, minElapsed:93754348
06-16 22:02:42.926  1296  7117 I AlarmManager: adjustDeliveryTimeBasedOnStandbyBucketLocked alarm:Alarm{5d152d2 type 3 when 87320417 PendingIntent{1c86fa3: PendingIntentRecord{f6d62a0 com.huawei.hiaction startService}}com.huawei.hiaction}, standbyBucket:40, minElapsed:93941254
06-16 22:02:42.926  1296  7117 I AlarmManager: adjustDeliveryTimeBasedOnStandbyBucketLocked alarm:Alarm{2ac597 type 1 when 1560695558872 PendingIntent{4345384: PendingIntentRecord{84db5f2 com.ss.android.article.news broadcastIntent}}com.ss.android.article.news}, standbyBucket:40, minElapsed:99551650
06-16 22:02:42.926  1296  7117 I AlarmManager: adjustDeliveryTimeBasedOnStandbyBucketLocked alarm:Alarm{97d1d95 type 2 when 94125951 PendingIntent{3d12f11: PendingIntentRecord{ae6ce87 com.ss.android.article.news startService}}com.ss.android.article.news}, standbyBucket:40, minElapsed:99551650
06-16 22:02:42.927  1296  7117 I AlarmManager: adjustDeliveryTimeBasedOnStandbyBucketLocked alarm:Alarm{4ede1df type 2 when 93526758 PendingIntent{e52fdb3: PendingIntentRecord{e14bf70 com.wudaokou.hippo startService}}com.wudaokou.hippo}, standbyBucket:40, minElapsed:100706862
06-16 22:02:42.928  1296  7117 I AlarmManager: adjustDeliveryTimeBasedOnStandbyBucketLocked alarm:Alarm{60c2dd7 type 2 when 95682134 PendingIntent{f31f653: PendingIntentRecord{8855b90 com.autonavi.minimap startService}}com.autonavi.minimap}, standbyBucket:40, minElapsed:100706906
06-16 22:02:42.928  1296  7117 D SmartHeartBeat: isPendingPackage, false, pkg:com.android.deskclock, action:com.android.deskclock.ALARM_ALERT,not pending alarm with AlarmClockInfo
06-16 22:02:42.982  1296  7866 W HwAlarmManagerService: isContainsAppUidInWorksource-->happend NameNotFoundException
06-16 22:02:42.982  1296  7866 W HwAlarmManagerService: isContainsAppUidInWorksource-->happend NameNotFoundException
06-16 22:02:43.265  1296  7866 V ActivityManager: startProcess: name=com.ss.android.article.news:push app=null knownToBeDead=true thread=null pid=-1
06-16 22:02:43.265  1296  7939 D ConnectivityService: Network is BLOCKED, uid = 10136
06-16 22:02:43.304  1296  1317 I ActivityManager: Start proc 3530:com.ss.android.article.news:push/u0a136 for service com.ss.android.article.news/com.bytedance.common.wschannel.server.WsChannelService
06-16 22:02:43.305  1296  1796 E ProcessInfoCollector: getProcessInfo: failed to find this proc 
06-16 22:02:43.331  3530  3530 D ActivityThread: Attach thread to application
06-16 22:02:43.445  1296  7295 I AlarmManager: adjustDeliveryTimeBasedOnStandbyBucketLocked alarm:Alarm{ef7cafc type 1 when 5000 PendingIntent{3ac0fef: PendingIntentRecord{a426585 com.huawei.hiai broadcastIntent}}com.huawei.hiai}, standbyBucket:40, minElapsed:93600536
06-16 22:02:43.446  1296  7295 I AlarmManager: adjustDeliveryTimeBasedOnStandbyBucketLocked alarm:Alarm{2d979bb type 0 when 1560687371655 PendingIntent{df4454c: PendingIntentRecord{24b427b com.UCMobile startService}}com.UCMobile}, standbyBucket:40, minElapsed:93754348
06-16 22:02:43.446  1296  7295 I AlarmManager: adjustDeliveryTimeBasedOnStandbyBucketLocked alarm:Alarm{126564a type 2 when 89060961 PendingIntent{8ba4a8e: PendingIntentRecord{8c2f71c com.UCMobile startService}}com.UCMobile}, standbyBucket:40, minElapsed:93754348
06-16 22:02:43.446  1296  7295 I AlarmManager: adjustDeliveryTimeBasedOnStandbyBucketLocked alarm:Alarm{5d152d2 type 3 when 87320417 PendingIntent{1c86fa3: PendingIntentRecord{f6d62a0 com.huawei.hiaction startService}}com.huawei.hiaction}, standbyBucket:40, minElapsed:93941254
06-16 22:02:43.450  1296  7295 I AlarmManager: adjustDeliveryTimeBasedOnStandbyBucketLocked alarm:Alarm{97d1d95 type 2 when 94125951 PendingIntent{3d12f11: PendingIntentRecord{ae6ce87 com.ss.android.article.news startService}}com.ss.android.article.news}, standbyBucket:40, minElapsed:99551650
06-16 22:02:43.450  1296  7295 I AlarmManager: adjustDeliveryTimeBasedOnStandbyBucketLocked alarm:Alarm{2ac597 type 1 when 1560695558872 PendingIntent{4345384: PendingIntentRecord{84db5f2 com.ss.android.article.news broadcastIntent}}com.ss.android.article.news}, standbyBucket:40, minElapsed:99551650
06-16 22:02:43.452  1296  7295 I AlarmManager: adjustDeliveryTimeBasedOnStandbyBucketLocked alarm:Alarm{4ede1df type 2 when 93526758 PendingIntent{e52fdb3: PendingIntentRecord{e14bf70 com.wudaokou.hippo startService}}com.wudaokou.hippo}, standbyBucket:40, minElapsed:100706862
06-16 22:02:43.452  1296  7295 I AlarmManager: adjustDeliveryTimeBasedOnStandbyBucketLocked alarm:Alarm{60c2dd7 type 2 when 95682134 PendingIntent{f31f653: PendingIntentRecord{8855b90 com.autonavi.minimap startService}}com.autonavi.minimap}, standbyBucket:40, minElapsed:100706906
06-16 22:02:43.453  1296  7295 D SmartHeartBeat: isPendingPackage, false, pkg:com.android.deskclock, action:com.android.deskclock.ALARM_ALERT,not pending alarm with AlarmClockInfo
06-16 22:02:43.475  1296  7295 W HwAlarmManagerService: isContainsAppUidInWorksource-->happend NameNotFoundException
06-16 22:02:43.475  1296  7295 W HwAlarmManagerService: isContainsAppUidInWorksource-->happend NameNotFoundException
06-16 22:02:43.524  1296  1319 I ActivityManager: App 10136/com.ss.android.article.news targets O+, restricted
06-16 22:02:43.524  1296  1319 W BroadcastQueue: Background execution not allowed: receiving Intent { act=com.bytedance.frameworks.plugin.ACTION_SEND_LOG_TO_MAIN_PROCESS flg=0x2010 (has extras) } to com.ss.android.article.news/com.bytedance.frameworks.plugin.receiver.MiraErrorLogReceiver
06-16 22:02:43.524  1296  1319 V BroadcastQueue: Finished with ordered broadcast BroadcastRecord{6345ef6 u0 com.bytedance.frameworks.plugin.ACTION_SEND_LOG_TO_MAIN_PROCESS}
06-16 22:02:43.572  1296  1319 I ActivityManager: App 10136/com.ss.android.article.news targets O+, restricted
06-16 22:02:43.572  1296  1319 W BroadcastQueue: Background execution not allowed: receiving Intent { act=com.bytedance.frameworks.plugin.ACTION_SEND_LOG_TO_MAIN_PROCESS flg=0x2010 (has extras) } to com.ss.android.article.news/com.bytedance.frameworks.plugin.receiver.MiraErrorLogReceiver
06-16 22:02:43.572  1296  1319 V BroadcastQueue: Finished with ordered broadcast BroadcastRecord{17f92f7 u0 com.bytedance.frameworks.plugin.ACTION_SEND_LOG_TO_MAIN_PROCESS}
06-16 22:02:43.606  1296  9254 D ConnectivityService: Network is BLOCKED, uid = 10136
06-16 22:02:43.606  1296 14783 D ConnectivityService: Network is BLOCKED, uid = 10136
06-16 22:02:43.613  1296  9254 D ConnectivityService: Network is BLOCKED, uid = 10136
06-16 22:02:43.634  1296 14783 I ActivityManager: App 10136/com.ss.android.article.news targets O+, restricted
06-16 22:02:43.634  1296 14783 W ActivityManager: Background start not allowed: service Intent { cmp=com.ss.android.article.news/com.bytedance.common.wschannel.server.WsChannelService } to com.ss.android.article.news/com.bytedance.common.wschannel.server.WsChannelService from pid=3530 uid=10136 pkg=com.ss.android.article.news startFg?=false
06-16 22:02:43.853  1296  9254 D ConnectivityService: Network is BLOCKED, uid = 10136
06-16 22:02:43.854  1296  2327 D ConnectivityService: Network is BLOCKED, uid = 10136
06-16 22:02:43.877  1296 14783 I ActivityManager: App 10136/com.ss.android.article.news targets O+, restricted
06-16 22:02:43.877  1296 14783 W ActivityManager: Background start not allowed: service Intent { act=com.ss.android.message pkg=com.ss.android.article.news (has extras) } to com.ss.android.article.news/com.ss.android.newmedia.message.MessageHandler from pid=3194 uid=10136 pkg=com.ss.android.article.news startFg?=false
06-16 22:02:43.915  1296  2327 D ConnectivityService: Network is BLOCKED, uid = 10136
