06-12 22:46:02.733  1306 10424 I AlarmManager: adjustDeliveryTimeBasedOnStandbyBucketLocked alarm:Alarm{e7e649b type 0 when 1560352678856 PendingIntent{7ab80c8: PendingIntentRecord{7f2f561 com.baidu.BaiduMap broadcastIntent}}com.baidu.BaiduMap}, standbyBucket:40, minElapsed:1597426971
06-12 22:46:02.733  1306 10424 I AlarmManager: adjustDeliveryTimeBasedOnStandbyBucketLocked alarm:Alarm{eda9b02 type 0 when 1560348993458 PendingIntent{df3a0e1: PendingIntentRecord{4cfd162 com.baidu.BaiduMap startService}}com.baidu.BaiduMap}, standbyBucket:40, minElapsed:1597426971
06-12 22:46:02.736  1306 10424 D SmartHeartBeat: isPendingPackage, false, pkg:com.android.deskclock, action:com.android.deskclock.ALARM_ALERT,not pending alarm with AlarmClockInfo
06-12 22:46:02.743  1306 10424 D PowerManagerService: wakeLock.mDisabled:true, mDeviceIdleMode:false, mProcState:15
06-12 22:46:02.746  1306  1334 D PowerManagerService: wakeLock.mDisabled:false, mDeviceIdleMode:false, mProcState:10
06-12 22:46:02.747  1306  1334 I chatty  : uid=1000(system) keyAppHanderThr identical 2 lines
06-12 22:46:02.747  1306  1334 D PowerManagerService: wakeLock.mDisabled:false, mDeviceIdleMode:false, mProcState:10
06-12 22:46:02.747  1306  1334 W ProcBatteryStats: timer is running , not start, name: com.tencent.mm, uid: 10178, tag: PlatformComm
06-12 22:46:02.747  1306  1334 D PowerManagerService: wakeLock.mDisabled:false, mDeviceIdleMode:false, mProcState:10
06-12 22:46:02.747  1306  1334 D PowerManagerService: wakeLock.mDisabled:false, mDeviceIdleMode:false, mProcState:10
06-12 22:46:02.747  1306  1334 W ProcBatteryStats: timer is running , not start, name: com.tencent.mm, uid: 10178, tag: PlatformComm
06-12 22:46:02.759  1306 10424 V BroadcastQueue: Finished with ordered broadcast BroadcastRecord{db2a56 u0 null}
06-12 22:46:02.761  1306 10424 D PowerManagerService: wakeLock.mDisabled:true, mDeviceIdleMode:false, mProcState:15
06-12 22:46:02.763  1306 10424 I chatty  : uid=1000(system) Binder:1306_1D identical 2 lines
06-12 22:46:02.763  1306 10424 D PowerManagerService: wakeLock.mDisabled:true, mDeviceIdleMode:false, mProcState:15
06-12 22:46:02.764  1306 10424 W ProcBatteryStats: timer is not running , not stop, name: com.tencent.mm, uid: 10178, tag: PlatformComm
06-12 22:46:02.764  1306 10424 D PowerManagerService: wakeLock.mDisabled:true, mDeviceIdleMode:false, mProcState:15
06-12 22:46:02.765  1306 10424 D PowerManagerService: wakeLock.mDisabled:true, mDeviceIdleMode:false, mProcState:15
06-12 22:46:02.765  1306 10424 W ProcBatteryStats: timer is not running , not stop, name: com.tencent.mm, uid: 10178, tag: PlatformComm
06-12 22:46:02.799  1306  2916 D PowerManagerService: wakeLock.mDisabled:true, mDeviceIdleMode:false, mProcState:15
06-12 22:46:02.804  1306  2916 D PowerManagerService: wakeLock.mDisabled:true, mDeviceIdleMode:false, mProcState:15
06-12 22:46:02.862  1306  2460 I AlarmManager: remove alarm:Alarm{8bb6ad7 type 2 when 1592738991 PendingIntent{56a9f8a: PendingIntentRecord{9be29fb com.tencent.mm broadcastIntent}}com.tencent.mm} according to operation:ba42fc4
06-12 22:46:02.863  1306  2460 I AlarmManager: adjustDeliveryTimeBasedOnStandbyBucketLocked alarm:Alarm{5f8d992 type 0 when 1560350793872 PendingIntent{8a50c6: PendingIntentRecord{12c8ab4 com.oppo.im broadcastIntent}}com.oppo.im}, standbyBucket:20, minElapsed:1592705299
06-12 22:46:02.863  1306  2460 I AlarmManager: adjustDeliveryTimeBasedOnStandbyBucketLocked alarm:Alarm{62b4f63 type 0 when 1560350246023 PendingIntent{eea2f8c: PendingIntentRecord{8ad4ec8 com.oppo.im broadcastIntent}}com.oppo.im}, standbyBucket:20, minElapsed:1592705299
06-12 22:46:02.863  1306  2460 I AlarmManager: adjustDeliveryTimeBasedOnStandbyBucketLocked alarm:Alarm{c3e48df type 1 when 1560345490253 PendingIntent{3831d40: PendingIntentRecord{9d8e60e com.ss.android.article.news broadcastIntent}}com.ss.android.article.news}, standbyBucket:40, minElapsed:1592822326
06-12 22:46:02.863  1306  2460 I AlarmManager: adjustDeliveryTimeBasedOnStandbyBucketLocked alarm:Alarm{c5c1ff5 type 0 when 1560344117670 PendingIntent{1e3e7ce: PendingIntentRecord{6e2343b com.tmri.app.main startService}}com.tmri.app.main}, standbyBucket:40, minElapsed:1592822326
06-12 22:46:02.863  1306  2460 I AlarmManager: adjustDeliveryTimeBasedOnStandbyBucketLocked alarm:Alarm{f7b2939 type 2 when 1586294659 PendingIntent{35e57fd: PendingIntentRecord{7713244 com.didi.es.psngr broadcastIntent}}com.didi.es.psngr}, standbyBucket:40, minElapsed:1592894659
06-12 22:46:02.864  1306  2460 I AlarmManager: adjustDeliveryTimeBasedOnStandbyBucketLocked alarm:Alarm{eda9b02 type 0 when 1560348993458 PendingIntent{df3a0e1: PendingIntentRecord{4cfd162 com.baidu.BaiduMap startService}}com.baidu.BaiduMap}, standbyBucket:40, minElapsed:1597426971
06-12 22:46:02.864  1306  2460 I AlarmManager: adjustDeliveryTimeBasedOnStandbyBucketLocked alarm:Alarm{b0a4f7f type 1 when 1560355653776 PendingIntent{2d6bb4c: PendingIntentRecord{b471795 com.baidu.BaiduMap startService}}com.baidu.BaiduMap}, standbyBucket:40, minElapsed:1597426971
06-12 22:46:02.864  1306  2460 I AlarmManager: adjustDeliveryTimeBasedOnStandbyBucketLocked alarm:Alarm{3db654e type 0 when 1560348508625 PendingIntent{38a7c39: PendingIntentRecord{e6727e com.baidu.BaiduMap broadcastIntent}}com.baidu.BaiduMap}, standbyBucket:40, minElapsed:1597426971
06-12 22:46:02.864  1306  2460 I AlarmManager: adjustDeliveryTimeBasedOnStandbyBucketLocked alarm:Alarm{3dacc13 type 1 when 1560348765567 PendingIntent{808de50: PendingIntentRecord{1633849 com.baidu.BaiduMap broadcastIntent}}com.baidu.BaiduMap}, standbyBucket:40, minElapsed:1597426971
06-12 22:46:02.865  1306  2460 I AlarmManager: adjustDeliveryTimeBasedOnStandbyBucketLocked alarm:Alarm{e7e649b type 0 when 1560352678856 PendingIntent{7ab80c8: PendingIntentRecord{7f2f561 com.baidu.BaiduMap broadcastIntent}}com.baidu.BaiduMap}, standbyBucket:40, minElapsed:1597426971
06-12 22:46:02.865  1306  2460 I AlarmManager: adjustDeliveryTimeBasedOnStandbyBucketLocked alarm:Alarm{c8f27e4 type 0 when 1560351966358 PendingIntent{bf26cc7: PendingIntentRecord{c4722f4 com.baidu.BaiduMap startService}}com.baidu.BaiduMap}, standbyBucket:40, minElapsed:1597426971
06-12 22:46:02.865  1306  2460 I AlarmManager: adjustDeliveryTimeBasedOnStandbyBucketLocked alarm:Alarm{e4e9811 type 1 when 1560352053786 PendingIntent{7f21d76: PendingIntentRecord{654af77 com.baidu.BaiduMap startService}}com.baidu.BaiduMap}, standbyBucket:40, minElapsed:1597426971
06-12 22:46:02.865  1306  2460 I AlarmManager: adjustDeliveryTimeBasedOnStandbyBucketLocked alarm:Alarm{95a4038 type 0 when 1560352060408 PendingIntent{ab50b4f: PendingIntentRecord{6a212dc com.baidu.BaiduMap broadcastIntent}}com.baidu.BaiduMap}, standbyBucket:40, minElapsed:1597426971
06-12 22:46:02.865  1306  2460 I AlarmManager: adjustDeliveryTimeBasedOnStandbyBucketLocked alarm:Alarm{8b2a0aa type 0 when 1560352795407 PendingIntent{41f0e63: PendingIntentRecord{8912a29 com.baidu.BaiduMap startService}}com.baidu.BaiduMap}, standbyBucket:40, minElapsed:1597426971
06-12 22:46:02.865  1306  2460 I AlarmManager: adjustDeliveryTimeBasedOnStandbyBucketLocked alarm:Alarm{573a44d type 0 when 1560349363846 PendingIntent{5e107de: PendingIntentRecord{4ea2dbf com.baidu.BaiduMap broadcastIntent}}com.baidu.BaiduMap}, standbyBucket:40, minElapsed:1597426971
06-12 22:46:02.866  1306  2460 D SmartHeartBeat: isPendingPackage, false, pkg:com.android.deskclock, action:com.android.deskclock.ALARM_ALERT,not pending alarm with AlarmClockInfo
06-12 22:46:02.867  1306  2916 D PowerManagerService: wakeLock.mDisabled:true, mDeviceIdleMode:false, mProcState:15
06-12 22:46:03.873  1306  2916 D PowerManagerService: wakeLock.mDisabled:true, mDeviceIdleMode:false, mProcState:15
06-12 22:46:03.974  1306  1454 D HwBatteryService: onUEvent fcpStatus = 0,scpStatus =0,ovpStatus=0
06-12 22:46:03.975  1306  1454 I HwBatteryService: quick charge status : 0
06-12 22:46:03.975  1306  1454 I HwBatteryService: handleWirelessTxStatus
06-12 22:46:03.975  1306  1454 I HwBatteryService: switch not open, return, mWirelessTxFlag : 0
06-12 22:46:03.976  1306  1454 I UsbDeviceManager: water_intrused state= 0
06-12 22:46:04.595  1306  2221 D ConnectivityService: reportNetworkConnectivity(542, false) by 10099
06-12 22:46:04.653  1306  2221 D ConnectivityService: NetworkAgentInfo [WIFI () - 542] validation passed
06-12 22:46:05.353  1306  1334 D PowerManagerService: wakeLock.mDisabled:false, mDeviceIdleMode:false, mProcState:10
06-12 22:46:05.371  1306 10424 V BroadcastQueue: Finished with ordered broadcast BroadcastRecord{6968430 u0 null}
06-12 22:46:05.377  1306 10424 D PowerManagerService: wakeLock.mDisabled:true, mDeviceIdleMode:false, mProcState:15
06-12 22:46:05.407  1306 10424 I chatty  : uid=1000(system) Binder:1306_1D identical 2 lines
06-12 22:46:05.433  1306 10424 D PowerManagerService: wakeLock.mDisabled:true, mDeviceIdleMode:false, mProcState:15
06-12 22:46:05.433  1306  2916 I AlarmManager: remove alarm:Alarm{77d18a9 type 2 when 1592739178 PendingIntent{10e3ead: PendingIntentRecord{f795e2 com.tencent.mm broadcastIntent}}com.tencent.mm} according to operation:97d2e2e
06-12 22:46:05.435  1306  2916 I AlarmManager: adjustDeliveryTimeBasedOnStandbyBucketLocked alarm:Alarm{62b4f63 type 0 when 1560350246023 PendingIntent{eea2f8c: PendingIntentRecord{8ad4ec8 com.oppo.im broadcastIntent}}com.oppo.im}, standbyBucket:20, minElapsed:1592705299
06-12 22:46:05.436  1306  2916 I AlarmManager: adjustDeliveryTimeBasedOnStandbyBucketLocked alarm:Alarm{5f8d992 type 0 when 1560350793872 PendingIntent{8a50c6: PendingIntentRecord{12c8ab4 com.oppo.im broadcastIntent}}com.oppo.im}, standbyBucket:20, minElapsed:1592705299
06-12 22:46:05.436  1306  2916 I AlarmManager: adjustDeliveryTimeBasedOnStandbyBucketLocked alarm:Alarm{c5c1ff5 type 0 when 1560344117670 PendingIntent{1e3e7ce: PendingIntentRecord{6e2343b com.tmri.app.main startService}}com.tmri.app.main}, standbyBucket:40, minElapsed:1592822326
06-12 22:46:05.436  1306  2916 I AlarmManager: adjustDeliveryTimeBasedOnStandbyBucketLocked alarm:Alarm{c3e48df type 1 when 1560345490253 PendingIntent{3831d40: PendingIntentRecord{9d8e60e com.ss.android.article.news broadcastIntent}}com.ss.android.article.news}, standbyBucket:40, minElapsed:1592822326
06-12 22:46:05.436  1306  2916 I AlarmManager: adjustDeliveryTimeBasedOnStandbyBucketLocked alarm:Alarm{f7b2939 type 2 when 1586294659 PendingIntent{35e57fd: PendingIntentRecord{7713244 com.didi.es.psngr broadcastIntent}}com.didi.es.psngr}, standbyBucket:40, minElapsed:1592894659
06-12 22:46:05.437  1306  2916 I AlarmManager: adjustDeliveryTimeBasedOnStandbyBucketLocked alarm:Alarm{573a44d type 0 when 1560349363846 PendingIntent{5e107de: PendingIntentRecord{4ea2dbf com.baidu.BaiduMap broadcastIntent}}com.baidu.BaiduMap}, standbyBucket:40, minElapsed:1597426971
06-12 22:46:05.437  1306  2916 I AlarmManager: adjustDeliveryTimeBasedOnStandbyBucketLocked alarm:Alarm{8b2a0aa type 0 when 1560352795407 PendingIntent{41f0e63: PendingIntentRecord{8912a29 com.baidu.BaiduMap startService}}com.baidu.BaiduMap}, standbyBucket:40, minElapsed:1597426971
06-12 22:46:05.437  1306  2916 I AlarmManager: adjustDeliveryTimeBasedOnStandbyBucketLocked alarm:Alarm{3dacc13 type 1 when 1560348765567 PendingIntent{808de50: PendingIntentRecord{1633849 com.baidu.BaiduMap broadcastIntent}}com.baidu.BaiduMap}, standbyBucket:40, minElapsed:1597426971
06-12 22:46:05.438  1306  2916 I AlarmManager: adjustDeliveryTimeBasedOnStandbyBucketLocked alarm:Alarm{c8f27e4 type 0 when 1560351966358 PendingIntent{bf26cc7: PendingIntentRecord{c4722f4 com.baidu.BaiduMap startService}}com.baidu.BaiduMap}, standbyBucket:40, minElapsed:1597426971
06-12 22:46:05.438  1306  2916 I AlarmManager: adjustDeliveryTimeBasedOnStandbyBucketLocked alarm:Alarm{e4e9811 type 1 when 1560352053786 PendingIntent{7f21d76: PendingIntentRecord{654af77 com.baidu.BaiduMap startService}}com.baidu.BaiduMap}, standbyBucket:40, minElapsed:1597426971
06-12 22:46:05.438  1306  2916 I AlarmManager: adjustDeliveryTimeBasedOnStandbyBucketLocked alarm:Alarm{95a4038 type 0 when 1560352060408 PendingIntent{ab50b4f: PendingIntentRecord{6a212dc com.baidu.BaiduMap broadcastIntent}}com.baidu.BaiduMap}, standbyBucket:40, minElapsed:1597426971
06-12 22:46:05.438  1306  2916 I AlarmManager: adjustDeliveryTimeBasedOnStandbyBucketLocked alarm:Alarm{e7e649b type 0 when 1560352678856 PendingIntent{7ab80c8: PendingIntentRecord{7f2f561 com.baidu.BaiduMap broadcastIntent}}com.baidu.BaiduMap}, standbyBucket:40, minElapsed:1597426971
06-12 22:46:05.438  1306  2916 I AlarmManager: adjustDeliveryTimeBasedOnStandbyBucketLocked alarm:Alarm{3db654e type 0 when 1560348508625 PendingIntent{38a7c39: PendingIntentRecord{e6727e com.baidu.BaiduMap broadcastIntent}}com.baidu.BaiduMap}, standbyBucket:40, minElapsed:1597426971
06-12 22:46:05.438  1306  2916 I AlarmManager: adjustDeliveryTimeBasedOnStandbyBucketLocked alarm:Alarm{b0a4f7f type 1 when 1560355653776 PendingIntent{2d6bb4c: PendingIntentRecord{b471795 com.baidu.BaiduMap startService}}com.baidu.BaiduMap}, standbyBucket:40, minElapsed:1597426971
06-12 22:46:05.438  1306  2916 I AlarmManager: adjustDeliveryTimeBasedOnStandbyBucketLocked alarm:Alarm{eda9b02 type 0 when 1560348993458 PendingIntent{df3a0e1: PendingIntentRecord{4cfd162 com.baidu.BaiduMap startService}}com.baidu.BaiduMap}, standbyBucket:40, minElapsed:1597426971
06-12 22:46:05.440  1306  2916 D SmartHeartBeat: isPendingPackage, false, pkg:com.android.deskclock, action:com.android.deskclock.ALARM_ALERT,not pending alarm with AlarmClockInfo
06-12 22:46:05.539  1306 10424 D PowerManagerService: wakeLock.mDisabled:true, mDeviceIdleMode:false, mProcState:15
06-12 22:46:05.548  1306  2916 D PowerManagerService: wakeLock.mDisabled:true, mDeviceIdleMode:false, mProcState:15
06-12 22:46:05.615  1306  4734 D PowerManagerService: wakeLock.mDisabled:true, mDeviceIdleMode:false, mProcState:15
06-12 22:46:05.615  1306  2916 I AlarmManager: remove alarm:Alarm{6e59665 type 2 when 1592741754 PendingIntent{3f2ddcf: PendingIntentRecord{b17b35c com.tencent.mm broadcastIntent}}com.tencent.mm} according to operation:ab1ff3a
06-12 22:46:05.617  1306  2916 I AlarmManager: adjustDeliveryTimeBasedOnStandbyBucketLocked alarm:Alarm{5f8d992 type 0 when 1560350793872 PendingIntent{8a50c6: PendingIntentRecord{12c8ab4 com.oppo.im broadcastIntent}}com.oppo.im}, standbyBucket:20, minElapsed:1592705299
06-12 22:46:05.617  1306  2916 I AlarmManager: adjustDeliveryTimeBasedOnStandbyBucketLocked alarm:Alarm{62b4f63 type 0 when 1560350246023 PendingIntent{eea2f8c: PendingIntentRecord{8ad4ec8 com.oppo.im broadcastIntent}}com.oppo.im}, standbyBucket:20, minElapsed:1592705299
06-12 22:46:05.617  1306  2916 I AlarmManager: adjustDeliveryTimeBasedOnStandbyBucketLocked alarm:Alarm{c3e48df type 1 when 1560345490253 PendingIntent{3831d40: PendingIntentRecord{9d8e60e com.ss.android.article.news broadcastIntent}}com.ss.android.article.news}, standbyBucket:40, minElapsed:1592822326
06-12 22:46:05.617  1306  2916 I AlarmManager: adjustDeliveryTimeBasedOnStandbyBucketLocked alarm:Alarm{c5c1ff5 type 0 when 1560344117670 PendingIntent{1e3e7ce: PendingIntentRecord{6e2343b com.tmri.app.main startService}}com.tmri.app.main}, standbyBucket:40, minElapsed:1592822326
06-12 22:46:05.618  1306  2916 I AlarmManager: adjustDeliveryTimeBasedOnStandbyBucketLocked alarm:Alarm{f7b2939 type 2 when 1586294659 PendingIntent{35e57fd: PendingIntentRecord{7713244 com.didi.es.psngr broadcastIntent}}com.didi.es.psngr}, standbyBucket:40, minElapsed:1592894659
06-12 22:46:05.619  1306  2916 I AlarmManager: adjustDeliveryTimeBasedOnStandbyBucketLocked alarm:Alarm{eda9b02 type 0 when 1560348993458 PendingIntent{df3a0e1: PendingIntentRecord{4cfd162 com.baidu.BaiduMap startService}}com.baidu.BaiduMap}, standbyBucket:40, minElapsed:1597426971
06-12 22:46:05.619  1306  2916 I AlarmManager: adjustDeliveryTimeBasedOnStandbyBucketLocked alarm:Alarm{e4e9811 type 1 when 1560352053786 PendingIntent{7f21d76: PendingIntentRecord{654af77 com.baidu.BaiduMap startService}}com.baidu.BaiduMap}, standbyBucket:40, minElapsed:1597426971
06-12 22:46:05.619  1306  2916 I AlarmManager: adjustDeliveryTimeBasedOnStandbyBucketLocked alarm:Alarm{e7e649b type 0 when 1560352678856 PendingIntent{7ab80c8: PendingIntentRecord{7f2f561 com.baidu.BaiduMap broadcastIntent}}com.baidu.BaiduMap}, standbyBucket:40, minElapsed:1597426971
06-12 22:46:05.619  1306  2916 I AlarmManager: adjustDeliveryTimeBasedOnStandbyBucketLocked alarm:Alarm{3db654e type 0 when 1560348508625 PendingIntent{38a7c39: PendingIntentRecord{e6727e com.baidu.BaiduMap broadcastIntent}}com.baidu.BaiduMap}, standbyBucket:40, minElapsed:1597426971
06-12 22:46:05.620  1306  2916 I AlarmManager: adjustDeliveryTimeBasedOnStandbyBucketLocked alarm:Alarm{b0a4f7f type 1 when 1560355653776 PendingIntent{2d6bb4c: PendingIntentRecord{b471795 com.baidu.BaiduMap startService}}com.baidu.BaiduMap}, standbyBucket:40, minElapsed:1597426971
06-12 22:46:05.620  1306  2916 I AlarmManager: adjustDeliveryTimeBasedOnStandbyBucketLocked alarm:Alarm{95a4038 type 0 when 1560352060408 PendingIntent{ab50b4f: PendingIntentRecord{6a212dc com.baidu.BaiduMap broadcastIntent}}com.baidu.BaiduMap}, standbyBucket:40, minElapsed:1597426971
06-12 22:46:05.620  1306  2916 I AlarmManager: adjustDeliveryTimeBasedOnStandbyBucketLocked alarm:Alarm{c8f27e4 type 0 when 1560351966358 PendingIntent{bf26cc7: PendingIntentRecord{c4722f4 com.baidu.BaiduMap startService}}com.baidu.BaiduMap}, standbyBucket:40, minElapsed:1597426971
06-12 22:46:05.620  1306  2916 I AlarmManager: adjustDeliveryTimeBasedOnStandbyBucketLocked alarm:Alarm{3dacc13 type 1 when 1560348765567 PendingIntent{808de50: PendingIntentRecord{1633849 com.baidu.BaiduMap broadcastIntent}}com.baidu.BaiduMap}, standbyBucket:40, minElapsed:1597426971
06-12 22:46:05.620  1306  2916 I AlarmManager: adjustDeliveryTimeBasedOnStandbyBucketLocked alarm:Alarm{8b2a0aa type 0 when 1560352795407 PendingIntent{41f0e63: PendingIntentRecord{8912a29 com.baidu.BaiduMap startService}}com.baidu.BaiduMap}, standbyBucket:40, minElapsed:1597426971
06-12 22:46:05.620  1306  2916 I AlarmManager: adjustDeliveryTimeBasedOnStandbyBucketLocked alarm:Alarm{573a44d type 0 when 1560349363846 PendingIntent{5e107de: PendingIntentRecord{4ea2dbf com.baidu.BaiduMap broadcastIntent}}com.baidu.BaiduMap}, standbyBucket:40, minElapsed:1597426971
06-12 22:46:05.621  1306  2916 D SmartHeartBeat: isPendingPackage, false, pkg:com.android.deskclock, action:com.android.deskclock.ALARM_ALERT,not pending alarm with AlarmClockInfo
06-12 22:46:05.909  1306  2464 W Watchdog: hungtask: writing kick
06-12 22:46:06.442  1306  4734 D PowerManagerService: wakeLock.mDisabled:true, mDeviceIdleMode:false, mProcState:15
06-12 22:46:06.892  1306  2221 D ConnectivityService: handlePromptUnvalidated 542
06-12 22:46:06.892  1306  2221 D ConnectivityService: explicitlySelected:false , acceptUnvalidated:false
06-12 22:46:07.665  1306  2500 V BroadcastQueue: Finished with ordered broadcast BroadcastRecord{b56b7c7 u0 com.android.xtra.download}
06-12 22:46:08.139  1306  2916 V BroadcastQueue: Finished with ordered broadcast BroadcastRecord{ad511f4 u0 com.tencent.mm.plugin.report.service.KVCommCrossProcessReceiver}
06-12 22:46:08.689   551   610 W SocketListener: sending broadcast to Pid = 1306, Uid = 1000 
06-12 22:46:08.691  1306  2206 D NetdConnector: RCV <- {613 IfaceClass idle 0 1592534996533659}
06-12 22:46:08.692  1306  2206 D NetdConnector: RCV <- {613 IfaceClass idle 0 1592534996533659}
06-12 22:46:08.693  1306  1337 D NetdConnector: RCV unsolicited event from native daemon, event = 613
06-12 22:46:08.719  1306  1335 W BatteryExternalStatsWorker: modem info is invalid: ModemActivityInfo{ mTimestamp=0 mSleepTimeMs=0 mIdleTimeMs=0 mTxTimeMs[]=[0, 0, 0, 0, 0] mRxTimeMs=0 mEnergyUsed=0}
06-12 22:46:14.611  1306  2916 V BroadcastQueue: Finished with ordered broadcast BroadcastRecord{62b5960 u0 com.google.android.intent.action.GCM_RECONNECT}
06-12 22:46:15.715  1306  2213 I HwAlarmManagerService: hwSetAlarm listenerTag: WriteBufferAlarm
06-12 22:46:16.324  2528  2858 I HidataAppQoeP: handleStateChanged reason=6
06-12 22:46:16.324  2528  2858 I BrowserChrP: handleStateChanged
06-12 22:46:16.692  1306  2221 D ConnectivityService: reportNetworkConnectivity(542, false) by 10099
06-12 22:46:16.761  1306  2221 D ConnectivityService: NetworkAgentInfo [WIFI () - 542] validation passed
06-12 22:46:22.328  2528  2858 I HidataAppQoeP: handleStateChanged reason=6
06-12 22:46:22.329  2528  2858 I BrowserChrP: handleStateChanged
06-12 22:46:25.571  2340  2340 I Net.207425NetworkSpeedM: mIsStop = false
06-12 22:46:25.571  2340  2466 I Net.207426NetworkSpeedM:  runInThread getTetherStats
06-12 22:46:25.574  2340  2340 I Net.207426NetworkSpeedM:  runInUI refreshSpeed
06-12 22:46:25.575  2340  2340 I Net.207426NetworkSpeedM: value=0.0speed = 0.00K/smIsShowLastSpeedValuefalse
06-12 22:46:25.576  2340  2340 I NetworkSpeedView: /update(), speed=0.00K/s
06-12 22:46:25.576  2340  2340 I NetworkSpeedView: /update(), speed=0.00K/s
06-12 22:46:25.726   698   698 E Thermal-daemon: [flash_led] temp_new :34  temp_old :35
06-12 22:46:25.728   698   698 E Thermal-daemon: Report temperature: [flash_led] temp :34  report_threshold:1
06-12 22:46:25.737  1306  2213 I chatty  : uid=1000(system) WifiStateMachin expire 11 lines
06-12 22:46:25.968  2551  2860 D HwWifiStatStore: handleMessage : 200
06-12 22:46:27.292  1306 10300 D PowerManagerService: wakeLock.mDisabled:true, mDeviceIdleMode:false, mProcState:15
06-12 22:46:27.359  1306  4734 D PowerManagerService: wakeLock.mDisabled:true, mDeviceIdleMode:false, mProcState:15
06-12 22:46:27.667  1306  2212 I chatty  : uid=1000(system) WifiService expire 31 lines
06-12 22:46:27.757  2340  2340 D StatusBarIconController: setIconVisibility icon is null or visibility not change visibility=false
06-12 22:46:27.757  2340  2340 D NetWorkUtils: mVSimCurCardType is -1
06-12 22:46:27.757  2340  2340 D StatusBarIconController: setIconVisibility icon is null or visibility not change visibility=false
06-12 22:46:27.757  2340  2340 D NetWorkUtils: mVSimCurCardType is -1
06-12 22:46:27.757  2340  2340 D StatusBarIconController: setIconVisibility icon is null or visibility not change visibility=false
06-12 22:46:27.757  2340  2340 D NetWorkUtils: mVSimCurCardType is -1
06-12 22:46:28.334  2528  2858 I HidataAppQoeP: handleStateChanged reason=6
06-12 22:46:28.334  2528  2858 I BrowserChrP: handleStateChanged
06-12 22:46:28.339  2340  2466 I HwMobileSignalController(0): subId:0 phoneType:1 networktype:13 targetClass:3 masterLevel:4 slaveLevel:-1
06-12 22:46:28.350  2340  2340 D HwMobileSignalController(0): getTypeIcon type:3
06-12 22:46:28.351  2340  2340 D HwMobileSignalController(0):  4G, isCAState=false
06-12 22:46:28.361  2340  2340 D HwCustMobileSignalControllerImpl: updateDataType, mDataNetType: 13, isCAstate: false
06-12 22:46:28.362  2340  2340 D StatusBarIconController: setIconVisibility icon is null or visibility not change visibility=false
06-12 22:46:28.362  2340  2340 D NetWorkUtils: mVSimCurCardType is -1
06-12 22:46:28.367   596   596 E WifiHAL : enter wifi_get_link_stats
06-12 22:46:28.372  1306  4734 D PowerManagerService: wakeLock.mDisabled:true, mDeviceIdleMode:false, mProcState:15
06-12 22:46:28.374  2340  2340 D StatusBarIconController: setIconVisibility icon is null or visibility not change visibility=false
06-12 22:46:28.375  2340  2340 D NetWorkUtils: mVSimCurCardType is -1
06-12 22:46:28.376  2340  2340 D StatusBarIconController: setIconVisibility icon is null or visibility not change visibility=false
06-12 22:46:28.376  2340  2340 D NetWorkUtils: mVSimCurCardType is -1
06-12 22:46:28.571  2340  2340 I Net.207426NetworkSpeedM: mIsStop = false
06-12 22:46:28.572  2340  2466 I Net.207427NetworkSpeedM:  runInThread getTetherStats
06-12 22:46:28.578  2340  2340 I Net.207427NetworkSpeedM:  runInUI refreshSpeed
06-12 22:46:28.579  2340  2340 I Net.207427NetworkSpeedM: value=824.6667speed = 825B/smIsShowLastSpeedValuefalse
06-12 22:46:28.580  2340  2340 I NetworkSpeedView: /update(), speed=825B/s
06-12 22:46:28.581  2340  2340 I NetworkSpeedView: /update(), speed=825B/s
06-12 22:46:28.761  2340  2340 D StatusBarIconController: setIconVisibility icon is null or visibility not change visibility=false
06-12 22:46:28.762  2340  2340 D NetWorkUtils: mVSimCurCardType is -1
06-12 22:46:28.763  2340  2340 D StatusBarIconController: setIconVisibility icon is null or visibility not change visibility=false
06-12 22:46:28.764  2340  2340 D NetWorkUtils: mVSimCurCardType is -1
06-12 22:46:28.764  2340  2340 D StatusBarIconController: setIconVisibility icon is null or visibility not change visibility=false
06-12 22:46:28.764  2340  2340 D NetWorkUtils: mVSimCurCardType is -1
06-12 22:46:28.975  2551  2860 D HwWifiStatStore: handleMessage : 200
06-12 22:46:29.167   551   616 D         : Received kernel message payload: chr_event 9
06-12 22:46:29.167   551   616 I         : netd received web stat infomation,trigger chr report!
06-12 22:46:29.167   551   616 I         : netd received web stat infomation,trigger chr report!
06-12 22:46:29.167   551   616 I         : ReportType 0 0 0 0 0 0 0 0 0 0 0 0 0 0 0 0 0 0 0 0 0 0 0 0 0 0 0 0 0 0 0 0 0 0 0 0 0 0 0 0 0 0 0 0 0 0 0 0 0 0 0 0 0 0 0 0 0 0 0 0 0 0 0 0 0 0 0 0 0 0 0 0 0 0 0 0 0 0 0 0 0 0 0 0 0 0 0 0 0 0 0 0 0 0 0 0 0 0 0 0 0 0 0 0 0 0 0 0 0 0 0 0 0 0 0 0 0 0 0 0 0 0 0 0 0 0 0 0 0 0 0 0 0 0 0 0 0 0 0 0 0 0 0 0 0 0 0 0 0 0 0 0 0 0 0 0 0 0 0 0 0 0 0 0 0 0 0 0 0 0 0 0 0 0 0 0 0 0 0 0 0 0 0 0 0 0 0 0 0 0 0 0 0 0 0 0 0 0 0 0 0 0 0 0 0 0 0 0 0 0 0 0 0 0 0 0 0 0 0 0 0 0 0 0 0 0 0 0 0 ReportType 0 424 540 5 0 0 5 11 5 0 0 0 0 0 11 0 0 0 0 7 0 0 176 440 3 0 0 3 4 4 3 0 0 0 0 0 4 0 0 0 0 0 0 0 0 0 0 0 0 0 0 0 0 0 0 0 0 0 0 0 40 0 0 0 0 0 1 0 0 0 0 0 0 0 1 0 0 0 0 0 0 0 0 0 0 0 0 0 0 0 0 0 0 0 0 0 0 0 0 0 0 0 0 0 0 0 0 0 0 0 0 0 0 0 0 0 0 0 0 0 0 0 0 0 0 0 0 0 0 0 0 0 0 0 0 0 0 0 0 0 0 0 0 0 0 0 0 0 0 0 0 0 0 0 0 0 0 0 0 0 0 0 0 0 0 0 0 0 0 0 0 0 0 0 0 0 0 0 0 0 0 0 0 0 0 0 0 0 0 0 0 0 0 0 0 0 0 0 0 0 0 0 0 0 0 0 0 0 0 0 0 0 47 8 42 184 16 156 0 0 0 0 0 0 0 0 280 8 5
06-12 22:46:29.167   551   616 W SocketListener: sending broadcast to Pid = 1306, Uid = 1000 
06-12 22:46:29.172  1306  2206 D NetdConnector: RCV <- {661 ReportType 0 0 0 0 0 0 0 0 0 0 0 0 0 0 0 0 0 0 0 0 0 0 0 0 0 0 0 0 0 0 0 0 0 0 0 0 0 0 0 0 0 0 0 0 0 0 0 0 0 0 0 0 0 0 0 0 0 0 0 0 0 0 0 0 0 0 0 0 0 0 0 0 0 0 0 0 0 0 0 0 0 0 0 0 0 0 0 0 0 0 0 0 0 0 0 0 0 0 0 0 0 0 0 0 0 0 0 0 0 0 0 0 0 0 0 0 0 0 0 0 0 0 0 0 0 0 0 0 0 0 0 0 0 0 0 0 0 0 0 0 0 0 0 0 0 0 0 0 0 0 0 0 0 0 0 0 0 0 0 0 0 0 0 0 0 0 0 0 0 0 0 0 0 0 0 0 0 0 0 0 0 0 0 0 0 0 0 0 0 0 0 0 0 0 0 0 0 0 0 0 0 0 0 0 0 0 0 0 0 0 0 0 0 0 0 0 0 0 0 0 0 0 0 0 0 0 0 0 0 ReportType 0 424 540 5 0 0 5 11 5 0 0 0 0 0 11 0 0 0 0 7 0 0 176 440 3 0 0 3 4 4 3 0 0 0 0 0 4 0 0 0 0 0 0 0 0 0 0 0 0 0 0 0 0 0 0 0 0 0 0 0 40 0 0 0 0 0 1 0 0 0 0 0 0 0 1 0 0 0 0 0 0 0 0 0 0 0 0 0 0 0 0 0 0 0 0 0 0 0 0 0 0 0 0 0 0 0 0 0 0 0 0 0 0 0 0 0 0 0 0 0 0 0 0 0 0 0 0 0 0 0 0 0 0 0 0 0 0 0 0 0 0 0 0 0 0 0 0 0 0 0 0 0 0 0 0 0 0 0 0 0 0 0 0 0 0 0 0 0 0 0 0 0 0 0 0 0 0 0 0 0 0 0 0 0 0 0 0 0 0 0 0 0 0 0 0 0 0 0 0 0 0 0 0 0 0 0 0 0 0 0 0 0 47 8 42 184 16 156 0 0 0 0 0 0 0 0 280 8 5}
06-12 22:46:29.176  1306  2206 D NetdConnector: RCV <- {661 ReportType 0 0 0 0 0 0 0 0 0 0 0 0 0 0 0 0 0 0 0 0 0 0 0 0 0 0 0 0 0 0 0 0 0 0 0 0 0 0 0 0 0 0 0 0 0 0 0 0 0 0 0 0 0 0 0 0 0 0 0 0 0 0 0 0 0 0 0 0 0 0 0 0 0 0 0 0 0 0 0 0 0 0 0 0 0 0 0 0 0 0 0 0 0 0 0 0 0 0 0 0 0 0 0 0 0 0 0 0 0 0 0 0 0 0 0 0 0 0 0 0 0 0 0 0 0 0 0 0 0 0 0 0 0 0 0 0 0 0 0 0 0 0 0 0 0 0 0 0 0 0 0 0 0 0 0 0 0 0 0 0 0 0 0 0 0 0 0 0 0 0 0 0 0 0 0 0 0 0 0 0 0 0 0 0 0 0 0 0 0 0 0 0 0 0 0 0 0 0 0 0 0 0 0 0 0 0 0 0 0 0 0 0 0 0 0 0 0 0 0 0 0 0 0 0 0 0 0 0 0 ReportType 0 424 540 5 0 0 5 11 5 0 0 0 0 0 11 0 0 0 0 7 0 0 176 440 3 0 0 3 4 4 3 0 0 0 0 0 4 0 0 0 0 0 0 0 0 0 0 0 0 0 0 0 0 0 0 0 0 0 0 0 40 0 0 0 0 0 1 0 0 0 0 0 0 0 1 0 0 0 0 0 0 0 0 0 0 0 0 0 0 0 0 0 0 0 0 0 0 0 0 0 0 0 0 0 0 0 0 0 0 0 0 0 0 0 0 0 0 0 0 0 0 0 0 0 0 0 0 0 0 0 0 0 0 0 0 0 0 0 0 0 0 0 0 0 0 0 0 0 0 0 0 0 0 0 0 0 0 0 0 0 0 0 0 0 0 0 0 0 0 0 0 0 0 0 0 0 0 0 0 0 0 0 0 0 0 0 0 0 0 0 0 0 0 0 0 0 0 0 0 0 0 0 0 0 0 0 0 0 0 0 0 0 47 8 42 184 16 156 0 0 0 0 0 0 0 0 280 8 5}
06-12 22:46:29.178  1306  1337 D NetdConnector: RCV unsolicited event from native daemon, event = 661
06-12 22:46:29.191  1306  1337 D HwNetworkManagementService: onEvent receive Web Stat Report:661 ReportType 0 0 0 0 0 0 0 0 0 0 0 0 0 0 0 0 0 0 0 0 0 0 0 0 0 0 0 0 0 0 0 0 0 0 0 0 0 0 0 0 0 0 0 0 0 0 0 0 0 0 0 0 0 0 0 0 0 0 0 0 0 0 0 0 0 0 0 0 0 0 0 0 0 0 0 0 0 0 0 0 0 0 0 0 0 0 0 0 0 0 0 0 0 0 0 0 0 0 0 0 0 0 0 0 0 0 0 0 0 0 0 0 0 0 0 0 0 0 0 0 0 0 0 0 0 0 0 0 0 0 0 0 0 0 0 0 0 0 0 0 0 0 0 0 0 0 0 0 0 0 0 0 0 0 0 0 0 0 0 0 0 0 0 0 0 0 0 0 0 0 0 0 0 0 0 0 0 0 0 0 0 0 0 0 0 0 0 0 0 0 0 0 0 0 0 0 0 0 0 0 0 0 0 0 0 0 0 0 0 0 0 0 0 0 0 0 0 0 0 0 0 0 0 0 0 0 0 0 0 ReportType 0 424 540 5 0 0 5 11 5 0 0 0 0 0 11 0 0 0 0 7 0 0 176 440 3 0 0 3 4 4 3 0 0 0 0 0 4 0 0 0 0 0 0 0 0 0 0 0 0 0 0 0 0 0 0 0 0 0 0 0 40 0 0 0 0 0 1 0 0 0 0 0 0 0 1 0 0 0 0 0 0 0 0 0 0 0 0 0 0 0 0 0 0 0 0 0 0 0 0 0 0 0 0 0 0 0 0 0 0 0 0 0 0 0 0 0 0 0 0 0 0 0 0 0 0 0 0 0 0 0 0 0 0 0 0 0 0 0 0 0 0 0 0 0 0 0 0 0 0 0 0 0 0 0 0 0 0 0 0 0 0 0 0 0 0 0 0 0 0 0 0 0 0 0 0 0 0 0 0 0 0 0 0 0 0 0 0 0 0 0 0 0 0 0 0 0 0 0 0 0 0 0 0 0 0 0 0 0 0 0 0 0 47 8 42 184 16 156 0 0 0 0 0 0 0 0 280 8 5
06-12 22:46:29.192  1306  1337 W ContextImpl: Calling a method in the system process without a qualified user: android.app.ContextImpl.sendBroadcast:1172 com.android.server.HwNetworkManagementService.sendWebStatMessage:1112 com.android.server.HwServiceFactoryImpl$HwNetworkManagementServiceImpl.sendWebStatMessage:737 com.android.server.NetworkManagementService$NetdCallbackReceiver.onEvent:1095 com.android.server.NativeDaemonConnector.handleMessage:176 
06-12 22:46:29.198  2551  2860 D HwWifiStatStore: handleMessage : 2011
06-12 22:46:29.198  2551  2860 D HwWifiStatStore: handleWebStatReport data is: Bundle[{HighestWebDelay=184, LowestWebDelay=16, VideoAvgSpeed=0, DelayL1=5, DelayL2=0, DelayL3=0, DelayL4=0, DelayL5=0, DelayL6=0, VideoFreezNum=0, VideoTime=0, AccVideoTime=0, TotalNum=5, WebDelay=540, TcpSuccNum=7, ReportType=0, LastTcpRTT=42, AccVideoAvgSpeed=0, SuccNum=5, RTT=424, TcpTotalNum=11, RTTL1=11, RTTL2=0, RTTL3=0, RTTL4=0, RTTL5=0, tcp_handshake_delay=280, ServerAddr=0, NoAckNum=0, HighestTcpRTT=47, LowestTcpRTT=8, FailNum=0, AccVideoFreezNum=0, RTTAbnServerAddr=0, http_get_delay=8, LastWebDelay=156}]
06-12 22:46:29.336  2528  3185 I chatty  : uid=1000(system) EmcomThread expire 8 lines
06-12 22:46:29.438   551   599 W IptablesRestoreController: iptables-restore process 11567 terminated status=15
06-12 22:46:29.439   551   599 W IptablesRestoreController: iptables-restore process 11568 terminated status=15
06-12 22:46:29.761  2340  2340 D StatusBarIconController: setIconVisibility icon is null or visibility not change visibility=false
06-12 22:46:29.761  2340  2340 D NetWorkUtils: mVSimCurCardType is -1
06-12 22:46:29.762  2340  2340 E ndroid.systemu: Invalid ID 0x00000000.
06-12 22:46:29.762  2340  2340 E HwNotchUtils: setIconForView iconId is not found
06-12 22:46:29.762  2340  2340 D StatusBarIconController: setIconVisibility icon is null or visibility not change visibility=false
06-12 22:46:29.762  2340  2340 D NetWorkUtils: mVSimCurCardType is -1
06-12 22:46:29.762  2340  2340 E ndroid.systemu: Invalid ID 0x00000000.
06-12 22:46:29.762  2340  2340 E HwNotchUtils: setIconForView iconId is not found
06-12 22:46:29.762  2340  2340 D StatusBarIconController: setIconVisibility icon is null or visibility not change visibility=false
06-12 22:46:29.762  2340  2340 D NetWorkUtils: mVSimCurCardType is -1
06-12 22:46:29.762  2340  2340 E ndroid.systemu: Invalid ID 0x00000000.
06-12 22:46:29.762  2340  2340 E HwNotchUtils: setIconForView iconId is not found
06-12 22:46:30.732   698   698 E Thermal-daemon: [shell_frame] temp_new :33  temp_old :34
06-12 22:46:30.734   698   698 E Thermal-daemon: Report temperature: [shell_frame] temp :33  report_threshold:1
06-12 22:46:30.734   698   698 E Thermal-daemon: [charger_ic] temp_new :35  temp_old :36
06-12 22:46:30.736   698   698 E Thermal-daemon: Report temperature: [charger_ic] temp :35  report_threshold:1
06-12 22:46:30.763  2340  2340 D StatusBarIconController: setIconVisibility icon is null or visibility not change visibility=false
06-12 22:46:30.763  2340  2340 D NetWorkUtils: mVSimCurCardType is -1
06-12 22:46:30.765  2340  2340 D StatusBarIconController: setIconVisibility icon is null or visibility not change visibility=false
06-12 22:46:30.765  2340  2340 D NetWorkUtils: mVSimCurCardType is -1
06-12 22:46:30.766  2340  2340 D StatusBarIconController: setIconVisibility icon is null or visibility not change visibility=false
06-12 22:46:30.766  2340  2340 D NetWorkUtils: mVSimCurCardType is -1
06-12 22:46:31.395   596   596 E WifiHAL : enter wifi_get_link_stats
06-12 22:46:31.573  2340  2340 I Net.207427NetworkSpeedM: mIsStop = false
06-12 22:46:31.574  2340  2466 I Net.207428NetworkSpeedM:  runInThread getTetherStats
06-12 22:46:31.579  2340  2340 I Net.207428NetworkSpeedM:  runInUI refreshSpeed
06-12 22:46:31.580  2340  2340 I Net.207428NetworkSpeedM: value=36.0speed = 36.0B/smIsShowLastSpeedValuefalse
06-12 22:46:31.581  2340  2340 I NetworkSpeedView: /update(), speed=36.0B/s
06-12 22:46:31.582  2340  2340 I NetworkSpeedView: /update(), speed=36.0B/s
06-12 22:46:31.677  1306  2289 I chatty  : uid=1000(system) HuaweiWifiWatch expire 10 lines
06-12 22:46:31.677  1306 11851 I chatty  : uid=1000 system_server expire 2 lines
06-12 22:46:31.983  2551  2860 D HwWifiStatStore: handleMessage : 200
06-12 22:46:32.384  6976  7028 D MSF.D.RemoteServiceProxy: found timeout req, appseq is 158
06-12 22:46:32.768  2340  2340 D StatusBarIconController: setIconVisibility icon is null or visibility not change visibility=false
06-12 22:46:32.768  2340  2340 D NetWorkUtils: mVSimCurCardType is -1
06-12 22:46:32.768  2340  2340 E ndroid.systemu: Invalid ID 0x00000000.
06-12 22:46:32.768  2340  2340 E HwNotchUtils: setIconForView iconId is not found
06-12 22:46:32.768  2340  2340 D StatusBarIconController: setIconVisibility icon is null or visibility not change visibility=false
06-12 22:46:32.768  2340  2340 D NetWorkUtils: mVSimCurCardType is -1
06-12 22:46:32.769  2340  2340 E ndroid.systemu: Invalid ID 0x00000000.
06-12 22:46:32.769  2340  2340 E HwNotchUtils: setIconForView iconId is not found
06-12 22:46:32.769  2340  2340 D StatusBarIconController: setIconVisibility icon is null or visibility not change visibility=false
06-12 22:46:32.769  2340  2340 D NetWorkUtils: mVSimCurCardType is -1
06-12 22:46:32.769  2340  2340 E ndroid.systemu: Invalid ID 0x00000000.
06-12 22:46:32.769  2340  2340 E HwNotchUtils: setIconForView iconId is not found
06-12 22:46:34.418   596   596 E WifiHAL : enter wifi_get_link_stats
06-12 22:46:34.576  2340  2340 I Net.207428NetworkSpeedM: mIsStop = false
06-12 22:46:34.577  2340  2466 I Net.207429NetworkSpeedM:  runInThread getTetherStats
06-12 22:46:34.583  2340  2340 I Net.207429NetworkSpeedM:  runInUI refreshSpeed
06-12 22:46:34.584  2340  2340 I Net.207429NetworkSpeedM: value=0.0speed = 0.00K/smIsShowLastSpeedValuefalse
06-12 22:46:34.584  2340  2340 I NetworkSpeedView: /update(), speed=0.00K/s
06-12 22:46:34.585  2340  2340 I NetworkSpeedView: /update(), speed=0.00K/s
06-12 22:46:34.694  2564  3746 I HwNaturalBase: [ServiceGuarder]: 48890Kb ram is used.
06-12 22:46:34.694  1306  1454 D HwBatteryService: onUEvent fcpStatus = 0,scpStatus =0,ovpStatus=0
06-12 22:46:34.695  1306  1454 I HwBatteryService: quick charge status : 0
06-12 22:46:34.696  1306  1454 I HwBatteryService: handleWirelessTxStatus
06-12 22:46:34.696  1306  1454 I HwBatteryService: switch not open, return, mWirelessTxFlag : 0
06-12 22:46:34.696  1306  1454 I UsbDeviceManager: water_intrused state= 0
06-12 22:46:34.991  2551  2860 D HwWifiStatStore: handleMessage : 200
06-12 22:46:35.915  1306  2464 W Watchdog: hungtask: writing kick
06-12 22:46:36.695  1306  1467 I chatty  : uid=1000(system) AlarmManager expire 7 lines
06-12 22:46:36.706  1306 10300 V BroadcastQueue: Finished with ordered broadcast BroadcastRecord{8dcab8c u0 com.google.android.intent.action.GCM_RECONNECT}
06-12 22:46:37.448   596   596 E WifiHAL : enter wifi_get_link_stats
06-12 22:46:37.580  2340  2340 I Net.207429NetworkSpeedM: mIsStop = false
06-12 22:46:37.581  2340  2466 I Net.207430NetworkSpeedM:  runInThread getTetherStats
06-12 22:46:37.592  2340  2340 I Net.207430NetworkSpeedM:  runInUI refreshSpeed
06-12 22:46:37.593  2340  2340 I Net.207430NetworkSpeedM: value=0.0speed = 0.00K/smIsShowLastSpeedValuefalse
06-12 22:46:37.593  2340  2340 I NetworkSpeedView: /update(), speed=0.00K/s
06-12 22:46:37.605  1306 10300 V BroadcastQueue: Finished with ordered broadcast BroadcastRecord{c81e2d5 u0 com.tencent.mm.plugin.report.service.KVCommCrossProcessReceiver}
06-12 22:46:37.747  5016 11852 E WakeLock: GCM_HB_ALARM release without a matched acquire!
06-12 22:46:38.000  2551  2860 D HwWifiStatStore: handleMessage : 200
06-12 22:46:38.771  5016 11854 E WakeLock: GCM_HB_ALARM release without a matched acquire!
06-12 22:46:38.774  1306  2221 D ConnectivityService: reportNetworkConnectivity(542, false) by 10099
06-12 22:46:38.775  1306 11576 I chatty  : uid=1000(system) NetworkMonitorN expire 11 lines
06-12 22:46:38.839  1306  1306 I chatty  : uid=1000 system_server expire 16 lines
06-12 22:46:38.841  1306  2221 D ConnectivityService: NetworkAgentInfo [WIFI () - 542] validation passed
06-12 22:46:39.681  1306  2212 I chatty  : uid=1000(system) WifiService expire 44 lines
06-12 22:46:39.684  1306 11858 I chatty  : uid=1000 system_server expire 1 line
06-12 22:46:39.773  6976  7002 D BatteryStats.BgCpu: bgPrintCpuCostSofar msfrecv=1877[7153],   fts=1310[7268]
06-12 22:46:40.471   596   596 E WifiHAL : enter wifi_get_link_stats
06-12 22:46:40.485  1306  2213 I chatty  : uid=1000(system) WifiStateMachin expire 14 lines
06-12 22:46:40.486 11859 11859 E JankService: child Thread receive to stop
06-12 22:46:40.587  2960  3093 E JankService: all data read ok
06-12 22:46:40.748   698   698 E Thermal-daemon: [ap] temp_new :34  temp_old :35
06-12 22:46:40.750  2583  2595 I chatty  : uid=1000(system) Binder:2583_2 expire 8 lines
06-12 22:46:40.751   698   698 E Thermal-daemon: Report temperature: [ap] temp :34  report_threshold:1
06-12 22:46:41.009  2551  2860 D HwWifiStatStore: handleMessage : 200
06-12 22:46:41.619 11860 11860 W ls      : type=1400 audit(0.0:1080631): avc: denied { getattr } for path="/init.usb.configfs.rc" dev="dm-0" ino=67 scontext=u:r:shell:s0 tcontext=u:object_r:rootfs:s0 tclass=file permissive=0
06-12 22:46:41.619 11860 11860 W ls      : type=1400 audit(0.0:1080632): avc: denied { getattr } for path="/fstab.zram1024m" dev="dm-0" ino=19 scontext=u:r:shell:s0 tcontext=u:object_r:rootfs:s0 tclass=file permissive=0
06-12 22:46:41.619 11860 11860 W ls      : type=1400 audit(0.0:1080633): avc: denied { getattr } for path="/init.rc" dev="dm-0" ino=66 scontext=u:r:shell:s0 tcontext=u:object_r:rootfs:s0 tclass=file permissive=0
06-12 22:46:41.619 11860 11860 W ls      : type=1400 audit(0.0:1080634): avc: denied { getattr } for path="/init" dev="dm-0" ino=82 scontext=u:r:shell:s0 tcontext=u:object_r:init_exec:s0 tclass=file permissive=0
06-12 22:46:41.619 11860 11860 W ls      : type=1400 audit(0.0:1080635): avc: denied { getattr } for path="/fstab.zram768m" dev="dm-0" ino=68 scontext=u:r:shell:s0 tcontext=u:object_r:rootfs:s0 tclass=file permissive=0
06-12 22:46:41.619 11860 11860 W ls      : type=1400 audit(0.0:1080636): avc: denied { getattr } for path="/init.usb.rc" dev="dm-0" ino=81 scontext=u:r:shell:s0 tcontext=u:object_r:rootfs:s0 tclass=file permissive=0
06-12 22:46:41.619 11860 11860 W ls      : type=1400 audit(0.0:1080637): avc: denied { getattr } for path="/init.zygote32.rc" dev="dm-0" ino=77 scontext=u:r:shell:s0 tcontext=u:object_r:rootfs:s0 tclass=file permissive=0
06-12 22:46:41.619 11860 11860 W ls      : type=1400 audit(0.0:1080638): avc: denied { getattr } for path="/modem_log" dev="mmcblk0p11" ino=2 scontext=u:r:shell:s0 tcontext=u:object_r:modem_log_file:s0 tclass=dir permissive=0
06-12 22:46:41.619 11860 11860 W ls      : type=1400 audit(0.0:1080639): avc: denied { getattr } for path="/init.environ.rc" dev="dm-0" ino=76 scontext=u:r:shell:s0 tcontext=u:object_r:rootfs:s0 tclass=file permissive=0
06-12 22:46:41.619 11860 11860 W ls      : type=1400 audit(0.0:1080640): avc: denied { getattr } for path="/fstab.zram256m" dev="dm-0" ino=74 scontext=u:r:shell:s0 tcontext=u:object_r:rootfs:s0 tclass=file permissive=0
06-12 22:46:41.619 11860 11860 W ls      : type=1400 audit(0.0:1080641): avc: denied { getattr } for path="/init.zygote64_32.rc" dev="dm-0" ino=26 scontext=u:r:shell:s0 tcontext=u:object_r:rootfs:s0 tclass=file permissive=0
06-12 22:46:41.619 11860 11860 W ls      : type=1400 audit(0.0:1080642): avc: denied { getattr } for path="/fstab.zram2240m" dev="dm-0" ino=70 scontext=u:r:shell:s0 tcontext=u:object_r:rootfs:s0 tclass=file permissive=0
06-12 22:46:41.619 11860 11860 W ls      : type=1400 audit(0.0:1080643): avc: denied { getattr } for path="/sec_storage" dev="mmcblk0p10" ino=2 scontext=u:r:shell:s0 tcontext=u:object_r:teecd_data_file:s0 tclass=dir permissive=0
06-12 22:46:41.619 11860 11860 W ls      : type=1400 audit(0.0:1080644): avc: denied { getattr } for path="/fstab.zram4096m" dev="dm-0" ino=18 scontext=u:r:shell:s0 tcontext=u:object_r:rootfs:s0 tclass=file permissive=0
06-12 22:46:41.619 11860 11860 W ls      : type=1400 audit(0.0:1080645): avc: denied { getattr } for path="/fstab.zram1536m" dev="dm-0" ino=12 scontext=u:r:shell:s0 tcontext=u:object_r:rootfs:s0 tclass=file permissive=0
06-12 22:46:41.619 11860 11860 W ls      : type=1400 audit(0.0:1080646): avc: denied { getattr } for path="/resetFactory.cfg" dev="dm-0" ino=90 scontext=u:r:shell:s0 tcontext=u:object_r:rootfs:s0 tclass=file permissive=0
06-12 22:46:41.619 11860 11860 W ls      : type=1400 audit(0.0:1080647): avc: denied { getattr } for path="/fstab.zram1280m" dev="dm-0" ino=59 scontext=u:r:shell:s0 tcontext=u:object_r:rootfs:s0 tclass=file permissive=0
06-12 22:46:41.619 11860 11860 W ls      : type=1400 audit(0.0:1080648): avc: denied { getattr } for path="/fstab.zram512m" dev="dm-0" ino=60 scontext=u:r:shell:s0 tcontext=u:object_r:rootfs:s0 tclass=file permissive=0
06-12 22:46:41.619 11860 11860 W ls      : type=1400 audit(0.0:1080649): avc: denied { getattr } for path="/ueventd.rc" dev="dm-0" ino=72 scontext=u:r:shell:s0 tcontext=u:object_r:rootfs:s0 tclass=file permissive=0
06-12 22:46:41.619 11860 11860 W ls      : type=1400 audit(0.0:1080650): avc: denied { getattr } for path="/verity_key" dev="dm-0" ino=71 scontext=u:r:shell:s0 tcontext=u:object_r:rootfs:s0 tclass=file permissive=0
06-12 22:46:43.445  2528  2858 I HidataAppQoeP: handleStateChanged reason=6
06-12 22:46:43.445  2528  2858 I BrowserChrP: handleStateChanged
06-12 22:46:43.493   596   596 E WifiHAL : enter wifi_get_link_stats
06-12 22:46:43.586  2340  2340 I chatty  : uid=10039(com.huawei.HwMultiScreenShot) com.android.systemui expire 64 lines
06-12 22:46:44.017  2551  2860 D HwWifiStatStore: handleMessage : 200
06-12 22:46:45.436  7031  7104 D WorkerThreadMonitor: Kill MSF check result[ senderSize:0,sendInterval:41054,receiveInterval=10835,addCmdCount=82
06-12 22:46:46.142  6976  7344 I SmartThreadExecutor: handleMessage: start check 0
06-12 22:46:46.143  6976  7344 I SmartThreadExecutor: handleMessage: check end 0 -14 false
06-12 22:46:46.515   596   596 E WifiHAL : enter wifi_get_link_stats
06-12 22:46:47.028  2551  2860 D HwWifiStatStore: handleMessage : 200
06-12 22:46:47.692  1306 11867 I chatty  : uid=1000 system_server expire 1 line
06-12 22:46:49.456  2528  2858 I HidataAppQoeP: handleStateChanged reason=6
06-12 22:46:49.456  2528  2858 I BrowserChrP: handleStateChanged
06-12 22:46:49.539   596   596 E WifiHAL : enter wifi_get_link_stats
06-12 22:46:50.038  2551  2860 D HwWifiStatStore: handleMessage : 200
06-12 22:46:50.757   698   698 E Thermal-daemon: [flash_led] temp_new :35  temp_old :34
06-12 22:46:50.759   698   698 E Thermal-daemon: Report temperature: [flash_led] temp :35  report_threshold:1
06-12 22:46:51.392   697   781 I storaged: storaged_t::event: storage_info refreshed.
06-12 22:46:52.563   596   596 E WifiHAL : enter wifi_get_link_stats
06-12 22:46:53.048  2551  2860 D HwWifiStatStore: handleMessage : 200
06-12 22:46:53.696  1306  1306 I HwAlarmManagerService: hwSetAlarm listenerTag: *job.heartbeat*
06-12 22:46:55.592   596   596 E WifiHAL : enter wifi_get_link_stats
06-12 22:46:55.691  1306  2212 I chatty  : uid=1000(system) WifiService expire 45 lines
06-12 22:46:55.691  1306 11868 I chatty  : uid=1000 system_server expire 1 line
06-12 22:46:55.763   698   698 E Thermal-daemon: [battery] temp_new :33  temp_old :32
06-12 22:46:55.765   698   698 E Thermal-daemon: Report temperature: [battery] temp :33  report_threshold:1
06-12 22:46:56.057  2551  2860 D HwWifiStatStore: handleMessage : 200
06-12 22:46:57.800  2528  2528 I chatty  : uid=1000(system) com.huawei.systemserver expire 10 lines
06-12 22:46:57.800  2528  2858 I HidataAppQoeP: handleStateChanged reason=6
06-12 22:46:57.801  2528  2858 I BrowserChrP: handleStateChanged
06-12 22:46:58.599  2340  2340 I chatty  : uid=10039(com.huawei.HwMultiScreenShot) com.android.systemui expire 116 lines
06-12 22:46:58.619   596   596 E WifiHAL : enter wifi_get_link_stats
06-12 22:46:58.633  1306  2213 I chatty  : uid=1000(system) WifiStateMachin expire 12 lines
06-12 22:46:58.889  2551  2571 D NcDft_ServiceImpl: notifyNcDftEvent domain is : 1 ;eventID is: 1121 ;bundle is Bundle[mParcelledData.dataSize=84]
06-12 22:46:58.890  2551  2796 D HwWifiCHRStateManager: handleMessage : 1121
06-12 22:46:58.890  2551  2796 E HwCHRWifiRSSIGroupSummery: updatArpSummery mRSSI:-1  HwCHRWifiRSSIGroup [rssi_index=4, rtt_tcp_packets=0, rtt_tcp_duration=0, rtt_lan_duration=77418, rtt_lan_failures=123, rtt_lan_succ=2170, rtt_lan_max=940, rtt_lan_min=1,same_area_frequency=0,adjacent_area_frequency=0]
06-12 22:46:59.067  2551  2860 D HwWifiStatStore: handleMessage : 200
06-12 22:46:59.375   551   616 D         : Received kernel message payload: chr_event 9
06-12 22:46:59.375   551   616 I         : netd received web stat infomation,trigger chr report!
06-12 22:46:59.375   551   616 I         : netd received web stat infomation,trigger chr report!
06-12 22:46:59.375   551   616 I         : ReportType 0 0 0 0 0 0 0 0 0 0 0 0 0 0 0 0 0 0 0 0 0 0 0 0 0 0 0 0 0 0 0 0 0 0 0 0 0 0 0 0 0 0 0 0 0 0 0 0 0 0 0 0 0 0 0 0 0 0 0 0 0 0 0 0 0 0 0 0 0 0 0 0 0 0 0 0 0 0 0 0 0 0 0 0 0 0 0 0 0 0 0 0 0 0 0 0 0 0 0 0 0 0 0 0 0 0 0 0 0 0 0 0 0 0 0 0 0 0 0 0 0 0 0 0 0 0 0 0 0 0 0 0 0 0 0 0 0 0 0 0 0 0 0 0 0 0 0 0 0 0 0 0 0 0 0 0 0 0 0 0 0 0 0 0 0 0 0 0 0 0 0 0 0 0 0 0 0 0 0 0 0 0 0 0 0 0 0 0 0 0 0 0 0 0 0 0 0 0 0 0 0 0 0 0 0 0 0 0 0 0 0 0 0 0 0 0 0 0 0 0 0 0 0 0 0 0 0 0 0 ReportType 0 0 0 0 0 1 1 0 0 0 0 0 0 0 0 0 0 0 0 0 0 0 0 0 0 0 0 0 0 0 0 0 0 0 0 0 0 0 0 0 0 0 0 0 0 0 0 0 0 0 0 0 0 0 0 0 0 0 0 0 0 0 0 0 0 0 0 0 0 0 0 0 0 0 0 0 0 0 0 0 0 0 0 0 0 0 0 0 0 0 0 0 0 0 0 0 0 0 0 0 0 0 0 0 0 0 0 0 0 0 0 0 0 0 0 0 0 0 0 0 0 0 0 0 0 0 0 0 0 0 0 0 0 0 0 0 0 0 0 0 0 0 0 0 0 0 0 0 0 0 0 0 0 0 0 0 0 0 0 0 0 0 0 0 0 0 0 0 0 0 0 0 0 0 0 0 0 0 0 0 0 0 0 0 0 0 0 0 0 0 0 0 0 0 0 0 0 0 0 0 0 0 0 0 0 0 0 0 0 0 0 0 0 0 0 0 0 0 0 0 0 0 0 0 0 0 0 0 0
06-12 22:46:59.375   551   616 W SocketListener: sending broadcast to Pid = 1306, Uid = 1000 
06-12 22:46:59.379  1306  2206 D NetdConnector: RCV <- {661 ReportType 0 0 0 0 0 0 0 0 0 0 0 0 0 0 0 0 0 0 0 0 0 0 0 0 0 0 0 0 0 0 0 0 0 0 0 0 0 0 0 0 0 0 0 0 0 0 0 0 0 0 0 0 0 0 0 0 0 0 0 0 0 0 0 0 0 0 0 0 0 0 0 0 0 0 0 0 0 0 0 0 0 0 0 0 0 0 0 0 0 0 0 0 0 0 0 0 0 0 0 0 0 0 0 0 0 0 0 0 0 0 0 0 0 0 0 0 0 0 0 0 0 0 0 0 0 0 0 0 0 0 0 0 0 0 0 0 0 0 0 0 0 0 0 0 0 0 0 0 0 0 0 0 0 0 0 0 0 0 0 0 0 0 0 0 0 0 0 0 0 0 0 0 0 0 0 0 0 0 0 0 0 0 0 0 0 0 0 0 0 0 0 0 0 0 0 0 0 0 0 0 0 0 0 0 0 0 0 0 0 0 0 0 0 0 0 0 0 0 0 0 0 0 0 0 0 0 0 0 0 ReportType 0 0 0 0 0 1 1 0 0 0 0 0 0 0 0 0 0 0 0 0 0 0 0 0 0 0 0 0 0 0 0 0 0 0 0 0 0 0 0 0 0 0 0 0 0 0 0 0 0 0 0 0 0 0 0 0 0 0 0 0 0 0 0 0 0 0 0 0 0 0 0 0 0 0 0 0 0 0 0 0 0 0 0 0 0 0 0 0 0 0 0 0 0 0 0 0 0 0 0 0 0 0 0 0 0 0 0 0 0 0 0 0 0 0 0 0 0 0 0 0 0 0 0 0 0 0 0 0 0 0 0 0 0 0 0 0 0 0 0 0 0 0 0 0 0 0 0 0 0 0 0 0 0 0 0 0 0 0 0 0 0 0 0 0 0 0 0 0 0 0 0 0 0 0 0 0 0 0 0 0 0 0 0 0 0 0 0 0 0 0 0 0 0 0 0 0 0 0 0 0 0 0 0 0 0 0 0 0 0 0 0 0 0 0 0 0 0 0 0 0 0 0 0 0 0 0 0 0 0}
06-12 22:46:59.384  1306  2206 D NetdConnector: RCV <- {661 ReportType 0 0 0 0 0 0 0 0 0 0 0 0 0 0 0 0 0 0 0 0 0 0 0 0 0 0 0 0 0 0 0 0 0 0 0 0 0 0 0 0 0 0 0 0 0 0 0 0 0 0 0 0 0 0 0 0 0 0 0 0 0 0 0 0 0 0 0 0 0 0 0 0 0 0 0 0 0 0 0 0 0 0 0 0 0 0 0 0 0 0 0 0 0 0 0 0 0 0 0 0 0 0 0 0 0 0 0 0 0 0 0 0 0 0 0 0 0 0 0 0 0 0 0 0 0 0 0 0 0 0 0 0 0 0 0 0 0 0 0 0 0 0 0 0 0 0 0 0 0 0 0 0 0 0 0 0 0 0 0 0 0 0 0 0 0 0 0 0 0 0 0 0 0 0 0 0 0 0 0 0 0 0 0 0 0 0 0 0 0 0 0 0 0 0 0 0 0 0 0 0 0 0 0 0 0 0 0 0 0 0 0 0 0 0 0 0 0 0 0 0 0 0 0 0 0 0 0 0 0 ReportType 0 0 0 0 0 1 1 0 0 0 0 0 0 0 0 0 0 0 0 0 0 0 0 0 0 0 0 0 0 0 0 0 0 0 0 0 0 0 0 0 0 0 0 0 0 0 0 0 0 0 0 0 0 0 0 0 0 0 0 0 0 0 0 0 0 0 0 0 0 0 0 0 0 0 0 0 0 0 0 0 0 0 0 0 0 0 0 0 0 0 0 0 0 0 0 0 0 0 0 0 0 0 0 0 0 0 0 0 0 0 0 0 0 0 0 0 0 0 0 0 0 0 0 0 0 0 0 0 0 0 0 0 0 0 0 0 0 0 0 0 0 0 0 0 0 0 0 0 0 0 0 0 0 0 0 0 0 0 0 0 0 0 0 0 0 0 0 0 0 0 0 0 0 0 0 0 0 0 0 0 0 0 0 0 0 0 0 0 0 0 0 0 0 0 0 0 0 0 0 0 0 0 0 0 0 0 0 0 0 0 0 0 0 0 0 0 0 0 0 0 0 0 0 0 0 0 0 0 0}
06-12 22:46:59.386  1306  1337 D NetdConnector: RCV unsolicited event from native daemon, event = 661
