06-12 22:45:57.563  1617  1617 D wpa_supp: nl80211: Scan included frequencies: 2412 2417 2422 2427 2432 2437 2442 2447 2452 2457 2462 2467 2472 5180 5200 5220 5240 5260 5280 5300 5320 5745 5765 5785 5805 5825
06-12 22:45:57.563  1617  1617 D wpa_supp: wlan0: Event SCAN_RESULTS (3) received
06-12 22:45:57.565  1306  2888 I chatty  : uid=1000(system) Binder:1306_8 expire 3 lines
06-12 22:45:57.565  1617  1617 D wpa_supp: nl80211: Scan results indicate BSS status with 14:**:**:**:06:f8 as associated
06-12 22:45:57.565  1617  1617 D wpa_supp: OKC-Native: Okc ie is valid
06-12 22:45:57.565  1617  1617 D wpa_supp: OKC-Native: Receive okc ie, bssid=bc:**:**:**:eb:ac Target MAC=bc:**:**:**:eb:ac
06-12 22:45:57.566  1617  1617 D wpa_supp: wlan0: New scan results available (own=0 ext=1)
06-12 22:45:57.566  1617  1617 D wpa_supp: wlan0: Do not use results from externally requested scan operation for network selection
06-12 22:45:57.567  1617  1617 D wpa_supp: OKC-Native: Okc ie is valid
06-12 22:45:57.567  1617  1617 D wpa_supp: OKC-Native: Receive okc ie, bssid=bc:**:**:**:eb:ac Target MAC=bc:**:**:**:eb:ac
06-12 22:45:57.567  1617  1617 D wpa_supp: p2p-dev-wlan0: New scan results available (own=0 ext=1)
06-12 22:45:57.567  1617  1617 D wpa_supp: p2p-dev-wlan0: Do not use results from externally requested scan operation for network selection
06-12 22:45:57.601  1306  2213 I chatty  : uid=1000(system) WifiStateMachin expire 601 lines
06-12 22:45:57.609  2507  2507 D HwLBSService.HwNLPWifiScanManager: isScanned: true
06-12 22:45:57.637  1306  2212 I chatty  : uid=1000(system) WifiService expire 32 lines
06-12 22:45:57.670  1617  1617 D wpa_supp: Deregistering network from hidl control: 0
06-12 22:45:57.673  1617  1617 D wpa_supp: wlan0: Request to deauthenticate - bssid=14:**:**:**:06:f8 pending_bssid=00:**:**:**:00:00 reason=3 state=COMPLETED
06-12 22:45:57.682   551   616 D         : Received kernel message payload: chr_event 9
06-12 22:45:57.682   551   616 I         : netd received web stat infomation,trigger chr report!
06-12 22:45:57.682   551   616 I         : netd received web stat infomation,trigger chr report!
06-12 22:45:57.682   551   616 I         : ReportType 0 0 0 0 0 0 0 0 0 0 0 0 0 0 0 0 0 0 0 0 0 0 0 0 0 0 0 0 0 0 0 0 0 0 0 0 0 0 0 0 0 0 0 0 0 0 0 0 0 0 0 0 0 0 0 0 0 0 0 0 0 0 0 0 0 0 0 0 0 0 0 0 0 0 0 0 0 0 0 0 0 0 0 0 0 0 0 0 0 0 0 0 0 0 0 0 0 0 0 0 0 0 0 0 0 0 0 0 0 0 0 0 0 0 0 0 0 0 0 0 0 0 0 0 0 0 0 0 0 0 0 0 0 0 0 0 0 0 0 0 0 0 0 0 0 0 0 0 0 0 0 0 0 0 0 0 0 0 0 0 0 0 0 0 0 0 0 0 0 0 0 0 0 0 0 0 0 0 0 0 0 0 0 0 0 0 0 0 0 0 0 0 0 0 0 0 0 0 0 0 0 0 0 0 0 0 0 0 0 0 0 0 0 0 0 0 0 0 0 0 0 0 0 0 0 0 0 0 0 ReportType 0 0 0 0 0 0 0 0 0 0 0 0 0 0 0 0 0 0 0 0 0 0 0 0 0 0 0 0 0 0 0 0 0 0 0 0 0 0 0 0 0 0 0 0 0 0 0 0 0 0 0 0 0 0 0 0 0 0 0 0 0 0 0 0 0 0 0 0 0 0 0 0 0 0 0 0 0 0 0 0 0 0 0 0 0 0 0 0 0 0 0 0 0 0 0 0 0 0 0 0 0 0 0 0 0 0 0 0 0 0 0 0 0 0 0 0 0 0 0 0 0 0 0 0 0 0 0 0 0 0 0 0 0 0 0 0 0 0 0 0 0 0 0 0 0 0 0 0 0 0 0 0 0 0 0 0 0 0 0 0 0 0 0 0 0 0 0 0 0 0 0 0 0 0 0 0 0 0 0 0 0 0 0 0 0 0 0 0 0 0 0 0 0 0 0 0 0 0 0 0 0 0 0 0 0 0 0 0 0 0 0 0 0 0 0 0 0 0 0 0 0 0 0 0 0 0 0 0 0
06-12 22:45:57.684  1617  1617 D wpa_supp: wlan0: Event DEAUTH (11) received
06-12 22:45:57.684  1617  1617 D wpa_supp: wlan0:  * reason 3 (locally generated)
06-12 22:45:57.684  1617  1617 I wpa_supp: wlan0: CTRL-EVENT-DISCONNECTED bssid=14:**:**:**:06:f8 reason=3 locally_generated=1
06-12 22:45:57.695  1306  1337 I chatty  : uid=1000(system) android.fg expire 7 lines
06-12 22:45:57.705  1617  1617 E wpa_supp: wpa_iface_get:Fail to get current interface name, ret=6
06-12 22:45:57.706  1617  1617 D wpa_supp: wlan0: Auto connect disabled: do not try to re-connect
06-12 22:45:57.706  1617  1617 D wpa_supp: wlan0: Ignore connection failure due to local request to disconnect
06-12 22:45:57.706  1617  1617 D wpa_supp: Notifying disconnect reason to hidl control: -3
06-12 22:45:57.706  1617  1617 D wpa_supp: wlan0: Disconnect event - remove keys
06-12 22:45:57.710  1617  1617 D wpa_supp:    addr=14:**:**:**:06:f8
06-12 22:45:57.713  1617  1617 D wpa_supp: wlan0: State: COMPLETED -> DISCONNECTED
06-12 22:45:57.713  1617  1617 D wpa_supp: mdpp-wpa: MDPP switch is off
06-12 22:45:57.713  1617  1617 D wpa_supp: set wlan mtu to 1500
06-12 22:45:57.714  1617  1617 D wpa_supp: Notifying state change event to hidl control: 0
06-12 22:45:57.718  1617  1617 D wpa_supp: drv_cmd: SETBLOCKFRAME 0 0, ret=3
06-12 22:45:57.718  1617  1617 D wpa_supp: Notifying bssid changed to hidl control
06-12 22:45:57.719  1617  1617 D wpa_supp: wlan0: State: DISCONNECTED -> DISCONNECTED
06-12 22:45:57.719  1617  1617 D wpa_supp: mdpp-wpa: MDPP switch is off
06-12 22:45:57.719  1617  1617 D wpa_supp: drv_cmd: SETBLOCKFRAME 0 0, ret=3
06-12 22:45:57.720  1617  1617 D wpa_supp: Registering network to hidl control: 0
06-12 22:45:57.724  1617  1617 D wpa_supp: nl80211: Drv Event 48 (NL80211_CMD_DISCONNECT) received for wlan0
06-12 22:45:57.724  1617  1617 D wpa_supp: nl80211: Ignore disconnect event triggered during reassociation
06-12 22:45:57.745   704  3598 I AwareLog: HiberManagerService::do_reclaim ok, pid=5016, reclaimAll = 1
06-12 22:45:57.745   704  3598 I AwareLog: HiberManagerService::getReclaimResult:reclaim_kb=28924, swap_kb=28052, swap_us=263536
06-12 22:45:57.745   704  3598 I AwareLog: HibStrategy::HibStrategySwapCandidateProcessRemove packagename is com.google.android.gms
06-12 22:45:57.746   704  3598 I AwareLog: HiberManagerService::sendMessagetoHiberTask successful
06-12 22:45:57.746   704   732 I AwareLog: HibSTrategy::HibStrategySwapCandidateProcessAdd packagename com.huawei.suggestion
06-12 22:45:57.775  2583  2595 I PGServer: getTopFrontApp. calling pkg: android
06-12 22:45:57.795   704  3598 I AwareLog: HibStrategy::HibStrategySwapCandidateProcessRemove packagename is com.huawei.suggestion
06-12 22:45:57.795   704  3598 I AwareLog: HiberManagerService::sendMessagetoHiberTask successful
06-12 22:45:57.835  1617  1617 D wpa_supp: wlan0: Scan results matching the currently selected network
06-12 22:45:57.836  1617  1617 D wpa_supp: wlan0:    selected BSS 0c:**:**:**:3b:c1 ssid='TP-LINK-CF'
06-12 22:45:57.836  1617  1617 D wpa_supp: wlan0: Request association with 0c:**:**:**:3b:c1
06-12 22:45:57.836  1617  1617 D wpa_supp: set wlan mtu to 1500
06-12 22:45:57.837  1617  1617 I wpa_supp: wlan0: Trying to associate with SSID 'TP-LINK-CF'
06-12 22:45:57.837  1617  1617 E wpa_supp: wlan0: ssid->assoc_retry=0
06-12 22:45:57.838  1617  1617 D wpa_supp: RSN: PMKSA cache search - network_ctx=0x7445491e00 try_opportunistic=0
06-12 22:45:57.838  1617  1617 D wpa_supp: RSN: Search for BSSID 0c:**:**:**:3b:c1
06-12 22:45:57.838  1617  1617 D wpa_supp: RSN: No PMKSA cache entry found
06-12 22:45:57.838  1617  1617 D wpa_supp: wlan0: WPA: Selected cipher suites: group 8 pairwise 24 key_mgmt 2 proto 2
06-12 22:45:57.838  1617  1617 D wpa_supp: wlan0: WPA: not using MGMT group cipher
06-12 22:45:57.838  1617  1617 D wpa_supp: wlan0: Automatic auth_alg selection: 0x1
06-12 22:45:57.838  1617  1617 D wpa_supp: wlan0: Overriding auth_alg selection: 0x1
06-12 22:45:57.838  1617  1617 D wpa_supp: wlan0: State: DISCONNECTED -> ASSOCIATING
06-12 22:45:57.838  1617  1617 D wpa_supp: mdpp-wpa: MDPP switch is off
06-12 22:45:57.838  1617  1617 D wpa_supp: WPS: AP vendor specific ies from wpa_bss
06-12 22:45:57.838  1617  1617 D wpa_supp: Notifying state change event to hidl control: 5
06-12 22:45:57.839  1617  1617 D wpa_supp: Limit connection to BSSID 0c:**:**:**:3b:c1 freq=2442 MHz based on scan results (bssid_set=1 wps=0)
06-12 22:45:57.839  1617  1617 D wpa_supp: nl80211: Set mode ifindex 29 iftype 2 (STATION)
06-12 22:45:57.839  1617  1617 D wpa_supp: nl80211: Subscribe to mgmt frames with non-AP handle 0x7445432b40
06-12 22:45:57.841  1617  1617 D wpa_supp: nl80211: Connect (ifindex=29)
06-12 22:45:57.841  1617  1617 D wpa_supp:   * bssid=0c:**:**:**:3b:c1
06-12 22:45:57.841  1617  1617 D wpa_supp:   * freq=2442
06-12 22:45:57.841  1617  1617 D wpa_supp: nl80211_connect_common: params->wpa_ie: [30][14][01][00]
06-12 22:45:57.841  1617  1617 D wpa_supp:   * pairwise=0xfac04
06-12 22:45:57.841  1617  1617 D wpa_supp:   * group=0xfac02
06-12 22:45:57.841  1617  1617 D wpa_supp:   * Auth Type 0
06-12 22:45:57.849  1306  1493 I chatty  : uid=1000(system) HwBinder:1306_3 expire 1 line
06-12 22:45:57.851  1617  1617 D wpa_supp: nl80211: Connect request send successfully
06-12 22:45:57.851  1617  1617 D wpa_supp: Not configuring frame filtering - BSS 00:**:**:**:00:00 is not a Hotspot 2.0 network
06-12 22:45:57.865  2551  2796 I chatty  : uid=1000(system) HwWifiCHRStateM expire 13 lines
06-12 22:45:57.873  1306  1693 I chatty  : uid=1000(system) IpClient.wlan0 expire 19 lines
06-12 22:45:57.884  1617  1617 D wpa_supp: wlan0: Network bssid config changed for the current network - within-ESS roaming enabled
06-12 22:45:57.885  1617  1617 D wpa_supp: nl80211: set_p2p_powersave (legacy_ps=1 opp_ps=-1 ctwindow=-1)
06-12 22:45:57.894   708   806 D SensorHub: batch called handle:17 sample_ns:1000000 latency_ns:0
06-12 22:45:57.894   708   806 D SensorHub: in batch, handle = 17, flags = 0, period_ns = 1000000, timeout = 0
06-12 22:45:57.895   551   551 W Binder:551_2: type=1400 audit(0.0:1080627): avc: denied { write } for name="mtu" dev="sysfs" ino=56686 scontext=u:r:netd:s0 tcontext=u:object_r:sysfs:s0 tclass=file permissive=0
06-12 22:45:57.897  1306  4215 I chatty  : uid=1000(system) mss_handler_thr expire 14 lines
06-12 22:45:57.901  1617  1617 D wpa_supp: Set PowerCtrl :2
06-12 22:45:57.903  1617  1617 E wpa_supp: wl rxchain ioctl failed :ret= -1,err=Math result not representable
06-12 22:45:57.907  1617  1617 D wpa_supp: Set PowerCtrl :2
06-12 22:45:57.910  1617  1617 E wpa_supp: wl rxchain ioctl failed :ret= -1,err=Math result not representable
06-12 22:45:57.914 11567 11567 E         : iptables cmd:iptables-restore
06-12 22:45:57.916  1617  1617 D wpa_supp: nl80211: Drv Event 46 (NL80211_CMD_CONNECT) received for wlan0
06-12 22:45:57.916  1617  1617 D wpa_supp: nl80211: current bssid 00:**:**:**:00:00
06-12 22:45:57.916  1617  1617 D wpa_supp: nl80211: Associated with 0c:**:**:**:3b:c1
06-12 22:45:57.916  1617  1617 D wpa_supp: nl80211: Operating frequency for the associated BSS from scan results: 2442 MHz
06-12 22:45:57.916  1617  1617 D wpa_supp: nl80211: Associated with 0c:**:**:**:3b:c1
06-12 22:45:57.916  1617  1617 D wpa_supp: nl80211: Set drv->ssid based on scan res info to 'TP-LINK-CF'
06-12 22:45:57.916  1617  1617 D wpa_supp: wlan0: Event ASSOC (0) received
06-12 22:45:57.916  1617  1617 D wpa_supp: wpa_supplicant_event_assoc: associated to a wapi network.
06-12 22:45:57.916  1617  1617 D wpa_supp: wlan0: freq=2442 MHz
06-12 22:45:57.916  1617  1617 D wpa_supp: wlan0: State: ASSOCIATING -> ASSOCIATED
06-12 22:45:57.916  1617  1617 D wpa_supp: mdpp-wpa: MDPP switch is off
06-12 22:45:57.916  1617  1617 D wpa_supp: Notifying state change event to hidl control: 6
06-12 22:45:57.917  1617  1617 D wpa_supp: wlan0: Associated to a new BSS: BSSID=0c:**:**:**:3b:c1
06-12 22:45:57.917  1617  1617 D wpa_supp: Notifying bssid changed to hidl control
06-12 22:45:57.917  1617  1617 I wpa_supp: wlan0: Associated with 0c:**:**:**:3b:c1
06-12 22:45:57.917  1617  1617 D wpa_supp: WMM AC: Missing U-APSD configuration
06-12 22:45:57.917  1617  1617 I wpa_supp: wlan0: CTRL-EVENT-SUBNET-STATUS-UPDATE status=0
06-12 22:45:57.924  1617  1617 D wpa_supp: wlan0: RX EAPOL from 0c:**:**:**:3b:c1
06-12 22:45:57.924  1617  1617 D wpa_supp: wlan0: IEEE 802.1X RX: version=2 type=3 length=95
06-12 22:45:57.924  1617  1617 D wpa_supp: wlan0:   EAPOL-Key type=2
06-12 22:45:57.924  1617  1617 D wpa_supp: wlan0:   key_info 0x8a (ver=2 keyidx=0 rsvd=0 Pairwise Ack)
06-12 22:45:57.924  1617  1617 D wpa_supp: wlan0: State: ASSOCIATED -> 4WAY_HANDSHAKE
06-12 22:45:57.924  1617  1617 D wpa_supp: mdpp-wpa: MDPP switch is off
06-12 22:45:57.924  1617  1617 D wpa_supp: Notifying state change event to hidl control: 7
06-12 22:45:57.924  1617  1617 I wpa_supp: wlan0: WPA: RX message 1 of 4-Way Handshake from 0c:**:**:**:3b:c1 (ver=2)
06-12 22:45:57.925  1617  1617 D wpa_supp: WPA: PTK derivation using PRF(SHA1)
06-12 22:45:57.925  1617  1617 I wpa_supp: wlan0: WPA: Sending EAPOL-Key 2/4
06-12 22:45:57.925  1617  1617 D wpa_supp: WPA: Send EAPOL-Key frame to 0c:**:**:**:3b:c1 ver=2 mic_len=16 key_mgmt=0x2
06-12 22:45:57.925  1617  1617 D wpa_supp: WPA: WPA_KEY_INFO_TYPE_HMAC_SHA1_AES
06-12 22:45:57.934  1617  1617 D wpa_supp: wlan0: Event CHANNEL_LIST_CHANGED (27) received
06-12 22:45:57.934 11568 11568 E         : iptables cmd:ip6tables-restore
06-12 22:45:57.934  1617  1617 I wpa_supp: wlan0: CTRL-EVENT-REGDOM-CHANGE init=USER type=COUNTRY alpha2=CN
06-12 22:45:57.934  1617  1617 D wpa_supp: p2p-dev-wlan0: Updating hw mode
06-12 22:45:57.940  1617  1617 D wpa_supp: nl80211: Added 802.11b mode based on 802.11g information
06-12 22:45:57.940  1617  1617 D wpa_supp: wlan0: Updating hw mode
06-12 22:45:57.940  1617  1617 D wpa_supp: nl80211: Added 802.11b mode based on 802.11g information
06-12 22:45:57.946  1306  8940 I chatty  : uid=1000 system_server expire 1 line
06-12 22:45:57.946  1617  1617 D wpa_supp: nl80211: set_p2p_powersave (legacy_ps=1 opp_ps=-1 ctwindow=-1)
06-12 22:45:57.949  1306  2293 I chatty  : uid=1000(system) WifiScanGenie_h expire 9 lines
06-12 22:45:57.949  1306  2220 I chatty  : uid=1000(system) WifiRepeater expire 4 lines
06-12 22:45:57.955  1617  1617 D wpa_supp: wlan0: RX EAPOL from 0c:**:**:**:3b:c1
06-12 22:45:57.955  1617  1617 D wpa_supp: wlan0: IEEE 802.1X RX: version=2 type=3 length=199
06-12 22:45:57.956  1617  1617 D wpa_supp: wlan0:   EAPOL-Key type=2
06-12 22:45:57.956  1617  1617 D wpa_supp: wlan0:   key_info 0x13ca (ver=2 keyidx=0 rsvd=0 Pairwise Install Ack MIC Secure Encr)
06-12 22:45:57.956  1617  1617 D wpa_supp: WPA: WPA_KEY_INFO_TYPE_HMAC_SHA1_AES
06-12 22:45:57.956  1617  1617 D wpa_supp: WPA: Decrypt Key Data using AES-UNWRAP (KEK length 16)
06-12 22:45:57.956  1617  1617 D wpa_supp: wlan0: State: 4WAY_HANDSHAKE -> 4WAY_HANDSHAKE
06-12 22:45:57.956  1617  1617 D wpa_supp: mdpp-wpa: MDPP switch is off
06-12 22:45:57.956  1617  1617 I wpa_supp: wlan0: WPA: RX message 3 of 4-Way Handshake from 0c:**:**:**:3b:c1 (ver=2)
06-12 22:45:57.956  1617  1617 I wpa_supp: wlan0: WPA: Sending EAPOL-Key 4/4
06-12 22:45:57.956  1617  1617 D wpa_supp: WPA: Send EAPOL-Key frame to 0c:**:**:**:3b:c1 ver=2 mic_len=16 key_mgmt=0x2
06-12 22:45:57.956  1617  1617 D wpa_supp: WPA: WPA_KEY_INFO_TYPE_HMAC_SHA1_AES
06-12 22:45:57.956  1617  1617 D wpa_supp: wlan0: WPA: Installing PTK to the driver
06-12 22:45:57.956  1617  1617 D wpa_supp:    addr=0c:**:**:**:3b:c1
06-12 22:45:57.959  1617  1617 D wpa_supp: wlan0: State: 4WAY_HANDSHAKE -> GROUP_HANDSHAKE
06-12 22:45:57.959  1617  1617 D wpa_supp: mdpp-wpa: MDPP switch is off
06-12 22:45:57.959  1617  1617 D wpa_supp: Notifying state change event to hidl control: 8
06-12 22:45:57.960  1617  1617 D wpa_supp: wlan0: WPA: Installing GTK to the driver (keyidx=2 tx=0 len=32)
06-12 22:45:57.961  1617  1617 D wpa_supp:    broadcast key
06-12 22:45:57.961   551   623 D CommandListener: Setting iface cfg
06-12 22:45:57.963  1617  1617 I wpa_supp: wlan0: WPA: Key negotiation completed with 0c:**:**:**:3b:c1 [PTK=CCMP GTK=TKIP]
06-12 22:45:57.963  1617  1617 D wpa_supp: wlan0: State: GROUP_HANDSHAKE -> COMPLETED
06-12 22:45:57.963  1617  1617 D wpa_supp: mdpp-wpa: MDPP switch is off
06-12 22:45:57.964  1617  1617 I wpa_supp: wlan0: CTRL-EVENT-CONNECTED - Connection to 0c:**:**:**:3b:c1 completed [id=0 id_str=%7B%22configKey%22%3A%22%5C%22TP-LINK-CF%5C%22WPA_PSK%22%2C%22creatorUid%22%3A%221000%22%7D]
06-12 22:45:57.974  4222 10876 I chatty  : uid=1000(system) com.huawei.android.pushagent.PushService expire 6 lines
06-12 22:45:57.983   551   611 I Netd    : Destroyed 36 sockets in 19.2 ms
06-12 22:45:57.991  4944  9502 E HiAction_XChannel.RecvThread-1625: run(): inputStream.read SocketException: java.net.SocketException: Software caused connection abort
06-12 22:45:57.991  4944  9502 I HiAction_XChannel.RecvThread-1625: run(): not ETIMEDOUT exception, should refresh pusher address
06-12 22:45:57.992  4944  9502 I HiAction_XChannel.XChannelClient-1625: stopAlarm(): 
06-12 22:45:57.992  4944  9502 I HiAction_XChannel.XChannelService: sdkStatusChange(): 
06-12 22:45:57.993  4944  9502 I HiAction_XChannel.XChannelClient-1625: setIntoMsgQueue(): 
06-12 22:45:57.993  4944  9502 I HiAction_XChannel.RecvThread-1625: run(): RecvThread exit
06-12 22:45:57.994  4944  9503 I HiAction_XChannel.XChannelService: sdkStatusChange(): 
06-12 22:45:57.995   551 11569 D libc    : GetAddrInfoHandler addr: 168.1.1
06-12 22:45:57.995   708   708 D SensorHub: huawei Hal get step event
06-12 22:45:57.995  1306  1487 I chatty  : uid=1000(system) HWExtMotionServ expire 4 lines
06-12 22:45:57.995  1617  1617 D wpa_supp: Notifying state change event to hidl control: 9
06-12 22:45:57.995  1617  1617 D wpa_supp: drv_cmd: SETBLOCKFRAME 0 0, ret=3
06-12 22:45:57.997  1617  1617 D wpa_supp: EAPOL authentication completed - result=SUCCESS
06-12 22:45:57.997  1617  1617 D wpa_supp: mdpp-wpa: MDPP switch is off
06-12 22:45:58.005  1306  2277 I chatty  : uid=1000(system) HwWMStateMachin expire 8 lines
06-12 22:45:58.009   551   611 I Netd    : Destroyed 1 sockets in 0.7 ms
06-12 22:45:58.016  2340 10426 I chatty  : uid=10039(com.huawei.HwMultiScreenShot) pool-5-thread-2 expire 8 lines
06-12 22:45:58.017  4944 11570 I HiAction_XChannel.XChannelSDK: sdkStatusChange(): 
06-12 22:45:58.017  4944 11570 I HiAction_XChannel.a: onSdkStatusChange(): isAvaliable[false] status[PUSH_MSG_UNAVAILABLE]
06-12 22:45:58.019  4222  4239 I chatty  : uid=1000(system) ReceiverDispatc expire 70 lines
06-12 22:45:58.021  2340  2340 I chatty  : uid=10039(com.huawei.HwMultiScreenShot) com.android.systemui expire 72 lines
06-12 22:45:58.022  4222 11572 I chatty  : uid=1000(system) Report-pool-thr expire 6 lines
06-12 22:45:58.023  2528  3613 I chatty  : uid=1000(system) HwStepCounterTh expire 1 line
06-12 22:45:58.023  2528  3611 I chatty  : uid=1000(system) StepCounterRemo expire 1 line
06-12 22:45:58.028  4944  9503 I HiAction_XChannel.XChannelClient-1625: setIntoMsgQueue(): 
06-12 22:45:58.029  4944 11573 I HiAction_XChannel.XChannelSDK: sdkStatusChange(): 
06-12 22:45:58.029  4944 11573 I HiAction_XChannel.a: onSdkStatusChange(): isAvaliable[false] status[PUSH_MSG_UNAVAILABLE]
06-12 22:45:58.034   551   623 D CommandListener: Clearing all IP addresses on wlan0
06-12 22:45:58.036  2340 11574 I chatty  : uid=10039(com.huawei.HwMultiScreenShot) pool-4-thread-7 expire 2 lines
06-12 22:45:58.055  7031  7109 I chatty  : uid=10173(com.tencent.mobileqq) MSFNetHandlerTh expire 6 lines
06-12 22:45:58.058  1617  1617 D wpa_supp: nl80211: Drv Event 33 (NL80211_CMD_TRIGGER_SCAN) received for wlan0
06-12 22:45:58.058  1617  1617 D wpa_supp: wlan0: Event SCAN_STARTED (46) received
06-12 22:45:58.058  1617  1617 D wpa_supp: wlan0: External program started a scan
06-12 22:45:58.058  7031  7112 I chatty  : uid=10173(com.tencent.mobileqq) MsfCoreMsgSende expire 14 lines
06-12 22:45:58.079  2583  2788 E AppInfoMgr: not find pkgs by uid: 1010
06-12 22:45:58.089  1617  1617 D wpa_supp: nl80211: set_p2p_powersave (legacy_ps=1 opp_ps=-1 ctwindow=-1)
06-12 22:45:58.094   596   596 I WifiHAL : 
06-12 22:45:58.094   596   596 I WifiHAL : createRequest: APF get capabilities request
06-12 22:45:58.096   596   596 D WifiHAL : In SetAPFCommand::handleResponse
06-12 22:45:58.096   596   596 D WifiHAL : Id = 0, subcmd = 0, len = 16
06-12 22:45:58.096   596   596 D WifiHAL : Response recieved for get packet filter capabilities command
06-12 22:45:58.096   596   596 I WifiHAL : APF version is 2
06-12 22:45:58.096   596   596 I WifiHAL : APF max len is 1661
06-12 22:45:58.096   596   596 I WifiHAL : Done!
06-12 22:45:58.096   596   596 E WifiHAL : Getting APF capability, version = 2, max_len = 1661
06-12 22:45:58.108   596   596 E WifiHAL : enter wifi_get_link_stats
06-12 22:45:58.116  1306 11577 I chatty  : uid=1000(system) Thread-57481 expire 1 line
06-12 22:45:58.118   596   596 E WifiHAL : enter wifi_get_link_stats
06-12 22:45:58.124   596   596 E WifiHAL : enter wifi_get_link_stats
06-12 22:45:58.144   596   596 D WifiHAL : Setting APF program, halHandle = 0x7cc1867260
06-12 22:45:58.144   596   596 I WifiHAL : 
06-12 22:45:58.144   596   596 I WifiHAL : createRequest: APF set program request
06-12 22:45:58.146   596   596 I WifiHAL : Done!
06-12 22:45:58.183  1306 11579 I chatty  : uid=1000(system) Thread-57482 expire 1 line
06-12 22:45:58.272  1306  2243 I chatty  : uid=1000(system) ConnectivityThr expire 1 line
06-12 22:45:58.275  1306  8936 I chatty  : uid=1000 system_server expire 2 lines
06-12 22:45:58.275  4222  4252 I chatty  : uid=1000(system) ConnectivityThr expire 4 lines
06-12 22:45:58.281 18737 18880 I DataSrv-9.2.0.304-O-0601-00:45-VSim: Network onLost
06-12 22:45:58.286 18737 11581 I DataSrv-9.2.0.304-O-0601-00:45-VSimDynamicBroadcastReceiver: reveive broadcast:com.huawei.vsim.intent.action.INNER_NETWORK_CHANGE
06-12 22:45:58.286 18737 11581 I DataSrv-9.2.0.304-O-0601-00:45-BusinessAsyncExecutor: processBroadcast
06-12 22:45:58.286 18737 11581 I DataSrv-9.2.0.304-O-0601-00:45-BusinessAsyncExecutor: processBroadcast do
06-12 22:45:58.292 18737 18737 I DataSrv-9.2.0.304-O-0601-00:45-VSimService: onStartCommand
06-12 22:45:58.292   596   596 E wifi_sar: Enter setPwrBoost
06-12 22:45:58.293 18737 18860 I DataSrv-9.2.0.304-O-0601-00:45-VSimService: type: 2, com.huawei.vsim.intent.action.INNER_NETWORK_CHANGE
06-12 22:45:58.295   596   596 D wifi_sar: chipset is Broadcom
06-12 22:45:58.297 18737 18860 I DataSrv-9.2.0.304-O-0601-00:45-VSimServiceImpl: network not connected.
06-12 22:45:58.297 18737 18860 I DataSrv-9.2.0.304-O-0601-00:45-VSimServiceImpl: not master in slot, ignore.
06-12 22:45:58.299 18737 18860 W DataSrv-9.2.0.304-O-0601-00:45-VSimService: no matched type
06-12 22:45:58.299 18737 11583 I DataSrv-9.2.0.304-O-0601-00:45-Dispatcher: notify event start: 57
06-12 22:45:58.299 18737 11583 I DataSrv-9.2.0.304-O-0601-00:45-NetworkStateFlow: handle event 57
06-12 22:45:58.300 18737 11583 I DataSrv-9.2.0.304-O-0601-00:45-FakeWifiStateFlow: handle event 57
06-12 22:45:58.302 18737 11585 I DataSrv-9.2.0.304-O-0601-00:45-FakeWifiState: UNKNOWN_STATE handle FakeWifiEvent: DISCONNECTED
06-12 22:45:58.302 18737 11585 W DataSrv-9.2.0.304-O-0601-00:45-FakeWifiState: UNKNOWN_STATE other event code DISCONNECTED
06-12 22:45:58.303 18737 11584 I DataSrv-9.2.0.304-O-0601-00:45-NetworkState: INIT_STATE handle NetworkEvent: DISCONNECTED
06-12 22:45:58.303 18737 11584 I DataSrv-9.2.0.304-O-0601-00:45-NetworkState: non slave normal or limit state, set to init state
06-12 22:45:58.303 18737 11584 I DataSrv-9.2.0.304-O-0601-00:45-NetworkStateContext: state not changed.
06-12 22:45:58.303 18737 11584 I DataSrv-9.2.0.304-O-0601-00:45-NetworkState: event checked, do nothing
06-12 22:45:58.314  1306  2274 I chatty  : uid=1000(system) HwAPPQoEStateMa expire 2 lines
06-12 22:45:58.318  2528  3185 I chatty  : uid=1000(system) EmcomThread expire 35 lines
06-12 22:45:58.318  2507  2507 D HwLBSService.HwNLPWifiScanManager: NetWork Type : 1  Connected, action :  android.net.conn.CONNECTIVITY_CHANGE
06-12 22:45:58.319  2551  2873 I chatty  : uid=1000(system) LogCollectServi expire 2 lines
06-12 22:45:58.326  2596  3745 V TpProviderHw: query begin match = 5
06-12 22:45:58.326  2596  3745 V TpProviderHw: appendOpKeySelection subId = 0 isAddOpkey = true
06-12 22:45:58.327  4944  4944 I HiAction_NetworkChangeReceiver: NetworkChangeReceiver is received.
06-12 22:45:58.328  4944  4944 W HiAction_NetworkUtil: network is unavailable, ignore.
06-12 22:45:58.328  4944  4944 W HiAction_NetworkChangeReceiver: network is unavailable, ignore
06-12 22:45:58.329  4944  4944 W HiAction_NetworkUtil: network is unavailable, ignore.
06-12 22:45:58.329  4944  4944 I HiAction_XChannel.XChannelReceiver: onReceive(): network unavailable, notify to stop XChannelClient
06-12 22:45:58.329  4944  4944 I HiAction_XChannel.XChannelClient-1625: notifyStopWork(): 
06-12 22:45:58.329  4944  4944 I HiAction_XChannel.XChannelService: sdkStatusChange(): 
06-12 22:45:58.329  4944  4944 I HiAction_XChannel.XChannelClient-1625: setIntoMsgQueue(): 
06-12 22:45:58.330  4944  4944 I HiAction_XChannel.XChannelReceiver: onReceive(): have no startWork threads waiting to processed
06-12 22:45:58.330  4944  4944 I HiAction_XChannel.XChannelService: sdkStatusChange(): 
06-12 22:45:58.330  4944 11573 I HiAction_XChannel.XChannelSDK: sdkStatusChange(): 
06-12 22:45:58.330  4944 11573 I HiAction_XChannel.a: onSdkStatusChange(): isAvaliable[false] status[PUSH_MSG_UNAVAILABLE]
06-12 22:45:58.330  4944 11570 I HiAction_XChannel.XChannelSDK: sdkStatusChange(): 
06-12 22:45:58.330  2596  3745 V TpDbHelperHw: getTargetOpKey targetOpKey = 46002
06-12 22:45:58.330  4944 11570 I HiAction_XChannel.a: onSdkStatusChange(): isAvaliable[false] status[NETWORK_UNAVAILABLE]
06-12 22:45:58.334  2596  3111 D PhoneInterfaceManager: [PhoneIntfMgr] isUserDataEnabled: subId=0 phoneId=0
06-12 22:45:58.342  1617  1617 D wpa_supp: nl80211: set_p2p_powersave (legacy_ps=0 opp_ps=-1 ctwindow=-1)
06-12 22:45:58.344  2596  3111 D PhoneInterfaceManager: [PhoneIntfMgr] isUserDataEnabled: subId=0 retVal=true
06-12 22:45:58.346   596   596 D wifi_sar: setPwrBoostBcm fail!
06-12 22:45:58.347   596   596 E WifiHAL : enter wifi_get_link_stats
06-12 22:45:58.351   596   596 D WifiHW  : chip is bcm bcm43xx
06-12 22:45:58.351   596   596 D         : Enter bcm_game_kog_adjust_speed: freq= 2442 mode= 3
06-12 22:45:58.353   596   596 D         : wl_set_powersave: ret: 0
06-12 22:45:58.361  5346  5346 I [HwRecSys]-Notification-UpgradeManager: onNetChange interceptFlag:false
06-12 22:45:58.364  5346  5346 I [HwRecSys]SystemUtil: isAllowUpdate mode:1
06-12 22:45:58.364   551 15853 D TcpSocketMonitor: suspending tcpinfo polling
06-12 22:45:58.364  5346  5346 I [HwRecSys]SystemUtil: isAllowUpdate isAllowUpdate:false
06-12 22:45:58.365  1306  2221 I chatty  : uid=1000(system) ConnectivitySer expire 2 lines
06-12 22:45:58.379  2507  2507 D HwLBSService DeviceStatusMonitor: DEVICE_WIFI_NETWORK_OFF
06-12 22:45:58.379  2507  9977 D HwLBSService HigeoLocationManager: receive message: 4
06-12 22:45:58.379  2507  9977 D HwLBSService CommonFunciton:  getSupportPosSdk :0
06-12 22:45:58.379  2507  9977 D HwLBSService CommonFunciton:  getSupportPosSdk :0
06-12 22:45:58.379  2507  9977 D HwLBSService QttffManager: qTTFF: wifi connected = false
06-12 22:45:58.383 24009 24009 V Mms_TX_SysEvent: Intent received: action: android.net.conn.CONNECTIVITY_CHANGE
06-12 22:45:58.383 24009 24030 D Mms_TX_SysEvent: handleConnectivityAction begin
06-12 22:45:58.391  2596  3111 D PhoneInterfaceManager: [PhoneIntfMgr] isUserDataEnabled: subId=0 phoneId=0
06-12 22:45:58.391  2596  3111 D PhoneInterfaceManager: [PhoneIntfMgr] isUserDataEnabled: subId=0 retVal=true
06-12 22:45:58.392 24009 24030 V Mms_TX_SysEvent: TYPE_MOBILE_MMS available = true, isConnected = false
06-12 22:45:58.392 24009 24030 V Mms_TX_SysEvent: wakeUpService: start transaction service ...
06-12 22:45:58.392 24009 24030 V Mms_TXM_SVC: StartMe, using TransactionService.class
06-12 22:45:58.392 24009 24030 D OsUtil  : hasStrictRequiredPermissions run true
06-12 22:45:58.393 24009 24030 D FLTAG_SC: startService from Intent: Intent { cmp=com.android.mms/.transaction.TransactionService }
06-12 22:45:58.393 24009 24030 I FLTAG_FM: getRequireFeature it maybe not in a feature:com.android.mms.transaction.TransactionService
06-12 22:45:58.393 24009 24030 D FLTAG_SC: Feature cannot been obtained
06-12 22:45:58.393 24009 24030 D FLTAG_SC: Cannot resolve service information : Intent { cmp=com.android.mms/.transaction.TransactionService }
06-12 22:45:58.400  4896  4896 I [10.4.0.305]HiCloud.SyncObserverService: process net changed.
06-12 22:45:58.400  4896  4896 I [10.4.0.305]HiCloud.SyncObserverService: send abort delayed and do pause.
06-12 22:45:58.402 24009 24030 D Mms_TX_SysEvent: handleConnectivityAction end
06-12 22:45:58.406 24009 24009 V Mms_TXM_SVC: Creating TransactionService
06-12 22:45:58.406 24009 24009 V Mms_TXM_SVC: Start TransactionService handler thread
06-12 22:45:58.408  7031  7031 I chatty  : uid=10173 com.tencent.mobileqq:MSF expire 3 lines
06-12 22:45:58.408 24009 24009 V Mms_TXM_SVC: Register connectivity broadcast
06-12 22:45:58.412 11338 11338 I OUC_COTA: [main-1]  handleActionForCota action:android.net.conn.CONNECTIVITY_CHANGE(/CotaProxy.java:1555)
06-12 22:45:58.423  6976  7029 I chatty  : uid=10173(com.tencent.mobileqq) AppNetHandlerTh expire 9 lines
06-12 22:45:58.428 24009 24009 I Mms_TXM_SVC: onStartCommand send EVENT_NEW_INTENT. service-id 1
06-12 22:45:58.428 24009 11594 V Mms_TXM_SVC: Handling incoming message: { when=0 what=5 arg1=1 obj=Intent { cmp=com.android.mms/.transaction.TransactionService } target=com.android.mms.transaction.TransactionService$ServiceHandler } = EVENT_NEW_INTENT
06-12 22:45:58.428 24009 24009 W Mms_TXM_SVC: ConnectivityBroadcastReceiver.onReceive() action: android.net.conn.CONNECTIVITY_CHANGE
06-12 22:45:58.432 27208 27828 E libc    : Access denied finding property "net.dns1"
06-12 22:45:58.432 27208 27828 E libc    : Access denied finding property "net.dns2"
06-12 22:45:58.434 24009 11594 D Mms     : isWifiCallingAvailable = false isImsRegistered = true
06-12 22:45:58.434 24009 11594 D Mms     : card subscription = 0 is isRoaming false
06-12 22:45:58.444 24009 24009 V Mms_TXM_SVC: MSG_APP_Handle ConnectivityBroadcastReceiver.onReceive(): [type: MOBILE_MMS[], state: DISCONNECTED/DISCONNECTED, reason: (unspecified), extra: (none), failover: false, available: true, roaming: false]
06-12 22:45:58.444 24009 24009 V Mms_TXM_SVC:    TYPE_MOBILE_MMS not connected, bail
06-12 22:45:58.444 24009 24009 V Mms_TXM_SVC:    retrying mms connectivity for it's available and renew = false
06-12 22:45:58.444 24009 11594 V Mms_TXM_SVC:     networkAvailable=true
06-12 22:45:58.451 11338 11338 I HwOUC   : [main-1]CotaInstallImpl--looper in myLooper(CotaInstallImpl.java:40)
06-12 22:45:58.451 11338 11338 I HwOUC   : [main-1]resumeCotaInstallOrReulstHandle(CotaInstall.java:73)
06-12 22:45:58.451 11338 11338 W Settings: Setting device_provisioned has moved from android.provider.Settings.Secure to android.provider.Settings.Global.
06-12 22:45:58.452 12679 12873 E libc    : Access denied finding property "net.dns1"
06-12 22:45:58.452 12679 12873 E libc    : Access denied finding property "net.dns2"
06-12 22:45:58.456  4935  4935 I [10.4.0.305]CloudAlbum.CloudAlbumSdkServiceImpl: invokeEvent msgId: 63
06-12 22:45:58.456  4935  4935 I [10.4.0.305]CloudAlbum.SyncStrategy: setNetworkDisabled: true
06-12 22:45:58.456  4935  4935 I [10.4.0.305]CloudAlbum.SyncStrategy: State has changed by mask: 16, state: 18
06-12 22:45:58.456  4935  4935 I [10.4.0.305]CloudAlbum.CloudAlbumSdkServiceImpl: invokeEvent msgId: 63
06-12 22:45:58.456  4935  4935 I [10.4.0.305]CloudAlbum.CloudAlbumSdkServiceImpl: invokeEvent msgId: 65
06-12 22:45:58.461  4935 10566 I [10.4.0.305]CloudAlbum.CloudAlbumSdkLogic: dealStateChangedEvent, syncState: 1, state: 2
06-12 22:45:58.462 11338 11338 I HwOUC   : [main-1]Network changed(DownloadReceiver.java:109)
06-12 22:45:58.472 24009 11594 V Mms_TXM_SVC: onNewIntent: cursor.count=0 action=null
06-12 22:45:58.472 24009 11594 V Mms_TXM_SVC: onNewIntent: no pending messages. Stopping service.
06-12 22:45:58.483 11338 11338 I HwOUC   : [main-1]isHotPatchOnly patchType: 0; hotpatchTypeOnlyfalse(LogControl.java:105)
06-12 22:45:58.483 11338 11338 I HwOUC   : [main-1]donetworkchanged,networkinfo:[type: WIFI[], state: DISCONNECTED/DISCONNECTED, reason: (unspecified), extra: (none), failover: false, available: true, roaming: false](DownloadReceiver.java:461)
06-12 22:45:58.486 11338 11338 D HwInnerWifiManagerImpl: SupplicantState = COMPLETED
06-12 22:45:58.487 11338 11338 D HwInnerWifiManagerImpl: isPhoneAP = false
06-12 22:45:58.487 11338 11338 I HwOUC   : [main-1]getWifiType->isMeteredWifi is false(LogControl.java:105)
06-12 22:45:58.487 11338 11338 I HwOUC   : [main-1]mobile state is not changed, return false(HwOucUtility.java:1636)
06-12 22:45:58.487  1306 11609 I chatty  : uid=1000 system_server expire 3 lines
06-12 22:45:58.488  1306  9567 I chatty  : uid=1000(system) Binder:1306_17 expire 2 lines
06-12 22:45:58.488 11338 11338 D HwInnerWifiManagerImpl: SupplicantState = COMPLETED
06-12 22:45:58.488 11338 11338 D HwInnerWifiManagerImpl: isPhoneAP = false
06-12 22:45:58.488 11338 11338 I HwOUC   : [main-1]network change stateChanged:false(DownloadReceiver.java:465)
06-12 22:45:58.489 11338 11338 I HwOUC   : [main-1]Network not available(DownloadReceiver.java:536)
06-12 22:45:58.491 24009 11594 V Mms_TXM_SVC: stopSelfIfIdle: STOP!
06-12 22:45:58.492 24009 11594 V Mms_TXM_SVC: Handling incoming message: { when=-47ms what=101 arg1=-1 target=com.android.mms.transaction.TransactionService$ServiceHandler } = EVENT_STOP_SERVICE
06-12 22:45:58.492 24009 11594 V Mms_TXM_SVC: stopSelfIfIdle: STOP!
06-12 22:45:58.493  4935 10566 I [10.4.0.305]CloudAlbum.CloudAlbumSdkServiceImpl: sendCallbackMsg msgId: 9099
06-12 22:45:58.494 11338 11338 I HwOUC   : [main-1]isHotaUpdate cursor is null,return false(GDPRUtils.java:540)
06-12 22:45:58.497 24009 24009 V Mms_TXM_SVC: Destroying TransactionService
06-12 22:45:58.498 24009 11594 V Mms_TXM_SVC: Handling incoming message: { when=0 what=100 target=com.android.mms.transaction.TransactionService$ServiceHandler } = EVENT_QUIT
06-12 22:45:58.499  1617  1617 D wpa_supp: nl80211: set_p2p_powersave (legacy_ps=1 opp_ps=-1 ctwindow=-1)
06-12 22:45:58.525 10511 10564 D Gallery2_cloud_SdkCallback: onSyncStrategyStateChanged syncState=1 state=2
06-12 22:45:58.525 10511 10560 W CloudAlbumSDK[10.3.1.301].GeneralAlbumSyncLogic: sync task is not running
06-12 22:45:58.525 10511 10564 D Gallery2_download_list_CloudMediaDownloadUtils: dealCloudStateChange syncState=1 state=2
06-12 22:45:58.526 10511 11612 D Gallery2_download_list_CloudMediaDownloadHelp: setForceDownLoad mediaType:true forceDownload:false
06-12 22:45:58.526 10511 11612 D Gallery2_download_list_CloudMediaDownloadHelp: setForceDownLoad mediaType:false forceDownload:false
06-12 22:45:58.526 10511 11612 D Gallery2_download_list_CloudMediaDownloadHelp: setCancelDownLoad:true
06-12 22:45:58.543  4935 10566 I [10.4.0.305]CloudAlbum.CloudAlbumSdkLogic: dealStateChangedEvent, syncState: 1, state: 18
06-12 22:45:58.549  2551  2860 I chatty  : uid=1000(system) HwWifiStatStore expire 1 line
06-12 22:45:58.549  4935 10566 I [10.4.0.305]CloudAlbum.CloudAlbumSdkServiceImpl: sendCallbackMsg msgId: 9099
06-12 22:45:58.550  4935 10566 I [10.4.0.305]CloudAlbum.CloudAlbumSdkLogic: dealStateEvent, mask: 16, flag: true
06-12 22:45:58.552 10511 10560 W CloudAlbumSDK[10.3.1.301].GeneralAlbumSyncLogic: sync task is not running
06-12 22:45:58.553 10511 10564 D Gallery2_cloud_SdkCallback: onSyncStrategyStateChanged syncState=1 state=18
06-12 22:45:58.553 10511 10564 I CloudSyncState: new sSyncPromptState state 901
06-12 22:45:58.553 10511 10564 D Gallery2_download_list_CloudMediaDownloadUtils: dealCloudStateChange syncState=1 state=18
06-12 22:45:58.554 10511 11614 D Gallery2_download_list_CloudMediaDownloadHelp: setForceDownLoad mediaType:true forceDownload:false
06-12 22:45:58.554 10511 11614 D Gallery2_download_list_CloudMediaDownloadHelp: setForceDownLoad mediaType:false forceDownload:false
06-12 22:45:58.554 10511 11614 D Gallery2_download_list_CloudMediaDownloadHelp: setCancelDownLoad:true
06-12 22:45:58.555  2340  2466 I chatty  : uid=10039(com.huawei.HwMultiScreenShot) SystemUI_subThr expire 1 line
06-12 22:45:58.556  4896  4896 I [10.4.0.305]HiCloud.ICBServiceProtocol: ICBService connected
06-12 22:45:58.559  4935 10748 I [10.4.0.305]HiCloud.ICBService: do pause.
06-12 22:45:58.568  4896  4896 I [10.4.0.305]HiCloud.ICSServiceProtocol: ICSService connected
06-12 22:45:58.575  1306  2520 I chatty  : uid=1000(system) MultiTaskManage expire 1 line
06-12 22:45:58.580 12679 11618 E libc    : Access denied finding property "net.dns1"
06-12 22:45:58.580 12679 11618 E libc    : Access denied finding property "net.dns2"
06-12 22:45:58.589  2551  2796 I chatty  : uid=1000(system) HwWifiCHRStateM expire 2 lines
06-12 22:45:58.590   551 11619 D libc    : GetAddrInfoHandler addr: 0.0
06-12 22:45:58.592   551   623 D CommandListener: Setting iface cfg
06-12 22:45:58.596   551 11619 D libc    : GetAddrInfoHandler addr: 0.0
06-12 22:45:58.600 12679 11616 E libc    : Access denied finding property "net.dns1"
06-12 22:45:58.600 12679 11616 E libc    : Access denied finding property "net.dns2"
06-12 22:45:58.603   596   596 D WifiHAL : Setting APF program, halHandle = 0x7cc1867260
06-12 22:45:58.603   596   596 I WifiHAL : 
06-12 22:45:58.603   596   596 I WifiHAL : createRequest: APF set program request
06-12 22:45:58.604   596   596 I WifiHAL : Done!
06-12 22:45:58.608  1306  1693 I AlarmManager: adjustDeliveryTimeBasedOnStandbyBucketLocked alarm:Alarm{573a44d type 0 when 1560349363846 PendingIntent{5e107de: PendingIntentRecord{4ea2dbf com.baidu.BaiduMap broadcastIntent}}com.baidu.BaiduMap}, standbyBucket:40, minElapsed:1597426971
06-12 22:45:58.610  1306  1693 D SmartHeartBeat: isPendingPackage, false, pkg:com.android.deskclock, action:com.android.deskclock.ALARM_ALERT,not pending alarm with AlarmClockInfo
06-12 22:45:58.617  1306  1693 I HwAlarmManagerService: hwSetAlarm listenerTag: DhcpClient.wlan0.TIMEOUT
06-12 22:45:58.617  1306  2221 D ConnectivityService: Update of LinkProperties for NetworkAgentInfo [WIFI () - 542]; created=false; everConnected=false
06-12 22:45:58.617  1306  2221 D ConnectivityService: update acceptUnvalidated :false, connectToCellularAndWLAN:0
06-12 22:45:58.619  1306 11621 I chatty  : uid=1000 system_server expire 2 lines
06-12 22:45:58.619  1306  2221 D ConnectivityService: NetworkAgentInfo [WIFI () - 542] EVENT_NETWORK_INFO_CHANGED, going from CONNECTING to CONNECTED
06-12 22:45:58.626  1306  1306 D HwWifiP2pService: onReceive, action:android.net.wifi.STATE_CHANGE
06-12 22:45:58.630 21002 21002 I SystemEventBroadcast:   CAWARENESS: wifi state opened
06-12 22:45:58.631  1306  1502 W NetworkStatsFactory: mStatsXtProcUid: /proc/net/comm/stats does not exist!
06-12 22:45:58.631  1306  1502 D HwNetworkStatsService: hwRecordUidAndProcSnapshotLocked currentTime = 1560350759942
06-12 22:45:58.632  2528  3607 I chatty  : uid=1000(system) DaemonClientSen expire 6 lines
06-12 22:45:58.632   679   730 D emcomd  : [EMCOMD_Socket] processCommandBuffer# processCommandBuffer request 6 token 82041 
06-12 22:45:58.632   679   730 D emcomd  : [EMCOMD] emcom_comm_process_DataStatusChange# Get the data status chanage msg.
06-12 22:45:58.632   679   730 D emcomd  : [EMCOMD] emcomd_xengine_convertInnerMsg# emcomd_xengine_convertInnerMsg, the request is 5. 
06-12 22:45:58.632   679   730 D emcomd  : [EMCOMD] Xengine_PutMsg# Xengine_PutMsg current lMsgId is 5. 
06-12 22:45:58.633   679   739 D emcomd  : [EMCOMD] xengine_msg_handler# xengine_msg_handler,msgid:5
06-12 22:45:58.633   679   739 D emcomd  : [HicomdPolicyManager     ] EventCallback# AsEventCallback enEvent:5
06-12 22:45:58.633   679   739 D emcomd  : [HicomdPolicyManager     ] handleDataStatusChanged# handleDataStatusChanged. subId = 0, networkType = 4
06-12 22:45:58.633   679   739 D emcomd  : [HicomdPolicyManager     ] handleWifiConnect# WIFI connected
06-12 22:45:58.633   679   739 D emcomd  : [HicomdPolicyManager     ] stopMpip# MpIp hasn't been started yet. 
06-12 22:45:58.633  2528  3608 I chatty  : uid=1000(system) DaemonClientRec expire 12 lines
06-12 22:45:58.633   679   739 E emcomd  : [HicomdPolicyManager     ] handleWifiConnect# WIFI connected. current foreApp's uid is invalid. 
06-12 22:45:58.633  2596  2596 D HwChrManagerImpl: onReceive: action=android.net.wifi.STATE_CHANGE
06-12 22:45:58.633  2596  2596 D HwChrManagerImpl: mIsWifiConnected = true
06-12 22:45:58.637  2551  2796 D HwWifiStatStore: TopPkgName's uid is  1000
06-12 22:45:58.637 21002 21028 I ReportUtils:   CAWARENESS: checkPengineInstalled() mPengineInstalled : true
06-12 22:45:58.637  1306  2923 I NetworkStats: openSessionForUsageStats, pid = 2551, pkg = com.huawei.hiview
06-12 22:45:58.637  1306  2923 I NetworkStats: openSessionInternal,pid = 2551
06-12 22:45:58.637  2551  2770 D HwInnerWifiManagerImpl: SupplicantState = COMPLETED
06-12 22:45:58.637  2551  2770 D HwInnerWifiManagerImpl: isPhoneAP = false
06-12 22:45:58.638  1306  2221 D NetdConnector: SND -> {71840 network create 542}
06-12 22:45:58.638   551   623 D TcpSocketMonitor: resuming tcpinfo polling (interval=30000ms)
06-12 22:45:58.639  1306  2206 D NetdConnector: RCV <- {200 71840 success}
06-12 22:45:58.640  1306  2206 D NetdConnector: RCV <- {200 71840 success}
06-12 22:45:58.640  1306  2268 I chatty  : uid=1000(system) initQoEAdapter expire 6 lines
06-12 22:45:58.641  2340  2706 I chatty  : uid=10039(com.huawei.HwMultiScreenShot) SysUiBg expire 4 lines
06-12 22:45:58.641  5016  5016 I GeofencerStateMachine: sendWifiConnectivityChanged: connectivity=true
06-12 22:45:58.642  1306  2460 I chatty  : uid=1000(system) Binder:1306_6 expire 1 line
06-12 22:45:58.644  1306  4954 I chatty  : uid=1000(system) Binder:1306_14 expire 1 line
06-12 22:45:58.647  1306  2460 I ActivityManager: App 10169/cn.etouch.ecalendar targets O+, restricted
06-12 22:45:58.647  1306  2460 W BroadcastQueue: Background execution not allowed: receiving Intent { act=android.net.wifi.STATE_CHANGE flg=0x4000010 (has extras) } to cn.etouch.ecalendar/.service.WatchmenReceiver
06-12 22:45:58.650  1306  4344 I ActivityManager: Need to start process com.huawei.pengine for provider ContentProviderInfo{name=com.huawei.pengine.UserProfileProvider className=com.huawei.pengine.api.QueryContentProvider}, callerApp: ProcessRecord{9e96929 21002:com.huawei.hiai.engineservice/u0a110}
06-12 22:45:58.650  1306  4344 V ActivityManager: startProcess: name=com.huawei.pengine app=null knownToBeDead=false thread=null pid=-1
06-12 22:45:58.651  1306  4344 V ActivityManager_MU: Waiting to start provider ContentProviderRecord{72e520a u0 com.huawei.pengine/.api.QueryContentProvider} launchingApp=ProcessRecord{c473275 0:com.huawei.pengine/u0a179} caller pid= 21002
06-12 22:45:58.652  1306 11576 I chatty  : uid=1000(system) NetworkMonitorN expire 18 lines
06-12 22:45:58.652  1306  1328 V BroadcastQueue: Finished with ordered broadcast BroadcastRecord{a45775f u-1 android.net.wifi.STATE_CHANGE}
06-12 22:45:58.655  1306  2221 W DnsManager: updatePrivateDns(542, PrivateDnsConfig{false:/[]})
06-12 22:45:58.655  1306  2221 D ConnectivityService: Setting DNS servers for network 542 to [/192.168.0.1]
06-12 22:45:58.655  1306  2221 D HwConnectivityService: isBypassPrivateDns return false
06-12 22:45:58.655  1306  2221 D DnsManager: setDnsConfigurationForNetwork(542, [192.168.0.1], [], [1800, 25, 8, 64], , [])
06-12 22:45:58.655  1306  2213 I HwAlarmManagerService: hwSetAlarm listenerTag: WifiConnectivityManager Schedule Periodic Scan Timer
06-12 22:45:58.657  1306  2460 I ActivityManager: App 10169/cn.etouch.ecalendar targets O+, restricted
06-12 22:45:58.657  1306  2460 W BroadcastQueue: Background execution not allowed: receiving Intent { act=android.net.wifi.STATE_CHANGE flg=0x4000010 (has extras) } to cn.etouch.ecalendar/.service.WatchmenReceiver
06-12 22:45:58.659  1306  1328 V BroadcastQueue: Finished with ordered broadcast BroadcastRecord{9742a7b u-1 android.net.wifi.STATE_CHANGE}
06-12 22:45:58.659  1306  2221 D ConnectivityService: Adding iface wlan0 to network 542
06-12 22:45:58.659  1306  2221 D NetdConnector: SND -> {71841 network interface add 542 wlan0}
06-12 22:45:58.664  2551  2770 D HwInnerWifiManagerImpl: SupplicantState = COMPLETED
06-12 22:45:58.664  2551  2770 D HwInnerWifiManagerImpl: isPhoneAP = false
06-12 22:45:58.664  1306  2206 D NetdConnector: RCV <- {200 71841 success}
06-12 22:45:58.665  1306  2206 D NetdConnector: RCV <- {200 71841 success}
06-12 22:45:58.665  1306  2221 D NetdConnector: SND -> {71842 network route add 542 wlan0  ******** /24}
06-12 22:45:58.665  1306  1502 I NetworkStatsFactory: javaReadNetworkStatsUidAndProcDetail. cost time = 34
06-12 22:45:58.666  1306  2206 D NetdConnector: RCV <- {200 71842 success}
06-12 22:45:58.666  1306  2206 D NetdConnector: RCV <- {200 71842 success}
06-12 22:45:58.667  1306  2221 D NetdConnector: SND -> {71843 network route add 542 wlan0 fe80::/64}
06-12 22:45:58.668  1306  2206 D NetdConnector: RCV <- {200 71843 success}
06-12 22:45:58.669  1306  2206 D NetdConnector: RCV <- {200 71843 success}
06-12 22:45:58.669  1306  1502 D HwNetworkStatsService: hwMaybeUidAndProcPersistLocked currentTime = 1560350759942
06-12 22:45:58.670  1306  2221 D NetdConnector: SND -> {71844 network route add 542 wlan0  ******** /0  ******** }
06-12 22:45:58.671  1306  2206 D NetdConnector: RCV <- {200 71844 success}
06-12 22:45:58.672  1306  2206 D NetdConnector: RCV <- {200 71844 success}
06-12 22:45:58.672  1306  2221 D ConnectivityService: Setting DNS servers for network 542 to [/192.168.0.1]
06-12 22:45:58.672  1306  2221 D HwConnectivityService: isBypassPrivateDns return false
06-12 22:45:58.672  1306  2221 D DnsManager: setDnsConfigurationForNetwork(542, [192.168.0.1], [], [1800, 25, 8, 64], , [])
06-12 22:45:58.674  1306  2221 I NetworkStats: forceUpdateIfaces, pid = 1306
06-12 22:45:58.675  1306  2273 I chatty  : uid=1000(system) HwMpLinkService expire 5 lines
06-12 22:45:58.676   596   596 E WifiHAL : enter wifi_get_link_stats
06-12 22:45:58.677  1306  2292 I chatty  : uid=1000(system) wifipro_auto_co expire 2 lines
06-12 22:45:58.678  1306  1306 I NetworkStats: ACTION_Wifi_STATE_CHANGED onReceive
06-12 22:45:58.678  1306  1306 I NetworkStats: networkInfo.state: CONNECTED
06-12 22:45:58.678  1306  2209 D NetworkStats: WIFI_STATE_ENABLED. handleNetworkStateChanged: WIFI_UP. performPoll(FLAG_PERSIST_ALL)
06-12 22:45:58.679  1306  2291 I chatty  : uid=1000(system) HwDualBandState expire 16 lines
06-12 22:45:58.681  1306  1306 D HwWifiP2pService: onReceive, action:android.net.wifi.STATE_CHANGE
06-12 22:45:58.684 11625 11625 I .huawei.pengin: Reinit property: dalvik.vm.checkjni= false
06-12 22:45:58.686 11625 11625 E .huawei.pengin: Not starting debugger since process cannot load the jdwp agent.
06-12 22:45:58.686   596   596 D         : Enter hw_get_wifi_ant_bcm: iface= wlan0 mode= 0
06-12 22:45:58.687  1306  2923 I NetworkStats: performPollLocked, pid = 1306
06-12 22:45:58.688 12048 12491 E HSM_Install_BG: NormalTrafficAnalysis:alert byte = 0, so return
06-12 22:45:58.689   596   596 D         : hw_get_wifi_ant_bcm: tx_chain= 1 rx_chain= 1
06-12 22:45:58.689   596   596 D WifiHW  : chipset is BCM
06-12 22:45:58.690  2551  2578 D NcDft_ServiceImpl: notifyNcDftEvent domain is : 1 ;eventID is: 1105 ;bundle is Bundle[mParcelledData.dataSize=44]
06-12 22:45:58.690 11625 11625 D ZrHung.AppEyeUiProbe: AppEyeUIP created.
06-12 22:45:58.691  1306  1331 I ActivityManager: Start proc 11625:com.huawei.pengine/u0a179 for content provider com.huawei.pengine/.api.QueryContentProvider
06-12 22:45:58.691  1306  2520 E ProcessInfoCollector: getProcessInfo: failed to find this proc 
06-12 22:45:58.692 11625 11625 D ActivityThread: Attach thread to application
06-12 22:45:58.695  1306  1306 I NetworkStats: ACTION_Wifi_STATE_CHANGED onReceive
06-12 22:45:58.695  1306  1306 I NetworkStats: networkInfo.state: CONNECTED
06-12 22:45:58.695   596   596 D         : Enter hw_get_wifi_ant_bcm: iface= wlan0 mode= 0
06-12 22:45:58.696  1306  4954 D HwConnectivityService: return the background wifi network info for system manager.
06-12 22:45:58.697  1306  2290 I chatty  : uid=1000(system) WifiProHistoryR expire 27 lines
06-12 22:45:58.698   596   596 D         : hw_get_wifi_ant_bcm: tx_chain= 1 rx_chain= 1
06-12 22:45:58.698   596   596 D WifiHW  : chipset is BCM
06-12 22:45:58.699  2551  2578 D NcDft_ServiceImpl: notifyNcDftEvent domain is : 1 ;eventID is: 1105 ;bundle is Bundle[mParcelledData.dataSize=44]
06-12 22:45:58.703 11625 11639 I HwApiCacheMangerEx: apicache path=/storage/emulated/0 state=mounted key=com.huawei.pengine#10179#256
06-12 22:45:58.703 11625 11639 I HwApiCacheMangerEx: apicache path=/storage/3866-6630 state=mounted key=com.huawei.pengine#10179#256
06-12 22:45:58.703 11625 11639 I HwApiCacheMangerEx: apicache path=/storage/emulated/0 state=mounted key=com.huawei.pengine#10179#0
06-12 22:45:58.703 11625 11639 I HwApiCacheMangerEx: apicache path=/storage/3866-6630 state=mounted key=com.huawei.pengine#10179#0
06-12 22:45:58.704 11625 11625 I .huawei.pengin: The ClassLoaderContext is a special shared library.
06-12 22:45:58.705 11625 11639 I HwLogExceptionInner: Log blacklist 
06-12 22:45:58.713  1306 11642 I chatty  : uid=1000 system_server expire 1 line
06-12 22:45:58.717  1306  2923 W NetworkStatsFactory: mStatsXtProcUid: /proc/net/comm/stats does not exist!
06-12 22:45:58.717  1306  2923 D HwNetworkStatsService: hwRecordUidAndProcSnapshotLocked currentTime = 1560350760029
06-12 22:45:58.739 11625 11625 I SystemPropertiesUtil: debugOnFlag is:0
06-12 22:45:58.740 11625 11625 I AppInit : [main(1): AppInit.java:93] - initializing database
06-12 22:45:58.742   679   730 D emcomd  : [EMCOMD_Socket] processCommandBuffer# processCommandBuffer request 6 token 82042 
06-12 22:45:58.742   679   730 D emcomd  : [EMCOMD] emcom_comm_process_DataStatusChange# Get the data status chanage msg.
06-12 22:45:58.742   679   730 D emcomd  : [EMCOMD] emcomd_xengine_convertInnerMsg# emcomd_xengine_convertInnerMsg, the request is 5. 
06-12 22:45:58.742   679   730 D emcomd  : [EMCOMD] Xengine_PutMsg# Xengine_PutMsg current lMsgId is 5. 
