06-16 22:02:33.818  2749  3143 D Gallery2_Search_SearchPolicy: getSearchFeatureInstance begin:
06-16 22:02:33.818  2749  3143 D Gallery2_Search: startServiceDelay from :com.huawei.gallery.media.MediaSyncerService@9260916
06-16 22:02:33.818  2749  3143 D Gallery2_Search_SearchService: start search service delay
06-16 22:02:33.821  2749  2749 D Gallery2_Geo: --schedule-- [onStartCommand] start reverse geo code.
06-16 22:02:33.822  2749  3170 D Gallery2_Geo: start resolve 
06-16 22:02:33.826  2749  2749 D Gallery2_Story_StoryAlbumService: --schedule-- StoryService onCreate
06-16 22:02:33.827  2749  3143 E RecycleClearService: startRecycleClearService   forceStart = false, sClearDone = false
06-16 22:02:33.837  2749  3170 D Gallery2_Geo: total 215 should process.
06-16 22:02:33.837  2749  2749 D Gallery2_Story_StoryAlbumService: --startComprehensiveRatingService--
06-16 22:02:33.844  2749  3143 D Gallery2_Merge_MergeClassifyDataService: get sClassifyMergePending false
06-16 22:02:33.844  2749  3143 I SystemRecycleRecoverService: startSystemRecycleRecoverService
06-16 22:02:33.855  2749  2749 D Gallery2_Search_SearchPolicy: getSearchFeatureInstance begin:
06-16 22:02:33.855  2749  2749 D Gallery2_Search: outer called static updateAll. 
06-16 22:02:33.866  2749  3170 D Gallery2_Geo: chinese version forbid net work or Network is not Available.
06-16 22:02:33.866  2749  3170 D Gallery2_Geo: updateGeoCode set SEARCH_DATA_STATUS to :2
06-16 22:02:33.866  2749  2749 D Gallery2_Story_StoryAlbumService: --schedule-- [onStartCommand] start update cover
06-16 22:02:33.870  2749  3171 D Gallery2_Story_StoryAlbumService: --schedule-- stop job 2
06-16 22:02:33.870  2749  2749 D RecycleClearService: --schedule-- [onStartCommand] start RecycleClearService.
06-16 22:02:33.870  2749  3171 D Gallery2_Story_StoryAlbumService: --schedule-- service killed 
06-16 22:02:33.870  2749  3172 D PhoneState: charge is true
06-16 22:02:33.870  2749  3172 D PhoneState: battery level is 52
06-16 22:02:33.871  2749  3172 D PhoneState: screen on true
06-16 22:02:33.874  2749  2749 D Gallery2_CalcMd5: --schedule-- [onStartCommand] start CalcMd5Service.
06-16 22:02:33.874  2749  2749 D Gallery2_CalcMd5: empty action
06-16 22:02:33.878  2749  3174 D PhoneState: battery level is 52
06-16 22:02:33.879  2749  3174 D PhoneState: screen on true
06-16 22:02:33.881  2749  2749 D SystemRecycleRecoverService: --schedule-- [onStartCommand] start SystemRecycleRecoverService.
06-16 22:02:33.882  2749  2749 D Gallery2_Story_StoryAlbumService: --schedule-- StoryService onDestroy
06-16 22:02:33.882  2749  2749 D RecycleClearService: --schedule-- RecycleClearService onDestroy
06-16 22:02:33.882  2749  3175 D PhoneState: charge is true
06-16 22:02:33.882  2749  3175 D PhoneState: battery level is 52
06-16 22:02:33.883  2749  3175 D PhoneState: screen on true
06-16 22:02:33.883  2749  3175 I SystemRecycleRecoverService: no running permission
06-16 22:02:33.886  2749  2749 D SystemRecycleRecoverService: --schedule-- SystemRecycleRecoverService onDestroy
06-16 22:02:33.889  2749  3173 D Gallery2_CalcMd5: MSG_SCAN_ALL size is 0
06-16 22:02:33.892  2749  2749 D Gallery2_CalcMd5: --schedule-- CalcMd5Service onDestroy
06-16 22:02:33.916  1296 32590 I chatty  : uid=1000(system) are.mem.default expire 17 lines
06-16 22:02:33.918   717   742 I AwareLog: HibSTrategy::HibStrategySwapCandidateProcessAdd packagename com.huawei.bone
06-16 22:02:33.943  1359  2688 D HtmlCheckUpdate: check update, QQ Version: 8.0.7.4085
06-16 22:02:33.951  1160  1674 D MSF.C.NetConnTag: add 21615 cmd:JSU2ODM2ICohJH43Mj0mMQ uin: *3011 len: 43 msg to GRAfehY3IjMkDjUmPT0 delayWaitSendList
06-16 22:02:33.952  1639  1639 W HwKeyguardBottomArea: KG_FDT mShowIndicationRunner
06-16 22:02:33.952  1639  1639 D HwKeyguardBottomArea: addLiftSensorView, threadname = main
06-16 22:02:33.952  1639  1639 D KG_Policy: getRemainingChance 5
06-16 22:02:33.953  1639  1639 D TimeKeeper: getTimeTickInfo:[mMillisUntilFinished:0, mHour:0, mMinute:0, mSecond:0]
06-16 22:02:33.953  1639  1639 V HwKgdUM_FP: FingerPrint:: isUnlockingWithFingerprintAllowed getRemainingTime=0
06-16 22:02:33.953  1639  1639 D TimeKeeper: getTimeTickInfo:[mMillisUntilFinished:0, mHour:0, mMinute:0, mSecond:0]
06-16 22:02:33.953  1639  1639 W KG_FDT  : isFaceUnlockEnabled 1
06-16 22:02:33.953  1639  1639 D KG_Policy: getRemainingChance 5
06-16 22:02:33.953  1639  1639 W LockIcon: getState 0 <-> 0; fp running false
06-16 22:02:33.954  1639  1639 W LockIcon: ignore hideView: false
06-16 22:02:33.954  1639  1639 W HwKeyguardBottomArea: KG_FDT skip mLockHintText.getVisibility()
06-16 22:02:34.039   717  2738 I AwareLog: HiberManagerService::do_reclaim ok, pid=2956, reclaimAll = 1
06-16 22:02:34.040   717  2738 I AwareLog: HiberManagerService::getReclaimResult:reclaim_kb=5792, swap_kb=3776, swap_us=80543
06-16 22:02:34.040   717  2738 I AwareLog: HibStrategy::HibStrategySwapCandidateProcessRemove packagename is com.huawei.bone
06-16 22:02:34.040   717  2738 I AwareLog: HiberManagerService::sendMessagetoHiberTask successful
06-16 22:02:34.042   717   742 I AwareLog: HibSTrategy::HibStrategySwapCandidateProcessAdd packagename com.android.gallery3d
06-16 22:02:34.141  1359  2741 D HtmlCheckUpdate: check update, QQ Version: 8.0.7.4085
06-16 22:02:34.148  1160  1674 D MSF.C.NetConnTag: add 21616 cmd:JSU2ODM2ICohJH43Mj0mMQ uin: *3011 len: 43 msg to GRAfehY3IjMkDjUmPT0 delayWaitSendList
06-16 22:02:34.185   717  2738 I AwareLog: HiberManagerService::do_reclaim ok, pid=2749, reclaimAll = 1
06-16 22:02:34.185   717  2738 I AwareLog: HiberManagerService::getReclaimResult:reclaim_kb=12724, swap_kb=12708, swap_us=122502
06-16 22:02:34.185   717  2738 I AwareLog: HibStrategy::HibStrategySwapCandidateProcessRemove packagename is com.android.gallery3d
06-16 22:02:34.186   717  2738 I AwareLog: HiberManagerService::sendMessagetoHiberTask successful
06-16 22:02:34.186   717   742 I AwareLog: HibSTrategy::HibStrategySwapCandidateProcessAdd packagename com.android.gallery3d
06-16 22:02:34.230  2749  2807 I droid.gallery3: Waiting for a blocking GC ProfileSaver
06-16 22:02:34.258  2749  2749 D AwareBitmapCacher: handleInit disable com.android.gallery3d
06-16 22:02:34.279  2749  2807 I droid.gallery3: WaitForGcToComplete blocked ProfileSaver on AddRemoveAppImageSpace for 49.099ms
06-16 22:02:34.288   717  2738 I AwareLog: HiberManagerService::do_reclaim ok, pid=3073, reclaimAll = 1
06-16 22:02:34.288   717  2738 I AwareLog: HiberManagerService::getReclaimResult:reclaim_kb=12840, swap_kb=10896, swap_us=67107
06-16 22:02:34.288   717  2738 I AwareLog: HibStrategy::HibStrategySwapCandidateProcessRemove packagename is com.android.gallery3d
06-16 22:02:34.288   717  2738 I AwareLog: HiberManagerService::sendMessagetoHiberTask successful
06-16 22:02:34.355  1639  1639 I Net.20867NetworkSpeedMa: mIsStop = false
06-16 22:02:34.356  1639  1873 I Net.20868NetworkSpeedMa:  runInThread getTetherStats
06-16 22:02:34.359  1639  1639 I Net.20868NetworkSpeedMa:  runInUI refreshSpeed
06-16 22:02:34.360  1639  1639 I Net.20868NetworkSpeedMa: value=9303.333speed = 9.09K/smIsShowLastSpeedValuefalse
06-16 22:02:34.360  1639  1639 I NetworkSpeedView: /update(), speed=9.09K/s
06-16 22:02:34.361  1639  1639 I chatty  : uid=10039(com.huawei.HwMultiScreenShot) com.android.systemui identical 54 lines
06-16 22:02:34.453  1160  1618 D MSF.C.NetConnTag: use full head for uin:*3011
06-16 22:02:34.454  1160  1618 D MSF.C.NetConnTag: clear storeSendSsoSeq tag for uin:*3011
06-16 22:02:34.454  1160  1618 D MSF.C.NetConnTag: pa ok: 21617
06-16 22:02:34.455  1160  1618 D MSF.C.NetConnTag: netSend ssoSeq:21617 uin:*3011 cmd:GRAfehY3IjMkDjUmPT0 22020 b1ca406
06-16 22:02:34.455  1160  1618 D MSF.C.NetConnTag: send Packet addQueue, ssoSeq=21617, uin=*3011
06-16 22:02:34.475  1296  1446 I chatty  : uid=1000(system) AlarmManager expire 4 lines
06-16 22:02:34.495  1296  2326 V BroadcastQueue: Finished with ordered broadcast BroadcastRecord{a846879 u0 ALARM_ACTION(14685)}
06-16 22:02:34.531  1296  2326 W ProcBatteryStats: timer is running , not start, name: com.eg.android.AlipayGphone, uid: 10163, tag: bifrost.WakerLock
06-16 22:02:34.550  1296  2326 I AlarmManager: remove alarm:Alarm{3b283ca type 2 when 93700908 PendingIntent{66fe16c: PendingIntentRecord{9da1335 com.eg.android.AlipayGphone broadcastIntent}}com.eg.android.AlipayGphone} according to operation:f65d93b
06-16 22:02:34.552  1296  2326 I AlarmManager: adjustDeliveryTimeBasedOnStandbyBucketLocked alarm:Alarm{ef7cafc type 1 when 5000 PendingIntent{3ac0fef: PendingIntentRecord{a426585 com.huawei.hiai broadcastIntent}}com.huawei.hiai}, standbyBucket:40, minElapsed:93600536
06-16 22:02:34.553  1296  2326 I AlarmManager: adjustDeliveryTimeBasedOnStandbyBucketLocked alarm:Alarm{2d979bb type 0 when 1560687371655 PendingIntent{df4454c: PendingIntentRecord{24b427b com.UCMobile startService}}com.UCMobile}, standbyBucket:40, minElapsed:93754348
06-16 22:02:34.553  1296  2326 I AlarmManager: adjustDeliveryTimeBasedOnStandbyBucketLocked alarm:Alarm{126564a type 2 when 89060961 PendingIntent{8ba4a8e: PendingIntentRecord{8c2f71c com.UCMobile startService}}com.UCMobile}, standbyBucket:40, minElapsed:93754348
06-16 22:02:34.554  1296  2326 I AlarmManager: adjustDeliveryTimeBasedOnStandbyBucketLocked alarm:Alarm{5d152d2 type 3 when 87320417 PendingIntent{1c86fa3: PendingIntentRecord{f6d62a0 com.huawei.hiaction startService}}com.huawei.hiaction}, standbyBucket:40, minElapsed:93941254
06-16 22:02:34.555  1296  2326 I AlarmManager: adjustDeliveryTimeBasedOnStandbyBucketLocked alarm:Alarm{97d1d95 type 2 when 94125951 PendingIntent{3d12f11: PendingIntentRecord{ae6ce87 com.ss.android.article.news startService}}com.ss.android.article.news}, standbyBucket:40, minElapsed:99551650
06-16 22:02:34.556  1296  2326 I AlarmManager: adjustDeliveryTimeBasedOnStandbyBucketLocked alarm:Alarm{f872eaa type 1 when 1560693648319 PendingIntent{e42da9b: PendingIntentRecord{84db5f2 com.ss.android.article.news broadcastIntent}}com.ss.android.article.news}, standbyBucket:40, minElapsed:99551650
06-16 22:02:34.556  1296  2326 I AlarmManager: adjustDeliveryTimeBasedOnStandbyBucketLocked alarm:Alarm{4ede1df type 2 when 93526758 PendingIntent{e52fdb3: PendingIntentRecord{e14bf70 com.wudaokou.hippo startService}}com.wudaokou.hippo}, standbyBucket:40, minElapsed:100706862
06-16 22:02:34.556  1296  2326 I AlarmManager: adjustDeliveryTimeBasedOnStandbyBucketLocked alarm:Alarm{60c2dd7 type 2 when 95682134 PendingIntent{f31f653: PendingIntentRecord{8855b90 com.autonavi.minimap startService}}com.autonavi.minimap}, standbyBucket:40, minElapsed:100706906
06-16 22:02:34.557  1296  2326 D SmartHeartBeat: isPendingPackage, false, pkg:com.android.deskclock, action:com.android.deskclock.ALARM_ALERT,not pending alarm with AlarmClockInfo
06-16 22:02:34.598  1296  2326 I AlarmManager: remove alarm:Alarm{522f204 type 2 when 93540895 PendingIntent{8cb89be: PendingIntentRecord{995ba1f com.eg.android.AlipayGphone broadcastIntent}}com.eg.android.AlipayGphone} according to operation:8b673ed
06-16 22:02:34.600  1296  2326 I AlarmManager: adjustDeliveryTimeBasedOnStandbyBucketLocked alarm:Alarm{ef7cafc type 1 when 5000 PendingIntent{3ac0fef: PendingIntentRecord{a426585 com.huawei.hiai broadcastIntent}}com.huawei.hiai}, standbyBucket:40, minElapsed:93600536
06-16 22:02:34.601  1296  2326 I AlarmManager: adjustDeliveryTimeBasedOnStandbyBucketLocked alarm:Alarm{126564a type 2 when 89060961 PendingIntent{8ba4a8e: PendingIntentRecord{8c2f71c com.UCMobile startService}}com.UCMobile}, standbyBucket:40, minElapsed:93754348
06-16 22:02:34.601  1296  2326 I AlarmManager: adjustDeliveryTimeBasedOnStandbyBucketLocked alarm:Alarm{2d979bb type 0 when 1560687371655 PendingIntent{df4454c: PendingIntentRecord{24b427b com.UCMobile startService}}com.UCMobile}, standbyBucket:40, minElapsed:93754348
06-16 22:02:34.602  1296  2326 I AlarmManager: adjustDeliveryTimeBasedOnStandbyBucketLocked alarm:Alarm{5d152d2 type 3 when 87320417 PendingIntent{1c86fa3: PendingIntentRecord{f6d62a0 com.huawei.hiaction startService}}com.huawei.hiaction}, standbyBucket:40, minElapsed:93941254
06-16 22:02:34.603  1296  2326 I AlarmManager: adjustDeliveryTimeBasedOnStandbyBucketLocked alarm:Alarm{f872eaa type 1 when 1560693648319 PendingIntent{e42da9b: PendingIntentRecord{84db5f2 com.ss.android.article.news broadcastIntent}}com.ss.android.article.news}, standbyBucket:40, minElapsed:99551650
06-16 22:02:34.604  1296  2326 I AlarmManager: adjustDeliveryTimeBasedOnStandbyBucketLocked alarm:Alarm{97d1d95 type 2 when 94125951 PendingIntent{3d12f11: PendingIntentRecord{ae6ce87 com.ss.android.article.news startService}}com.ss.android.article.news}, standbyBucket:40, minElapsed:99551650
06-16 22:02:34.605  1296  2326 I AlarmManager: adjustDeliveryTimeBasedOnStandbyBucketLocked alarm:Alarm{4ede1df type 2 when 93526758 PendingIntent{e52fdb3: PendingIntentRecord{e14bf70 com.wudaokou.hippo startService}}com.wudaokou.hippo}, standbyBucket:40, minElapsed:100706862
06-16 22:02:34.606  1296  2326 I AlarmManager: adjustDeliveryTimeBasedOnStandbyBucketLocked alarm:Alarm{60c2dd7 type 2 when 95682134 PendingIntent{f31f653: PendingIntentRecord{8855b90 com.autonavi.minimap startService}}com.autonavi.minimap}, standbyBucket:40, minElapsed:100706906
06-16 22:02:34.607  1296  2326 D SmartHeartBeat: isPendingPackage, false, pkg:com.android.deskclock, action:com.android.deskclock.ALARM_ALERT,not pending alarm with AlarmClockInfo
06-16 22:02:34.620  1160  1671 D MSF.C.NetConnTag: netRecv Delay FromServiceMsg ssoSeq:-1222221746 scmd: SSO.LoginMerge len: 120 uncompressed len: 120
06-16 22:02:34.621  1160  1671 D MSF.C.CodecWarpper: recv Packet ssoSeq:21616, uin:*3011
06-16 22:02:34.622  1160  1671 D MSF.C.NetConnTag: netRecv ssoSeq:21616 uin:*3011 cmd:JSU2ODM2ICohJH43Mj0mMQ 21650 cross:0
06-16 22:02:34.624  1160  1671 D MSF.C.CodecWarpper: recv Packet ssoSeq:21615, uin:*3011
06-16 22:02:34.624  1160  1671 D MSF.C.NetConnTag: netRecv ssoSeq:21615 uin:*3011 cmd:JSU2ODM2ICohJH43Mj0mMQ 21649 cross:0
06-16 22:02:34.627  1160  1640 I MSF.S.AppProcessManager: SendToApp process:com.tencent.mobileqq fromServiceMsg: FromServiceMsg msName:unknown ssoSeq:21616 serviceCmd:offlinepkg.check appSeq:86 failCode:1000 cost=4 needBoot=false
06-16 22:02:34.636  1160  1640 I MSF.S.AppProcessManager: SendToApp process:com.tencent.mobileqq fromServiceMsg: FromServiceMsg msName:unknown ssoSeq:21615 serviceCmd:offlinepkg.check appSeq:85 failCode:1000 cost=9 needBoot=false
06-16 22:02:34.643 21796 22287 I native  : document-store.cc:1756 Scored 12175 usage reports, missing_corpora 0 update_failed 1224
06-16 22:02:34.675 31101 31494 E qyapm-agent: totalMem:38, maxMem:512
06-16 22:02:34.776 31537 31703 I wapm    : has not enter splash
06-16 22:02:34.802  1639  1281 I chatty  : uid=10039(com.huawei.HwMultiScreenShot) com.android.systemui expire 1 line
06-16 22:02:34.846 21796  1773 W gle.android.gm: resources.arsc in APK '/data/app/cn.wps.moffice_eng-_Aj8F5DWlyFJ7wuFEXaGZA==/base.apk' is compressed.
06-16 22:02:34.866  2749  3170 D Gallery2_Geo: resolve local address
06-16 22:02:34.867  2749  3170 D Gallery2_Geo: chinese version forbid net work or Network is not Available.
06-16 22:02:34.867  2749  3170 D Gallery2_Geo: --schedule-- work done, stop GeoService
06-16 22:02:34.867  2749  3170 D Gallery2_Search_SearchPolicy: getSearchFeatureInstance begin:
06-16 22:02:34.867  2749  3170 D Gallery2_Search: startServiceDelay from :com.huawei.gallery.media.GeoService@4040c25
06-16 22:02:34.867  2749  3170 D Gallery2_Search_SearchService: start search service delay
06-16 22:02:34.873  2749  3170 D Gallery2_Geo: resolve address cost: 1051
06-16 22:02:34.873  2749  3170 D Gallery2_Geo: done resolve 
06-16 22:02:34.873  2749  2749 D Gallery2_Geo: --schedule-- GeoService onDestroy
06-16 22:02:34.941 21796  1773 W gle.android.gm: resources.arsc in APK '/data/app/com.Qunar-BRSs8E0lth2QbuXK79iUog==/base.apk' is compressed.
06-16 22:02:35.009 21796  1773 W gle.android.gm: resources.arsc in APK '/data/app/com.UCMobile-SvYSgltWsalsmHIr6INgxQ==/base.apk' is compressed.
06-16 22:02:35.113 31537 31635 W System  : A resource failed to call response.body().close(). 
06-16 22:02:35.113 31537 31635 W System  : A resource failed to call response.body().close(). 
06-16 22:02:35.120  1296  1867 W ProcBatteryStats: timer is not running , not stop, name: com.eg.android.AlipayGphone, uid: 10163, tag: bifrost.WakerLock
06-16 22:02:35.211  3073  3121 D Gallery2_Common_HwCustUtilsWrapper: method find result public static java.lang.Object com.huawei.cust.HwCustUtils.createObj(java.lang.Class,java.lang.Object[])
06-16 22:02:35.323 21796  1773 W gle.android.gm: resources.arsc in APK '/data/app/com.baosight.carsharing-NvNmNLv3TUGepoFkoBDi4g==/base.apk' is compressed.
06-16 22:02:35.515   712   712 E Thermal-daemon: [flash_led] temp_new :32  temp_old :31
06-16 22:02:35.517  1852  2624 I chatty  : uid=1000(system) thermal-core-th expire 3 lines
06-16 22:02:35.517   712   712 E Thermal-daemon: Report temperature: [flash_led] temp :32  report_threshold:1
06-16 22:02:35.518   712   712 E Thermal-daemon: [charger_ic] temp_new :35  temp_old :34
06-16 22:02:35.519   712   712 E Thermal-daemon: Report temperature: [charger_ic] temp :35  report_threshold:1
06-16 22:02:35.741 21796  1773 W gle.android.gm: resources.arsc in APK '/data/app/com.eg.android.AlipayGphone-w2Jx4UcRM01minHTibkiuQ==/base.apk' is compressed.
06-16 22:02:35.749  1296  2326 D ConnectivityService: Network is BLOCKED, uid = 10136
06-16 22:02:35.800  1359  3176 E SwiftWebViewUtils: Config is not valid: {"businessId":207,"tabName":"","tabUrl":"https:\/\/imgcache.qq.com\/club\/client\/act\/2019_xyj\/dist\/index.html?_bdwv=1024&_bdwvx=2#\/index","tabIcon":"fb18b8f46aff8b23681d45f3cc11ea5e.png","platformId":"0","minVersion":"8.0.5.000","maxVersion":"9.9.9.999","startIndex":1,"endIndex":1,"min":1,"max":0,"uinWhiteList":"475936559","business":"CateNavConfig"}
06-16 22:02:35.841  2901  2901 D AwareBitmapCacher: handleInit disable com.huawei.android.UEInfoCheck
06-16 22:02:35.964 17842 17863 D OsUtil  : hasStrictRequiredPermissions run true
06-16 22:02:35.969 17842 17863 D FLTAG_SC: startService from Intent: Intent { cmp=com.android.mms/.transaction.TransactionService }
06-16 22:02:35.970 17842 17863 I FLTAG_FM: getRequireFeature it maybe not in a feature:com.android.mms.transaction.TransactionService
06-16 22:02:35.970 17842 17863 D FLTAG_SC: Feature cannot been obtained
06-16 22:02:35.970 17842 17863 D FLTAG_SC: Cannot resolve service information : Intent { cmp=com.android.mms/.transaction.TransactionService }
06-16 22:02:35.981 17842 17842 V Mms_TXM_SVC: Creating TransactionService
06-16 22:02:35.981 17842 17842 V Mms_TXM_SVC: Start TransactionService handler thread
06-16 22:02:35.984 17842 17842 V Mms_TXM_SVC: Register connectivity broadcast
06-16 22:02:36.007 17842 17842 I Mms_TXM_SVC: onStartCommand send EVENT_NEW_INTENT. service-id 1
06-16 22:02:36.007 17842  3177 V Mms_TXM_SVC: Handling incoming message: { when=-1ms what=5 arg1=1 obj=Intent { cmp=com.android.mms/.transaction.TransactionService } target=com.android.mms.transaction.TransactionService$ServiceHandler } = EVENT_NEW_INTENT
06-16 22:02:36.008 17842 17842 W Mms_TXM_SVC: ConnectivityBroadcastReceiver.onReceive() action: android.net.conn.CONNECTIVITY_CHANGE
06-16 22:02:36.010 17842 17842 V Mms_TXM_SVC: MSG_APP_Handle ConnectivityBroadcastReceiver.onReceive(): [type: MOBILE_MMS[], state: DISCONNECTED/DISCONNECTED, reason: (unspecified), extra: (none), failover: false, available: true, roaming: false]
06-16 22:02:36.010 17842 17842 V Mms_TXM_SVC:    TYPE_MOBILE_MMS not connected, bail
06-16 22:02:36.010 17842 17842 V Mms_TXM_SVC:    retrying mms connectivity for it's available and renew = false
06-16 22:02:36.024 17842  3177 D Mms     : isWifiCallingAvailable = false isImsRegistered = true
06-16 22:02:36.030 17842  3177 D Mms     : card subscription = 0 is isRoaming false
06-16 22:02:36.031 17842  3177 V Mms_TXM_SVC:     networkAvailable=true
06-16 22:02:36.072  3073  3125 D Gallery2_Search_SearchService: localized batch count: 1
06-16 22:02:36.076  1296  1314 W BroadcastQueue: Permission Denial: broadcasting Intent { act=com.huawei.gallery.action.ACTION_CHANGE flg=0x10 } from com.android.gallery3d (pid=3073, uid=10017) requires com.android.gallery3d.permission.SEARCH_CHANGE_NOTIFY due to registered receiver BroadcastFilter{8fb65e2 u0 ReceiverList{a7f4ead 2749 com.android.gallery3d/10017/u0 remote:eef7fc4}}
06-16 22:02:36.140 17842  3177 V Mms_TXM_SVC: onNewIntent: cursor.count=0 action=null
06-16 22:02:36.140 17842  3177 V Mms_TXM_SVC: onNewIntent: no pending messages. Stopping service.
06-16 22:02:36.191 17842  3177 V Mms_TXM_SVC: stopSelfIfIdle: STOP!
06-16 22:02:36.193 17842 17842 V Mms_TXM_SVC: Destroying TransactionService
06-16 22:02:36.196   612   612 E WifiHAL : enter wifi_get_link_stats
06-16 22:02:36.197 17842  3177 V Mms_TXM_SVC: Handling incoming message: { when=-188ms what=101 arg1=-1 target=com.android.mms.transaction.TransactionService$ServiceHandler } = EVENT_STOP_SERVICE
06-16 22:02:36.198 17842  3177 V Mms_TXM_SVC: stopSelfIfIdle: STOP!
06-16 22:02:36.201 17842  3177 V Mms_TXM_SVC: Handling incoming message: { when=-6ms what=100 target=com.android.mms.transaction.TransactionService$ServiceHandler } = EVENT_QUIT
06-16 22:02:36.256  2956  2956 D AwareBitmapCacher: handleInit disable com.huawei.bone
06-16 22:02:36.267  1160  1674 D MSF.C.NetConnTag: add 21618 cmd:ADARJDMLMyhkNDU2LDEgLWQ0OD0uPSkzOTc uin: *3011 len: 27 msg to GRAfehY3IjMkDjUmPT0 delayWaitSendList
06-16 22:02:36.312 21796  1773 W gle.android.gm: resources.arsc in APK '/data/app/com.jingdong.app.mall-NO_w2CsBPI944B-GsActSg==/base.apk' is compressed.
06-16 22:02:36.354  1296  7268 D PackageManager: resolve intent for uid:10099, matchs:3, res:ResolveInfo{73b4c73 com.huawei.android.launcher/.unihome.UniHomeLauncher m=0x108000}
06-16 22:02:36.470 21796 22287 W gle.android.gm: resources.arsc in APK '/data/app/com.ss.android.article.news-B9PRImayyLdfa5UaK9u4DA==/base.apk' is compressed.
06-16 22:02:36.576  1593  3968 I chatty  : uid=1000(system) SmartcareThread expire 123 lines
06-16 22:02:36.665  1296  2318 I chatty  : uid=1000(system) Binder:1296_D expire 1 line
06-16 22:02:36.768  1160  1618 D MSF.C.NetConnTag: pa ok: 21618
06-16 22:02:36.769  1160  1618 D MSF.C.NetConnTag: netSend ssoSeq:21618 uin:*3011 cmd:ADARJDMLMyhkNDU2LDEgLWQ0OD0uPSkzOTc 21965 b1ca406
06-16 22:02:36.770  1160  1618 D MSF.C.NetConnTag: send Packet addQueue, ssoSeq=21618, uin=*3011
06-16 22:02:36.787  1288  1691 D skia    : external skia thread destroy.
06-16 22:02:36.830 21796 22287 W gle.android.gm: resources.arsc in APK '/data/app/com.qiyi.video-uDQLpjQQS8nbhS7-WXVeMw==/base.apk' is compressed.
06-16 22:02:36.896 21796  1773 W gle.android.gm: resources.arsc in APK '/data/app/com.netease.cloudmusic-r0CK33xPwJWG1r3cC-hxoA==/base.apk' is compressed.
06-16 22:02:36.922 21796 22287 I Icing   : Usage reports ok 2, Failed Usage reports 0, indexed 0, rejected 0, imm upload false
06-16 22:02:36.960  1160  1671 D MSF.C.NetConnTag: netRecv Delay FromServiceMsg ssoSeq:-1222217471 scmd: SSO.LoginMerge len: 47 uncompressed len: 47
06-16 22:02:36.962  1160  1671 D MSF.C.NetConnTag: use simple head for uin:*3011
06-16 22:02:36.962  1160  1671 D MSF.C.CodecWarpper: recv Packet removeItem setV9, ssoSeq:21618, uin:*3011
06-16 22:02:36.963  1160  1671 D MSF.C.NetConnTag: netRecv ssoSeq:21618 uin:*3011 cmd:ADARJDMLMyhkNDU2LDEgLWQ0OD0uPSkzOTc 21627 cross:0
06-16 22:02:36.972  1160  1640 I MSF.S.AppProcessManager: SendToApp process:com.tencent.mobileqq fromServiceMsg: FromServiceMsg msName:unknown ssoSeq:21618 serviceCmd:JsApiSvr.webview.whitelist appSeq:87 failCode:1000 cost=9 needBoot=false
06-16 22:02:36.992  1296  7268 D PackageManager: resolve intent for uid:10099, matchs:3, res:ResolveInfo{ca85c60 com.huawei.android.launcher/.unihome.UniHomeLauncher m=0x108000}
06-16 22:02:37.008  1359  3178 D TicketManager: get ticket succ, sk!
06-16 22:02:37.010  1359  3178 D AuthorizeConfig: pre hits result : true
06-16 22:02:37.040  1359  3179 D ArkApp.ArkAppConfigMgr: ArkSafe.getTemplateAppList, env=Product,template app=[]
06-16 22:02:37.051  1359  3181 D ArkApp.ArkAppConfigMgr: ArkSafe.getTemplateAppList, env=Product,template app=[]
06-16 22:02:37.064  1359  3181 I ArkApp.ArkLocalAppMgr: updateInstalledApps, msg ai app, count=5
06-16 22:02:37.068  1359  3181 I ArkApp.ArkAppCGI: verifyAppPackage, verify result is success
06-16 22:02:37.068  1359  3181 I ArkApp.ArkLocalAppMgr: ArkTemp.checkSignAfterAppPathCache, checksign=success,appName=com.tencent.stock
06-16 22:02:37.068  1359  3181 I ArkApp.ArkLocalAppMgr: checkSignAfterAppPathCache,appName, time, app-name=com.tencent.stock, time=0.004
06-16 22:02:37.070  1359  3181 I ArkApp.ArkAppCGI: verifyAppPackage, verify result is success
06-16 22:02:37.071  1359  3181 I ArkApp.ArkLocalAppMgr: ArkTemp.checkSignAfterAppPathCache, checksign=success,appName=com.tencent.map
06-16 22:02:37.071  1359  3181 I ArkApp.ArkLocalAppMgr: checkSignAfterAppPathCache,appName, time, app-name=com.tencent.map, time=0.002
06-16 22:02:37.073  1359  3181 I ArkApp.ArkAppCGI: verifyAppPackage, verify result is success
06-16 22:02:37.073  1359  3181 I ArkApp.ArkLocalAppMgr: ArkTemp.checkSignAfterAppPathCache, checksign=success,appName=com.tencent.music
06-16 22:02:37.073  1359  3181 I ArkApp.ArkLocalAppMgr: checkSignAfterAppPathCache,appName, time, app-name=com.tencent.music, time=0.002
06-16 22:02:37.075  1359  3181 I ArkApp.ArkAppCGI: verifyAppPackage, verify result is success
06-16 22:02:37.075  1359  3181 I ArkApp.ArkLocalAppMgr: ArkTemp.checkSignAfterAppPathCache, checksign=success,appName=com.tencent.weather
06-16 22:02:37.075  1359  3181 I ArkApp.ArkLocalAppMgr: checkSignAfterAppPathCache,appName, time, app-name=com.tencent.weather, time=0.002
06-16 22:02:37.077  1359  3181 I ArkApp.ArkAppCGI: verifyAppPackage, verify result is success
06-16 22:02:37.077  1359  3181 I ArkApp.ArkLocalAppMgr: ArkTemp.checkSignAfterAppPathCache, checksign=success,appName=com.tencent.qqcomic.aionormal
06-16 22:02:37.077  1359  3181 I ArkApp.ArkLocalAppMgr: checkSignAfterAppPathCache,appName, time, app-name=com.tencent.qqcomic.aionormal, time=0.001
06-16 22:02:37.077  1359  3181 I ArkApp.ArkLocalAppMgr: ArkSafe.isAppNeedUpdate, need-update=false, app=com.tencent.qqcomic.aionormal, last-update=1560686659268, delta=118, update-period=149, last-use-time=1560693747053
06-16 22:02:37.078  1359  3181 I ArkApp.ArkLocalAppMgr: ArkSafe.isAppNeedUpdate, need-update=true, app=com.tencent.weather, last-update=1560686659300, delta=118, update-period=71, last-use-time=1560693757073
06-16 22:02:37.078  1359  3181 I ArkApp.ArkLocalAppMgr: ArkSafe.isAppNeedUpdate, need-update=false, app=com.tencent.map, last-update=1560686659322, delta=118, update-period=210, last-use-time=1560693757070
06-16 22:02:37.078  1359  3181 I ArkApp.ArkLocalAppMgr: ArkSafe.isAppNeedUpdate, need-update=false, app=com.tencent.stock, last-update=1560686659340, delta=118, update-period=197, last-use-time=1560693757066
06-16 22:02:37.078  1359  3181 I ArkApp.ArkLocalAppMgr: ArkSafe.isAppNeedUpdate, need-update=false, app=com.tencent.music, last-update=1560686659348, delta=118, update-period=150, last-use-time=1560693757071
06-16 22:02:37.078  1359  3181 I ArkApp.ArkLocalAppMgr: ArkSafe.isAppNeedUpdate, need-update=false, app=com.tencent.kandianfeeds, last-update=1560686659357, delta=118, update-period=200, last-use-time=1560693748667
06-16 22:02:37.078  1359  3181 I ArkApp.ArkLocalAppMgr: ArkSafe.isAppNeedUpdate, need-update=true, app=com.tencent.miniapp, last-update=1560686659359, delta=118, update-period=60, last-use-time=1560693748998
06-16 22:02:37.078  1359  3181 I ArkApp.ArkLocalAppMgr: ArkSafe.isAppNeedUpdate, need-update=true, app=com.tencent.structmsg, last-update=1560686659361, delta=118, update-period=64, last-use-time=1560693749141
06-16 22:02:37.078  1359  3181 I ArkApp.ArkLocalAppMgr: ArkSafe.isAppNeedUpdate, need-update=true, app=com.tencent.mannounce, last-update=1560686659366, delta=118, update-period=67, last-use-time=1560693749014
06-16 22:02:37.078  1359  3181 I ArkApp.ArkLocalAppMgr: ArkSafe.updateInstalledApps, start to update, last-time=1560693757033, app-count=4, app-name-list=com.tencent.weather;com.tencent.miniapp;com.tencent.structmsg;com.tencent.mannounce;.
06-16 22:02:37.091  1359  3184 D ArkApp.ArkAppConfigMgr: ArkSafe.getAppConfigVersion app=com.tencent.weather, cfgver=76, env=Product
06-16 22:02:37.091  1359  3184 D ArkApp.ArkAppConfigMgr: ArkSafe.getAppConfigVersion app=com.tencent.miniapp, cfgver=11, env=Product
06-16 22:02:37.091  1359  3184 D ArkApp.ArkAppConfigMgr: ArkSafe.getAppConfigVersion app=com.tencent.structmsg, cfgver=12, env=Product
06-16 22:02:37.092  1359  3184 D ArkApp.ArkAppConfigMgr: ArkSafe.getAppConfigVersion app=com.tencent.mannounce, cfgver=5, env=Product
06-16 22:02:37.092  1359  3184 I ArkApp.ArkAppCGI: ArkTemp.queryAppInfoByAppNameBatch.ArkSafe, sso request, req={"os":"android","platformVer":28,"minPlatformVer":2,"apps":[{"app":"com.tencent.weather","ver":"1.0.0.252","cfgver":76},{"app":"com.tencent.miniapp","ver":"1.0.0.74","cfgver":11},{"app":"com.tencent.structmsg","ver":"0.0.0.34","cfgver":12},{"app":"com.tencent.mannounce","ver":"1.0.0.67","cfgver":5}],"qqVer":"8.0.7","supportTemplate":1}
06-16 22:02:37.094  1160  1674 D MSF.C.NetConnTag: add 21619 cmd:CzE7FSooDDQsLH4FLz03IwszIB00Pio uin: *3011 len: 341 msg to GRAfehY3IjMkDjUmPT0 delayWaitSendList
06-16 22:02:37.129 21796 22287 I Icing   : Usage reports ok 0, Failed Usage reports 0, indexed 0, rejected 0, imm upload false
06-16 22:02:37.132 21796 22287 I Icing   : Indexing com.google.android.gms-internal.3p:MusicGroup from com.google.android.gms
06-16 22:02:37.159 21796  1773 W gle.android.gm: resources.arsc in APK '/data/app/com.sankuai.meituan-hYUH9QZn_tFnqIkNAfvdng==/base.apk' is compressed.
06-16 22:02:37.199 21796 22287 I Icing   : Indexing done com.google.android.gms-internal.3p:MusicGroup
06-16 22:02:37.201 21796 22287 I Icing   : Removing corpus key com.google.android.gms-internal.3p:MusicPlaylist for package com.google.android.gms
06-16 22:02:37.201  3073  3073 D AwareBitmapCacher: handleInit disable com.android.gallery3d:search
06-16 22:02:37.202  3073  3109 I allery3d:searc: Waiting for a blocking GC ProfileSaver
06-16 22:02:37.279  3073  3109 I allery3d:searc: WaitForGcToComplete blocked ProfileSaver on AddRemoveAppImageSpace for 77.089ms
06-16 22:02:37.360  1639  1873 I chatty  : uid=10039(com.huawei.HwMultiScreenShot) SystemUI_subThr expire 2 lines
06-16 22:02:37.405 21796  1773 W gle.android.gm: resources.arsc in APK '/data/app/com.sgcc.cs-CA6Sw4fl3LFocwR4Q_4SiA==/base.apk' is compressed.
06-16 22:02:37.599  1160  1618 D MSF.C.NetConnTag: use full head for uin:*3011
06-16 22:02:37.600  1160  1618 D MSF.C.NetConnTag: pa ok: 21620
06-16 22:02:37.601  1160  1618 D MSF.C.NetConnTag: netSend ssoSeq:21620 uin:*3011 cmd:GRAfehY3IjMkDjUmPT0 22151 b1ca406
06-16 22:02:37.601  1160  1618 D MSF.C.NetConnTag: send Packet addQueue, ssoSeq=21620, uin=*3011
06-16 22:02:37.641  1296 32590 I ActivityManager: Killing 687:com.android.settings/1000 (adj 800): iAwareF[LowMem](started-services)
06-16 22:02:37.644  1296  1318 I chatty  : uid=1000(system) ActivityManager expire 26 lines
06-16 22:02:37.661  1296  1524 D ActivityManager: cleanUpApplicationRecord app: ProcessRecord{c66cada 687:com.android.settings/1000}, app.bad: false, restarting: false, allowRestart: false
06-16 22:02:37.668  1296  1449 I chatty  : uid=1000(system) sManagerService expire 10 lines
06-16 22:02:37.669  1593  2188 I chatty  : uid=1000(system) EmcomThread expire 21 lines
06-16 22:02:37.670  1296 32590 I ActivityManager: Killing 2749:com.android.gallery3d/u0a17 (adj 500): iAwareF[LowMem](started-services)
06-16 22:02:37.672  1593  2030 I BoosterSwitchP: notifyUidState do nothing
06-16 22:02:37.672  1593  2030 I DeepNoDisturbP: notifyUidState
06-16 22:02:37.672  1593  2030 I HidataAppQoeP: notifyUidState
06-16 22:02:37.672  1593  2030 I BrowserChrP: notifyUidState
06-16 22:02:37.673  1296 32590 I ActivityManager: Killing 3073:com.android.gallery3d:search/u0a17 (adj 500): iAwareF[LowMem](started-services)
06-16 22:02:37.676 31101 31494 E qyapm-agent: totalMem:38, maxMem:512
06-16 22:02:37.676  1852  2623 I chatty  : uid=1000(system) iAwareNRT expire 10 lines
06-16 22:02:37.682   569   569 I Zygote  : Process 687 exited due to signal (9)
06-16 22:02:37.696  1296 32590 I ActivityManager: Killing 2249:com.huawei.contacts.sync/u0a1 (adj 902): iAwareF[LowMem](cch-empty)
06-16 22:02:37.697  1296  1524 D ActivityManager: cleanUpApplicationRecord app: ProcessRecord{b2fc796 2749:com.android.gallery3d/u0a17}, app.bad: false, restarting: false, allowRestart: false
06-16 22:02:37.698  1296 32590 I ActivityManager: Killing 27955:com.ss.android.article.news/u0a136 (adj 1001): iAwareF[LowMem](cch-act)
06-16 22:02:37.702  1296  1524 D ActivityManager: cleanUpApplicationRecord app: ProcessRecord{7ef0d49 3073:com.android.gallery3d:search/u0a17}, app.bad: false, restarting: false, allowRestart: false
06-16 22:02:37.703  1296 32590 I ActivityManager: Killing 28011:com.ss.android.article.news:push/u0a136 (adj 1001): iAwareF[LowMem](cch-client-act)
06-16 22:02:37.704  1296 32590 I ActivityManager: Killing 28732:com.ss.android.article.news:downloader/u0a136 (adj 1001): iAwareF[LowMem](cch-client-act)
06-16 22:02:37.704  1296  1524 D ActivityManager: cleanUpApplicationRecord app: ProcessRecord{9c2b833 27955:com.ss.android.article.news/u0a136}, app.bad: false, restarting: false, allowRestart: false
06-16 22:02:37.705  1296 32590 E HwActivityManagerServiceEx: process cleaner kill process: adj changed, new adj: 0, pid:28742, uid:10136, com.ss.android.article.news:miniapp0
06-16 22:02:37.705  1296 32590 I ActivityManager: Killing 28945:com.ss.android.article.news:sandboxed_process1/u0a136 (adj 1001): iAwareF[LowMem](cch-empty)
06-16 22:02:37.706  1296 32590 I ActivityManager: Killing 30269:com.ss.android.article.news:sandboxed_process2/u0a136 (adj 1001): iAwareF[LowMem](cch-client-act)
06-16 22:02:37.707   569   569 I Zygote  : Process 3073 exited due to signal (9)
06-16 22:02:37.709   917   917 I [10.4.0.305]CloudAlbum.CloudAlbumSdkService: onUnbind
06-16 22:02:37.709  1296  1524 D HwActivityManagerServiceEx: app is killed, app=ProcessRecord{97f0fdf 28732:com.ss.android.article.news:downloader/u0a136}
06-16 22:02:37.709  1296  1524 D HwActivityManagerServiceEx: app is killed, app=ProcessRecord{97f0fdf 28732:com.ss.android.article.news:downloader/u0a136}
06-16 22:02:37.710  1593  2030 I BoosterSwitchP: notifyUidState do nothing
06-16 22:02:37.710  1593  2030 I DeepNoDisturbP: notifyUidState
06-16 22:02:37.710  1593  2030 I HidataAppQoeP: notifyUidState
06-16 22:02:37.710  1593  2030 I BrowserChrP: notifyUidState
06-16 22:02:37.712  1296  1524 D HwActivityManagerServiceEx: app is killed, app=ProcessRecord{7ef5f87 30269:com.ss.android.article.news:sandboxed_process2/u0a136}
06-16 22:02:37.712  1296  1524 D HwActivityManagerServiceEx: app is killed, app=ProcessRecord{7ef5f87 30269:com.ss.android.article.news:sandboxed_process2/u0a136}
06-16 22:02:37.715  1296  1524 D HwActivityManagerServiceEx: app is killed, app=ProcessRecord{3f1966f 28011:com.ss.android.article.news:push/u0a136}
06-16 22:02:37.715  1296  1524 I chatty  : uid=1000(system) iaware.clean identical 1 line
06-16 22:02:37.718  1296  1524 D HwActivityManagerServiceEx: app is killed, app=ProcessRecord{3f1966f 28011:com.ss.android.article.news:push/u0a136}
06-16 22:02:37.718  1296  1524 D ActivityManager: client is dead, cr:ConnectionRecord{97194f2 u0 CR DEAD com.ss.android.article.news/com.amap.api.location.APSService:@8e38ffd}
06-16 22:02:37.724   569   569 I Zygote  : Process 2749 exited due to signal (9)
06-16 22:02:37.731   917   917 I [10.4.0.305]CloudAlbum.CloudAlbumSdkService: onUnbind, intent action: com.huawei.android.hicloud.album.service.CloudAlbumSdkService
06-16 22:02:37.736   917   917 I [10.4.0.305]CloudAlbum.CloudAlbumSdkServiceImpl: stopAllSync
06-16 22:02:37.741   569   569 I Zygote  : Process 2249 exited due to signal (9)
06-16 22:02:37.746   917  3186 I [10.4.0.305]CloudAlbum.SyncStrategy: setServiceInvalid: true
06-16 22:02:37.749   917  3186 I [10.4.0.305]CloudAlbum.SyncStrategy: State has changed by mask: 32, state: 34
06-16 22:02:37.749   917  3186 I [10.4.0.305]CloudAlbum.CloudAlbumSdkServiceImpl: invokeEvent msgId: 63
06-16 22:02:37.750   917  3186 I [10.4.0.305]CloudAlbum.CloudAlbumSdkLogic: stopAllSync
06-16 22:02:37.750   917  2846 I [10.4.0.305]CloudAlbum.CloudAlbumSdkLogic: dealStateChangedEvent, syncState: 1, state: 34
06-16 22:02:37.750  1296  1524 I ActivityManager:   finishDisabledPackageActivitiesLocked Force finishing activity ActivityRecord{df83272 u0 com.ss.android.article.news/.activity.MainActivity t29286}
06-16 22:02:37.752  1296 10355 D ConnectivityService: ConnectivityService NetworkRequestInfo binderDied(NetworkRequest [ LISTEN id=435, [ Capabilities: INTERNET&NOT_RESTRICTED&TRUSTED Uid: 10136] ], android.os.BinderProxy@6304eaf)
06-16 22:02:37.753  1296  1480 D ConnectivityService: releasing NetworkRequest [ LISTEN id=435, [ Capabilities: INTERNET&NOT_RESTRICTED&TRUSTED Uid: 10136] ] (release request)
06-16 22:02:37.753   917  2846 I [10.4.0.305]CloudAlbum.CloudAlbumSdkServiceImpl: sendCallbackMsg msgId: 9099
06-16 22:02:37.757   570   570 I Zygote  : Process 28732 exited due to signal (9)
06-16 22:02:37.764   570   570 I Zygote  : Process 28011 exited due to signal (9)
06-16 22:02:37.768 31537 31703 I wapm    : has not enter splash
06-16 22:02:37.774   917   917 W [10.4.0.305]CloudAlbum.WakeGalleryManager: wakeGalleryDelay can not sync
06-16 22:02:37.774   917   917 W [10.4.0.305]CloudAlbum.WakeGalleryManager: startWakeEngine can not sync
06-16 22:02:37.775   917   917 I [10.4.0.305]CloudAlbum.CloudAlbumSdkService: onDestroy
06-16 22:02:37.775   917  3186 I [10.4.0.305]CloudAlbum.SDKUploadPhoto: cancelShareUploadTask, errCode: 109
06-16 22:02:37.775   917   917 I [10.4.0.305]CloudAlbum.CloudAlbumSdkServiceImpl: destroy
06-16 22:02:37.775   917   917 I [10.4.0.305]CloudAlbum.CloudAlbumSdkLogic: destroy
06-16 22:02:37.775   917   917 I [10.4.0.305]CloudAlbum.SyncStrategy: destroy
06-16 22:02:37.775   917   917 I [10.4.0.305]CloudAlbum.CommonReceiverManager: destroy
06-16 22:02:37.781   570   570 I Zygote  : Process 28945 exited due to signal (9)
06-16 22:02:37.788   570   570 I Zygote  : Process 30269 exited due to signal (9)
06-16 22:02:37.801  1296  1524 I ActivityManager:   finishDisabledPackageActivitiesLocked Force finishing activity ActivityRecord{e63912f u0 com.ss.android.article.news/com.ss.android.wenda.list.AnswerListActivity t29286}
06-16 22:02:37.808  1296  1524 D ActivityManager: cleanUpApplicationRecord app: ProcessRecord{7676e5a 2249:com.huawei.contacts.sync/u0a1}, app.bad: false, restarting: false, allowRestart: false
06-16 22:02:37.810 28742 28944 I chatty  : uid=10136(com.ss.android.article.news) expire 2 lines
06-16 22:02:37.810  1296  1325 W ActivityManager: setHasOverlayUi called on unknown pid: 687
06-16 22:02:37.816  1296  1524 D ActivityManager: cleanUpApplicationRecord app: ProcessRecord{3f1966f 28011:com.ss.android.article.news:push/u0a136}, app.bad: false, restarting: false, allowRestart: false
06-16 22:02:37.817  1296  1524 D ActivityManager: cleanUpApplicationRecord app: ProcessRecord{97f0fdf 28732:com.ss.android.article.news:downloader/u0a136}, app.bad: false, restarting: false, allowRestart: false
06-16 22:02:37.818  1296  1524 D ActivityManager: cleanUpApplicationRecord app: ProcessRecord{5e1508e 28945:com.ss.android.article.news:sandboxed_process1/u0a136}, app.bad: false, restarting: false, allowRestart: false
06-16 22:02:37.819  1296  1315 W Looper  : Slow dispatch took 115ms android.ui h=com.android.server.am.ActivityManagerService$UiHandler c=null m=53
06-16 22:02:37.819  1296  1524 D ActivityManager: cleanUpApplicationRecord app: ProcessRecord{7ef5f87 30269:com.ss.android.article.news:sandboxed_process2/u0a136}, app.bad: false, restarting: false, allowRestart: false
06-16 22:02:37.820  1593  1606 I BoosterSwitchP: notifyUidState do nothing
06-16 22:02:37.820  1593  1606 I DeepNoDisturbP: notifyUidState
06-16 22:02:37.820  1593  1606 I HidataAppQoeP: notifyUidState
06-16 22:02:37.820  1593  1606 I BrowserChrP: notifyUidState
06-16 22:02:37.821  1296  1315 I StatusBarDisable: setFlags what=0 which=1 pkg=Window{de53b10 u0 com.huawei.android.launcher/com.huawei.android.launcher.unihome.UniHomeLauncher}
06-16 22:02:37.821  1593  1606 I BoosterSwitchP: notifyUidState do nothing
06-16 22:02:37.821  1593  1606 I DeepNoDisturbP: notifyUidState
06-16 22:02:37.821  1593  1606 I HidataAppQoeP: notifyUidState
06-16 22:02:37.821  1593  1606 I BrowserChrP: notifyUidState
06-16 22:02:37.821  1296  1315 I StatusBarDisable: setFlags what=0 which=1 pkg=Window{de53b10 u0 com.huawei.android.launcher/com.huawei.android.launcher.unihome.UniHomeLauncher}
06-16 22:02:37.825  1593  2236 I BoosterSwitchP: notifyUidState do nothing
06-16 22:02:37.825  1593  2236 I DeepNoDisturbP: notifyUidState
06-16 22:02:37.825  1593  2236 I HidataAppQoeP: notifyUidState
06-16 22:02:37.825  1593  2236 I BrowserChrP: notifyUidState
06-16 22:02:37.825  1593  2236 I BoosterSwitchP: notifyUidState do nothing
06-16 22:02:37.825  1593  2236 I DeepNoDisturbP: notifyUidState
06-16 22:02:37.825  1593  2236 I HidataAppQoeP: notifyUidState
06-16 22:02:37.825  1593  2236 I BrowserChrP: notifyUidState
06-16 22:02:37.825  1593 26799 I chatty  : uid=1000(system) Binder:1593_B expire 8 lines
06-16 22:02:37.826  1593  2236 I BoosterSwitchP: notifyUidState do nothing
06-16 22:02:37.826  1593  2236 I DeepNoDisturbP: notifyUidState
06-16 22:02:37.826  1593  2236 I HidataAppQoeP: notifyUidState
06-16 22:02:37.826  1593  2236 I BrowserChrP: notifyUidState
06-16 22:02:37.826  1593  8696 I chatty  : uid=1000(system) Binder:1593_6 expire 4 lines
06-16 22:02:37.828  1593 26799 I BoosterSwitchP: notifyUidState do nothing
06-16 22:02:37.828  1593 26799 I DeepNoDisturbP: notifyUidState
06-16 22:02:37.828  1593 26799 I HidataAppQoeP: notifyUidState
06-16 22:02:37.828  1593 26799 I BrowserChrP: notifyUidState
06-16 22:02:37.829  1593 26799 I BoosterSwitchP: notifyUidState do nothing
06-16 22:02:37.829  1593 26799 I DeepNoDisturbP: notifyUidState
06-16 22:02:37.829  1593 26799 I HidataAppQoeP: notifyUidState
06-16 22:02:37.829  1593 26799 I BrowserChrP: notifyUidState
06-16 22:02:37.841   917   917 E AppLogApi: currentTimeMillis!1560693757839
06-16 22:02:37.842   917   917 E AppLogApi: beforeTimeMillis!1560691874738
06-16 22:02:37.845  1296  1296 V ProcessCleaner: cleanupPackageNotifications, userId=0|[com.android.settings]
06-16 22:02:37.847   917  3186 I [10.4.0.305]CloudAlbum.SDKUploadPhoto: cancelGeneralUploadTask, errCode: 109
06-16 22:02:37.859  1296  1456 I chatty  : uid=1000(system) InputDispatcher expire 8 lines
06-16 22:02:37.866   570   570 I Zygote  : Process 27955 exited due to signal (9)
06-16 22:02:37.866  1296  2227 D ConnectivityService: ConnectivityService NetworkRequestInfo binderDied(NetworkRequest [ LISTEN id=442, [ Capabilities: INTERNET&NOT_RESTRICTED&TRUSTED Uid: 10136] ], android.os.BinderProxy@4e502bc)
06-16 22:02:37.866  1296  3111 D ConnectivityService: ConnectivityService NetworkRequestInfo binderDied(NetworkRequest [ LISTEN id=436, [ Capabilities: INTERNET&NOT_RESTRICTED&TRUSTED Uid: 10136] ], android.os.BinderProxy@5bfa245)
06-16 22:02:37.867  1296  3111 I chatty  : uid=1000(system) Binder:1296_13 expire 5 lines
06-16 22:02:37.867  1296  1307 I chatty  : uid=1000(system) Binder:1296_2 expire 5 lines
06-16 22:02:37.867  1296  2225 I chatty  : uid=1000(system) Binder:1296_A expire 5 lines
06-16 22:02:37.867  1296  2129 D ConnectivityService: ConnectivityService NetworkRequestInfo binderDied(NetworkRequest [ LISTEN id=443, [ Capabilities: INTERNET&NOT_RESTRICTED&TRUSTED Uid: 10136] ], android.os.BinderProxy@c674d9a)
06-16 22:02:37.867  1296  1480 D ConnectivityService: releasing NetworkRequest [ LISTEN id=442, [ Capabilities: INTERNET&NOT_RESTRICTED&TRUSTED Uid: 10136] ] (release request)
06-16 22:02:37.868  1296  1480 D ConnectivityService: releasing NetworkRequest [ LISTEN id=436, [ Capabilities: INTERNET&NOT_RESTRICTED&TRUSTED Uid: 10136] ] (release request)
06-16 22:02:37.868  1296  1480 D ConnectivityService: releasing NetworkRequest [ LISTEN id=443, [ Capabilities: INTERNET&NOT_RESTRICTED&TRUSTED Uid: 10136] ] (release request)
06-16 22:02:37.872  1296  7295 I WindowManager: WIN DEATH: Window{fc86728 u0 com.ss.android.article.news/com.ss.android.wenda.list.AnswerListActivity}
06-16 22:02:37.872  1296  7295 V WindowManager: removeIfPossible: Window{fc86728 u0 com.ss.android.article.news/com.ss.android.wenda.list.AnswerListActivity}
06-16 22:02:37.873  1296  7295 V WindowManager: postWindowRemoveCleanupLocked: Window{fc86728 u0 com.ss.android.article.news/com.ss.android.wenda.list.AnswerListActivity}
06-16 22:02:37.873  1296  7295 V WindowManager: Removing Window{fc86728 u0 com.ss.android.article.news/com.ss.android.wenda.list.AnswerListActivity} from AppWindowToken{dc6e8c5 token=Token{ffb533c ActivityRecord{e63912f u0 com.ss.android.article.news/com.ss.android.wenda.list.AnswerListActivity t29286}}}
06-16 22:02:37.874  1296  1296 V ProcessCleaner: cleanupPackageNotifications, userId=0|[com.android.gallery3d]
06-16 22:02:37.874  1578  2364 V AudioManager: mPlaybackCallbackList.size:1
06-16 22:02:37.874  1578  2386 D AudioManager: dispatching onPlaybackConfigChanged()
06-16 22:02:37.875  1578  2364 V AudioManager: mPlaybackCallbackList.size:1
06-16 22:02:37.875  1578  2386 D AudioManager: dispatching onPlaybackConfigChanged()
06-16 22:02:37.875  1578  2364 V AudioManager: mPlaybackCallbackList.size:1
06-16 22:02:37.875  1578  2386 D AudioManager: dispatching onPlaybackConfigChanged()
06-16 22:02:37.878  1578  2355 V AudioManager: mPlaybackCallbackList.size:1
06-16 22:02:37.878  1578  2386 D AudioManager: dispatching onPlaybackConfigChanged()
06-16 22:02:37.878  1296  1315 I StatusBarDisable: setFlags what=0 which=1 pkg=Window{de53b10 u0 com.huawei.android.launcher/com.huawei.android.launcher.unihome.UniHomeLauncher}
06-16 22:02:37.879  1578  2355 V AudioManager: mPlaybackCallbackList.size:1
06-16 22:02:37.880  1578  2386 D AudioManager: dispatching onPlaybackConfigChanged()
06-16 22:02:37.883  1296  2227 I WindowManager: WIN DEATH: Window{9d43a91 u0 PopupWindow:831ed26}
06-16 22:02:37.883  1296  2227 V WindowManager: removeIfPossible: Window{9d43a91 u0 PopupWindow:831ed26}
06-16 22:02:37.883  1296  2227 I chatty  : uid=1000(system) Binder:1296_B expire 11 lines
06-16 22:02:37.884  1296  2227 V WindowManager: postWindowRemoveCleanupLocked: Window{9d43a91 u0 PopupWindow:831ed26}
06-16 22:02:37.884  1296  2227 V WindowManager: Removing Window{9d43a91 u0 PopupWindow:831ed26} from AppWindowToken{d255b40 token=Token{83866c3 ActivityRecord{df83272 u0 com.ss.android.article.news/.activity.MainActivity t29286}}}
06-16 22:02:37.886  1296  1315 I StatusBarDisable: setFlags what=0 which=1 pkg=Window{de53b10 u0 com.huawei.android.launcher/com.huawei.android.launcher.unihome.UniHomeLauncher}
06-16 22:02:37.891  1296  7939 I WindowManager: WIN DEATH: Window{8a9d1d2 u0 PopupWindow:8b9cad8}
06-16 22:02:37.891  1296  7939 V WindowManager: removeIfPossible: Window{8a9d1d2 u0 PopupWindow:8b9cad8}
06-16 22:02:37.891  1296  7939 I chatty  : uid=1000(system) Binder:1296_19 expire 23 lines
06-16 22:02:37.891  1296  7939 V WindowManager: postWindowRemoveCleanupLocked: Window{8a9d1d2 u0 PopupWindow:8b9cad8}
06-16 22:02:37.891  1296  7939 V WindowManager: Removing Window{8a9d1d2 u0 PopupWindow:8b9cad8} from AppWindowToken{d255b40 token=Token{83866c3 ActivityRecord{df83272 u0 com.ss.android.article.news/.activity.MainActivity t29286}}}
06-16 22:02:37.894  1296  1315 I StatusBarDisable: setFlags what=0 which=1 pkg=Window{de53b10 u0 com.huawei.android.launcher/com.huawei.android.launcher.unihome.UniHomeLauncher}
06-16 22:02:37.897  1296  1296 V ProcessCleaner: cleanupPackageNotifications, userId=0|[com.huawei.contacts.sync]
06-16 22:02:37.898  1296 14783 I WindowManager: WIN DEATH: Window{caf3c04 u0 com.ss.android.article.news/com.ss.android.article.news.activity.MainActivity}
06-16 22:02:37.898  1296 14783 V WindowManager: removeIfPossible: Window{caf3c04 u0 com.ss.android.article.news/com.ss.android.article.news.activity.MainActivity}
06-16 22:02:37.898  1296 14783 I chatty  : uid=1000(system) Binder:1296_20 expire 3 lines
06-16 22:02:37.898  1296 14783 V WindowManager: postWindowRemoveCleanupLocked: Window{caf3c04 u0 com.ss.android.article.news/com.ss.android.article.news.activity.MainActivity}
06-16 22:02:37.898  1296 14783 V WindowManager: Removing Window{caf3c04 u0 com.ss.android.article.news/com.ss.android.article.news.activity.MainActivity} from AppWindowToken{d255b40 token=Token{83866c3 ActivityRecord{df83272 u0 com.ss.android.article.news/.activity.MainActivity t29286}}}
06-16 22:02:37.902  1296  1315 I StatusBarDisable: setFlags what=0 which=1 pkg=Window{de53b10 u0 com.huawei.android.launcher/com.huawei.android.launcher.unihome.UniHomeLauncher}
06-16 22:02:37.906  1891  2931 D HwRecentsTaskUtils: refreshToCache
06-16 22:02:37.906  1891  2931 D HwRecentsTaskUtils: searchFromDate
06-16 22:02:37.909  1296  1325 W ActivityManager: setHasOverlayUi called on unknown pid: 27955
06-16 22:02:37.918  1891  2931 I RecentsTaskLoadPlan: to show tasks size is 6
06-16 22:02:37.938  1359  1386 I DSDK_ProcessUtils: current process:com.tencent.mobileqq,is remote op process:true
06-16 22:02:37.938  1359  1386 I SettingTable: <SettingTable> init begin, process com.tencent.mobileqq
