06-16 22:03:00.010  1296  1296 I HwAlarmManagerService: hwSetAlarm listenerTag: time_tick
06-16 22:03:00.063  1296  7866 I ActivityManager: Need to start process com.huawei.parentcontrol for provider ContentProviderInfo{name=com.huawei.parentcontrol className=com.huawei.parentcontrol.provider.ContentProviders}, callerApp: ProcessRecord{c503ce7 802:com.huawei.appmarket/u0a85}
06-16 22:03:00.063  1296  7866 V ActivityManager: startProcess: name=com.huawei.parentcontrol app=null knownToBeDead=false thread=null pid=-1
06-16 22:03:00.067  1296  7866 V ActivityManager_MU: Waiting to start provider ContentProviderRecord{9893a7 u0 com.huawei.parentcontrol/.provider.ContentProviders} launchingApp=ProcessRecord{de33466 0:com.huawei.parentcontrol/u0a57} caller pid= 802
06-16 22:03:00.131  1296  1317 I ActivityManager: Start proc 3778:com.huawei.parentcontrol/u0a57 for content provider com.huawei.parentcontrol/.provider.ContentProviders
06-16 22:03:00.131  1296  1796 E ProcessInfoCollector: getProcessInfo: failed to find this proc 
06-16 22:03:00.152  3778  3778 D ActivityThread: Attach thread to application
06-16 22:03:00.242  1296  9254 V BroadcastQueue: Finished with ordered broadcast BroadcastRecord{9eaf4c1 u-1 android.intent.action.TIME_TICK}
06-16 22:03:00.304  1296  7866 V ActivityManager: Successfully start provider ContentProviderRecord{9893a7 u0 com.huawei.parentcontrol/.provider.ContentProviders} launchingApp=ProcessRecord{de33466 3778:com.huawei.parentcontrol/u0a57} caller pid= 802
06-16 22:03:02.308  1296  8135 D ConnectivityService: Network is BLOCKED, uid = 10136
06-16 22:03:03.820  1296  1315 D PickUpWakeScreenManager: onDeviceDataChanged
06-16 22:03:03.820  1296  1315 D PickUpWakeScreenManager: screen on =true
06-16 22:03:03.870  1296  1315 I WindowManager: onProposedRotationChanged, rotation=0
06-16 22:03:03.873  1296  1315 I WindowManager: MyOrientationListener: updateRotation.
06-16 22:03:03.876  1296  1315 D HwPhoneWindowManager: sensorRotation = 0 lastRotation:0
06-16 22:03:03.891  1296  1315 V WindowManager: removeIfPossible: Window{6453385 u0 android}
06-16 22:03:03.893  1296  1315 V WindowManager: postWindowRemoveCleanupLocked: Window{6453385 u0 android}
06-16 22:03:03.894  1296  1315 V WindowManager: Removing Window{6453385 u0 android} from WindowToken{d2d10fc android.view.ViewRootImpl$W@bf2adef}
06-16 22:03:03.931  1296  1315 V WindowManager: addWindow: Window{992509f u0 android}
06-16 22:03:03.932  1296  1315 I StatusBarDisable: setFlags what=0 which=1 pkg=Window{de53b10 u0 com.huawei.android.launcher/com.huawei.android.launcher.unihome.UniHomeLauncher}
06-16 22:03:03.932  1296  1315 I chatty  : uid=1000(system) android.ui identical 1 line
06-16 22:03:03.948  1296  1315 I StatusBarDisable: setFlags what=0 which=1 pkg=Window{de53b10 u0 com.huawei.android.launcher/com.huawei.android.launcher.unihome.UniHomeLauncher}
06-16 22:03:04.109  1296  1315 I WindowManager: onProposedRotationChanged, rotation=0
06-16 22:03:04.111  1296  1315 I WindowManager: MyOrientationListener: updateRotation.
06-16 22:03:04.112  1296  1315 D HwPhoneWindowManager: sensorRotation = 0 lastRotation:0
06-16 22:03:04.125  1296  1315 V WindowManager: removeIfPossible: Window{992509f u0 android}
06-16 22:03:04.127  1296  1315 V WindowManager: postWindowRemoveCleanupLocked: Window{992509f u0 android}
06-16 22:03:04.127  1296  1315 V WindowManager: Removing Window{992509f u0 android} from WindowToken{81a6a3e android.view.ViewRootImpl$W@9387af9}
06-16 22:03:04.157  1296  1315 V WindowManager: addWindow: Window{53384d8 u0 android}
06-16 22:03:04.158  1296  1315 I StatusBarDisable: setFlags what=0 which=1 pkg=Window{de53b10 u0 com.huawei.android.launcher/com.huawei.android.launcher.unihome.UniHomeLauncher}
06-16 22:03:04.158  1296  1315 I chatty  : uid=1000(system) android.ui identical 1 line
06-16 22:03:04.176  1296  1315 I StatusBarDisable: setFlags what=0 which=1 pkg=Window{de53b10 u0 com.huawei.android.launcher/com.huawei.android.launcher.unihome.UniHomeLauncher}
06-16 22:03:05.180  1593  1817 I HidataAppQoeP: handleStateChanged reason=6
06-16 22:03:05.180  1593  1817 I BrowserChrP: handleStateChanged
06-16 22:03:05.354  1296  8135 D ConnectivityService: Network is BLOCKED, uid = 10136
06-16 22:03:05.421  1296  2129 I ActivityManager: START u0 {act=android.intent.action.MAIN cat=[android.intent.category.LAUNCHER] flg=0x10200000 cmp=com.android.settings/.HWSettings bnds=[276,942][540,1228]} from uid 10056
06-16 22:03:05.422  1296  2129 I ActivityManager: ActivityRecord info: ActivityInfo{c25fe6d com.android.settings.HWSettings}
06-16 22:03:05.438  1296  2129 V WindowManager: addAppToken: AppWindowToken{9369f8f token=Token{3d3deee ActivityRecord{ab11469 u0 com.android.settings/.HWSettings t29289}}} controller={TaskWindowContainerController taskId=29289} at 2147483647
06-16 22:03:05.441  1296  1312 W HwActivityManagerServiceEx: HwActivityNotifier end call for activityLifeState under user 0 cost 1
06-16 22:03:05.442  1296  1315 I StatusBarDisable: setFlags what=0 which=1 pkg=Window{de53b10 u0 com.huawei.android.launcher/com.huawei.android.launcher.unihome.UniHomeLauncher}
06-16 22:03:05.452  1296  2129 V ActivityManager: startProcess: name=com.android.settings app=null knownToBeDead=true thread=null pid=-1
06-16 22:03:05.454  1296  2129 V ActivityManager: startProcess: name=com.android.settings app=ProcessRecord{879b21c 0:com.android.settings/1000} knownToBeDead=true thread=null pid=0
06-16 22:03:05.455  1296  1315 I StatusBarDisable: setFlags what=0 which=1 pkg=Window{de53b10 u0 com.huawei.android.launcher/com.huawei.android.launcher.unihome.UniHomeLauncher}
06-16 22:03:05.457  1296  1312 W HwActivityManagerServiceEx: HwActivityNotifier end call for activityLifeState under user 0 cost 1
06-16 22:03:05.457  1296  1314 E HwActivityManagerServiceEx: invalid ActivityRecord, error.
06-16 22:03:05.457  1296  1314 E HwActivityManagerServiceEx: parse activity info error.
06-16 22:03:05.484  3829  3829 D ActivityThread: Attach thread to application
06-16 22:03:05.504  1296  1314 V WindowManager: removeAppToken: AppWindowToken{d255b40 token=Token{83866c3 ActivityRecord{df83272 u0 com.ss.android.article.news/.activity.MainActivity t29286}}} delayed=true Callers=com.android.server.wm.DisplayContent.removeAppToken:1067 com.android.server.wm.AppWindowContainerController.removeContainer:315 com.android.server.am.ActivityRecord.removeWindowContainer:1160 com.android.server.am.ActivityStack.removeActivityFromHistoryLocked:4530 
06-16 22:03:05.505  1296  1314 E HwActivityManagerServiceEx: invalid ActivityRecord, error.
06-16 22:03:05.505  1296  1314 E HwActivityManagerServiceEx: parse activity info error.
06-16 22:03:05.505  1296  1314 V WindowManager: removeAppToken: AppWindowToken{dc6e8c5 token=Token{ffb533c ActivityRecord{e63912f u0 com.ss.android.article.news/com.ss.android.wenda.list.AnswerListActivity t29286}}} delayed=true Callers=com.android.server.wm.DisplayContent.removeAppToken:1067 com.android.server.wm.AppWindowContainerController.removeContainer:315 com.android.server.am.ActivityRecord.removeWindowContainer:1160 com.android.server.am.ActivityStack.removeActivityFromHistoryLocked:4530 
06-16 22:03:05.506  1296  1315 I StatusBarDisable: setFlags what=0 which=1 pkg=Window{de53b10 u0 com.huawei.android.launcher/com.huawei.android.launcher.unihome.UniHomeLauncher}
06-16 22:03:05.507  1296  1315 I StatusBarDisable: setFlags what=0 which=1 pkg=Window{de53b10 u0 com.huawei.android.launcher/com.huawei.android.launcher.unihome.UniHomeLauncher}
06-16 22:03:05.510  1296  1424 V WindowManager: addWindow: Window{5f11c20 u0 Splash Screen com.android.settings}
06-16 22:03:05.510  1296  1424 D HwPhoneWindowManager: sensorRotation = 0 lastRotation:0
06-16 22:03:05.513  1296  1315 I StatusBarDisable: setFlags what=0 which=1 pkg=Window{de53b10 u0 com.huawei.android.launcher/com.huawei.android.launcher.unihome.UniHomeLauncher}
06-16 22:03:05.514  1296  3850 D PackageManager: resolve intent for uid:1000, matchs:3, res:ResolveInfo{efae9d9 com.huawei.android.launcher/.unihome.UniHomeLauncher m=0x108000}
06-16 22:03:05.529  1296  1314 V ActivityManager: startProcess: name=com.android.settings app=ProcessRecord{879b21c 0:com.android.settings/1000} knownToBeDead=true thread=null pid=0
06-16 22:03:05.530  1296  1317 I ActivityManager: Start proc 3829:com.android.settings/1000 for activity com.android.settings/.HWSettings
06-16 22:03:05.531  1296  2129 D HwPhoneWindowManager: sensorRotation = 0 lastRotation:0
06-16 22:03:05.542  1296  1315 I StatusBarDisable: setFlags what=0 which=1 pkg=Window{de53b10 u0 com.huawei.android.launcher/com.huawei.android.launcher.unihome.UniHomeLauncher}
06-16 22:03:05.547  1296  2129 W HwActivityManagerServiceEx: appSwitch from: com.huawei.android.launcher to: com.android.settings
06-16 22:03:05.547  1296  2129 E HwActivityManagerServiceEx: invalid ActivityRecord, error.
06-16 22:03:05.547  1296  2129 E HwActivityManagerServiceEx: parse activity info error.
06-16 22:03:05.547  1296  1312 W HwActivityManagerServiceEx: HwActivityNotifier end call for appSwitch under user 0 cost 0
06-16 22:03:05.553  1296  1796 E ProcessInfoCollector: getProcessInfo: failed to find this proc 
06-16 22:03:05.572  1296  1424 V WindowManager: Checking 1 opening apps (frozen=false timeout=false), Track: updateconfig performsurface
06-16 22:03:05.572  1296  1424 V WindowManager: Check opening app=AppWindowToken{9369f8f token=Token{3d3deee ActivityRecord{ab11469 u0 com.android.settings/.HWSettings t29289}}}: allDrawn=false startingDisplayed=true startingMoved=false isRelaunching()=false startingWindow=Window{5f11c20 u0 Splash Screen com.android.settings}
06-16 22:03:05.572  1296  1424 I WindowManager: closing apps count = 1
06-16 22:03:05.631  1296  9254 I HwAudioService: now type = 255,reportForegroundAppType = 255,pkg = null,systemload = 255mVoipOptimizeInGameModefalse
06-16 22:03:05.713  1296  1315 W Looper  : Slow dispatch took 168ms android.ui h=com.android.server.am.ActivityManagerService$UiHandler c=null m=31
06-16 22:03:05.714  1593  1606 I BoosterSwitchP: notifyUidState do nothing
06-16 22:03:05.714  1593  1606 I DeepNoDisturbP: notifyUidState
06-16 22:03:05.714  1593  1606 I HidataAppQoeP: notifyUidState
06-16 22:03:05.714  1593  1606 I BrowserChrP: notifyUidState
06-16 22:03:05.714  1296  1315 I StatusBarDisable: setFlags what=0 which=1 pkg=Window{de53b10 u0 com.huawei.android.launcher/com.huawei.android.launcher.unihome.UniHomeLauncher}
06-16 22:03:05.714  1296  1315 I StatusBarDisable: setFlags what=0 which=1 pkg=Window{de53b10 u0 com.huawei.android.launcher/com.huawei.android.launcher.unihome.UniHomeLauncher}
06-16 22:03:05.714  1296  1315 I StatusBarDisable: setFlags what=0 which=1 pkg=Window{5f11c20 u0 Splash Screen com.android.settings}
06-16 22:03:05.714  1296  1315 I StatusBarDisable: setFlags what=0 which=1 pkg=Window{5f11c20 u0 Splash Screen com.android.settings}
06-16 22:03:05.723  1296  9254 I HwNetworkPolicy: onTransact, code = 203
06-16 22:03:05.723  1930  2349 I HwNetworkPolicyManager: getHwUidPolicy uid = 1000 policy = 0
06-16 22:03:05.772  3829  3829 V ActivityThread: Skipping new config:{1.0 460mcc2mnc [zh_CN_#Hans] ldltr sw360dp w360dp h616dp 480dpi nrml long port finger -keyb/v/h -nav/h winConfig={ mBounds=Rect(0, 0 - 1920, 1080) mAppBounds=Rect(0, 0 - 1080, 1920) mWindowingMode=fullscreen mActivityType=undefined} nonFullScreen=0 suim:1 s.28}, config:{1.0 460mcc2mnc [zh_CN_#Hans] ldltr sw360dp w360dp h616dp 480dpi nrml long port finger -keyb/v/h -nav/h winConfig={ mBounds=Rect(0, 0 - 1920, 1080) mAppBounds=Rect(0, 0 - 1080, 1920) mWindowingMode=fullscreen mActivityType=undefined} nonFullScreen=0 suim:1 s.28} for app:com.android.settings
06-16 22:03:05.783  3829  3829 V ActivityThread: callActivityOnCreate
06-16 22:03:05.819  1296  1315 I StatusBarDisable: setFlags what=0 which=1 pkg=Window{5f11c20 u0 Splash Screen com.android.settings}
06-16 22:03:05.834  1296  2129 D HwFingerprintService: CODE_IS_SUPPORT_DUAL_FINGERPRINT
06-16 22:03:05.839  1296  1315 I StatusBarDisable: setFlags what=0 which=1 pkg=Window{5f11c20 u0 Splash Screen com.android.settings}
06-16 22:03:05.839  1296  2129 D HwFingerprintService: pacel  packaged :HardwareType
06-16 22:03:05.840  1296  2129 D HwFingerprintService: fingerprintd HardwareType = 769
06-16 22:03:05.845  1296  1315 I StatusBarDisable: setFlags what=0 which=1 pkg=Window{5f11c20 u0 Splash Screen com.android.settings}
06-16 22:03:05.849  1296  1315 I chatty  : uid=1000(system) android.ui identical 1 line
06-16 22:03:05.855  1296  1315 I StatusBarDisable: setFlags what=0 which=1 pkg=Window{5f11c20 u0 Splash Screen com.android.settings}
06-16 22:03:05.860  3829  3829 D ActivityThread: add activity client record, r= ActivityRecord{d97a322 token=android.os.BinderProxy@dec3226 {com.android.settings/com.android.settings.HWSettings}} token= android.os.BinderProxy@dec3226
06-16 22:03:05.867  3829  3829 W ContextImpl: Calling a method in the system process without a qualified user: android.app.ContextImpl.sendBroadcast:1172 android.content.ContextWrapper.sendBroadcast:449 com.android.settings.HWSettings.onResume:229 android.app.Instrumentation.callActivityOnResume:1456 android.app.Activity.performResume:7611 
06-16 22:03:05.887  1296  7866 V WindowManager: addWindow: Window{b96b726 u0 com.android.settings/com.android.settings.HWSettings}
06-16 22:03:05.889  1296  1326 D HwGameAssistantController: UPDATE: mCurFgPkg=com.android.settings, mCurFgPid=3829, mCurIsGame=false
06-16 22:03:05.891  1296  1312 W HwActivityManagerServiceEx: HwActivityNotifier end call for activityLifeState under user 0 cost 3
06-16 22:03:05.891  1296  7866 I HwNetworkPolicy: onTransact, code = 12
06-16 22:03:05.896  3829  3880 I HwGeneralManager: isSupportTrikey is:true
06-16 22:03:05.899  1296  7866 D HwFingerprintService: CODE_IS_SUPPORT_DUAL_FINGERPRINT
06-16 22:03:05.900  1296  2129 D PackageManager: resolve intent for uid:1000, matchs:3, res:ResolveInfo{85dbf67 com.huawei.android.launcher/.unihome.UniHomeLauncher m=0x108000}
06-16 22:03:05.901  1296  7866 D HwFingerprintService: pacel  packaged :HardwareType
06-16 22:03:05.901  1296  7866 D HwFingerprintService: fingerprintd HardwareType = 769
06-16 22:03:05.902  1296  7866 D HwFingerprintService: CODE_IS_SUPPORT_DUAL_FINGERPRINT
06-16 22:03:05.903  1296  7866 D HwFingerprintService: pacel  packaged :HardwareType
06-16 22:03:05.904  1296  7866 D HwFingerprintService: fingerprintd HardwareType = 769
06-16 22:03:05.923  1296  1315 I StatusBarDisable: setFlags what=0 which=1 pkg=Window{5f11c20 u0 Splash Screen com.android.settings}
06-16 22:03:05.964  1296  1315 I StatusBarDisable: setFlags what=0 which=1 pkg=Window{5f11c20 u0 Splash Screen com.android.settings}
06-16 22:03:05.964  1296  1424 V WindowManager_visibility: updateAllDrawn Add AppWindowToken{9369f8f token=Token{3d3deee ActivityRecord{ab11469 u0 com.android.settings/.HWSettings t29289}}}
06-16 22:03:05.965  1296  1424 V WindowManager_visibility: updateAllDrawn allDrawn=false interesting=1 drawn=1 relaunchCount=0 for AppWindowToken{9369f8f token=Token{3d3deee ActivityRecord{ab11469 u0 com.android.settings/.HWSettings t29289}}}
06-16 22:03:05.967  1296  1315 I StatusBarDisable: setFlags what=0 which=1 pkg=Window{5f11c20 u0 Splash Screen com.android.settings}
06-16 22:03:05.970  1296  1424 V WindowManager: removeIfPossible: Window{5f11c20 u0 Splash Screen com.android.settings}
06-16 22:03:05.971  1296  1424 V WindowManager: Not removing Window{5f11c20 u0 Splash Screen com.android.settings EXITING} due to exit animation 
06-16 22:03:05.973  1296  1315 I StatusBarDisable: setFlags what=0 which=1 pkg=Window{5f11c20 u0 Splash Screen com.android.settings EXITING}
06-16 22:03:05.975  1296  1325 D ActivityManager: EVENT_APP_ACTIVITY_DISPLAYED_FINISH reportData: com.android.settings/.HWSettings 3829 514
06-16 22:03:05.980  1296  1472 D NetdConnector: SND -> {3537 firewall set_uid_rule standby 10157 deny}
06-16 22:03:06.001  1296  8135 V WindowManager: notifyAppStopped: AppWindowToken{aebbe93 token=Token{5a5c782 ActivityRecord{df5b2cd u0 com.huawei.android.launcher/.unihome.UniHomeLauncher t1}}}
06-16 22:03:06.001  1296  8135 E WindowManager: win=Window{b43d0f5 u0 com.huawei.intelligent.Workspace} destroySurfaces: appStopped=true win.mWindowRemovalAllowed=false win.mRemoveOnExit=false
06-16 22:03:06.001  1296  8135 E WindowManager: win=Window{de53b10 u0 com.huawei.android.launcher/com.huawei.android.launcher.unihome.UniHomeLauncher} destroySurfaces: appStopped=true win.mWindowRemovalAllowed=false win.mRemoveOnExit=false
06-16 22:03:06.003  1593  1607 I BoosterSwitchP: notifyUidState do nothing
06-16 22:03:06.003  1593  1607 I DeepNoDisturbP: notifyUidState
06-16 22:03:06.003  1593  1607 I HidataAppQoeP: notifyUidState
06-16 22:03:06.003  1593  1607 I BrowserChrP: notifyUidState
06-16 22:03:06.032  1296  1467 D NetdConnector: RCV <- {200 3537 Firewall command succeeded}
06-16 22:03:06.032  1296  1467 D NetdConnector: RCV <- {200 3537 Firewall command succeeded}
06-16 22:03:06.034  1296  1472 D NetdConnector: SND -> {3538 firewall set_uid_rule standby 10154 deny}
06-16 22:03:06.036  1296  1467 D NetdConnector: RCV <- {200 3538 Firewall command succeeded}
06-16 22:03:06.036  1296  1467 D NetdConnector: RCV <- {200 3538 Firewall command succeeded}
06-16 22:03:06.038  1296  1472 D NetdConnector: SND -> {3539 firewall set_uid_rule standby 10060 deny}
06-16 22:03:06.040  1296  1467 D NetdConnector: RCV <- {200 3539 Firewall command succeeded}
06-16 22:03:06.040  1296  1467 D NetdConnector: RCV <- {200 3539 Firewall command succeeded}
06-16 22:03:06.086  1296  1424 V WindowManager: Exit animation finished in Window{5f11c20 u0 Splash Screen com.android.settings EXITING}: remove=true
06-16 22:03:06.087  1296  1424 E WindowManager: win=Window{5f11c20 u0 Splash Screen com.android.settings EXITING} destroySurfaces: appStopped=false win.mWindowRemovalAllowed=true win.mRemoveOnExit=true
06-16 22:03:06.087  1296  1424 V WindowManager: postWindowRemoveCleanupLocked: Window{5f11c20 u0 Splash Screen com.android.settings}
06-16 22:03:06.087  1296  1424 V WindowManager: Removing Window{5f11c20 u0 Splash Screen com.android.settings} from AppWindowToken{9369f8f token=Token{3d3deee ActivityRecord{ab11469 u0 com.android.settings/.HWSettings t29289}}}
06-16 22:03:06.088  1296  1315 I StatusBarDisable: setFlags what=0 which=1 pkg=Window{b96b726 u0 com.android.settings/com.android.settings.HWSettings}
06-16 22:03:06.095  1296  2129 D ConnectivityService: Network is BLOCKED, uid = 10060
06-16 22:03:06.095  1296  2129 D ConnectivityService: Returning BLOCKED NetworkInfo to uid=10060
06-16 22:03:06.095  1296  2129 D ConnectivityService: Network is BLOCKED, uid = 10060
06-16 22:03:06.104  1296  2129 I chatty  : uid=1000(system) Binder:1296_9 identical 47 lines
06-16 22:03:06.104  1296  2129 D ConnectivityService: Network is BLOCKED, uid = 10060
06-16 22:03:06.105  1296  1315 I StatusBarDisable: setFlags what=0 which=1 pkg=Window{b96b726 u0 com.android.settings/com.android.settings.HWSettings}
06-16 22:03:06.391  1296  1315 I StatusBarDisable: setFlags what=0 which=1 pkg=Window{b96b726 u0 com.android.settings/com.android.settings.HWSettings}
06-16 22:03:06.394  1296  8135 V HwPhoneWindowManager: updateSystemUiColorLw window=Window{b96b726 u0 com.android.settings/com.android.settings.HWSettings},EmuiStyle=1,StatusBarColor=0xfff8f8f8,NavigationBarColor=0xffffffff, mLastIsEmuiLightStyle=1, mForceNotchStatusBar=false
06-16 22:03:06.394  1639  2027 I CommandQueue: updateBarBgColor
06-16 22:03:06.394  1639  2027 D CommandQueue: CommandQueue, setBarBackgroundColor
06-16 22:03:06.395  1296  1315 I StatusBarDisable: setFlags what=0 which=1 pkg=Window{b96b726 u0 com.android.settings/com.android.settings.HWSettings}
06-16 22:03:06.740  1296  8135 D HwFingerprintService: CODE_GET_HARDWARE_TYPE
06-16 22:03:06.741  1296  8135 D HwFingerprintService: pacel  packaged :HardwareType
06-16 22:03:06.741  1296  8135 D HwFingerprintService: fingerprintd HardwareType = 769
06-16 22:03:06.748  1296  8135 D HwFingerprintService: CODE_IS_SUPPORT_DUAL_FINGERPRINT
06-16 22:03:06.750  1296  8135 D HwFingerprintService: pacel  packaged :HardwareType
06-16 22:03:06.750  1296  8135 D HwFingerprintService: fingerprintd HardwareType = 769
06-16 22:03:06.794  1296  8135 I Telecom-PhoneAccountRegistrar: SimCallManager queried, returning: null
06-16 22:03:06.800  1296  2129 I Telecom-PhoneAccountRegistrar: SimCallManager queried, returning: null
06-16 22:03:06.812  1296  1472 D NetdConnector: SND -> {3540 firewall set_uid_rule standby 10060 allow}
06-16 22:03:06.814  1296  1467 D NetdConnector: RCV <- {200 3540 Firewall command succeeded}
06-16 22:03:06.814  1296  1467 D NetdConnector: RCV <- {200 3540 Firewall command succeeded}
06-16 22:03:06.860  1296  2129 I ActivityManager: Need to start process com.google.android.gms.ui for provider ContentProviderInfo{name=com.google.android.gms className=com.google.android.gms.app.search.GmsSearchIndexablesProvider}, callerApp: ProcessRecord{879b21c 3829:com.android.settings/1000}
06-16 22:03:06.860  1296  2129 V ActivityManager: startProcess: name=com.google.android.gms.ui app=null knownToBeDead=false thread=null pid=-1
06-16 22:03:06.861  1296  2129 V ActivityManager_MU: Waiting to start provider ContentProviderRecord{9b0756b u0 com.google.android.gms/.app.search.GmsSearchIndexablesProvider} launchingApp=ProcessRecord{f3232ba 0:com.google.android.gms.ui/u0a99} caller pid= 3829
06-16 22:03:06.883  1296  1317 I ActivityManager: Start proc 3946:com.google.android.gms.ui/u0a99 for content provider com.google.android.gms/.app.search.GmsSearchIndexablesProvider
06-16 22:03:06.883  1296  1796 E ProcessInfoCollector: getProcessInfo: failed to find this proc 
06-16 22:03:06.890  3946  3946 D ActivityThread: Attach thread to application
06-16 22:03:06.916  1868  1868 W SettingsEx: SettingsEx.Systemex.getString deprecated use Settings.System.getString instead ;callers=com.android.internal.telephony.gsm.HwCustGsmServiceStateManagerImpl.isMccForShowNetname:206 com.android.internal.telephony.gsm.HwCustGsmServiceStateManagerImpl.isShowNetnameByMcc:197 com.android.internal.telephony.gsm.HwCustGsmServiceStateManagerImpl.setOnsDisplayCustomization:148 
06-16 22:03:06.923  1296  7117 I HwNetworkPolicy: onTransact, code = 12
06-16 22:03:06.929  1296  1296 D LocationManagerServiceUtil: ServiceStateChanged numeric = 46000
06-16 22:03:06.929  1296  1296 D LocationManagerServiceUtil: ServiceStateChanged use pkgName = com.huawei.lbs
06-16 22:03:06.931  1296  1296 D HwMultiNlpPolicy: PhoneStateListener 0, mDataSub 0
06-16 22:03:06.931  1296  1296 D HwMultiNlpPolicy: setSimCardReady 0
06-16 22:03:06.931  1296  1296 D HwMultiNlpPolicy: setRegistedNetwork 46000
06-16 22:03:06.941  1296  7117 I HwNetworkPolicy: onTransact, code = 205
06-16 22:03:06.941  1930  1930 I HwNetworkPolicyManager: forceUpdatePolicy isRoaming = false
06-16 22:03:06.941  1296  1311 D CountryDetector: isValidCountryIso: CN
06-16 22:03:06.950  1296  1314 W BroadcastQueue: Permission Denial: broadcasting Intent { act=android.intent.action.SERVICE_STATE flg=0x1000010 (has extras) } from android (pid=1868, uid=1001) requires com.huawei.cust.android.phone.permission.HW_LTEONLY due to registered receiver BroadcastFilter{31a6d2c u0 ReceiverList{4e81cdf 1868 com.android.phone/1001/u0 remote:db2bf7e}}
06-16 22:03:06.972  1296 14783 V BroadcastQueue: Finished with ordered broadcast BroadcastRecord{f9cae9d u-1 android.intent.action.SERVICE_STATE}
06-16 22:03:07.064  1868  1868 D Telephony-TelecomAccountRegistry: onServiceStateChanged0 newState : 0, mServiceState : 0
06-16 22:03:07.066  1296  2129 V ActivityManager: Successfully start provider ContentProviderRecord{9b0756b u0 com.google.android.gms/.app.search.GmsSearchIndexablesProvider} launchingApp=ProcessRecord{f3232ba 3946:com.google.android.gms.ui/u0a99} caller pid= 3829
06-16 22:03:07.173  1296  7268 I ActivityManager: Need to start process com.huawei.android.dsdscardmanager for provider ContentProviderInfo{name=com.huawei.android.dsdscardmanager className=com.huawei.android.dsdscardmanager.search.DsSearchIndexablesProvider}, callerApp: ProcessRecord{879b21c 3829:com.android.settings/1000}
06-16 22:03:07.173  1296  7268 V ActivityManager: startProcess: name=com.huawei.android.dsdscardmanager app=null knownToBeDead=false thread=null pid=-1
06-16 22:03:07.175  1296  7268 V ActivityManager_MU: Waiting to start provider ContentProviderRecord{67bc637 u0 com.huawei.android.dsdscardmanager/.search.DsSearchIndexablesProvider} launchingApp=ProcessRecord{a005736 0:com.huawei.android.dsdscardmanager/1001} caller pid= 3829
06-16 22:03:07.192  1296  1317 I ActivityManager: Start proc 3972:com.huawei.android.dsdscardmanager/1001 for content provider com.huawei.android.dsdscardmanager/.search.DsSearchIndexablesProvider
06-16 22:03:07.192  1296  1796 E ProcessInfoCollector: getProcessInfo: failed to find this proc 
06-16 22:03:07.205  3972  3972 D ActivityThread: Attach thread to application
06-16 22:03:07.222  1296  8175 D HwNetworkManagementService: code == CODE_SET_CHR_REPORT_APP_LIST
06-16 22:03:07.222  1296  8175 D NetdConnector: SND -> {3541 chr appuid set 20 13}
06-16 22:03:07.224  1296  1467 D NetdConnector: RCV <- {200 3541 set appuid succeeded}
06-16 22:03:07.224  1296  1467 D NetdConnector: RCV <- {200 3541 set appuid succeeded}
06-16 22:03:07.224  1296  8175 D HwNetworkManagementService: chr appuid set:200 3541 set appuid succeeded
06-16 22:03:07.243  1296  7268 V ActivityManager: Successfully start provider ContentProviderRecord{67bc637 u0 com.huawei.android.dsdscardmanager/.search.DsSearchIndexablesProvider} launchingApp=ProcessRecord{a005736 3972:com.huawei.android.dsdscardmanager/1001} caller pid= 3829
06-16 22:03:07.269  1296  7268 I ActivityManager: Need to start process com.huawei.android.hwouc for provider ContentProviderInfo{name=com.huawei.android.hwouc className=com.huawei.android.hwouc.search.HwOUCSearchIndexablesProvider}, callerApp: ProcessRecord{879b21c 3829:com.android.settings/1000}
06-16 22:03:07.269  1296  7268 V ActivityManager: startProcess: name=com.huawei.android.hwouc app=null knownToBeDead=false thread=null pid=-1
06-16 22:03:07.271  1296  7268 V ActivityManager_MU: Waiting to start provider ContentProviderRecord{ef6f73c u0 com.huawei.android.hwouc/.search.HwOUCSearchIndexablesProvider} launchingApp=ProcessRecord{b37452f 0:com.huawei.android.hwouc/u0a55} caller pid= 3829
06-16 22:03:07.287  1296  1317 I ActivityManager: Start proc 4000:com.huawei.android.hwouc/u0a55 for content provider com.huawei.android.hwouc/.search.HwOUCSearchIndexablesProvider
06-16 22:03:07.288  1296  1796 E ProcessInfoCollector: getProcessInfo: failed to find this proc 
06-16 22:03:07.299  4000  4000 D ActivityThread: Attach thread to application
06-16 22:03:07.396  1296  7268 V ActivityManager: Successfully start provider ContentProviderRecord{ef6f73c u0 com.huawei.android.hwouc/.search.HwOUCSearchIndexablesProvider} launchingApp=ProcessRecord{b37452f 4000:com.huawei.android.hwouc/u0a55} caller pid= 3829
06-16 22:03:07.599  1296  2129 I HwGeneralService: readProtectArea: callingPid is 4000,callingUid is 10055
06-16 22:03:07.600  1296  2129 E HwProtectAreaService: nativeReadProtectAreaJava:error ret is -1 !
06-16 22:03:07.655  1296  7268 D ContentProviderRecord: Install provider in app ui process, name:ComponentInfo{com.huawei.systemmanager/com.huawei.systemmanager.settingsearch.SettingSearchProvider}
06-16 22:03:07.655  1296  7268 I ActivityManager: Need to start process com.huawei.systemmanager for provider ContentProviderInfo{name=com.huawei.systemmanager className=com.huawei.systemmanager.settingsearch.SettingSearchProvider}, callerApp: ProcessRecord{879b21c 3829:com.android.settings/1000}
06-16 22:03:07.655  1296  7268 V ActivityManager: startProcess: name=com.huawei.systemmanager app=null knownToBeDead=false thread=null pid=-1
06-16 22:03:07.656  1296  7268 V ActivityManager_MU: Waiting to start provider ContentProviderRecord{ef9bf7d u0 com.huawei.systemmanager/.settingsearch.SettingSearchProvider} launchingApp=ProcessRecord{f1cf1d4 0:com.huawei.systemmanager/1000} caller pid= 3829
06-16 22:03:07.673  1296  1317 I ActivityManager: Start proc 4024:com.huawei.systemmanager/1000 for content provider com.huawei.systemmanager/.settingsearch.SettingSearchProvider
06-16 22:03:07.673  1296  1796 E ProcessInfoCollector: getProcessInfo: failed to find this proc 
06-16 22:03:07.681  1296  8175 I AlarmManager: remove alarm:Alarm{5cce72 type 0 when 1560693817634 PendingIntent{f14ab27: PendingIntentRecord{9971ef3 android broadcastIntent}}android} according to operation:c96d2c3
06-16 22:03:07.682  1296  8175 I AlarmManager: adjustDeliveryTimeBasedOnStandbyBucketLocked alarm:Alarm{ef7cafc type 1 when 5000 PendingIntent{3ac0fef: PendingIntentRecord{a426585 com.huawei.hiai broadcastIntent}}com.huawei.hiai}, standbyBucket:40, minElapsed:93600536
06-16 22:03:07.682  1296  8175 I AlarmManager: adjustDeliveryTimeBasedOnStandbyBucketLocked alarm:Alarm{2d979bb type 0 when 1560687371655 PendingIntent{df4454c: PendingIntentRecord{24b427b com.UCMobile startService}}com.UCMobile}, standbyBucket:40, minElapsed:93754348
06-16 22:03:07.683  1296  8175 I AlarmManager: adjustDeliveryTimeBasedOnStandbyBucketLocked alarm:Alarm{126564a type 2 when 89060961 PendingIntent{8ba4a8e: PendingIntentRecord{8c2f71c com.UCMobile startService}}com.UCMobile}, standbyBucket:40, minElapsed:93754348
06-16 22:03:07.683  1296  8175 I AlarmManager: adjustDeliveryTimeBasedOnStandbyBucketLocked alarm:Alarm{5d152d2 type 3 when 87320417 PendingIntent{1c86fa3: PendingIntentRecord{f6d62a0 com.huawei.hiaction startService}}com.huawei.hiaction}, standbyBucket:40, minElapsed:93941254
06-16 22:03:07.683  1296  8175 I AlarmManager: adjustDeliveryTimeBasedOnStandbyBucketLocked alarm:Alarm{97d1d95 type 2 when 94125951 PendingIntent{3d12f11: PendingIntentRecord{ae6ce87 com.ss.android.article.news startService}}com.ss.android.article.news}, standbyBucket:40, minElapsed:99551650
06-16 22:03:07.683  1296  8175 I AlarmManager: adjustDeliveryTimeBasedOnStandbyBucketLocked alarm:Alarm{2ac597 type 1 when 1560695558872 PendingIntent{4345384: PendingIntentRecord{84db5f2 com.ss.android.article.news broadcastIntent}}com.ss.android.article.news}, standbyBucket:40, minElapsed:99551650
06-16 22:03:07.684  1296  8175 I AlarmManager: adjustDeliveryTimeBasedOnStandbyBucketLocked alarm:Alarm{4ede1df type 2 when 93526758 PendingIntent{e52fdb3: PendingIntentRecord{e14bf70 com.wudaokou.hippo startService}}com.wudaokou.hippo}, standbyBucket:40, minElapsed:100706862
06-16 22:03:07.684  1296  8175 I AlarmManager: adjustDeliveryTimeBasedOnStandbyBucketLocked alarm:Alarm{60c2dd7 type 2 when 95682134 PendingIntent{f31f653: PendingIntentRecord{8855b90 com.autonavi.minimap startService}}com.autonavi.minimap}, standbyBucket:40, minElapsed:100706906
06-16 22:03:07.684  1296  8175 D SmartHeartBeat: isPendingPackage, false, pkg:com.android.deskclock, action:com.android.deskclock.ALARM_ALERT,not pending alarm with AlarmClockInfo
06-16 22:03:07.689  4024  4024 D ActivityThread: Attach thread to application
06-16 22:03:07.690  1296  2129 I AlarmManager: remove alarm:Alarm{de7d679 type 0 when 1560693977743 PendingIntent{f344edc: PendingIntentRecord{ec7421d android broadcastIntent}}android} according to operation:6415740
06-16 22:03:07.690  1296  2129 I AlarmManager: adjustDeliveryTimeBasedOnStandbyBucketLocked alarm:Alarm{ef7cafc type 1 when 5000 PendingIntent{3ac0fef: PendingIntentRecord{a426585 com.huawei.hiai broadcastIntent}}com.huawei.hiai}, standbyBucket:40, minElapsed:93600536
06-16 22:03:07.690  1296  8175 D ContentProviderRecord: Install provider in app ui process, name:ComponentInfo{com.huawei.systemmanager/com.huawei.systemmanager.appcontrol.provider.StartupSettingsSearchProvider}
06-16 22:03:07.690  1296  8175 D ContentProviderRecord: Install provider in app ui process, name:ComponentInfo{com.huawei.systemmanager/android.support.v4.content.FileProvider}
06-16 22:03:07.690  1296  8175 D ContentProviderRecord: Install provider in app ui process, name:ComponentInfo{com.huawei.systemmanager/com.huawei.systemmanager.backup.CommonPrefBackupProvider}
06-16 22:03:07.690  1296  8175 D ContentProviderRecord: Install provider in app ui process, name:ComponentInfo{com.huawei.systemmanager/com.huawei.systemmanager.globalsearch.SearchEntryProvider}
06-16 22:03:07.691  1296  2129 I AlarmManager: adjustDeliveryTimeBasedOnStandbyBucketLocked alarm:Alarm{126564a type 2 when 89060961 PendingIntent{8ba4a8e: PendingIntentRecord{8c2f71c com.UCMobile startService}}com.UCMobile}, standbyBucket:40, minElapsed:93754348
06-16 22:03:07.691  1296  2129 I AlarmManager: adjustDeliveryTimeBasedOnStandbyBucketLocked alarm:Alarm{2d979bb type 0 when 1560687371655 PendingIntent{df4454c: PendingIntentRecord{24b427b com.UCMobile startService}}com.UCMobile}, standbyBucket:40, minElapsed:93754348
06-16 22:03:07.691  1296  2129 I AlarmManager: adjustDeliveryTimeBasedOnStandbyBucketLocked alarm:Alarm{5d152d2 type 3 when 87320417 PendingIntent{1c86fa3: PendingIntentRecord{f6d62a0 com.huawei.hiaction startService}}com.huawei.hiaction}, standbyBucket:40, minElapsed:93941254
06-16 22:03:07.691  1296  2129 I AlarmManager: adjustDeliveryTimeBasedOnStandbyBucketLocked alarm:Alarm{2ac597 type 1 when 1560695558872 PendingIntent{4345384: PendingIntentRecord{84db5f2 com.ss.android.article.news broadcastIntent}}com.ss.android.article.news}, standbyBucket:40, minElapsed:99551650
06-16 22:03:07.692  1296  2129 I AlarmManager: adjustDeliveryTimeBasedOnStandbyBucketLocked alarm:Alarm{97d1d95 type 2 when 94125951 PendingIntent{3d12f11: PendingIntentRecord{ae6ce87 com.ss.android.article.news startService}}com.ss.android.article.news}, standbyBucket:40, minElapsed:99551650
06-16 22:03:07.692  1296  2129 I AlarmManager: adjustDeliveryTimeBasedOnStandbyBucketLocked alarm:Alarm{4ede1df type 2 when 93526758 PendingIntent{e52fdb3: PendingIntentRecord{e14bf70 com.wudaokou.hippo startService}}com.wudaokou.hippo}, standbyBucket:40, minElapsed:100706862
06-16 22:03:07.692  1296  2129 I AlarmManager: adjustDeliveryTimeBasedOnStandbyBucketLocked alarm:Alarm{60c2dd7 type 2 when 95682134 PendingIntent{f31f653: PendingIntentRecord{8855b90 com.autonavi.minimap startService}}com.autonavi.minimap}, standbyBucket:40, minElapsed:100706906
06-16 22:03:07.693  1296  2129 D SmartHeartBeat: isPendingPackage, false, pkg:com.android.deskclock, action:com.android.deskclock.ALARM_ALERT,not pending alarm with AlarmClockInfo
06-16 22:03:07.700  1296  8135 I AlarmManager: remove alarm:Alarm{9a55fbe type 1 when 1560694937763 PendingIntent{255796b: PendingIntentRecord{342e8ea android broadcastIntent}}android} according to operation:989d81f
06-16 22:03:07.700  1296  8135 I AlarmManager: adjustDeliveryTimeBasedOnStandbyBucketLocked alarm:Alarm{ef7cafc type 1 when 5000 PendingIntent{3ac0fef: PendingIntentRecord{a426585 com.huawei.hiai broadcastIntent}}com.huawei.hiai}, standbyBucket:40, minElapsed:93600536
06-16 22:03:07.701  1296  8135 I AlarmManager: adjustDeliveryTimeBasedOnStandbyBucketLocked alarm:Alarm{2d979bb type 0 when 1560687371655 PendingIntent{df4454c: PendingIntentRecord{24b427b com.UCMobile startService}}com.UCMobile}, standbyBucket:40, minElapsed:93754348
06-16 22:03:07.701  1296  8135 I AlarmManager: adjustDeliveryTimeBasedOnStandbyBucketLocked alarm:Alarm{126564a type 2 when 89060961 PendingIntent{8ba4a8e: PendingIntentRecord{8c2f71c com.UCMobile startService}}com.UCMobile}, standbyBucket:40, minElapsed:93754348
06-16 22:03:07.701  1296  8135 I AlarmManager: adjustDeliveryTimeBasedOnStandbyBucketLocked alarm:Alarm{5d152d2 type 3 when 87320417 PendingIntent{1c86fa3: PendingIntentRecord{f6d62a0 com.huawei.hiaction startService}}com.huawei.hiaction}, standbyBucket:40, minElapsed:93941254
06-16 22:03:07.702  1296  8135 I AlarmManager: adjustDeliveryTimeBasedOnStandbyBucketLocked alarm:Alarm{97d1d95 type 2 when 94125951 PendingIntent{3d12f11: PendingIntentRecord{ae6ce87 com.ss.android.article.news startService}}com.ss.android.article.news}, standbyBucket:40, minElapsed:99551650
06-16 22:03:07.702  1296  8135 I AlarmManager: adjustDeliveryTimeBasedOnStandbyBucketLocked alarm:Alarm{2ac597 type 1 when 1560695558872 PendingIntent{4345384: PendingIntentRecord{84db5f2 com.ss.android.article.news broadcastIntent}}com.ss.android.article.news}, standbyBucket:40, minElapsed:99551650
06-16 22:03:07.702  1296  8135 I AlarmManager: adjustDeliveryTimeBasedOnStandbyBucketLocked alarm:Alarm{4ede1df type 2 when 93526758 PendingIntent{e52fdb3: PendingIntentRecord{e14bf70 com.wudaokou.hippo startService}}com.wudaokou.hippo}, standbyBucket:40, minElapsed:100706862
06-16 22:03:07.702  1296  8135 I AlarmManager: adjustDeliveryTimeBasedOnStandbyBucketLocked alarm:Alarm{60c2dd7 type 2 when 95682134 PendingIntent{f31f653: PendingIntentRecord{8855b90 com.autonavi.minimap startService}}com.autonavi.minimap}, standbyBucket:40, minElapsed:100706906
06-16 22:03:07.703  1296  8135 D SmartHeartBeat: isPendingPackage, false, pkg:com.android.deskclock, action:com.android.deskclock.ALARM_ALERT,not pending alarm with AlarmClockInfo
06-16 22:03:07.895  1296  7268 V ActivityManager: Successfully start provider ContentProviderRecord{ef9bf7d u0 com.huawei.systemmanager/.settingsearch.SettingSearchProvider} launchingApp=ProcessRecord{f1cf1d4 4024:com.huawei.systemmanager/1000} caller pid= 3829
06-16 22:03:07.939  1296  8135 I ActivityManager: START u0 {flg=0x8000 cmp=com.android.settings/.Settings$HwSystemDashboardActivity (has extras)} from uid 1000
06-16 22:03:07.940  1296  8135 I ActivityManager: ActivityRecord info: ActivityInfo{d7dd73b com.android.settings.Settings$HwSystemDashboardActivity}
06-16 22:03:07.942  1296  8135 V WindowManager: addAppToken: AppWindowToken{2dba896 token=Token{948dbb1 ActivityRecord{8cace58 u0 com.android.settings/.Settings$HwSystemDashboardActivity t29289}}} controller={TaskWindowContainerController taskId=29289} at 2147483647
06-16 22:03:07.944  1296  1312 W HwActivityManagerServiceEx: HwActivityNotifier end call for activityLifeState under user 0 cost 0
06-16 22:03:07.946  1296  1315 I StatusBarDisable: setFlags what=0 which=1 pkg=Window{b96b726 u0 com.android.settings/com.android.settings.HWSettings}
06-16 22:03:07.952  1296  1424 V WindowManager: addWindow: Window{721b822 u0 Splash Screen com.android.settings}
06-16 22:03:07.953  4024  4024 W ContextImpl: Calling a method in the system process without a qualified user: android.app.ContextImpl.startService:1760 android.content.ContextWrapper.startService:664 com.huawei.library.stat.client.HsmStatProxy.startMainService:308 com.huawei.systemmanager.SystemManagerApplication.startServices:207 com.huawei.systemmanager.SystemManagerApplication.onCreate:143 
06-16 22:03:07.953  1296  8175 V ActivityManager: Making visible and scheduling visibility: ActivityRecord{8cace58 u0 com.android.settings/.Settings$HwSystemDashboardActivity t29289}
06-16 22:03:07.954  1296  8175 D HwPhoneWindowManager: sensorRotation = 0 lastRotation:0
06-16 22:03:07.957  1296  8175 E HwActivityManagerServiceEx: invalid ActivityRecord, error.
06-16 22:03:07.957  1296  8175 E HwActivityManagerServiceEx: parse activity info error.
06-16 22:03:07.959  1296  8175 V WindowManager: Checking 1 opening apps (frozen=false timeout=false), Track: activitypause performsurface
06-16 22:03:07.959  1296  8175 V WindowManager: Check opening app=AppWindowToken{2dba896 token=Token{948dbb1 ActivityRecord{8cace58 u0 com.android.settings/.Settings$HwSystemDashboardActivity t29289}}}: allDrawn=false startingDisplayed=false startingMoved=false isRelaunching()=false startingWindow=Window{721b822 u0 Splash Screen com.android.settings}
06-16 22:03:07.960  1296  4053 D PackageManager: resolve intent for uid:1000, matchs:3, res:ResolveInfo{bc1f2b3 com.huawei.android.launcher/.unihome.UniHomeLauncher m=0x108000}
06-16 22:03:07.961  1296  1312 W HwActivityManagerServiceEx: HwActivityNotifier end call for activityLifeState under user 0 cost 0
06-16 22:03:07.962  1296  1315 I StatusBarDisable: setFlags what=0 which=1 pkg=Window{b96b726 u0 com.android.settings/com.android.settings.HWSettings}
06-16 22:03:07.963  1296  1315 I StatusBarDisable: setFlags what=0 which=1 pkg=Window{b96b726 u0 com.android.settings/com.android.settings.HWSettings}
06-16 22:03:07.963  3829  3829 V ActivityThread: Skipping new config:{1.0 460mcc2mnc [zh_CN_#Hans] ldltr sw360dp w360dp h616dp 480dpi nrml long port finger -keyb/v/h -nav/h winConfig={ mBounds=Rect(0, 0 - 1920, 1080) mAppBounds=Rect(0, 0 - 1080, 1920) mWindowingMode=fullscreen mActivityType=undefined} nonFullScreen=0 suim:1 s.28}, config:{1.0 460mcc2mnc [zh_CN_#Hans] ldltr sw360dp w360dp h616dp 480dpi nrml long port finger -keyb/v/h -nav/h winConfig={ mBounds=Rect(0, 0 - 1920, 1080) mAppBounds=Rect(0, 0 - 1080, 1920) mWindowingMode=fullscreen mActivityType=undefined} nonFullScreen=0 suim:1 s.28} for app:com.android.settings
06-16 22:03:07.963  1296  1315 I StatusBarDisable: setFlags what=0 which=1 pkg=Window{b96b726 u0 com.android.settings/com.android.settings.HWSettings}
06-16 22:03:07.964  1296  1424 V WindowManager: Checking 1 opening apps (frozen=false timeout=false), Track: relayout performsurface
06-16 22:03:07.964  1296  1424 V WindowManager: Check opening app=AppWindowToken{2dba896 token=Token{948dbb1 ActivityRecord{8cace58 u0 com.android.settings/.Settings$HwSystemDashboardActivity t29289}}}: allDrawn=false startingDisplayed=false startingMoved=false isRelaunching()=false startingWindow=Window{721b822 u0 Splash Screen com.android.settings}
06-16 22:03:07.968  3829  3829 V ActivityThread: callActivityOnCreate
06-16 22:03:07.974  4024  4024 W ContextImpl: Calling a method in the system process without a qualified user: android.app.ContextImpl.startService:1760 android.content.ContextWrapper.startService:664 com.huawei.systemmanager.SystemManagerApplication.startPermissionService:303 com.huawei.systemmanager.SystemManagerApplication.startServices:208 com.huawei.systemmanager.SystemManagerApplication.onCreate:143 
06-16 22:03:07.983  4024  4024 W ContextImpl: Calling a method in the system process without a qualified user: android.app.ContextImpl.startService:1760 android.content.ContextWrapper.startService:664 com.huawei.systemmanager.SystemManagerApplication.startBgStaticsService:325 com.huawei.systemmanager.SystemManagerApplication.startServices:213 com.huawei.systemmanager.SystemManagerApplication.onCreate:143 
06-16 22:03:07.987  1296  1315 I StatusBarDisable: setFlags what=0 which=1 pkg=Window{b96b726 u0 com.android.settings/com.android.settings.HWSettings}
06-16 22:03:07.987  1296  1424 V WindowManager: Checking 1 opening apps (frozen=false timeout=false), Track:  performsurface
06-16 22:03:07.987  1296  1424 V WindowManager: Check opening app=AppWindowToken{2dba896 token=Token{948dbb1 ActivityRecord{8cace58 u0 com.android.settings/.Settings$HwSystemDashboardActivity t29289}}}: allDrawn=false startingDisplayed=true startingMoved=false isRelaunching()=false startingWindow=Window{721b822 u0 Splash Screen com.android.settings}
06-16 22:03:07.987  1296  1424 I WindowManager: closing apps count = 1
06-16 22:03:07.989  4024  4024 W ContextImpl: Calling a method in the system process without a qualified user: android.app.ContextImpl.startService:1760 android.content.ContextWrapper.startService:664 com.huawei.systemmanager.SystemManagerApplication.startDeviceStorageMonitorService:332 com.huawei.systemmanager.SystemManagerApplication.startServices:216 com.huawei.systemmanager.SystemManagerApplication.onCreate:143 
06-16 22:03:07.991  4024  4024 W ContextImpl: Calling a method in the system process without a qualified user: android.app.ContextImpl.startService:1760 android.content.ContextWrapper.startService:664 com.huawei.systemmanager.SystemManagerApplication.startSpaceCleanService:353 com.huawei.systemmanager.SystemManagerApplication.startServices:221 com.huawei.systemmanager.SystemManagerApplication.onCreate:143 
06-16 22:03:07.995  4024  4024 W ContextImpl: Calling a method in the system process without a qualified user: android.app.ContextImpl.startService:1760 android.content.ContextWrapper.startService:664 com.huawei.systemmanager.SystemManagerApplication.startSmartControlResidentService:363 com.huawei.systemmanager.SystemManagerApplication.startServices:224 com.huawei.systemmanager.SystemManagerApplication.onCreate:143 
06-16 22:03:07.996  4024  4024 W ContextImpl: Calling a method in the system process without a qualified user: android.app.ContextImpl.startService:1760 android.content.ContextWrapper.startService:664 com.huawei.systemmanager.SystemManagerApplication.startAntivirusService:371 com.huawei.systemmanager.SystemManagerApplication.startServices:225 com.huawei.systemmanager.SystemManagerApplication.onCreate:143 
06-16 22:03:07.998  1296  1315 I StatusBarDisable: setFlags what=0 which=1 pkg=Window{721b822 u0 Splash Screen com.android.settings}
06-16 22:03:08.002  1296  7268 I AlarmManager: remove alarm:Alarm{b36297a type 1 when 1560771673019 PendingIntent{5e1fe15: PendingIntentRecord{6b84d96 com.huawei.systemmanager broadcastIntent}}com.huawei.systemmanager} according to operation:50f052b
06-16 22:03:08.002  1296  7268 I AlarmManager: adjustDeliveryTimeBasedOnStandbyBucketLocked alarm:Alarm{ef7cafc type 1 when 5000 PendingIntent{3ac0fef: PendingIntentRecord{a426585 com.huawei.hiai broadcastIntent}}com.huawei.hiai}, standbyBucket:40, minElapsed:93600536
06-16 22:03:08.003  1296  7268 I AlarmManager: adjustDeliveryTimeBasedOnStandbyBucketLocked alarm:Alarm{126564a type 2 when 89060961 PendingIntent{8ba4a8e: PendingIntentRecord{8c2f71c com.UCMobile startService}}com.UCMobile}, standbyBucket:40, minElapsed:93754348
06-16 22:03:08.003  1296  7268 I AlarmManager: adjustDeliveryTimeBasedOnStandbyBucketLocked alarm:Alarm{2d979bb type 0 when 1560687371655 PendingIntent{df4454c: PendingIntentRecord{24b427b com.UCMobile startService}}com.UCMobile}, standbyBucket:40, minElapsed:93754348
06-16 22:03:08.003  1296  7268 I AlarmManager: adjustDeliveryTimeBasedOnStandbyBucketLocked alarm:Alarm{5d152d2 type 3 when 87320417 PendingIntent{1c86fa3: PendingIntentRecord{f6d62a0 com.huawei.hiaction startService}}com.huawei.hiaction}, standbyBucket:40, minElapsed:93941254
06-16 22:03:08.003  1296  7268 I AlarmManager: adjustDeliveryTimeBasedOnStandbyBucketLocked alarm:Alarm{2ac597 type 1 when 1560695558872 PendingIntent{4345384: PendingIntentRecord{84db5f2 com.ss.android.article.news broadcastIntent}}com.ss.android.article.news}, standbyBucket:40, minElapsed:99551650
06-16 22:03:08.003  1296  7268 I AlarmManager: adjustDeliveryTimeBasedOnStandbyBucketLocked alarm:Alarm{97d1d95 type 2 when 94125951 PendingIntent{3d12f11: PendingIntentRecord{ae6ce87 com.ss.android.article.news startService}}com.ss.android.article.news}, standbyBucket:40, minElapsed:99551650
06-16 22:03:08.003  1296  7268 I AlarmManager: adjustDeliveryTimeBasedOnStandbyBucketLocked alarm:Alarm{4ede1df type 2 when 93526758 PendingIntent{e52fdb3: PendingIntentRecord{e14bf70 com.wudaokou.hippo startService}}com.wudaokou.hippo}, standbyBucket:40, minElapsed:100706862
06-16 22:03:08.004  1296  7268 I AlarmManager: adjustDeliveryTimeBasedOnStandbyBucketLocked alarm:Alarm{60c2dd7 type 2 when 95682134 PendingIntent{f31f653: PendingIntentRecord{8855b90 com.autonavi.minimap startService}}com.autonavi.minimap}, standbyBucket:40, minElapsed:100706906
06-16 22:03:08.004  1296  7268 D SmartHeartBeat: isPendingPackage, false, pkg:com.android.deskclock, action:com.android.deskclock.ALARM_ALERT,not pending alarm with AlarmClockInfo
06-16 22:03:08.009  4024  4024 W ContextImpl: Calling a method in the system process without a qualified user: android.app.ContextImpl.startService:1760 android.content.ContextWrapper.startService:664 com.huawei.systemmanager.SystemManagerApplication.startCoreService:250 com.huawei.systemmanager.SystemManagerApplication.startServices:227 com.huawei.systemmanager.SystemManagerApplication.onCreate:143 
06-16 22:03:08.012  4024  4024 W ContextImpl: Calling a method in the system process without a qualified user: android.app.ContextImpl.startService:1760 android.content.ContextWrapper.startService:664 com.huawei.systemmanager.SystemManagerApplication.startRainbowService:235 com.huawei.systemmanager.SystemManagerApplication.startServices:228 com.huawei.systemmanager.SystemManagerApplication.onCreate:143 
06-16 22:03:08.030  4024  4024 W ContextImpl: Calling a method in the system process without a qualified user: android.app.ContextImpl.bindService:1840 android.content.ContextWrapper.bindService:698 com.huawei.library.stat.client.HsmStatProxy.bindService:276 com.huawei.library.stat.client.HsmStatProxy.access$000:34 com.huawei.library.stat.client.HsmStatProxy$1.handleMessage:67 
06-16 22:03:08.035  3829  3829 D ActivityThread: add activity client record, r= ActivityRecord{45a292 token=android.os.BinderProxy@673fed {com.android.settings/com.android.settings.Settings$HwSystemDashboardActivity}} token= android.os.BinderProxy@673fed
06-16 22:03:08.057  1296  8135 E UserRestrictionsUtils: Unknown restriction: null
06-16 22:03:08.059  1296  8135 D HwFingerprintService: CODE_IS_SUPPORT_DUAL_FINGERPRINT
06-16 22:03:08.063  1296  8135 D HwFingerprintService: pacel  packaged :HardwareType
06-16 22:03:08.064  1296  8135 D HwFingerprintService: fingerprintd HardwareType = 769
06-16 22:03:08.065  1296  1867 D HwFingerprintService: CODE_IS_SUPPORT_DUAL_FINGERPRINT
06-16 22:03:08.067  1296  1867 D HwFingerprintService: pacel  packaged :HardwareType
06-16 22:03:08.068  1296  1867 D HwFingerprintService: fingerprintd HardwareType = 769
06-16 22:03:08.070  3829  3829 E ActivityThread: Failed to find provider info for com.huawei.wildkids
