06-16 22:02:42.212  1296  1480 D ConnectivityService: Network NetworkAgentInfo [WIFI () - 124] was already satisfying request 10. No change.
06-16 22:02:42.212  1296  1480 D ConnectivityService: Network NetworkAgentInfo [WIFI () - 124] was already satisfying request 174. No change.
06-16 22:02:42.212  1296  1480 D ConnectivityService: Network NetworkAgentInfo [WIFI () - 124] was already satisfying request 5. No change.
06-16 22:02:42.212  1296  1480 D ConnectivityService: Network NetworkAgentInfo [WIFI () - 124] was already satisfying request 135. No change.
06-16 22:02:42.212  1296  1480 D ConnectivityService: Network NetworkAgentInfo [WIFI () - 124] was already satisfying request 16. No change.
06-16 22:02:42.212  1296  1480 D ConnectivityService: Network NetworkAgentInfo [WIFI () - 124] was already satisfying request 8. No change.
06-16 22:02:42.213  1296  7939 D ConnectivityService: Network is BLOCKED, uid = 10136
06-16 22:02:42.213  1296  1480 D ConnectivityService: Network NetworkAgentInfo [WIFI () - 124] was already satisfying request 1. No change.
06-16 22:02:42.213  1296  7939 D ConnectivityService: Network is BLOCKED, uid = 10136
06-16 22:02:42.214  1296  7939 I chatty  : uid=1000(system) Binder:1296_19 identical 1 line
06-16 22:02:42.216  1296  7939 D ConnectivityService: Network is BLOCKED, uid = 10136
06-16 22:02:42.216  1296  2227 D ConnectivityService: Network is BLOCKED, uid = 10136
06-16 22:02:42.226  1296  7939 D ConnectivityService: Network is BLOCKED, uid = 10136
06-16 22:02:42.227  1296  7939 I chatty  : uid=1000(system) Binder:1296_19 identical 1 line
06-16 22:02:42.228  1296  7939 D ConnectivityService: Network is BLOCKED, uid = 10136
06-16 22:02:42.241  1296  7939 D ConnectivityService: ActiveNetwork is blocked, uid = 10136, ignoreBlocked = false
06-16 22:02:42.266  1296  7939 I AlarmManager: adjustDeliveryTimeBasedOnStandbyBucketLocked alarm:Alarm{ef7cafc type 1 when 5000 PendingIntent{3ac0fef: PendingIntentRecord{a426585 com.huawei.hiai broadcastIntent}}com.huawei.hiai}, standbyBucket:40, minElapsed:93600536
06-16 22:02:42.266  1296  7939 I AlarmManager: adjustDeliveryTimeBasedOnStandbyBucketLocked alarm:Alarm{2d979bb type 0 when 1560687371655 PendingIntent{df4454c: PendingIntentRecord{24b427b com.UCMobile startService}}com.UCMobile}, standbyBucket:40, minElapsed:93754348
06-16 22:02:42.266  1296  7939 I AlarmManager: adjustDeliveryTimeBasedOnStandbyBucketLocked alarm:Alarm{126564a type 2 when 89060961 PendingIntent{8ba4a8e: PendingIntentRecord{8c2f71c com.UCMobile startService}}com.UCMobile}, standbyBucket:40, minElapsed:93754348
06-16 22:02:42.266  1296  7939 I AlarmManager: adjustDeliveryTimeBasedOnStandbyBucketLocked alarm:Alarm{5d152d2 type 3 when 87320417 PendingIntent{1c86fa3: PendingIntentRecord{f6d62a0 com.huawei.hiaction startService}}com.huawei.hiaction}, standbyBucket:40, minElapsed:93941254
06-16 22:02:42.267  1296  7939 I AlarmManager: adjustDeliveryTimeBasedOnStandbyBucketLocked alarm:Alarm{97d1d95 type 2 when 94125951 PendingIntent{3d12f11: PendingIntentRecord{ae6ce87 com.ss.android.article.news startService}}com.ss.android.article.news}, standbyBucket:40, minElapsed:99551650
06-16 22:02:42.267  1296  7939 I AlarmManager: adjustDeliveryTimeBasedOnStandbyBucketLocked alarm:Alarm{2ac597 type 1 when 1560695558872 PendingIntent{4345384: PendingIntentRecord{84db5f2 com.ss.android.article.news broadcastIntent}}com.ss.android.article.news}, standbyBucket:40, minElapsed:99551650
06-16 22:02:42.268  1296  7939 I AlarmManager: adjustDeliveryTimeBasedOnStandbyBucketLocked alarm:Alarm{4ede1df type 2 when 93526758 PendingIntent{e52fdb3: PendingIntentRecord{e14bf70 com.wudaokou.hippo startService}}com.wudaokou.hippo}, standbyBucket:40, minElapsed:100706862
06-16 22:02:42.268  1296  7939 I AlarmManager: adjustDeliveryTimeBasedOnStandbyBucketLocked alarm:Alarm{60c2dd7 type 2 when 95682134 PendingIntent{f31f653: PendingIntentRecord{8855b90 com.autonavi.minimap startService}}com.autonavi.minimap}, standbyBucket:40, minElapsed:100706906
06-16 22:02:42.268  1296  7939 D SmartHeartBeat: isPendingPackage, false, pkg:com.android.deskclock, action:com.android.deskclock.ALARM_ALERT,not pending alarm with AlarmClockInfo
06-16 22:02:42.285  1296  2227 W HwAlarmManagerService: isContainsAppUidInWorksource-->happend NameNotFoundException
06-16 22:02:42.285  1296  2227 W HwAlarmManagerService: isContainsAppUidInWorksource-->happend NameNotFoundException
06-16 22:02:42.370  1296  7939 D ConnectivityService: Network is BLOCKED, uid = 10136
06-16 22:02:42.386  1296  7939 I chatty  : uid=1000(system) Binder:1296_19 identical 1 line
06-16 22:02:42.388  1296  7939 D ConnectivityService: Network is BLOCKED, uid = 10136
06-16 22:02:42.396  1296  2129 D ConnectivityService: Network is BLOCKED, uid = 10136
06-16 22:02:42.410  1296  2129 I chatty  : uid=1000(system) Binder:1296_9 identical 25 lines
06-16 22:02:42.411  1296  2129 D ConnectivityService: Network is BLOCKED, uid = 10136
06-16 22:02:42.436  1296  2129 I AlarmManager: adjustDeliveryTimeBasedOnStandbyBucketLocked alarm:Alarm{ef7cafc type 1 when 5000 PendingIntent{3ac0fef: PendingIntentRecord{a426585 com.huawei.hiai broadcastIntent}}com.huawei.hiai}, standbyBucket:40, minElapsed:93600536
06-16 22:02:42.437  1296  2129 I AlarmManager: adjustDeliveryTimeBasedOnStandbyBucketLocked alarm:Alarm{126564a type 2 when 89060961 PendingIntent{8ba4a8e: PendingIntentRecord{8c2f71c com.UCMobile startService}}com.UCMobile}, standbyBucket:40, minElapsed:93754348
06-16 22:02:42.437  1296  2129 I AlarmManager: adjustDeliveryTimeBasedOnStandbyBucketLocked alarm:Alarm{2d979bb type 0 when 1560687371655 PendingIntent{df4454c: PendingIntentRecord{24b427b com.UCMobile startService}}com.UCMobile}, standbyBucket:40, minElapsed:93754348
06-16 22:02:42.437  1296  2129 I AlarmManager: adjustDeliveryTimeBasedOnStandbyBucketLocked alarm:Alarm{5d152d2 type 3 when 87320417 PendingIntent{1c86fa3: PendingIntentRecord{f6d62a0 com.huawei.hiaction startService}}com.huawei.hiaction}, standbyBucket:40, minElapsed:93941254
06-16 22:02:42.438  1296  2129 I AlarmManager: adjustDeliveryTimeBasedOnStandbyBucketLocked alarm:Alarm{2ac597 type 1 when 1560695558872 PendingIntent{4345384: PendingIntentRecord{84db5f2 com.ss.android.article.news broadcastIntent}}com.ss.android.article.news}, standbyBucket:40, minElapsed:99551650
06-16 22:02:42.438  1296  2129 I AlarmManager: adjustDeliveryTimeBasedOnStandbyBucketLocked alarm:Alarm{97d1d95 type 2 when 94125951 PendingIntent{3d12f11: PendingIntentRecord{ae6ce87 com.ss.android.article.news startService}}com.ss.android.article.news}, standbyBucket:40, minElapsed:99551650
06-16 22:02:42.438  1296  2129 I AlarmManager: adjustDeliveryTimeBasedOnStandbyBucketLocked alarm:Alarm{4ede1df type 2 when 93526758 PendingIntent{e52fdb3: PendingIntentRecord{e14bf70 com.wudaokou.hippo startService}}com.wudaokou.hippo}, standbyBucket:40, minElapsed:100706862
06-16 22:02:42.438  1296  2129 I AlarmManager: adjustDeliveryTimeBasedOnStandbyBucketLocked alarm:Alarm{60c2dd7 type 2 when 95682134 PendingIntent{f31f653: PendingIntentRecord{8855b90 com.autonavi.minimap startService}}com.autonavi.minimap}, standbyBucket:40, minElapsed:100706906
06-16 22:02:42.439  1296  2129 D SmartHeartBeat: isPendingPackage, false, pkg:com.android.deskclock, action:com.android.deskclock.ALARM_ALERT,not pending alarm with AlarmClockInfo
06-16 22:02:42.483  1296  2227 W HwAlarmManagerService: isContainsAppUidInWorksource-->happend NameNotFoundException
06-16 22:02:42.483  1296  2227 W HwAlarmManagerService: isContainsAppUidInWorksource-->happend NameNotFoundException
06-16 22:02:42.516   568   645 W SocketListener: sending broadcast to Pid = 1296, Uid = 1000 
06-16 22:02:42.519  1296  1467 D NetdConnector: RCV <- {661 ReportType 0 0 0 0 0 0 0 0 0 0 0 0 0 0 0 0 0 0 0 0 0 0 0 0 0 0 0 0 0 0 0 0 0 0 0 0 0 0 0 0 0 0 0 0 0 0 0 0 0 0 0 0 0 0 0 0 0 0 0 0 0 0 0 0 0 0 0 0 0 0 0 0 0 0 0 0 0 0 0 0 0 0 0 0 0 0 0 0 0 0 0 0 0 0 0 0 0 0 0 0 0 0 0 0 0 0 0 0 0 0 0 0 0 0 0 0 0 0 0 0 0 0 0 0 0 0 0 0 0 0 0 0 0 0 0 0 0 0 0 0 0 0 0 0 0 0 0 0 0 0 0 0 0 0 0 0 0 0 0 0 0 0 0 0 0 0 0 0 0 0 0 0 0 0 0 0 0 0 0 0 0 0 0 0 0 0 0 0 0 0 0 0 0 0 0 0 0 0 0 0 0 0 0 0 0 0 0 0 0 0 0 0 0 0 0 0 0 0 0 0 0 0 0 0 0 0 0 0 0 ReportType 0 2451 4516 28 0 0 28 52 25 2 0 0 0 1 43 6 3 0 0 30 0 0 0 0 0 0 0 0 0 0 0 0 0 0 0 0 0 0 0 0 0 0 0 0 0 0 0 0 0 0 0 0 0 0 0 0 0 0 0 0 713 584 6 0 0 6 15 7 6 0 0 0 0 0 13 1 1 0 0 0 0 0 0 0 0 0 0 0 0 0 0 0 0 0 0 0 0 0 0 0 0 0 0 0 0 0 0 0 0 0 0 0 0 0 0 0 0 96 0 0 0 0 0 2 0 0 0 0 0 0 0 1 1 0 0 0 0 0 0 0 0 0 0 0 0 0 0 0 0 0 0 0 0 0 0 0 0 0 0 0 0 0 0 0 0 0 0 0 0 0 0 0 0 0 92 0 0 0 0 0 2 0 0 0 0 0 0 0 2 0 0 0 0 0 0 0 0 0 0 0 0 0 0 0 0 0 0 0 0 0 0 0 150 4 51 1144 12 104 0 0 0 0 0 0 0 0 2588 152 29}
06-16 22:02:42.520  1296  1467 D NetdConnector: RCV <- {661 ReportType 0 0 0 0 0 0 0 0 0 0 0 0 0 0 0 0 0 0 0 0 0 0 0 0 0 0 0 0 0 0 0 0 0 0 0 0 0 0 0 0 0 0 0 0 0 0 0 0 0 0 0 0 0 0 0 0 0 0 0 0 0 0 0 0 0 0 0 0 0 0 0 0 0 0 0 0 0 0 0 0 0 0 0 0 0 0 0 0 0 0 0 0 0 0 0 0 0 0 0 0 0 0 0 0 0 0 0 0 0 0 0 0 0 0 0 0 0 0 0 0 0 0 0 0 0 0 0 0 0 0 0 0 0 0 0 0 0 0 0 0 0 0 0 0 0 0 0 0 0 0 0 0 0 0 0 0 0 0 0 0 0 0 0 0 0 0 0 0 0 0 0 0 0 0 0 0 0 0 0 0 0 0 0 0 0 0 0 0 0 0 0 0 0 0 0 0 0 0 0 0 0 0 0 0 0 0 0 0 0 0 0 0 0 0 0 0 0 0 0 0 0 0 0 0 0 0 0 0 0 ReportType 0 2451 4516 28 0 0 28 52 25 2 0 0 0 1 43 6 3 0 0 30 0 0 0 0 0 0 0 0 0 0 0 0 0 0 0 0 0 0 0 0 0 0 0 0 0 0 0 0 0 0 0 0 0 0 0 0 0 0 0 0 713 584 6 0 0 6 15 7 6 0 0 0 0 0 13 1 1 0 0 0 0 0 0 0 0 0 0 0 0 0 0 0 0 0 0 0 0 0 0 0 0 0 0 0 0 0 0 0 0 0 0 0 0 0 0 0 0 96 0 0 0 0 0 2 0 0 0 0 0 0 0 1 1 0 0 0 0 0 0 0 0 0 0 0 0 0 0 0 0 0 0 0 0 0 0 0 0 0 0 0 0 0 0 0 0 0 0 0 0 0 0 0 0 0 92 0 0 0 0 0 2 0 0 0 0 0 0 0 2 0 0 0 0 0 0 0 0 0 0 0 0 0 0 0 0 0 0 0 0 0 0 0 150 4 51 1144 12 104 0 0 0 0 0 0 0 0 2588 152 29}
06-16 22:02:42.521  1296  1323 D NetdConnector: RCV unsolicited event from native daemon, event = 661
06-16 22:02:42.527  1296  1323 D HwNetworkManagementService: onEvent receive Web Stat Report:661 ReportType 0 0 0 0 0 0 0 0 0 0 0 0 0 0 0 0 0 0 0 0 0 0 0 0 0 0 0 0 0 0 0 0 0 0 0 0 0 0 0 0 0 0 0 0 0 0 0 0 0 0 0 0 0 0 0 0 0 0 0 0 0 0 0 0 0 0 0 0 0 0 0 0 0 0 0 0 0 0 0 0 0 0 0 0 0 0 0 0 0 0 0 0 0 0 0 0 0 0 0 0 0 0 0 0 0 0 0 0 0 0 0 0 0 0 0 0 0 0 0 0 0 0 0 0 0 0 0 0 0 0 0 0 0 0 0 0 0 0 0 0 0 0 0 0 0 0 0 0 0 0 0 0 0 0 0 0 0 0 0 0 0 0 0 0 0 0 0 0 0 0 0 0 0 0 0 0 0 0 0 0 0 0 0 0 0 0 0 0 0 0 0 0 0 0 0 0 0 0 0 0 0 0 0 0 0 0 0 0 0 0 0 0 0 0 0 0 0 0 0 0 0 0 0 0 0 0 0 0 0 ReportType 0 2451 4516 28 0 0 28 52 25 2 0 0 0 1 43 6 3 0 0 30 0 0 0 0 0 0 0 0 0 0 0 0 0 0 0 0 0 0 0 0 0 0 0 0 0 0 0 0 0 0 0 0 0 0 0 0 0 0 0 0 713 584 6 0 0 6 15 7 6 0 0 0 0 0 13 1 1 0 0 0 0 0 0 0 0 0 0 0 0 0 0 0 0 0 0 0 0 0 0 0 0 0 0 0 0 0 0 0 0 0 0 0 0 0 0 0 0 96 0 0 0 0 0 2 0 0 0 0 0 0 0 1 1 0 0 0 0 0 0 0 0 0 0 0 0 0 0 0 0 0 0 0 0 0 0 0 0 0 0 0 0 0 0 0 0 0 0 0 0 0 0 0 0 0 92 0 0 0 0 0 2 0 0 0 0 0 0 0 2 0 0 0 0 0 0 0 0 0 0 0 0 0 0 0 0 0 0 0 0 0 0 0 150 4 51 1144 12 104 0 0 0 0 0 0 0 0 2588 152 29
06-16 22:02:42.532  1296  1323 W ContextImpl: Calling a method in the system process without a qualified user: android.app.ContextImpl.sendBroadcast:1172 com.android.server.HwNetworkManagementService.sendWebStatMessage:1112 com.android.server.HwServiceFactoryImpl$HwNetworkManagementServiceImpl.sendWebStatMessage:737 com.android.server.NetworkManagementService$NetdCallbackReceiver.onEvent:1095 com.android.server.NativeDaemonConnector.handleMessage:176 
06-16 22:02:42.653  1296  1432 D HwBatteryService: onUEvent fcpStatus = 0,scpStatus =0,ovpStatus=0
06-16 22:02:42.657  1296  1432 I HwBatteryService: quick charge status : 0
06-16 22:02:42.658  1296  1432 I HwBatteryService: handleWirelessTxStatus
06-16 22:02:42.658  1296  1432 I HwBatteryService: switch not open, return, mWirelessTxFlag : 0
06-16 22:02:42.659  1296  1432 I UsbDeviceManager: water_intrused state= 0
06-16 22:02:42.689  1296  5041 I BatteryService: normal charge status : 1
06-16 22:02:42.734  1296  7117 I AlarmManager: adjustDeliveryTimeBasedOnStandbyBucketLocked alarm:Alarm{ef7cafc type 1 when 5000 PendingIntent{3ac0fef: PendingIntentRecord{a426585 com.huawei.hiai broadcastIntent}}com.huawei.hiai}, standbyBucket:40, minElapsed:93600536
06-16 22:02:42.735  1296  7117 I AlarmManager: adjustDeliveryTimeBasedOnStandbyBucketLocked alarm:Alarm{2d979bb type 0 when 1560687371655 PendingIntent{df4454c: PendingIntentRecord{24b427b com.UCMobile startService}}com.UCMobile}, standbyBucket:40, minElapsed:93754348
06-16 22:02:42.735  1296  7117 I AlarmManager: adjustDeliveryTimeBasedOnStandbyBucketLocked alarm:Alarm{126564a type 2 when 89060961 PendingIntent{8ba4a8e: PendingIntentRecord{8c2f71c com.UCMobile startService}}com.UCMobile}, standbyBucket:40, minElapsed:93754348
06-16 22:02:42.736  1296  7117 I AlarmManager: adjustDeliveryTimeBasedOnStandbyBucketLocked alarm:Alarm{5d152d2 type 3 when 87320417 PendingIntent{1c86fa3: PendingIntentRecord{f6d62a0 com.huawei.hiaction startService}}com.huawei.hiaction}, standbyBucket:40, minElapsed:93941254
06-16 22:02:42.738  1296  7117 I AlarmManager: adjustDeliveryTimeBasedOnStandbyBucketLocked alarm:Alarm{97d1d95 type 2 when 94125951 PendingIntent{3d12f11: PendingIntentRecord{ae6ce87 com.ss.android.article.news startService}}com.ss.android.article.news}, standbyBucket:40, minElapsed:99551650
06-16 22:02:42.739  1296  7117 I AlarmManager: adjustDeliveryTimeBasedOnStandbyBucketLocked alarm:Alarm{2ac597 type 1 when 1560695558872 PendingIntent{4345384: PendingIntentRecord{84db5f2 com.ss.android.article.news broadcastIntent}}com.ss.android.article.news}, standbyBucket:40, minElapsed:99551650
06-16 22:02:42.739  1296  7117 I AlarmManager: adjustDeliveryTimeBasedOnStandbyBucketLocked alarm:Alarm{4ede1df type 2 when 93526758 PendingIntent{e52fdb3: PendingIntentRecord{e14bf70 com.wudaokou.hippo startService}}com.wudaokou.hippo}, standbyBucket:40, minElapsed:100706862
06-16 22:02:42.740  1296  7117 I AlarmManager: adjustDeliveryTimeBasedOnStandbyBucketLocked alarm:Alarm{60c2dd7 type 2 when 95682134 PendingIntent{f31f653: PendingIntentRecord{8855b90 com.autonavi.minimap startService}}com.autonavi.minimap}, standbyBucket:40, minElapsed:100706906
06-16 22:02:42.740  1296  7117 D SmartHeartBeat: isPendingPackage, false, pkg:com.android.deskclock, action:com.android.deskclock.ALARM_ALERT,not pending alarm with AlarmClockInfo
06-16 22:02:42.784  1296  7866 W HwAlarmManagerService: isContainsAppUidInWorksource-->happend NameNotFoundException
06-16 22:02:42.786  1296  7866 W HwAlarmManagerService: isContainsAppUidInWorksource-->happend NameNotFoundException
06-16 22:02:42.924  1296  7117 I AlarmManager: adjustDeliveryTimeBasedOnStandbyBucketLocked alarm:Alarm{ef7cafc type 1 when 5000 PendingIntent{3ac0fef: PendingIntentRecord{a426585 com.huawei.hiai broadcastIntent}}com.huawei.hiai}, standbyBucket:40, minElapsed:93600536
06-16 22:02:42.925  1296  7117 I AlarmManager: adjustDeliveryTimeBasedOnStandbyBucketLocked alarm:Alarm{126564a type 2 when 89060961 PendingIntent{8ba4a8e: PendingIntentRecord{8c2f71c com.UCMobile startService}}com.UCMobile}, standbyBucket:40, minElapsed:93754348
06-16 22:02:42.925  1296  7117 I AlarmManager: adjustDeliveryTimeBasedOnStandbyBucketLocked alarm:Alarm{2d979bb type 0 when 1560687371655 PendingIntent{df4454c: PendingIntentRecord{24b427b com.UCMobile startService}}com.UCMobile}, standbyBucket:40, minElapsed:93754348
06-16 22:02:42.926  1296  7117 I AlarmManager: adjustDeliveryTimeBasedOnStandbyBucketLocked alarm:Alarm{5d152d2 type 3 when 87320417 PendingIntent{1c86fa3: PendingIntentRecord{f6d62a0 com.huawei.hiaction startService}}com.huawei.hiaction}, standbyBucket:40, minElapsed:93941254
06-16 22:02:42.926  1296  7117 I AlarmManager: adjustDeliveryTimeBasedOnStandbyBucketLocked alarm:Alarm{2ac597 type 1 when 1560695558872 PendingIntent{4345384: PendingIntentRecord{84db5f2 com.ss.android.article.news broadcastIntent}}com.ss.android.article.news}, standbyBucket:40, minElapsed:99551650
06-16 22:02:42.926  1296  7117 I AlarmManager: adjustDeliveryTimeBasedOnStandbyBucketLocked alarm:Alarm{97d1d95 type 2 when 94125951 PendingIntent{3d12f11: PendingIntentRecord{ae6ce87 com.ss.android.article.news startService}}com.ss.android.article.news}, standbyBucket:40, minElapsed:99551650
06-16 22:02:42.927  1296  7117 I AlarmManager: adjustDeliveryTimeBasedOnStandbyBucketLocked alarm:Alarm{4ede1df type 2 when 93526758 PendingIntent{e52fdb3: PendingIntentRecord{e14bf70 com.wudaokou.hippo startService}}com.wudaokou.hippo}, standbyBucket:40, minElapsed:100706862
06-16 22:02:42.928  1296  7117 I AlarmManager: adjustDeliveryTimeBasedOnStandbyBucketLocked alarm:Alarm{60c2dd7 type 2 when 95682134 PendingIntent{f31f653: PendingIntentRecord{8855b90 com.autonavi.minimap startService}}com.autonavi.minimap}, standbyBucket:40, minElapsed:100706906
06-16 22:02:42.928  1296  7117 D SmartHeartBeat: isPendingPackage, false, pkg:com.android.deskclock, action:com.android.deskclock.ALARM_ALERT,not pending alarm with AlarmClockInfo
06-16 22:02:42.982  1296  7866 W HwAlarmManagerService: isContainsAppUidInWorksource-->happend NameNotFoundException
06-16 22:02:42.982  1296  7866 W HwAlarmManagerService: isContainsAppUidInWorksource-->happend NameNotFoundException
06-16 22:02:43.265  1296  7866 V ActivityManager: startProcess: name=com.ss.android.article.news:push app=null knownToBeDead=true thread=null pid=-1
06-16 22:02:43.265  1296  7939 D ConnectivityService: Network is BLOCKED, uid = 10136
06-16 22:02:43.304  1296  1317 I ActivityManager: Start proc 3530:com.ss.android.article.news:push/u0a136 for service com.ss.android.article.news/com.bytedance.common.wschannel.server.WsChannelService
06-16 22:02:43.305  1296  1796 E ProcessInfoCollector: getProcessInfo: failed to find this proc 
06-16 22:02:43.331  3530  3530 D ActivityThread: Attach thread to application
06-16 22:02:43.445  1296  7295 I AlarmManager: adjustDeliveryTimeBasedOnStandbyBucketLocked alarm:Alarm{ef7cafc type 1 when 5000 PendingIntent{3ac0fef: PendingIntentRecord{a426585 com.huawei.hiai broadcastIntent}}com.huawei.hiai}, standbyBucket:40, minElapsed:93600536
06-16 22:02:43.446  1296  7295 I AlarmManager: adjustDeliveryTimeBasedOnStandbyBucketLocked alarm:Alarm{2d979bb type 0 when 1560687371655 PendingIntent{df4454c: PendingIntentRecord{24b427b com.UCMobile startService}}com.UCMobile}, standbyBucket:40, minElapsed:93754348
06-16 22:02:43.446  1296  7295 I AlarmManager: adjustDeliveryTimeBasedOnStandbyBucketLocked alarm:Alarm{126564a type 2 when 89060961 PendingIntent{8ba4a8e: PendingIntentRecord{8c2f71c com.UCMobile startService}}com.UCMobile}, standbyBucket:40, minElapsed:93754348
06-16 22:02:43.446  1296  7295 I AlarmManager: adjustDeliveryTimeBasedOnStandbyBucketLocked alarm:Alarm{5d152d2 type 3 when 87320417 PendingIntent{1c86fa3: PendingIntentRecord{f6d62a0 com.huawei.hiaction startService}}com.huawei.hiaction}, standbyBucket:40, minElapsed:93941254
06-16 22:02:43.450  1296  7295 I AlarmManager: adjustDeliveryTimeBasedOnStandbyBucketLocked alarm:Alarm{97d1d95 type 2 when 94125951 PendingIntent{3d12f11: PendingIntentRecord{ae6ce87 com.ss.android.article.news startService}}com.ss.android.article.news}, standbyBucket:40, minElapsed:99551650
06-16 22:02:43.450  1296  7295 I AlarmManager: adjustDeliveryTimeBasedOnStandbyBucketLocked alarm:Alarm{2ac597 type 1 when 1560695558872 PendingIntent{4345384: PendingIntentRecord{84db5f2 com.ss.android.article.news broadcastIntent}}com.ss.android.article.news}, standbyBucket:40, minElapsed:99551650
06-16 22:02:43.452  1296  7295 I AlarmManager: adjustDeliveryTimeBasedOnStandbyBucketLocked alarm:Alarm{4ede1df type 2 when 93526758 PendingIntent{e52fdb3: PendingIntentRecord{e14bf70 com.wudaokou.hippo startService}}com.wudaokou.hippo}, standbyBucket:40, minElapsed:100706862
06-16 22:02:43.452  1296  7295 I AlarmManager: adjustDeliveryTimeBasedOnStandbyBucketLocked alarm:Alarm{60c2dd7 type 2 when 95682134 PendingIntent{f31f653: PendingIntentRecord{8855b90 com.autonavi.minimap startService}}com.autonavi.minimap}, standbyBucket:40, minElapsed:100706906
06-16 22:02:43.453  1296  7295 D SmartHeartBeat: isPendingPackage, false, pkg:com.android.deskclock, action:com.android.deskclock.ALARM_ALERT,not pending alarm with AlarmClockInfo
06-16 22:02:43.475  1296  7295 W HwAlarmManagerService: isContainsAppUidInWorksource-->happend NameNotFoundException
06-16 22:02:43.475  1296  7295 W HwAlarmManagerService: isContainsAppUidInWorksource-->happend NameNotFoundException
06-16 22:02:43.524  1296  1319 I ActivityManager: App 10136/com.ss.android.article.news targets O+, restricted
06-16 22:02:43.524  1296  1319 W BroadcastQueue: Background execution not allowed: receiving Intent { act=com.bytedance.frameworks.plugin.ACTION_SEND_LOG_TO_MAIN_PROCESS flg=0x2010 (has extras) } to com.ss.android.article.news/com.bytedance.frameworks.plugin.receiver.MiraErrorLogReceiver
06-16 22:02:43.524  1296  1319 V BroadcastQueue: Finished with ordered broadcast BroadcastRecord{6345ef6 u0 com.bytedance.frameworks.plugin.ACTION_SEND_LOG_TO_MAIN_PROCESS}
06-16 22:02:43.572  1296  1319 I ActivityManager: App 10136/com.ss.android.article.news targets O+, restricted
06-16 22:02:43.572  1296  1319 W BroadcastQueue: Background execution not allowed: receiving Intent { act=com.bytedance.frameworks.plugin.ACTION_SEND_LOG_TO_MAIN_PROCESS flg=0x2010 (has extras) } to com.ss.android.article.news/com.bytedance.frameworks.plugin.receiver.MiraErrorLogReceiver
06-16 22:02:43.572  1296  1319 V BroadcastQueue: Finished with ordered broadcast BroadcastRecord{17f92f7 u0 com.bytedance.frameworks.plugin.ACTION_SEND_LOG_TO_MAIN_PROCESS}
06-16 22:02:43.606  1296  9254 D ConnectivityService: Network is BLOCKED, uid = 10136
06-16 22:02:43.606  1296 14783 D ConnectivityService: Network is BLOCKED, uid = 10136
06-16 22:02:43.613  1296  9254 D ConnectivityService: Network is BLOCKED, uid = 10136
06-16 22:02:43.634  1296 14783 I ActivityManager: App 10136/com.ss.android.article.news targets O+, restricted
06-16 22:02:43.634  1296 14783 W ActivityManager: Background start not allowed: service Intent { cmp=com.ss.android.article.news/com.bytedance.common.wschannel.server.WsChannelService } to com.ss.android.article.news/com.bytedance.common.wschannel.server.WsChannelService from pid=3530 uid=10136 pkg=com.ss.android.article.news startFg?=false
06-16 22:02:43.853  1296  9254 D ConnectivityService: Network is BLOCKED, uid = 10136
06-16 22:02:43.854  1296  2327 D ConnectivityService: Network is BLOCKED, uid = 10136
06-16 22:02:43.877  1296 14783 I ActivityManager: App 10136/com.ss.android.article.news targets O+, restricted
06-16 22:02:43.877  1296 14783 W ActivityManager: Background start not allowed: service Intent { act=com.ss.android.message pkg=com.ss.android.article.news (has extras) } to com.ss.android.article.news/com.ss.android.newmedia.message.MessageHandler from pid=3194 uid=10136 pkg=com.ss.android.article.news startFg?=false
06-16 22:02:43.915  1296  2327 D ConnectivityService: Network is BLOCKED, uid = 10136
06-16 22:02:43.987  1296  2129 I ActivityManager: App 10136/com.ss.android.article.news targets O+, restricted
06-16 22:02:43.987  1296  2129 W ActivityManager: Background start not allowed: service Intent { act=com.ss.android.message pkg=com.ss.android.article.news (has extras) } to com.ss.android.article.news/com.ss.android.newmedia.message.MessageHandler from pid=3194 uid=10136 pkg=com.ss.android.article.news startFg?=false
06-16 22:02:44.006  1296  2327 I ActivityManager: App 10136/com.ss.android.article.news targets O+, restricted
06-16 22:02:44.006  1296  2327 W ActivityManager: Background start not allowed: service Intent { act=com.ss.android.message pkg=com.ss.android.article.news (has extras) } to com.ss.android.article.news/com.ss.android.newmedia.message.MessageHandler from pid=3194 uid=10136 pkg=com.ss.android.article.news startFg?=false
06-16 22:02:44.011  1296  2327 D ConnectivityService: Network is BLOCKED, uid = 10136
06-16 22:02:44.023  1296  2129 D ConnectivityService: listenForNetwork for uid/pid:10136/3530 NetworkRequest [ LISTEN id=450, [ Capabilities: INTERNET&NOT_RESTRICTED&TRUSTED Uid: 10136] ]
06-16 22:02:44.024  1296  2129 D ConnectivityService: Network is BLOCKED, uid = 10136
06-16 22:02:44.024  1296  1480 D ConnectivityService: rematching NetworkAgentInfo [WIFI () - 124]
06-16 22:02:44.024  1296  1480 D ConnectivityService:  network has: [ Transports: WIFI Capabilities: NOT_METERED&INTERNET&NOT_RESTRICTED&TRUSTED&NOT_VPN&VALIDATED&NOT_ROAMING&FOREGROUND&NOT_CONGESTED&NOT_SUSPENDED LinkUpBandwidth>=1048576Kbps LinkDnBandwidth>=1048576Kbps SignalStrength: -45 SSID: "TP-LINK-CF"]
06-16 22:02:44.024  1296  1480 D ConnectivityService: Network NetworkAgentInfo [WIFI () - 124] was already satisfying request 10. No change.
06-16 22:02:44.024  1296  1480 D ConnectivityService: Network NetworkAgentInfo [WIFI () - 124] was already satisfying request 174. No change.
06-16 22:02:44.024  1296  2129 D ConnectivityService: Network is BLOCKED, uid = 10136
06-16 22:02:44.024  1296  1480 D ConnectivityService: Network NetworkAgentInfo [WIFI () - 124] was already satisfying request 5. No change.
06-16 22:02:44.024  1296  1480 D ConnectivityService: Network NetworkAgentInfo [WIFI () - 124] was already satisfying request 135. No change.
06-16 22:02:44.024  1296  1480 D ConnectivityService: Network NetworkAgentInfo [WIFI () - 124] was already satisfying request 16. No change.
06-16 22:02:44.024  1296  1480 D ConnectivityService: Network NetworkAgentInfo [WIFI () - 124] was already satisfying request 8. No change.
06-16 22:02:44.024  1296  1480 D ConnectivityService: Network NetworkAgentInfo [WIFI () - 124] was already satisfying request 1. No change.
06-16 22:02:44.024  1296  2129 D ConnectivityService: Network is BLOCKED, uid = 10136
06-16 22:02:44.031  1296  2129 I chatty  : uid=1000(system) Binder:1296_9 identical 4 lines
06-16 22:02:44.031  1296  2129 D ConnectivityService: Network is BLOCKED, uid = 10136
06-16 22:02:44.040  1296  2129 D ConnectivityService: ActiveNetwork is blocked, uid = 10136, ignoreBlocked = false
06-16 22:02:44.060  1296  2327 D ConnectivityService: Network is BLOCKED, uid = 10136
06-16 22:02:46.601  1296  8135 V BroadcastQueue: Finished with ordered broadcast BroadcastRecord{57b8a71 u0 com.tencent.mm.plugin.report.service.KVCommCrossProcessReceiver}
06-16 22:02:47.098  1296  2327 D ConnectivityService: Network is BLOCKED, uid = 10136
06-16 22:02:48.418  1296  2129 D ConnectivityService: Network is BLOCKED, uid = 10136
06-16 22:02:48.430  1296  2129 I chatty  : uid=1000(system) Binder:1296_9 identical 3 lines
06-16 22:02:48.465  1296  2129 D ConnectivityService: Network is BLOCKED, uid = 10136
06-16 22:02:48.543  1296  2327 D ConnectivityService: Network is BLOCKED, uid = 10136
06-16 22:02:48.544  1296  2129 D ConnectivityService: Network is BLOCKED, uid = 10136
06-16 22:02:48.615  1296  2129 I chatty  : uid=1000(system) Binder:1296_9 identical 9 lines
06-16 22:02:48.631  1296  2129 D ConnectivityService: Network is BLOCKED, uid = 10136
06-16 22:02:48.652  1296  2327 D ConnectivityService: Network is BLOCKED, uid = 10136
06-16 22:02:48.653  1296  9254 D ConnectivityService: Network is BLOCKED, uid = 10136
06-16 22:02:48.653  1296  8135 D ConnectivityService: Network is BLOCKED, uid = 10136
06-16 22:02:48.653  1296  2129 D ConnectivityService: Network is BLOCKED, uid = 10136
06-16 22:02:48.658  1296  2129 D ConnectivityService: Network is BLOCKED, uid = 10136
06-16 22:02:48.699  1296  1761 W Watchdog: hungtask: writing kick
06-16 22:02:49.177  1296  8135 D ConnectivityService: Network is BLOCKED, uid = 10136
06-16 22:02:50.143  1296  2129 D ConnectivityService: Network is BLOCKED, uid = 10136
06-16 22:02:52.676  1296  2129 I AlarmManager: adjustDeliveryTimeBasedOnStandbyBucketLocked alarm:Alarm{ef7cafc type 1 when 5000 PendingIntent{3ac0fef: PendingIntentRecord{a426585 com.huawei.hiai broadcastIntent}}com.huawei.hiai}, standbyBucket:40, minElapsed:93600536
06-16 22:02:52.677  1296  2129 I AlarmManager: adjustDeliveryTimeBasedOnStandbyBucketLocked alarm:Alarm{126564a type 2 when 89060961 PendingIntent{8ba4a8e: PendingIntentRecord{8c2f71c com.UCMobile startService}}com.UCMobile}, standbyBucket:40, minElapsed:93754348
06-16 22:02:52.677  1296  2129 I AlarmManager: adjustDeliveryTimeBasedOnStandbyBucketLocked alarm:Alarm{2d979bb type 0 when 1560687371655 PendingIntent{df4454c: PendingIntentRecord{24b427b com.UCMobile startService}}com.UCMobile}, standbyBucket:40, minElapsed:93754348
06-16 22:02:52.677  1296  2129 I AlarmManager: adjustDeliveryTimeBasedOnStandbyBucketLocked alarm:Alarm{5d152d2 type 3 when 87320417 PendingIntent{1c86fa3: PendingIntentRecord{f6d62a0 com.huawei.hiaction startService}}com.huawei.hiaction}, standbyBucket:40, minElapsed:93941254
06-16 22:02:52.678  1296  2129 I AlarmManager: adjustDeliveryTimeBasedOnStandbyBucketLocked alarm:Alarm{2ac597 type 1 when 1560695558872 PendingIntent{4345384: PendingIntentRecord{84db5f2 com.ss.android.article.news broadcastIntent}}com.ss.android.article.news}, standbyBucket:40, minElapsed:99551650
06-16 22:02:52.678  1296  2129 I AlarmManager: adjustDeliveryTimeBasedOnStandbyBucketLocked alarm:Alarm{97d1d95 type 2 when 94125951 PendingIntent{3d12f11: PendingIntentRecord{ae6ce87 com.ss.android.article.news startService}}com.ss.android.article.news}, standbyBucket:40, minElapsed:99551650
06-16 22:02:52.679  1296  2129 I AlarmManager: adjustDeliveryTimeBasedOnStandbyBucketLocked alarm:Alarm{4ede1df type 2 when 93526758 PendingIntent{e52fdb3: PendingIntentRecord{e14bf70 com.wudaokou.hippo startService}}com.wudaokou.hippo}, standbyBucket:40, minElapsed:100706862
06-16 22:02:52.679  1296  2129 I AlarmManager: adjustDeliveryTimeBasedOnStandbyBucketLocked alarm:Alarm{60c2dd7 type 2 when 95682134 PendingIntent{f31f653: PendingIntentRecord{8855b90 com.autonavi.minimap startService}}com.autonavi.minimap}, standbyBucket:40, minElapsed:100706906
06-16 22:02:52.680  1296  2129 D SmartHeartBeat: isPendingPackage, false, pkg:com.android.deskclock, action:com.android.deskclock.ALARM_ALERT,not pending alarm with AlarmClockInfo
06-16 22:02:52.734  1296  2129 W HwAlarmManagerService: isContainsAppUidInWorksource-->happend NameNotFoundException
06-16 22:02:52.734  1296  2129 W HwAlarmManagerService: isContainsAppUidInWorksource-->happend NameNotFoundException
06-16 22:02:53.032  1296  8135 V BroadcastQueue: Finished with ordered broadcast BroadcastRecord{8168192 u0 com.google.android.intent.action.GCM_RECONNECT}
06-16 22:02:53.091  1296  2129 I AlarmManager: adjustDeliveryTimeBasedOnStandbyBucketLocked alarm:Alarm{ef7cafc type 1 when 5000 PendingIntent{3ac0fef: PendingIntentRecord{a426585 com.huawei.hiai broadcastIntent}}com.huawei.hiai}, standbyBucket:40, minElapsed:93600536
06-16 22:02:53.092  1296  2129 I AlarmManager: adjustDeliveryTimeBasedOnStandbyBucketLocked alarm:Alarm{2d979bb type 0 when 1560687371655 PendingIntent{df4454c: PendingIntentRecord{24b427b com.UCMobile startService}}com.UCMobile}, standbyBucket:40, minElapsed:93754348
06-16 22:02:53.092  1296  2129 I AlarmManager: adjustDeliveryTimeBasedOnStandbyBucketLocked alarm:Alarm{126564a type 2 when 89060961 PendingIntent{8ba4a8e: PendingIntentRecord{8c2f71c com.UCMobile startService}}com.UCMobile}, standbyBucket:40, minElapsed:93754348
06-16 22:02:53.092  1296  2129 I AlarmManager: adjustDeliveryTimeBasedOnStandbyBucketLocked alarm:Alarm{5d152d2 type 3 when 87320417 PendingIntent{1c86fa3: PendingIntentRecord{f6d62a0 com.huawei.hiaction startService}}com.huawei.hiaction}, standbyBucket:40, minElapsed:93941254
06-16 22:02:53.093  1296  2129 I AlarmManager: adjustDeliveryTimeBasedOnStandbyBucketLocked alarm:Alarm{97d1d95 type 2 when 94125951 PendingIntent{3d12f11: PendingIntentRecord{ae6ce87 com.ss.android.article.news startService}}com.ss.android.article.news}, standbyBucket:40, minElapsed:99551650
06-16 22:02:53.093  1296  2129 I AlarmManager: adjustDeliveryTimeBasedOnStandbyBucketLocked alarm:Alarm{2ac597 type 1 when 1560695558872 PendingIntent{4345384: PendingIntentRecord{84db5f2 com.ss.android.article.news broadcastIntent}}com.ss.android.article.news}, standbyBucket:40, minElapsed:99551650
06-16 22:02:53.094  1296  2129 I AlarmManager: adjustDeliveryTimeBasedOnStandbyBucketLocked alarm:Alarm{4ede1df type 2 when 93526758 PendingIntent{e52fdb3: PendingIntentRecord{e14bf70 com.wudaokou.hippo startService}}com.wudaokou.hippo}, standbyBucket:40, minElapsed:100706862
06-16 22:02:53.094  1296  2129 I AlarmManager: adjustDeliveryTimeBasedOnStandbyBucketLocked alarm:Alarm{60c2dd7 type 2 when 95682134 PendingIntent{f31f653: PendingIntentRecord{8855b90 com.autonavi.minimap startService}}com.autonavi.minimap}, standbyBucket:40, minElapsed:100706906
06-16 22:02:53.095  1296  2129 D SmartHeartBeat: isPendingPackage, false, pkg:com.android.deskclock, action:com.android.deskclock.ALARM_ALERT,not pending alarm with AlarmClockInfo
06-16 22:02:53.149  1296  2129 W HwAlarmManagerService: isContainsAppUidInWorksource-->happend NameNotFoundException
06-16 22:02:53.149  1296  2129 W HwAlarmManagerService: isContainsAppUidInWorksource-->happend NameNotFoundException
06-16 22:02:53.190  1296  9254 D ConnectivityService: Network is BLOCKED, uid = 10136
06-16 22:02:54.018  1296  8135 V BroadcastQueue: Finished with ordered broadcast BroadcastRecord{aacfdb u0 com.google.android.gms.gcm.ACTION_SCHEDULE}
06-16 22:02:54.025  1296  8135 W HwAlarmManagerService: isContainsAppUidInWorksource-->happend NameNotFoundException
06-16 22:02:54.025  1296  8135 W HwAlarmManagerService: isContainsAppUidInWorksource-->happend NameNotFoundException
06-16 22:02:54.027  1296  8135 I AlarmManager: adjustDeliveryTimeBasedOnStandbyBucketLocked alarm:Alarm{ef7cafc type 1 when 5000 PendingIntent{3ac0fef: PendingIntentRecord{a426585 com.huawei.hiai broadcastIntent}}com.huawei.hiai}, standbyBucket:40, minElapsed:93600536
06-16 22:02:54.027  1296  8135 I AlarmManager: adjustDeliveryTimeBasedOnStandbyBucketLocked alarm:Alarm{126564a type 2 when 89060961 PendingIntent{8ba4a8e: PendingIntentRecord{8c2f71c com.UCMobile startService}}com.UCMobile}, standbyBucket:40, minElapsed:93754348
06-16 22:02:54.027  1296  8135 I AlarmManager: adjustDeliveryTimeBasedOnStandbyBucketLocked alarm:Alarm{2d979bb type 0 when 1560687371655 PendingIntent{df4454c: PendingIntentRecord{24b427b com.UCMobile startService}}com.UCMobile}, standbyBucket:40, minElapsed:93754348
06-16 22:02:54.028  1296  8135 I AlarmManager: adjustDeliveryTimeBasedOnStandbyBucketLocked alarm:Alarm{5d152d2 type 3 when 87320417 PendingIntent{1c86fa3: PendingIntentRecord{f6d62a0 com.huawei.hiaction startService}}com.huawei.hiaction}, standbyBucket:40, minElapsed:93941254
06-16 22:02:54.028  1296  8135 I AlarmManager: adjustDeliveryTimeBasedOnStandbyBucketLocked alarm:Alarm{2ac597 type 1 when 1560695558872 PendingIntent{4345384: PendingIntentRecord{84db5f2 com.ss.android.article.news broadcastIntent}}com.ss.android.article.news}, standbyBucket:40, minElapsed:99551650
06-16 22:02:54.028  1296  8135 I AlarmManager: adjustDeliveryTimeBasedOnStandbyBucketLocked alarm:Alarm{97d1d95 type 2 when 94125951 PendingIntent{3d12f11: PendingIntentRecord{ae6ce87 com.ss.android.article.news startService}}com.ss.android.article.news}, standbyBucket:40, minElapsed:99551650
06-16 22:02:54.029  1296  8135 I AlarmManager: adjustDeliveryTimeBasedOnStandbyBucketLocked alarm:Alarm{4ede1df type 2 when 93526758 PendingIntent{e52fdb3: PendingIntentRecord{e14bf70 com.wudaokou.hippo startService}}com.wudaokou.hippo}, standbyBucket:40, minElapsed:100706862
06-16 22:02:54.029  1296  8135 I AlarmManager: adjustDeliveryTimeBasedOnStandbyBucketLocked alarm:Alarm{60c2dd7 type 2 when 95682134 PendingIntent{f31f653: PendingIntentRecord{8855b90 com.autonavi.minimap startService}}com.autonavi.minimap}, standbyBucket:40, minElapsed:100706906
06-16 22:02:54.031  1296  8135 D SmartHeartBeat: isPendingPackage, false, pkg:com.android.deskclock, action:com.android.deskclock.ALARM_ALERT,not pending alarm with AlarmClockInfo
06-16 22:02:54.203  1296  2327 D ConnectivityService: Network is BLOCKED, uid = 10136
06-16 22:02:54.206  1296  2327 D ConnectivityService: Network is BLOCKED, uid = 10136
06-16 22:02:54.209  1296  8135 D ConnectivityService: Network is BLOCKED, uid = 10136
06-16 22:02:54.211  1296  2327 D ConnectivityService: Network is BLOCKED, uid = 10136
06-16 22:02:54.627  1296  2327 W ActivityManager: Unable to start service Intent { act=android.bluetooth.device.action.ACL_CONNECTED cmp=com.google.android.gms/.nearby.discovery.service.DiscoveryService (has extras) } U=0: not found
06-16 22:02:54.628  1296  9254 V BroadcastQueue: Finished with ordered broadcast BroadcastRecord{28eb624 u0 android.bluetooth.device.action.ACL_CONNECTED}
06-16 22:02:55.131  1296  1480 D ConnectivityService: reportNetworkConnectivity(124, false) by 10099
06-16 22:02:55.221  1296  1480 D ConnectivityService: NetworkAgentInfo [WIFI () - 124] validation passed
06-16 22:02:55.370  1296  7866 D ConnectivityService: Network is BLOCKED, uid = 10136
06-16 22:02:55.596  1296  7866 I chatty  : uid=1000(system) Binder:1296_18 identical 11 lines
06-16 22:02:56.248  1296  7866 D ConnectivityService: Network is BLOCKED, uid = 10136
06-16 22:02:57.835  1296  7866 V BroadcastQueue: Finished with ordered broadcast BroadcastRecord{b131090 u0 android.bluetooth.device.action.ACL_DISCONNECTED}
06-16 22:02:57.845  1296  9254 W ActivityManager: Unable to start service Intent { act=android.bluetooth.device.action.ACL_DISCONNECTED cmp=com.google.android.gms/.nearby.discovery.service.DiscoveryService (has extras) } U=0: not found
06-16 22:02:59.293  1296  9254 D ConnectivityService: Network is BLOCKED, uid = 10136
06-16 22:02:59.723  1296  9254 V BroadcastQueue: Finished with ordered broadcast BroadcastRecord{b40a5bc u0 null}
06-16 22:03:00.008  1296  1296 V AlarmManager: Received TIME_TICK alarm; rescheduling
06-16 22:03:00.010  1296  1296 I HwAlarmManagerService: hwSetAlarm listenerTag: time_tick
06-16 22:03:00.063  1296  7866 I ActivityManager: Need to start process com.huawei.parentcontrol for provider ContentProviderInfo{name=com.huawei.parentcontrol className=com.huawei.parentcontrol.provider.ContentProviders}, callerApp: ProcessRecord{c503ce7 802:com.huawei.appmarket/u0a85}
06-16 22:03:00.063  1296  7866 V ActivityManager: startProcess: name=com.huawei.parentcontrol app=null knownToBeDead=false thread=null pid=-1
06-16 22:03:00.067  1296  7866 V ActivityManager_MU: Waiting to start provider ContentProviderRecord{9893a7 u0 com.huawei.parentcontrol/.provider.ContentProviders} launchingApp=ProcessRecord{de33466 0:com.huawei.parentcontrol/u0a57} caller pid= 802
06-16 22:03:00.131  1296  1317 I ActivityManager: Start proc 3778:com.huawei.parentcontrol/u0a57 for content provider com.huawei.parentcontrol/.provider.ContentProviders
06-16 22:03:00.131  1296  1796 E ProcessInfoCollector: getProcessInfo: failed to find this proc 
06-16 22:03:00.152  3778  3778 D ActivityThread: Attach thread to application
06-16 22:03:00.242  1296  9254 V BroadcastQueue: Finished with ordered broadcast BroadcastRecord{9eaf4c1 u-1 android.intent.action.TIME_TICK}
06-16 22:03:00.304  1296  7866 V ActivityManager: Successfully start provider ContentProviderRecord{9893a7 u0 com.huawei.parentcontrol/.provider.ContentProviders} launchingApp=ProcessRecord{de33466 3778:com.huawei.parentcontrol/u0a57} caller pid= 802
06-16 22:03:02.308  1296  8135 D ConnectivityService: Network is BLOCKED, uid = 10136
06-16 22:03:03.820  1296  1315 D PickUpWakeScreenManager: onDeviceDataChanged
06-16 22:03:03.820  1296  1315 D PickUpWakeScreenManager: screen on =true
06-16 22:03:03.870  1296  1315 I WindowManager: onProposedRotationChanged, rotation=0
06-16 22:03:03.873  1296  1315 I WindowManager: MyOrientationListener: updateRotation.
06-16 22:03:03.876  1296  1315 D HwPhoneWindowManager: sensorRotation = 0 lastRotation:0
06-16 22:03:03.891  1296  1315 V WindowManager: removeIfPossible: Window{6453385 u0 android}
06-16 22:03:03.893  1296  1315 V WindowManager: postWindowRemoveCleanupLocked: Window{6453385 u0 android}
06-16 22:03:03.894  1296  1315 V WindowManager: Removing Window{6453385 u0 android} from WindowToken{d2d10fc android.view.ViewRootImpl$W@bf2adef}
06-16 22:03:03.931  1296  1315 V WindowManager: addWindow: Window{992509f u0 android}
06-16 22:03:03.932  1296  1315 I StatusBarDisable: setFlags what=0 which=1 pkg=Window{de53b10 u0 com.huawei.android.launcher/com.huawei.android.launcher.unihome.UniHomeLauncher}
06-16 22:03:03.932  1296  1315 I chatty  : uid=1000(system) android.ui identical 1 line
06-16 22:03:03.948  1296  1315 I StatusBarDisable: setFlags what=0 which=1 pkg=Window{de53b10 u0 com.huawei.android.launcher/com.huawei.android.launcher.unihome.UniHomeLauncher}
06-16 22:03:04.109  1296  1315 I WindowManager: onProposedRotationChanged, rotation=0
06-16 22:03:04.111  1296  1315 I WindowManager: MyOrientationListener: updateRotation.
06-16 22:03:04.112  1296  1315 D HwPhoneWindowManager: sensorRotation = 0 lastRotation:0
06-16 22:03:04.125  1296  1315 V WindowManager: removeIfPossible: Window{992509f u0 android}
06-16 22:03:04.127  1296  1315 V WindowManager: postWindowRemoveCleanupLocked: Window{992509f u0 android}
06-16 22:03:04.127  1296  1315 V WindowManager: Removing Window{992509f u0 android} from WindowToken{81a6a3e android.view.ViewRootImpl$W@9387af9}
06-16 22:03:04.157  1296  1315 V WindowManager: addWindow: Window{53384d8 u0 android}
06-16 22:03:04.158  1296  1315 I StatusBarDisable: setFlags what=0 which=1 pkg=Window{de53b10 u0 com.huawei.android.launcher/com.huawei.android.launcher.unihome.UniHomeLauncher}
06-16 22:03:04.158  1296  1315 I chatty  : uid=1000(system) android.ui identical 1 line
06-16 22:03:04.176  1296  1315 I StatusBarDisable: setFlags what=0 which=1 pkg=Window{de53b10 u0 com.huawei.android.launcher/com.huawei.android.launcher.unihome.UniHomeLauncher}
06-16 22:03:05.180  1593  1817 I HidataAppQoeP: handleStateChanged reason=6
06-16 22:03:05.180  1593  1817 I BrowserChrP: handleStateChanged
06-16 22:03:05.354  1296  8135 D ConnectivityService: Network is BLOCKED, uid = 10136
06-16 22:03:05.421  1296  2129 I ActivityManager: START u0 {act=android.intent.action.MAIN cat=[android.intent.category.LAUNCHER] flg=0x10200000 cmp=com.android.settings/.HWSettings bnds=[276,942][540,1228]} from uid 10056
06-16 22:03:05.422  1296  2129 I ActivityManager: ActivityRecord info: ActivityInfo{c25fe6d com.android.settings.HWSettings}
06-16 22:03:05.438  1296  2129 V WindowManager: addAppToken: AppWindowToken{9369f8f token=Token{3d3deee ActivityRecord{ab11469 u0 com.android.settings/.HWSettings t29289}}} controller={TaskWindowContainerController taskId=29289} at 2147483647
06-16 22:03:05.441  1296  1312 W HwActivityManagerServiceEx: HwActivityNotifier end call for activityLifeState under user 0 cost 1
06-16 22:03:05.442  1296  1315 I StatusBarDisable: setFlags what=0 which=1 pkg=Window{de53b10 u0 com.huawei.android.launcher/com.huawei.android.launcher.unihome.UniHomeLauncher}
06-16 22:03:05.452  1296  2129 V ActivityManager: startProcess: name=com.android.settings app=null knownToBeDead=true thread=null pid=-1
06-16 22:03:05.454  1296  2129 V ActivityManager: startProcess: name=com.android.settings app=ProcessRecord{879b21c 0:com.android.settings/1000} knownToBeDead=true thread=null pid=0
06-16 22:03:05.455  1296  1315 I StatusBarDisable: setFlags what=0 which=1 pkg=Window{de53b10 u0 com.huawei.android.launcher/com.huawei.android.launcher.unihome.UniHomeLauncher}
06-16 22:03:05.457  1296  1312 W HwActivityManagerServiceEx: HwActivityNotifier end call for activityLifeState under user 0 cost 1
06-16 22:03:05.457  1296  1314 E HwActivityManagerServiceEx: invalid ActivityRecord, error.
06-16 22:03:05.457  1296  1314 E HwActivityManagerServiceEx: parse activity info error.
06-16 22:03:05.484  3829  3829 D ActivityThread: Attach thread to application
06-16 22:03:05.504  1296  1314 V WindowManager: removeAppToken: AppWindowToken{d255b40 token=Token{83866c3 ActivityRecord{df83272 u0 com.ss.android.article.news/.activity.MainActivity t29286}}} delayed=true Callers=com.android.server.wm.DisplayContent.removeAppToken:1067 com.android.server.wm.AppWindowContainerController.removeContainer:315 com.android.server.am.ActivityRecord.removeWindowContainer:1160 com.android.server.am.ActivityStack.removeActivityFromHistoryLocked:4530 
06-16 22:03:05.505  1296  1314 E HwActivityManagerServiceEx: invalid ActivityRecord, error.
06-16 22:03:05.505  1296  1314 E HwActivityManagerServiceEx: parse activity info error.
06-16 22:03:05.505  1296  1314 V WindowManager: removeAppToken: AppWindowToken{dc6e8c5 token=Token{ffb533c ActivityRecord{e63912f u0 com.ss.android.article.news/com.ss.android.wenda.list.AnswerListActivity t29286}}} delayed=true Callers=com.android.server.wm.DisplayContent.removeAppToken:1067 com.android.server.wm.AppWindowContainerController.removeContainer:315 com.android.server.am.ActivityRecord.removeWindowContainer:1160 com.android.server.am.ActivityStack.removeActivityFromHistoryLocked:4530 
06-16 22:03:05.506  1296  1315 I StatusBarDisable: setFlags what=0 which=1 pkg=Window{de53b10 u0 com.huawei.android.launcher/com.huawei.android.launcher.unihome.UniHomeLauncher}
06-16 22:03:05.507  1296  1315 I StatusBarDisable: setFlags what=0 which=1 pkg=Window{de53b10 u0 com.huawei.android.launcher/com.huawei.android.launcher.unihome.UniHomeLauncher}
06-16 22:03:05.510  1296  1424 V WindowManager: addWindow: Window{5f11c20 u0 Splash Screen com.android.settings}
06-16 22:03:05.510  1296  1424 D HwPhoneWindowManager: sensorRotation = 0 lastRotation:0
06-16 22:03:05.513  1296  1315 I StatusBarDisable: setFlags what=0 which=1 pkg=Window{de53b10 u0 com.huawei.android.launcher/com.huawei.android.launcher.unihome.UniHomeLauncher}
06-16 22:03:05.514  1296  3850 D PackageManager: resolve intent for uid:1000, matchs:3, res:ResolveInfo{efae9d9 com.huawei.android.launcher/.unihome.UniHomeLauncher m=0x108000}
06-16 22:03:05.529  1296  1314 V ActivityManager: startProcess: name=com.android.settings app=ProcessRecord{879b21c 0:com.android.settings/1000} knownToBeDead=true thread=null pid=0
06-16 22:03:05.530  1296  1317 I ActivityManager: Start proc 3829:com.android.settings/1000 for activity com.android.settings/.HWSettings
06-16 22:03:05.531  1296  2129 D HwPhoneWindowManager: sensorRotation = 0 lastRotation:0
06-16 22:03:05.542  1296  1315 I StatusBarDisable: setFlags what=0 which=1 pkg=Window{de53b10 u0 com.huawei.android.launcher/com.huawei.android.launcher.unihome.UniHomeLauncher}
06-16 22:03:05.547  1296  2129 W HwActivityManagerServiceEx: appSwitch from: com.huawei.android.launcher to: com.android.settings
06-16 22:03:05.547  1296  2129 E HwActivityManagerServiceEx: invalid ActivityRecord, error.
06-16 22:03:05.547  1296  2129 E HwActivityManagerServiceEx: parse activity info error.
06-16 22:03:05.547  1296  1312 W HwActivityManagerServiceEx: HwActivityNotifier end call for appSwitch under user 0 cost 0
06-16 22:03:05.553  1296  1796 E ProcessInfoCollector: getProcessInfo: failed to find this proc 
06-16 22:03:05.572  1296  1424 V WindowManager: Checking 1 opening apps (frozen=false timeout=false), Track: updateconfig performsurface
06-16 22:03:05.572  1296  1424 V WindowManager: Check opening app=AppWindowToken{9369f8f token=Token{3d3deee ActivityRecord{ab11469 u0 com.android.settings/.HWSettings t29289}}}: allDrawn=false startingDisplayed=true startingMoved=false isRelaunching()=false startingWindow=Window{5f11c20 u0 Splash Screen com.android.settings}
06-16 22:03:05.572  1296  1424 I WindowManager: closing apps count = 1
06-16 22:03:05.631  1296  9254 I HwAudioService: now type = 255,reportForegroundAppType = 255,pkg = null,systemload = 255mVoipOptimizeInGameModefalse
06-16 22:03:05.713  1296  1315 W Looper  : Slow dispatch took 168ms android.ui h=com.android.server.am.ActivityManagerService$UiHandler c=null m=31
06-16 22:03:05.714  1593  1606 I BoosterSwitchP: notifyUidState do nothing
06-16 22:03:05.714  1593  1606 I DeepNoDisturbP: notifyUidState
06-16 22:03:05.714  1593  1606 I HidataAppQoeP: notifyUidState
06-16 22:03:05.714  1593  1606 I BrowserChrP: notifyUidState
06-16 22:03:05.714  1296  1315 I StatusBarDisable: setFlags what=0 which=1 pkg=Window{de53b10 u0 com.huawei.android.launcher/com.huawei.android.launcher.unihome.UniHomeLauncher}
06-16 22:03:05.714  1296  1315 I StatusBarDisable: setFlags what=0 which=1 pkg=Window{de53b10 u0 com.huawei.android.launcher/com.huawei.android.launcher.unihome.UniHomeLauncher}
06-16 22:03:05.714  1296  1315 I StatusBarDisable: setFlags what=0 which=1 pkg=Window{5f11c20 u0 Splash Screen com.android.settings}
06-16 22:03:05.714  1296  1315 I StatusBarDisable: setFlags what=0 which=1 pkg=Window{5f11c20 u0 Splash Screen com.android.settings}
06-16 22:03:05.723  1296  9254 I HwNetworkPolicy: onTransact, code = 203
06-16 22:03:05.723  1930  2349 I HwNetworkPolicyManager: getHwUidPolicy uid = 1000 policy = 0
06-16 22:03:05.772  3829  3829 V ActivityThread: Skipping new config:{1.0 460mcc2mnc [zh_CN_#Hans] ldltr sw360dp w360dp h616dp 480dpi nrml long port finger -keyb/v/h -nav/h winConfig={ mBounds=Rect(0, 0 - 1920, 1080) mAppBounds=Rect(0, 0 - 1080, 1920) mWindowingMode=fullscreen mActivityType=undefined} nonFullScreen=0 suim:1 s.28}, config:{1.0 460mcc2mnc [zh_CN_#Hans] ldltr sw360dp w360dp h616dp 480dpi nrml long port finger -keyb/v/h -nav/h winConfig={ mBounds=Rect(0, 0 - 1920, 1080) mAppBounds=Rect(0, 0 - 1080, 1920) mWindowingMode=fullscreen mActivityType=undefined} nonFullScreen=0 suim:1 s.28} for app:com.android.settings
06-16 22:03:05.783  3829  3829 V ActivityThread: callActivityOnCreate
06-16 22:03:05.819  1296  1315 I StatusBarDisable: setFlags what=0 which=1 pkg=Window{5f11c20 u0 Splash Screen com.android.settings}
06-16 22:03:05.834  1296  2129 D HwFingerprintService: CODE_IS_SUPPORT_DUAL_FINGERPRINT
