05-26 15:36:54.011 16527 16527 I uawei.appmarke:   at void com.android.internal.os.RuntimeInit$MethodAndArgsCaller.run() (RuntimeInit.java:524)
05-26 15:36:54.011 16527 16527 I uawei.appmarke:   at void com.android.internal.os.ZygoteInit.main(java.lang.String[]) (ZygoteInit.java:958)
05-26 15:36:54.011 16527 16527 I uawei.appmarke: Caused by: java.lang.ClassNotFoundException: Didn't find class "com.huawei.android.fsm.HwFoldScreenManagerEx$FoldDisplayModeListener" on path: DexPathList[[zip file "/system/framework/org.apache.http.legacy.boot.jar", zip file "/system/framework/hwkeystore.jar", zip file "/data/app/com.huawei.appmarket-mvDRpsEhkboYSUqJcdhlSQ==/base.apk"],nativeLibraryDirectories=[/data/app/com.huawei.appmarket-mvDRpsEhkboYSUqJcdhlSQ==/lib/arm64, /data/app/com.huawei.appmarket-mvDRpsEhkboYSUqJcdhlSQ==/base.apk!/lib/arm64-v8a, /system/lib64, /product/lib64]]
05-26 15:36:54.011 16527 16527 I uawei.appmarke:   at java.lang.Class dalvik.system.BaseDexClassLoader.findClass(java.lang.String) (BaseDexClassLoader.java:134)
05-26 15:36:54.011 16527 16527 I uawei.appmarke:   at java.lang.Class java.lang.ClassLoader.loadClass(java.lang.String, boolean) (ClassLoader.java:379)
05-26 15:36:54.011 16527 16527 I uawei.appmarke:   at java.lang.Class java.lang.ClassLoader.loadClass(java.lang.String) (ClassLoader.java:312)
05-26 15:36:54.011 16527 16527 I uawei.appmarke:   at java.lang.Object java.lang.Class.newInstance() (Class.java:-2)
05-26 15:36:54.011 16527 16527 I uawei.appmarke:   at android.app.Application android.app.AppComponentFactory.instantiateApplication(java.lang.ClassLoader, java.lang.String) (AppComponentFactory.java:50)
05-26 15:36:54.011 16527 16527 I uawei.appmarke:   at android.app.Application android.app.Instrumentation.newApplication(java.lang.ClassLoader, java.lang.String, android.content.Context) (Instrumentation.java:1127)
05-26 15:36:54.011 16527 16527 I uawei.appmarke:   at android.app.Application android.app.LoadedApk.makeApplication(boolean, android.app.Instrumentation) (LoadedApk.java:1162)
05-26 15:36:54.011 16527 16527 I uawei.appmarke:   at void android.app.ActivityThread.handleBindApplication(android.app.ActivityThread$AppBindData) (ActivityThread.java:6607)
05-26 15:36:54.011 16527 16527 I uawei.appmarke:   at void android.app.ActivityThread.access$2000(android.app.ActivityThread, android.app.ActivityThread$AppBindData) (ActivityThread.java:268)
05-26 15:36:54.011 16527 16527 I uawei.appmarke:   at void android.app.ActivityThread$H.handleMessage(android.os.Message) (ActivityThread.java:1995)
05-26 15:36:54.011 16527 16527 I uawei.appmarke:   at void android.os.Handler.dispatchMessage(android.os.Message) (Handler.java:109)
05-26 15:36:54.011 16527 16527 I uawei.appmarke:   at void android.os.Looper.loop() (Looper.java:207)
05-26 15:36:54.011 16527 16527 I uawei.appmarke:   at void android.app.ActivityThread.main(java.lang.String[]) (ActivityThread.java:7539)
05-26 15:36:54.011 16527 16527 I uawei.appmarke:   at java.lang.Object java.lang.reflect.Method.invoke(java.lang.Object, java.lang.Object[]) (Method.java:-2)
05-26 15:36:54.011 16527 16527 I uawei.appmarke:   at void com.android.internal.os.RuntimeInit$MethodAndArgsCaller.run() (RuntimeInit.java:524)
05-26 15:36:54.011 16527 16527 I uawei.appmarke:   at void com.android.internal.os.ZygoteInit.main(java.lang.String[]) (ZygoteInit.java:958)
05-26 15:36:54.011 16527 16527 I uawei.appmarke: 
05-26 15:36:54.013 16527 16595 W HiApp.HwFoldScreenDeviceUtils: main{1} <<< WARN >>> isFoldable Throwablejava.lang.NoClassDefFoundError: Failed resolution of: Lcom/huawei/android/fsm/HwFoldScreenManagerEx;
05-26 15:36:54.015 16527 16543 E MemoryLeakMonitorManager: MemoryLeakMonitor.jar is not exist!
05-26 15:36:54.029  1306  1328 I chatty  : uid=1000(system) ActivityManager expire 2 lines
05-26 15:36:54.042 16635 16635 I chatty  : uid=10017(com.android.gallery3d) expire 45 lines
05-26 15:36:54.051 16635 16635 D ActivityThread: Attach thread to application
05-26 15:36:54.065 16635 16651 I chatty  : uid=10017(com.android.gallery3d) expire 7 lines
05-26 15:36:54.074 16527 16647 W VSimApiWrapper: isPlatformSupportVsim, no such method.
05-26 15:36:54.074 16527 16647 W VSimApiWrapper: getVSimSubId, no such method.
05-26 15:36:54.075 16527 16647 W VSimApiWrapper: disableVSim, no such method.
05-26 15:36:54.075 16527 16647 W VSimApiWrapper: getSimMode, no such method.
05-26 15:36:54.075 16527 16647 W VSimApiWrapper: getRegPlmn, no such method.
05-26 15:36:54.075 16527 16647 W VSimApiWrapper: getCellLocation, no such method.
05-26 15:36:54.076 16527 16647 W VSimApiWrapper: getTrafficData, no such method.
05-26 15:36:54.076 16527 16647 W VSimApiWrapper: clearTrafficData, no such method.
05-26 15:36:54.076 16527 16647 W VSimApiWrapper: getSimStateViaSysinfoEx, no such method.
05-26 15:36:54.076 16527 16647 W VSimApiWrapper: getCpserr, no such method.
05-26 15:36:54.076 16527 16647 W VSimApiWrapper: getVsimAvailableNetworks, no such method.
05-26 15:36:54.076 16527 16647 W VSimApiWrapper: getDevSubMode, no such method.
05-26 15:36:54.076 16527 16647 W VSimApiWrapper: getPreferredNetworkTypeForVSim, no such method.
05-26 15:36:54.076 16527 16647 W VSimApiWrapper: getUserReservedSubId, no such method.
05-26 15:36:54.076 16527 16647 W VSimApiWrapper: hasIccCardForVSim, no such method.
05-26 15:36:54.077 16527 16647 W VSimApiWrapper: hasHardIccCardForVSim, no such method.
05-26 15:36:54.077 16527 16647 W VSimApiWrapper: getNetworkCountryIso, no such method.
05-26 15:36:54.077 16527 16647 W VSimApiWrapper: dsFlowCfg, no such method.
05-26 15:36:54.077 16527 16647 W VSimApiWrapper: isCDMASimCard, no such method.
05-26 15:36:54.077 16527 16647 W VSimApiWrapper: getDeviceNetworkCountryIso, no such method.
05-26 15:36:54.078 16527 16647 W VSimApiWrapper: getNetworkOperator, no such method.
05-26 15:36:54.079 16527 16647 W VSimApiWrapper: getNetworkOperatorName, no such method.
05-26 15:36:54.080 16527 16647 W VSimApiWrapper: getNetworkType, no such method.
05-26 15:36:54.081 16527 16647 W VSimApiWrapper: scanVsimAvailableNetworks, no such method.
05-26 15:36:54.083 16527 16647 W VSimApiWrapper: getSubscriberId, no such method.
05-26 15:36:54.084 16527 16647 W VSimApiWrapper: getNetworkCountryIso, no such method.
05-26 15:36:54.085 16527 16647 W VSimApiWrapper: isNetworkRoaming, no such method.
05-26 15:36:54.085 16527 16647 W VSimApiWrapper: getOperatorWithDeviceCustomed, no such method.
05-26 15:36:54.087 16527 16647 W VSimApiWrapper: getSubState(), no such method.
05-26 15:36:54.089 16527 16647 W VSimApiWrapper: getSimState(), no such method.
05-26 15:36:54.089 16527 16647 W VSimApiWrapper: isTrustedEMUI(), no such method.
05-26 15:36:54.089 16527 16647 W VSimApiWrapper: isMultiSimEnabled, no such method.
05-26 15:36:54.089 16527 16647 W VSimApiWrapper: getVSimSubId, no such method.
05-26 15:36:54.089 16527 16647 W VSimApiWrapper: disableVSim, no such method.
05-26 15:36:54.089 16527 16647 W VSimApiWrapper: getSimMode, no such method.
05-26 15:36:54.089 16527 16647 W VSimApiWrapper: getRegPlmn, no such method.
05-26 15:36:54.089 16527 16647 W VSimApiWrapper: getTrafficData, no such method.
05-26 15:36:54.089   578  1027 D asd_primary_out: L[13]-68.030132db, R[13]-68.030132db
05-26 15:36:54.089 16527 16647 W VSimApiWrapper: clearTrafficData, no such method.
05-26 15:36:54.090 16527 16647 W VSimApiWrapper: getSimStateViaSysinfoEx, no such method.
05-26 15:36:54.090 16527 16647 W VSimApiWrapper: getCpserr, no such method.
05-26 15:36:54.090 16527 16647 W VSimApiWrapper: getDevSubMode, no such method.
05-26 15:36:54.090 16527 16647 W VSimApiWrapper: getPreferredNetworkTypeForVSim, no such method.
05-26 15:36:54.090 16527 16647 W VSimApiWrapper: getUserReservedSubId, no such method.
05-26 15:36:54.090 16527 16647 W VSimApiWrapper: hasIccCardForVSim, no such method.
05-26 15:36:54.090 16527 16647 W VSimApiWrapper: dsFlowCfg, no such method.
05-26 15:36:54.090 16527 16647 W VSimApiWrapper: getDeviceNetworkCountryIso, no such method.
05-26 15:36:54.092 15718 15929 I Icing   : Query from package: com.google.android.gms, component: IpaAppsCorpus, restrict package: com.google.android.gms, start: 100, num: 100 maxNumSlices: 2147483647
05-26 15:36:54.189   578  1027 D asd_primary_out: L[1]-90.308999db, R[1]-90.308999db
05-26 15:36:54.229  2340  2718 I chatty  : uid=10039(com.huawei.HwMultiScreenShot) RenderThread expire 11 lines
05-26 15:36:54.238   726   982 I chatty  : uid=1000(system) fingerprint@2.1 expire 3 lines
05-26 15:36:54.241  1306  1319 I chatty  : uid=1000(system) Binder:1306_1 expire 5 lines
05-26 15:36:54.246  1306  1319 I chatty  : uid=1000(system) Binder:1306_1 expire 1 line
05-26 15:36:54.260   603   762 I APM_AudioPolicyManager: stopOutput() output 13, stream 1, session 5761
05-26 15:36:54.261   603   761 I AudioFlinger: setParameters(): io 0, keyvalue stop_stream=1, calling pid 603 calling uid 1041
05-26 15:36:54.261   578  1043 I audio_hw_primary: soundtrigger_set_enforce voice_wake value 
05-26 15:36:54.261   578  1043 D baidu_asr_interface: asr_baidu_set_parameters_data-not baidu asr
05-26 15:36:54.261   578  1043 I audio_hw_primary: update stream types 0
05-26 15:36:54.261   603   762 I APM_AudioPolicyManager: getNewOutputDevice() selected device 0 connectdeDevices(10003)
05-26 15:36:54.261   603   762 D APM_AudioPolicyManager: setOutputDevice() device 0x0000 delayMs 80 force 0
05-26 15:36:54.261   603   762 I APM_AudioPolicyManager: setOutputDevice() setting same device 0x0000 or null device
05-26 15:36:54.262   603   761 I AudioFlinger: setParameters(): io 0, keyvalue hifi_highperformance_enable=false, calling pid 603 calling uid 1041
05-26 15:36:54.262   578  1043 I audio_hw_primary: soundtrigger_set_enforce voice_wake value 
05-26 15:36:54.262   578  1043 D baidu_asr_interface: asr_baidu_set_parameters_data-not baidu asr
05-26 15:36:54.262   578  1043 I audio_hw_primary: update stream types 0
05-26 15:36:54.262   578  1043 I audio_custom: set_hifi_high_perform: hifi_highperform_enable off.
05-26 15:36:54.263   603   762 D APM::AudioOutputDescriptor: stop, profile name: primary out,  curActiveCount: 0
05-26 15:36:54.386  2340  2646 I chatty  : uid=10039(com.huawei.HwMultiScreenShot) pool-2-thread-1 expire 2 lines
05-26 15:36:54.389 16635 16654 I chatty  : uid=10017(com.android.gallery3d) expire 6 lines
05-26 15:36:54.417  3839 15862 I DataSrv-9.2.0.301-O-0420-16:37-VSimDynamicBroadcastReceiver: reveive broadcast:android.intent.action.USER_PRESENT
05-26 15:36:54.417  3839 15862 I DataSrv-9.2.0.301-O-0420-16:37-BusinessAsyncExecutor: processBroadcast
05-26 15:36:54.417  3839 15862 I DataSrv-9.2.0.301-O-0420-16:37-BusinessAsyncExecutor: processBroadcast do
05-26 15:36:54.419  1306  1466 I chatty  : uid=1000(system) HeartBeatHandle expire 9 lines
05-26 15:36:54.440   683  2378 D iTouchService: itouch currentPackageName=com.tencent.mobileqq
05-26 15:36:54.441   683  2378 D iTouchService: itouch appType=0 appState=1 gameMode=1
05-26 15:36:54.441   683  2378 D iTouchService: itouch getCurrentParmID tempPkg=com.tencent.xxx
05-26 15:36:54.441   683  2378 D iTouchService: itouch:app com.tencent.mobileqq is  not game app
05-26 15:36:54.441   683  2378 D iTouchService: itouch:game_switch is disable
05-26 15:36:54.441   683  2378 D iTouchService: itouch:styluspen_switch is disable
05-26 15:36:54.441   683  2378 D iTouchService: itouch:currentAppTypeName =|IM|
05-26 15:36:54.455 24009 24009 D Mms_TX_NOTIFY: Get no-perm notification callback android.intent.action.USER_PRESENT
05-26 15:36:54.455 13635 13635 D HwKeyguardManagerImpl: isLockScreenDisabled HwKeyguardManagerImpl result = false
05-26 15:36:54.456  4964  4964 E BrcmNfcJni: nfcManager_doSetScreenOrPowerState: Enter with state: 8
05-26 15:36:54.456  4964  4964 D BrcmNfcJni: nfcManager_doSetScreenState: Enter state = 8
05-26 15:36:54.456  4964  4964 D BrcmNfcJni: transactionAttempt: Transaction attempted : 15 when barrier is: 1
05-26 15:36:54.456  4964  4964 D BrcmNfcJni: transactionLiveLockable: Performing check for long duration transaction
05-26 15:36:54.456  4964  4964 D BrcmNfcJni: transactionAttempt: Transaction granted : 15 
05-26 15:36:54.456  4964  4964 D BrcmNfcJni: transactionAttempt: Transaction granted : 15 and barrier is: 0
05-26 15:36:54.456  4964  4964 D BrcmNfcJni: SetScreenState start.
05-26 15:36:54.456  4964  4964 D BrcmNfcJni: startRfDiscovery: start, is start=0
05-26 15:36:54.456  4964  4964 I BrcmNfcNfa: NFA_StopRfDiscovery ()
05-26 15:36:54.457  4964  5204 I BrcmNfcNfa: NFA got event 0x0110
05-26 15:36:54.457  4964  5204 I BrcmNfcNfa: nfa_dm_evt_hdlr event: NFA_DM_API_STOP_RF_DISCOVERY_EVT (0x10)
05-26 15:36:54.457  4964  5204 I BrcmNfcNfa: nfa_dm_act_stop_rf_discovery ()
05-26 15:36:54.457  4964  5204 I BrcmNfcNfa: nfa_dm_rf_deactivate () deactivate_type:0x0 nfa_dm_cb.disc_cb.disc_state=0x1,nfa_dm_cb.disc_cb.activated_protocol=0xff, nfa_dm_cb.disc_cb.kovio_tle.in_use=0x0
05-26 15:36:54.458  4964  5204 I BrcmNfcNfa: nfa_dm_disc_sm_execute (): state: DISCOVERY (1), event: DEACTIVATE_CMD(6) disc_flags: 0x2
05-26 15:36:54.458  4964  5204 I BrcmNfcNfa: NFC_Deactivate 4 (IDLE) deactivate_type:0
05-26 15:36:54.458  4964  5204 I BrcmNfcNfa: nfc_ncif_send_cmd()
05-26 15:36:54.458  4964  5204 I BrcmNfcNfa: nfc_ncif_check_cmd_queue : Writing to HAL...
05-26 15:36:54.458  4964  5204 I BrcmNfcNfa: nfc_ncif_check_cmd_queue : cmd_size:1
05-26 15:36:54.458  4964  5204 D NfcAdaptation: NfcAdaptation::HalWrite
05-26 15:36:54.459   591   591 D NxpExtns: find found MIFARE_READER_ENABLE=(0x1)
05-26 15:36:54.460  5925  5925 D HiBoard_k: receive screen state:android.intent.action.USER_PRESENT
05-26 15:36:54.460   591  5229 D NxpTml  : PN54X - Write requested.....
05-26 15:36:54.460   591  5229 D NxpTml  : PN54X - Invoking I2C Write.....
05-26 15:36:54.464  9850  9850 I [10.4.0.305]HiCloud.SyncObserverService: action user present
05-26 15:36:54.472  3839  3839 I DataSrv-9.2.0.301-O-0420-16:37-VSimService: onStartCommand
05-26 15:36:54.472  5925  5925 D HiBoard_k: checkScreenState screen available: true
05-26 15:36:54.474   591  5229 D NxpTml  : PN54X - I2C Write successful.....
05-26 15:36:54.474   591  5229 D NxpTml  : PN54X - Posting Fresh Write message.....
05-26 15:36:54.474   591  5229 D NxpTml  : PN54X - Tml Writer Thread Running................
05-26 15:36:54.475  3839  3919 I DataSrv-9.2.0.301-O-0420-16:37-VSimService: type: 2, android.intent.action.USER_PRESENT
05-26 15:36:54.475   591  5231 D NxpHal  : write successful status = 0x0
05-26 15:36:54.475  3839  3919 W DataSrv-9.2.0.301-O-0420-16:37-VSimService: no matched type
05-26 15:36:54.476  3839 15872 I DataSrv-9.2.0.301-O-0420-16:37-Dispatcher: notify event start: 27
05-26 15:36:54.476  3839 15872 I DataSrv-9.2.0.301-O-0420-16:37-IntelligentAlertFlow: handle event 27
05-26 15:36:54.476  3839 15872 I DataSrv-9.2.0.301-O-0420-16:37-ResidentNotifyFlow: handleEvent:27
05-26 15:36:54.476  3839 15872 I DataSrv-9.2.0.301-O-0420-16:37-ArrivalPreOutboundNotiFlow: handleEvent:27
05-26 15:36:54.477  3839 15872 I DataSrv-9.2.0.301-O-0420-16:37-ArrivalPreOutboundNotiFlow: handleEvent, User Present
05-26 15:36:54.477  3839 15872 I DataSrv-9.2.0.301-O-0420-16:37-ArrivalPreOutboundNotiFlow: screen locked, notification canceled
05-26 15:36:54.478  3839 15872 I DataSrv-9.2.0.301-O-0420-16:37-OverseaPredicationFlow: handleEvent:27
05-26 15:36:54.478  3839 15872 I DataSrv-9.2.0.301-O-0420-16:37-OverseaPredicationFlow: handleEvent, User Present
05-26 15:36:54.478  5016 16524 D WorkSource: Insert in WorkSource{} @ 0 uid 10099 name com.google.android.gms
05-26 15:36:54.478  3839 15872 I DataSrv-9.2.0.301-O-0420-16:37-OverseaPredicationFlow: screen locked, notification canceled
05-26 15:36:54.478  3839  3872 I DataSrv-9.2.0.301-O-0420-16:37-ResidentNotifyFlow: handleMessage:27
05-26 15:36:54.478  3839 15872 I DataSrv-9.2.0.301-O-0420-16:37-DialogScreenLock: user present, notification : Cache{dialogId=-1, notificationId=-1}
05-26 15:36:54.478  3839  3872 I DataSrv-9.2.0.301-O-0420-16:37-ResidentNotifyFlow: runAlert, start isForceShow:false ,event:27
05-26 15:36:54.478  3839  3872 I DataSrv-9.2.0.301-O-0420-16:37-ResidentNotifyFlow: closed, clear the info.
05-26 15:36:54.479  3839  3872 I DataSrv-9.2.0.301-O-0420-16:37-VSimPackageUtils: isUiApkInstalled begin.
05-26 15:36:54.479  4964  5204 I BrcmNfcNfa: nfa_dm_disc_sm_execute (): new state: DISCOVERY (1), disc_flags: 0x22
05-26 15:36:54.479  4964  5204 I BrcmNfcNfa: nfa_sys_ptim_stop_timer c9d7e038
05-26 15:36:54.479  4964  5204 I BrcmNfcNfa: ptim timer stop
05-26 15:36:54.479  4964  5204 I BrcmNfcNfa: Stopped presence check timer (if started)
05-26 15:36:54.483  3839  3872 I DataSrv-9.2.0.301-O-0420-16:37-BackgroundServiceSwitch: isAllowBackgroundService(), allow-background-service: true
05-26 15:36:54.483  3839  3872 I DataSrv-9.2.0.301-O-0420-16:37-TaInterface: getStrategyFlag
05-26 15:36:54.485   591  5228 D NxpTml  : PN54X - I2C Read successful.....len = 4
05-26 15:36:54.485   591  5228 D NxpTml  : PN54X - Posting read message.....
05-26 15:36:54.486   591  5231 D NxpHal  : read successful status = 0x0
05-26 15:36:54.486  4964  5204 I BrcmNfcNfa: NFC received rsp gid:1
05-26 15:36:54.486  4964  5204 I BrcmNfcNfa: P2P_Prio_Logic
05-26 15:36:54.486  4964  5204 I BrcmNfcNfa: nfa_dm_p2p_prio_logic event_type = 0x1
05-26 15:36:54.486  4964  5204 I BrcmNfcNfa: returning true
05-26 15:36:54.486  4964  5204 I BrcmNfcNfa: nfc_set_state 4 (IDLE)->4 (IDLE)
05-26 15:36:54.486  4964  5204 I BrcmNfcNfa: nfa_dm_disc_data_cback ()
05-26 15:36:54.486  4964  5204 I BrcmNfcNfa: nfa_dm_disc_discovery_cback (): event:0x4005
05-26 15:36:54.486  4964  5204 I BrcmNfcNfa: nfa_dm_disc_sm_execute (): state: DISCOVERY (1), event: DEACTIVATE_RSP(7) disc_flags: 0x22
05-26 15:36:54.486  4964  5204 I BrcmNfcNfa: nfa_dm_disc_new_state (): old_state: DISCOVERY (1), new_state: IDLE (0) disc_flags: 0x2
05-26 15:36:54.486  4964  5204 I BrcmNfcJni: nfaConnectionCallback: Connection Event = 31
05-26 15:36:54.486  4964  5204 I BrcmNfcJni: nfaConnectionCallback: NFA_RF_DISCOVERY_STOPPED_EVT: status = 0x0
05-26 15:36:54.486  4964  5204 D BrcmNfcJni: notifyPollingEventwhileNfcOff: sDiscCmdwhleNfcOff=0
05-26 15:36:54.486  4964  5204 D BrcmNfcJni: getReconnectState = 0x0
05-26 15:36:54.486  4964  5204 I BrcmNfcNfa: nfa_dm_start_rf_discover (): enter
05-26 15:36:54.486  4964  5204 I BrcmNfcNfa: nfa_dm_start_rf_discover (): return
05-26 15:36:54.487  4964  5204 I BrcmNfcNfa: nfa_dm_disc_sm_execute (): new state: IDLE (0), disc_flags: 0x0
05-26 15:36:54.488  4964  4964 D BrcmNfcJni: startRfDiscovery: is exit=0
05-26 15:36:54.488  4964  4964 D BrcmNfcJni: SetScreenState: enter
05-26 15:36:54.489  4964  4964 D BrcmNfcJni: Screen ON-Unlocked
05-26 15:36:54.489  4964  4964 D BrcmNfcJni: SetScreenState: Success NFA_SendRawVsCommand
05-26 15:36:54.490  2960  3661 I         : DPTEST  EventId is not need Hash
05-26 15:36:54.490  4964  5204 I BrcmNfcNfa: NFA got event 0x011C
05-26 15:36:54.490  4964  5204 I BrcmNfcNfa: nfa_dm_evt_hdlr event: Unknown or Vendor Specific (0x1c)
05-26 15:36:54.490  4964  5204 I BrcmNfcNfa: nfc_ncif_check_cmd_queue : Writing to HAL...
05-26 15:36:54.490  4964  5204 I BrcmNfcNfa: nfc_ncif_check_cmd_queue : cmd_size:1
05-26 15:36:54.490  4964  5204 D NfcAdaptation: NfcAdaptation::HalWrite
05-26 15:36:54.492   591   591 D NxpExtns: find found MIFARE_READER_ENABLE=(0x1)
05-26 15:36:54.495   591  5229 D NxpTml  : PN54X - Write requested.....
05-26 15:36:54.495   591  5229 D NxpTml  : PN54X - Invoking I2C Write.....
05-26 15:36:54.497   591  5229 D NxpTml  : PN54X - I2C Write successful.....
05-26 15:36:54.497   591  5229 D NxpTml  : PN54X - Posting Fresh Write message.....
05-26 15:36:54.497   591  5229 D NxpTml  : PN54X - Tml Writer Thread Running................
05-26 15:36:54.497   591  5231 D NxpHal  : write successful status = 0x0
05-26 15:36:54.501   591  5228 D NxpTml  : PN54X - Read requested.....
05-26 15:36:54.501   591  5228 D NxpTml  : PN54X - Invoking I2C Read.....
05-26 15:36:54.501   591  5228 D NxpTml  : PN54X - I2C Read successful.....len = 4
05-26 15:36:54.502   591  5228 D NxpTml  : PN54X - Posting read message.....
05-26 15:36:54.502   591  5231 D NxpHal  : read successful status = 0x0
05-26 15:36:54.502   591  5228 D NxpTml  : PN54X - Read requested.....
05-26 15:36:54.502   591  5228 D NxpTml  : PN54X - Invoking I2C Read.....
05-26 15:36:54.509 13635 13708 E HSM_Install_BG: TrafficNotifyAfterLocked:screen notification will not notify
05-26 15:36:54.509  4964  5204 I BrcmNfcNfa: nfc_ncif_proc_proprietary_rsp: mt=2, gid=15, oid=21
05-26 15:36:54.509  4964  5204 I BrcmNfcNfa: nfc_ncif_proc_proprietary_rsp: exit status=1
05-26 15:36:54.509  4964  5204 D BrcmNfcJni: NxpResponse_SetDhlf_Cb Received length data = 0x4 status = 0x0
05-26 15:36:54.510  4964  4964 D BrcmNfcJni: Start RF discovery
05-26 15:36:54.511  4964  4964 D BrcmNfcJni: startRfDiscovery: start, is start=1
05-26 15:36:54.511  4964  4964 I BrcmNfcNfa: NFA_StartRfDiscovery ()
05-26 15:36:54.511  4964  5204 I BrcmNfcNfa: NFA got event 0x010F
05-26 15:36:54.511  4964  5204 I BrcmNfcNfa: nfa_dm_evt_hdlr event: NFA_DM_API_START_RF_DISCOVERY_EVT (0x0f)
05-26 15:36:54.511  4964  5204 I BrcmNfcNfa: nfa_dm_act_start_rf_discovery ()
05-26 15:36:54.511  4964  5204 I BrcmNfcNfa: nfa_dm_start_rf_discover (): enter
05-26 15:36:54.511  4964  5204 I BrcmNfcNfa: nfa_ee_get_tech_route(): power state : 1
05-26 15:36:54.511  4964  5204 I BrcmNfcNfa: TechA route: 0xc0, TechB route: 0x0, TechF route: 0x0, TechB' route: 0x0
05-26 15:36:54.511  4964  5204 I BrcmNfcNfa: requested_disc_mask = 0x140000, xx=0
05-26 15:36:54.511  4964  5204 I BrcmNfcNfa: poll_mask=0x0 listen_mask=0x0
05-26 15:36:54.511  4964  5204 I BrcmNfcNfa: listen_mask value after NFC-A = 0x40000
05-26 15:36:54.511  4964  5204 I BrcmNfcNfa: listen_mask value after NFC-B = 0x140000
05-26 15:36:54.511  4964  5204 I BrcmNfcNfa: listen_mask value after NFC-F = 0x140000
05-26 15:36:54.511  4964  5204 I BrcmNfcNfa: listen_mask value after NFC-B Prime = 0x140000
05-26 15:36:54.511  4964  5204 I BrcmNfcNfa: dm_disc_mask = 0x0
05-26 15:36:54.511  4964  5204 I BrcmNfcNfa: listen_mask value after T1T and T2T = 0x140000
05-26 15:36:54.511  4964  5204 I BrcmNfcNfa: listen_mask value after NFC-DEP = 0x140000
05-26 15:36:54.511  4964  5204 D NfcAdaptation: getNodeNumValue get node /sys/nfc/nfc_wired_ese_type with value: 2!
05-26 15:36:54.511  4964  5204 I BrcmNfcNfa: override_enableflag - 1
05-26 15:36:54.511  4964  5204 I BrcmNfcNfa: override_listentech - 0
05-26 15:36:54.511  4964  5204 I BrcmNfcNfa: listen_mask - 0x200000
05-26 15:36:54.511  4964  5204 I BrcmNfcNfa: nfa_dm_cb.disc_cb.entry[0].selected_disc_mask = 0x200000
05-26 15:36:54.511  4964  5204 I BrcmNfcNfa: selected dm_disc_mask 0x200000 for entry[0]
05-26 15:36:54.511  4964  5204 I BrcmNfcNfa: requested_disc_mask = 0x340000, xx=1
05-26 15:36:54.511  4964  5204 I BrcmNfcNfa: poll_mask=0x0 listen_mask=0x0
05-26 15:36:54.511  4964  5204 I BrcmNfcNfa: listen_mask value after NFC-A = 0x40000
05-26 15:36:54.511  4964  5204 I BrcmNfcNfa: listen_mask value after NFC-B = 0x140000
05-26 15:36:54.511  4964  5204 I BrcmNfcNfa: listen_mask value after NFC-F = 0x340000
05-26 15:36:54.511  4964  5204 I BrcmNfcNfa: listen_mask value after NFC-B Prime = 0x340000
05-26 15:36:54.511  4964  5204 I BrcmNfcNfa: dm_disc_mask = 0x200000
05-26 15:36:54.512  4964  5204 I BrcmNfcNfa: listen_mask value after T1T and T2T = 0x340000
05-26 15:36:54.512  4964  5204 I BrcmNfcNfa: listen_mask value after NFC-DEP = 0x340000
05-26 15:36:54.512  4964  5204 D NfcAdaptation: getNodeNumValue get node /sys/nfc/nfc_wired_ese_type with value: 2!
05-26 15:36:54.512  4964  5204 I BrcmNfcNfa: override_enableflag - 1
05-26 15:36:54.512  4964  5204 I BrcmNfcNfa: override_listentech - 0
05-26 15:36:54.512  4964  5204 I BrcmNfcNfa: listen_mask - 0x200000
05-26 15:36:54.512  4964  5204 I BrcmNfcNfa: nfa_dm_cb.disc_cb.entry[1].selected_disc_mask = 0x200000
05-26 15:36:54.512  4964  5204 I BrcmNfcNfa: selected dm_disc_mask 0x200000 for entry[1]
05-26 15:36:54.512  4964  5204 I BrcmNfcNfa: dm_disc_mask calculated finally for discovery: 0x200000
05-26 15:36:54.513  4964  5204 D NfcAdaptation: find found NXP_FWD_FUNCTIONALITY_ENABLE=(0x0)
05-26 15:36:54.520  4964  5204 D NfcAdaptation: find found HOST_LISTEN_TECH_MASK=(0x7)
05-26 15:36:54.520  4964  5204 I BrcmNfcNfa: nfa_dm_start_rf_discover:HOST_LISTEN_TECH_MASK = 0x07;
05-26 15:36:54.520  4964  5204 D NfcAdaptation: find found UICC_LISTEN_TECH_MASK=(0x7)
05-26 15:36:54.520  4964  5204 I BrcmNfcNfa: nfa_dm_start_rf_discover:UICC_LISTEN_TECH_MASK = 0x07;
05-26 15:36:54.520  4964  5204 D NfcAdaptation: find found P2P_LISTEN_TECH_MASK=(0xC4)
05-26 15:36:54.520  4964  5204 I BrcmNfcNfa: nfa_dm_start_rf_discover:P2P_LISTEN_TECH_MASK = 0x0C4;
05-26 15:36:54.520  4964  5204 I BrcmNfcNfa: nfa_ee_find_ecb ()
05-26 15:36:54.520  4964  5204 I BrcmNfcNfa: Cannot find cb for given nfcee_id: 0x2
05-26 15:36:54.520  4964  5204 I BrcmNfcNfa: supported tech list is 0x00 for given nfcee_id: 0x2 
05-26 15:36:54.520  4964  5204 I BrcmNfcNfa: dm_disc_mask before masking = 0x200000
05-26 15:36:54.520  4964  5204 I BrcmNfcNfa: dm_disc_mask after masking = 0x200000
05-26 15:36:54.520  4964  5204 I BrcmNfcNfa: nfa_dm_get_rf_discover_config : dm_disc_mask = 0x00200000
05-26 15:36:54.520  4964  5204 I BrcmNfcNfa: nfa_dm_get_rf_discover_config () removing active listen A/B 0x200000
05-26 15:36:54.520  4964  5204 I BrcmNfcNfa: nfa_dm_set_listen_mode_set_configs : tech_proto_mask = 0x00200000
05-26 15:36:54.520  4964  5204 D NfcAdaptation: find found HOST_LISTEN_TECH_MASK=(0x7)
05-26 15:36:54.520  4964  5204 I BrcmNfcNfa: nfa_dm_set_listen_mode_set_configs : HOST_LISTEN_TECH_MASK = 0x07;
05-26 15:36:54.520  4964  5204 I BrcmNfcNfa: nfa_dm_set_listen_mode_set_configs : LA_SEL_INFO = 0x0;
05-26 15:36:54.520  4964  5204 I BrcmNfcNfa: nfa_dm_set_listen_mode_set_configs : LB_SENSB_INFO = 0x0;
05-26 15:36:54.520  4964  5204 I BrcmNfcNfa: nfa_dm_set_listen_mode_set_configs : LF_PROTOCOL_TYPE = 0x0;
05-26 15:36:54.520  4964  5204 I BrcmNfcNfa: nfa_dm_check_set_config () tlv_len=9
05-26 15:36:54.520  4964  5204 I BrcmNfcNfa: nfa_dm_set_total_duration ()
05-26 15:36:54.521  4964  5204 I BrcmNfcNfa: nfa_dm_check_set_config () tlv_len=4
05-26 15:36:54.521  4964  5204 I BrcmNfcNfa: NFC_DiscoveryStart
05-26 15:36:54.521  4964  5204 D NfcAdaptation: NfcAdaptation::HalPrediscover
05-26 15:36:54.521  4964  5204 I BrcmNfcNfa: nfc_ncif_send_cmd()
05-26 15:36:54.521  4964  5204 I BrcmNfcNfa: nfc_ncif_check_cmd_queue : Writing to HAL...
05-26 15:36:54.521  4964  5204 I BrcmNfcNfa: nfc_ncif_check_cmd_queue : cmd_size:3
05-26 15:36:54.521  4964  5204 D NfcAdaptation: NfcAdaptation::HalWrite
05-26 15:36:54.521   591   591 D NxpExtns: find found MIFARE_READER_ENABLE=(0x1)
05-26 15:36:54.521   591   591 D NxpHal  : > Polling Loop Started
05-26 15:36:54.521   591  5229 D NxpTml  : PN54X - Write requested.....
05-26 15:36:54.521   591  5229 D NxpTml  : PN54X - Invoking I2C Write.....
05-26 15:36:54.522   591  5229 D NxpTml  : PN54X - I2C Write successful.....
05-26 15:36:54.522   591  5229 D NxpTml  : PN54X - Posting Fresh Write message.....
05-26 15:36:54.522   591  5229 D NxpTml  : PN54X - Tml Writer Thread Running................
05-26 15:36:54.522   591  5231 D NxpHal  : write successful status = 0x0
05-26 15:36:54.523  4964  5204 I BrcmNfcNfa: NFC_DiscoveryStart status: 0xe3
05-26 15:36:54.523   591  5228 D NxpTml  : PN54X - I2C Read successful.....len = 4
05-26 15:36:54.523   591  5228 D NxpTml  : PN54X - Posting read message.....
05-26 15:36:54.523   591  5231 D NxpHal  : read successful status = 0x0
05-26 15:36:54.524   591  5228 D NxpTml  : PN54X - Read requested.....
05-26 15:36:54.524  4964  5204 I BrcmNfcNfa: NFC received rsp gid:1
05-26 15:36:54.524   591  5228 D NxpTml  : PN54X - Invoking I2C Read.....
05-26 15:36:54.524  4964  5204 I BrcmNfcNfa: returning true
05-26 15:36:54.524  4964  5204 I BrcmNfcNfa: nfa_dm_disc_discovery_cback (): event:0x4000
05-26 15:36:54.524  4964  5204 I BrcmNfcNfa: nfa_dm_disc_sm_execute (): state: IDLE (0), event: DISCOVER_RSP(1) disc_flags: 0x31
05-26 15:36:54.524  4964  5204 I BrcmNfcNfa: nfa_dm_disc_new_state (): old_state: IDLE (0), new_state: DISCOVERY (1) disc_flags: 0x11
05-26 15:36:54.524  4964  5204 I BrcmNfcJni: nfaConnectionCallback: Connection Event = 30
05-26 15:36:54.524  4964  5204 D BrcmNfcJni: nfaConnectionCallback: NFA_RF_DISCOVERY_STARTED_EVT: status = 0x0
05-26 15:36:54.525  4964  4964 D BrcmNfcJni: startRfDiscovery: is exit=1
05-26 15:36:54.525  4964  4964 D BrcmNfcJni: StoreScreenState: enter
05-26 15:36:54.525  4964  4964 I BrcmNfcNfa: nfc_ncif_storeScreenState gScreenState : 8
05-26 15:36:54.525  4964  4964 D BrcmNfcJni: StoreScreenState: exit
05-26 15:36:54.525  4964  4964 D BrcmNfcJni: nfcManager_doSetScreenState: auto_num : 0  sAutonomousSet : 0  sRfFieldOff : 1
05-26 15:36:54.525  4964  4964 D BrcmNfcJni: Not sending AUTONOMOUS command state is 8
05-26 15:36:54.525  4964  4964 D BrcmNfcJni: transactionEnd: Transaction control timer killed
05-26 15:36:54.525  4964  4964 D BrcmNfcJni: transactionEnd: Transaction ended : 15 
05-26 15:36:54.525  4964  4964 D BrcmNfcJni: nfcManager_doSetScreenState: Exit
05-26 15:36:54.526  4964  5204 I BrcmNfcNfa: nfa_dm_disc_sm_execute (): new state: DISCOVERY (1), disc_flags: 0x1
05-26 15:36:54.544  1306  1326 I chatty  : uid=1000(system) HwActivityManag expire 2 lines
05-26 15:36:54.546  5925  5925 I HiBoard_Workspace: onWindowVisibilityChanged?0 isOverlayClosed:true
05-26 15:36:54.546  5925  5925 I HiBoard_MainView: onWindowVisibilityChanged?0 isOverlayClosed:true
05-26 15:36:54.546  5925  5925 I HiBoard_FlowLayout: onWindowVisibilityChanged?0 isOverlayClosed:true
05-26 15:36:54.549  1306  2218 I chatty  : uid=1000(system) WifiP2pService expire 3 lines
05-26 15:36:54.552   726   726 I vendor.huawei.hardware.biometrics.fingerprint@2.1-service: BiometricsFingerprint::sendCmdToHal 63 
05-26 15:36:54.553   726   726 I FingerprintDevice: FingerprintDevice::sendCmdToHal 63 
05-26 15:36:54.553   726   726 E fpc_fingerprint_hal: [virtual_socket_server] not found cmd=63
05-26 15:36:54.553   726   726 I FingerprintDevice: FingerprintDevice::sendCmdToHal ret -22 
05-26 15:36:54.557  2612 19781 D Activity: pivotX = 672.0, pivotY = 764.0, iconWidth = 180, iconHeight = 180, iconWidth = 180, flag = 0
05-26 15:36:54.571  1306  1329 V WindowManager: Checking 1 opening apps (frozen=false timeout=false), Track: updateconfig performsurface
05-26 15:36:54.571  1306  1329 V WindowManager: Check opening app=AppWindowToken{2c315af token=Token{5cdd98e ActivityRecord{901d589 u0 com.huawei.android.launcher/.unihome.UniHomeLauncher t1}}}: allDrawn=false startingDisplayed=false startingMoved=false isRelaunching()=false startingWindow=null
05-26 15:36:54.572  1306  1329 W Looper  : Slow dispatch took 155ms android.ui h=com.android.server.policy.PhoneWindowManager$PolicyHandler c=com.android.server.policy.-$$Lambda$PhoneWindowManager$14$BoOeOHeJpJnJexDq9S0FNcstRfE@5fb0939 m=0
05-26 15:36:54.572  4964  4964 D BrcmNfcJni: nfcManager_enableDiscovery: enter
05-26 15:36:54.572  4964  4964 D BrcmNfcJni: transactionAttempt: Transaction attempted : 8 when barrier is: 1
05-26 15:36:54.572  4964  4964 D BrcmNfcJni: transactionLiveLockable: Performing check for long duration transaction
05-26 15:36:54.572  4964  4964 D BrcmNfcJni: transactionAttempt: Transaction granted : 8 
05-26 15:36:54.572  4964  4964 D BrcmNfcJni: transactionAttempt: Transaction granted : 8 and barrier is: 0
05-26 15:36:54.572  4964  4964 D BrcmNfcJni: nfcManager_enableDiscovery: enter; tech_mask = ef
05-26 15:36:54.572  4964  4964 D BrcmNfcJni: nfcManager_enableDiscovery: sIsSecElemSelected=1
05-26 15:36:54.572  4964  4964 D BrcmNfcJni: PowerSwitch::setLevel: level=PS-FULL (1)
05-26 15:36:54.572  4964  4964 D BrcmNfcJni: startRfDiscovery: start, is start=0
05-26 15:36:54.572  4964  4964 I BrcmNfcNfa: NFA_StopRfDiscovery ()
05-26 15:36:54.572  4964  5204 I BrcmNfcNfa: NFA got event 0x0110
05-26 15:36:54.572  4964  5204 I BrcmNfcNfa: nfa_dm_evt_hdlr event: NFA_DM_API_STOP_RF_DISCOVERY_EVT (0x10)
05-26 15:36:54.572  4964  5204 I BrcmNfcNfa: nfa_dm_act_stop_rf_discovery ()
05-26 15:36:54.572  4964  5204 I BrcmNfcNfa: nfa_dm_rf_deactivate () deactivate_type:0x0 nfa_dm_cb.disc_cb.disc_state=0x1,nfa_dm_cb.disc_cb.activated_protocol=0xff, nfa_dm_cb.disc_cb.kovio_tle.in_use=0x0
05-26 15:36:54.572  4964  5204 I BrcmNfcNfa: nfa_dm_disc_sm_execute (): state: DISCOVERY (1), event: DEACTIVATE_CMD(6) disc_flags: 0x2
05-26 15:36:54.572  4964  5204 I BrcmNfcNfa: NFC_Deactivate 4 (IDLE) deactivate_type:0
05-26 15:36:54.572  4964  5204 I BrcmNfcNfa: nfc_ncif_send_cmd()
05-26 15:36:54.572  4964  5204 I BrcmNfcNfa: nfc_ncif_check_cmd_queue : Writing to HAL...
05-26 15:36:54.572  4964  5204 I BrcmNfcNfa: nfc_ncif_check_cmd_queue : cmd_size:1
05-26 15:36:54.572  4964  5204 D NfcAdaptation: NfcAdaptation::HalWrite
05-26 15:36:54.572   591   591 D NxpExtns: find found MIFARE_READER_ENABLE=(0x1)
05-26 15:36:54.573   591  5229 D NxpTml  : PN54X - Write requested.....
05-26 15:36:54.573   591  5229 D NxpTml  : PN54X - Invoking I2C Write.....
05-26 15:36:54.573  2583  3548 I chatty  : uid=1000(system) GameSdkManagerT expire 1 line
05-26 15:36:54.573  1306  1447 V WindowManager: Checking 1 opening apps (frozen=false timeout=false), Track:  performsurface
05-26 15:36:54.573  1306  1447 V WindowManager: Check opening app=AppWindowToken{2c315af token=Token{5cdd98e ActivityRecord{901d589 u0 com.huawei.android.launcher/.unihome.UniHomeLauncher t1}}}: allDrawn=false startingDisplayed=false startingMoved=false isRelaunching()=false startingWindow=null
05-26 15:36:54.573   591  5229 D NxpTml  : PN54X - I2C Write successful.....
05-26 15:36:54.573   591  5229 D NxpTml  : PN54X - Posting Fresh Write message.....
05-26 15:36:54.573   591  5229 D NxpTml  : PN54X - Tml Writer Thread Running................
05-26 15:36:54.573   591  5231 D NxpHal  : write successful status = 0x0
05-26 15:36:54.573  1306  6484 I ActivityManager: moveTaskToBack: TaskRecord{3c87b7e #28175 A=com.tencent.mobileqq U=0 StackId=114 sz=1}
05-26 15:36:54.574  4964  5204 I BrcmNfcNfa: nfa_dm_disc_sm_execute (): new state: DISCOVERY (1), disc_flags: 0x22
05-26 15:36:54.574  4964  5204 I BrcmNfcNfa: nfa_sys_ptim_stop_timer c9d7e038
05-26 15:36:54.574  4964  5204 I BrcmNfcNfa: ptim timer stop
05-26 15:36:54.574  4964  5204 I BrcmNfcNfa: Stopped presence check timer (if started)
05-26 15:36:54.574  2528 28072 I BoosterSwitchP: notifyUidState do nothing
05-26 15:36:54.574  2528 28072 I DeepNoDisturbP: notifyUidState
05-26 15:36:54.574  2528 28072 I HidataAppQoeP: notifyUidState
05-26 15:36:54.574  2528 28072 I BrowserChrP: notifyUidState
05-26 15:36:54.574   591  5228 D NxpTml  : PN54X - I2C Read successful.....len = 4
05-26 15:36:54.574   591  5228 D NxpTml  : PN54X - Posting read message.....
05-26 15:36:54.574   591  5231 D NxpHal  : read successful status = 0x0
05-26 15:36:54.575  4964  5204 I BrcmNfcNfa: NFC received rsp gid:1
05-26 15:36:54.575  4964  5204 I BrcmNfcNfa: P2P_Prio_Logic
05-26 15:36:54.575  4964  5204 I BrcmNfcNfa: nfa_dm_p2p_prio_logic event_type = 0x1
05-26 15:36:54.575  4964  5204 I BrcmNfcNfa: returning true
05-26 15:36:54.575  4964  5204 I BrcmNfcNfa: nfc_set_state 4 (IDLE)->4 (IDLE)
05-26 15:36:54.575  4964  5204 I BrcmNfcNfa: nfa_dm_disc_data_cback ()
05-26 15:36:54.575  4964  5204 I BrcmNfcNfa: nfa_dm_disc_discovery_cback (): event:0x4005
05-26 15:36:54.575  4964  5204 I BrcmNfcNfa: nfa_dm_disc_sm_execute (): state: DISCOVERY (1), event: DEACTIVATE_RSP(7) disc_flags: 0x22
05-26 15:36:54.575  4964  5204 I BrcmNfcNfa: nfa_dm_disc_new_state (): old_state: DISCOVERY (1), new_state: IDLE (0) disc_flags: 0x2
05-26 15:36:54.575  4964  5204 I BrcmNfcJni: nfaConnectionCallback: Connection Event = 31
05-26 15:36:54.575  4964  5204 I BrcmNfcJni: nfaConnectionCallback: NFA_RF_DISCOVERY_STOPPED_EVT: status = 0x0
05-26 15:36:54.575  4964  5204 D BrcmNfcJni: notifyPollingEventwhileNfcOff: sDiscCmdwhleNfcOff=0
05-26 15:36:54.575  4964  5204 D BrcmNfcJni: getReconnectState = 0x0
05-26 15:36:54.575  4964  5204 I BrcmNfcNfa: nfa_dm_start_rf_discover (): enter
05-26 15:36:54.575  4964  5204 I BrcmNfcNfa: nfa_dm_start_rf_discover (): return
05-26 15:36:54.575  4964  5204 I BrcmNfcNfa: nfa_dm_disc_sm_execute (): new state: IDLE (0), disc_flags: 0x0
05-26 15:36:54.575  4964  4964 D BrcmNfcJni: startRfDiscovery: is exit=0
05-26 15:36:54.575  4964  4964 D NfcAdaptation: find found UICC_LISTEN_TECH_MASK=(0x7)
05-26 15:36:54.575  4964  4964 D BrcmNfcJni: nfcManager_enableDiscovery:UICC_LISTEN_MASK=0x07;
05-26 15:36:54.575  4964  4964 D BrcmNfcJni: nfcManager_enableDiscovery: Disable p2pListening
05-26 15:36:54.575  4964  4964 D BrcmNfcJni: PeerToPeer::enableP2pListening: enter isEnable: 0  mIsP2pListening: 0
05-26 15:36:54.575  4964  4964 D BrcmNfcJni: PeerToPeer::enableP2pListening: exit; mIsP2pListening: 0
05-26 15:36:54.575  4964  4964 D BrcmNfcJni: nativeNfcTag_acquireRfInterfaceMutexLock: try to acquire lock
05-26 15:36:54.575  4964  4964 D BrcmNfcJni: nativeNfcTag_acquireRfInterfaceMutexLock: sRfInterfaceMutex lock
05-26 15:36:54.575  4964  4964 D BrcmNfcJni: stopPolling_rfDiscoveryDisabled: disable polling
05-26 15:36:54.575  4964  4964 I BrcmNfcNfa: NFA_DisablePolling ()
05-26 15:36:54.575  4964  5204 I BrcmNfcNfa: NFA got event 0x0107
05-26 15:36:54.575  4964  5204 I BrcmNfcNfa: nfa_dm_evt_hdlr event: NFA_DM_API_DISABLE_POLLING_EVT (0x07)
05-26 15:36:54.575  4964  5204 I BrcmNfcNfa: nfa_dm_act_disable_polling ()
05-26 15:36:54.575  4964  5204 I BrcmNfcJni: nfaConnectionCallback: Connection Event = 1
05-26 15:36:54.575  4964  5204 D BrcmNfcJni: nfaConnectionCallback: NFA_POLL_DISABLED_EVT: status = 0x3
05-26 15:36:54.575  4964  4964 D BrcmNfcJni: nativeNfcTag_releaseRfInterfaceMutexLock: sRfInterfaceMutex unlock
05-26 15:36:54.575  4964  4964 D BrcmNfcJni: stopPolling_rfDiscoveryDisabled: exit
05-26 15:36:54.575  4964  4964 D BrcmNfcJni: nativeNfcTag_acquireRfInterfaceMutexLock: try to acquire lock
05-26 15:36:54.575  4964  4964 D BrcmNfcJni: nativeNfcTag_acquireRfInterfaceMutexLock: sRfInterfaceMutex lock
05-26 15:36:54.575  4964  4964 D BrcmNfcJni: startPolling_rfDiscoveryDisabled: enable polling
05-26 15:36:54.575  4964  4964 I BrcmNfcNfa: NFA_EnablePolling () 0xEF
05-26 15:36:54.575  4964  4964 D BrcmNfcJni: startPolling_rfDiscoveryDisabled: wait for enable event
05-26 15:36:54.575  4964  5204 I BrcmNfcNfa: NFA got event 0x0106
05-26 15:36:54.575  4964  5204 I BrcmNfcNfa: nfa_dm_evt_hdlr event: NFA_DM_API_ENABLE_POLLING_EVT (0x06)
05-26 15:36:54.575  4964  5204 I BrcmNfcNfa: nfa_dm_act_enable_polling ()
05-26 15:36:54.575  4964  5204 I BrcmNfcNfa: nfa_dm_start_polling ()
05-26 15:36:54.575  4964  5204 I BrcmNfcNfa: nfa_dm_add_rf_discover ():host_id=0x0 disc_mask=0x7d7f
05-26 15:36:54.575  4964  5204 I BrcmNfcNfa: nfa_dm_add_rf_discover ():disc_mask=0x7d7f, cback entry:[2]
05-26 15:36:54.575  4964  5204 I BrcmNfcJni: nfaConnectionCallback: Connection Event = 0
05-26 15:36:54.575  4964  5204 D BrcmNfcJni: nfaConnectionCallback: NFA_POLL_ENABLED_EVT: status = 0x0
05-26 15:36:54.575  4964  4964 D BrcmNfcJni: nativeNfcTag_releaseRfInterfaceMutexLock: sRfInterfaceMutex unlock
05-26 15:36:54.575  4964  4964 D BrcmNfcJni: startPolling_rfDiscoveryDisabled: exit
05-26 15:36:54.575  4964  4964 D BrcmNfcJni: nfcManager_enableDiscovery: Enable p2pListening sxd, enable_p2p:1, sP2pEnabled:0
05-26 15:36:54.575  4964  4964 D BrcmNfcJni: PeerToPeer::enableP2pListening: enter isEnable: 1  mIsP2pListening: 0
05-26 15:36:54.575  4964  4964 I BrcmNfcNfa: NFA_P2pSetListenTech (): tech_mask:0xC4
05-26 15:36:54.575  4964  5204 I BrcmNfcNfa: NFA got event 0x010E
05-26 15:36:54.575  4964  5204 I BrcmNfcNfa: nfa_dm_evt_hdlr event: NFA_DM_API_SET_P2P_LISTEN_TECH_EVT (0x0e)
05-26 15:36:54.575  4964  5204 I BrcmNfcNfa: nfa_dm_set_p2p_listen_tech ()  tech_mask = 196
05-26 15:36:54.575  4964  5204 I BrcmNfcNfa: nfa_p2p_update_listen_tech ()  tech_mask = 0xc4
05-26 15:36:54.575  4964  5204 I BrcmNfcNfa: nfa_p2p_enable_listening () sys_id = 3, update_wks = 0
05-26 15:36:54.575  4964  5204 I BrcmNfcNfa: nfa_dm_add_rf_discover ():host_id=0x0 disc_mask=0xc400000
05-26 15:36:54.575  4964  5204 I BrcmNfcNfa: nfa_dm_add_rf_discover ():disc_mask=0xc400000, cback entry:[3]
05-26 15:36:54.575  4964  5204 I BrcmNfcJni: nfaConnectionCallback: Connection Event = 33
05-26 15:36:54.575  4964  5204 D BrcmNfcJni: nfaConnectionCallback: NFA_SET_P2P_LISTEN_TECH_EVT
05-26 15:36:54.575  4964  4964 D BrcmNfcJni: PeerToPeer::enableP2pListening: exit; mIsP2pListening: 1
05-26 15:36:54.575  4964  4964 I BrcmNfcNfa: NFA_ResumeP2p ()
05-26 15:36:54.575  4964  4964 D BrcmNfcJni: nfcManager_enableDiscovery: restart UICC listen mode (07)
05-26 15:36:54.575  4964  4964 D BrcmNfcJni: SecureElement::getEseHandleFromGenericId: enter; ESE-ID = 0x02
05-26 15:36:54.575  4964  4964 D BrcmNfcJni: SecureElement::getEseHandleFromGenericId: enter; ESE-Handle = 0x402
05-26 15:36:54.575  4964  4964 I BrcmNfcNfa: NFA_CeConfigureUiccListenTech () ee_handle = 0x402 tech_mask = 0x0
05-26 15:36:54.575  4964  5204 I BrcmNfcNfa: NFA got event 0x010C
05-26 15:36:54.575  4964  5204 I BrcmNfcNfa: nfa_dm_evt_hdlr event: NFA_DM_API_RESUME_P2P_EVT (0x0c)
05-26 15:36:54.575  4964  5204 I BrcmNfcNfa: nfa_dm_act_resume_p2p ()
05-26 15:36:54.575  4964  5204 I BrcmNfcJni: nfaConnectionCallback: Connection Event = 39
05-26 15:36:54.575  4964  5204 E BrcmNfcJni: nfaConnectionCallback: unknown event ????
05-26 15:36:54.575  4964  5204 I BrcmNfcNfa: NFA got event 0x0602
05-26 15:36:54.575  4964  5204 I BrcmNfcNfa: nfa_ce_handle_event event: NFA_CE_API_DEREG_LISTEN_EVT (0x602), flags: 00000000
05-26 15:36:54.575  4964  5204 I BrcmNfcNfa: NFA_CE: removing listen_info entry 3
05-26 15:36:54.575  4964  5204 I BrcmNfcJni: nfaConnectionCallback: Connection Event = 29
05-26 15:36:54.575  4964  5204 D BrcmNfcJni: nfaConnectionCallback: NFA_CE_UICC_LISTEN_CONFIGURED_EVT : status = 0x0
05-26 15:36:54.575  4964  5204 D BrcmNfcJni: connectionEventHandler: enter
05-26 15:36:54.575  4964  5204 D BrcmNfcJni: connectionEventHandler: exit
05-26 15:36:54.575  4964  4964 I BrcmNfcNfa: NFA_CeConfigureUiccListenTech () ee_handle = 0x402 tech_mask = 0x7
05-26 15:36:54.575  4964  5204 I BrcmNfcNfa: NFA got event 0x0601
05-26 15:36:54.575  4964  5204 I BrcmNfcNfa: nfa_ce_handle_event event: NFA_CE_API_REG_LISTEN_EVT (0x601), flags: 00000000
05-26 15:36:54.575  4964  5204 I BrcmNfcNfa: nfa_ce_api_reg_listen ():Registering UICC/ESE/Felica/Type-4 tag listener. Type=3
05-26 15:36:54.575  4964  5204 I BrcmNfcNfa: nfa_ce_api_reg_listen ():found free entry listen_info_idx = 3
05-26 15:36:54.575  4964  5204 I BrcmNfcNfa: NFA_CE: adding listen_info entry 3
05-26 15:36:54.575  4964  5204 I BrcmNfcNfa: nfa_ce_start_listening(): enter
05-26 15:36:54.575  4964  5204 E BrcmNfcNfa: UICC/ESE[0x402] is not activated
05-26 15:36:54.575  4964  5204 I BrcmNfcNfa: nfa_ce_start_listening(): exit
05-26 15:36:54.575  4964  5204 I BrcmNfcJni: nfaConnectionCallback: Connection Event = 29
05-26 15:36:54.575  4964  5204 D BrcmNfcJni: nfaConnectionCallback: NFA_CE_UICC_LISTEN_CONFIGURED_EVT : status = 0x0
05-26 15:36:54.575  4964  5204 D BrcmNfcJni: connectionEventHandler: enter
05-26 15:36:54.575  4964  5204 D BrcmNfcJni: connectionEventHandler: exit
05-26 15:36:54.575  4964  4964 D NfcAdaptation: NfcAdaptation::HalIoctl arg=18
05-26 15:36:54.575   591   591 D NxpHal  : phNxpNciHal_ioctl : enter - arg = 18
05-26 15:36:54.575   591   591 D NxpHal  : phNxpNciHal_ioctl : exit - ret = 0
05-26 15:36:54.575  4964  4964 D NfcAdaptation: IoctlCallback Ioctl Type=18
05-26 15:36:54.575  4964  4964 D NfcAdaptation: NfcAdaptation::HalIoctl Ioctl Completed for Type=18
05-26 15:36:54.575  4964  4964 I BrcmNfcNfa: nfc service set pid done
05-26 15:36:54.575  4964  4964 D BrcmNfcJni: SecureElement::getEseHandleFromGenericId: enter; ESE-ID = 0x02
05-26 15:36:54.575  4964  4964 D BrcmNfcJni: SecureElement::getEseHandleFromGenericId: enter; ESE-Handle = 0x402
05-26 15:36:54.575  4964  4964 D BrcmNfcJni: nfcManager_enableDiscovery: Enable p2pListening
05-26 15:36:54.575  4964  4964 D BrcmNfcJni: PeerToPeer::enableP2pListening: enter isEnable: 1  mIsP2pListening: 1
05-26 15:36:54.575  4964  4964 D BrcmNfcJni: PeerToPeer::enableP2pListening: exit; mIsP2pListening: 1
05-26 15:36:54.576  4964  4964 I BrcmNfcNfa: NFA_CeConfigureUiccListenTech () ee_handle = 0x402 tech_mask = 0x0
05-26 15:36:54.576  4964  5204 I BrcmNfcNfa: NFA got event 0x0602
05-26 15:36:54.576  4964  5204 I BrcmNfcNfa: nfa_ce_handle_event event: NFA_CE_API_DEREG_LISTEN_EVT (0x602), flags: 00000000
05-26 15:36:54.576  4964  5204 I BrcmNfcNfa: NFA_CE: removing listen_info entry 3
05-26 15:36:54.576  4964  5204 I BrcmNfcJni: nfaConnectionCallback: Connection Event = 29
05-26 15:36:54.576  4964  5204 D BrcmNfcJni: nfaConnectionCallback: NFA_CE_UICC_LISTEN_CONFIGURED_EVT : status = 0x0
05-26 15:36:54.576  4964  5204 D BrcmNfcJni: connectionEventHandler: enter
05-26 15:36:54.576  4964  5204 D BrcmNfcJni: connectionEventHandler: exit
05-26 15:36:54.576  4964  4964 I BrcmNfcNfa: NFA_CeConfigureUiccListenTech () ee_handle = 0x402 tech_mask = 0x7
05-26 15:36:54.576  4964  5204 I BrcmNfcNfa: NFA got event 0x0601
05-26 15:36:54.576  4964  5204 I BrcmNfcNfa: nfa_ce_handle_event event: NFA_CE_API_REG_LISTEN_EVT (0x601), flags: 00000000
05-26 15:36:54.576  4964  5204 I BrcmNfcNfa: nfa_ce_api_reg_listen ():Registering UICC/ESE/Felica/Type-4 tag listener. Type=3
05-26 15:36:54.576  4964  5204 I BrcmNfcNfa: nfa_ce_api_reg_listen ():found free entry listen_info_idx = 3
05-26 15:36:54.576  4964  5204 I BrcmNfcNfa: NFA_CE: adding listen_info entry 3
05-26 15:36:54.576  4964  5204 I BrcmNfcNfa: nfa_ce_start_listening(): enter
05-26 15:36:54.576  4964  5204 E BrcmNfcNfa: UICC/ESE[0x402] is not activated
05-26 15:36:54.576  4964  5204 I BrcmNfcNfa: nfa_ce_start_listening(): exit
05-26 15:36:54.576  4964  5204 I BrcmNfcJni: nfaConnectionCallback: Connection Event = 29
05-26 15:36:54.576  4964  5204 D BrcmNfcJni: nfaConnectionCallback: NFA_CE_UICC_LISTEN_CONFIGURED_EVT : status = 0x0
05-26 15:36:54.576  4964  5204 D BrcmNfcJni: connectionEventHandler: enter
05-26 15:36:54.576  4964  5204 D BrcmNfcJni: connectionEventHandler: exit
05-26 15:36:54.577  2612  2612 I HwLauncher: Launcher onNewIntent() DragLayer visibility = 0, alpha = 1.0
05-26 15:36:54.577   591  5228 D NxpTml  : PN54X - Read requested.....
05-26 15:36:54.577   591  5228 D NxpTml  : PN54X - Invoking I2C Read.....
05-26 15:36:54.577  2612  2612 W HwLauncher: Workspace  changeState() state no change.
05-26 15:36:54.577  1306  1319 I HwNetworkPolicy: onTransact, code = 203
05-26 15:36:54.577  4964  4964 D BrcmNfcJni: startRfDiscovery: start, is start=1
05-26 15:36:54.578  4964  4964 I BrcmNfcNfa: NFA_StartRfDiscovery ()
05-26 15:36:54.578  4964  5204 I BrcmNfcNfa: NFA got event 0x010F
05-26 15:36:54.578  4964  5204 I BrcmNfcNfa: nfa_dm_evt_hdlr event: NFA_DM_API_START_RF_DISCOVERY_EVT (0x0f)
05-26 15:36:54.578  4964  5204 I BrcmNfcNfa: nfa_dm_act_start_rf_discovery ()
05-26 15:36:54.578  4964  5204 I BrcmNfcNfa: nfa_dm_start_rf_discover (): enter
05-26 15:36:54.578  4964  5204 I BrcmNfcNfa: nfa_ee_get_tech_route(): power state : 1
05-26 15:36:54.578  4964  5204 I BrcmNfcNfa: TechA route: 0xc0, TechB route: 0x0, TechF route: 0x0, TechB' route: 0x0
05-26 15:36:54.578  4964  5204 I BrcmNfcNfa: requested_disc_mask = 0x140000, xx=0
05-26 15:36:54.578  4964  5204 I BrcmNfcNfa: poll_mask=0x0 listen_mask=0x0
05-26 15:36:54.578  4964  5204 I BrcmNfcNfa: listen_mask value after NFC-A = 0x40000
05-26 15:36:54.578  4964  5204 I BrcmNfcNfa: listen_mask value after NFC-B = 0x140000
05-26 15:36:54.578  4964  5204 I BrcmNfcNfa: listen_mask value after NFC-F = 0x140000
05-26 15:36:54.578  4964  5204 I BrcmNfcNfa: listen_mask value after NFC-B Prime = 0x140000
05-26 15:36:54.578  4964  5204 I BrcmNfcNfa: dm_disc_mask = 0x0
05-26 15:36:54.578  4964  5204 I BrcmNfcNfa: listen_mask value after T1T and T2T = 0x140000
05-26 15:36:54.578  4964  5204 I BrcmNfcNfa: listen_mask value after NFC-DEP = 0x140000
05-26 15:36:54.578  4964  5204 D NfcAdaptation: getNodeNumValue get node /sys/nfc/nfc_wired_ese_type with value: 2!
05-26 15:36:54.578  4964  5204 I BrcmNfcNfa: override_enableflag - 1
05-26 15:36:54.578  4964  5204 I BrcmNfcNfa: override_listentech - 0
05-26 15:36:54.578  4964  5204 I BrcmNfcNfa: listen_mask - 0x200000
05-26 15:36:54.578  4964  5204 I BrcmNfcNfa: nfa_dm_cb.disc_cb.entry[0].selected_disc_mask = 0x200000
05-26 15:36:54.578  4964  5204 I BrcmNfcNfa: selected dm_disc_mask 0x200000 for entry[0]
05-26 15:36:54.578  4964  5204 I BrcmNfcNfa: requested_disc_mask = 0x340000, xx=1
05-26 15:36:54.578  4964  5204 I BrcmNfcNfa: poll_mask=0x0 listen_mask=0x0
05-26 15:36:54.578  4964  5204 I BrcmNfcNfa: listen_mask value after NFC-A = 0x40000
05-26 15:36:54.578  4964  5204 I BrcmNfcNfa: listen_mask value after NFC-B = 0x140000
05-26 15:36:54.578  4964  5204 I BrcmNfcNfa: listen_mask value after NFC-F = 0x340000
05-26 15:36:54.578  4964  5204 I BrcmNfcNfa: listen_mask value after NFC-B Prime = 0x340000
05-26 15:36:54.578  4964  5204 I BrcmNfcNfa: dm_disc_mask = 0x200000
05-26 15:36:54.578  4964  5204 I BrcmNfcNfa: listen_mask value after T1T and T2T = 0x340000
05-26 15:36:54.578  4964  5204 I BrcmNfcNfa: listen_mask value after NFC-DEP = 0x340000
05-26 15:36:54.578  4964  5204 D NfcAdaptation: getNodeNumValue get node /sys/nfc/nfc_wired_ese_type with value: 2!
05-26 15:36:54.578  4964  5204 I BrcmNfcNfa: override_enableflag - 1
05-26 15:36:54.578  4964  5204 I BrcmNfcNfa: override_listentech - 0
05-26 15:36:54.578  4964  5204 I BrcmNfcNfa: listen_mask - 0x200000
05-26 15:36:54.578  4964  5204 I BrcmNfcNfa: nfa_dm_cb.disc_cb.entry[1].selected_disc_mask = 0x200000
