06-09 05:47:16.644  2528  2528 I DeepNoDisturbSM: onDataConnectionStateChanged,state=0,mTelephonyManager.getDataState()0,mPhoneId=0
06-09 05:47:16.645  2528  2528 I DeepNoDisturbSM: IdleState processMessage msg.what=EVENT_DATA_DISCONNECTED
06-09 05:47:16.645  2528  2528 I DeepNoDisturbSM: IdleState: default msg.what=5
06-09 05:47:16.646  1306 11430 I chatty  : uid=1000(system) Binder:1306_1E expire 7 lines
06-09 05:47:16.651  2528  2858 I BoosterGameP: handleStateChanged reason=3
06-09 05:47:16.651  2528  2858 E BoosterGameP: inValidCQI:-1
06-09 05:47:16.651  2528  2858 I BoosterVideoP: handleStateChanged reason=3
06-09 05:47:16.651  2528  2858 I BoosterVideoP: sendModemUnsolState false
06-09 05:47:16.651  2528  2858 I BoosterSwitchP: handleStateChanged reason=3
06-09 05:47:16.651  2528  2858 I DeepNoDisturbP: handleStateChanged reason=3
06-09 05:47:16.651  2528  2858 I HidataAppQoeP: handleStateChanged reason=3
06-09 05:47:16.651  2528  2858 I BrowserChrP: handleStateChanged
06-09 05:47:16.656  2528  2859 E HwCommBoosterManager: handleOemHookSetResp end error, ret=-2
06-09 05:47:16.785  1306  1501 I chatty  : uid=1000(system) Binder:1306_3 expire 3 lines
06-09 05:47:16.796  1306  2924 I chatty  : uid=1000(system) Binder:1306_B expire 4 lines
06-09 05:47:16.808  5346  5346 W SettingsEx: SettingsEx.Systemex.getInt deprecated use Settings.System.getInt instead ;callers=com.huawei.recsys.util.SystemUtil.getNotificationUpdateMode:190 com.huawei.recsys.util.SystemUtil.isAllowUpdate:122 com.huawei.recsys.controller.notification.http.UpgradeManager.onNetChange:281 
06-09 05:47:16.839  5346  5346 W SettingsEx: SettingsEx.Systemex.getInt deprecated use Settings.System.getInt instead ;callers=com.huawei.recsys.util.SystemUtil.getNotificationUpdateMode:190 com.huawei.recsys.util.SystemUtil.isAllowUpdate:122 com.huawei.recsys.controller.notification.http.UpgradeManager.onNetChange:281 
06-09 05:47:16.852 14624 14624 W ContextImpl: Calling a method in the system process without a qualified user: android.app.ContextImpl.startService:1760 android.content.ContextWrapper.startService:664 com.huawei.systemmanager.rainbow.client.background.service.CloudBroadcastHandlerService.startRainbowCommonService:121 com.huawei.systemmanager.rainbow.client.background.service.CloudBroadcastHandlerService.access$000:23 com.huawei.systemmanager.rainbow.client.background.service.CloudBroadcastHandlerService$1.onReceive:90 
06-09 05:47:16.860  2528  2858 I HidataAppQoeP: receiveAPModuleData,dataTypeId=302
06-09 05:47:16.864   707   707 I libgps  : proxy_agps_ril_update_network_state: connected(1), type(1:TYPE_WIFI), roaming(0)
06-09 05:47:16.864   707   707 I libgps  : proxy_agps_ril_update_network_availability: available(1), apn(cmnet)
06-09 05:47:16.864   707  2634 D libgps  : proxy_agps_ril_request_setid_cb: called.
06-09 05:47:16.866  1306  1328 I chatty  : uid=1000(system) ActivityManager expire 3 lines
06-09 05:47:16.866  1306  2829 I chatty  : uid=1000(system) Binder:1306_7 expire 38 lines
06-09 05:47:16.872  1306 11430 I chatty  : uid=1000(system) Binder:1306_1E expire 45 lines
06-09 05:47:16.878  1306  2213 I chatty  : uid=1000(system) WifiStateMachin expire 2 lines
06-09 05:47:16.892  1306  1501 I chatty  : uid=1000(system) Binder:1306_3 expire 10 lines
06-09 05:47:16.911   707  2634 D libgps  : proxy_agps_ril_set_set_id: called.
06-09 05:47:16.920  1306 11434 I chatty  : uid=1000(system) Binder:1306_1F expire 37 lines
06-09 05:47:16.939  1306  2210 I chatty  : uid=1000(system) NetworkPolicy expire 9 lines
06-09 05:47:16.941  1306  2206 I chatty  : uid=1000(system) NetdConnector expire 12 lines
06-09 05:47:16.945  1306  2221 I chatty  : uid=1000(system) ConnectivitySer expire 27 lines
06-09 05:47:16.969  1306  4767 I chatty  : uid=1000(system) Binder:1306_13 expire 4 lines
06-09 05:47:16.993  1306  2243 I chatty  : uid=1000(system) ConnectivityThr expire 4 lines
06-09 05:47:17.002  1306  2223 I chatty  : uid=1000(system) DnsHiCureEngine expire 2 lines
06-09 05:47:17.009   707   707 I libgps  : proxy_agps_ril_update_network_availability: available(0), apn(cmnet)
06-09 05:47:17.010   707  2634 D libgps  : proxy_agps_ril_request_setid_cb: called.
06-09 05:47:17.016   707  2634 D libgps  : proxy_agps_ril_set_set_id: called.
06-09 05:47:17.022  1306  2277 I chatty  : uid=1000(system) HwWMStateMachin expire 7 lines
06-09 05:47:17.036  1306 10281 I chatty  : uid=1000(system) Binder:1306_1A expire 4 lines
06-09 05:47:17.172  1306  4954 I chatty  : uid=1000(system) Binder:1306_14 expire 2 lines
06-09 05:47:17.219  1306  9594 I chatty  : uid=1000(system) Binder:1306_19 expire 6 lines
06-09 05:47:17.698  1306 10282 I chatty  : uid=1000(system) Binder:1306_1B expire 10 lines
06-09 05:47:17.702  1306  1338 I chatty  : uid=1000(system) android.io expire 11 lines
06-09 05:47:18.644  1306  1306 I chatty  : uid=1000 system_server expire 26 lines
06-09 05:47:18.689  1306  2464 I chatty  : uid=1000(system) watchdog expire 1 line
06-09 05:47:29.608   551   610 W SocketListener: sending broadcast to Pid = 1306, Uid = 1000 
06-09 05:47:29.609  1306  2206 I chatty  : uid=1000(system) NetdConnector expire 10 lines
06-09 05:47:29.611  1306  1337 I chatty  : uid=1000(system) android.fg expire 10 lines
06-09 05:47:29.618  1306  2527 I chatty  : uid=1000(system) AwareAppStartup expire 70 lines
06-09 05:47:29.628  1306  2221 I chatty  : uid=1000(system) ConnectivitySer expire 6 lines
06-09 05:47:29.652  1306  1335 I chatty  : uid=1000(system) batterystats-wo expire 1 line
06-09 05:47:29.706  1306  2500 I chatty  : uid=1000(system) GpsXtraReceiver expire 2 lines
06-09 05:47:29.740  1306  1454 I chatty  : uid=1000(system) UEventObserver expire 10 lines
06-09 05:48:31.609   551   610 W SocketListener: sending broadcast to Pid = 1306, Uid = 1000 
06-09 05:48:31.628   551   610 W SocketListener: sending broadcast to Pid = 1306, Uid = 1000 
06-09 05:48:31.766  1306  1454 I chatty  : uid=1000(system) UEventObserver expire 10 lines
06-09 05:48:53.604   551   610 W SocketListener: sending broadcast to Pid = 1306, Uid = 1000 
06-09 05:48:53.617   551   610 W SocketListener: sending broadcast to Pid = 1306, Uid = 1000 
06-09 05:48:53.743  1306  1454 I chatty  : uid=1000(system) UEventObserver expire 10 lines
06-09 05:48:53.763   551   616 W SocketListener: sending broadcast to Pid = 1306, Uid = 1000 
06-09 05:48:53.765  1306  2206 I chatty  : uid=1000(system) NetdConnector expire 6 lines
06-09 05:50:44.604   551   610 W SocketListener: sending broadcast to Pid = 1306, Uid = 1000 
06-09 05:50:44.621   551   610 W SocketListener: sending broadcast to Pid = 1306, Uid = 1000 
06-09 05:50:44.622  1306 10282 I chatty  : uid=1000(system) Binder:1306_1B expire 7 lines
06-09 05:50:45.594  1306  1338 I chatty  : uid=1000(system) android.io expire 3 lines
06-09 05:50:46.365  1306  2460 I chatty  : uid=1000(system) Binder:1306_6 expire 23 lines
06-09 05:50:46.405  1306  4439 I chatty  : uid=1000(system) Binder:1306_11 expire 1 line
06-09 05:50:46.405  1306 10424 I chatty  : uid=1000(system) Binder:1306_1D expire 42 lines
06-09 05:50:46.491  1306  2332 I chatty  : uid=1000(system) Binder:1306_5 expire 39 lines
06-09 05:51:00.729  1306 10424 I chatty  : uid=1000(system) Binder:1306_1D expire 94 lines
06-09 05:51:00.747  1306  1454 I chatty  : uid=1000(system) UEventObserver expire 15 lines
06-09 05:51:08.626  1306  1306 I chatty  : uid=1000 system_server expire 18 lines
06-09 05:51:08.671  1306  2295 I chatty  : uid=1000(system) SyncManager expire 45 lines
06-09 05:51:08.932  1306  1338 I chatty  : uid=1000(system) android.io expire 12 lines
06-09 05:53:58.611   551   610 W SocketListener: sending broadcast to Pid = 1306, Uid = 1000 
06-09 05:53:58.612  1306  2206 I chatty  : uid=1000(system) NetdConnector expire 10 lines
06-09 05:53:58.614  1306  1337 I chatty  : uid=1000(system) android.fg expire 11 lines
06-09 05:53:58.639  1306  2332 I chatty  : uid=1000(system) Binder:1306_5 expire 40 lines
06-09 05:53:58.653   551   610 W SocketListener: sending broadcast to Pid = 1306, Uid = 1000 
06-09 05:53:58.662  1306  1306 I chatty  : uid=1000 system_server expire 33 lines
06-09 05:53:58.692  1306  2460 I chatty  : uid=1000(system) Binder:1306_6 expire 38 lines
06-09 05:53:58.699  1306  2295 I chatty  : uid=1000(system) SyncManager expire 1 line
06-09 05:53:58.774  1306  1454 I chatty  : uid=1000(system) UEventObserver expire 10 lines
06-09 05:53:59.707  1306  2221 I chatty  : uid=1000(system) ConnectivitySer expire 4 lines
06-09 05:54:04.149  1306  2464 I chatty  : uid=1000(system) watchdog expire 1 line
06-09 05:54:16.632  1306  4439 I chatty  : uid=1000(system) Binder:1306_11 expire 10 lines
06-09 05:54:16.890  1306  2527 I chatty  : uid=1000(system) AwareAppStartup expire 69 lines
06-09 05:54:17.968   697   781 I storaged: storaged_t::event: storage_info refreshed.
06-09 05:54:18.757  1306  1338 I chatty  : uid=1000(system) android.io expire 10 lines
06-09 05:54:26.742  1306  1454 I chatty  : uid=1000(system) UEventObserver expire 15 lines
06-09 05:54:30.375   551   616 W SocketListener: sending broadcast to Pid = 1306, Uid = 1000 
06-09 05:54:41.607  1306  1306 I chatty  : uid=1000 system_server expire 52 lines
06-09 05:54:41.680  1306 10424 I chatty  : uid=1000(system) Binder:1306_1D expire 4 lines
06-09 05:55:19.604   551   610 W SocketListener: sending broadcast to Pid = 1306, Uid = 1000 
06-09 05:55:19.714  1306  1306 I chatty  : uid=1000 system_server expire 29 lines
06-09 05:55:19.737  1306  1454 I chatty  : uid=1000(system) UEventObserver expire 20 lines
06-09 05:55:19.750   551   610 W SocketListener: sending broadcast to Pid = 1306, Uid = 1000 
06-09 05:56:31.607   551   610 W SocketListener: sending broadcast to Pid = 1306, Uid = 1000 
06-09 05:56:31.608  1306  2206 I chatty  : uid=1000(system) NetdConnector expire 8 lines
06-09 05:56:31.630   551   610 W SocketListener: sending broadcast to Pid = 1306, Uid = 1000 
06-09 05:56:31.695  1306  2460 I chatty  : uid=1000(system) Binder:1306_6 expire 1 line
06-09 05:57:45.604   551   610 W SocketListener: sending broadcast to Pid = 1306, Uid = 1000 
06-09 05:57:45.607   551   610 W SocketListener: sending broadcast to Pid = 1306, Uid = 1000 
06-09 05:57:45.612  1306  1306 I chatty  : uid=1000 system_server expire 2 lines
06-09 05:57:45.732  1306  1454 I chatty  : uid=1000(system) UEventObserver expire 10 lines
06-09 05:57:45.924  1306  1306 I chatty  : uid=1000 system_server expire 19 lines
06-09 05:57:46.347  1306  1338 I chatty  : uid=1000(system) android.io expire 10 lines
06-09 05:57:46.675  1306  2332 I chatty  : uid=1000(system) Binder:1306_5 expire 18 lines
06-09 05:57:46.691  1306 11430 I chatty  : uid=1000(system) Binder:1306_1E expire 37 lines
06-09 05:57:46.729  1306 10424 I chatty  : uid=1000(system) Binder:1306_1D expire 18 lines
06-09 05:57:46.772  1306  2460 I chatty  : uid=1000(system) Binder:1306_6 expire 12 lines
06-09 05:57:46.821  1306  4439 I chatty  : uid=1000(system) Binder:1306_11 expire 3 lines
06-09 05:59:11.611   551   610 W SocketListener: sending broadcast to Pid = 1306, Uid = 1000 
06-09 05:59:11.613  1306  2206 I chatty  : uid=1000(system) NetdConnector expire 14 lines
06-09 05:59:11.615  1306  1337 I chatty  : uid=1000(system) android.fg expire 10 lines
06-09 05:59:11.679  1306  1306 I chatty  : uid=1000 system_server expire 19 lines
06-09 05:59:11.707  1306  2332 I chatty  : uid=1000(system) Binder:1306_5 expire 36 lines
06-09 05:59:11.714   551   610 W SocketListener: sending broadcast to Pid = 1306, Uid = 1000 
06-09 06:00:41.608   551   610 W SocketListener: sending broadcast to Pid = 1306, Uid = 1000 
06-09 06:00:41.646   551   610 W SocketListener: sending broadcast to Pid = 1306, Uid = 1000 
06-09 06:00:41.663  1306  2332 I chatty  : uid=1000(system) Binder:1306_5 expire 52 lines
06-09 06:00:41.695  1306 11430 I chatty  : uid=1000(system) Binder:1306_1E expire 8 lines
06-09 06:00:41.757  1306  1454 I chatty  : uid=1000(system) UEventObserver expire 30 lines
06-09 06:00:42.708  1306  2221 I chatty  : uid=1000(system) ConnectivitySer expire 31 lines
06-09 06:00:44.961  1306  2464 I chatty  : uid=1000(system) watchdog expire 1 line
06-09 06:00:49.675  1306  1334 I chatty  : uid=1000(system) keyAppHanderThr expire 9 lines
06-09 06:01:15.610  1306  2209 I chatty  : uid=1000(system) NetworkStats expire 8 lines
06-09 06:01:15.612   551   610 W SocketListener: sending broadcast to Pid = 1306, Uid = 1000 
06-09 06:01:15.616   551   610 W SocketListener: sending broadcast to Pid = 1306, Uid = 1000 
06-09 06:01:15.661  1306 10424 I chatty  : uid=1000(system) Binder:1306_1D expire 38 lines
06-09 06:01:15.738  1306  1454 I chatty  : uid=1000(system) UEventObserver expire 5 lines
06-09 06:01:15.902  1306  2332 I chatty  : uid=1000(system) Binder:1306_5 expire 3 lines
06-09 06:01:16.460  1306  2243 I chatty  : uid=1000(system) ConnectivityThr expire 4 lines
06-09 06:01:16.560   707   707 I libgps  : proxy_agps_ril_update_network_state: connected(1), type(1:TYPE_WIFI), roaming(0)
06-09 06:01:16.562   707  2634 D libgps  : proxy_agps_ril_request_setid_cb: called.
06-09 06:01:16.570   707  2634 D libgps  : proxy_agps_ril_set_set_id: called.
06-09 06:01:16.571   707   707 I libgps  : proxy_agps_ril_update_network_availability: available(1), apn(cmnet)
06-09 06:01:16.749   551   611 W SocketListener: sending broadcast to Pid = 1306, Uid = 1000 
06-09 06:01:16.750  1306  2206 I chatty  : uid=1000(system) NetdConnector expire 40 lines
06-09 06:01:16.758   551   611 W SocketListener: sending broadcast to Pid = 1306, Uid = 1000 
06-09 06:01:16.770   551   611 W SocketListener: sending broadcast to Pid = 1306, Uid = 1000 
06-09 06:01:16.786   551   611 W SocketListener: sending broadcast to Pid = 1306, Uid = 1000 
06-09 06:01:16.854  1306  2460 I chatty  : uid=1000(system) Binder:1306_6 expire 17 lines
06-09 06:01:16.909  1306  2332 I chatty  : uid=1000(system) Binder:1306_5 expire 9 lines
06-09 06:01:16.909  1306  2221 I chatty  : uid=1000(system) ConnectivitySer expire 145 lines
06-09 06:01:16.938   551   610 W SocketListener: sending broadcast to Pid = 1306, Uid = 1000 
06-09 06:01:16.943  1306  1337 I chatty  : uid=1000(system) android.fg expire 1 line
06-09 06:01:16.994  1306  4954 I chatty  : uid=1000(system) Binder:1306_14 expire 2 lines
06-09 06:01:17.058  2528  2528 I BoosterTelephonyCollector: getPhoneStateListener, bytes=[81, 79, 69, 77, 72, 79, 79, 75, 30, 32, 9, 0, 12, 0, 0, 0, 100, 0, 8, 0, 1, 0, 4, 0, 5, 0, 0, 0]
06-09 06:01:17.058  2528  2528 I BoosterTelephonyCollector: unsol oem Data, moduleID=100, moduleLen=8, msgID=1, msgLen=4
06-09 06:01:17.062  2528  2858 I BoosterVideoP: getErabIdFromUnsolData success, erabid=5
06-09 06:01:17.157  1306  1306 I chatty  : uid=1000 system_server expire 6 lines
06-09 06:01:17.168  2528  2528 I DeepNoDisturbSM: onDataConnectionStateChanged,state=2,mTelephonyManager.getDataState()2,mPhoneId=0
06-09 06:01:17.201  2528  2858 I BoosterGameP: handleStateChanged reason=3
06-09 06:01:17.201  2528  2858 E BoosterGameP: inValidCQI:-1
06-09 06:01:17.201  2528  2858 I BoosterVideoP: handleStateChanged reason=3
06-09 06:01:17.201  2528  2528 I DeepNoDisturbSM: IdleState processMessage msg.what=EVENT_DATA_CONNECTED
06-09 06:01:17.201  2528  2858 I BoosterVideoP: sendModemUnsolState false
06-09 06:01:17.201  2528  2858 I BoosterSwitchP: handleStateChanged reason=3
06-09 06:01:17.201  2528  2858 I DeepNoDisturbP: handleStateChanged reason=3
06-09 06:01:17.201  2528  2858 I HidataAppQoeP: handleStateChanged reason=3
06-09 06:01:17.201  2528  2858 I BrowserChrP: handleStateChanged
06-09 06:01:17.218  2528  2528 I DeepNoDisturbSM: isWifiConnected = true
06-09 06:01:17.241  2528  2859 E HwCommBoosterManager: handleOemHookSetResp end error, ret=-2
06-09 06:01:17.277  2528  2528 I DeepNoDisturbSM: isNetworkTypeSuitDeepNoDisturbMode networkType = 13
06-09 06:01:17.277  2528  2528 I DeepNoDisturbSM: isCorrectState=true mIsCallOn=false mGameStatus=0 defaultDataSubId=0 default4GSlotId=0 mIsDefaultDataOn=true mIsScreenOn=false deepNoDisturbModeProp=true isDeepNoDisturbSwitchOn=false isGameDndSwitchOn=false isNetworkTypeSuitDeepNoDisturbMode=true isAirplaneModeOn()=false
06-09 06:01:17.277  2528  2528 I DeepNoDisturbSM: isNeedEnterDeepNoDisturbMode false
06-09 06:01:17.284  1306  2243 I chatty  : uid=1000(system) ConnectivityThr expire 10 lines
06-09 06:01:17.314  1306  2210 I chatty  : uid=1000(system) NetworkPolicy expire 11 lines
06-09 06:01:17.361  1306  4767 I chatty  : uid=1000(system) Binder:1306_13 expire 1 line
06-09 06:01:17.432  1306  2924 I chatty  : uid=1000(system) Binder:1306_B expire 2 lines
06-09 06:01:17.459  5346  5346 W SettingsEx: SettingsEx.Systemex.getInt deprecated use Settings.System.getInt instead ;callers=com.huawei.recsys.util.SystemUtil.getNotificationUpdateMode:190 com.huawei.recsys.util.SystemUtil.isAllowUpdate:122 com.huawei.recsys.controller.notification.http.UpgradeManager.onNetChange:281 
06-09 06:01:17.488  2528  2858 I HidataAppQoeP: receiveAPModuleData,dataTypeId=301
06-09 06:01:17.488  2528  2858 I HidataAppQoeP: HIDATA_START_CELLULAR_APP_QOE_MONITOR appUid=10111,time=3000
06-09 06:01:17.488  1306  1501 I chatty  : uid=1000(system) Binder:1306_3 expire 3 lines
06-09 06:01:17.505  5346  5346 W SettingsEx: SettingsEx.Systemex.getInt deprecated use Settings.System.getInt instead ;callers=com.huawei.recsys.util.SystemUtil.getNotificationUpdateMode:190 com.huawei.recsys.util.SystemUtil.isAllowUpdate:122 com.huawei.recsys.controller.notification.http.UpgradeManager.onNetChange:281 
06-09 06:01:17.519 14624 14624 W ContextImpl: Calling a method in the system process without a qualified user: android.app.ContextImpl.startService:1760 android.content.ContextWrapper.startService:664 com.huawei.systemmanager.rainbow.client.background.service.CloudBroadcastHandlerService.startRainbowCommonService:121 com.huawei.systemmanager.rainbow.client.background.service.CloudBroadcastHandlerService.access$000:23 com.huawei.systemmanager.rainbow.client.background.service.CloudBroadcastHandlerService$1.onReceive:90 
06-09 06:01:17.533  1306  2492 I chatty  : uid=1000(system) NetworkTimeUpda expire 2 lines
06-09 06:01:17.539  1306  1328 I chatty  : uid=1000(system) ActivityManager expire 2 lines
06-09 06:01:17.540  1306  4734 I chatty  : uid=1000(system) Binder:1306_12 expire 2 lines
06-09 06:01:17.553  1306  9594 I chatty  : uid=1000(system) Binder:1306_19 expire 2 lines
06-09 06:01:17.587  1306 11434 I chatty  : uid=1000(system) Binder:1306_1F expire 16 lines
06-09 06:01:17.619   707   707 I libgps  : proxy_agps_ril_update_network_state: connected(1), type(0:TYPE_MOBILE), roaming(0)
06-09 06:01:17.620   707   707 I libgps  : proxy_agps_ril_update_network_availability: available(1), apn(cmnet)
06-09 06:01:17.620   707  2634 D libgps  : proxy_agps_ril_request_setid_cb: called.
06-09 06:01:17.635   707  2634 D libgps  : proxy_agps_ril_set_set_id: called.
06-09 06:01:17.653  1306  1320 I chatty  : uid=1000(system) Binder:1306_2 expire 2 lines
06-09 06:01:17.662  1306  4344 I chatty  : uid=1000(system) Binder:1306_10 expire 8 lines
06-09 06:01:17.663  1306  4439 I chatty  : uid=1000(system) Binder:1306_11 expire 1 line
06-09 06:01:17.812  1306  2221 I chatty  : uid=1000(system) ConnectivitySer expire 71 lines
06-09 06:01:17.818  1306  2206 I chatty  : uid=1000(system) NetdConnector expire 12 lines
06-09 06:01:17.820  1306  9594 I chatty  : uid=1000(system) Binder:1306_19 expire 2 lines
06-09 06:01:17.828   551   611 W SocketListener: sending broadcast to Pid = 1306, Uid = 1000 
06-09 06:01:17.829  1306  1337 I chatty  : uid=1000(system) android.fg expire 8 lines
06-09 06:01:17.831  1306  4344 I chatty  : uid=1000(system) Binder:1306_10 expire 8 lines
06-09 06:01:17.838   551   611 W SocketListener: sending broadcast to Pid = 1306, Uid = 1000 
06-09 06:01:17.864  1306  1306 I chatty  : uid=1000 system_server expire 27 lines
06-09 06:01:17.868  2528  2528 I DeepNoDisturbSM: onDataConnectionStateChanged,state=0,mTelephonyManager.getDataState()0,mPhoneId=0
06-09 06:01:17.871  2528  2528 I DeepNoDisturbSM: IdleState processMessage msg.what=EVENT_DATA_DISCONNECTED
06-09 06:01:17.871  2528  2528 I DeepNoDisturbSM: IdleState: default msg.what=5
06-09 06:01:17.871  2528  2858 I BoosterGameP: handleStateChanged reason=3
06-09 06:01:17.871  2528  2858 E BoosterGameP: inValidCQI:-1
06-09 06:01:17.871  2528  2858 I BoosterVideoP: handleStateChanged reason=3
06-09 06:01:17.871  2528  2858 I BoosterVideoP: sendModemUnsolState false
06-09 06:01:17.871  2528  2858 I BoosterSwitchP: handleStateChanged reason=3
06-09 06:01:17.871  2528  2858 I DeepNoDisturbP: handleStateChanged reason=3
06-09 06:01:17.871  2528  2858 I HidataAppQoeP: handleStateChanged reason=3
06-09 06:01:17.871  2528  2858 I BrowserChrP: handleStateChanged
06-09 06:01:17.875  2528  2859 E HwCommBoosterManager: handleOemHookSetResp end error, ret=-2
06-09 06:01:17.894  1306  2492 I chatty  : uid=1000(system) NetworkTimeUpda expire 1 line
06-09 06:01:18.092  1306  2243 I chatty  : uid=1000(system) ConnectivityThr expire 4 lines
06-09 06:01:18.094  1306  2223 I chatty  : uid=1000(system) DnsHiCureEngine expire 2 lines
06-09 06:01:18.096  1306  2210 I chatty  : uid=1000(system) NetworkPolicy expire 3 lines
06-09 06:01:18.114   707  2634 D libgps  : proxy_agps_ril_request_setid_cb: called.
06-09 06:01:18.114   707   707 I libgps  : proxy_agps_ril_update_network_availability: available(0), apn(cmnet)
06-09 06:01:18.116   707  2634 D libgps  : proxy_agps_ril_set_set_id: called.
06-09 06:01:18.123  1306  2277 I chatty  : uid=1000(system) HwWMStateMachin expire 7 lines
06-09 06:01:18.141  1306  9567 I chatty  : uid=1000(system) Binder:1306_17 expire 4 lines
06-09 06:01:18.202  1306  9593 I chatty  : uid=1000(system) Binder:1306_18 expire 3 lines
06-09 06:01:18.243  1306  6210 I chatty  : uid=1000(system) Binder:1306_15 expire 15 lines
06-09 06:01:18.331  1306  2916 I chatty  : uid=1000(system) Binder:1306_9 expire 8 lines
06-09 06:01:18.361  1306  4179 I chatty  : uid=1000(system) Binder:1306_F expire 6 lines
06-09 06:01:18.384  1306 11434 I chatty  : uid=1000(system) Binder:1306_1F expire 9 lines
06-09 06:01:19.537  1306  1338 I chatty  : uid=1000(system) android.io expire 18 lines
06-09 06:01:21.760   551   616 W SocketListener: sending broadcast to Pid = 1306, Uid = 1000 
06-09 06:01:23.194  1306  2527 I chatty  : uid=1000(system) AwareAppStartup expire 71 lines
06-09 06:01:34.606   551   610 W SocketListener: sending broadcast to Pid = 1306, Uid = 1000 
06-09 06:01:34.608  1306  2206 I chatty  : uid=1000(system) NetdConnector expire 6 lines
06-09 06:01:34.659  1306  1335 I chatty  : uid=1000(system) batterystats-wo expire 1 line
06-09 06:01:34.660  1306  2500 I chatty  : uid=1000(system) GpsXtraReceiver expire 1 line
06-09 06:01:34.710  1306  2221 I chatty  : uid=1000(system) ConnectivitySer expire 5 lines
06-09 06:01:34.743  1306  1454 I chatty  : uid=1000(system) UEventObserver expire 10 lines
06-09 06:01:35.041  1306 11430 I chatty  : uid=1000(system) Binder:1306_1E expire 41 lines
06-09 06:04:21.609   551   610 W SocketListener: sending broadcast to Pid = 1306, Uid = 1000 
06-09 06:04:21.615   551   610 W SocketListener: sending broadcast to Pid = 1306, Uid = 1000 
06-09 06:04:21.660  1306  1306 I chatty  : uid=1000 system_server expire 3 lines
06-09 06:04:21.740  1306  1454 I chatty  : uid=1000(system) UEventObserver expire 10 lines
06-09 06:04:27.575  1306  2464 I chatty  : uid=1000(system) watchdog expire 1 line
06-09 06:04:45.614   697   781 I storaged: storaged_t::event: storage_info refreshed.
06-09 06:04:45.750  1306  1454 I chatty  : uid=1000(system) UEventObserver expire 5 lines
06-09 06:04:45.949  1306  1338 I chatty  : uid=1000(system) android.io expire 2 lines
06-09 06:04:47.002  1306 11430 I chatty  : uid=1000(system) Binder:1306_1E expire 23 lines
06-09 06:05:26.604   551   610 W SocketListener: sending broadcast to Pid = 1306, Uid = 1000 
06-09 06:05:26.605  1306  2206 I chatty  : uid=1000(system) NetdConnector expire 10 lines
06-09 06:05:26.608  1306  1337 I chatty  : uid=1000(system) android.fg expire 10 lines
06-09 06:05:26.682  1306  1306 I chatty  : uid=1000 system_server expire 31 lines
06-09 06:05:26.705  1306  6210 I chatty  : uid=1000(system) Binder:1306_15 expire 17 lines
06-09 06:05:26.778  1306  1454 I chatty  : uid=1000(system) UEventObserver expire 10 lines
06-09 06:05:26.793  1306 11430 I chatty  : uid=1000(system) Binder:1306_1E expire 35 lines
06-09 06:05:26.820  1306  1338 I chatty  : uid=1000(system) android.io expire 11 lines
06-09 06:05:45.596   551   610 W SocketListener: sending broadcast to Pid = 1306, Uid = 1000 
06-09 06:05:45.603   551   610 W SocketListener: sending broadcast to Pid = 1306, Uid = 1000 
06-09 06:05:45.809   551   610 W SocketListener: sending broadcast to Pid = 1306, Uid = 1000 
06-09 06:05:46.026  1306 11430 I chatty  : uid=1000(system) Binder:1306_1E expire 39 lines
06-09 06:05:46.852  1306  2221 I chatty  : uid=1000(system) ConnectivitySer expire 6 lines
06-09 06:05:47.263   551   616 W SocketListener: sending broadcast to Pid = 1306, Uid = 1000 
06-09 06:06:02.604   551   610 W SocketListener: sending broadcast to Pid = 1306, Uid = 1000 
06-09 06:06:02.606  1306  2206 I chatty  : uid=1000(system) NetdConnector expire 10 lines
06-09 06:06:02.754  1306  1454 I chatty  : uid=1000(system) UEventObserver expire 10 lines
06-09 06:07:07.263   551   610 W SocketListener: sending broadcast to Pid = 1306, Uid = 1000 
06-09 06:07:07.313  1306 11430 I chatty  : uid=1000(system) Binder:1306_1E expire 42 lines
06-09 06:07:12.750  1306  1454 I chatty  : uid=1000(system) UEventObserver expire 10 lines
06-09 06:07:51.612   551   610 W SocketListener: sending broadcast to Pid = 1306, Uid = 1000 
06-09 06:07:51.808  1306 10300 I chatty  : uid=1000(system) Binder:1306_1C expire 35 lines
06-09 06:07:51.834  1306  9593 I chatty  : uid=1000(system) Binder:1306_18 expire 10 lines
06-09 06:07:51.835   551   610 W SocketListener: sending broadcast to Pid = 1306, Uid = 1000 
06-09 06:07:51.841  1306  1337 I chatty  : uid=1000(system) android.fg expire 7 lines
06-09 06:07:52.454  1306  1328 I chatty  : uid=1000(system) ActivityManager expire 3 lines
06-09 06:07:52.603  1306  2295 I chatty  : uid=1000(system) SyncManager expire 44 lines
06-09 06:08:16.605   551   610 W SocketListener: sending broadcast to Pid = 1306, Uid = 1000 
06-09 06:08:16.618   551   610 W SocketListener: sending broadcast to Pid = 1306, Uid = 1000 
06-09 06:08:16.620  1306  2206 I chatty  : uid=1000(system) NetdConnector expire 10 lines
06-09 06:08:16.623  1306 11430 I chatty  : uid=1000(system) Binder:1306_1E expire 22 lines
06-09 06:08:16.743  1306  1454 I chatty  : uid=1000(system) UEventObserver expire 10 lines
06-09 06:08:17.607  1306  1306 I chatty  : uid=1000 system_server expire 58 lines
06-09 06:08:17.713  1306 10281 I chatty  : uid=1000(system) Binder:1306_1A expire 35 lines
06-09 06:08:17.743  1306 10300 I chatty  : uid=1000(system) Binder:1306_1C expire 8 lines
06-09 06:09:51.605   551   610 W SocketListener: sending broadcast to Pid = 1306, Uid = 1000 
06-09 06:09:51.624  1306  1467 I chatty  : uid=1000(system) AlarmManager expire 1 line
06-09 06:09:51.724  1306 11430 I chatty  : uid=1000(system) Binder:1306_1E expire 37 lines
06-09 06:09:52.566  1306  1338 I chatty  : uid=1000(system) android.io expire 7 lines
06-09 06:09:52.635   551   610 W SocketListener: sending broadcast to Pid = 1306, Uid = 1000 
06-09 06:09:54.891  1306  2464 I chatty  : uid=1000(system) watchdog expire 1 line
06-09 06:11:21.608   551   610 W SocketListener: sending broadcast to Pid = 1306, Uid = 1000 
06-09 06:11:21.627  1306  1306 I chatty  : uid=1000 system_server expire 9 lines
06-09 06:11:21.655  1306  9593 I chatty  : uid=1000(system) Binder:1306_18 expire 1 line
06-09 06:11:21.656  1306 11430 I chatty  : uid=1000(system) Binder:1306_1E expire 3 lines
06-09 06:11:21.703   551   610 W SocketListener: sending broadcast to Pid = 1306, Uid = 1000 
06-09 06:11:21.738  1306  1454 I chatty  : uid=1000(system) UEventObserver expire 10 lines
06-09 06:11:21.782  1306 11430 I chatty  : uid=1000(system) Binder:1306_1E expire 2 lines
06-09 06:11:21.782  1306  6210 I chatty  : uid=1000(system) Binder:1306_15 expire 19 lines
06-09 06:11:21.786  1306  1306 I chatty  : uid=1000 system_server expire 30 lines
06-09 06:11:21.786  1306 10300 I chatty  : uid=1000(system) Binder:1306_1C expire 22 lines
06-09 06:11:21.871  1306 10281 I chatty  : uid=1000(system) Binder:1306_1A expire 24 lines
06-09 06:11:21.951  1306  9593 I chatty  : uid=1000(system) Binder:1306_18 expire 11 lines
06-09 06:11:40.600  1306  1338 I chatty  : uid=1000(system) android.io expire 13 lines
06-09 06:11:40.612   551   610 W SocketListener: sending broadcast to Pid = 1306, Uid = 1000 
06-09 06:11:40.614  1306  2206 I chatty  : uid=1000(system) NetdConnector expire 10 lines
06-09 06:11:40.616  1306  1337 I chatty  : uid=1000(system) android.fg expire 10 lines
06-09 06:11:46.597   551   610 W SocketListener: sending broadcast to Pid = 1306, Uid = 1000 
06-09 06:11:46.757  1306  1454 I chatty  : uid=1000(system) UEventObserver expire 10 lines
06-09 06:14:00.604   551   610 W SocketListener: sending broadcast to Pid = 1306, Uid = 1000 
06-09 06:14:00.621  1306  1325 I chatty  : uid=1000(system) android.bg expire 1 line
06-09 06:14:00.782  1306 10281 I chatty  : uid=1000(system) Binder:1306_1A expire 79 lines
06-09 06:14:00.853   551   610 W SocketListener: sending broadcast to Pid = 1306, Uid = 1000 
06-09 06:14:01.015   551   616 W SocketListener: sending broadcast to Pid = 1306, Uid = 1000 
06-09 06:14:01.017  1306  2206 I chatty  : uid=1000(system) NetdConnector expire 10 lines
06-09 06:14:02.315  1306  1306 I chatty  : uid=1000 system_server expire 18 lines
06-09 06:14:02.328  1306  1454 I chatty  : uid=1000(system) UEventObserver expire 15 lines
06-09 06:14:17.358  1306  2527 I chatty  : uid=1000(system) AwareAppStartup expire 71 lines
06-09 06:15:14.604   551   610 W SocketListener: sending broadcast to Pid = 1306, Uid = 1000 
06-09 06:15:14.738  1306  1454 I chatty  : uid=1000(system) UEventObserver expire 10 lines
06-09 06:15:14.747  1306  1306 I chatty  : uid=1000 system_server expire 4 lines
06-09 06:15:14.772  1306 10281 I chatty  : uid=1000(system) Binder:1306_1A expire 64 lines
06-09 06:15:14.791   551   610 W SocketListener: sending broadcast to Pid = 1306, Uid = 1000 
06-09 06:15:15.315  1306  1338 I chatty  : uid=1000(system) android.io expire 8 lines
06-09 06:15:17.659  1306  2221 I chatty  : uid=1000(system) ConnectivitySer expire 14 lines
06-09 06:15:17.735  1306  2464 I chatty  : uid=1000(system) watchdog expire 1 line
06-09 06:16:34.606   551   610 W SocketListener: sending broadcast to Pid = 1306, Uid = 1000 
06-09 06:16:34.712   551   610 W SocketListener: sending broadcast to Pid = 1306, Uid = 1000 
06-09 06:16:34.738  1306  1454 I chatty  : uid=1000(system) UEventObserver expire 15 lines
06-09 06:18:46.603   551   610 W SocketListener: sending broadcast to Pid = 1306, Uid = 1000 
06-09 06:18:46.604  1306  2206 I chatty  : uid=1000(system) NetdConnector expire 4 lines
06-09 06:18:46.607  1306  1337 I chatty  : uid=1000(system) android.fg expire 2 lines
06-09 06:18:46.607   551   610 W SocketListener: sending broadcast to Pid = 1306, Uid = 1000 
06-09 06:18:46.735  1306  1454 I chatty  : uid=1000(system) UEventObserver expire 5 lines
06-09 06:18:47.318   697   781 I storaged: storaged_t::event: storage_info refreshed.
06-09 06:18:48.128  1306  9567 I chatty  : uid=1000(system) Binder:1306_17 expire 37 lines
06-09 06:18:48.163  1306 10281 I chatty  : uid=1000(system) Binder:1306_1A expire 5 lines
06-09 06:18:49.715  1306  2221 I chatty  : uid=1000(system) ConnectivitySer expire 149 lines
06-09 06:18:49.719  1306  2243 I chatty  : uid=1000(system) ConnectivityThr expire 14 lines
06-09 06:18:49.720  1306  1306 I chatty  : uid=1000 system_server expire 7 lines
06-09 06:18:49.805   707   707 I libgps  : proxy_agps_ril_update_network_state: connected(1), type(1:TYPE_WIFI), roaming(0)
06-09 06:18:49.807   707  2634 D libgps  : proxy_agps_ril_request_setid_cb: called.
06-09 06:18:49.812   707   707 I libgps  : proxy_agps_ril_update_network_availability: available(1), apn(cmnet)
06-09 06:18:49.815   707  2634 D libgps  : proxy_agps_ril_set_set_id: called.
06-09 06:18:50.005   551   611 W SocketListener: sending broadcast to Pid = 1306, Uid = 1000 
06-09 06:18:50.006  1306  2206 I chatty  : uid=1000(system) NetdConnector expire 34 lines
06-09 06:18:50.011  1306  1337 I chatty  : uid=1000(system) android.fg expire 5 lines
06-09 06:18:50.017   551   611 W SocketListener: sending broadcast to Pid = 1306, Uid = 1000 
06-09 06:18:50.035   551   611 W SocketListener: sending broadcast to Pid = 1306, Uid = 1000 
06-09 06:18:50.044   551   611 W SocketListener: sending broadcast to Pid = 1306, Uid = 1000 
06-09 06:18:50.175  2528  2528 I BoosterTelephonyCollector: getPhoneStateListener, bytes=[81, 79, 69, 77, 72, 79, 79, 75, 30, 32, 9, 0, 12, 0, 0, 0, 100, 0, 8, 0, 1, 0, 4, 0, 5, 0, 0, 0]
06-09 06:18:50.175  2528  2528 I BoosterTelephonyCollector: unsol oem Data, moduleID=100, moduleLen=8, msgID=1, msgLen=4
06-09 06:18:50.181  2528  2858 I BoosterVideoP: getErabIdFromUnsolData success, erabid=5
06-09 06:18:50.194  1306  1338 I chatty  : uid=1000(system) android.io expire 1 line
06-09 06:18:50.196   551   610 W SocketListener: sending broadcast to Pid = 1306, Uid = 1000 
06-09 06:18:50.285  2528  2528 I DeepNoDisturbSM: onDataConnectionStateChanged,state=2,mTelephonyManager.getDataState()2,mPhoneId=0
06-09 06:18:50.302  2528  2858 I BoosterGameP: handleStateChanged reason=3
06-09 06:18:50.302  2528  2528 I DeepNoDisturbSM: IdleState processMessage msg.what=EVENT_DATA_CONNECTED
06-09 06:18:50.302  2528  2858 E BoosterGameP: inValidCQI:-1
06-09 06:18:50.302  2528  2858 I BoosterVideoP: handleStateChanged reason=3
06-09 06:18:50.302  2528  2858 I BoosterVideoP: sendModemUnsolState false
06-09 06:18:50.302  2528  2858 I BoosterSwitchP: handleStateChanged reason=3
06-09 06:18:50.302  2528  2858 I DeepNoDisturbP: handleStateChanged reason=3
06-09 06:18:50.303  2528  2858 I HidataAppQoeP: handleStateChanged reason=3
06-09 06:18:50.303  2528  2858 I BrowserChrP: handleStateChanged
06-09 06:18:50.311  2528  2528 I DeepNoDisturbSM: isWifiConnected = true
06-09 06:18:50.324  2528  2859 E HwCommBoosterManager: handleOemHookSetResp end error, ret=-2
06-09 06:18:50.326  2528  2528 I DeepNoDisturbSM: isNetworkTypeSuitDeepNoDisturbMode networkType = 13
06-09 06:18:50.326  2528  2528 I DeepNoDisturbSM: isCorrectState=true mIsCallOn=false mGameStatus=0 defaultDataSubId=0 default4GSlotId=0 mIsDefaultDataOn=true mIsScreenOn=false deepNoDisturbModeProp=true isDeepNoDisturbSwitchOn=false isGameDndSwitchOn=false isNetworkTypeSuitDeepNoDisturbMode=true isAirplaneModeOn()=false
06-09 06:18:50.326  2528  2528 I DeepNoDisturbSM: isNeedEnterDeepNoDisturbMode false
06-09 06:18:50.628  1306  2210 I chatty  : uid=1000(system) NetworkPolicy expire 7 lines
06-09 06:18:50.636  1306  4179 I chatty  : uid=1000(system) Binder:1306_F expire 1 line
06-09 06:18:50.718  1306  2332 I chatty  : uid=1000(system) Binder:1306_5 expire 1 line
06-09 06:18:50.720  1306  2492 I chatty  : uid=1000(system) NetworkTimeUpda expire 2 lines
06-09 06:18:50.755  1306 11434 I chatty  : uid=1000(system) Binder:1306_1F expire 2 lines
06-09 06:18:50.757  1306  2916 I chatty  : uid=1000(system) Binder:1306_9 expire 11 lines
06-09 06:18:50.772  5346  5346 W SettingsEx: SettingsEx.Systemex.getInt deprecated use Settings.System.getInt instead ;callers=com.huawei.recsys.util.SystemUtil.getNotificationUpdateMode:190 com.huawei.recsys.util.SystemUtil.isAllowUpdate:122 com.huawei.recsys.controller.notification.http.UpgradeManager.onNetChange:281 
06-09 06:18:50.777  2528  2858 I HidataAppQoeP: receiveAPModuleData,dataTypeId=301
06-09 06:18:50.777  2528  2858 I HidataAppQoeP: HIDATA_START_CELLULAR_APP_QOE_MONITOR appUid=10111,time=3000
06-09 06:18:50.777  1306  1502 I chatty  : uid=1000(system) Binder:1306_4 expire 3 lines
06-09 06:18:50.806 14624 14624 W ContextImpl: Calling a method in the system process without a qualified user: android.app.ContextImpl.startService:1760 android.content.ContextWrapper.startService:664 com.huawei.systemmanager.rainbow.client.background.service.CloudBroadcastHandlerService.startRainbowCommonService:121 com.huawei.systemmanager.rainbow.client.background.service.CloudBroadcastHandlerService.access$000:23 com.huawei.systemmanager.rainbow.client.background.service.CloudBroadcastHandlerService$1.onReceive:90 
06-09 06:18:50.821  1306  1328 I chatty  : uid=1000(system) ActivityManager expire 2 lines
06-09 06:18:50.825   707   707 I libgps  : proxy_agps_ril_update_network_state: connected(1), type(0:TYPE_MOBILE), roaming(0)
06-09 06:18:50.825   707   707 I libgps  : proxy_agps_ril_update_network_availability: available(1), apn(cmnet)
06-09 06:18:50.825   707  2634 D libgps  : proxy_agps_ril_request_setid_cb: called.
06-09 06:18:50.827   707  2634 D libgps  : proxy_agps_ril_set_set_id: called.
06-09 06:18:50.861  5346  5346 W SettingsEx: SettingsEx.Systemex.getInt deprecated use Settings.System.getInt instead ;callers=com.huawei.recsys.util.SystemUtil.getNotificationUpdateMode:190 com.huawei.recsys.util.SystemUtil.isAllowUpdate:122 com.huawei.recsys.controller.notification.http.UpgradeManager.onNetChange:281 
06-09 06:18:50.885  1306  2829 I chatty  : uid=1000(system) Binder:1306_7 expire 7 lines
06-09 06:18:50.906  1306  9567 I chatty  : uid=1000(system) Binder:1306_17 expire 15 lines
06-09 06:18:51.017  1306 10424 I chatty  : uid=1000(system) Binder:1306_1D expire 1 line
06-09 06:18:51.131  1306  9567 I chatty  : uid=1000(system) Binder:1306_17 expire 5 lines
06-09 06:18:51.151  1306  6484 I chatty  : uid=1000(system) Binder:1306_16 expire 7 lines
06-09 06:18:51.166  1306  2924 I chatty  : uid=1000(system) Binder:1306_B expire 4 lines
06-09 06:18:51.171  1306 10300 I chatty  : uid=1000(system) Binder:1306_1C expire 8 lines
06-09 06:18:51.187  1306  2210 I chatty  : uid=1000(system) NetworkPolicy expire 9 lines
06-09 06:18:51.190  1306  2206 I chatty  : uid=1000(system) NetdConnector expire 22 lines
06-09 06:18:51.197  1306  2221 I chatty  : uid=1000(system) ConnectivitySer expire 110 lines
06-09 06:18:51.208   551   611 W SocketListener: sending broadcast to Pid = 1306, Uid = 1000 
06-09 06:18:51.211  1306  1337 I chatty  : uid=1000(system) android.fg expire 6 lines
06-09 06:18:51.220   551   611 W SocketListener: sending broadcast to Pid = 1306, Uid = 1000 
06-09 06:18:51.228  1306 10281 I chatty  : uid=1000(system) Binder:1306_1A expire 2 lines
06-09 06:18:51.237  1306  1306 I chatty  : uid=1000 system_server expire 31 lines
06-09 06:18:51.241  2528  2528 I DeepNoDisturbSM: onDataConnectionStateChanged,state=0,mTelephonyManager.getDataState()0,mPhoneId=0
06-09 06:18:51.248  2528  2528 I DeepNoDisturbSM: IdleState processMessage msg.what=EVENT_DATA_DISCONNECTED
06-09 06:18:51.248  2528  2528 I DeepNoDisturbSM: IdleState: default msg.what=5
06-09 06:18:51.248  2528  2858 I BoosterGameP: handleStateChanged reason=3
06-09 06:18:51.248  2528  2858 E BoosterGameP: inValidCQI:-1
06-09 06:18:51.248  2528  2858 I BoosterVideoP: handleStateChanged reason=3
06-09 06:18:51.248  2528  2858 I BoosterVideoP: sendModemUnsolState false
06-09 06:18:51.248  2528  2858 I BoosterSwitchP: handleStateChanged reason=3
06-09 06:18:51.248  2528  2858 I DeepNoDisturbP: handleStateChanged reason=3
06-09 06:18:51.248  2528  2858 I HidataAppQoeP: handleStateChanged reason=3
06-09 06:18:51.248  2528  2858 I BrowserChrP: handleStateChanged
06-09 06:18:51.253  2528  2859 E HwCommBoosterManager: handleOemHookSetResp end error, ret=-2
06-09 06:18:51.268  1306  2492 I chatty  : uid=1000(system) NetworkTimeUpda expire 2 lines
06-09 06:18:51.271  1306  2243 I chatty  : uid=1000(system) ConnectivityThr expire 10 lines
06-09 06:18:51.286  5346  5346 W SettingsEx: SettingsEx.Systemex.getInt deprecated use Settings.System.getInt instead ;callers=com.huawei.recsys.util.SystemUtil.getNotificationUpdateMode:190 com.huawei.recsys.util.SystemUtil.isAllowUpdate:122 com.huawei.recsys.controller.notification.http.UpgradeManager.onNetChange:281 
06-09 06:18:51.294  2528  2858 I HidataAppQoeP: receiveAPModuleData,dataTypeId=302
06-09 06:18:51.323  5346  5346 W SettingsEx: SettingsEx.Systemex.getInt deprecated use Settings.System.getInt instead ;callers=com.huawei.recsys.util.SystemUtil.getNotificationUpdateMode:190 com.huawei.recsys.util.SystemUtil.isAllowUpdate:122 com.huawei.recsys.controller.notification.http.UpgradeManager.onNetChange:281 
06-09 06:18:51.340  1306  1328 I chatty  : uid=1000(system) ActivityManager expire 3 lines
06-09 06:18:51.341 14624 14624 W ContextImpl: Calling a method in the system process without a qualified user: android.app.ContextImpl.startService:1760 android.content.ContextWrapper.startService:664 com.huawei.systemmanager.rainbow.client.background.service.CloudBroadcastHandlerService.startRainbowCommonService:121 com.huawei.systemmanager.rainbow.client.background.service.CloudBroadcastHandlerService.access$000:23 com.huawei.systemmanager.rainbow.client.background.service.CloudBroadcastHandlerService$1.onReceive:90 
06-09 06:18:51.346  1306  2213 I chatty  : uid=1000(system) WifiStateMachin expire 1 line
06-09 06:18:51.419  1306  2829 I chatty  : uid=1000(system) Binder:1306_7 expire 2 lines
06-09 06:18:51.424   707   707 I libgps  : proxy_agps_ril_update_network_state: connected(1), type(1:TYPE_WIFI), roaming(0)
06-09 06:18:51.424   707  2634 D libgps  : proxy_agps_ril_request_setid_cb: called.
06-09 06:18:51.425   707   707 I libgps  : proxy_agps_ril_update_network_availability: available(1), apn(cmnet)
06-09 06:18:51.436   707  2634 D libgps  : proxy_agps_ril_set_set_id: called.
06-09 06:18:51.482  1306  2223 I chatty  : uid=1000(system) DnsHiCureEngine expire 2 lines
06-09 06:18:51.494  1306  2888 I chatty  : uid=1000(system) Binder:1306_8 expire 1 line
06-09 06:18:51.505   707  2634 D libgps  : proxy_agps_ril_request_setid_cb: called.
06-09 06:18:51.505   707   707 I libgps  : proxy_agps_ril_update_network_availability: available(0), apn(cmnet)
06-09 06:18:51.507   707  2634 D libgps  : proxy_agps_ril_set_set_id: called.
06-09 06:18:51.517  1306  2277 I chatty  : uid=1000(system) HwWMStateMachin expire 7 lines
06-09 06:18:51.554  1306  3076 I chatty  : uid=1000(system) Binder:1306_C expire 10 lines
06-09 06:18:51.658  1306 11434 I chatty  : uid=1000(system) Binder:1306_1F expire 4 lines
06-09 06:18:51.694  1306  1338 I chatty  : uid=1000(system) android.io expire 7 lines
06-09 06:18:52.290  1306  4344 I chatty  : uid=1000(system) Binder:1306_10 expire 6 lines
06-09 06:18:53.087  1306  1501 I chatty  : uid=1000(system) Binder:1306_3 expire 1 line
06-09 06:18:53.463   551   616 W SocketListener: sending broadcast to Pid = 1306, Uid = 1000 
06-09 06:19:09.607   551   610 W SocketListener: sending broadcast to Pid = 1306, Uid = 1000 
06-09 06:19:09.609  1306  2206 I chatty  : uid=1000(system) NetdConnector expire 2 lines
06-09 06:19:09.629  1306  1335 I chatty  : uid=1000(system) batterystats-wo expire 1 line
06-09 06:19:09.635  1306  2500 I chatty  : uid=1000(system) GpsXtraReceiver expire 8 lines
06-09 06:19:09.753  1306  4344 I chatty  : uid=1000(system) Binder:1306_10 expire 22 lines
06-09 06:19:09.782  1306  1306 I chatty  : uid=1000 system_server expire 18 lines
06-09 06:19:09.799  1306  3076 I chatty  : uid=1000(system) Binder:1306_C expire 40 lines
06-09 06:19:09.810  1306  1454 I chatty  : uid=1000(system) UEventObserver expire 20 lines
06-09 06:19:10.647  1306  1338 I chatty  : uid=1000(system) android.io expire 11 lines
06-09 06:19:11.763  1306  2221 I chatty  : uid=1000(system) ConnectivitySer expire 12 lines
06-09 06:19:31.606   551   610 W SocketListener: sending broadcast to Pid = 1306, Uid = 1000 
06-09 06:19:31.608  1306  2206 I chatty  : uid=1000(system) NetdConnector expire 10 lines
06-09 06:19:31.608   551   610 W SocketListener: sending broadcast to Pid = 1306, Uid = 1000 
06-09 06:19:31.610  1306  1337 I chatty  : uid=1000(system) android.fg expire 10 lines
06-09 06:19:31.786  1306  3076 I chatty  : uid=1000(system) Binder:1306_C expire 36 lines
06-09 06:19:35.091  1306  2464 I chatty  : uid=1000(system) watchdog expire 12 lines
06-09 06:20:14.608   551   610 W SocketListener: sending broadcast to Pid = 1306, Uid = 1000 
06-09 06:20:14.624   551   610 W SocketListener: sending broadcast to Pid = 1306, Uid = 1000 
06-09 06:20:14.640  1306 11434 I chatty  : uid=1000(system) Binder:1306_1F expire 12 lines
06-09 06:20:14.756  1306  1454 I chatty  : uid=1000(system) UEventObserver expire 10 lines
06-09 06:21:01.610   551   610 W SocketListener: sending broadcast to Pid = 1306, Uid = 1000 
06-09 06:21:02.008  1306  3076 I chatty  : uid=1000(system) Binder:1306_C expire 80 lines
06-09 06:21:02.033  1306  2332 I chatty  : uid=1000(system) Binder:1306_5 expire 11 lines
06-09 06:21:02.050   551   610 W SocketListener: sending broadcast to Pid = 1306, Uid = 1000 
06-09 06:21:02.054  1306  2206 I chatty  : uid=1000(system) NetdConnector expire 10 lines
06-09 06:21:02.083  1306  1501 I chatty  : uid=1000(system) Binder:1306_3 expire 38 lines
06-09 06:21:10.615  1306  1334 I chatty  : uid=1000(system) keyAppHanderThr expire 18 lines
06-09 06:21:10.641  1306  2295 I chatty  : uid=1000(system) SyncManager expire 48 lines
06-09 06:21:10.766  1306  1454 I chatty  : uid=1000(system) UEventObserver expire 10 lines
06-09 06:21:36.607   551   610 W SocketListener: sending broadcast to Pid = 1306, Uid = 1000 
06-09 06:21:36.747  1306  4344 I chatty  : uid=1000(system) Binder:1306_10 expire 41 lines
06-09 06:21:36.860   551   610 W SocketListener: sending broadcast to Pid = 1306, Uid = 1000 
06-09 06:21:36.905  1306  1338 I chatty  : uid=1000(system) android.io expire 15 lines
06-09 06:21:37.169  1306 11434 I chatty  : uid=1000(system) Binder:1306_1F expire 33 lines
06-09 06:21:43.745  1306  1454 I chatty  : uid=1000(system) UEventObserver expire 15 lines
06-09 06:21:43.897  1306  2527 I chatty  : uid=1000(system) AwareAppStartup expire 71 lines
06-09 06:21:44.062  1306  1501 I chatty  : uid=1000(system) Binder:1306_3 expire 41 lines
06-09 06:22:11.606   551   610 W SocketListener: sending broadcast to Pid = 1306, Uid = 1000 
06-09 06:22:11.608  1306  1306 I chatty  : uid=1000 system_server expire 11 lines
06-09 06:22:11.677   551   610 W SocketListener: sending broadcast to Pid = 1306, Uid = 1000 
06-09 06:22:11.685  1306  2295 I chatty  : uid=1000(system) SyncManager expire 49 lines
06-09 06:22:18.047   551   616 W SocketListener: sending broadcast to Pid = 1306, Uid = 1000 
06-09 06:22:18.050  1306  2206 I chatty  : uid=1000(system) NetdConnector expire 12 lines
06-09 06:22:18.053  1306  1337 I chatty  : uid=1000(system) android.fg expire 11 lines
06-09 06:22:20.742  1306  1454 I chatty  : uid=1000(system) UEventObserver expire 20 lines
06-09 06:22:20.816  1306  1501 I chatty  : uid=1000(system) Binder:1306_3 expire 15 lines
06-09 06:23:12.606   551   610 W SocketListener: sending broadcast to Pid = 1306, Uid = 1000 
06-09 06:23:12.611  1306  1306 I chatty  : uid=1000 system_server expire 11 lines
06-09 06:23:12.617   551   610 W SocketListener: sending broadcast to Pid = 1306, Uid = 1000 
06-09 06:24:23.606   551   610 W SocketListener: sending broadcast to Pid = 1306, Uid = 1000 
06-09 06:24:23.617  1306  1306 I chatty  : uid=1000 system_server expire 77 lines
06-09 06:24:23.729   551   610 W SocketListener: sending broadcast to Pid = 1306, Uid = 1000 
06-09 06:24:23.737  1306  2332 I chatty  : uid=1000(system) Binder:1306_5 expire 42 lines
06-09 06:24:23.749  1306  4344 I chatty  : uid=1000(system) Binder:1306_10 expire 10 lines
06-09 06:24:25.006  1306  1325 I chatty  : uid=1000(system) android.bg expire 12 lines
06-09 06:25:47.606   551   610 W SocketListener: sending broadcast to Pid = 1306, Uid = 1000 
06-09 06:25:47.607  1306  2206 I chatty  : uid=1000(system) NetdConnector expire 10 lines
06-09 06:25:47.612   551   610 W SocketListener: sending broadcast to Pid = 1306, Uid = 1000 
06-09 06:25:47.642  1306  1306 I chatty  : uid=1000 system_server expire 28 lines
06-09 06:25:47.748  1306  1454 I chatty  : uid=1000(system) UEventObserver expire 20 lines
06-09 06:25:48.227  1306  1338 I chatty  : uid=1000(system) android.io expire 21 lines
06-09 06:25:51.110  1306  2332 I chatty  : uid=1000(system) Binder:1306_5 expire 28 lines
06-09 06:25:53.967   697   781 I storaged: storaged_t::event: storage_info refreshed.
06-09 06:26:01.634  1306 26970 I chatty  : uid=1000 system_server expire 18 lines
06-09 06:26:01.790  1306  2218 I chatty  : uid=1000(system) WifiP2pService expire 12 lines
06-09 06:26:01.942  1306 10300 I chatty  : uid=1000(system) Binder:1306_1C expire 18 lines
06-09 06:26:01.948  1306 10281 I chatty  : uid=1000(system) Binder:1306_1A expire 10 lines
06-09 06:26:01.950  1306  2209 I chatty  : uid=1000(system) NetworkStats expire 14 lines
06-09 06:26:01.987  1306  1501 I chatty  : uid=1000(system) Binder:1306_3 expire 11 lines
06-09 06:26:01.997  1306  1328 I chatty  : uid=1000(system) ActivityManager expire 18 lines
06-09 06:26:02.322  1306  4344 I chatty  : uid=1000(system) Binder:1306_10 expire 42 lines
06-09 06:26:58.606   551   610 W SocketListener: sending broadcast to Pid = 1306, Uid = 1000 
06-09 06:26:58.637   551   610 W SocketListener: sending broadcast to Pid = 1306, Uid = 1000 
06-09 06:26:58.775  1306  1454 I chatty  : uid=1000(system) UEventObserver expire 15 lines
06-09 06:26:59.231  1306  2527 I chatty  : uid=1000(system) AwareAppStartup expire 71 lines
06-09 06:28:11.598   551   616 W SocketListener: sending broadcast to Pid = 1306, Uid = 1000 
