06-16 22:03:43.397  1639  1639 I Net.20891NetworkSpeedMa: value=1973.3334speed = 1.93K/smIsShowLastSpeedValuefalse
06-16 22:03:43.397  1639  1639 I NetworkSpeedView: /update(), speed=1.93K/s
06-16 22:03:43.399  1639  1639 I NetworkSpeedView: /update(), speed=1.93K/s
06-16 22:03:43.673  1296  4216 I chatty  : uid=1000 system_server expire 1 line
06-16 22:03:43.794  4217  4217 E JankService: child Thread receive to stop
06-16 22:03:43.934   724   948 E JankService: all data read ok
06-16 22:03:44.093  1296  1432 D HwBatteryService: onUEvent fcpStatus = 0,scpStatus =0,ovpStatus=0
06-16 22:03:44.095  1296  1432 I HwBatteryService: quick charge status : 0
06-16 22:03:44.096  1296  1432 I HwBatteryService: handleWirelessTxStatus
06-16 22:03:44.096  1296  1432 I HwBatteryService: switch not open, return, mWirelessTxFlag : 0
06-16 22:03:44.097  1296  1432 I UsbDeviceManager: water_intrused state= 0
06-16 22:03:44.172  3194  3285 E LYNX_TT_WEBVIEW: can't get appInfo, try at 5 seconds later! 
06-16 22:03:44.198  1296  1446 I AlarmManager: adjustDeliveryTimeBasedOnStandbyBucketLocked alarm:Alarm{cc9591d type 0 when 1560693824108 PendingIntent{2edcfe7: PendingIntentRecord{8441794 com.huawei.hiai broadcastIntent}}com.huawei.hiai}, standbyBucket:40, minElapsed:100800536
06-16 22:03:44.227  1296 14783 V BroadcastQueue: Finished with ordered broadcast BroadcastRecord{3939fe1 u0 com.huawei.systemmanager.hsmmonitor.dially}
06-16 22:03:44.239  1639  1639 D StatusBarIconController: setIconVisibility icon is null or visibility not change visibility=false
06-16 22:03:44.239  1639  1639 D NetWorkUtils: mVSimCurCardType is -1
06-16 22:03:44.239  1639  1639 D StatusBarIconController: setIconVisibility icon is null or visibility not change visibility=false
06-16 22:03:44.239  1296  1867 V BroadcastQueue: Finished with ordered broadcast BroadcastRecord{8aa6df4 u0 com.tencent.mm.TrafficStatsReceiver}
06-16 22:03:44.240  1639  1639 D NetWorkUtils: mVSimCurCardType is -1
06-16 22:03:44.240  1639  1639 D StatusBarIconController: setIconVisibility icon is null or visibility not change visibility=false
06-16 22:03:44.240  1639  1639 D NetWorkUtils: mVSimCurCardType is -1
06-16 22:03:44.246  1296  8135 I NetworkStats: openSession, pid = 1930
06-16 22:03:44.247  1296  1867 V BroadcastQueue: Finished with ordered broadcast BroadcastRecord{44ff792 u0 com.huawei.hwsystemmanager.power.SCHEDULE_RECORD_REMAING_TIME_SCENE}
06-16 22:03:44.267  1296 14783 I NetworkStats: openSession, pid = 1930
06-16 22:03:44.350  1296  1315 I chatty  : uid=1000(system) android.ui expire 13 lines
06-16 22:03:44.350  1296  1315 I WindowManager: onProposedRotationChanged, rotation=0
06-16 22:03:44.354  1296  1315 I WindowManager: MyOrientationListener: updateRotation.
06-16 22:03:44.360  1296  1315 V WindowManager: removeIfPossible: Window{766a9cf u0 android}
06-16 22:03:44.363  1296  1315 V WindowManager: postWindowRemoveCleanupLocked: Window{766a9cf u0 android}
06-16 22:03:44.363  1296  1315 V WindowManager: Removing Window{766a9cf u0 android} from WindowToken{e70aa2e android.view.ViewRootImpl$W@a6104a9}
06-16 22:03:44.395 32591 32591 I HwHiAIEngine_AIEngineProvider: call method: ddk_report
06-16 22:03:44.400  1296  1315 V WindowManager: addWindow: Window{8bb8ed5 u0 android}
06-16 22:03:44.401  1296  1315 I StatusBarDisable: setFlags what=0 which=1 pkg=Window{305444b u0 com.android.settings/com.android.settings.Settings$DevelopmentSettingsActivity}
06-16 22:03:44.401  1296  1315 D PickUpWakeScreenManager: onDeviceDataChanged
06-16 22:03:44.401  1296  1315 D PickUpWakeScreenManager: screen on =true
06-16 22:03:44.402  1639 10745 D KeyguardService: Caller checkPermission fail
06-16 22:03:44.402  1639 10745 D KeyguardService: KGSvcCall doFaceRecognize.PICKUP:SC_ON
06-16 22:03:44.405  1639  1639 I HwKeyguardUpdateMonitor: face detect wakeupreason = PICKUP:SC_ON F-Enable<F> Finger<F>
06-16 22:03:44.405  1639  1639 I HwKeyguardUpdateMonitor: ??? faceDetectWithWakingUp skiped: false false
06-16 22:03:44.413  1296  1867 V BroadcastQueue: Finished with ordered broadcast BroadcastRecord{1fa7560 u0 com.huawei.com.ddk.report.action}
06-16 22:03:44.428  1296  1315 I StatusBarDisable: setFlags what=0 which=1 pkg=Window{305444b u0 com.android.settings/com.android.settings.Settings$DevelopmentSettingsActivity}
06-16 22:03:44.463 32591  4218 E HwHiAIEngine_DDKCore: WARNING: could not load library jni_ddk_report! ule:java.lang.UnsatisfiedLinkError: dlopen failed: library "libai_client.so" not found.
06-16 22:03:44.601  1296  1305 I chatty  : uid=1000(system) HeapTaskDaemon expire 2 lines
06-16 22:03:44.631  1852  2624 I chatty  : uid=1000(system) thermal-core-th expire 3 lines
06-16 22:03:44.690  1296  1315 D PickUpWakeScreenManager: onDeviceDataChanged
06-16 22:03:44.690  1296  1315 D PickUpWakeScreenManager: screen on =true
06-16 22:03:44.691  1639 10745 D KeyguardService: Caller checkPermission fail
06-16 22:03:44.691  1639 10745 D KeyguardService: KGSvcCall doFaceRecognize.PICKUP:SC_ON
06-16 22:03:44.691  1639  1639 I HwKeyguardUpdateMonitor: face detect wakeupreason = PICKUP:SC_ON F-Enable<F> Finger<F>
06-16 22:03:44.691  1639  1639 I HwKeyguardUpdateMonitor: ??? faceDetectWithWakingUp skiped: false false
06-16 22:03:44.790 31537 31709 I wapm    : has not enter splash
06-16 22:03:44.828  1296  1454 I chatty  : uid=1000(system) HWExtMotionServ expire 10 lines
06-16 22:03:44.829  1296  1315 I WindowManager: onProposedRotationChanged, rotation=0
06-16 22:03:44.830  1296  1315 I WindowManager: MyOrientationListener: updateRotation.
06-16 22:03:44.834  1296  1315 V WindowManager: removeIfPossible: Window{8bb8ed5 u0 android}
06-16 22:03:44.837  1296  1315 V WindowManager: postWindowRemoveCleanupLocked: Window{8bb8ed5 u0 android}
06-16 22:03:44.838  1296  1315 V WindowManager: Removing Window{8bb8ed5 u0 android} from WindowToken{881878c android.view.ViewRootImpl$W@b2ba4bf}
06-16 22:03:44.873  1296  1315 V WindowManager: addWindow: Window{d7c87b6 u0 android}
06-16 22:03:44.873  1296  1315 I StatusBarDisable: setFlags what=0 which=1 pkg=Window{305444b u0 com.android.settings/com.android.settings.Settings$DevelopmentSettingsActivity}
06-16 22:03:44.888  1296  1315 I StatusBarDisable: setFlags what=0 which=1 pkg=Window{305444b u0 com.android.settings/com.android.settings.Settings$DevelopmentSettingsActivity}
06-16 22:03:44.899  1296  8135 I NetworkStats: getSummaryForAllPid stats size= 725
06-16 22:03:45.048 31101 31494 E qyapm-agent: totalMem:38, maxMem:512
06-16 22:03:45.134  1639  4219 I ndroid.systemu: Explicit concurrent copying GC freed 62428(3MB) AllocSpace objects, 3(124KB) LOS objects, 49% free, 11MB/22MB, paused 90us total 56.613ms
06-16 22:03:45.201  1639  4219 I ndroid.systemu: Explicit concurrent copying GC freed 2708(140KB) AllocSpace objects, 0(0B) LOS objects, 50% free, 11MB/22MB, paused 50us total 53.039ms
06-16 22:03:45.384  1816  2023 D HwWifiStatStore: handleMessage : 200
06-16 22:03:45.489  1593  3968 D SignalStatisticInfo: handleSignalStatistic: sigProcState = 2
06-16 22:03:45.489  1593  3968 D AppStatisticProc: isMpPolicyEnable: return false
06-16 22:03:45.494  1593  3968 D DaemonMessageAdapter: getWifiState: WifiState = 4
06-16 22:03:45.495  1593  3968 D SmartcareProc: defaultSlot = 0, RAT = 4
06-16 22:03:45.498  1593  3968 D AppStatisticProc: isMpPolicyEnable: return false
06-16 22:03:45.498  1593  3968 D AppStatisticProc: isMpPolicyEnable: return false
06-16 22:03:45.618   592  1505 E android.hardware.usb@1.0-service: uevent received SUBSYSTEM=dual_role_usb
06-16 22:03:45.625   592   592 W usb@1.0-service: type=1400 audit(0.0:64869): avc: denied { dac_override } for capability=1 scontext=u:r:hal_usb_default:s0 tcontext=u:r:hal_usb_default:s0 tclass=capability permissive=0
06-16 22:03:45.625   592   592 W usb@1.0-service: type=1400 audit(0.0:64870): avc: denied { dac_override } for capability=1 scontext=u:r:hal_usb_default:s0 tcontext=u:r:hal_usb_default:s0 tclass=capability permissive=0
06-16 22:03:45.626   592  1505 I android.hardware.usb@1.0-service: otg_default
06-16 22:03:45.629   592  1505 I android.hardware.usb@1.0-service: canChangeMode: 1 canChagedata: 0 canChangePower:0
06-16 22:03:45.633  1296  5041 I UsbPortManager: ClientCallback: otg_default
06-16 22:03:45.633  1296  1323 I UsbPortManager: USB port changed: port=UsbPort{id=otg_default, supportedModes=dual}, status=UsbPortStatus{connected=false, currentMode=none, currentPowerRole=no-power, currentDataRole=no-data, supportedRoleCombinations=[no-power:no-data]}, canChangeMode=true, canChangePowerRole=false, canChangeDataRole=false
06-16 22:03:45.640  1593  1593 D HighSpeedDevicesManager: onSinkPowerConnectedChanged, mIsSinkPowerConnected: true -> false
06-16 22:03:45.649  1593  1593 D HighSpeedDevicesManager: DPManager notifyDeviceState CONNECTED_DEVICE_STATE_OUT.
06-16 22:03:45.657  3829  3829 I chatty  : uid=1000(system) com.android.settings expire 4 lines
06-16 22:03:45.659  1296 14783 V BroadcastQueue: Finished with ordered broadcast BroadcastRecord{c236cb7 u-1 android.hardware.usb.action.USB_PORT_CHANGED}
06-16 22:03:45.674  1930  2183 E HSM_Install_BG: DataFlowDetector:package name is empty , uid = 1021
06-16 22:03:45.674  1930  2183 E HSM_Install_BG: DataFlowDetector:package name is empty , uid = 1051
06-16 22:03:45.674  1930  2183 E HSM_Install_BG: DataFlowDetector:package name is empty , uid = 0
06-16 22:03:45.683   612   612 E WifiHAL : enter wifi_get_link_stats
06-16 22:03:45.688   865  4187 E MtpServer: request read returned -1, errno: 5
06-16 22:03:45.688   865  4187 I HwMtpServerExJNI: cleanup MtpServerEx
06-16 22:03:45.688   865  4187 V MtpServerEx: destructor
06-16 22:03:45.688   865  4187 V HwMtpServerExJNI: finalize
06-16 22:03:45.689   865  4187 I StagefrightMediaScannerEx: StagefrightMediaScanner destructor
06-16 22:03:45.693  4173  4182 E adbd    : aio: got error event on read total bufs 1: Cannot send after transport endpoint shutdown
06-16 22:03:45.694  4173  4180 E adbd    : aio: got error event on write total bufs 1: Cannot send after transport endpoint shutdown
06-16 22:03:45.695  4173  4173 I adbd    : closing functionfs transport
06-16 22:03:45.704  1296  1432 D HwBatteryService: onUEvent fcpStatus = 0,scpStatus =0,ovpStatus=0
06-16 22:03:45.705  1296  1432 I HwBatteryService: quick charge status : 0
06-16 22:03:45.705  1296  1432 I HwBatteryService: handleWirelessTxStatus
06-16 22:03:45.705  1296  1432 I HwBatteryService: switch not open, return, mWirelessTxFlag : 0
06-16 22:03:45.705  1296  5041 I BatteryService: normal charge status : 1
06-16 22:03:45.705  1296  1432 I UsbDeviceManager: water_intrused state= 0
06-16 22:03:45.706   606   606 D lights  : set_light_battery colorRGB=00000000, onMS=0, offMS=0 
06-16 22:03:45.709  1296  1430 I chatty  : uid=1000(system) HwBatteryServic expire 14 lines
06-16 22:03:45.710  1593  2154 D HighSpeedDevicesManager: HighSpeedDevicesObserver onUEvent.
06-16 22:03:45.710  1593  1606 E HsmCoreServiceImpl: onTransact in code is: 102
06-16 22:03:45.710  1593  2154 D HighSpeedDevicesManager: DP_STATE: null; USB3_STATE: null; ANA_STATE: null; USBPC_STATE: DISCONNECTED.
06-16 22:03:45.710  1593  2154 D HighSpeedDevicesManager: onUSBPCConnectedChanged, mIsUSBPCConnected: true -> false
06-16 22:03:45.710  1593  1606 W MediaProcessHandler: processOp uid 1000 is not concerned!
06-16 22:03:45.710  1593  1606 I MediaProcessHandler: executedCallBack opType: 1 mMediaStatusObservers.size=0
06-16 22:03:45.718  1593  2154 D HighSpeedDevicesManager: DPManager notifyDeviceState CONNECTED_DEVICE_STATE_OUT.
06-16 22:03:45.723   709 23038 D NuPlayerDriver: reset(0xf2494780) at state 6
06-16 22:03:45.731  1639  1639 W PowerUI : unknown intent: Intent { act=android.intent.action.ACTION_POWER_DISCONNECTED flg=0x4000010 (has extras) }
06-16 22:03:45.732  1816  2103 I OPCollectLog: PowerDisConnectedAction:onReceive action: android.intent.action.ACTION_POWER_DISCONNECTED
06-16 22:03:45.742 29302 29302 I [10.4.0.305]HiCloud.SyncObserverService: action power disconnected.
06-16 22:03:45.744   711  1336 I storaged: uid_monitor::update_curr_io_stats_locked: last_uid_io_stats_ size is 100
06-16 22:03:45.744   711  1336 I storaged: uid_monitor::update_curr_io_stats_locked: curr_io_stats_ size is 100
06-16 22:03:45.745   709 23038 I GenericSource: GenericSource::disconnect begin
06-16 22:03:45.745   709 23038 I GenericSource: GenericSource::disconnect end
06-16 22:03:45.745   709 23038 D NuPlayer: NuPlayer::resetAsync() post kWhatReset
06-16 22:03:45.746   709  1198 I NuPlayer: kWhatReset
06-16 22:03:45.746   709  1198 I NuPlayer: updatePlaybackTimer(stop)  time                    0 (kWhatReset)
06-16 22:03:45.746   709  1198 I NuPlayer: updateRebufferingTimer(stop)  time                    0 (exiting 1)
06-16 22:03:45.746   709  1198 I NuPlayer: performDecoderFlush audio=2, video=2
06-16 22:03:45.746   709  1198 I NuPlayer: [audio] flushDecoder needShutdown=1
06-16 22:03:45.746   709  1198 I NuPlayer: postponing action mFlushingAudio=2, mFlushingVideo=0
06-16 22:03:45.746  3322  3322 W HiAction_IntelligentReceiver: TraceFlow.ruleManagerFlow: IntelligentReceiver:android.intent.action.ACTION_POWER_DISCONNECTED
06-16 22:03:45.747  1296  1314 I ActivityManager: App 10081/com.android.browser targets O+, restricted
06-16 22:03:45.748  1296  1314 W BroadcastQueue: Background execution not allowed: receiving Intent { act=android.intent.action.ACTION_POWER_DISCONNECTED flg=0x4000010 (has extras) } to com.android.browser/com.tencent.mtt.browser.push.service.ConnectivityReceiver
06-16 22:03:45.749  3322  3322 W HiAction_RuleManager: ResouceUtil: getResourceSwitchStatus: true
06-16 22:03:45.752   865   865 D AutoCache: onReceive intent=Intent { act=android.intent.action.ACTION_POWER_DISCONNECTED flg=0x4000010 (has extras) } action=android.intent.action.ACTION_POWER_DISCONNECTED
06-16 22:03:45.753   709  1198 I NuPlayer: decoder audio flush completed
06-16 22:03:45.753   709  1198 I NuPlayer: renderer audio flush completed.
06-16 22:03:45.753   709  1198 I NuPlayer: initiating audio decoder shutdown
06-16 22:03:45.754   709  1212 W ACodec  : forcing OMX state to Idle when received shutdown in ExecutingState
06-16 22:03:45.754   716  1239 W SimpleSoftOMXComponent: onChangeState mState= 3, mTargetState = 3, state = 2
06-16 22:03:45.758   716  1239 W SimpleSoftOMXComponent: onChangeState mState= 2, mTargetState = 2, state = 1
06-16 22:03:45.758   716  1239 W SimpleSoftOMXComponent: checkTransitions port buf count is not zero
06-16 22:03:45.758   716   835 W SimpleSoftOMXComponent: checkTransitions port buf count is not zero
06-16 22:03:45.758   716  7097 W SimpleSoftOMXComponent: checkTransitions port buf count is not zero
06-16 22:03:45.759   716   835 W SimpleSoftOMXComponent: checkTransitions mState = 2, mTargetState = 1
06-16 22:03:45.759  3322  3322 W HiAction_IntelligentReceiver: TraceFlow.ruleManagerFlow: agreement is ok, then check intellgentUpdate conditions
06-16 22:03:45.760   716   835 I OMXNodeInstance: change state and then freeNode, handle = 0xed59e0e0
06-16 22:03:45.760  3322  3322 I HiAction_RuleManager: IntelligentReceiver: registListener, listener is already exits
06-16 22:03:45.762  1816  2103 I OPCollectLog: Action:PowerDisConnectedAction executed successfully
06-16 22:03:45.763   716   835 I OMXNodeInstance: OMXNodeInstance going away.
06-16 22:03:45.764 31864 31864 E cube_taskex: HCDN_LOG: [2019-06-16 22:03:45.755][T:31864]Java_com_qiyi_hcdndownloader_HCDNDownloaderTask_SetParamNative 330: taskptr = 0xe52cc5d4,szparamname = device_state,szparamvalue = {"model":"STF-AL00","cpu":-1,"mem":-1,"tmem":-1,"wifi":1,"power":1,"battery":5,"lockScreen":0}

06-16 22:03:45.764 31864 31864 E cube    : HCDN_LOG: [2019-06-16 22:03:45.764][T:31864][func:SetParam],[line:780],[oper:set param],[param_name:device_state],[param_value:{"model":"STF-AL00","cpu":-1,"mem":-1,"tmem":-1,"wifi":1,"power":1,"battery":5,"lockScreen":0}]
06-16 22:03:45.764 31864 31864 E cube    : HCDN_LOG: [2019-06-16 22:03:45.764][T:31864][func:SetParam],[line:363],[oper:set param],[key:device_state],[value:{"model":"STF-AL00","cpu":-1,"mem":-1,"tmem":-1,"wifi":1,"power":1,"battery":5,"lockScreen":0}]
06-16 22:03:45.765 31864 31864 E cube    : HCDN_LOG: [2019-06-16 22:03:45.764][T:31864][func:SetParam],[line:212],[oper:hcdn client set param],[key:device_state],[value:{"model":"STF-AL00","cpu":-1,"mem":-1,"tmem":-1,"wifi":1,"power":1,"battery":5,"lockScreen":0}]
06-16 22:03:45.765 31864 31864 E p2pfile : HCDN_LOG: [2019-06-16 22:03:45.765][T:31864][func:SetParam],[line:2219],[oper: SetParam message ParamName(device_state), ParamValue({"model":"STF-AL00","cpu":-1,"mem":-1,"tmem":-1,"wifi":1,"power":1,"battery":5,"lockScreen":0}), isGlobal(true), m_dwTaskID(0)]
06-16 22:03:45.765 31864 31956 E hcdn_downloadengine: HCDN_LOG: [2019-06-16 22:03:45.765][T:31956]OnRecvSetParam,1782     task_id : 0,SetParam : device_state,{"model":"STF-AL00","cpu":-1,"mem":-1,"tmem":-1,"wifi":1,"power":1,"battery":5,"lockScreen":0} 
06-16 22:03:45.765 31864 31956 E hcdn_downloadengine: HCDN_LOG: [2019-06-16 22:03:45.765][T:31956]ParserDeviceState,3689     device_state {"model":"STF-AL00","cpu":-1,"mem":-1,"tmem":-1,"wifi":1,"power":1,"battery":5,"lockScreen":0} 
06-16 22:03:45.765 21796 21796 I iu.Environment: update battery state; isPlugged? false*
06-16 22:03:45.765 31864 31945 E cube    : HCDN_LOG: [2019-06-16 22:03:45.765][T:31945][func:DealSetParam],[line:956],[oper:deal set param by self thread],[param_name:device_state],[param_value:{"model":"STF-AL00","cpu":-1,"mem":-1,"tmem":-1,"wifi":1,"power":1,"battery":5,"lockScreen":0}]
06-16 22:03:45.774  1296  1328 D PickUpWakeScreenManager: isPickupSensorSupport isSensorSupport = true
06-16 22:03:45.777  1639  1639 D KeyguardUpdateMonitor: received broadcast android.intent.action.BATTERY_CHANGED
06-16 22:03:45.777  1639  1639 W KeyguardUpdateMonitor: ACTION_BATTERY_CHANGED AMP: 0; Volt: 0
06-16 22:03:45.778  1639  1639 W ChargingAnimController: Remove charging skip as not exist
06-16 22:03:45.778  1639  1639 I KgBattery: (last-new)Status: 1 -> null, chargeState=0 * branch=3
06-16 22:03:45.778  1639  1639 V KeyguardUpdateMonitor: RefreshBatteryInfo isBatteryLow: 53
06-16 22:03:45.778  1639  1639 W KeyguardUpdateMonitor: ChargingSpeed  Wattage: -1 ST: 5000000 --> 7500000
06-16 22:03:45.778  1639  1639 I KgBattery: BatteryInfo updated:  3lpc-1
06-16 22:03:45.778  1639  1639 W AppHandler: sendMessage with obj100
06-16 22:03:45.778  1639  1639 D KeyguardUpdateMonitor: handleBatteryUpdate
06-16 22:03:45.778  1639  1639 I ColorPickUitls: type = 2
06-16 22:03:45.778  1639  1639 W KG_FDT  : isFaceUnlockEnabled 1
06-16 22:03:45.778  1639  1639 V KeyguardUpdateMonitor: RefreshBatteryInfo isBatteryLow: 53
06-16 22:03:45.778  1639  1639 V KeyguardUpdateMonitor: RefreshBatteryInfo isBatteryLow: 53
06-16 22:03:45.778  1639  1639 W HwKgdBArea_BTY: updateBatteryInfo : false  false
06-16 22:03:45.778  1639  1639 W HwKeyguardUpdateMonitor: ChangingStat onDataChanged
06-16 22:03:45.779  1639  1639 W HwLockScreenPanel: refreshBatteryInfo: null
06-16 22:03:45.779  1639  1639 W HwLockScreenPanel: Handle message: 100
06-16 22:03:45.779  1639  1639 W HwKgdBArea_BTY: updateBatteryInfo : false  false
06-16 22:03:45.779 21796  4222 D WorkSource: Insert in WorkSource{} @ 0 uid 10099 name com.google.android.gms
06-16 22:03:45.782  1296  1867 I chatty  : uid=1000(system) Binder:1296_7 expire 3 lines
06-16 22:03:45.784  1816  2104 I OPCollectLog: OdmfHelper:insert dsCollectEncrypt success 
06-16 22:03:45.786  4173  4178 I adbd    : initializing functionfs
06-16 22:03:45.786  4173  4178 E adbd    : cannot open bulk-out endpoint /dev/usb-ffs/adb/ep1: No such file or directory
06-16 22:03:45.792   709  1198 I NuPlayer: audio shutdown completed
06-16 22:03:45.793   709  1198 I NuPlayer: both audio and video are flushed now.
06-16 22:03:45.793   709  1198 D NuPlayer: closeAudioSink
06-16 22:03:45.796   612   612 E WifiHAL : enter wifi_get_link_stats
06-16 22:03:45.798   614 18989 D AudioFlinger: event 163 
06-16 22:03:45.800   709  1198 D NuPlayer: performReset
06-16 22:03:45.800   709  1198 I NuPlayer: updatePlaybackTimer(stop)  time                    0 (performReset)
06-16 22:03:45.800   709  1198 I NuPlayer: updateRebufferingTimer(stop)  time                    0 (exiting 1)
06-16 22:03:45.800   709  1198 I NuPlayerRenderer: This video has played 0 frames
06-16 22:03:45.800   709  1198 D GenericSource: ~GenericSource
06-16 22:03:45.801   709  1198 I GenericSource: resetDataSource
06-16 22:03:45.801  1852  2232 I chatty  : uid=1000(system) HookHub expire 5 lines
06-16 22:03:45.802   709  1198 D NuPlayerDriver: notifyResetComplete(0xf2494780)
06-16 22:03:45.802   614  1134 I AudioMixer: Pid:614 deleteTrackName(1)
06-16 22:03:45.802   709 23038 E MediaPlayerService: getDuration returned -2147483648
06-16 22:03:45.802   709 23038 D NuPlayerDriver: reset(0xf2494780) at state 0
06-16 22:03:45.803   709 23038 I NuPlayer: updateInternalTimers()
06-16 22:03:45.803   709 23038 I NuPlayer: updatePlaybackTimer(snap)  time                    0 (updateInternalTimers)
06-16 22:03:45.803   709 23038 I NuPlayer: updateRebufferingTimer(snap)  time                    0 (exiting 0)
06-16 22:03:45.803   709 23038 W AMessage: failed to post message as target looper for handler 0 is gone.
06-16 22:03:45.805  1639  1925 W ExHandler: KG_Background_Handle_Thread running too long, use 23  { when=-26ms callback=com.android.keyguard.hwlockscreen.magazine.MagazineDetailView$3 target=com.huawei.keyguard.basetype.ExHandler }
06-16 22:03:45.807  1593  1606 E HsmCoreServiceImpl: onTransact in code is: 102
06-16 22:03:45.807  1593  1606 W MediaProcessHandler: processOp uid 1000 is not concerned!
06-16 22:03:45.807  1593  1606 I MediaProcessHandler: executedCallBack opType: 1 mMediaStatusObservers.size=0
06-16 22:03:45.808   614 18989 D AudioFlinger: event 163 
06-16 22:03:45.809  1578  1595 V AudioManager: mPlaybackCallbackList.size:1
06-16 22:03:45.809  1578  2386 D AudioManager: dispatching onPlaybackConfigChanged()
06-16 22:03:45.809  1296  1296 I chatty  : uid=1000 system_server expire 12 lines
06-16 22:03:45.819  1296  1296 I Telecom-ChargingStatusManager: onChargingStatusChanged, mIsCharging: true -> false
06-16 22:03:45.825  1578  1595 I bt_btif bt interface: read_energy_info
06-16 22:03:45.830  1639  1639 I KeyguardUtils: fpPath=sys/class/hw_power/charger/charge_data/chargerType, value=5
06-16 22:03:45.835  1639  1639 I KeyguardUtils: fpPath=sys/class/hw_power/charger/charge_data/chargerType, value=5
06-16 22:03:45.854  3194  3194 W System.err: java.lang.ClassNotFoundException: com.ss.android.common.businessinterface.feedback.IFeedbackService__ServiceProxy
06-16 22:03:45.865  1930  2261 E HSM_Install_BG: ChargeInfo: doRecordsChargeInfo chargeTime =93506986 plugType = 2 chargeType =1
06-16 22:03:45.865  1930  2261 E HSM_Install_BG: ChargeInfo: doRecordsChargeInfo lastCapacityRm =1541 capacityRm = 1557 mTimes = 95245 chargeBattery =16
06-16 22:03:45.865  1930  2261 E HSM_Install_BG: ChargeInfo: doRecordsChargeInfo BATTERY_PLUGGED_USB chargeBattery =16
06-16 22:03:45.872  3382  4229 D WorkSource: Insert in WorkSource{} @ 0 uid 10099 name com.google.android.gms
06-16 22:03:45.880   610   610 I Legacy PowerHAL: get_number_of_platform_modes
06-16 22:03:45.880   610   610 I Legacy PowerHAL: get_voter_list!
06-16 22:03:45.880   610   610 I Legacy PowerHAL: get_platform_low_power_stats update list
06-16 22:03:45.886  1296  1321 W BatteryExternalStatsWorker: modem info is invalid: ModemActivityInfo{ mTimestamp=0 mSleepTimeMs=0 mIdleTimeMs=0 mTxTimeMs[]=[0, 0, 0, 0, 0] mRxTimeMs=0 mEnergyUsed=0}
06-16 22:03:45.893  4000  4000 I HwOUC   : [main-1]onReceive action=android.intent.action.ACTION_POWER_DISCONNECTED(PowerConnectedReceiver.java:27)
06-16 22:03:45.930 21796 25064 I iu.UploadsManager: num queued entries: 0
06-16 22:03:45.952  3194  3194 W System.err: 	at java.lang.Class.classForName(Native Method)
06-16 22:03:45.953  3194  3194 W System.err: 	at java.lang.Class.forName(Class.java:453)
06-16 22:03:45.953  3194  3194 W System.err: 	at java.lang.Class.forName(Class.java:378)
06-16 22:03:45.953  3194  3194 W System.err: 	at com.bytedance.news.common.service.manager.ServiceManager.tryGetByReflect(SourceFile:110)
06-16 22:03:45.953  3194  3194 W System.err: 	at com.bytedance.news.common.service.manager.ServiceManager.getService(SourceFile:47)
06-16 22:03:45.953  3194  3194 W System.err: 	at com.bytedance.frameworks.runtime.decouplingframework.ServiceManager.getService(SourceFile:20)
06-16 22:03:45.953  3194  3194 W System.err: 	at com.ss.android.module.manager.ModuleManager.getModuleOrNull(SourceFile:59)
06-16 22:03:45.953  3194  3194 W System.err: 	at com.ss.android.module.manager.ModuleManager.getModule(SourceFile:100)
06-16 22:03:45.953  3194  3194 W System.err: 	at com.ss.android.article.news.d.a.d.run(SourceFile:19)
06-16 22:03:45.953  3194  3194 W System.err: 	at com.ss.android.article.base.feature.main.task.o$1.queueIdle(SourceFile:36)
06-16 22:03:45.953  3194  3194 W System.err: 	at com.ss.android.article.base.feature.main.task.e.queueIdle(SourceFile:55)
06-16 22:03:45.953  3194  3194 W System.err: 	at android.os.MessageQueue.next(MessageQueue.java:494)
06-16 22:03:45.953  3194  3194 W System.err: 	at android.os.Looper.loop(Looper.java:169)
06-16 22:03:45.953  3194  3194 W System.err: 	at android.app.ActivityThread.main(ActivityThread.java:7539)
06-16 22:03:45.953  3194  3194 W System.err: 	at java.lang.reflect.Method.invoke(Native Method)
06-16 22:03:45.953  3194  3194 W System.err: 	at com.android.internal.os.RuntimeInit$MethodAndArgsCaller.run(RuntimeInit.java:524)
06-16 22:03:45.953  3194  3194 W System.err: 	at com.android.internal.os.ZygoteInit.main(ZygoteInit.java:958)
06-16 22:03:45.953  3194  3194 W System.err: Caused by: java.lang.ClassNotFoundException: Didn't find class "com.ss.android.common.businessinterface.feedback.IFeedbackService__ServiceProxy" on path: DexPathList[[zip file "/data/user/0/com.ss.android.article.news/files/webview_bytedance/465a7208089cd578ae3769274e1dd40c_md5/libbytedanceweb.apk", dex file "/data/user/0/com.ss.android.article.news/files/webview_bytedance/465a7208089cd578ae3769274e1dd40c_md5/classes.dex", zip file "/system/framework/org.apache.http.legacy.boot.jar", zip file "/data/app/com.ss.android.article.news-B9PRImayyLdfa5UaK9u4DA==/base.apk"],nativeLibraryDirectories=[/data/app/com.ss.android.article.news-B9PRImayyLdfa5UaK9u4DA==/lib/arm, /data/app/com.ss.android.article.news-B9PRImayyLdfa5UaK9u4DA==/base.apk!/lib/armeabi, /system/lib, /product/lib]]
06-16 22:03:45.953  3194  3194 W System.err: 	at dalvik.system.BaseDexClassLoader.findClass(BaseDexClassLoader.java:134)
06-16 22:03:45.953  3194  3194 W System.err: 	at java.lang.ClassLoader.loadClass(ClassLoader.java:379)
06-16 22:03:45.953  3194  3194 W System.err: 	at java.lang.ClassLoader.loadClass(ClassLoader.java:312)
06-16 22:03:45.953  3194  3194 W System.err: 	... 17 more
06-16 22:03:45.956  3194  3194 W System.err: java.lang.ClassNotFoundException: com.ss.android.common.businessinterface.feedback.IFeedbackService__ServiceProxy
06-16 22:03:45.958  3194  3194 W System.err: 	at java.lang.Class.classForName(Native Method)
06-16 22:03:45.958  3194  3194 W System.err: 	at java.lang.Class.forName(Class.java:453)
06-16 22:03:45.958  3194  3194 W System.err: 	at java.lang.Class.forName(Class.java:378)
06-16 22:03:45.958  3194  3194 W System.err: 	at com.bytedance.news.common.service.manager.ServiceManager.tryGetByReflect(SourceFile:110)
06-16 22:03:45.958  3194  3194 W System.err: 	at com.bytedance.news.common.service.manager.ServiceManager.getService(SourceFile:47)
06-16 22:03:45.959  3194  3194 W System.err: 	at com.bytedance.frameworks.runtime.decouplingframework.ServiceManager.getService(SourceFile:20)
06-16 22:03:45.959  3194  3194 W System.err: 	at com.ss.android.module.manager.ModuleManager.registerModule(SourceFile:146)
06-16 22:03:45.959  3194  3194 W System.err: 	at com.ss.android.module.manager.ModuleManager.getModuleOrNull(SourceFile:73)
06-16 22:03:45.959  3194  3194 W System.err: 	at com.ss.android.module.manager.ModuleManager.getModule(SourceFile:100)
06-16 22:03:45.959  3194  3194 W System.err: 	at com.ss.android.article.news.d.a.d.run(SourceFile:19)
06-16 22:03:45.959  3194  3194 W System.err: 	at com.ss.android.article.base.feature.main.task.o$1.queueIdle(SourceFile:36)
06-16 22:03:45.959  3194  3194 W System.err: 	at com.ss.android.article.base.feature.main.task.e.queueIdle(SourceFile:55)
06-16 22:03:45.959  3194  3194 W System.err: 	at android.os.MessageQueue.next(MessageQueue.java:494)
06-16 22:03:45.959  3194  3194 W System.err: 	at android.os.Looper.loop(Looper.java:169)
06-16 22:03:45.959  3194  3194 W System.err: 	at android.app.ActivityThread.main(ActivityThread.java:7539)
06-16 22:03:45.959  3194  3194 W System.err: 	at java.lang.reflect.Method.invoke(Native Method)
06-16 22:03:45.959  3194  3194 W System.err: 	at com.android.internal.os.RuntimeInit$MethodAndArgsCaller.run(RuntimeInit.java:524)
06-16 22:03:45.959  3194  3194 W System.err: 	at com.android.internal.os.ZygoteInit.main(ZygoteInit.java:958)
06-16 22:03:45.960  3194  3194 W System.err: Caused by: java.lang.ClassNotFoundException: Didn't find class "com.ss.android.common.businessinterface.feedback.IFeedbackService__ServiceProxy" on path: DexPathList[[zip file "/data/user/0/com.ss.android.article.news/files/webview_bytedance/465a7208089cd578ae3769274e1dd40c_md5/libbytedanceweb.apk", dex file "/data/user/0/com.ss.android.article.news/files/webview_bytedance/465a7208089cd578ae3769274e1dd40c_md5/classes.dex", zip file "/system/framework/org.apache.http.legacy.boot.jar", zip file "/data/app/com.ss.android.article.news-B9PRImayyLdfa5UaK9u4DA==/base.apk"],nativeLibraryDirectories=[/data/app/com.ss.android.article.news-B9PRImayyLdfa5UaK9u4DA==/lib/arm, /data/app/com.ss.android.article.news-B9PRImayyLdfa5UaK9u4DA==/base.apk!/lib/armeabi, /system/lib, /product/lib]]
06-16 22:03:45.960  3194  3194 W System.err: 	at dalvik.system.BaseDexClassLoader.findClass(BaseDexClassLoader.java:134)
06-16 22:03:45.960  3194  3194 W System.err: 	at java.lang.ClassLoader.loadClass(ClassLoader.java:379)
06-16 22:03:45.960  3194  3194 W System.err: 	at java.lang.ClassLoader.loadClass(ClassLoader.java:312)
06-16 22:03:45.960  3194  3194 W System.err: 	... 18 more
06-16 22:03:45.965   701   785 I dubaid  : [BatteryHandler.cpp] onBatteryChanged# Battery charge state: 0, type: 0
06-16 22:03:45.974   865   865 V AutoCache: unRegisterPowerBroadcastReceiver: sPowerRegisterState is false, cxt is android.app.Application@f291a05
06-16 22:03:45.994 21796 25064 I iu.UploadsManager: num updated entries: 0
06-16 22:03:45.998  4000  4000 I HwOUC   : [main-1]isSelfUpdateInstalling cacheContents is null or empty..(SelfUpdateUtility.java:91)
06-16 22:03:45.999  4000  4000 I HwOUC   : [main-1]isHotaUpdate cursor is null,return false(GDPRUtils.java:540)
06-16 22:03:46.003  4000  4000 I HwOUC   : [main-1]isHotaUpdate cursor is null,return false(GDPRUtils.java:540)
06-16 22:03:46.011   917   917 I hisync-findmyphone.LowPowerReport: BatteryLowBroadcastReceiver action:android.intent.action.ACTION_POWER_DISCONNECTED;isLastLocReportSwitchOpen:true
06-16 22:03:46.016   917   917 I hisync-findmyphone.LowPowerReport: ACTION_POWER_DISCONNECTED initLowBatteryReport
06-16 22:03:46.021  4000  4000 I HwOUC   : [main-1]ThirdAppCheckedUtils isProgressDialogShow not show(ThirdAppCheckedUtils.java:249)
06-16 22:03:46.028  4000  4000 I HwOUC   : [main-1]no dialog is isShowing(HwOucUtilityEx.java:941)
06-16 22:03:46.029  4000  4000 I HwOUC   : [main-1]isHotaUpdate cursor is null,return false(GDPRUtils.java:540)
06-16 22:03:46.033   917   917 I hisync-findmyphone.LowPowerReport: LowPowerReport init...
06-16 22:03:46.036  4000  4000 I HwOUC   : [main-1]onReceive nextInstallRemindTime is -1 or nextSwitchABSystemRemindTime is -1 not AllFirmwareVerifySuccess and not AllFirmwareInstallSuccessUnderAB, do noting(PowerConnectedReceiver.java:60)
06-16 22:03:46.061 21796 25064 I iu.SyncManager: NEXT; no task
06-16 22:03:46.067  1296  8135 I ActivityManager: App 10169/cn.etouch.ecalendar targets O+, restricted
06-16 22:03:46.068  1296  8135 W BroadcastQueue: Background execution not allowed: receiving Intent { act=android.intent.action.ACTION_POWER_DISCONNECTED flg=0x4000010 (has extras) } to cn.etouch.ecalendar/.service.WatchmenReceiver
06-16 22:03:46.069   917   917 I hisync-findmyphone.LowPowerReport: LowPowerReport action...android.intent.action.BATTERY_CHANGED
06-16 22:03:46.070 29302 29302 I [10.4.0.305]HiCloud.ICBServiceProtocol: ICBService connected
06-16 22:03:46.070   917   917 I hisync-findmyphone.AntiTheftInf: AntiTheftManagerEx getEnable = true from cache
06-16 22:03:46.073  1296  1314 I ActivityManager: App 10169/cn.etouch.ecalendar targets O+, restricted
06-16 22:03:46.073  1296  1314 W BroadcastQueue: Background execution not allowed: receiving Intent { act=android.intent.action.ACTION_POWER_DISCONNECTED flg=0x4000010 (has extras) } to cn.etouch.ecalendar/com.igexin.sdk.PushReceiver
06-16 22:03:46.077   917  2245 I [10.4.0.305]HiCloud.ICBService: do abort. type = 2
06-16 22:03:46.080  1296  1314 I ActivityManager: App 10267/com.gvsoft.gofun targets O+, restricted
06-16 22:03:46.080  1296  1314 W BroadcastQueue: Background execution not allowed: receiving Intent { act=android.intent.action.ACTION_POWER_DISCONNECTED flg=0x4000010 (has extras) } to com.gvsoft.gofun/com.igexin.sdk.PushReceiver
06-16 22:03:46.082  1296  1314 I ActivityManager: App 10246/com.oppo.im targets O+, restricted
06-16 22:03:46.082  1296  1314 W BroadcastQueue: Background execution not allowed: receiving Intent { act=android.intent.action.ACTION_POWER_DISCONNECTED flg=0x4000010 (has extras) } to com.oppo.im/com.igexin.sdk.PushReceiver
06-16 22:03:46.083  1296  1314 I ActivityManager: App 10126/com.sdu.didi.psnger targets O+, restricted
06-16 22:03:46.084  1296  1314 W BroadcastQueue: Background execution not allowed: receiving Intent { act=android.intent.action.ACTION_POWER_DISCONNECTED flg=0x4000010 (has extras) } to com.sdu.didi.psnger/com.igexin.sdk.PushReceiver
06-16 22:03:46.084  1296  1314 I ActivityManager: App 10136/com.ss.android.article.news targets O+, restricted
06-16 22:03:46.084  1296  1314 W BroadcastQueue: Background execution not allowed: receiving Intent { act=android.intent.action.ACTION_POWER_DISCONNECTED flg=0x4000010 (has extras) } to com.ss.android.article.news/com.ss.android.message.MessageReceiver
06-16 22:03:46.087  1296  1314 I ActivityManager: App 10166/com.zhaopin.social targets O+, restricted
06-16 22:03:46.087  1296  1314 W BroadcastQueue: Background execution not allowed: receiving Intent { act=android.intent.action.ACTION_POWER_DISCONNECTED flg=0x4000010 (has extras) } to com.zhaopin.social/com.igexin.sdk.PushReceiver
06-16 22:03:46.088  1296  1314 I ActivityManager: App 10166/com.zhaopin.social targets O+, restricted
06-16 22:03:46.088  1296  1314 W BroadcastQueue: Background execution not allowed: receiving Intent { act=android.intent.action.ACTION_POWER_DISCONNECTED flg=0x4000010 (has extras) } to com.zhaopin.social/com.xdandroid.hellodaemon.WakeUpReceiver
06-16 22:03:46.088  1296  1314 V BroadcastQueue: Finished with ordered broadcast BroadcastRecord{2bf3c24 u-1 android.intent.action.ACTION_POWER_DISCONNECTED}
06-16 22:03:46.090   917   917 I hisync-findmyphone.LowPowerReport: LowPowerReport perLevel:53LowPowerReport mLowBatteryWarningLevel:25
06-16 22:03:46.094   917   917 I hisync-findmyphone.LowPowerReport: LowPowerReport release...
06-16 22:03:46.094  1593  1593 D DaemonMessageAdapter: onMobileSignalStrengthChanged, subId: 0, signalStrength: SignalStrength: 0 0 0 0 32767 -1 32767 -1 -93 -14 -5 -1 0 2147483647 0 120 0 255 gsm|lte use_rsrp_and_rssnr_for_lte_level rscp [-128, -118, -108, -98] [-115, -105, -95, -85]
06-16 22:03:46.094  1593  1593 D DaemonMessageAdapter: SignalStrength update result, ss: SignalStrengthInfo: 80340801 mGsmSignalStrength: 0 mWcdmaRscp: 0 mWcdmaEcio: 255 mLteRsrp: -93 mLteRsrq: -14 mCdmaDbm: 0 mCdmaEcio: 0 mEvdoDbm: 32767 mEvdoEcio: -1 mLteRssnr: -5
06-16 22:03:46.105  1593  1817 I HidataAppQoeP: handleStateChanged reason=6
06-16 22:03:46.105  1593  1817 I BrowserChrP: handleStateChanged
06-16 22:03:46.109  1639  1873 I HwMobileSignalController(0): subId:0 phoneType:1 networktype:13 targetClass:3 masterLevel:5 slaveLevel:-1
06-16 22:03:46.361  3829  3829 D UsbSettingsService: isUSBDisconnected() ACTION_USB_PORT_CHANGED deviceConnected = true, portConnected = false, dataRole = -1
06-16 22:03:46.361  3829  3829 D UsbSettingsService: usb is connected, update usb notification
06-16 22:03:46.372  1296  1867 I NotificationService: enqueueNotificationInternal: pkg=com.android.settings id=1000002 notification=Notification(channel=SETTINGS_USB pri=1 contentView=null vibrate=null sound=null tick defaults=0x0 flags=0x2 color=0x00000000 vis=PRIVATE)
06-16 22:03:46.373  1296  1867 I NotificationService: enqueueNotificationInternal Channel Info : pkg=com.android.settings id=1000002 importance =1
06-16 22:03:46.390  1639  1639 I Net.20891NetworkSpeedMa: mIsStop = false
06-16 22:03:46.390  1639  1639 D NotificationEntryMgr: updateNotification(StatusBarNotification(pkg=com.android.settings user=UserHandle{0} id=1000002 tag=null key=0|com.android.settings|1000002|null|1000: Notification(channel=SETTINGS_USB pri=1 contentView=null vibrate=null sound=null tick defaults=0x0 flags=0x2 color=0x00000000 vis=PRIVATE)))
06-16 22:03:46.391  1639  1873 I Net.20892NetworkSpeedMa:  runInThread getTetherStats
06-16 22:03:46.398  1639  1639 I NotificationInflation2: start: entry=150392872
06-16 22:03:46.399  1639  2778 I GlobalContext: Runnable for SerialExecutor
06-16 22:03:46.399  1639  2778 I NotificationInflation4: doInBackground is begin
06-16 22:03:46.401  1639  1639 W NotificationViewHierarchyManager: updateNotificationShade activeNotificationSize=4;hasFaceDT: true; Detected:false
06-16 22:03:46.405  1639  1873 D ReporterUtil:  e id:344 type:{pkg:com.android.settings,hw_type:null,hw_btw:false,onGoing:true,importance:1}
06-16 22:03:46.405  1639  1639 I Net.20892NetworkSpeedMa:  runInUI refreshSpeed
06-16 22:03:46.406  1639  1639 I Net.20892NetworkSpeedMa: value=2353.6667speed = 2.30K/smIsShowLastSpeedValuefalse
06-16 22:03:46.406  1639  1639 I NetworkSpeedView: /update(), speed=2.30K/s
06-16 22:03:46.407  1639  1639 I NetworkSpeedView: /update(), speed=2.30K/s
06-16 22:03:46.412  1639  2778 I NotificationInflation5: doInBackground is end
06-16 22:03:46.413  1639  1639 I NotificationInflation2: finish: entry=150392872
06-16 22:03:46.413  1639  1639 I NotificationInflation3: start: entry=150392872
06-16 22:03:46.445  1639  1639 I NotificationInflation3: finish: entry=150392872
06-16 22:03:46.490  1296  1315 I WindowManager: onProposedRotationChanged, rotation=0
06-16 22:03:46.491  1296  1315 I WindowManager: MyOrientationListener: updateRotation.
06-16 22:03:46.494  1296  1315 V WindowManager: removeIfPossible: Window{d7c87b6 u0 android}
06-16 22:03:46.497  1296  1315 V WindowManager: postWindowRemoveCleanupLocked: Window{d7c87b6 u0 android}
06-16 22:03:46.497  1296  1315 V WindowManager: Removing Window{d7c87b6 u0 android} from WindowToken{5b34351 android.view.ViewRootImpl$W@e859078}
06-16 22:03:46.499  1593  3968 D VideoParse: handleMessage: msg.what = 1
06-16 22:03:46.500  1593  3968 D SignalStatisticInfo: handleSignalStatistic: sigProcState = 2
06-16 22:03:46.500  1593  3968 D AppStatisticProc: isMpPolicyEnable: return false
06-16 22:03:46.505  1593  3968 D DaemonMessageAdapter: getWifiState: WifiState = 4
06-16 22:03:46.505  1593  3968 D SmartcareProc: defaultSlot = 0, RAT = 4
06-16 22:03:46.509  1593  3968 D AppStatisticProc: isMpPolicyEnable: return false
06-16 22:03:46.510  1593  3968 D AppStatisticProc: isMpPolicyEnable: return false
06-16 22:03:46.513  1296  1775 I chatty  : uid=1000(system) RenderThread expire 4 lines
06-16 22:03:46.534  1296  1315 V WindowManager: addWindow: Window{7144a66 u0 android}
06-16 22:03:46.535  1296  1315 I StatusBarDisable: setFlags what=0 which=1 pkg=Window{305444b u0 com.android.settings/com.android.settings.Settings$DevelopmentSettingsActivity}
06-16 22:03:46.553  1296  1315 I StatusBarDisable: setFlags what=0 which=1 pkg=Window{305444b u0 com.android.settings/com.android.settings.Settings$DevelopmentSettingsActivity}
06-16 22:03:46.666  1816  2089 E BDLog   : BD.FilterImpl:com.android.systemui 344 times= 200 over threshold
06-16 22:03:46.667  1816  2089 E BDLog   : BD.FilterImpl:com.android.systemui 344 is illLegal
06-16 22:03:46.719  1296  1323 I UsbDeviceManager: add hdb is hisuite,mtp,mass_storage,adb,hdb
06-16 22:03:46.719  1296  1323 I UsbDeviceManager: Setting USB config to hisuite,mtp,mass_storage,adb,hdb oemFunctions = hisuite,mtp,mass_storage,adb,hdb
06-16 22:03:46.723  1639  1639 I FloatNotificationManager: removeNotification: key =-1|android|26|null|1000;mKey=null
06-16 22:03:46.724  1639  1639 W NotificationViewHierarchyManager: updateNotificationShade activeNotificationSize=3;hasFaceDT: true; Detected:false
06-16 22:03:46.725  1852  1981 I chatty  : uid=1000(system) core expire 9 lines
06-16 22:03:46.735 31864 31864 E cube_taskex: HCDN_LOG: [2019-06-16 22:03:46.735][T:31864]Java_com_qiyi_hcdndownloader_HCDNDownloaderTask_SetParamNative 330: taskptr = 0xe52cc5d4,szparamname = device_state,szparamvalue = {"model":"STF-AL00","cpu":-1,"mem":-1,"tmem":-1,"wifi":1,"power":0,"battery":5,"lockScreen":0}

06-16 22:03:46.735 31864 31864 E cube    : HCDN_LOG: [2019-06-16 22:03:46.735][T:31864][func:SetParam],[line:780],[oper:set param],[param_name:device_state],[param_value:{"model":"STF-AL00","cpu":-1,"mem":-1,"tmem":-1,"wifi":1,"power":0,"battery":5,"lockScreen":0}]
06-16 22:03:46.736 31864 31864 E cube    : HCDN_LOG: [2019-06-16 22:03:46.736][T:31864][func:SetParam],[line:363],[oper:set param],[key:device_state],[value:{"model":"STF-AL00","cpu":-1,"mem":-1,"tmem":-1,"wifi":1,"power":0,"battery":5,"lockScreen":0}]
06-16 22:03:46.736 31864 31864 E cube    : HCDN_LOG: [2019-06-16 22:03:46.736][T:31864][func:SetParam],[line:212],[oper:hcdn client set param],[key:device_state],[value:{"model":"STF-AL00","cpu":-1,"mem":-1,"tmem":-1,"wifi":1,"power":0,"battery":5,"lockScreen":0}]
06-16 22:03:46.736 31864 31864 E p2pfile : HCDN_LOG: [2019-06-16 22:03:46.736][T:31864][func:SetParam],[line:2219],[oper: SetParam message ParamName(device_state), ParamValue({"model":"STF-AL00","cpu":-1,"mem":-1,"tmem":-1,"wifi":1,"power":0,"battery":5,"lockScreen":0}), isGlobal(true), m_dwTaskID(0)]
06-16 22:03:46.736 31864 31956 E hcdn_downloadengine: HCDN_LOG: [2019-06-16 22:03:46.736][T:31956]OnRecvSetParam,1782     task_id : 0,SetParam : device_state,{"model":"STF-AL00","cpu":-1,"mem":-1,"tmem":-1,"wifi":1,"power":0,"battery":5,"lockScreen":0} 
06-16 22:03:46.738 31864 31945 E cube    : HCDN_LOG: [2019-06-16 22:03:46.738][T:31945][func:DealSetParam],[line:956],[oper:deal set param by self thread],[param_name:device_state],[param_value:{"model":"STF-AL00","cpu":-1,"mem":-1,"tmem":-1,"wifi":1,"power":0,"battery":5,"lockScreen":0}]
06-16 22:03:46.738   865   865 D MtpReceiver: Debug MTP:ACTION_USB_STATE 
06-16 22:03:46.738 31864 31956 E hcdn_downloadengine: HCDN_LOG: [2019-06-16 22:03:46.738][T:31956]ParserDeviceState,3689     device_state {"model":"STF-AL00","cpu":-1,"mem":-1,"tmem":-1,"wifi":1,"power":0,"battery":5,"lockScreen":0} 
06-16 22:03:46.740   865   865 D MtpReceiver: Debug MTP:stop MTP service 
06-16 22:03:46.742   865   865 D MtpReceiver: handleUsbState stopService status=true
06-16 22:03:46.747  1296  2754 E HwUsbHDBManager: Wrong message: count=-1
06-16 22:03:46.772  1852  2185 I chatty  : uid=1000(system) actions handler expire 87 lines
06-16 22:03:46.773   592   592 W usb@1.0-service: type=1400 audit(0.0:64872): avc: denied { dac_override } for capability=1 scontext=u:r:hal_usb_default:s0 tcontext=u:r:hal_usb_default:s0 tclass=capability permissive=0
06-16 22:03:46.773   592   592 W usb@1.0-service: type=1400 audit(0.0:64873): avc: denied { dac_override } for capability=1 scontext=u:r:hal_usb_default:s0 tcontext=u:r:hal_usb_default:s0 tclass=capability permissive=0
06-16 22:03:46.773   592  1505 E android.hardware.usb@1.0-service: uevent received SUBSYSTEM=dual_role_usb
06-16 22:03:46.773   592  1505 I android.hardware.usb@1.0-service: otg_default
06-16 22:03:46.777   592  1505 I android.hardware.usb@1.0-service: canChangeMode: 1 canChagedata: 0 canChangePower:0
06-16 22:03:46.777  1296  5041 I UsbPortManager: ClientCallback: otg_default
06-16 22:03:46.783  1296  1610 D NetdConnector: SND -> {3542 firewall set_uid_rule standby 10122 deny}
06-16 22:03:46.789 31864 31864 E cube_taskex: HCDN_LOG: [2019-06-16 22:03:46.789][T:31864]Java_com_qiyi_hcdndownloader_HCDNDownloaderTask_SetParamNative 330: taskptr = 0xe52cc5d4,szparamname = device_state,szparamvalue = {"model":"STF-AL00","cpu":-1,"mem":-1,"tmem":-1,"wifi":1,"power":0,"battery":5,"lockScreen":0}

06-16 22:03:46.789 31864 31864 E cube    : HCDN_LOG: [2019-06-16 22:03:46.789][T:31864][func:SetParam],[line:780],[oper:set param],[param_name:device_state],[param_value:{"model":"STF-AL00","cpu":-1,"mem":-1,"tmem":-1,"wifi":1,"power":0,"battery":5,"lockScreen":0}]
06-16 22:03:46.790 31864 31864 E cube    : HCDN_LOG: [2019-06-16 22:03:46.790][T:31864][func:SetParam],[line:363],[oper:set param],[key:device_state],[value:{"model":"STF-AL00","cpu":-1,"mem":-1,"tmem":-1,"wifi":1,"power":0,"battery":5,"lockScreen":0}]
06-16 22:03:46.790 31864 31864 E cube    : HCDN_LOG: [2019-06-16 22:03:46.790][T:31864][func:SetParam],[line:212],[oper:hcdn client set param],[key:device_state],[value:{"model":"STF-AL00","cpu":-1,"mem":-1,"tmem":-1,"wifi":1,"power":0,"battery":5,"lockScreen":0}]
06-16 22:03:46.790 31864 31864 E p2pfile : HCDN_LOG: [2019-06-16 22:03:46.790][T:31864][func:SetParam],[line:2219],[oper: SetParam message ParamName(device_state), ParamValue({"model":"STF-AL00","cpu":-1,"mem":-1,"tmem":-1,"wifi":1,"power":0,"battery":5,"lockScreen":0}), isGlobal(true), m_dwTaskID(0)]
06-16 22:03:46.790 31864 31956 E hcdn_downloadengine: HCDN_LOG: [2019-06-16 22:03:46.790][T:31956]OnRecvSetParam,1782     task_id : 0,SetParam : device_state,{"model":"STF-AL00","cpu":-1,"mem":-1,"tmem":-1,"wifi":1,"power":0,"battery":5,"lockScreen":0} 
06-16 22:03:46.790 31864 31945 E cube    : HCDN_LOG: [2019-06-16 22:03:46.790][T:31945][func:DealSetParam],[line:956],[oper:deal set param by self thread],[param_name:device_state],[param_value:{"model":"STF-AL00","cpu":-1,"mem":-1,"tmem":-1,"wifi":1,"power":0,"battery":5,"lockScreen":0}]
06-16 22:03:46.790 31864 31956 E hcdn_downloadengine: HCDN_LOG: [2019-06-16 22:03:46.790][T:31956]ParserDeviceState,3689     device_state {"model":"STF-AL00","cpu":-1,"mem":-1,"tmem":-1,"wifi":1,"power":0,"battery":5,"lockScreen":0} 
06-16 22:03:46.797  4232  4235 I adbd    : initializing functionfs
06-16 22:03:46.797  4232  4235 I adbd    : opening control endpoint /dev/usb-ffs/adb/ep0
06-16 22:03:46.800  4232  4235 I adbd    : functionfs successfully initialized
06-16 22:03:46.800  4232  4235 I adbd    : registering usb transport
06-16 22:03:46.809  4233  4233 E         : iptables cmd:iptables-restore
06-16 22:03:46.827  4243  4243 E         : iptables cmd:ip6tables-restore
06-16 22:03:46.830  1296  1467 D NetdConnector: RCV <- {200 3542 Firewall command succeeded}
06-16 22:03:46.830  1296  1467 D NetdConnector: RCV <- {200 3542 Firewall command succeeded}
06-16 22:03:46.834  3829  3829 D UsbSettingsService: BroadcastReceiver, action = android.hardware.usb.action.USB_STATE
06-16 22:03:46.834  1296  1323 W Looper  : Slow dispatch took 120ms android.fg h=com.android.server.usb.UsbDeviceManager$UsbHandlerLegacy c=null m=0
06-16 22:03:46.835  1296  1323 I UsbPortManager: USB port changed: port=UsbPort{id=otg_default, supportedModes=dual}, status=UsbPortStatus{connected=true, currentMode=ufp, currentPowerRole=sink, currentDataRole=device, supportedRoleCombinations=[source:host, sink:device]}, canChangeMode=true, canChangePowerRole=false, canChangeDataRole=false
06-16 22:03:46.836   568 28016 I Netd    : Destroyed 4 sockets for UidRanges{ 10122 } skip={} in 1.9 ms
06-16 22:03:46.841  3829  3829 D UsbBackend: ACTION_USB_STATE, usbConnected = false
06-16 22:03:46.842  3829  3829 D UsbBackend: ACTION_USB_STATE usbConnected = false, chargingOnly = false, deviceConnected = false, dataRole = 2
06-16 22:03:46.842  3829  3829 I UsbSettingsService: ACTION_USB_STATE start service!
06-16 22:03:46.843  3829  3829 D UsbSettingsService: send refresh content message to refresh usb notification
06-16 22:03:46.843  1593  1593 D HighSpeedDevicesManager: onSinkPowerConnectedChanged, mIsSinkPowerConnected: false -> true
06-16 22:03:46.844  3829  3829 D UsbReceiver: initialize UsbSettingsService!
06-16 22:03:46.845  3829  3829 D UsbReceiver: ACTION_USB_STATE arrived!
06-16 22:03:46.845  3829  3829 D UsbReceiver: onUsbStateReceive chargingOnly = false, usbConnected = false
06-16 22:03:46.845  3829  3829 D UsbReceiver: ACTION_USB_STATE:usbConnected = false, usbState=hisuite,mtp,mass_storage,adb,hdb, chargingOnly = false, isLegacyCharging = false
06-16 22:03:46.850  3829  3829 D UsbBackend: ACTION_USB_STATE, usbConnected = false
06-16 22:03:46.851  3829  3829 D UsbBackend: ACTION_USB_STATE usbConnected = false, chargingOnly = false, deviceConnected = false, dataRole = 2
06-16 22:03:46.858  1593  1593 D HighSpeedDevicesManager: DPManager notifyDeviceState CONNECTED_DEVICE_STATE_IN.
06-16 22:03:46.862  1296  7866 D SmartHeartBeat: setAlarmsPending ...
06-16 22:03:46.866  1296  1314 V BroadcastQueue: Finished with ordered broadcast BroadcastRecord{332f1a7 u-1 android.hardware.usb.action.USB_STATE}
06-16 22:03:46.876   865   865 D MtpReceiver: Debug MTP:ACTION_USB_STATE 
