06-12 22:44:06.387 11675 11221 I HiAdSDK.EventProcessor:  uploadThirdPartyCacheEvents size: 0
06-12 22:44:06.412 25633 11287 I HAGLIB.HttpUrlConnectionCaller:  close connection
06-12 22:44:06.412 25633 11287 I HAGLIB.HttpCall:  response http code: 200
06-12 22:44:06.412 25633 11287 I HiCardProviderManager: getPostedCardType holderPackageName:com.huawei.intelligent
06-12 22:44:06.412 25633 11287 E ProviderCallUtil: content://com.huawei.hicard.provider.hicard/suppliersubscription
06-12 22:44:06.412 25633 11287 E ProviderCallUtil: supplier_service_package=? and subscribe_holder_name=?
06-12 22:44:06.413 25633 11287 E ProviderCallUtil: [com.huawei.hicard, com.huawei.intelligent]
06-12 22:44:06.414   437   437 E OEMINFO_NVM_SERVER:  oeminfo_get_info:index(155), oeminfo data not find !!!!
06-12 22:44:06.414   437   437 E OEMINFO_NVM_SERVER:  oeminfo_return_info: oeminfo return info fail.
06-12 22:44:06.414   437   437 E OEMINFO_NVM_SERVER:  oinv_cmd_handler: pid 486, operation oeminfo_getinfo and ret -1 fail.
06-12 22:44:06.414   486   486 E OEMINFO_NVM_CLIENT: oinv_recv_return: RET_FAIL return.
06-12 22:44:06.414   486   486 E OEMINFO_NVM_CLIENT: rmt_oeminfo_get_info: index(155) get data from server fail.
06-12 22:44:06.414   486   486 E         : read_oeminfo_signed_data: failed to get info oeminfo_idx:155 and total_byte:0
06-12 22:44:06.414   486   486 E         : init_oeminfo_signed_data_all:fail to read oeminfo oeminfo_idx:155 and oeminfo_sub_idx:-1
06-12 22:44:06.414   486   486 E         : get_original_data_by_fun_tag_and_sign_type: fail to init signed oeminfo signed all params
06-12 22:44:06.414   486   486 E         : read_udid_number: failed to get udid
06-12 22:44:06.415   486   486 E factory_operator: hw_get_device_info: read udid from oeminfo fail
06-12 22:44:06.418   605   868 D         : doWinFrameOptStatusRecog begin to recog Layer result=2
06-12 22:44:06.421  4944 22682 W ContentSensor_FrameworkRegistry: ActivityNotifier unknown state
06-12 22:44:06.423 14463  5406 W HwVAssistant FrameworkRegistry: get unknown state=showStartingWindow
06-12 22:44:06.424   685 13846 E DE N DES: getSupportedInternal:159: Cannot find processor of feature(id:23)!
06-12 22:44:06.427 11675 11221 W HiAdSDK.NetHandler:  fail to upload cache events, events is empty
06-12 22:44:06.428 11675 11221 I HiAdSDK.EventProcessor:  uploadThirdPartyCacheEvents size: 0
06-12 22:44:06.435 24983 24997 I HiCard  : [HiCardProvider]: query path:/suppliersubscription
06-12 22:44:06.438 11675 11221 W HiAdSDK.NetHandler:  fail to upload cache events, events is empty
06-12 22:44:06.438 11675 11221 I HiAdSDK.EventProcessor:  uploadThirdPartyCacheEvents size: 0
06-12 22:44:06.444 11675 11291 I HwID_SDK_log[2.7.0.300]RequestManager: user session is out of date.
06-12 22:44:06.445 11675 11291 I HwID_SDK_log[2.7.0.300]SiteCountryDataManager: getASServerUrlBySiteID siteID:1
06-12 22:44:06.445 11675 11291 I HwID_SDK_log[2.7.0.300]SiteCountryDataManager: hwAccount == null:false
06-12 22:44:06.446 11675 11291 I HwID_SDK_log[2.7.0.300]SiteCountryDataManager: hwAccount getASDomain:setting1.hicloud.com
06-12 22:44:06.447 11675 11291 I HwID_SDK_log[2.7.0.300]SiteCountryDataManager: getASServerUrlBySiteID getHwAccount was not empty siteID:1
06-12 22:44:06.448 11675 11291 I HwID_SDK_log[2.7.0.300]AppInfoUtil: getAppChannel
06-12 22:44:06.450 11675 11291 I HwID_SDK_log[2.7.0.300]BaseUtil: enter networkIsAvaiable
06-12 22:44:06.452 11675 11291 I HwID_SDK_log[2.7.0.300]ReleaseVersionManager: getSafeHttpClient
06-12 22:44:06.453 11675 11291 I HwID_SDK_log[2.7.0.300]HttpUtil: request.urlencode()  
06-12 22:44:06.453  1306 11422 I chatty  : uid=1000 system_server expire 1 line
06-12 22:44:06.484 25015 11296 D PrivacyBaseResponse: [2019-06-12 22:44:06.484 D/HwJOS/PrivacyBaseResponse 25015:28182 :104] NSP_STATUS:null
06-12 22:44:06.485 25015 25063 I AppLogManager: PrintWoker poll timeout , shutdown
06-12 22:44:06.485 25015 11296 I HttpHelper: [2019-06-12 22:44:06.485 I/HwJOS/HttpHelper 25015:28182 :120] Call execute end.
06-12 22:44:06.485 25015 11296 D PrivacyQueryResponse: [2019-06-12 22:44:06.485 D/HwJOS/PrivacyQueryResponse 25015:28182 :83] version:20180420,latestVersion:20180420,needSign:false
06-12 22:44:06.486 25015 11296 D AgreementTask: [2019-06-12 22:44:06.485 D/HwJOS/AgreementTask 25015:28182 :237] request agreement server for update protocol ts success.
06-12 22:44:06.486 25633 11287 I HiCardProviderManager: postCardType opt:post_card_type_opt_insert_or_update
06-12 22:44:06.486 25633 11287 D ProviderCallUtil: callMethod post_card_type
06-12 22:44:06.487 25015 25063 I AppLogManager: PrintWoker poll timeout , shutdown
06-12 22:44:06.488 24983 24997 I HiCard  : [HiCardProvider]: Provider.call: post_card_type args:post_card_type_opt_insert_or_update
06-12 22:44:06.488 24983 24997 I HiCard  : [a]: postCardType opt : post_card_type_opt_insert_or_update
06-12 22:44:06.488 24983 24997 I HiCard  : [b]: postCardType INSERT_OR_UPDATE
06-12 22:44:06.488 24983 24997 I HiCard  : [HiCardProvider]: query path:/suppliersubscription
06-12 22:44:06.489 24983 24997 I HiCard  : [b]: InsertOrUpdate = Update
06-12 22:44:06.489 24983 24997 I HiCard  : [HiCardProvider]: query path:/suppliersubscription
06-12 22:44:06.489 24983 24997 I HiCard  : [b]: InsertOrUpdate = Update
06-12 22:44:06.489 24983 24997 I HiCard  : [HiCardProvider]: query path:/suppliersubscription
06-12 22:44:06.489   726   726 I vendor.huawei.hardware.biometrics.fingerprint@2.1-service: BiometricsFingerprint::sendCmdToHal 55 
06-12 22:44:06.490 24983 24997 I HiCard  : [b]: InsertOrUpdate = Update
06-12 22:44:06.490   726   726 I FingerprintDeviceBase: FAIL TO OPEN DTS FP_SENSOR_TYPE_NODE
06-12 22:44:06.490 24983 24997 I HiCard  : [HiCardProvider]: applyBatch operations size:3
06-12 22:44:06.490 24983 24997 I HiCard  : [HiCardProvider]: update path: /suppliersubscriptiontype:null
06-12 22:44:06.491 24983 24997 I HiCard  : [HiCardProvider]: update path: /suppliersubscriptiontype:null
06-12 22:44:06.491 24983 24997 I HiCard  : [HiCardProvider]: update path: /suppliersubscriptiontype:null
06-12 22:44:06.499   726   726 I vendor.huawei.hardware.biometrics.fingerprint@2.1-service: BiometricsFingerprint::sendCmdToHal 55 
06-12 22:44:06.499   726   726 I FingerprintDeviceBase: FAIL TO OPEN DTS FP_SENSOR_TYPE_NODE
06-12 22:44:06.500 25633 11287 I HiCardProviderManager: notifydata postUserSubscribeInfo opt: subscribe_info_opt_delete
06-12 22:44:06.500 25633 11287 I ProviderCallUtil: postUserSubscribeInfo subscribe_info
06-12 22:44:06.501 24983 24997 I HiCard  : [HiCardProvider]: Provider.call: subscribe_info args:subscribe_info_opt_delete
06-12 22:44:06.501 24983 24997 I HiCard  : [a]: subscribeCard opt:subscribe_info_opt_delete
06-12 22:44:06.501 24983 24997 I HiCard  : [g]: SubscribeDataImpl post DELETE
06-12 22:44:06.501 24983 24997 I HiCard  : [g]: optDelete where: type=? and holder=?
06-12 22:44:06.501 24983 24997 I HiCard  : [g]: optDelete args: [139af931600d4981bdfe78cd3a80956b, com.huawei.intelligent]
06-12 22:44:06.501 24983 24997 I HiCard  : [g]: optDelete where: type=? and holder=?
06-12 22:44:06.501 24983 24997 I HiCard  : [g]: optDelete args: [cad2feecd41a4e965ae89d7715adcb53, com.huawei.intelligent]
06-12 22:44:06.501 24983 24997 I HiCard  : [g]: optDelete where: type=? and holder=?
06-12 22:44:06.501 24983 24997 I HiCard  : [g]: optDelete args: [447c84bd35484e0bbcc10790cbf7f922, com.huawei.intelligent]
06-12 22:44:06.502 24983 24997 I HiCard  : [HiCardProvider]: applyBatch operations size:3
06-12 22:44:06.502 24983 24997 I HiCard  : [HiCardProvider]: delete path:/subscribe_info
06-12 22:44:06.502 24983 24997 I chatty  : uid=10154(com.huawei.hicard) Binder:24983_2 identical 1 line
06-12 22:44:06.503 24983 24997 I HiCard  : [HiCardProvider]: delete path:/subscribe_info
06-12 22:44:06.503 24983 24997 W HiCard  : [g]: delete table after unsubscribe
06-12 22:44:06.504 24983 24997 I HiCard  : [b]: notifyHiCardUnSubscribe mHiCardChangeObservers size is 1
06-12 22:44:06.504 24983 24997 E HiCard  : [HiCardService]: hiCardUnSubscribe is running
06-12 22:44:06.504 11675 29693 I HiBoard_HiCardHolderManagerImpl: onHiCardUnSubscribe{}
06-12 22:44:06.505 25633 11287 I HAGLIB.AbilityRequestProcessor:  request ability callback:200
06-12 22:44:06.505 24983 11427 I HiCard  : [HiCardProvider]: query path:/hicard
06-12 22:44:06.506 24983 11427 I HiCard  : [HiCardProvider]: query path:/subscription_hicard_id
06-12 22:44:06.510 25015 25063 I AppLogManager: PrintWoker poll timeout , shutdown
06-12 22:44:06.511 25015 17139 I HwIDProvider: [2019-06-12 22:44:06.509 I/HwID_APK_log[2.7.0.304]/HwIDProvider 25015:27741 :123] uri is:
06-12 22:44:06.511 25015 17139 I HwIDProvider: [2019-06-12 22:44:06.511 I/HwID_APK_log[2.7.0.304]/HwIDProvider 25015:27741 :125] match result:3
06-12 22:44:06.512 25015 25063 I AppLogManager: PrintWoker poll timeout , shutdown
06-12 22:44:06.515   605   868 D         : doWinFrameOptStatusRecog begin to recog Layer result=2
06-12 22:44:06.536  2528 28072 I chatty  : uid=1000(system) Binder:2528_F expire 5 lines
06-12 22:44:06.540 25015 25063 I AppLogManager: PrintWoker poll timeout , shutdown
06-12 22:44:06.540 25015 17139 I FingerManager: [2019-06-12 22:44:06.538 I/HwID_APK_log[2.7.0.304]/FingerManager 25015:27741 :82] the support type contains finger is: true
06-12 22:44:06.541 25015 17139 I FingerManager: [2019-06-12 22:44:06.541 I/HwID_APK_log[2.7.0.304]/FingerManager 25015:27741 :87] getEnabled return true
06-12 22:44:06.541 25015 17139 I FingerManager: [2019-06-12 22:44:06.541 I/HwID_APK_log[2.7.0.304]/FingerManager 25015:27741 :95] isFingerprintUsable true
06-12 22:44:06.541 25015 17139 I HwIDProvider: [2019-06-12 22:44:06.541 I/HwID_APK_log[2.7.0.304]/HwIDProvider 25015:27741 :172] Out query
06-12 22:44:06.542 25015 25063 I AppLogManager: PrintWoker poll timeout , shutdown
06-12 22:44:06.546   726   726 I vendor.huawei.hardware.biometrics.fingerprint@2.1-service: BiometricsFingerprint::sendCmdToHal 55 
06-12 22:44:06.546   726   726 I FingerprintDeviceBase: FAIL TO OPEN DTS FP_SENSOR_TYPE_NODE
06-12 22:44:06.548   726   726 I vendor.huawei.hardware.biometrics.fingerprint@2.1-service: BiometricsFingerprint::sendCmdToHal 55 
06-12 22:44:06.548   726   726 I FingerprintDeviceBase: FAIL TO OPEN DTS FP_SENSOR_TYPE_NODE
06-12 22:44:06.552   726   726 I vendor.huawei.hardware.biometrics.fingerprint@2.1-service: BiometricsFingerprint::sendCmdToHal 55 
06-12 22:44:06.552   726   726 I FingerprintDeviceBase: FAIL TO OPEN DTS FP_SENSOR_TYPE_NODE
06-12 22:44:06.559 24983 24997 E HiCard  : [b]: returnNotify  uuid12f6e16b-0925-4743-80a3-0eb299379c17 ;methodId:2 ;retCode  200
06-12 22:44:06.560 11675 29693 I HiBoard_HiCardHolderManagerImpl: returnNotify method id:2;result: 200
06-12 22:44:06.560 11675 29693 D HiBoard_b: returnNotify method id: 2result: 200
06-12 22:44:06.560 11675 29693 D HiBoard_b: get NOTIFY_HAG_POST_CARD_TPYE callback, to NOTIFY_HAG_POST_CARD
06-12 22:44:06.560 11675 11428 I HiBoard_c: NotifyHagService doInBackground
06-12 22:44:06.560 11675 11428 I HiBoard_c: NotifyHagService notifySupplier, method id: 1
06-12 22:44:06.560 11675 11428 I HiBoard_c: start set AT
06-12 22:44:06.560 11675 11428 I HiBoard_HmsAccountLogic: reset HuaweiApiClient client
06-12 22:44:06.560 24983 24997 I HiCard  : [b]: notifyHiCardTypeDatasChange mHiCardChangeObservers size is 1
06-12 22:44:06.560 24983 24997 E HiCard  : [HiCardService]: hiCardDataSetTypeChange is running
06-12 22:44:06.560 11675 11428 I HMSSDK_HMS BI: Builder->biInitFlag :true
06-12 22:44:06.561 11675 29693 I HiBoard_HiCardHolderManagerImpl: onHiCardsTypeUpdatedcom.huawei.hicardholder.hicardImpl.HiCardUpdatedImpl@246032f
06-12 22:44:06.561 11675 29693 I HiBoard_SmartcareView: registerQueryHiCardsCallback  onHiCardTypeUpdated
06-12 22:44:06.561 11675 29693 I HiBoard_SmartcareView: doCheckSmartcareState start
06-12 22:44:06.561 11675 29693 E HiBoard_Utils: getUserId enter
06-12 22:44:06.561 11675 29693 E HiBoard_Utils: getUserId leave
06-12 22:44:06.561 11675 29693 I HiBoard_c: start get AT
06-12 22:44:06.561 11675 11428 I HMSSDK_HMS BI: Builder->biSetting :false
06-12 22:44:06.562 11675 11428 I HMSSDK_Util: In getMetaDataCpId, Failed to read meta data for the CpId.
06-12 22:44:06.562 11675 11428 I HiBoard_HmsAccountLogic: client is invalidsize=0
06-12 22:44:06.562 11675 11428 I HiBoard_HmsAccountLogic: client:20603306
06-12 22:44:06.563 11675 11428 I HMSSDK_HuaweiApiClientImpl: ====== HMSSDK version: 20603306 ======
06-12 22:44:06.563 11675 11428 I HMSSDK_HuaweiApiClientImpl: Enter connect, Connection Status: 1
06-12 22:44:06.563 11675 11428 I HMSSDK_Util: In getHmsVersion, Failed to read meta data for the HMS VERSION.
06-12 22:44:06.563 11675 11428 I HMSSDK_HuaweiApiClientImpl: connect minVersion:20600000
06-12 22:44:06.564 11675 11428 I HMSSDK_HuaweiMobileServicesUtil: connect versionCode:20700304
06-12 22:44:06.564 11675 11428 I HMSSDK_HuaweiApiClientImpl: In connect, isHuaweiMobileServicesAvailable result: 0
06-12 22:44:06.567 11675 11428 I HiBoard_c: start get AT
06-12 22:44:06.567 25015 25015 I HMSCoreService: [2019-06-12 22:44:06.567 I/HMSCore/HMSCoreService 25015:1 :28] Enter onCreate.
06-12 22:44:06.568  2583  2788 I chatty  : uid=1000(system) core expire 4 lines
06-12 22:44:06.568 25015 25015 I HMSCoreService: [2019-06-12 22:44:06.568 I/HMSCore/HMSCoreService 25015:1 :40] Enter onBind.
06-12 22:44:06.568 25015 25063 I AppLogManager: PrintWoker poll timeout , shutdown
06-12 22:44:06.569 11675 11675 I HMSSDK_HuaweiApiClientImpl: Enter onServiceConnected.
06-12 22:44:06.569 11675 11675 I HMSSDK_HuaweiApiClientImpl: Enter sendConnectApiServceRequest.
06-12 22:44:06.570 11675 11675 I HMSSDK_PendingResultImpl: init uri:core.connect
06-12 22:44:06.571 11675 11675 I HMSSDK_PendingResultImpl: setResultCallback
06-12 22:44:06.572 25015 25026 I AIDLInvoke: [2019-06-12 22:44:06.571 I/HMSCore/AIDLInvoke 25015:27502 :135] Request, URI: core.connect, clientId: {appId: 100168529, hostAppID: 100168529, packageName: com.huawei.intelligent, sdkVersion: 20603306}
06-12 22:44:06.572 25015 25026 I AIDLInvoke: Request, URI: core.connect, clientId: {appId: 100168529, hostAppID: 100168529, packageName: com.huawei.intelligent, sdkVersion: 20603306}
06-12 22:44:06.572 25015 25063 I AppLogManager: PrintWoker poll timeout , shutdown
06-12 22:44:06.573 25015 25026 I AIDLResponseImpl: [2019-06-12 22:44:06.573 I/HMSCore/AIDLResponseImpl 25015:27502 :75] Response, uri: core.connect, statusCode: 0
06-12 22:44:06.575 25015 25063 I AppLogManager: PrintWoker poll timeout , shutdown
06-12 22:44:06.575  2612 14277 D HwRecentsTaskUtils: refreshToCache
06-12 22:44:06.575  2612 14277 D HwRecentsTaskUtils: searchFromDate
06-12 22:44:06.576 11675  9102 I HMSSDK_PendingResultImpl: setResult:0
06-12 22:44:06.576 11675 11675 I HMSSDK_HuaweiApiClientImpl: Enter onConnectionResult, connect to server result: 0
06-12 22:44:06.576 11675 11675 I HiBoard_HmsAccountLogic: ---------- 
06-12 22:44:06.576 11675 11675 I HMSSDK_HuaweiIdApiImpl: Enter signInBackend
06-12 22:44:06.577 11675 11675 I HMSSDK_PendingResultImpl: init uri:hwid.signinbackend
06-12 22:44:06.577 11675 11675 I HMSSDK_PendingResultImpl: setResultCallback
06-12 22:44:06.578 25015 25026 I AIDLInvoke: [2019-06-12 22:44:06.577 I/HMSCore/AIDLInvoke 25015:27502 :135] Request, URI: hwid.signinbackend, clientId: {appId: 100168529, hostAppID: 100168529, packageName: com.huawei.intelligent, sdkVersion: 20603306}
06-12 22:44:06.578 25015 25026 I AIDLInvoke: Request, URI: hwid.signinbackend, clientId: {appId: 100168529, hostAppID: 100168529, packageName: com.huawei.intelligent, sdkVersion: 20603306}
06-12 22:44:06.578 11675 11675 I HMSSDK_PendingResultImpl: init uri:core.getNoticeIntent
06-12 22:44:06.578 11675 11675 I HMSSDK_PendingResultImpl: setResultCallback
06-12 22:44:06.579 25015 25026 I SignHuaweiIDImpl: [2019-06-12 22:44:06.578 I/HwID_APK_log[2.7.0.304]/SignHuaweiIDImpl 25015:27502 :114] packageName :***********intelligent
06-12 22:44:06.579 25015 25063 I AppLogManager: PrintWoker poll timeout , shutdown
06-12 22:44:06.580 25015 25026 I SignHuaweiIDImpl: [2019-06-12 22:44:06.579 I/HwID_APK_log[2.7.0.304]/SignHuaweiIDImpl 25015:27502 :144] checkSavedAccessToken
06-12 22:44:06.580 25015 11183 I InAppTransport: [2019-06-12 22:44:06.580 I/HMSCore/InAppTransport 25015:28159 :96] In-App Request, uri: auth.getAuthInfo, clientIdentity: {appId: 10132067, hostAppID: 10132067, packageName: com.huawei.hwid, sdkVersion: 0}
06-12 22:44:06.580 25015 11183 I InAppResponse: [2019-06-12 22:44:06.580 I/HMSCore/InAppResponse 25015:28159 :48] In-App Response, uri: auth.getAuthInfo, statusCode: 0
06-12 22:44:06.580 25015 25026 I AIDLInvoke: [2019-06-12 22:44:06.580 I/HMSCore/AIDLInvoke 25015:27502 :135] Request, URI: core.getNoticeIntent, clientId: {appId: 100168529, hostAppID: 100168529, packageName: com.huawei.intelligent, sdkVersion: 20603306}
06-12 22:44:06.580 25015 25026 I AIDLInvoke: Request, URI: core.getNoticeIntent, clientId: {appId: 100168529, hostAppID: 100168529, packageName: com.huawei.intelligent, sdkVersion: 20603306}
06-12 22:44:06.581 25015 25026 I Jos.getNotice: [2019-06-12 22:44:06.580 I/HwJOS/Jos.getNotice 25015:27502 :58] onRequest:0
06-12 22:44:06.581 25015 25026 I HwIDInnerService: [2019-06-12 22:44:06.581 I/HwID_APK_log[2.7.0.304]/HwIDInnerService 25015:27502 :144] Start new getServiceToken, thirdAppID: 
06-12 22:44:06.581 25015 25015 I ATTokenDS: [2019-06-12 22:44:06.581 I/HwID_APK_log[2.7.0.304]/ATTokenDS 25015:1 :216] getBundleFromInfo: 
06-12 22:44:06.581 25015 25026 I InAppTransport: [2019-06-12 22:44:06.581 I/HMSCore/InAppTransport 25015:27502 :96] In-App Request, uri: hwid.inner.getServiceToken, clientIdentity: {appId: 10132067, hostAppID: 10132067, packageName: com.huawei.hwid, sdkVersion: 0}
06-12 22:44:06.581 25015 25015 I ATTokenDS: [2019-06-12 22:44:06.581 I/HwID_APK_log[2.7.0.304]/ATTokenDS 25015:1 :69] getAuthInfo:
06-12 22:44:06.581 25015 25015 I SignHuaweiIDImpl: [2019-06-12 22:44:06.581 I/HwID_APK_log[2.7.0.304]/SignHuaweiIDImpl 25015:1 :148] mIsGetServerAuthCode: false
06-12 22:44:06.581 25015 25015 I ATTokenDS: [2019-06-12 22:44:06.581 I/HwID_APK_log[2.7.0.304]/ATTokenDS 25015:1 :248] scopeSavedArr.length: 1
06-12 22:44:06.581 25015 25015 I ATTokenDS: [2019-06-12 22:44:06.581 I/HwID_APK_log[2.7.0.304]/ATTokenDS 25015:1 :255] scopeSavedList.containsAll(scopes): true
06-12 22:44:06.581 25015 25015 I ATTokenDS: [2019-06-12 22:44:06.581 I/HwID_APK_log[2.7.0.304]/ATTokenDS 25015:1 :88] expireTime=1560353642678,now=1560350646581
06-12 22:44:06.582 25015 25015 I SignHuaweiIDImpl: [2019-06-12 22:44:06.581 I/HwID_APK_log[2.7.0.304]/SignHuaweiIDImpl 25015:1 :229] onGetATSuccess
06-12 22:44:06.582 25015 11429 I InAppTransport: [2019-06-12 22:44:06.582 I/HMSCore/InAppTransport 25015:28185 :96] In-App Request, uri: auth.checkPermission, clientIdentity: {appId: 10132067, hostAppID: 10132067, packageName: com.huawei.hwid, sdkVersion: 0}
06-12 22:44:06.582  2612 14277 I RecentsTaskLoadPlan: to show tasks size is 8
06-12 22:44:06.582 25015 11429 E CheckPermissionRequest: [2019-06-12 22:44:06.582 E/HMSCore/CheckPermissionRequest 25015:28185 :53] Failed to check the permission, appID: 100168529, permission: com.huawei.android.hms.account.getUnionId
06-12 22:44:06.583 25015 11429 I InAppResponse: [2019-06-12 22:44:06.582 I/HMSCore/InAppResponse 25015:28185 :48] In-App Response, uri: auth.checkPermission, statusCode: 0
06-12 22:44:06.583 25015 25015 I PermissionCheckUtil: [2019-06-12 22:44:06.583 I/HwID_APK_log[2.7.0.304]/PermissionCheckUtil 25015:1 :42] HMS CORE check failed 
06-12 22:44:06.583 25015 25015 I SignHuaweiIDImpl: [2019-06-12 22:44:06.583 I/HwID_APK_log[2.7.0.304]/SignHuaweiIDImpl 25015:1 :267] saveAccessToken
06-12 22:44:06.583 25015 25015 I SignHuaweiIDImpl: [2019-06-12 22:44:06.583 I/HwID_APK_log[2.7.0.304]/SignHuaweiIDImpl 25015:1 :304] ready to return after get at:true
06-12 22:44:06.583 25015 25015 I SignHuaweiIDImpl: [2019-06-12 22:44:06.583 I/HwID_APK_log[2.7.0.304]/SignHuaweiIDImpl 25015:1 :187] hasRequestBaseProfile:true
06-12 22:44:06.583 25015 25015 I ATTokenDS: [2019-06-12 22:44:06.583 I/HwID_APK_log[2.7.0.304]/ATTokenDS 25015:1 :239] getRetInfoFromBundle success
06-12 22:44:06.583 25015 25015 I HwIDAIDLResponse: [2019-06-12 22:44:06.583 I/HwID_APK_log[2.7.0.304]/HwIDAIDLResponse 25015:1 :40] signin finish :0
06-12 22:44:06.584 25015 25015 I BroadcastUtil: [2019-06-12 22:44:06.584 I/HwID_APK_log[2.7.0.304]/BroadcastUtil 25015:1 :34] sendAuthBroadcast
06-12 22:44:06.585 25015 25015 I LoginChecker: [2019-06-12 22:44:06.585 I/hwsns/LoginChecker 25015:1 :85] receive check login local broadcast.
06-12 22:44:06.585 25015 11431 I RespDataHandler: [2019-06-12 22:44:06.585 I/HwID_APK_log[2.7.0.304]/RespDataHandler 25015:28186 :36] getResponseData
06-12 22:44:06.585 25015 11431 I InAppTransport: [2019-06-12 22:44:06.585 I/HMSCore/InAppTransport 25015:28186 :96] In-App Request, uri: auth.checkPermission, clientIdentity: {appId: 10132067, hostAppID: 10132067, packageName: com.huawei.hwid, sdkVersion: 0}
06-12 22:44:06.585 25015 11431 I InAppResponse: [2019-06-12 22:44:06.585 I/HMSCore/InAppResponse 25015:28186 :48] In-App Response, uri: auth.checkPermission, statusCode: 0
06-12 22:44:06.586 25015 11431 I InAppTransport: [2019-06-12 22:44:06.586 I/HMSCore/InAppTransport 25015:28186 :96] In-App Request, uri: auth.checkPermission, clientIdentity: {appId: 10132067, hostAppID: 10132067, packageName: com.huawei.hwid, sdkVersion: 0}
06-12 22:44:06.586 25015 11431 I InAppResponse: [2019-06-12 22:44:06.586 I/HMSCore/InAppResponse 25015:28186 :48] In-App Response, uri: auth.checkPermission, statusCode: 0
06-12 22:44:06.586 25015 11431 I InAppTransport: [2019-06-12 22:44:06.586 I/HMSCore/InAppTransport 25015:28186 :96] In-App Request, uri: auth.checkPermission, clientIdentity: {appId: 10132067, hostAppID: 10132067, packageName: com.huawei.hwid, sdkVersion: 0}
06-12 22:44:06.586 25015 11431 I InAppResponse: [2019-06-12 22:44:06.586 I/HMSCore/InAppResponse 25015:28186 :48] In-App Response, uri: auth.checkPermission, statusCode: 0
06-12 22:44:06.587 25015 11431 I InAppTransport: [2019-06-12 22:44:06.586 I/HMSCore/InAppTransport 25015:28186 :96] In-App Request, uri: auth.checkPermission, clientIdentity: {appId: 10132067, hostAppID: 10132067, packageName: com.huawei.hwid, sdkVersion: 0}
06-12 22:44:06.587 25015 11431 E CheckPermissionRequest: [2019-06-12 22:44:06.587 E/HMSCore/CheckPermissionRequest 25015:28186 :53] Failed to check the permission, appID: 100168529, permission: com.huawei.android.hms.account.getUnionId
06-12 22:44:06.587 25015 11431 I InAppResponse: [2019-06-12 22:44:06.587 I/HMSCore/InAppResponse 25015:28186 :48] In-App Response, uri: auth.checkPermission, statusCode: 0
06-12 22:44:06.587 25015 11431 I PermissionCheckUtil: [2019-06-12 22:44:06.587 I/HwID_APK_log[2.7.0.304]/PermissionCheckUtil 25015:28186 :42] HMS CORE check failed 
06-12 22:44:06.587 25015 11431 I InAppTransport: [2019-06-12 22:44:06.587 I/HMSCore/InAppTransport 25015:28186 :96] In-App Request, uri: auth.checkPermission, clientIdentity: {appId: 10132067, hostAppID: 10132067, packageName: com.huawei.hwid, sdkVersion: 0}
06-12 22:44:06.588 25015 11431 I InAppResponse: [2019-06-12 22:44:06.588 I/HMSCore/InAppResponse 25015:28186 :48] In-App Response, uri: auth.checkPermission, statusCode: 0
06-12 22:44:06.588 25015 11431 I InAppTransport: [2019-06-12 22:44:06.588 I/HMSCore/InAppTransport 25015:28186 :96] In-App Request, uri: auth.checkPermission, clientIdentity: {appId: 10132067, hostAppID: 10132067, packageName: com.huawei.hwid, sdkVersion: 0}
06-12 22:44:06.588 25015 11431 I InAppResponse: [2019-06-12 22:44:06.588 I/HMSCore/InAppResponse 25015:28186 :48] In-App Response, uri: auth.checkPermission, statusCode: 0
06-12 22:44:06.588 25015 11431 I AIDLResponseImpl: [2019-06-12 22:44:06.588 I/HMSCore/AIDLResponseImpl 25015:28186 :75] Response, uri: hwid.signinbackend, statusCode: 0
06-12 22:44:06.591 11675  9102 I HMSSDK_PendingResultImpl: setResult:0
06-12 22:44:06.591   578  1729 V audio_custom: get value success, value:false
06-12 22:44:06.591   578  1729 I audio_custom: get_audio_capability: query audio capability:dual_smartpa_support and set dual_smartpa_support = false
06-12 22:44:06.591   603 31857 I hash_map_utils: key: 'audio_capability#dual_smartpa_support' value: ''
06-12 22:44:06.591 11675  9102 I HMSSDK_HuaweiIdApiImpl: signInBackend onComplete:0
06-12 22:44:06.592 11675  9102 I HMSSDK_HuaweiIdApiImpl: getSignInResult success
06-12 22:44:06.592 11675 11675 I HiBoard_HmsResultCallback: onResult result:0
06-12 22:44:06.592 11675 11675 I HiBoard_HmsResultCallback: 
06-12 22:44:06.592 11675 11675 I HiBoard_c: getAT SUCCESS:0
06-12 22:44:06.592 25015 25026 I APKAccountManager: [2019-06-12 22:44:06.592 I/HwID_APK_log[2.7.0.304]/APKAccountManager 25015:27502 :316] int getHwAccount VerifyFlag:0 is invalid
06-12 22:44:06.593 11675 11291 W ResponseProcessCookies: Cookie rejected: "BasicClientCookie[version=0,name=JSESSIONID,domain=setting1.hicloud.com,path=/IDMC,expiry=null]". Illegal path attribute "/IDMC". Path of origin: "/AccountServer/IUserInfoMng/stAuth"
06-12 22:44:06.593 25015 25026 I SiteCountryDataManager: [2019-06-12 22:44:06.592 I/HwID_APK_log[2.7.0.304]/SiteCountryDataManager 25015:27502 :886] getCASServerUrlBySiteID mSiteListInfoList find the site id 1
06-12 22:44:06.593 25015 25026 I InAppResponse: [2019-06-12 22:44:06.593 I/HMSCore/InAppResponse 25015:27502 :48] In-App Response, uri: hwid.inner.getServiceToken, statusCode: 0
06-12 22:44:06.594 11675 11291 I HwID_SDK_log[2.7.0.300]SDKUtil: getCurrentLoginUserName
06-12 22:44:06.594 25015 25026 I InAppTransport: [2019-06-12 22:44:06.593 I/HMSCore/InAppTransport 25015:27502 :96] In-App Request, uri: auth.checkPermission, clientIdentity: {appId: 10132067, hostAppID: 10132067, packageName: com.huawei.hwid, sdkVersion: 0}
06-12 22:44:06.594 25015 25026 E CheckPermissionRequest: [2019-06-12 22:44:06.594 E/HMSCore/CheckPermissionRequest 25015:27502 :53] Failed to check the permission, appID: 100168529, permission: com.huawei.android.hms.common.jos.off
06-12 22:44:06.594 25015 25026 I InAppResponse: [2019-06-12 22:44:06.594 I/HMSCore/InAppResponse 25015:27502 :48] In-App Response, uri: auth.checkPermission, statusCode: 0
06-12 22:44:06.594 11675 11291 I HwID_SDK_log[2.7.0.300]SDKAccountManager: use memcache account
06-12 22:44:06.595 11675 11291 E HwID_SDK_log[2.7.0.300]KeyStoreEncryptAndDecrypt: Decrypt source data is invalid.
06-12 22:44:06.596 11675 11291 I HwID_SDK_log[2.7.0.300]BaseUtil: enter networkIsAvaiable
06-12 22:44:06.597 25015 25026 I AgreementTask: [2019-06-12 22:44:06.597 I/HwJOS/AgreementTask 25015:27502 :65] begin to check Agreement Task.
06-12 22:44:06.598 25015 25026 D ProtocolPreference: [2019-06-12 22:44:06.597 D/HwJOS/ProtocolPreference 25015:27502 :289] hasReportTask:false
06-12 22:44:06.598 11675 11291 I HwID_SDK_log[2.7.0.300]OpLogUtil: recordOpLog
06-12 22:44:06.598 25015 25026 I IJosGlobalRuleImpl: [2019-06-12 22:44:06.598 I/HwJOS/IJosGlobalRuleImpl 25015:27502 :98] cache service list expire ts:false
06-12 22:44:06.598 11675 11291 I HwID_SDK_log[2.7.0.300]BaseUtil: enter networkIsAvaiable
06-12 22:44:06.598 25015 25026 I IJosGlobalRuleImpl: [2019-06-12 22:44:06.598 I/HwJOS/IJosGlobalRuleImpl 25015:27502 :128] service list support jos result:true,AllJoint json is null:true
06-12 22:44:06.598 25015 25026 I IJosNoticeImpl: [2019-06-12 22:44:06.598 I/HwJOS/IJosNoticeImpl 25015:27502 :92] globalServiceList local support.
06-12 22:44:06.598 25015 25026 I IJosGlobalRuleImpl: [2019-06-12 22:44:06.598 I/HwJOS/IJosGlobalRuleImpl 25015:27502 :98] cache service list expire ts:false
06-12 22:44:06.599 25015 25026 I BuoyDisplayCacheManager: [2019-06-12 22:44:06.599 I/HwJOS/BuoyDisplayCacheManager 25015:27502 :189] packageName = com.huawei.intelligent,currentHomeCountry=CN,cacheHomeCountry=CN
06-12 22:44:06.599 11675 11291 I HwID_SDK_log[2.7.0.300]OpLogInfo: packedString
06-12 22:44:06.600 11675 11291 I HwID_SDK_log[2.7.0.300]SiteCountryDataManager: getASServerUrlBySiteID siteID:1
06-12 22:44:06.600 11675 11291 I HwID_SDK_log[2.7.0.300]SiteCountryDataManager: hwAccount == null:false
06-12 22:44:06.600 11675 11291 I HwID_SDK_log[2.7.0.300]SiteCountryDataManager: hwAccount getASDomain:setting1.hicloud.com
06-12 22:44:06.600 11675 11291 I HwID_SDK_log[2.7.0.300]SiteCountryDataManager: getASServerUrlBySiteID getHwAccount was not empty siteID:1
06-12 22:44:06.600 25015 11435 I HwGrsSdk: getGrsUrls serviceName-->com.huawei.hms.game[Thread-162-28187](/:542)
06-12 22:44:06.600 25015 11435 I HwGrsSdk: getUrlsFromSp isJudgeExpire ->true[Thread-162-28187](/:717)
06-12 22:44:06.601 25015 11435 I HwGrsSdk: getUrlFromSp sp value is exist.[Thread-162-28187](/:725)
06-12 22:44:06.601 25015 11435 I HwGrsSdk: isSpExpire false.[Thread-162-28187](/:1004)
06-12 22:44:06.601 25015 11435 I HwGrsSdk: getUrlFromSp isExpire ->false[Thread-162-28187](/:729)
06-12 22:44:06.601 25015 11435 I HwGrsSdk: getServiceNameUrls[Thread-162-28187](/:734)
06-12 22:44:06.601 25015 11435 I HwGrsSdk: getServiceNameUrl jsonResult is right.[Thread-162-28187](/:1093)
06-12 22:44:06.601 25015 11435 I HwGrsSdk: getGrsUrls sp query success.[Thread-162-28187](/:558)
06-12 22:44:06.601 25015 11435 I HwGrsSdk: n*t*f*Q*e*y*u*c*s*C*l* u*l* [Thread-162-28187](/:1262)
06-12 22:44:06.601 25015 11435 I HwGrsSdk: HwGrsTest onCallBackSuccess(String url).[Thread-162-28187](/:1459)
06-12 22:44:06.601 25015 11435 I HwGrsSdk: getUrls--->{ROOT=https://gss-cn.game.hicloud.com}[Thread-162-28187](/:1467)
06-12 22:44:06.601 25015 25026 I HwGrsSdk: getUrla[0]--->{ROOT=https://gss-cn.game.hicloud.com}[Binder:25015_1-27502](/:1488)
06-12 22:44:06.601 25015 25026 I HwGrsSdk: HwGrsTest getUrl[Binder:25015_1-27502](/:1415)
06-12 22:44:06.602 25015 25026 I ServerConstant: [2019-06-12 22:44:06.602 I/HwJOS/ServerConstant 25015:27502 :38] getJFSServerUrl cost:3,isEmpty:false,isChina:true, Url:https://gss-cn.game.hicloud.com
06-12 22:44:06.602 25015 25026 I HttpHelper: [2019-06-12 22:44:06.602 I/HwJOS/HttpHelper 25015:27502 :106] Send the request, isHijacked: false
06-12 22:44:06.606 11675 11437 I HwID_SDK_log[2.7.0.300]BaseUtil: enter networkIsAvaiable
06-12 22:44:06.607 11675 11291 I HwID_SDK_log[2.7.0.300]SDKUtil: getCurrentLoginUserName
06-12 22:44:06.607 11675 11291 I HwID_SDK_log[2.7.0.300]SDKAccountManager: use memcache account
06-12 22:44:06.608 11675 11291 E HwID_SDK_log[2.7.0.300]KeyStoreEncryptAndDecrypt: Decrypt source data is invalid.
06-12 22:44:06.608 11675 11437 I HwID_SDK_log[2.7.0.300]ReleaseVersionManager: getSafeHttpClient
06-12 22:44:06.609 11675 11291 I HwID_SDK_log[2.7.0.300]BaseUtil: enter networkIsAvaiable
06-12 22:44:06.610   437   437 E OEMINFO_NVM_SERVER:  oeminfo_get_info:index(155), oeminfo data not find !!!!
06-12 22:44:06.610   437   437 E OEMINFO_NVM_SERVER:  oeminfo_return_info: oeminfo return info fail.
06-12 22:44:06.610   437   437 E OEMINFO_NVM_SERVER:  oinv_cmd_handler: pid 486, operation oeminfo_getinfo and ret -1 fail.
06-12 22:44:06.610   486   486 E OEMINFO_NVM_CLIENT: oinv_recv_return: RET_FAIL return.
06-12 22:44:06.610   486   486 E OEMINFO_NVM_CLIENT: rmt_oeminfo_get_info: index(155) get data from server fail.
06-12 22:44:06.610   486   486 E         : read_oeminfo_signed_data: failed to get info oeminfo_idx:155 and total_byte:0
06-12 22:44:06.610   486   486 E         : init_oeminfo_signed_data_all:fail to read oeminfo oeminfo_idx:155 and oeminfo_sub_idx:-1
06-12 22:44:06.610   486   486 E         : get_original_data_by_fun_tag_and_sign_type: fail to init signed oeminfo signed all params
06-12 22:44:06.610   486   486 E         : read_udid_number: failed to get udid
06-12 22:44:06.610   486   486 E factory_operator: hw_get_device_info: read udid from oeminfo fail
06-12 22:44:06.611 10277 11438 I chatty  : uid=1000(system) com.android.settings expire 15 lines
06-12 22:44:06.612 11675 11291 I HwID_SDK_log[2.7.0.300]OpLogUtil: recordOpLog
06-12 22:44:06.612 11675 11291 I HwID_SDK_log[2.7.0.300]BaseUtil: enter networkIsAvaiable
06-12 22:44:06.612 25015 25063 I AppLogManager: PrintWoker poll timeout , shutdown
06-12 22:44:06.614 11675 11291 I HwID_SDK_log[2.7.0.300]ReleaseVersionManager: getSafeHttpClient
06-12 22:44:06.614 11675 11291 I HwID_SDK_log[2.7.0.300]GetUserInfoRequest: packedString
06-12 22:44:06.627  1306  3131 I chatty  : uid=1000(system) Binder:1306_D expire 3 lines
06-12 22:44:06.627   726   726 I vendor.huawei.hardware.biometrics.fingerprint@2.1-service: BiometricsFingerprint::sendCmdToHal 55 
06-12 22:44:06.627   726   726 I FingerprintDeviceBase: FAIL TO OPEN DTS FP_SENSOR_TYPE_NODE
06-12 22:44:06.629   726   726 I vendor.huawei.hardware.biometrics.fingerprint@2.1-service: BiometricsFingerprint::sendCmdToHal 55 
06-12 22:44:06.629   726   726 I FingerprintDeviceBase: FAIL TO OPEN DTS FP_SENSOR_TYPE_NODE
06-12 22:44:06.644 11439 11439 I com.huawei.tip: Reinit property: dalvik.vm.checkjni= false
06-12 22:44:06.645 11439 11439 E com.huawei.tip: Not starting debugger since process cannot load the jdwp agent.
06-12 22:44:06.651 11439 11439 D ZrHung.AppEyeUiProbe: AppEyeUIP created.
06-12 22:44:06.661 11675 29693 I HiBoard_c: get AT success
06-12 22:44:06.661 11675 29693 I HiBoard_HiCardHolderManager: Create new HiCardHolderManager instance
06-12 22:44:06.661 11675 29693 I HiBoard_HiCardHolderManagerImpl: getAllSubscriptionType
06-12 22:44:06.661 11675 29693 I HiBoard_HiCardHolderManagerImpl: getService
06-12 22:44:06.661 11675 29693 I HiBoard_HiCardHolderManagerImpl: getService: service instance is null, retry count:0
06-12 22:44:06.662 11439 11453 I HwApiCacheMangerEx: apicache path=/storage/emulated/0 state=mounted key=com.huawei.tips#10141#256
06-12 22:44:06.662 11439 11453 I HwApiCacheMangerEx: apicache path=/storage/3866-6630 state=mounted key=com.huawei.tips#10141#256
06-12 22:44:06.663 11439 11453 I HwApiCacheMangerEx: apicache path=/storage/emulated/0 state=mounted key=com.huawei.tips#10141#0
06-12 22:44:06.663 11439 11453 I HwApiCacheMangerEx: apicache path=/storage/3866-6630 state=mounted key=com.huawei.tips#10141#0
06-12 22:44:06.663 11439 11439 I com.huawei.tip: The ClassLoaderContext is a special shared library.
06-12 22:44:06.664 11675 11436 I HwID_SDK_log[2.7.0.300]BaseUtil: enter networkIsAvaiable
06-12 22:44:06.666 11675 11436 I HwID_SDK_log[2.7.0.300]OpLogInfo: packedString
06-12 22:44:06.666 11675 11436 I HwID_SDK_log[2.7.0.300]SiteCountryDataManager: getASServerUrlBySiteID siteID:1
06-12 22:44:06.666 11675 11436 I HwID_SDK_log[2.7.0.300]SiteCountryDataManager: hwAccount == null:false
06-12 22:44:06.666 11675 11436 I HwID_SDK_log[2.7.0.300]SiteCountryDataManager: hwAccount getASDomain:setting1.hicloud.com
06-12 22:44:06.666 11675 11436 I HwID_SDK_log[2.7.0.300]SiteCountryDataManager: getASServerUrlBySiteID getHwAccount was not empty siteID:1
06-12 22:44:06.671 11675 11455 I HwID_SDK_log[2.7.0.300]BaseUtil: enter networkIsAvaiable
06-12 22:44:06.673 11675 11455 I HwID_SDK_log[2.7.0.300]ReleaseVersionManager: getSafeHttpClient
06-12 22:44:06.682 24983 24997 I HiCard  : [HiCardProvider]: query path:/suppliersubscription
06-12 22:44:06.683 24983 24997 I j       : Subscribe  accountId :70086000025328999
06-12 22:44:06.684 24983 24997 I HiCard  : [HiCardProvider]: query path:/subscribe_info
06-12 22:44:06.685 24983 24997 I j       : Subscribe  type: com.huawei.tips
06-12 22:44:06.685 24983 24997 I j       : Subscribe  type :com.huawei.tips ,isSubType: true
06-12 22:44:06.685 24983 24997 I j       : Subscribe  type :139af931600d4981bdfe78cd3a80956b ,isSubType: false
06-12 22:44:06.685 24983 24997 I j       : Subscribe  type :cad2feecd41a4e965ae89d7715adcb53 ,isSubType: false
06-12 22:44:06.685 24983 24997 I j       : Subscribe  type :447c84bd35484e0bbcc10790cbf7f922 ,isSubType: false
06-12 22:44:06.687 11675 29693 I HiBoard_HiCardHolderManagerImpl: Discard tips subscribe type
06-12 22:44:06.687 11675 29693 I HiBoard_HiCardHolderManagerImpl: getAllSubscriptionType done
06-12 22:44:06.687 11675 29693 I HiBoard_SmartcareView: doCheckSmartcareState end
06-12 22:44:06.687 11675 11675 I HiBoard_MainView: UpdateRedDotState
06-12 22:44:06.687 11675 11675 I HiBoard_MainView: UpdateRedDotState end
06-12 22:44:06.690 11439 11453 I AwareBitmapCacher: init processName:com.huawei.tips pid=11439 uid=10141
06-12 22:44:06.694 11439 11457 E AwareLog: AtomicFileUtils: readFileLines file not exist: android.util.AtomicFile@6822bd9
06-12 22:44:06.694 11675 11428 I HiBoard_c: get AT success
06-12 22:44:06.695 11675 11428 I HiBoard_HiCardHolderManager: Create new HiCardHolderManager instance
06-12 22:44:06.695 11675 11428 I HiBoard_HiCardHolderManager: HiCardHolderManager notifySupplier
06-12 22:44:06.695 11675 11428 I HiBoard_HiCardHolderManagerImpl: HiCardHolderManagerImpl notifySupplier: HAG
06-12 22:44:06.695 11675 11428 I HiBoard_HiCardHolderManagerImpl: getService
06-12 22:44:06.695 11675 11428 I HiBoard_HiCardHolderManagerImpl: getService: service instance is null, retry count:0
06-12 22:44:06.701 11439 11453 E MemoryLeakMonitorManager: MemoryLeakMonitor.jar is not exist!
06-12 22:44:06.703 11439 11452 I HwSuggest: PrivacySearchProvider: call method = checkMenuIsSupportToShow ; arg = com.huawei.tips.category.privacy_policy ; extras = null
06-12 22:44:06.703 11439 11452 I HwSuggest: PrivacyNotificationUtil:EMUI VersionCode = 18
06-12 22:44:06.706 25015 25026 I NoticeObjectHelper: [2019-06-12 22:44:06.706 I/HwJOS/NoticeObjectHelper 25015:27502 :92] JFS response noticeList size:0
06-12 22:44:06.706 25015 25026 I HttpHelper: [2019-06-12 22:44:06.706 I/HwJOS/HttpHelper 25015:27502 :120] Call execute end.
06-12 22:44:06.707 25015 25026 I JFSReqImpl: [2019-06-12 22:44:06.707 I/HwJOS/JFSReqImpl 25015:27502 :170] save JointParams to sp result:true
06-12 22:44:06.707 25015 25026 I IJosGlobalRuleImpl: [2019-06-12 22:44:06.707 I/HwJOS/IJosGlobalRuleImpl 25015:27502 :98] cache service list expire ts:false
06-12 22:44:06.707 25015 25026 I IJosNoticeImpl: [2019-06-12 22:44:06.707 I/HwJOS/IJosNoticeImpl 25015:27502 :176] use cache service list support jos
06-12 22:44:06.707 25015 25026 I IJosGlobalRuleImpl: [2019-06-12 22:44:06.707 I/HwJOS/IJosGlobalRuleImpl 25015:27502 :128] service list support jos result:true,AllJoint json is null:true
06-12 22:44:06.707 25015 25026 W JosNoticeHandler: [2019-06-12 22:44:06.707 W/HwJOS/JosNoticeHandler 25015:27502 :112] NoticeObject List is empty.
06-12 22:44:06.708 25015 25026 W Jos.getNotice: [2019-06-12 22:44:06.707 W/HwJOS/Jos.getNotice 25015:27502 :113] onRequestStop statusCode:8002
06-12 22:44:06.708 25015 25026 I AIDLResponseImpl: [2019-06-12 22:44:06.708 I/HMSCore/AIDLResponseImpl 25015:27502 :75] Response, uri: core.getNoticeIntent, statusCode: 0
06-12 22:44:06.709 11675 29693 I HMSSDK_PendingResultImpl: setResult:0
06-12 22:44:06.710 11675 29693 I HMSSDK_connectservice: josNoticeResp status code :8002
06-12 22:44:06.711 25015 25063 I AppLogManager: PrintWoker poll timeout , shutdown
06-12 22:44:06.720   605   868 D         : doWinFrameOptStatusRecog begin to recog Layer result=2
06-12 22:44:06.723 10277 11458 I chatty  : uid=1000(system) com.android.settings expire 1 line
06-12 22:44:06.744   578  1729 V audio_custom: get value success, value:false
06-12 22:44:06.744   578  1729 I audio_custom: get_audio_capability: query audio capability:dual_smartpa_support and set dual_smartpa_support = false
06-12 22:44:06.744   603 31857 I hash_map_utils: key: 'audio_capability#dual_smartpa_support' value: ''
06-12 22:44:06.750   578  1729 E audio_custom: get value fail
06-12 22:44:06.750   578  1729 W audio_custom: get_audio_capability: query audio capability: fail, set  = null as default
06-12 22:44:06.750   603 31857 I hash_map_utils: key: 'audio_capability' value: 'hpx_support'
06-12 22:44:06.756 24983 24997 I HiCard  : [HiCardService]: HiCardService notifySupplier
06-12 22:44:06.756 24983 24997 I HiCard  : [h]: notifySupplier supplierName  HAGextraInfo  Bundle[mParcelledData.dataSize=840]
06-12 22:44:06.756 24983 24997 I HiCard  : [d]: getServiceActionAndPackageName: HAG
06-12 22:44:06.756 24983 24997 I HiCard  : [a]: getServicePackage: HAG
06-12 22:44:06.756 24983 24997 I HiCard  : [a]: getServicePackage: HAG
06-12 22:44:06.756 24983 24997 I HiCard  : [a]: getServiceAction: HAG
06-12 22:44:06.756 24983 24997 I HiCard  : [h]: notifySupplier serviceActionName  com.huawei.hicard.hag.service
06-12 22:44:06.756 24983 24997 I HiCard  : [h]: notifySupplier servicePackageName  com.huawei.hicard
06-12 22:44:06.757 24983 24997 I HiCard  : [b]: bindService
06-12 22:44:06.757 24983 24997 I HiCard  : [b]: bindService isBindSuccess true
06-12 22:44:06.757 24983 24997 I HiCard  : [h]: isBindSuccess 0
06-12 22:44:06.757 24983 24997 I HiCard  : [b]: notifySupplier supplierName HAG   extraInfo   Bundle[mParcelledData.dataSize=840]
06-12 22:44:06.758 24983 24997 E HiCard  : [b]: asBinder
06-12 22:44:06.758 24983 24997 I HiCard  : [b]: retCode 1
06-12 22:44:06.758 24983 24997 I HiCard  : [h]: isNotifySupplier 1
06-12 22:44:06.758 25633 11459 E FastSDKEngine: DistributeType.HostMode Lite
06-12 22:44:06.758 11675 11428 I HiBoard_HiCardHolderManagerImpl: notifySupplier to Service subscribe
06-12 22:44:06.759 11675 11675 I HiBoard_c: NotifyHagService onPostExecute
06-12 22:44:06.759 25633 11459 I HAGLIB.CardRequestProcessor:  query subscribed card type for holder:com.huawei.intelligent
06-12 22:44:06.759 25633 11459 I HiCardProviderManager: getSubscribedCardType holderPackageName:com.huawei.intelligent cardTypenull
06-12 22:44:06.760 24983 24997 I HiCard  : [HiCardProvider]: query path:/subscribe_info_with_suppliersubscription
06-12 22:44:06.760 24983 24997 I HiCard  : [HiCardProvider]: SUBSCRIBE_INFO_WITH_SUPPLIERSUBSCRIPTION  query
06-12 22:44:06.761 25633 11459 E HAGLIB.CardRequestProcessor:  query subscribed card type, found nothing
06-12 22:44:06.762 25633 11459 I HAGLIB.NetHandler:  reqeustCardListByUser
06-12 22:44:06.763 25633 11459 E FastSDKEngine: DistributeType.HostMode Lite
06-12 22:44:06.770   437   437 E OEMINFO_NVM_SERVER:  oeminfo_get_info:index(155), oeminfo data not find !!!!
06-12 22:44:06.770   437   437 E OEMINFO_NVM_SERVER:  oeminfo_return_info: oeminfo return info fail.
06-12 22:44:06.770   437   437 E OEMINFO_NVM_SERVER:  oinv_cmd_handler: pid 486, operation oeminfo_getinfo and ret -1 fail.
06-12 22:44:06.770   486   486 E OEMINFO_NVM_CLIENT: oinv_recv_return: RET_FAIL return.
06-12 22:44:06.770   486   486 E OEMINFO_NVM_CLIENT: rmt_oeminfo_get_info: index(155) get data from server fail.
06-12 22:44:06.770   486   486 E         : read_oeminfo_signed_data: failed to get info oeminfo_idx:155 and total_byte:0
06-12 22:44:06.770   486   486 E         : init_oeminfo_signed_data_all:fail to read oeminfo oeminfo_idx:155 and oeminfo_sub_idx:-1
06-12 22:44:06.770   486   486 E         : get_original_data_by_fun_tag_and_sign_type: fail to init signed oeminfo signed all params
06-12 22:44:06.770   486   486 E         : read_udid_number: failed to get udid
06-12 22:44:06.770   486   486 E factory_operator: hw_get_device_info: read udid from oeminfo fail
06-12 22:44:06.771 25633 11459 I HAGLIB.HAGTools:  udid is null
06-12 22:44:06.772 11675 11291 I HwID_SDK_log[2.7.0.300]SDKUtil: getCurrentLoginUserName
06-12 22:44:06.773 11675 11291 I HwID_SDK_log[2.7.0.300]SDKAccountManager: use memcache account
06-12 22:44:06.773 11675 11291 E HwID_SDK_log[2.7.0.300]KeyStoreEncryptAndDecrypt: Decrypt source data is invalid.
06-12 22:44:06.774 25633 11459 I HAGLIB.HttpUrlConnectionCaller:  createConnection
06-12 22:44:06.774 11675 11291 I HwID_SDK_log[2.7.0.300]BaseUtil: enter networkIsAvaiable
06-12 22:44:06.776 11675 11291 I HwID_SDK_log[2.7.0.300]OpLogUtil: recordOpLog
06-12 22:44:06.776 11675 11291 I HwID_SDK_log[2.7.0.300]BaseUtil: enter networkIsAvaiable
06-12 22:44:06.778 11675 11291 I HwID_SDK_log[2.7.0.300]OpLogInfo: packedString
06-12 22:44:06.779 11675 11291 I HwID_SDK_log[2.7.0.300]SiteCountryDataManager: getASServerUrlBySiteID siteID:1
06-12 22:44:06.779 11675 11291 I HwID_SDK_log[2.7.0.300]SiteCountryDataManager: hwAccount == null:false
06-12 22:44:06.779 11675 11291 I HwID_SDK_log[2.7.0.300]SiteCountryDataManager: hwAccount getASDomain:setting1.hicloud.com
06-12 22:44:06.779 11675 11291 I HwID_SDK_log[2.7.0.300]SiteCountryDataManager: getASServerUrlBySiteID getHwAccount was not empty siteID:1
06-12 22:44:06.785 11675 11290 I HiBoard_HwAccountLogic: CloudRequestHandlerImp onFinish
06-12 22:44:06.785 11675 11461 I HwID_SDK_log[2.7.0.300]BaseUtil: enter networkIsAvaiable
06-12 22:44:06.785 11675 25773 I HiBoard_d: loadHeadPic , downloadUrl is not empty
06-12 22:44:06.786 11675 25010 D HiBoard_ReportHelper: event id=1012 event Context={type=1, costTime=3909}
06-12 22:44:06.787 11675 11461 I HwID_SDK_log[2.7.0.300]ReleaseVersionManager: getSafeHttpClient
06-12 22:44:06.791 11675 25773 I HiBoard_d: notify--MSG_ID_ACCOUNT_HEAD_GET
06-12 22:44:06.811  2960  3094 W JankService: processEntry, not beta version or commercial log off
06-12 22:44:06.812 11701 11701 I HuaweiIME: SysInfo.getSysParam: orientation=1||config d=3.0,w=1080,h=1920||metrics d=3.0,w=1080,h=1920||sdk=28,bar_h=72||appScale=3.3,sysScale=3.0||isMultiWin=false,isPadMode=false, boardw=1080, boardH=705, candH=130
06-12 22:44:06.814   605   868 D         : doWinFrameOptStatusRecog begin to recog Layer result=2
06-12 22:44:06.819   685 13846 E DE N DES: getSupportedInternal:159: Cannot find processor of feature(id:11)!
06-12 22:44:06.832 25633 11459 I HAGLIB.HttpUrlConnectionCaller:  close connection
06-12 22:44:06.833 25633 11459 I HAGLIB.HttpCall:  response http code: 200
06-12 22:44:06.833 25633 25633 I HiCardProviderManager: getHiCardsByPath path:com.huawei.intelligent
06-12 22:44:06.833 25633 25633 D ProviderCallUtil: callMethod provider_query
06-12 22:44:06.833 25633 11459 I HAGLIB.CardRequestProcessor:  request card callback:200
06-12 22:44:06.834 24983 24997 E HiCard  : [b]: returnNotify  uuid8ed1b52b-d5e9-46ae-9a46-317be0851d36 ;methodId:1 ;retCode  200
06-12 22:44:06.834 24983 24999 I HiCard  : [HiCardProvider]: Provider.call: provider_query args:query_by_path_and_provider_name
06-12 22:44:06.834 11675 29693 I HiBoard_HiCardHolderManagerImpl: returnNotify method id:1;result: 200
06-12 22:44:06.834 11675 29693 D HiBoard_b: returnNotify method id: 1result: 200
06-12 22:44:06.834 24983 24999 I HiCard  : [a]: providerQuery opt : query_by_path_and_provider_name
06-12 22:44:06.834 24983 24999 I HiCard  : [a]: queryByPathAndProviderName path:com.huawei.intelligent providerName:com.huawei.hicard
06-12 22:44:06.834 24983 24999 I HiCard  : [HiCardProvider]: query path:/path_hicard_with_property
06-12 22:44:06.835 24983 24999 I HiCard  : [a]: queryByPathAndProviderName result size:0
06-12 22:44:06.836 25633 25633 W HAGLIB.CardRequestProcessor:  card list is empty
06-12 22:44:06.875  1306  1338 I chatty  : uid=1000(system) android.io expire 7 lines
06-12 22:44:06.908   685 13846 E DE N DES: getSupportedInternal:159: Cannot find processor of feature(id:11)!
06-12 22:44:06.922   726   726 I vendor.huawei.hardware.biometrics.fingerprint@2.1-service: BiometricsFingerprint::sendCmdToHal 55 
06-12 22:44:06.922   726   726 I FingerprintDeviceBase: FAIL TO OPEN DTS FP_SENSOR_TYPE_NODE
06-12 22:44:06.950   596   596 E WifiHAL : enter wifi_get_link_stats
06-12 22:44:06.964   596   596 E WifiHAL : Failed to execute bssid blacklist request, result = -22
06-12 22:44:06.964   596   596 E WifiHAL : wifi_configure_roaming: Failed to configure blacklist bssids
06-12 22:44:08.044   605   868 D         : doWinFrameOptStatusRecog begin to recog Layer result=2
06-12 22:44:08.046  4944 22682 W ContentSensor_FrameworkRegistry: ActivityNotifier unknown state
06-12 22:44:08.046 14463  5406 W HwVAssistant FrameworkRegistry: get unknown state=showStartingWindow
06-12 22:44:08.056  1306 11464 I chatty  : uid=1000 system_server expire 1 line
06-12 22:44:08.094   605   868 D         : doWinFrameOptStatusRecog begin to recog Layer result=2
06-12 22:44:08.143 10277 11466 I chatty  : uid=1000(system) com.android.settings expire 15 lines
06-12 22:44:08.154  1306  1502 I chatty  : uid=1000(system) Binder:1306_4 expire 4 lines
06-12 22:44:08.154   726   726 I vendor.huawei.hardware.biometrics.fingerprint@2.1-service: BiometricsFingerprint::sendCmdToHal 55 
06-12 22:44:08.154   726   726 I FingerprintDeviceBase: FAIL TO OPEN DTS FP_SENSOR_TYPE_NODE
06-12 22:44:08.157   726   726 I vendor.huawei.hardware.biometrics.fingerprint@2.1-service: BiometricsFingerprint::sendCmdToHal 55 
06-12 22:44:08.157   726   726 I FingerprintDeviceBase: FAIL TO OPEN DTS FP_SENSOR_TYPE_NODE
06-12 22:44:08.174  2612 14277 D HwRecentsTaskUtils: refreshToCache
06-12 22:44:08.175  2612 14277 D HwRecentsTaskUtils: searchFromDate
06-12 22:44:08.179  2612 14277 I RecentsTaskLoadPlan: to show tasks size is 8
06-12 22:44:08.192  1306  9567 I chatty  : uid=1000(system) Binder:1306_17 expire 1 line
06-12 22:44:08.206   605   868 D         : doWinFrameOptStatusRecog begin to recog Layer result=2
06-12 22:44:08.213 10277 11468 I chatty  : uid=1000(system) com.android.settings expire 1 line
06-12 22:44:08.233  1306  1329 I chatty  : uid=1000(system) android.ui expire 13 lines
06-12 22:44:08.234   605   852 E BufferQueueProducer: [] mConsumerName == NULL!!!!!!
06-12 22:44:08.299  2960  3094 W JankService: processEntry, not beta version or commercial log off
06-12 22:44:08.309 11299 11299 D AwareBitmapCacher: handleInit disable com.google.android.gms.ui
06-12 22:44:08.384   568  7898 I GRALLOC : getCallingPid=605, shrFd=31,fmt=0x1,intFmt=0x200000001,btStrd=4352,size=8486912,pid=568 
06-12 22:44:08.384   568  7898 I GRALLOC : 	 yuv=2,w=1080,h=1920,Stride u=0 v=0,offset u=0 v=0 
06-12 22:44:08.384   568  7898 I GRALLOC : 	 iova_size=8486912,conUsg=0xb00,proUsg=0xb00,	 strd=1088,[afbc]HdrStrd=1088 PyldStrd=69632 Scrmbl=2,ionhnd = 1 
