05-26 15:37:20.343  2528  2528 I chatty  : uid=1000(system) com.huawei.systemserver expire 12 lines
05-26 15:37:20.682  1306  1454 I chatty  : uid=1000(system) UEventObserver expire 5 lines
05-26 15:37:20.701  1306  1493 I chatty  : uid=1000(system) HwBinder:1306_3 expire 1 line
05-26 15:37:20.740 16635 16635 D TuringScreenReceiver: onReceiver action : android.intent.action.BATTERY_CHANGED
05-26 15:37:20.744 16635 16635 D Gallery2_Common_TuringState: setBattery:79
05-26 15:37:20.744 16635 16635 D Gallery2_Common_TuringState: Condition not ok! PowerConnect:true ScreenOff:false BatteryEnough:true
05-26 15:37:20.750  9888  9888 I [10.4.0.305]CloudAlbum.BatteryProcessor: batteryStatus: 2
05-26 15:37:20.751  9888  9888 I [10.4.0.305]CloudAlbum.SyncStrategy: begin initState, mask: 256, flag: false
05-26 15:37:20.751  9888  9888 I [10.4.0.305]CloudAlbum.CloudAlbumSdkServiceImpl: invokeEvent msgId: 63
05-26 15:37:20.754  9888  9888 I [10.4.0.305]CloudAlbum.BatteryProcessor: checkLossLevel screen:true battery level while screen off:0 now:79
05-26 15:37:20.755  9888 16697 I [10.4.0.305]CloudAlbum.CloudAlbumSdkLogic: dealStateChangedEvent, syncState: 1, state: 18
05-26 15:37:20.756  9888 16697 I [10.4.0.305]CloudAlbum.CloudAlbumSdkServiceImpl: sendCallbackMsg msgId: 9099
05-26 15:37:20.809 16635 16689 W CloudAlbumSDK[10.3.1.301].GeneralAlbumSyncLogic: sync task is not running
05-26 15:37:20.811 16635 16694 D Gallery2_cloud_SdkCallback: onSyncStrategyStateChanged syncState=1 state=18
05-26 15:37:20.816 16635 16694 I CloudSyncState: new sSyncPromptState state 901
05-26 15:37:20.850 16635 16694 D Gallery2_download_list_CloudMediaDownloadUtils: dealCloudStateChange syncState=1 state=18
05-26 15:37:20.853 16635 16876 D Gallery2_download_list_CloudMediaDownloadHelp: setForceDownLoad mediaType:true forceDownload:false
05-26 15:37:20.854 16635 16876 D Gallery2_download_list_CloudMediaDownloadHelp: setForceDownLoad mediaType:false forceDownload:false
05-26 15:37:20.854 16635 16876 D Gallery2_download_list_CloudMediaDownloadHelp: setCancelDownLoad:true
05-26 15:37:21.055  3352  3352 D InCall - InCallPresenter: onDeviceOrientationChange: orientation= 0
05-26 15:37:21.092  2340  2340 I chatty  : uid=10039(com.huawei.HwMultiScreenShot) com.android.systemui expire 208 lines
05-26 15:37:21.271 13156 16150 I HiSearch9.11.3.301: [LauncherOverlayService]: LAUNCHER_INTERACTION from launcher and openOverlay
05-26 15:37:21.277  2612  2834 E HwLauncher: SettingsEx className not found:libcore.icu.Transliterator
05-26 15:37:21.280 13156 16150 I HiSearch9.11.3.301: [LauncherOverlayService]: LAUNCHER_INTERACTION from launcher and dispatchTouchEvent event = 0
05-26 15:37:21.283 13156 13156 I HiSearch9.11.3.301: [Utils]: OOBE_FUNC getIsAgree bigger version return false; and  SP_stateVesion = 0.0 APK_stateVesion = 1.2
05-26 15:37:21.284  2612  2612 I ViewRootImpl: jank_removeInvalidNode all the node in jank list is out of time
05-26 15:37:21.289 13156 13156 I HiSearch9.11.3.301: [LauncherOverlayService]: mHandler is null =false
05-26 15:37:21.290 13156 13156 E HiSearch9.11.3.301: [LauncherOverlayService]: LAUNCHER_INTERACTION  from launcher and bundle is null
05-26 15:37:21.294 13156 16150 I HiSearch9.11.3.301: [LauncherOverlayService]: LAUNCHER_INTERACTION from launcher and dispatchTouchEvent event = 2
05-26 15:37:21.299 13156 16150 I HiSearch9.11.3.301: [LauncherOverlayService]: LAUNCHER_INTERACTION from launcher and dispatchTouchEvent event = 1
05-26 15:37:21.334 13156 13156 I HiSearch9.11.3.301: [HwSearchApp]: isDropWaterAnimator = false
05-26 15:37:21.337 13156 13156 I HiSearch9.11.3.301: [LauncherOverlayService]: openOverlay isAgree:false,isFirstTime:true
05-26 15:37:21.338 13156 13156 I HiSearch9.11.3.301: [Workspace]: initView() and mMainView = com.huawei.search.ui.views.Workspace{6cb064e VFE...C.. ......I. 0,0-0,0}
05-26 15:37:21.347 13156 13156 I HiSearch9.11.3.301: [Workspace]: initView() ! mDrop_serarch_stub = android.view.ViewStub{eb1a36f G.E...... ......I. 0,0-0,0 #7f100104 app:id/drop_serarch_stub}
05-26 15:37:21.354 13156 13156 I HiSearch9.11.3.301: [UiUtil]: getStatusBarHeight: height=72
05-26 15:37:21.355 13156 13156 I HiSearch9.11.3.301: [Workspace]: initDropSearchView ! mMainView=com.huawei.search.ui.views.Workspace{6cb064e VFE...C.. ......I. 0,0-0,0},mDrop_serarch_stub = android.view.ViewStub{eb1a36f G.E...... ......I. 0,0-0,0 #7f100104 app:id/drop_serarch_stub}
05-26 15:37:21.411 13156 13156 W HwPhoneLayoutInflater: onCreateView : ClassNotFoundException, In this case we want to let the base class take a crack at it
05-26 15:37:21.418 13156 13156 W HwPhoneLayoutInflater: onCreateView : ClassNotFoundException, In this case we want to let the base class take a crack at it
05-26 15:37:21.481   583   583 I HW_DISPLAY_EFFECT: hw_get_display_panel_type: panel info is blmax:5920,blmin:28,blmax_nit_actual:0,blmax_nit_standard:0,lcdtype:LCD,
05-26 15:37:21.481   583   583 I HW_DISPLAY_EFFECT: 
05-26 15:37:21.481   583   583 I HW_DISPLAY_EFFECT: hw_get_display_panel_type: lcd type is LCD
05-26 15:37:21.482 13156 13156 D TextView: get Display Panel Type is : 0
05-26 15:37:21.506 13156 13156 D HwWechatOptimizeImpl: mIsEffect:false
05-26 15:37:21.534 13156 13156 I HiSearch9.11.3.301: [Workspace]:  initDropSearchView and DropSearchView onCreate!
05-26 15:37:21.534 13156 13156 I HiSearch9.11.3.301: [Utils]: OOBE_FUNC getIsAgree bigger version return false; and  SP_stateVesion = 0.0 APK_stateVesion = 1.2
05-26 15:37:21.535 13156 13156 I HiSearch9.11.3.301: [DropSearchView]: initView() isAgree=false
05-26 15:37:21.535 13156 13156 I HiSearch9.11.3.301: [Utils]: OOBE_FUNC getIsAgree bigger version return false; and  SP_stateVesion = 0.0 APK_stateVesion = 1.2
05-26 15:37:21.535 13156 13156 I HiSearch9.11.3.301: [DropSearchView]: LAUNCHER_RECENT_APPS getRecentUsedApps isAgree = false
05-26 15:37:21.536 13156 13156 I HiSearch9.11.3.301: [UiUtil]: getStatusBarHeight: height=72
05-26 15:37:21.537 13156 13156 I HiSearch9.11.3.301: [UiUtil]: getStatusBarHeight: height=72
05-26 15:37:21.547 13156 13156 I HiSearch9.11.3.301: [DropSearchAnimater]: m:DropSearchAnimater do not create mDropWaveView
05-26 15:37:21.548 13156 13156 I HiSearch9.11.3.301: [DropSearchAnimater]: ANIMATOR_STATUS createAnimtorsInner startValue = -216.0
05-26 15:37:21.551 13156 13156 I HiSearch9.11.3.301: [DropSearchAnimater]: ANIMATOR_STATUS setCurrentFraction and clampRate fraction=0.0
05-26 15:37:21.592 13156 13156 I HiSearch9.11.3.301: [UiUtil]: getSystemDimens: className = com.android.internal.R$dimen filedName = navigation_bar_heightdimen = 126
05-26 15:37:21.593 13156 13156 I HiSearch9.11.3.301: [UiUtil]: getStatusBarHeight: height=72
05-26 15:37:21.593 13156 13156 I HiSearch9.11.3.301: [UiUtil]: getStatusBarHeight: height=72
05-26 15:37:21.596 13156 13156 I HiSearch9.11.3.301: [DropSearchView]: notifyDataChanged() + what = 0
05-26 15:37:21.597 13156 13156 I HiSearch9.11.3.301: [Utils]: OOBE_FUNC getIsAgree bigger version return false; and  SP_stateVesion = 0.0 APK_stateVesion = 1.2
05-26 15:37:21.597 13156 13156 I HiSearch9.11.3.301: [DropSearchView]: LAUNCHER_RECENT_APPS getRecentUsedApps isAgree = false
05-26 15:37:21.597 13156 13156 I HiSearch9.11.3.301: [DropSearchView]: LAUNCHER_RECENT_APPS setRecentContentVisibility mRecentApps=null
05-26 15:37:21.597 13156 13156 I HiSearch9.11.3.301: [DropSearchView]: LAUNCHER_RECENT_APPS hidden=false
05-26 15:37:21.598 13156 13156 I HiSearch9.11.3.301: [DropSearchViewSearchHistoryHelper]: SEARCH_HISITORY DropSearchViewSearchHistoryHelper create
05-26 15:37:21.598 13156 13156 I HiSearch9.11.3.301: [DropSearchView]: SEARCH_HISITORY setRecentContentVisibility displaySearchHistoryData
05-26 15:37:21.598 13156 13156 I HiSearch9.11.3.301: [Utils]: OOBE_FUNC getIsAgree bigger version return false; and  SP_stateVesion = 0.0 APK_stateVesion = 1.2
05-26 15:37:21.598 13156 13156 I HiSearch9.11.3.301: [DropSearchViewSearchHistoryHelper]: SEARCH_HISITORY displaySearchHistoryData is not agree
05-26 15:37:21.598 13156 13156 I HiSearch9.11.3.301: [Workspace]: KILL_SELF remove killself-msg
05-26 15:37:21.598 13156 13156 I HiSearch9.11.3.301: [Workspace]: getMainViewOrientation: orientation=1
05-26 15:37:21.599 13156 13156 E HiSearch9.11.3.301: [Workspace]: mNavigationBac is null
05-26 15:37:21.599 13156 13156 I HiSearch9.11.3.301: [Workspace]: getMainViewOrientation: orientation=1
05-26 15:37:21.600 13156 13156 E HiSearch9.11.3.301: [Workspace]: mNavigationBac is null
05-26 15:37:21.601 13156 13156 D OpenGLRenderer: Skia GL Pipeline
05-26 15:37:21.606 13156 13156 D HwAppInnerBoostImpl: set config for com.huawei.search BOOST_FLAG=false REPORT_DURATION_CLICK=1000 REPORT_TIMES_CLICK=3 REPORT_DURATION_SLIDE=5000 REPORT_TIMES_SLIDE=16
05-26 15:37:21.606 13156 13156 D OpenGLRenderer:   HWUI Binary is  enabled
05-26 15:37:21.607 13156 13156 D OpenGLRenderer: disableOutlineDraw is true
05-26 15:37:21.620 13156 13156 I HiSearch9.11.3.301: [Utils]: OOBE_FUNC getIsAgree bigger version return false; and  SP_stateVesion = 0.0 APK_stateVesion = 1.2
05-26 15:37:21.620 13156 13156 I HiSearch9.11.3.301: [Utils]: OOBE_FUNC getIsAgree bigger version return false; and  SP_stateVesion = 0.0 APK_stateVesion = 1.2
05-26 15:37:21.620 13156 13156 I HiSearch9.11.3.301: [ReporterManager]: BigDataTest not enable report
05-26 15:37:21.624 13156 13156 I HiSearch9.11.3.301: [UiUtil]: getSystemDimens: className = com.android.internal.R$dimen filedName = navigation_bar_heightdimen = 126
05-26 15:37:21.624 13156 13156 I HiSearch9.11.3.301: [UiUtil]: getStatusBarHeight: height=72
05-26 15:37:21.625 13156 13156 I HiSearch9.11.3.301: [UiUtil]: getStatusBarHeight: height=72
05-26 15:37:21.625 13156 13156 I HiSearch9.11.3.301: [DropSearchAnimater]: ANIMATOR_STATUS onAnimationUpdate value = 1.0 funcValue = 0.0
05-26 15:37:21.627 13156 13156 I HiSearch9.11.3.301: [Utilities]: isEmui90= true
05-26 15:37:21.630 13156 13156 D HwGalleryCacheManagerImpl: mIsEffect:false
05-26 15:37:21.632 13156 16878 I HiSearch9.11.3.301: [RecentAppsProvider]: LAUNCHER_RECENT_APPS + TIME_TAG:  95
05-26 15:37:21.684 13156 13156 D skia    : external skia thread pool create.
05-26 15:37:21.693 13156 16878 I HiSearch9.11.3.301: [RecentAppsProvider]: LAUNCHER_RECENT_APPS + TIME_TAG:  53
05-26 15:37:21.695 13156 13156 I HiSearch9.11.3.301: [DropSearchView]: onTextChanged!
05-26 15:37:21.696 13156 13156 I HiSearch9.11.3.301: [Utils]: OOBE_FUNC getIsAgree bigger version return false; and  SP_stateVesion = 0.0 APK_stateVesion = 1.2
05-26 15:37:21.696 13156 13156 I HiSearch9.11.3.301: [DropSearchView]: TIME_TAG onTextChanged() and timestamp is: 1558856241696
05-26 15:37:21.696 13156 13156 I HiSearch9.11.3.301: [DropSearchView]: COPY_AND_PASTE dismissPopWindow is calling
05-26 15:37:21.696 13156 13156 I HiSearch9.11.3.301: [Utils]: OOBE_FUNC getIsAgree bigger version return false; and  SP_stateVesion = 0.0 APK_stateVesion = 1.2
05-26 15:37:21.696 13156 13156 I HiSearch9.11.3.301: [DropSearchView]: LAUNCHER_RECENT_APPS getRecentUsedApps isAgree = false
05-26 15:37:21.697 13156 13156 I HiSearch9.11.3.301: [AllCategorySearchView]: setSource is start
05-26 15:37:21.697 13156 13156 I HiSearch9.11.3.301: [AllCategorySearchView]: reOrderSearchResults default !!
05-26 15:37:21.697 13156 13156 I HiSearch9.11.3.301: [AllCategorySearchView]: reOrderSearchResults in categorys=[com.huawei.android.launcher, com.android.contacts, com.android.providers.contacts, com.android.mms, com.android.email, com.android.calendar, com.android.providers.calendar, com.example.android.notepad, com.android.settings, com.huawei.nb.provider.SearchServiceProvider, com.huawei.nb.service, com.android.mediacenter, com.huawei.android.app.PackageManagerEx, com.huawei.systemmanager]
05-26 15:37:21.697 13156 13156 W HiSearch9.11.3.301: [AllCategorySearchView]: reOrderSearchResults searchCardInfos =false
05-26 15:37:21.704 13156 13156 I HiSearch9.11.3.301: [OdmfCollectScheduler]: ODMF_INTERACTION OdmfCollectScheduler constructor
05-26 15:37:21.707 13156 13156 E HiSearch9.11.3.301: [SearchHistoryODMFUtil]: SEARCH_HISITORY ODMF_INTERACTION  getSearchClick Attempt to invoke virtual method 'long com.huawei.common.b.b.b(com.huawei.nb.query.Query)' on a null object reference
05-26 15:37:21.707 13156 13156 I HiSearch9.11.3.301: [AllCategorySearchView]: DECISION_ORDER_INTERACTION searchDecision allSearchFinished=false,searchType=0,cardPackageNameSize=0,searchClickSize=-1
05-26 15:37:21.707 13156 13156 I HiSearch9.11.3.301: [AllCategorySearchView]: allSearchFinished=false
05-26 15:37:21.707 13156 13156 I HiSearch9.11.3.301: [DropSearchView]: LAUNCHER_RECENT_APPS setRecentContentVisibility mRecentApps=[com.huawei.android.launcher.globalsearch.SuggestApp@defd72f, com.huawei.android.launcher.globalsearch.SuggestApp@9213c, com.huawei.android.launcher.globalsearch.SuggestApp@c6b9ec5, com.huawei.android.launcher.globalsearch.SuggestApp@590d01a]
05-26 15:37:21.707 13156 13156 I HiSearch9.11.3.301: [DropSearchView]: LAUNCHER_RECENT_APPS hidden=false
05-26 15:37:21.707 13156 13156 I HiSearch9.11.3.301: [DropSearchView]: SEARCH_HISITORY setRecentContentVisibility displaySearchHistoryData
05-26 15:37:21.707 13156 13156 I HiSearch9.11.3.301: [Utils]: OOBE_FUNC getIsAgree bigger version return false; and  SP_stateVesion = 0.0 APK_stateVesion = 1.2
05-26 15:37:21.707 13156 13156 I HiSearch9.11.3.301: [DropSearchViewSearchHistoryHelper]: SEARCH_HISITORY displaySearchHistoryData is not agree
05-26 15:37:21.708 13156 13156 I HiSearch9.11.3.301: [BaiduSearchView]: SOU_GOU_WEB BaiduSearchView hide in
05-26 15:37:21.708 13156 13156 I HiSearch9.11.3.301: [UiUtil]: getStatusBarHeight: height=72
05-26 15:37:21.708 13156 13156 I HiSearch9.11.3.301: [UiUtil]: getStatusBarHeight: height=72
05-26 15:37:21.709 13156 13156 I HiSearch9.11.3.301: [DropSearchView]: SEARCH_HISITORY initVisibility displaySearchHistoryData
05-26 15:37:21.709 13156 13156 I HiSearch9.11.3.301: [Utils]: OOBE_FUNC getIsAgree bigger version return false; and  SP_stateVesion = 0.0 APK_stateVesion = 1.2
05-26 15:37:21.709 13156 13156 I HiSearch9.11.3.301: [DropSearchViewSearchHistoryHelper]: SEARCH_HISITORY displaySearchHistoryData is not agree
05-26 15:37:21.710 13156 13156 I HiSearch9.11.3.301: [Utils]: OOBE_FUNC getIsAgree bigger version return false; and  SP_stateVesion = 0.0 APK_stateVesion = 1.2
05-26 15:37:21.710 13156 13156 I HiSearch9.11.3.301: [DropSearchView]: LAUNCHER_RECENT_APPS getRecentUsedApps isAgree = false
05-26 15:37:21.710 13156 13156 I HiSearch9.11.3.301: [Workspace]: KILL_SELF remove killself-msg
05-26 15:37:21.711 13156 13156 I HiSearch9.11.3.301: [DecisionUtil]: DECISION_ORDER_INTERACTION Decision bindService
05-26 15:37:21.711 13156 16877 I SearchManager:  trigerGlobalSearchService enable
05-26 15:37:21.711 13156 16877 I IndexSearchManager: new IndexSearchManager
05-26 15:37:21.711 13156 16877 I RemoteServiceConnection: RemoteServiceConnection
05-26 15:37:21.712 13156 16877 I IndexSearchManager: connect
05-26 15:37:21.712 13156 13156 I HiSearch9.11.3.301: [DecisionUtil]: DECISION_ORDER_INTERACTION bindService result=true
05-26 15:37:21.712 13156 13156 I         : write new event tag:113 ,orig uid: 10157, from uid: 10157
05-26 15:37:21.712 13156 13156 I HiSearch9.11.3.301: [LauncherOverlayService]: setAppRunFront:com.huawei.search
05-26 15:37:21.713 13156 13156 I HiSearch9.11.3.301: [Workspace]: initNavBarHideObserver()
05-26 15:37:21.741   605  3434 E BufferQueueProducer: [] mConsumerName == NULL!!!!!!
05-26 15:37:21.743   568   969 I chatty  : uid=1000(system) HwBinder:568_1 expire 27 lines
05-26 15:37:21.744   605  3434 E BufferQueueProducer: [] mConsumerName == NULL!!!!!!
05-26 15:37:21.745 13156 13156 I HiSearch9.11.3.301: [DropSearchView]: ANIMATOR_STATUS dispatchEvent event: 0
05-26 15:37:21.745 13156 13156 I HiSearch9.11.3.301: [DropSearchView]: ANIMATOR_STATUS dispatchEvent event: 2
05-26 15:37:21.745 13156 13156 I HiSearch9.11.3.301: [DropSearchAnimater]: ANIMATOR_STATUS setCurrentFraction and clampRate fraction=0.16666667
05-26 15:37:21.745 13156 13156 I HiSearch9.11.3.301: [DropSearchAnimater]: ANIMATOR_STATUS onAnimationUpdate value = 0.08510002 funcValue = -197.6184
05-26 15:37:21.746 13156 13156 I HiSearch9.11.3.301: [Workspace]: LAUNCHER_INTERACTION for launcher and callback.overlayScrollChanged = 0.08510002
05-26 15:37:21.746 13156 13156 I HiSearch9.11.3.301: [DropSearchView]: ANIMATOR_STATUS dispatchEvent event: 1
05-26 15:37:21.746 13156 13156 I HiSearch9.11.3.301: [Workspace]: excuteExitAnimator
05-26 15:37:21.746 13156 13156 I HiSearch9.11.3.301: [Workspace]: excuteExitAnimator and isNot NotchScreen
05-26 15:37:21.746 13156 13156 I HiSearch9.11.3.301: [DropSearchView]: ANIMATOR_STATUS hide() is called
05-26 15:37:21.747 13156 13156 I HiSearch9.11.3.301: [BaiduSearchView]: SOU_GOU_WEB BaiduSearchView hide in
05-26 15:37:21.747 13156 16877 I SearchManager:  trigerGlobalSearchService  disable
05-26 15:37:21.747 13156 13156 I HiSearch9.11.3.301: [DropSearchView]: COPY_AND_PASTE dismissPopWindow is calling
05-26 15:37:21.747 13156 13156 I HiSearch9.11.3.301: [DropSearchView]: LAUNCHER_RECENT_APPS setRecentContentVisibility mRecentApps=[com.huawei.android.launcher.globalsearch.SuggestApp@defd72f, com.huawei.android.launcher.globalsearch.SuggestApp@9213c, com.huawei.android.launcher.globalsearch.SuggestApp@c6b9ec5, com.huawei.android.launcher.globalsearch.SuggestApp@590d01a]
05-26 15:37:21.747 13156 13156 I HiSearch9.11.3.301: [DropSearchView]: LAUNCHER_RECENT_APPS hidden=false
05-26 15:37:21.747 13156 13156 I HiSearch9.11.3.301: [DropSearchView]: SEARCH_HISITORY setRecentContentVisibility displaySearchHistoryData
05-26 15:37:21.747 13156 13156 I HiSearch9.11.3.301: [Utils]: OOBE_FUNC getIsAgree bigger version return false; and  SP_stateVesion = 0.0 APK_stateVesion = 1.2
05-26 15:37:21.747 13156 13156 I HiSearch9.11.3.301: [DropSearchViewSearchHistoryHelper]: SEARCH_HISITORY displaySearchHistoryData is not agree
05-26 15:37:21.747 13156 13156 I HiSearch9.11.3.301: [DropSearchView]: ANIMATOR_STATUS fraction less half
05-26 15:37:21.747 13156 13156 I HiSearch9.11.3.301: [DropSearchAnimater]: ANIMATOR_STATUS exitWithAnimation()
05-26 15:37:21.747 13156 13156 I HiSearch9.11.3.301: [InOutAnimatorSet]: ANIMATOR_STATUS animate() direction = 1 argFraction = 0.16666667 duration = 250
05-26 15:37:21.748 13156 13156 I HiSearch9.11.3.301: [InOutAnimatorSet]: ANIMATOR_STATUS animate() ready and start
05-26 15:37:21.748 13156 13156 I HiSearch9.11.3.301: [DropSearchAnimater]: ANIMATOR_STATUS onAnimationUpdate value = 0.0793994 funcValue = -198.84973
05-26 15:37:21.748 13156 13156 I HiSearch9.11.3.301: [Workspace]: LAUNCHER_INTERACTION for launcher and callback.overlayScrollChanged = 0.0793994
05-26 15:37:21.748 13156 13156 I HiSearch9.11.3.301: [DropSearchView]: releasePagesAndIndicatorAndOther
05-26 15:37:21.750   605  3434 E BufferQueueProducer: [] mConsumerName == NULL!!!!!!
05-26 15:37:21.752   605   605 E HWComposer: presentAndGetReleaseFences: present failed for display 0: NotValidated (7)
05-26 15:37:21.755 13156 16878 I HiSearch9.11.3.301: [RecentAppsProvider]: LAUNCHER_RECENT_APPS + TIME_TAG:  58
05-26 15:37:21.757 13156 16880 I ConfigStore: android::hardware::configstore::V1_0::ISurfaceFlingerConfigs::hasWideColorDisplay retrieved: 0
05-26 15:37:21.758 13156 16880 I ConfigStore: android::hardware::configstore::V1_0::ISurfaceFlingerConfigs::hasHDRDisplay retrieved: 0
05-26 15:37:21.761 13156 16880 I iGraphics: [0020080c] pn: com.huawei.search, p: 13156
05-26 15:37:21.768 13156 16880 I iGraphics: [0030080c] no spt app: com.huawei.search
05-26 15:37:21.768 13156 16880 I OpenGLRenderer: Initialized EGL, version 1.4, mEglDisplay 0x1
05-26 15:37:21.768 13156 16880 D OpenGLRenderer: Swap behavior 2
05-26 15:37:21.788 13156 16880 D mali_winsys: EGLint new_window_surface(egl_winsys_display *, void *, EGLSurface, EGLConfig, egl_winsys_surface **, EGLBoolean) returns 0x3000
05-26 15:37:21.788 13156 16880 D OpenGLRenderer:   HWUI Binary is  enabled
05-26 15:37:21.788 13156 16880 D OpenGLRenderer: disableOutlineDraw is true
05-26 15:37:21.789 13156 13156 I HiSearch9.11.3.301: [DropSearchAnimater]: ANIMATOR_STATUS onAnimationUpdate value = 0.0 funcValue = -216.0
05-26 15:37:21.790 13156 13156 I HiSearch9.11.3.301: [Workspace]: LAUNCHER_INTERACTION for launcher and callback.overlayScrollChanged = 0.0
05-26 15:37:21.790 13156 13156 I HiSearch9.11.3.301: [DropSearchAnimater]: ANIMATOR_STATUS mOutAnimatorListener and onAnimationEnd OUT isCancelled = false
05-26 15:37:21.790 13156 13156 I HiSearch9.11.3.301: [DropSearchAnimater]: m:clearAnimatorList
05-26 15:37:21.790 13156 13156 I HiSearch9.11.3.301: [DropSearchView]: ANIMATOR_STATUS onAnimationOutEnd
05-26 15:37:21.790  2340  3132 I CommandQueue: updateBarBgColor
05-26 15:37:21.790  2340  3132 D CommandQueue: CommandQueue, setBarBackgroundColor
05-26 15:37:21.790 13156 13156 I HiSearch9.11.3.301: [DropSearchView]: onTextChanged!
05-26 15:37:21.790 13156 13156 I HiSearch9.11.3.301: [Utils]: OOBE_FUNC getIsAgree bigger version return false; and  SP_stateVesion = 0.0 APK_stateVesion = 1.2
05-26 15:37:21.790 13156 13156 I HiSearch9.11.3.301: [DropSearchView]: TIME_TAG onTextChanged() and timestamp is: 1558856241790
05-26 15:37:21.790 13156 13156 I HiSearch9.11.3.301: [DropSearchView]: COPY_AND_PASTE dismissPopWindow is calling
05-26 15:37:21.790 13156 13156 I HiSearch9.11.3.301: [Utils]: OOBE_FUNC getIsAgree bigger version return false; and  SP_stateVesion = 0.0 APK_stateVesion = 1.2
05-26 15:37:21.790 13156 13156 I HiSearch9.11.3.301: [DropSearchView]: LAUNCHER_RECENT_APPS getRecentUsedApps isAgree = false
05-26 15:37:21.791 13156 13156 I HiSearch9.11.3.301: [DropSearchView]: LAUNCHER_RECENT_APPS setRecentContentVisibility mRecentApps=[com.huawei.android.launcher.globalsearch.SuggestApp@ad606eb, com.huawei.android.launcher.globalsearch.SuggestApp@7febc48, com.huawei.android.launcher.globalsearch.SuggestApp@c844ae1, com.huawei.android.launcher.globalsearch.SuggestApp@e2aa006]
05-26 15:37:21.791 13156 13156 I HiSearch9.11.3.301: [DropSearchView]: LAUNCHER_RECENT_APPS hidden=false
05-26 15:37:21.791 13156 13156 I HiSearch9.11.3.301: [DropSearchViewSearchHistoryHelper]: SEARCH_HISITORY DropSearchViewSearchHistoryHelper create
05-26 15:37:21.791 13156 13156 I HiSearch9.11.3.301: [DropSearchView]: SEARCH_HISITORY setRecentContentVisibility displaySearchHistoryData
05-26 15:37:21.791 13156 13156 I HiSearch9.11.3.301: [Utils]: OOBE_FUNC getIsAgree bigger version return false; and  SP_stateVesion = 0.0 APK_stateVesion = 1.2
05-26 15:37:21.791 13156 13156 I HiSearch9.11.3.301: [DropSearchViewSearchHistoryHelper]: SEARCH_HISITORY displaySearchHistoryData is not agree
05-26 15:37:21.791 13156 13156 I HiSearch9.11.3.301: [DropSearchView]: m:cleanup
05-26 15:37:21.792 13156 13156 I HiSearch9.11.3.301: [Workspace]: close and type = 2
05-26 15:37:21.793 13156 16878 I HiSearch9.11.3.301: [RecentAppsProvider]: LAUNCHER_RECENT_APPS + TIME_TAG:  34
05-26 15:37:21.805 13156 13156 W Glide   : Failed to find GeneratedAppGlideModule. You should include an annotationProcessor compile dependency on com.github.bumptech.glide:compiler in your application and a @GlideModule annotated AppGlideModule implementation or LibraryGlideModules will be silently ignored
05-26 15:37:21.823 13156 13156 D NetworkSecurityConfig: No Network Security Config specified, using platform default
05-26 15:37:21.825 13156 13156 I HiSearch9.11.3.301: [Workspace]: resetDropSearchAnimator is doing
05-26 15:37:21.825 13156 13156 I HiSearch9.11.3.301: [DropSearchAnimater]: ANIMATOR_STATUS exitWithoutAnimation()
05-26 15:37:21.825 13156 13156 I HiSearch9.11.3.301: [InOutAnimatorSet]: ANIMATOR_STATUS animate() direction = 1 argFraction = 0.0 duration = 0
05-26 15:37:21.825 13156 13156 I HiSearch9.11.3.301: [InOutAnimatorSet]: ANIMATOR_STATUS list of animator is null or size is zero
05-26 15:37:21.825 13156 13156 I HiSearch9.11.3.301: [Workspace]: KILL_SELF  send killself-msg
05-26 15:37:21.825 13156 13156 I HiSearch9.11.3.301: [Workspace]: KILL_SELF remove killself-msg
05-26 15:37:21.826 13156 13156 I HiSearch9.11.3.301: [LauncherOverlayService]: closeOverlayService type = 2
05-26 15:37:21.826 13156 13156 I         : write new event tag:113 ,orig uid: 10157, from uid: 10157
05-26 15:37:21.826 13156 13156 I HiSearch9.11.3.301: [LauncherOverlayService]: setAppRunFront:com.huawei.android.launcher
05-26 15:37:21.826 13156 13156 I HiSearch9.11.3.301: [Workspace]: LAUNCHER_INTERACTION for launcher and callback.overlayScrollChanged = 0.0
05-26 15:37:21.830  1306  1329 I chatty  : uid=1000(system) android.ui expire 53 lines
05-26 15:37:21.831  1306 12658 I chatty  : uid=1000(system) Binder:1306_20 expire 28 lines
05-26 15:37:21.831  1306 12658 I chatty  : uid=1000(system) Binder:1306_20 expire 9 lines
05-26 15:37:21.833 13156 16878 I HiSearch9.11.3.301: [RecentAppsProvider]: LAUNCHER_RECENT_APPS + TIME_TAG:  36
05-26 15:37:21.836  2612  2612 V InputMethodManager: Reporting focus gain, without startInput
05-26 15:37:21.883  2340  3132 I CommandQueue: updateBarBgColor
05-26 15:37:21.884  2340  3132 D CommandQueue: CommandQueue, setBarBackgroundColor
05-26 15:37:22.087 13156 13156 I HiSearch9.11.3.301: [DecisionUtil]: DECISION_ORDER_INTERACTION service connected.
05-26 15:37:22.088 13156 13156 I SearchServiceProxy: Succeed to connect
05-26 15:37:22.088 13156 13156 I HiSearch9.11.3.301: [COPY_AND_PASTE]: MSG_DISSMISS_POPMENU mPastePopWindow is null 
05-26 15:37:22.088  1306  1447 I chatty  : uid=1000(system) android.anim expire 32 lines
05-26 15:37:22.088  2340  2706 I chatty  : uid=10039(com.huawei.HwMultiScreenShot) SysUiBg expire 12 lines
05-26 15:37:22.096  2960  3094 W JankService: processEntry, not beta version or commercial log off
05-26 15:37:22.099 13156 13156 I HiSearch9.11.3.301: [DropSearchView]: update recent apps
05-26 15:37:22.099 13156 13156 I HiSearch9.11.3.301: [DropSearchView]: LAUNCHER_RECENT_APPS showRecentApps is null
05-26 15:37:22.110  2612  2612 V AudioManager: playSoundEffect   effectType: 0
05-26 15:37:22.110  2612  2612 V AudioManager: querySoundEffectsEnabled...
05-26 15:37:22.113  1306  2829 I chatty  : uid=1000(system) Binder:1306_7 expire 24 lines
05-26 15:37:22.115  2583  3458 I chatty  : uid=1000(system) actions handler expire 12 lines
05-26 15:37:22.121   605   868 D         : doWinFrameOptStatusRecog begin to recog Layer result=2
05-26 15:37:22.122  4944  5878 W ContentSensor_FrameworkRegistry: ActivityNotifier unknown state
05-26 15:37:22.122  1306  1326 I chatty  : uid=1000(system) HwActivityManag expire 10 lines
05-26 15:37:22.123 14463 14479 W HwVAssistant FrameworkRegistry: get unknown state=showStartingWindow
05-26 15:37:22.126 13156 16150 I HiSearch9.11.3.301: [LauncherOverlayService]: LAUNCHER_INTERACTION from launcher and invoke id = -222
05-26 15:37:22.126 13156 16150 I HiSearch9.11.3.301: [LauncherOverlayService]: isOverlayClosed = true
05-26 15:37:22.126 13156 16150 I HiSearch9.11.3.301: [LauncherOverlayService]: LAUNCHER_INTERACTION from launcher and invoke, overlay closed, return. 
05-26 15:37:22.126  2612  2612 D ZrHung.AppEyeUiProbe: stop checker.
05-26 15:37:22.127  2612 16910 D MotionDetectionManager: stopMotionAppsReco motionApps: 403
05-26 15:37:22.127  2612 16910 D MotionDetectionManager: stopMotionAppsReco not recognition motionApps 403
05-26 15:37:22.127  1306 10300 I chatty  : uid=1000(system) Binder:1306_1C expire 22 lines
05-26 15:37:22.127  2612 16910 W HwLauncher: Launcher.MotionManager stopMotionAppsReco service flg 403 is unavailable
05-26 15:37:22.129 14453 14453 I chatty  : uid=1000(system) com.android.settings expire 352 lines
05-26 15:37:22.129  2960  3094 E JankService: specialActionEntryHandler: should reset and not report
05-26 15:37:22.129  2960  3094 E JankService: specialActionEntryHandler: should reset and not report
05-26 15:37:22.134   704 24431 I Pged-IPgedBinderService: ****action is 1, pid num is 5***
05-26 15:37:22.134   704 24431 I Pged-Freezer: freezePids
05-26 15:37:22.134   704 24431 I Pged-Freezer: Freeze process: 5003
05-26 15:37:22.134   704 24431 I Pged-Freezer: Freeze process: 16527
05-26 15:37:22.134   704 24431 I Pged-Freezer: Freeze process: 4795
05-26 15:37:22.135   704 24431 I Pged-Freezer: Freeze process: 16823
05-26 15:37:22.135  2583  3455 I chatty  : uid=1000(system) fast_hibernatio expire 4 lines
05-26 15:37:22.138  2583  3488 I chatty  : uid=1000(system) iAwareNRT expire 6 lines
05-26 15:37:22.139  1306 16911 I chatty  : uid=1000 system_server expire 1 line
05-26 15:37:22.140  1306 16911 I chatty  : uid=1000 system_server expire 1 line
05-26 15:37:22.143  1306  1447 I chatty  : uid=1000(system) android.anim expire 5 lines
05-26 15:37:22.162 14453 16912 I chatty  : uid=1000(system) Thread-4 expire 2 lines
05-26 15:37:22.163 14453 14453 V ActivityThread: Skipping new config:{1.0 460mcc2mnc [zh_CN_#Hans] ldltr sw360dp w360dp h616dp 480dpi nrml long port finger -keyb/v/h -nav/h winConfig={ mBounds=Rect(0, 0 - 0, 0) mAppBounds=Rect(0, 0 - 1080, 1920) mWindowingMode=fullscreen mActivityType=undefined} nonFullScreen=0 hwt:1 suim:1 s.48}, config:{1.0 460mcc2mnc [zh_CN_#Hans] ldltr sw360dp w360dp h616dp 480dpi nrml long port finger -keyb/v/h -nav/h winConfig={ mBounds=Rect(0, 0 - 0, 0) mAppBounds=Rect(0, 0 - 1080, 1920) mWindowingMode=fullscreen mActivityType=undefined} nonFullScreen=0 hwt:1 suim:1 s.48} for app:com.android.settings
05-26 15:37:22.165  2528  3185 I chatty  : uid=1000(system) EmcomThread expire 19 lines
05-26 15:37:22.167  2583  3483 I chatty  : uid=1000(system) sdk thread expire 6 lines
05-26 15:37:22.170   605   868 D         : doWinFrameOptStatusRecog begin to recog Layer result=2
05-26 15:37:22.176  1306  1329 I chatty  : uid=1000(system) android.ui expire 24 lines
05-26 15:37:22.178  2528  3084 I BoosterSwitchP: notifyUidState do nothing
05-26 15:37:22.178  2528  3084 I DeepNoDisturbP: notifyUidState
05-26 15:37:22.178  2528  3084 I HidataAppQoeP: notifyUidState
05-26 15:37:22.178  2528  3084 I BrowserChrP: notifyUidState
05-26 15:37:22.180   683  2378 D iTouchService: itouch currentPackageName=com.android.settings
05-26 15:37:22.180   683  2378 D iTouchService: itouch appType=255 appState=1 gameMode=1
05-26 15:37:22.180   683  2378 D iTouchService: itouch getCurrentParmID tempPkg=com.android.xxx
05-26 15:37:22.180   683  2378 D iTouchService: itouch:app com.android.settings is  not game app
05-26 15:37:22.180   683  2378 D iTouchService: itouch:game_switch is disable
05-26 15:37:22.180   683  2378 D iTouchService: itouch:styluspen_switch is disable
05-26 15:37:22.180   683  2378 D iTouchService: itouch:currentAppTypeName =||
05-26 15:37:22.182 13635 13787 I HwNetworkPolicyManager: getHwUidPolicy uid = 1000 policy = 0
05-26 15:37:22.187  2583  9164 I chatty  : uid=1000(system) Binder:2583_9 expire 13 lines
05-26 15:37:22.190 14453 14453 V ActivityThread: callActivityOnCreate
05-26 15:37:22.262  2612 19781 D HwRecentsTaskUtils: refreshToCache
05-26 15:37:22.262  2612 19781 D HwRecentsTaskUtils: searchFromDate
05-26 15:37:22.270  2612 19781 I RecentsTaskLoadPlan: to show tasks size is 17
05-26 15:37:22.317  1306  6484 I chatty  : uid=1000(system) Binder:1306_16 expire 13 lines
05-26 15:37:22.318  1306  6484 I chatty  : uid=1000(system) Binder:1306_16 expire 5 lines
05-26 15:37:22.319   726   726 I chatty  : uid=1000(system) fingerprint@2.1 expire 12 lines
05-26 15:37:22.381 14453 14453 D ActivityThread: add activity client record, r= ActivityRecord{e56680f token=android.os.BinderProxy@48be87b {com.android.settings/com.android.settings.HWSettings}} token= android.os.BinderProxy@48be87b
05-26 15:37:22.387 14453 14453 W ContextImpl: Calling a method in the system process without a qualified user: android.app.ContextImpl.sendBroadcast:1172 android.content.ContextWrapper.sendBroadcast:449 com.android.settings.HWSettings.onResume:229 android.app.Instrumentation.callActivityOnResume:1456 android.app.Activity.performResume:7611 
05-26 15:37:22.396 14453 16918 I chatty  : uid=1000(system) pool-1-thread-1 expire 4 lines
05-26 15:37:22.396 14453 16917 I chatty  : uid=1000(system) com.android.settings expire 15 lines
05-26 15:37:22.407  1306  1340 I chatty  : uid=1000(system) HwGameAssistant expire 3 lines
05-26 15:37:22.409   605   868 D         : doWinFrameOptStatusRecog begin to recog Layer result=2
05-26 15:37:22.415 14453 16920 I chatty  : uid=1000(system) com.android.settings expire 1 line
05-26 15:37:22.420 14453 14453 W ContextImpl: Calling a method in the system process without a qualified user: android.app.ContextImpl.bindService:1840 android.content.ContextWrapper.bindService:698 com.huawei.decision.DecisionHelper.bindService:59 huawei.android.widget.RollbackRuleDetector.start:156 huawei.support.v7.widget.HwRecyclerView.onAttachedToWindow:185 
05-26 15:37:22.423  5925  5925 I HiBoard_Workspace: onWindowVisibilityChanged?8 isOverlayClosed:true
05-26 15:37:22.424  5925  5925 I HiBoard_MainView: onWindowVisibilityChanged?8 isOverlayClosed:true
05-26 15:37:22.424  5925  5925 I HiBoard_FlowLayout: onWindowVisibilityChanged?8 isOverlayClosed:true
05-26 15:37:22.427 13156 16880 W libEGL  : EGLNativeWindowType 0x73dbd03010 disconnect failed
05-26 15:37:22.428  2612  2918 W libEGL  : EGLNativeWindowType 0x73be303010 disconnect failed
05-26 15:37:22.428  5925 23714 W libEGL  : EGLNativeWindowType 0x73df2bd010 disconnect failed
05-26 15:37:22.431 14453 16917 I HwGeneralManager: isSupportTrikey is:true
05-26 15:37:22.440   605   868 D         : doWinFrameOptStatusRecog begin to recog Layer result=2
05-26 15:37:22.441   605  1282 E BufferQueueProducer: [] mConsumerName == NULL!!!!!!
05-26 15:37:22.443   605  1282 E BufferQueueProducer: [] mConsumerName == NULL!!!!!!
05-26 15:37:22.446 14453 16919 I chatty  : uid=1000(system) RenderThread expire 22 lines
05-26 15:37:22.446   605  1282 E BufferQueueProducer: [] mConsumerName == NULL!!!!!!
05-26 15:37:22.447  5674 13065 I HiSuggestion: WidgetService: hisuggestionlog-WidgetService-getWidgetInfo
05-26 15:37:22.448  5674 13065 D d       : callMethod checkAllSwitchState
05-26 15:37:22.449  5789  1399 I HiBoard_IntelligentProvider: Provider.call: checkAllSwitchState
05-26 15:37:22.451  5789  1399 I HiBoard_Utils: initBusiness hiboardSwitch=1
05-26 15:37:22.451 14453 16935 I chatty  : uid=1000(system) com.android.settings expire 41 lines
05-26 15:37:22.452 14453 16936 I chatty  : uid=1000(system) com.android.settings expire 43 lines
05-26 15:37:22.455  5925 29977 I HiBoard_HiBoardProvider: call method: getUserProtocolState
05-26 15:37:22.455  5789  1399 I HiBoard_a: HS call the method checkAllAwitchState Hiboard:true Intelligent:true Privacy:truewidgetSwitch:true
05-26 15:37:22.455  5674 13065 I HiSuggestion: HiSuggestionLogic: hisuggestionlog-Intelligent-isIntelligentAllSwitchOn->true
05-26 15:37:22.455  5674 13065 I HiSuggestion: WidgetService: hisuggestionlog-WidgetService-getWidgetInfo->null
05-26 15:37:22.484 14453 16938 I chatty  : uid=1000(system) com.android.settings expire 29 lines
05-26 15:37:22.489   605   868 D         : doWinFrameOptStatusRecog begin to recog Layer result=2
05-26 15:37:22.494  1306  1339 I chatty  : uid=1000(system) android.display expire 3 lines
05-26 15:37:22.494  1306  1339 I chatty  : uid=1000(system) android.display expire 2 lines
05-26 15:37:22.496  1306  2484 I chatty  : uid=1000(system) LocationThread expire 4 lines
05-26 15:37:22.497  2612  2612 D ViewRootImpl[UniHomeLauncher]: surface should not be released
05-26 15:37:22.500  1306  2211 I chatty  : uid=1000(system) tworkPolicy.uid expire 1 line
05-26 15:37:22.503  1306  2206 I chatty  : uid=1000(system) NetdConnector expire 2 lines
05-26 15:37:22.511  2528  9509 I BoosterSwitchP: notifyUidState do nothing
05-26 15:37:22.511  2528  9509 I DeepNoDisturbP: notifyUidState
05-26 15:37:22.511  2528  9509 I HidataAppQoeP: notifyUidState
05-26 15:37:22.511  2528  9509 I BrowserChrP: notifyUidState
05-26 15:37:22.572 14453 16939 I chatty  : uid=1000(system) com.android.settings expire 2 lines
05-26 15:37:22.620  2612  2850 D ZrHung.AppEyeUiProbe: Current Activity:false
05-26 15:37:22.620  2612  2850 D ZrHung.AppEyeUiProbe: not watching, wait.
05-26 15:37:22.634 29535 29563 I chatty  : uid=10060(com.huawei.hwid) Binder:29535_1 expire 12 lines
05-26 15:37:22.644 29535 29674 I chatty  : uid=10060(com.huawei.hwid) Thread-3 expire 19 lines
05-26 15:37:22.671  2960  3094 W JankService: processEntry, not beta version or commercial log off
05-26 15:37:22.676 29535 29846 I chatty  : uid=10060(com.huawei.hwid) pool-10-thread- expire 2 lines
05-26 15:37:22.678 29535 29867 I chatty  : uid=10060(com.huawei.hwid) pool-10-thread- expire 1 line
05-26 15:37:22.686 29535 16944 I chatty  : uid=10060(com.huawei.hwid) expire 24 lines
05-26 15:37:22.695 29535 29573 I chatty  : uid=10060(com.huawei.hwid) Binder:29535_3 expire 12 lines
05-26 15:37:22.746  1306  1306 I chatty  : uid=1000 system_server expire 12 lines
05-26 15:37:22.753  2340  2466 I chatty  : uid=10039(com.huawei.HwMultiScreenShot) SystemUI_subThr expire 14 lines
05-26 15:37:22.753  2528  2858 I HidataAppQoeP: handleStateChanged reason=6
05-26 15:37:22.753  2528  2858 I BrowserChrP: handleStateChanged
05-26 15:37:22.918  2340  3132 I CommandQueue: updateBarBgColor
05-26 15:37:22.918  2340  3132 D CommandQueue: CommandQueue, setBarBackgroundColor
05-26 15:37:22.933 11701 11701 I HuaweiIME: SysInfo.getSysParam: orientation=1||config d=3.0,w=1080,h=1920||metrics d=3.0,w=1080,h=1920||sdk=28,bar_h=72||appScale=3.3,sysScale=3.0||isMultiWin=false,isPadMode=false, boardw=1080, boardH=705, candH=130
05-26 15:37:23.020 29535 16944 I BaseUtil: [2019-05-26 15:37:23.020 I/HwID_APK_log[2.7.0.303]/BaseUtil 29535:1967 :512] versionName 2.7.0.303
05-26 15:37:23.021 29535 29674 I AppLogManager: PrintWoker poll timeout , shutdown
05-26 15:37:23.024 29535 16944 I BaseUtil: [2019-05-26 15:37:23.024 I/HwID_APK_log[2.7.0.303]/BaseUtil 29535:1967 :118] enter networkIsAvaiable
05-26 15:37:23.025 29535 29674 I AppLogManager: PrintWoker poll timeout , shutdown
05-26 15:37:23.026 29535 16944 I BaseUtil: [2019-05-26 15:37:23.026 I/HwID_APK_log[2.7.0.303]/BaseUtil 29535:1967 :118] enter networkIsAvaiable
05-26 15:37:23.027 29535 29674 I AppLogManager: PrintWoker poll timeout , shutdown
05-26 15:37:23.028 29535 16944 I OpLogInfo: [2019-05-26 15:37:23.028 I/HwID_APK_log[2.7.0.303]/OpLogInfo 29535:1967 :202] packedString
05-26 15:37:23.028 29535 29674 I AppLogManager: PrintWoker poll timeout , shutdown
05-26 15:37:23.034 29535 16950 I RequestTask: [2019-05-26 15:37:23.034 I/HwID_APK_log[2.7.0.303]/RequestTask 29535:1973 :112] doInBackground...
05-26 15:37:23.034 29535 16950 I BaseUtil: [2019-05-26 15:37:23.034 I/HwID_APK_log[2.7.0.303]/BaseUtil 29535:1973 :118] enter networkIsAvaiable
05-26 15:37:23.035 29535 16950 I RequestTask: [2019-05-26 15:37:23.035 I/HwID_APK_log[2.7.0.303]/RequestTask 29535:1973 :136] setRequestSiteId
05-26 15:37:23.036 29535 16950 I RequestTask: [2019-05-26 15:37:23.035 I/HwID_APK_log[2.7.0.303]/RequestTask 29535:1973 :143] request siteId:1
05-26 15:37:23.036 29535 16950 I RequestTask: [2019-05-26 15:37:23.036 I/HwID_APK_log[2.7.0.303]/RequestTask 29535:1973 :155] doRequest:0
05-26 15:37:23.036 29535 16950 I BaseUtil: [2019-05-26 15:37:23.036 I/HwID_APK_log[2.7.0.303]/BaseUtil 29535:1973 :512] versionName 2.7.0.303
05-26 15:37:23.036 29535 16950 W UPRequest: [2019-05-26 15:37:23.036 W/HwID_APK_log[2.7.0.303]/UPRequest 29535:1973 :139] opLog add cookie length :43 key:A8
05-26 15:37:23.037 29535 16950 I DnsUtil : [2019-05-26 15:37:23.037 I/HwID_APK_log[2.7.0.303]/DnsUtil 29535:1973 :86] getIPListByHost:setting1.hicloud.com,source:0
05-26 15:37:23.037 29535 16950 I DnsUtil : [2019-05-26 15:37:23.037 I/HwID_APK_log[2.7.0.303]/DnsUtil 29535:1973 :105] getIPListByHost: ipList:[118.194.34.249]
05-26 15:37:23.037 29535 16950 I DnsUtil : [2019-05-26 15:37:23.037 I/HwID_APK_log[2.7.0.303]/DnsUtil 29535:1973 :127] getIPListByHost: ipList ipv6 removed :[118.194.34.249]
05-26 15:37:23.037 29535 16950 W UPRequest: [2019-05-26 15:37:23.037 W/HwID_APK_log[2.7.0.303]/UPRequest 29535:1973 :139] opLog add cookie length :43 key:A8
05-26 15:37:23.038 29535 16950 E UPRequest: [2019-05-26 15:37:23.038 E/HwID_APK_log[2.7.0.303]/UPRequest 29535:1973 :84] getRequestOpName and content :getRequestOpName: opLog
05-26 15:37:23.038 29535 16950 I UPRequest: [2019-05-26 15:37:23.038 I/HwID_APK_log[2.7.0.303]/UPRequest 29535:1973 :86] buildRequestBody == null contentTypetext/html; charset=UTF-8
05-26 15:37:23.038 29535 16950 W UPRequest: [2019-05-26 15:37:23.038 W/HwID_APK_log[2.7.0.303]/UPRequest 29535:1973 :139] opLog add cookie length :43 key:A8
05-26 15:37:23.039 29535 16950 I HwIdOkHttpClient: [2019-05-26 15:37:23.039 I/HwID_APK_log[2.7.0.303]/HwIdOkHttpClient 29535:1973 :57] getOkHttpClient host:setting1.hicloud.com-connectionTime=5--size = 2
05-26 15:37:23.043 29535 29674 I AppLogManager: PrintWoker poll timeout , shutdown
05-26 15:37:23.044 29535 29535 I RequestTask: [2019-05-26 15:37:23.044 I/HwID_APK_log[2.7.0.303]/RequestTask 29535:1 :176] onCallback
05-26 15:37:23.045 29535 29535 I RequestCallback: [2019-05-26 15:37:23.044 I/HwID_APK_log[2.7.0.303]/RequestCallback 29535:1 :66] requestName:stAuth disposeRequestMessage  orgin responseCode = 200 orgin resultCode = 0
05-26 15:37:23.046 29535 29674 I AppLogManager: PrintWoker poll timeout , shutdown
05-26 15:37:23.047 29535 29535 I SiteCountryDataManager: [2019-05-26 15:37:23.046 I/HwID_APK_log[2.7.0.303]/SiteCountryDataManager 29535:1 :943]  siteId: 1
05-26 15:37:23.047 29535 29674 I AppLogManager: PrintWoker poll timeout , shutdown
05-26 15:37:23.048 29535 29535 I CheckAgreementUseCase: [2019-05-26 15:37:23.047 I/HwID_APK_log[2.7.0.303]/CheckAgreementUseCase 29535:1 :57] no need to update agreement
05-26 15:37:23.048 29535 29674 I AppLogManager: PrintWoker poll timeout , shutdown
05-26 15:37:23.049 29535 29535 I SettingRedTipManager: [2019-05-26 15:37:23.048 I/HwID_APK_log[2.7.0.303]/SettingRedTipManager 29535:1 :161] no need to update Agreement
05-26 15:37:23.049 29535 29674 I AppLogManager: PrintWoker poll timeout , shutdown
05-26 15:37:23.088  1306  1490 I chatty  : uid=1000(system) InputReader expire 24 lines
05-26 15:37:23.124 29535 16950 W Response: [2019-05-26 15:37:23.123 W/HwID_APK_log[2.7.0.303]/Response 29535:1973 :189] protocol: h2
05-26 15:37:23.124 29535 16950 I HttpsCall: [2019-05-26 15:37:23.124 I/HwID_APK_log[2.7.0.303]/HttpsCall 29535:1973 :191] aCall.execute success
05-26 15:37:23.124 29535 29674 I AppLogManager: PrintWoker poll timeout , shutdown
05-26 15:37:23.125 29535 16950 I HttpsCall: [2019-05-26 15:37:23.125 I/HwID_APK_log[2.7.0.303]/HttpsCall 29535:1973 :106] Call response code:200
05-26 15:37:23.125 29535 16950 E HttpRequest: [2019-05-26 15:37:23.125 E/HwID_APK_log[2.7.0.303]/HttpRequest 29535:1973 :739] opLog responseXMLContent = 
05-26 15:37:23.126 29535 29674 I AppLogManager: PrintWoker poll timeout , shutdown
05-26 15:37:23.126 29535 16950 I DnsUtil : [2019-05-26 15:37:23.125 I/HwID_APK_log[2.7.0.303]/DnsUtil 29535:1973 :137] saveValidIP
05-26 15:37:23.126 29535 16950 I RequestTask: [2019-05-26 15:37:23.126 I/HwID_APK_log[2.7.0.303]/RequestTask 29535:1973 :176] onCallback
05-26 15:37:23.126 29535 16950 I RequestCallback: [2019-05-26 15:37:23.126 I/HwID_APK_log[2.7.0.303]/RequestCallback 29535:1973 :66] requestName:opLog disposeRequestMessage  orgin responseCode = 200 orgin resultCode = 0
05-26 15:37:23.126 29535 16950 I OpLogUtil: [2019-05-26 15:37:23.126 I/HwID_APK_log[2.7.0.303]/OpLogUtil 29535:1973 :117] upload log success
05-26 15:37:23.127 29535 29674 I AppLogManager: PrintWoker poll timeout , shutdown
05-26 15:37:23.133  1306  8220 I chatty  : uid=1000(system) MobileQosDetect expire 12 lines
05-26 15:37:23.152 14453 16952 I chatty  : uid=1000(system) com.android.settings expire 771 lines
05-26 15:37:23.226  2596  3255 D PhoneSearchIndexablesProvider: queryXmlResources
05-26 15:37:23.242  2596  3255 D PhoneSearchIndexablesProvider: getBaseSearchIndexProvider lSubscription:0 phoneType:1
05-26 15:37:23.249  2596  3255 D PhoneSearchIndexablesProvider: getBaseSearchIndexProvider lSubscription:1 phoneType:1
05-26 15:37:23.259  2596  3255 D PhoneSearchIndexablesProvider: queryRawData
05-26 15:37:23.260  2596  3255 D PhoneSearchIndexablesProvider: getBaseSearchIndexProvider lSubscription:0 phoneType:1
05-26 15:37:23.260  2596  3255 D PhoneSearchIndexablesProvider: getBaseSearchIndexProvider lSubscription:1 phoneType:1
05-26 15:37:23.261  2596  3255 D PhoneUtils: subId:0isShowVolteSwitcher showVolteSwitch=true
05-26 15:37:23.262  2596  3255 I MSimGsmUmtsOptions: is CMCC or CT card truefalse
05-26 15:37:23.269  2596  3255 D PhoneUtils: subId:1isShowVolteSwitcher showVolteSwitch=false
05-26 15:37:23.320  2596  3255 D PhoneSearchIndexablesProvider: queryNonIndexableKeys
05-26 15:37:23.321  2596  3255 D PhoneSearchIndexablesProvider: getBaseSearchIndexProvider lSubscription:0 phoneType:1
05-26 15:37:23.322  2596  3255 D PhoneSearchIndexablesProvider: getBaseSearchIndexProvider lSubscription:1 phoneType:1
05-26 15:37:23.372  1306  1331 I chatty  : uid=1000(system) ActivityManager expire 5 lines
05-26 15:37:23.372  1306  2520 I chatty  : uid=1000(system) MultiTaskManage expire 5 lines
05-26 15:37:23.379 16954 16954 I .android.gms.u: Reinit property: dalvik.vm.checkjni= false
05-26 15:37:23.382 16954 16954 E .android.gms.u: Not starting debugger since process cannot load the jdwp agent.
05-26 15:37:23.389 16954 16954 D ZrHung.AppEyeUiProbe: AppEyeUIP created.
05-26 15:37:23.391 16954 16954 D ActivityThread: Attach thread to application
05-26 15:37:23.405 14453 16969 I chatty  : uid=1000(system) com.android.settings expire 69 lines
05-26 15:37:23.407 16954 16954 I .android.gms.u: The ClassLoaderContext is a special shared library.
05-26 15:37:23.410 16954 16968 I HwLogExceptionInner: Log blacklist 
05-26 15:37:23.418 16954 16954 I .android.gms.u: The ClassLoaderContext is a special shared library.
05-26 15:37:23.421 16954 16954 I .android.gms.u: The ClassLoaderContext is a special shared library.
05-26 15:37:23.439  2596  3255 D PhoneInterfaceManager: [PhoneIntfMgr] isUserDataEnabled: subId=0 phoneId=0
05-26 15:37:23.439  2596  3255 D PhoneInterfaceManager: [PhoneIntfMgr] isUserDataEnabled: subId=0 retVal=true
05-26 15:37:23.504 16954 16954 W GmsApplication: Failed to invoke the SupplierSetterRegistry.
05-26 15:37:23.576 16954 16968 I AwareBitmapCacher: init processName:com.google.android.gms.ui pid=16954 uid=10099
05-26 15:37:23.615 16954 16954 W DynamiteModule: Local module descriptor class for providerinstaller not found.
05-26 15:37:23.626 16954 16954 W ProviderHelper: Unknown dynamite feature providerinstaller
05-26 15:37:23.626 16954 16954 I DynamiteModule: Considering local module providerinstaller:0 and remote module providerinstaller:0
05-26 15:37:23.630 16954 16954 W ProviderInstaller: Failed to load providerinstaller module: No acceptable module found. Local version is 0 and remote version is 0.
05-26 15:37:23.637   704 24431 I Pged-IPgedBinderService: ****action is 2, pid num is 5***
05-26 15:37:23.637   704 24431 I Pged-Freezer: thawPids
05-26 15:37:23.642 16823 16849 E DNSOpenPort: latch.await awaitfinishfalse
05-26 15:37:23.699 16954 16954 V NativeCrypto: Registering com/google/android/gms/org/conscrypt/NativeCrypto's 287 native methods...
05-26 15:37:23.785 16954 16954 D NetworkSecurityConfig: Using Network Security Config from resource network_security_config debugBuild: false
05-26 15:37:23.785 16974 16974 I dsdscardmanage: Reinit property: dalvik.vm.checkjni= false
05-26 15:37:23.789 16974 16974 E dsdscardmanage: Not starting debugger since process cannot load the jdwp agent.
05-26 15:37:23.794 16954 16954 I ProviderInstaller: Installed default security provider GmsCore_OpenSSL
05-26 15:37:23.805 16974 16974 D ZrHung.AppEyeUiProbe: AppEyeUIP created.
05-26 15:37:23.807 16974 16974 D ActivityThread: Attach thread to application
05-26 15:37:23.833 16974 16974 I dsdscardmanage: The ClassLoaderContext is a special shared library.
05-26 15:37:23.833 16974 16988 I HwLogExceptionInner: Log blacklist 
05-26 15:37:23.861 16974 16988 I AwareBitmapCacher: init processName:com.huawei.android.dsdscardmanager pid=16974 uid=1001
05-26 15:37:23.866 16974 16988 E MemoryLeakMonitorManager: MemoryLeakMonitor.jar is not exist!
05-26 15:37:24.104  2528 19440 I chatty  : uid=1000(system) Binder:2528_C expire 45 lines
05-26 15:37:24.148 16994 16994 I i.parentcontro: Reinit property: dalvik.vm.checkjni= false
05-26 15:37:24.151 16994 16994 E i.parentcontro: Not starting debugger since process cannot load the jdwp agent.
05-26 15:37:24.161 16994 16994 D ZrHung.AppEyeUiProbe: AppEyeUIP created.
05-26 15:37:24.161 16954 16954 W Primes  : Primes not initialized, returning default (no-op) Primes instance which will ignore all calls. Please call Primes.initialize(...) before using any Primes API.
05-26 15:37:24.163 16994 16994 D ActivityThread: Attach thread to application
05-26 15:37:24.163 16954 16968 E MemoryLeakMonitorManager: MemoryLeakMonitor.jar is not exist!
05-26 15:37:24.182 16994 17008 I HwApiCacheMangerEx: apicache path=/storage/emulated/0 state=mounted key=com.huawei.parentcontrol#10057#256
05-26 15:37:24.182 16994 17008 I HwApiCacheMangerEx: apicache path=/storage/3866-6630 state=mounted key=com.huawei.parentcontrol#10057#256
05-26 15:37:24.183 16994 17008 I HwApiCacheMangerEx: apicache path=/storage/emulated/0 state=mounted key=com.huawei.parentcontrol#10057#0
05-26 15:37:24.183 16994 17008 I HwApiCacheMangerEx: apicache path=/storage/3866-6630 state=mounted key=com.huawei.parentcontrol#10057#0
05-26 15:37:24.185 16994 16994 I i.parentcontro: The ClassLoaderContext is a special shared library.
05-26 15:37:24.186 16994 17008 I HwLogExceptionInner: Log blacklist 
