05-26 15:29:34.931  1306  1329 I chatty  : uid=1000(system) android.ui expire 10 lines
05-26 15:29:35.194  1306  3131 I chatty  : uid=1000(system) Binder:1306_D expire 10 lines
05-26 15:29:37.543  2528  2858 I HidataAppQoeP: handleStateChanged reason=6
05-26 15:29:37.544  2528  2858 I BrowserChrP: handleStateChanged
05-26 15:29:38.920  1306  6484 I chatty  : uid=1000(system) Binder:1306_16 expire 11 lines
05-26 15:29:46.188  2528  2858 I HidataAppQoeP: handleStateChanged reason=6
05-26 15:29:46.188  2528  2858 I BrowserChrP: handleStateChanged
05-26 15:29:46.264  2528  2858 I HidataAppQoeP: handleStateChanged reason=6
05-26 15:29:46.264  2528  2858 I BrowserChrP: handleStateChanged
05-26 15:29:46.535  1306  2464 I chatty  : uid=1000(system) watchdog expire 2 lines
05-26 15:29:46.576  2528  2858 I HidataAppQoeP: handleStateChanged reason=6
05-26 15:29:46.576  2528  2858 I BrowserChrP: handleStateChanged
05-26 15:29:46.665  2528  2858 I HidataAppQoeP: handleStateChanged reason=6
05-26 15:29:46.665  2528  2858 I BrowserChrP: handleStateChanged
05-26 15:29:47.305  2528  2858 I HidataAppQoeP: handleStateChanged reason=6
05-26 15:29:47.305  2528  2858 I BrowserChrP: handleStateChanged
05-26 15:29:47.380  2528  2858 I HidataAppQoeP: handleStateChanged reason=6
05-26 15:29:47.380  2528  2858 I BrowserChrP: handleStateChanged
05-26 15:29:49.381  2528  2858 I HidataAppQoeP: handleStateChanged reason=6
05-26 15:29:49.381  2528  2858 I BrowserChrP: handleStateChanged
05-26 15:29:49.459  2528  2858 I HidataAppQoeP: handleStateChanged reason=6
05-26 15:29:49.460  2528  2858 I BrowserChrP: handleStateChanged
05-26 15:29:50.910  2528  2858 I HidataAppQoeP: handleStateChanged reason=6
05-26 15:29:50.910  2528  2858 I BrowserChrP: handleStateChanged
05-26 15:29:50.976  2528  2858 I HidataAppQoeP: handleStateChanged reason=6
05-26 15:29:50.976  2528  2858 I BrowserChrP: handleStateChanged
05-26 15:29:51.221  2528  2858 I HidataAppQoeP: handleStateChanged reason=6
05-26 15:29:51.222  2528  2858 I BrowserChrP: handleStateChanged
05-26 15:29:51.294  2528  2858 I HidataAppQoeP: handleStateChanged reason=6
05-26 15:29:51.294  2528  2858 I BrowserChrP: handleStateChanged
05-26 15:29:51.411  1306  1329 I chatty  : uid=1000(system) android.ui expire 70 lines
05-26 15:29:57.295  2528  2858 I HidataAppQoeP: handleStateChanged reason=6
05-26 15:29:57.295  2528  2858 I BrowserChrP: handleStateChanged
05-26 15:30:00.008  1306  1306 I chatty  : uid=1000 system_server expire 2 lines
05-26 15:30:00.102  1306  3131 I chatty  : uid=1000(system) Binder:1306_D expire 11 lines
05-26 15:30:05.382   551   612 W SocketListener: sending broadcast to Pid = 1306, Uid = 1000 
05-26 15:30:05.384  1306  2206 I chatty  : uid=1000(system) NetdConnector expire 4 lines
05-26 15:30:05.387  1306  1337 I chatty  : uid=1000(system) android.fg expire 2 lines
05-26 15:30:05.391  1306  2209 I chatty  : uid=1000(system) NetworkStats expire 5 lines
05-26 15:30:05.873  1306 12658 I chatty  : uid=1000(system) Binder:1306_20 expire 7 lines
05-26 15:30:05.987  1306  6484 I chatty  : uid=1000(system) Binder:1306_16 expire 5 lines
05-26 15:30:07.071  1306  1329 I chatty  : uid=1000(system) android.ui expire 31 lines
05-26 15:30:08.922   697   781 I storaged: storaged_t::event: storage_info refreshed.
05-26 15:30:09.144  2528  2858 I HidataAppQoeP: handleStateChanged reason=6
05-26 15:30:09.144  2528  2858 I BrowserChrP: handleStateChanged
05-26 15:30:09.220  2528  2858 I HidataAppQoeP: handleStateChanged reason=6
05-26 15:30:09.220  2528  2858 I BrowserChrP: handleStateChanged
05-26 15:30:12.267  2528  2858 I HidataAppQoeP: handleStateChanged reason=6
05-26 15:30:12.267  2528  2858 I BrowserChrP: handleStateChanged
05-26 15:30:12.339  2528  2858 I HidataAppQoeP: handleStateChanged reason=6
05-26 15:30:12.339  2528  2858 I BrowserChrP: handleStateChanged
05-26 15:30:12.428  2528  2858 I HidataAppQoeP: handleStateChanged reason=6
05-26 15:30:12.428  2528  2858 I BrowserChrP: handleStateChanged
05-26 15:30:12.504  2528  2858 I HidataAppQoeP: handleStateChanged reason=6
05-26 15:30:12.504  2528  2858 I BrowserChrP: handleStateChanged
05-26 15:30:18.509  2528  2858 I HidataAppQoeP: handleStateChanged reason=6
05-26 15:30:18.509  2528  2858 I BrowserChrP: handleStateChanged
05-26 15:30:18.814  2528  2858 I HidataAppQoeP: handleStateChanged reason=6
05-26 15:30:18.814  2528  2858 I BrowserChrP: handleStateChanged
05-26 15:30:18.898  2528  2858 I HidataAppQoeP: handleStateChanged reason=6
05-26 15:30:18.898  2528  2858 I BrowserChrP: handleStateChanged
05-26 15:30:18.908  1306  6484 I chatty  : uid=1000(system) Binder:1306_16 expire 9 lines
05-26 15:30:20.023  2528  2858 I HidataAppQoeP: handleStateChanged reason=6
05-26 15:30:20.023  2528  2858 I BrowserChrP: handleStateChanged
05-26 15:30:20.095  2528  2858 I HidataAppQoeP: handleStateChanged reason=6
05-26 15:30:20.095  2528  2858 I BrowserChrP: handleStateChanged
05-26 15:30:20.979  2528  2858 I HidataAppQoeP: handleStateChanged reason=6
05-26 15:30:20.979  2528  2858 I BrowserChrP: handleStateChanged
05-26 15:30:21.060  2528  2858 I HidataAppQoeP: handleStateChanged reason=6
05-26 15:30:21.060  2528  2858 I BrowserChrP: handleStateChanged
05-26 15:30:21.137  2528  2858 I HidataAppQoeP: handleStateChanged reason=6
05-26 15:30:21.137  2528  2858 I BrowserChrP: handleStateChanged
05-26 15:30:21.213  2528  2858 I HidataAppQoeP: handleStateChanged reason=6
05-26 15:30:21.213  2528  2858 I BrowserChrP: handleStateChanged
05-26 15:30:22.746  2528  2858 I HidataAppQoeP: handleStateChanged reason=6
05-26 15:30:22.746  2528  2858 I BrowserChrP: handleStateChanged
05-26 15:30:27.205  1306  3131 I chatty  : uid=1000(system) Binder:1306_D expire 24 lines
05-26 15:30:28.751  2528  2858 I HidataAppQoeP: handleStateChanged reason=6
05-26 15:30:28.752  2528  2858 I BrowserChrP: handleStateChanged
05-26 15:30:28.898  2528  2858 I HidataAppQoeP: handleStateChanged reason=6
05-26 15:30:28.898  2528  2858 I BrowserChrP: handleStateChanged
05-26 15:30:29.060  2528  2858 I HidataAppQoeP: handleStateChanged reason=6
05-26 15:30:29.060  2528  2858 I BrowserChrP: handleStateChanged
05-26 15:30:29.467  2528  2858 I HidataAppQoeP: handleStateChanged reason=6
05-26 15:30:29.467  2528  2858 I BrowserChrP: handleStateChanged
05-26 15:30:29.538  2528  2858 I HidataAppQoeP: handleStateChanged reason=6
05-26 15:30:29.539  2528  2858 I BrowserChrP: handleStateChanged
05-26 15:30:30.086  1306  6484 I chatty  : uid=1000(system) Binder:1306_16 expire 10 lines
05-26 15:30:31.137  2528  2858 I HidataAppQoeP: handleStateChanged reason=6
05-26 15:30:31.137  2528  2858 I BrowserChrP: handleStateChanged
05-26 15:30:31.220  2528  2858 I HidataAppQoeP: handleStateChanged reason=6
05-26 15:30:31.220  2528  2858 I BrowserChrP: handleStateChanged
05-26 15:30:35.289  1306 12658 I chatty  : uid=1000(system) Binder:1306_20 expire 20 lines
05-26 15:30:45.290   551   616 W SocketListener: sending broadcast to Pid = 1306, Uid = 1000 
05-26 15:30:45.295  1306  2206 I chatty  : uid=1000(system) NetdConnector expire 10 lines
05-26 15:30:45.302  1306  1337 I chatty  : uid=1000(system) android.fg expire 7 lines
05-26 15:30:46.554  1306  2464 I chatty  : uid=1000(system) watchdog expire 2 lines
05-26 15:30:48.087  1306  3131 I chatty  : uid=1000(system) Binder:1306_D expire 3 lines
05-26 15:30:48.819  2528  2858 I HidataAppQoeP: handleStateChanged reason=6
05-26 15:30:48.819  2528  2858 I BrowserChrP: handleStateChanged
05-26 15:30:48.903  2528  2858 I HidataAppQoeP: handleStateChanged reason=6
05-26 15:30:48.903  2528  2858 I BrowserChrP: handleStateChanged
05-26 15:30:49.457  2528  2858 I HidataAppQoeP: handleStateChanged reason=6
05-26 15:30:49.457  2528  2858 I BrowserChrP: handleStateChanged
05-26 15:30:49.546  2528  2858 I HidataAppQoeP: handleStateChanged reason=6
05-26 15:30:49.547  2528  2858 I BrowserChrP: handleStateChanged
05-26 15:30:49.864  2528  2858 I HidataAppQoeP: handleStateChanged reason=6
05-26 15:30:49.864  2528  2858 I BrowserChrP: handleStateChanged
05-26 15:30:49.941  2528  2858 I HidataAppQoeP: handleStateChanged reason=6
05-26 15:30:49.941  2528  2858 I BrowserChrP: handleStateChanged
05-26 15:30:53.783  2528  2858 I HidataAppQoeP: handleStateChanged reason=6
05-26 15:30:53.783  2528  2858 I BrowserChrP: handleStateChanged
05-26 15:30:53.873  2528  2858 I HidataAppQoeP: handleStateChanged reason=6
05-26 15:30:53.873  2528  2858 I BrowserChrP: handleStateChanged
05-26 15:30:53.874 14094 14094 W ContextImpl: Calling a method in the system process without a qualified user: android.app.ContextImpl.startService:1760 android.content.ContextWrapper.startService:664 android.content.ContextWrapper.startService:664 com.huawei.hwdetectrepair.smartnotify.eventlistener.InstantMessageReceiver.invokeSmartNotifyService:55 com.huawei.hwdetectrepair.smartnotify.eventlistener.InstantMessageReceiver.onReceive:43 
05-26 15:30:53.876  1306 12658 I chatty  : uid=1000(system) Binder:1306_20 expire 6 lines
05-26 15:30:53.882  1306 10282 I chatty  : uid=1000(system) Binder:1306_1B expire 15 lines
05-26 15:30:54.289  1306  2916 I chatty  : uid=1000(system) Binder:1306_9 expire 15 lines
05-26 15:30:58.948  1306  9567 I chatty  : uid=1000(system) Binder:1306_17 expire 4 lines
05-26 15:30:59.895  2528  2858 I HidataAppQoeP: handleStateChanged reason=6
05-26 15:30:59.896  2528  2858 I BrowserChrP: handleStateChanged
05-26 15:31:00.006  1306  1306 I chatty  : uid=1000 system_server expire 2 lines
05-26 15:31:01.454  2528  2858 I HidataAppQoeP: handleStateChanged reason=6
05-26 15:31:01.454  2528  2858 I BrowserChrP: handleStateChanged
05-26 15:31:01.665   551   612 W SocketListener: sending broadcast to Pid = 1306, Uid = 1000 
05-26 15:31:01.683  1306  2209 I chatty  : uid=1000(system) NetworkStats expire 10 lines
05-26 15:31:01.717  2528  2858 I HidataAppQoeP: handleStateChanged reason=6
05-26 15:31:01.717  2528  2858 I BrowserChrP: handleStateChanged
05-26 15:31:02.140  1306  2484 I chatty  : uid=1000(system) LocationThread expire 7 lines
05-26 15:31:02.146  2507 15302 I HwLBSService.HwNLPDBManager: refreshLocToCellTable cellid 54239885 , mCurrentAreaCode : 9363
05-26 15:31:02.146  2507 15302 D HwLBSService.HwNLPDBManager:  refreshLocToCellTable start
05-26 15:31:02.146  1306 15301 I chatty  : uid=1000 system_server expire 2 lines
05-26 15:31:02.146  2507 15302 I HwLBSService.HwNLPDBManager: isCellIdExist 54239885 , mCurrentAreaCode : 9363
05-26 15:31:02.148  2507 15302 I HwLBSService.HwNLPDBManager: is Not CellIdExist 
05-26 15:31:02.148  2507 15302 I HwLBSService.HwNLPDBManager: tb_network count is 1
05-26 15:31:02.148  2507 15302 D HwLBSService.HwNLPDBManager: cellid is not Exist, insert cellinfo to DB MAX_COLUMN : 1000,  dbsize : 1
05-26 15:31:02.149  1306  6484 I chatty  : uid=1000(system) Binder:1306_16 expire 11 lines
05-26 15:31:02.219  1306  2888 I chatty  : uid=1000(system) Binder:1306_8 expire 17 lines
05-26 15:31:02.220   707   707 D libgps  : proxy_gps_inject_location: called.
05-26 15:31:02.353  2528  2858 I HidataAppQoeP: handleStateChanged reason=6
05-26 15:31:02.353  2528  2858 I BrowserChrP: handleStateChanged
05-26 15:31:02.390  1306 15308 I chatty  : uid=1000 system_server expire 2 lines
05-26 15:31:02.414   707   707 D libgps  : proxy_gps_inject_location: called.
05-26 15:31:02.510  2528  2858 I HidataAppQoeP: handleStateChanged reason=6
05-26 15:31:02.510  2528  2858 I BrowserChrP: handleStateChanged
05-26 15:31:06.498  1306  2332 I chatty  : uid=1000(system) Binder:1306_5 expire 10 lines
05-26 15:31:08.515  2528  2858 I HidataAppQoeP: handleStateChanged reason=6
05-26 15:31:08.515  2528  2858 I BrowserChrP: handleStateChanged
05-26 15:31:08.667  2528  2858 I HidataAppQoeP: handleStateChanged reason=6
05-26 15:31:08.667  2528  2858 I BrowserChrP: handleStateChanged
05-26 15:31:08.741  2528  2858 I HidataAppQoeP: handleStateChanged reason=6
05-26 15:31:08.741  2528  2858 I BrowserChrP: handleStateChanged
05-26 15:31:08.923   697   781 I storaged: storaged_t::event: storage_info refreshed.
05-26 15:31:09.480  2528  2858 I HidataAppQoeP: handleStateChanged reason=6
05-26 15:31:09.480  2528  2858 I BrowserChrP: handleStateChanged
05-26 15:31:09.541  2528  2858 I HidataAppQoeP: handleStateChanged reason=6
05-26 15:31:09.541  2528  2858 I BrowserChrP: handleStateChanged
05-26 15:31:10.184  2528  2858 I HidataAppQoeP: handleStateChanged reason=6
05-26 15:31:10.184  2528  2858 I BrowserChrP: handleStateChanged
05-26 15:31:10.259  2528  2858 I HidataAppQoeP: handleStateChanged reason=6
05-26 15:31:10.260  2528  2858 I BrowserChrP: handleStateChanged
05-26 15:31:10.897  2528  2858 I HidataAppQoeP: handleStateChanged reason=6
05-26 15:31:10.898  2528  2858 I BrowserChrP: handleStateChanged
05-26 15:31:11.219  2528  2858 I HidataAppQoeP: handleStateChanged reason=6
05-26 15:31:11.219  2528  2858 I BrowserChrP: handleStateChanged
05-26 15:31:11.547  2528  2858 I HidataAppQoeP: handleStateChanged reason=6
05-26 15:31:11.547  2528  2858 I BrowserChrP: handleStateChanged
05-26 15:31:11.710  2528  2858 I HidataAppQoeP: handleStateChanged reason=6
05-26 15:31:11.710  2528  2858 I BrowserChrP: handleStateChanged
05-26 15:31:11.865  2528  2858 I HidataAppQoeP: handleStateChanged reason=6
05-26 15:31:11.865  2528  2858 I BrowserChrP: handleStateChanged
05-26 15:31:11.937  2528  2858 I HidataAppQoeP: handleStateChanged reason=6
05-26 15:31:11.937  2528  2858 I BrowserChrP: handleStateChanged
05-26 15:31:12.014  2528  2858 I HidataAppQoeP: handleStateChanged reason=6
05-26 15:31:12.014  2528  2858 I BrowserChrP: handleStateChanged
05-26 15:31:12.512  2528  2858 I HidataAppQoeP: handleStateChanged reason=6
05-26 15:31:12.512  2528  2858 I BrowserChrP: handleStateChanged
05-26 15:31:12.674  2528  2858 I HidataAppQoeP: handleStateChanged reason=6
05-26 15:31:12.674  2528  2858 I BrowserChrP: handleStateChanged
05-26 15:31:13.606  1306  6210 I chatty  : uid=1000(system) Binder:1306_15 expire 6 lines
05-26 15:31:14.480  1306  1454 I chatty  : uid=1000(system) UEventObserver expire 5 lines
05-26 15:31:14.485  1306  1493 I chatty  : uid=1000(system) HwBinder:1306_3 expire 1 line
05-26 15:31:18.676  2528  2858 I HidataAppQoeP: handleStateChanged reason=6
05-26 15:31:18.676  2528  2858 I BrowserChrP: handleStateChanged
05-26 15:31:20.753  2528  2858 I HidataAppQoeP: handleStateChanged reason=6
05-26 15:31:20.753  2528  2858 I BrowserChrP: handleStateChanged
05-26 15:31:26.755  2528  2858 I HidataAppQoeP: handleStateChanged reason=6
05-26 15:31:26.755  2528  2858 I BrowserChrP: handleStateChanged
05-26 15:31:26.814  2528  2858 I HidataAppQoeP: handleStateChanged reason=6
05-26 15:31:26.814  2528  2858 I BrowserChrP: handleStateChanged
05-26 15:31:26.899  2528  2858 I HidataAppQoeP: handleStateChanged reason=6
05-26 15:31:26.899  2528  2858 I BrowserChrP: handleStateChanged
05-26 15:31:26.978  2528  2858 I HidataAppQoeP: handleStateChanged reason=6
05-26 15:31:26.978  2528  2858 I BrowserChrP: handleStateChanged
05-26 15:31:27.062  2528  2858 I HidataAppQoeP: handleStateChanged reason=6
05-26 15:31:27.063  2528  2858 I BrowserChrP: handleStateChanged
05-26 15:31:27.867  2528  2858 I HidataAppQoeP: handleStateChanged reason=6
05-26 15:31:27.867  2528  2858 I BrowserChrP: handleStateChanged
05-26 15:31:27.886  2528  2858 I HidataAppQoeP: handleStateChanged reason=6
05-26 15:31:27.886  2528  2858 I BrowserChrP: handleStateChanged
05-26 15:31:28.246  1306  6484 I chatty  : uid=1000(system) Binder:1306_16 expire 3 lines
05-26 15:31:28.263  2528  2858 I HidataAppQoeP: handleStateChanged reason=6
05-26 15:31:28.263  2528  2858 I BrowserChrP: handleStateChanged
05-26 15:31:34.271  2528  2858 I HidataAppQoeP: handleStateChanged reason=6
05-26 15:31:34.271  2528  2858 I BrowserChrP: handleStateChanged
05-26 15:31:40.269  2528  2858 I HidataAppQoeP: handleStateChanged reason=6
05-26 15:31:40.269  2528  2858 I BrowserChrP: handleStateChanged
05-26 15:31:40.424  2528  2858 I HidataAppQoeP: handleStateChanged reason=6
05-26 15:31:40.424  2528  2858 I BrowserChrP: handleStateChanged
05-26 15:31:40.736  2528  2858 I HidataAppQoeP: handleStateChanged reason=6
05-26 15:31:40.736  2528  2858 I BrowserChrP: handleStateChanged
05-26 15:31:41.136  2528  2858 I HidataAppQoeP: handleStateChanged reason=6
05-26 15:31:41.137  2528  2858 I BrowserChrP: handleStateChanged
05-26 15:31:41.226  2528  2858 I HidataAppQoeP: handleStateChanged reason=6
05-26 15:31:41.226  2528  2858 I BrowserChrP: handleStateChanged
05-26 15:31:41.704  2528  2858 I HidataAppQoeP: handleStateChanged reason=6
05-26 15:31:41.704  2528  2858 I BrowserChrP: handleStateChanged
05-26 15:31:41.782  2528  2858 I HidataAppQoeP: handleStateChanged reason=6
05-26 15:31:41.782  2528  2858 I BrowserChrP: handleStateChanged
05-26 15:31:42.200  1306  1502 I chatty  : uid=1000(system) Binder:1306_4 expire 1 line
05-26 15:31:42.200  1306  2924 I chatty  : uid=1000(system) Binder:1306_B expire 4 lines
05-26 15:31:42.202  1306  2923 I chatty  : uid=1000(system) Binder:1306_A expire 6 lines
05-26 15:31:42.204  1306  2221 I chatty  : uid=1000(system) ConnectivitySer expire 2 lines
05-26 15:31:42.210  1306  1329 I chatty  : uid=1000(system) android.ui expire 1 line
05-26 15:31:42.221  1306  2829 I chatty  : uid=1000(system) Binder:1306_7 expire 3 lines
05-26 15:31:42.241  2528 19084 I BoosterSwitchP: notifyUidState do nothing
05-26 15:31:42.242  2528 19084 I DeepNoDisturbP: notifyUidState
05-26 15:31:42.242  2528 19084 I HidataAppQoeP: notifyUidState
05-26 15:31:42.242  2528 19084 I BrowserChrP: notifyUidState
05-26 15:31:42.252  1306  1339 I chatty  : uid=1000(system) android.display expire 1 line
05-26 15:31:42.319  1306  1320 I chatty  : uid=1000(system) Binder:1306_2 expire 9 lines
05-26 15:31:42.325  2528  3084 I BoosterSwitchP: notifyUidState do nothing
05-26 15:31:42.325  2528  3084 I DeepNoDisturbP: notifyUidState
05-26 15:31:42.325  2528  3084 I HidataAppQoeP: notifyUidState
05-26 15:31:42.325  2528  3084 I BrowserChrP: notifyUidState
05-26 15:31:42.711  1306  2234 I chatty  : uid=1000(system) Thread-39 expire 3 lines
05-26 15:31:43.695   551   612 W SocketListener: sending broadcast to Pid = 1306, Uid = 1000 
05-26 15:31:46.561  1306  2464 I chatty  : uid=1000(system) watchdog expire 2 lines
05-26 15:31:47.540  2528  2858 I HidataAppQoeP: handleStateChanged reason=6
05-26 15:31:47.540  2528  2858 I BrowserChrP: handleStateChanged
05-26 15:31:47.621  2528  2858 I HidataAppQoeP: handleStateChanged reason=6
05-26 15:31:47.621  2528  2858 I BrowserChrP: handleStateChanged
05-26 15:31:48.032  2528  2858 I HidataAppQoeP: handleStateChanged reason=6
05-26 15:31:48.032  2528  2858 I BrowserChrP: handleStateChanged
05-26 15:31:48.259  2528  2858 I HidataAppQoeP: handleStateChanged reason=6
05-26 15:31:48.259  2528  2858 I BrowserChrP: handleStateChanged
05-26 15:31:48.314  1306  1306 I chatty  : uid=1000 system_server expire 13 lines
05-26 15:31:48.987  2528  2858 I HidataAppQoeP: handleStateChanged reason=6
05-26 15:31:48.987  2528  2858 I BrowserChrP: handleStateChanged
05-26 15:31:49.141  2528  2858 I HidataAppQoeP: handleStateChanged reason=6
05-26 15:31:49.142  2528  2858 I BrowserChrP: handleStateChanged
05-26 15:31:49.300  2528  2858 I HidataAppQoeP: handleStateChanged reason=6
05-26 15:31:49.300  2528  2858 I BrowserChrP: handleStateChanged
05-26 15:31:49.623  2528  2858 I HidataAppQoeP: handleStateChanged reason=6
05-26 15:31:49.623  2528  2858 I BrowserChrP: handleStateChanged
05-26 15:31:49.707  2528  2858 I HidataAppQoeP: handleStateChanged reason=6
05-26 15:31:49.707  2528  2858 I BrowserChrP: handleStateChanged
05-26 15:31:50.186  2528  2858 I HidataAppQoeP: handleStateChanged reason=6
05-26 15:31:50.186  2528  2858 I BrowserChrP: handleStateChanged
05-26 15:31:50.259  2528  2858 I HidataAppQoeP: handleStateChanged reason=6
05-26 15:31:50.259  2528  2858 I BrowserChrP: handleStateChanged
05-26 15:31:51.062  2528  2858 I HidataAppQoeP: handleStateChanged reason=6
05-26 15:31:51.062  2528  2858 I BrowserChrP: handleStateChanged
05-26 15:31:51.211  2528  2858 I HidataAppQoeP: handleStateChanged reason=6
05-26 15:31:51.211  2528  2858 I BrowserChrP: handleStateChanged
05-26 15:31:51.632  2528  2858 I HidataAppQoeP: handleStateChanged reason=6
05-26 15:31:51.632  2528  2858 I BrowserChrP: handleStateChanged
05-26 15:31:51.698  2528  2858 I HidataAppQoeP: handleStateChanged reason=6
05-26 15:31:51.698  2528  2858 I BrowserChrP: handleStateChanged
05-26 15:31:51.776  2528  2858 I HidataAppQoeP: handleStateChanged reason=6
05-26 15:31:51.776  2528  2858 I BrowserChrP: handleStateChanged
05-26 15:31:51.863  2528  2858 I HidataAppQoeP: handleStateChanged reason=6
05-26 15:31:51.863  2528  2858 I BrowserChrP: handleStateChanged
05-26 15:31:51.937  2528  2858 I HidataAppQoeP: handleStateChanged reason=6
05-26 15:31:51.937  2528  2858 I BrowserChrP: handleStateChanged
05-26 15:31:52.105  2528  2858 I HidataAppQoeP: handleStateChanged reason=6
05-26 15:31:52.106  2528  2858 I BrowserChrP: handleStateChanged
05-26 15:31:52.416  2528  2858 I HidataAppQoeP: handleStateChanged reason=6
05-26 15:31:52.416  2528  2858 I BrowserChrP: handleStateChanged
05-26 15:31:52.501  2528  2858 I HidataAppQoeP: handleStateChanged reason=6
05-26 15:31:52.502  2528  2858 I BrowserChrP: handleStateChanged
05-26 15:31:52.665  2528  2858 I HidataAppQoeP: handleStateChanged reason=6
05-26 15:31:52.665  2528  2858 I BrowserChrP: handleStateChanged
05-26 15:31:52.897  2528  2858 I HidataAppQoeP: handleStateChanged reason=6
05-26 15:31:52.899  2528  2858 I BrowserChrP: handleStateChanged
05-26 15:31:53.872  2528  2858 I HidataAppQoeP: handleStateChanged reason=6
05-26 15:31:53.872  2528  2858 I BrowserChrP: handleStateChanged
05-26 15:31:53.936  2528  2858 I HidataAppQoeP: handleStateChanged reason=6
05-26 15:31:53.936  2528  2858 I BrowserChrP: handleStateChanged
05-26 15:31:54.110  2528  2858 I HidataAppQoeP: handleStateChanged reason=6
05-26 15:31:54.110  2528  2858 I BrowserChrP: handleStateChanged
05-26 15:31:54.335  2528  2858 I HidataAppQoeP: handleStateChanged reason=6
05-26 15:31:54.335  2528  2858 I BrowserChrP: handleStateChanged
05-26 15:31:54.736  2528  2858 I HidataAppQoeP: handleStateChanged reason=6
05-26 15:31:54.736  2528  2858 I BrowserChrP: handleStateChanged
05-26 15:31:54.901  2528  2858 I HidataAppQoeP: handleStateChanged reason=6
05-26 15:31:54.901  2528  2858 I BrowserChrP: handleStateChanged
05-26 15:31:55.067  2528  2858 I HidataAppQoeP: handleStateChanged reason=6
05-26 15:31:55.067  2528  2858 I BrowserChrP: handleStateChanged
05-26 15:31:55.297  2528  2858 I HidataAppQoeP: handleStateChanged reason=6
05-26 15:31:55.298  2528  2858 I BrowserChrP: handleStateChanged
05-26 15:31:55.618  2528  2858 I HidataAppQoeP: handleStateChanged reason=6
05-26 15:31:55.618  2528  2858 I BrowserChrP: handleStateChanged
05-26 15:31:56.025  2528  2858 I HidataAppQoeP: handleStateChanged reason=6
05-26 15:31:56.025  2528  2858 I BrowserChrP: handleStateChanged
05-26 15:31:56.097  2528  2858 I HidataAppQoeP: handleStateChanged reason=6
05-26 15:31:56.097  2528  2858 I BrowserChrP: handleStateChanged
05-26 15:31:57.010  1306 10300 I chatty  : uid=1000(system) Binder:1306_1C expire 10 lines
05-26 15:31:57.135  2528  2858 I HidataAppQoeP: handleStateChanged reason=6
05-26 15:31:57.135  2528  2858 I BrowserChrP: handleStateChanged
05-26 15:31:57.215  2528  2858 I HidataAppQoeP: handleStateChanged reason=6
05-26 15:31:57.215  2528  2858 I BrowserChrP: handleStateChanged
05-26 15:31:57.547  2528  2858 I HidataAppQoeP: handleStateChanged reason=6
05-26 15:31:57.547  2528  2858 I BrowserChrP: handleStateChanged
05-26 15:31:57.939  2528  2858 I HidataAppQoeP: handleStateChanged reason=6
05-26 15:31:57.939  2528  2858 I BrowserChrP: handleStateChanged
05-26 15:31:58.022  2528  2858 I HidataAppQoeP: handleStateChanged reason=6
05-26 15:31:58.022  2528  2858 I BrowserChrP: handleStateChanged
05-26 15:31:58.182  2528  2858 I HidataAppQoeP: handleStateChanged reason=6
05-26 15:31:58.182  2528  2858 I BrowserChrP: handleStateChanged
05-26 15:31:58.190  1306  2923 I chatty  : uid=1000(system) Binder:1306_A expire 12 lines
05-26 15:31:58.337  2528  2858 I HidataAppQoeP: handleStateChanged reason=6
05-26 15:31:58.337  2528  2858 I BrowserChrP: handleStateChanged
05-26 15:31:59.145  2528  2858 I HidataAppQoeP: handleStateChanged reason=6
05-26 15:31:59.145  2528  2858 I BrowserChrP: handleStateChanged
05-26 15:31:59.296  2528  2858 I HidataAppQoeP: handleStateChanged reason=6
05-26 15:31:59.296  2528  2858 I BrowserChrP: handleStateChanged
05-26 15:32:00.830  2528  2858 I HidataAppQoeP: handleStateChanged reason=6
05-26 15:32:00.831  2528  2858 I BrowserChrP: handleStateChanged
05-26 15:32:00.911  1306  1329 I chatty  : uid=1000(system) android.ui expire 10 lines
05-26 15:32:01.977  2596  2596 W SettingsEx: SettingsEx.Systemex.getString deprecated use Settings.System.getString instead ;callers=com.android.internal.telephony.gsm.HwCustGsmServiceStateManagerImpl.isMccForShowNetname:206 com.android.internal.telephony.gsm.HwCustGsmServiceStateManagerImpl.isShowNetnameByMcc:197 com.android.internal.telephony.gsm.HwCustGsmServiceStateManagerImpl.setOnsDisplayCustomization:148 
05-26 15:32:02.007  1306  1325 I chatty  : uid=1000(system) android.bg expire 2 lines
05-26 15:32:02.015  1306  2829 I chatty  : uid=1000(system) Binder:1306_7 expire 12 lines
05-26 15:32:02.016 13635 13635 I HwNetworkPolicyManager: forceUpdatePolicy isRoaming = false
05-26 15:32:02.026  1306  1328 I chatty  : uid=1000(system) ActivityManager expire 2 lines
05-26 15:32:02.053  1306  1320 I chatty  : uid=1000(system) Binder:1306_2 expire 1 line
05-26 15:32:02.098  2596  2596 D Telephony-TelecomAccountRegistry: onServiceStateChanged0 newState : 0, mServiceState : 0
05-26 15:32:02.134  1306  2206 I chatty  : uid=1000(system) NetdConnector expire 10 lines
05-26 15:32:06.834  2528  2858 I HidataAppQoeP: handleStateChanged reason=6
05-26 15:32:06.835  2528  2858 I BrowserChrP: handleStateChanged
05-26 15:32:08.383  2528  2858 I HidataAppQoeP: handleStateChanged reason=6
05-26 15:32:08.384  2528  2858 I BrowserChrP: handleStateChanged
05-26 15:32:08.403  2528  2858 I HidataAppQoeP: handleStateChanged reason=6
05-26 15:32:08.404  2528  2858 I BrowserChrP: handleStateChanged
05-26 15:32:08.783  2528  2858 I HidataAppQoeP: handleStateChanged reason=6
05-26 15:32:08.783  2528  2858 I BrowserChrP: handleStateChanged
05-26 15:32:08.924   697   781 I storaged: storaged_t::event: storage_info refreshed.
05-26 15:32:14.794  2528  2858 I HidataAppQoeP: handleStateChanged reason=6
05-26 15:32:14.794  2528  2858 I BrowserChrP: handleStateChanged
05-26 15:32:15.195  2528  2858 I HidataAppQoeP: handleStateChanged reason=6
05-26 15:32:15.195  2528  2858 I BrowserChrP: handleStateChanged
05-26 15:32:17.418  2528  2858 I HidataAppQoeP: handleStateChanged reason=6
05-26 15:32:17.418  2528  2858 I BrowserChrP: handleStateChanged
05-26 15:32:17.439  2528  2858 I HidataAppQoeP: handleStateChanged reason=6
05-26 15:32:17.439  2528  2858 I BrowserChrP: handleStateChanged
05-26 15:32:18.146  2528  2858 I HidataAppQoeP: handleStateChanged reason=6
05-26 15:32:18.146  2528  2858 I BrowserChrP: handleStateChanged
05-26 15:32:18.215  1306  2829 I chatty  : uid=1000(system) Binder:1306_7 expire 6 lines
05-26 15:32:19.911  2528  2858 I HidataAppQoeP: handleStateChanged reason=6
05-26 15:32:19.911  2528  2858 I BrowserChrP: handleStateChanged
05-26 15:32:20.011  1306  1329 I chatty  : uid=1000(system) android.ui expire 61 lines
05-26 15:32:21.589   551   612 W SocketListener: sending broadcast to Pid = 1306, Uid = 1000 
05-26 15:32:21.593  1306  1337 I chatty  : uid=1000(system) android.fg expire 2 lines
05-26 15:32:21.598  1306  2209 I chatty  : uid=1000(system) NetworkStats expire 5 lines
05-26 15:32:22.073  1306 10300 I chatty  : uid=1000(system) Binder:1306_1C expire 14 lines
05-26 15:32:25.678  1306  2923 I chatty  : uid=1000(system) Binder:1306_A expire 12 lines
05-26 15:32:25.864  2596  2596 W SettingsEx: SettingsEx.Systemex.getString deprecated use Settings.System.getString instead ;callers=com.android.internal.telephony.gsm.HwCustGsmServiceStateManagerImpl.isMccForShowNetname:206 com.android.internal.telephony.gsm.HwCustGsmServiceStateManagerImpl.isShowNetnameByMcc:197 com.android.internal.telephony.gsm.HwCustGsmServiceStateManagerImpl.setOnsDisplayCustomization:148 
05-26 15:32:25.918 13635 13635 I HwNetworkPolicyManager: forceUpdatePolicy isRoaming = false
05-26 15:32:25.984  2596  2596 D Telephony-TelecomAccountRegistry: onServiceStateChanged0 newState : 0, mServiceState : 0
05-26 15:32:26.007  1306  1489 I chatty  : uid=1000(system) InputDispatcher expire 11 lines
05-26 15:32:26.022  2528  2858 I HidataAppQoeP: handleStateChanged reason=6
05-26 15:32:26.022  2528  2858 I BrowserChrP: handleStateChanged
05-26 15:32:26.214  2340 20855 I CommandQueue: updateBarBgColor
05-26 15:32:26.214  2340 20855 D CommandQueue: CommandQueue, setBarBackgroundColor
05-26 15:32:27.903  1306  2924 I chatty  : uid=1000(system) Binder:1306_B expire 14 lines
05-26 15:32:27.913  1306  1326 I chatty  : uid=1000(system) HwActivityManag expire 5 lines
05-26 15:32:27.954  1306  1340 I chatty  : uid=1000(system) HwGameAssistant expire 1 line
05-26 15:32:27.970  2340 20170 I CommandQueue: updateBarBgColor
05-26 15:32:27.971  2340 20170 D CommandQueue: CommandQueue, setBarBackgroundColor
05-26 15:32:28.017  1306  1447 I chatty  : uid=1000(system) android.anim expire 5 lines
05-26 15:32:28.083 13840 13840 D ActivityThread: Remove activity client record, r= ActivityRecord{69170bb token=android.os.BinderProxy@6cf3ecb {com.zhihu.android/com.zhihu.android.app.ui.activity.HostActivity}} token= android.os.BinderProxy@6cf3ecb
05-26 15:32:28.093  1306  2221 I chatty  : uid=1000(system) ConnectivitySer expire 3 lines
05-26 15:32:28.122  2528 19084 I BoosterSwitchP: notifyUidState do nothing
05-26 15:32:28.122  2528 19084 I DeepNoDisturbP: notifyUidState
05-26 15:32:28.122  2528 19084 I HidataAppQoeP: notifyUidState
05-26 15:32:28.122  2528 19084 I BrowserChrP: notifyUidState
05-26 15:32:28.857  2528 19084 W ContextImpl: Calling a method in the system process without a qualified user: android.app.ContextImpl.startService:1760 android.content.ContextWrapper.startService:664 com.huawei.appgallery.assistant.service.AppGalleryAssistantService.startHMSService:419 com.huawei.appgallery.assistant.service.AppGalleryAssistantService.notifyHMSBackgroundEvent:405 com.huawei.appgallery.assistant.service.AppGalleryAssistantService.backgroundEvent:392 
05-26 15:32:29.029  2528 19084 I BoosterSwitchP: notifyUidState do nothing
05-26 15:32:29.029  2528 19084 I DeepNoDisturbP: notifyUidState
05-26 15:32:29.030  2528 19084 I HidataAppQoeP: notifyUidState
05-26 15:32:29.030  2528 19084 I BrowserChrP: notifyUidState
05-26 15:32:29.054  1306  2211 I chatty  : uid=1000(system) tworkPolicy.uid expire 1 line
05-26 15:32:29.067  1306  2206 I chatty  : uid=1000(system) NetdConnector expire 2 lines
05-26 15:32:29.121  1306  4344 I chatty  : uid=1000(system) Binder:1306_10 expire 1 line
05-26 15:32:29.121 13635 13787 I HwNetworkPolicyManager: getHwUidPolicy uid = 10056 policy = 0
05-26 15:32:29.122  1306  1340 I chatty  : uid=1000(system) HwGameAssistant expire 1 line
05-26 15:32:29.123  1306  1326 I chatty  : uid=1000(system) HwActivityManag expire 1 line
05-26 15:32:29.126  1306  1329 I chatty  : uid=1000(system) android.ui expire 1 line
05-26 15:32:29.127  1306  4344 I chatty  : uid=1000(system) Binder:1306_10 expire 3 lines
05-26 15:32:29.130  1306  1329 I chatty  : uid=1000(system) android.ui expire 2 lines
05-26 15:32:29.142  1306  1489 I chatty  : uid=1000(system) InputDispatcher expire 7 lines
05-26 15:32:29.143  1306  1447 I chatty  : uid=1000(system) android.anim expire 24 lines
05-26 15:32:29.148  1306  1329 I chatty  : uid=1000(system) android.ui expire 56 lines
05-26 15:32:29.231  2340 20855 I CommandQueue: updateBarBgColor
05-26 15:32:29.231  2340 20855 D CommandQueue: CommandQueue, setBarBackgroundColor
05-26 15:32:29.292  1306  1331 I chatty  : uid=1000(system) ActivityManager expire 1 line
05-26 15:32:29.292  1306  2520 I chatty  : uid=1000(system) MultiTaskManage expire 1 line
05-26 15:32:29.304 15372 15372 D ActivityThread: Attach thread to application
05-26 15:32:29.318  1306  2923 I chatty  : uid=1000(system) Binder:1306_A expire 4 lines
05-26 15:32:29.424  1306  4344 I chatty  : uid=1000(system) Binder:1306_10 expire 2 lines
05-26 15:32:29.705  2528  7087 I BoosterSwitchP: notifyUidState do nothing
05-26 15:32:29.705  2528  7087 I DeepNoDisturbP: notifyUidState
05-26 15:32:29.705  2528  7087 I HidataAppQoeP: notifyUidState
05-26 15:32:29.705  2528  7087 I BrowserChrP: notifyUidState
05-26 15:32:29.707  1306  1502 I chatty  : uid=1000(system) Binder:1306_4 expire 31 lines
05-26 15:32:30.029  1306  1306 I chatty  : uid=1000 system_server expire 2 lines
05-26 15:32:30.954  1306  1326 I chatty  : uid=1000(system) HwActivityManag expire 4 lines
05-26 15:32:31.003  1306  1320 I chatty  : uid=1000(system) Binder:1306_2 expire 7 lines
05-26 15:32:31.018  2528  7087 I BoosterSwitchP: notifyUidState do nothing
05-26 15:32:31.018  2528  7087 I DeepNoDisturbP: notifyUidState
05-26 15:32:31.018  2528  7087 I HidataAppQoeP: notifyUidState
05-26 15:32:31.018  2528  7087 I BrowserChrP: notifyUidState
05-26 15:32:31.025 13635 13787 I HwNetworkPolicyManager: getHwUidPolicy uid = 10178 policy = 0
05-26 15:32:31.183  1306 10300 I chatty  : uid=1000(system) Binder:1306_1C expire 4 lines
05-26 15:32:31.188  1306  1340 I chatty  : uid=1000(system) HwGameAssistant expire 1 line
05-26 15:32:31.199  2528  2858 I HidataAppQoeP: receiveAPModuleData,dataTypeId=301
05-26 15:32:31.199  2528  2858 I HidataAppQoeP: HIDATA_START_CELLULAR_APP_QOE_MONITOR appUid=10178,time=2000
05-26 15:32:31.199  1306  2924 I chatty  : uid=1000(system) Binder:1306_B expire 5 lines
05-26 15:32:31.201  2340 20855 I CommandQueue: updateBarBgColor
05-26 15:32:31.201  2340 20855 D CommandQueue: CommandQueue, setBarBackgroundColor
05-26 15:32:31.202  1306  2206 I chatty  : uid=1000(system) NetdConnector expire 4 lines
05-26 15:32:31.393  1306  2211 I chatty  : uid=1000(system) tworkPolicy.uid expire 1 line
05-26 15:32:31.417  2528  2543 I BoosterSwitchP: notifyUidState do nothing
05-26 15:32:31.417  2528  2543 I DeepNoDisturbP: notifyUidState
05-26 15:32:31.417  2528  2543 I HidataAppQoeP: notifyUidState
05-26 15:32:31.417  2528  2543 I BrowserChrP: notifyUidState
05-26 15:32:32.018  2528  2858 I HidataAppQoeP: handleStateChanged reason=6
05-26 15:32:32.018  2528  2858 I BrowserChrP: handleStateChanged
05-26 15:32:32.163  1306  1306 I chatty  : uid=1000 system_server expire 3 lines
05-26 15:32:32.239  1306  1502 I chatty  : uid=1000(system) Binder:1306_4 expire 21 lines
05-26 15:32:32.279  1306  1329 I chatty  : uid=1000(system) android.ui expire 28 lines
05-26 15:32:32.600  1306 10424 I chatty  : uid=1000(system) Binder:1306_1D expire 14 lines
05-26 15:32:33.199  2528  2858 I HidataAppQoeP: handleStateChanged reason=1
05-26 15:32:33.199  2528  2858 I HidataAppQoeP: process message REASON_RECEIVE_AP_INFO_TIMEOUT
05-26 15:32:33.199  2528  2858 I HidataAppQoeP: sendExperienceLevelToHidataAppQoe 3
05-26 15:32:33.798  1306  2924 I chatty  : uid=1000(system) Binder:1306_B expire 12 lines
05-26 15:32:33.870  1306  4344 I chatty  : uid=1000(system) Binder:1306_10 expire 2 lines
05-26 15:32:33.909  1306  1334 I chatty  : uid=1000(system) keyAppHanderThr expire 2 lines
05-26 15:32:33.942  1306  1331 I chatty  : uid=1000(system) ActivityManager expire 1 line
05-26 15:32:33.943  1306  2520 I chatty  : uid=1000(system) MultiTaskManage expire 1 line
05-26 15:32:33.969 15464 15464 D ActivityThread: Attach thread to application
05-26 15:32:34.665  1306 10300 I chatty  : uid=1000(system) Binder:1306_1C expire 5 lines
05-26 15:32:34.784  1306  2923 I chatty  : uid=1000(system) Binder:1306_A expire 15 lines
05-26 15:32:34.828  1306  1326 I chatty  : uid=1000(system) HwActivityManag expire 2 lines
05-26 15:32:34.832   754   754 V ActivityThread: Skipping new config:{1.0 460mcc2mnc [zh_CN_#Hans] ldltr sw360dp w360dp h616dp 480dpi nrml long port finger -keyb/v/h -nav/h winConfig={ mBounds=Rect(0, 0 - 0, 0) mAppBounds=Rect(0, 0 - 1080, 1920) mWindowingMode=fullscreen mActivityType=undefined} nonFullScreen=0 hwt:1 suim:1 s.48}, config:{1.0 460mcc2mnc [zh_CN_#Hans] ldltr sw360dp w360dp h616dp 480dpi nrml long port finger -keyb/v/h -nav/h winConfig={ mBounds=Rect(0, 0 - 0, 0) mAppBounds=Rect(0, 0 - 1080, 1920) mWindowingMode=fullscreen mActivityType=undefined} nonFullScreen=0 hwt:1 suim:1 s.48} for app:com.tencent.mm
05-26 15:32:34.840   754   754 V ActivityThread: callActivityOnCreate
05-26 15:32:34.886  1306  1447 I chatty  : uid=1000(system) android.anim expire 7 lines
05-26 15:32:35.007   754   754 D ActivityThread: add activity client record, r= ActivityRecord{c236d token=android.os.BinderProxy@5d3599c {com.tencent.mm/com.tencent.mm.plugin.sns.ui.SnsTimeLineUI}} token= android.os.BinderProxy@5d3599c
05-26 15:32:35.029  1306  1340 I chatty  : uid=1000(system) HwGameAssistant expire 1 line
05-26 15:32:35.030  2528  2858 I HidataAppQoeP: receiveAPModuleData,dataTypeId=302
05-26 15:32:35.032  1306  2206 I chatty  : uid=1000(system) NetdConnector expire 4 lines
05-26 15:32:35.037  2528  2858 I HidataAppQoeP: receiveAPModuleData,dataTypeId=301
05-26 15:32:35.037  2528  2858 I HidataAppQoeP: HIDATA_START_CELLULAR_APP_QOE_MONITOR appUid=10178,time=3000
05-26 15:32:35.043  2340 20855 I CommandQueue: updateBarBgColor
05-26 15:32:35.043  2340 20855 D CommandQueue: CommandQueue, setBarBackgroundColor
05-26 15:32:35.150  1306  1339 I chatty  : uid=1000(system) android.display expire 1 line
05-26 15:32:36.176 15464 15464 E ActivityThread: Failed to find provider info for com.tencent.mm.coolassist.debugprovider
05-26 15:32:36.915  2528  2858 I HidataAppQoeP: handleStateChanged reason=6
05-26 15:32:36.915  2528  2858 I BrowserChrP: handleStateChanged
05-26 15:32:38.038  2528  2858 I HidataAppQoeP: handleStateChanged reason=1
05-26 15:32:38.038  2528  2858 I HidataAppQoeP: process message REASON_RECEIVE_AP_INFO_TIMEOUT
05-26 15:32:38.038  2528  2858 I HidataAppQoeP: sendExperienceLevelToHidataAppQoe 3
05-26 15:32:38.777  1306  2221 I chatty  : uid=1000(system) ConnectivitySer expire 22 lines
05-26 15:32:39.167  1306  1329 I chatty  : uid=1000(system) android.ui expire 50 lines
05-26 15:32:39.173  1306  2923 I chatty  : uid=1000(system) Binder:1306_A expire 11 lines
05-26 15:32:39.188  1306  1331 I chatty  : uid=1000(system) ActivityManager expire 1 line
05-26 15:32:39.189  1306  2520 I chatty  : uid=1000(system) MultiTaskManage expire 1 line
05-26 15:32:39.204 15652 15652 D ActivityThread: Attach thread to application
05-26 15:32:39.362  1306  1502 I chatty  : uid=1000(system) Binder:1306_4 expire 6 lines
05-26 15:32:39.437  1306  2924 I chatty  : uid=1000(system) Binder:1306_B expire 2 lines
05-26 15:32:39.857 15652 15652 E ActivityThread: Failed to find provider info for com.tencent.mm.coolassist.debugprovider
05-26 15:32:40.133  1306  1306 I chatty  : uid=1000 system_server expire 1 line
05-26 15:32:40.977   551   612 W SocketListener: sending broadcast to Pid = 1306, Uid = 1000 
05-26 15:32:40.979  1306  2206 I chatty  : uid=1000(system) NetdConnector expire 14 lines
05-26 15:32:40.980  1306  1337 I chatty  : uid=1000(system) android.fg expire 5 lines
05-26 15:32:40.982  1306  2209 I chatty  : uid=1000(system) NetworkStats expire 5 lines
05-26 15:32:41.199  1306  1320 I chatty  : uid=1000(system) Binder:1306_2 expire 21 lines
05-26 15:32:41.514   551   616 W SocketListener: sending broadcast to Pid = 1306, Uid = 1000 
05-26 15:32:41.561  1306  4344 I chatty  : uid=1000(system) Binder:1306_10 expire 16 lines
05-26 15:32:42.920  2528  2858 I HidataAppQoeP: handleStateChanged reason=6
05-26 15:32:42.920  2528  2858 I BrowserChrP: handleStateChanged
05-26 15:32:44.742  1306  2829 I chatty  : uid=1000(system) Binder:1306_7 expire 15 lines
05-26 15:32:46.567  1306  2464 I chatty  : uid=1000(system) watchdog expire 1 line
05-26 15:32:46.825  1306 10300 I chatty  : uid=1000(system) Binder:1306_1C expire 13 lines
05-26 15:32:47.205  1306  1489 I chatty  : uid=1000(system) InputDispatcher expire 2 lines
05-26 15:32:47.266  1306  1326 I chatty  : uid=1000(system) HwActivityManag expire 4 lines
05-26 15:32:47.323  1306  1340 I chatty  : uid=1000(system) HwGameAssistant expire 2 lines
05-26 15:32:47.326  2528  2858 I HidataAppQoeP: receiveAPModuleData,dataTypeId=302
05-26 15:32:47.331  2340  3132 I CommandQueue: updateBarBgColor
05-26 15:32:47.331  2340  3132 D CommandQueue: CommandQueue, setBarBackgroundColor
05-26 15:32:47.331  2528  2858 I HidataAppQoeP: receiveAPModuleData,dataTypeId=301
05-26 15:32:47.331  2528  2858 I HidataAppQoeP: HIDATA_START_CELLULAR_APP_QOE_MONITOR appUid=10178,time=2000
05-26 15:32:47.379  1306  1447 I chatty  : uid=1000(system) android.anim expire 12 lines
05-26 15:32:47.881   754   754 D ActivityThread: Remove activity client record, r= ActivityRecord{c236d token=android.os.BinderProxy@5d3599c {com.tencent.mm/com.tencent.mm.plugin.sns.ui.SnsTimeLineUI}} token= android.os.BinderProxy@5d3599c
05-26 15:32:48.916  2528  2858 I HidataAppQoeP: handleStateChanged reason=6
05-26 15:32:48.916  2528  2858 I BrowserChrP: handleStateChanged
05-26 15:32:49.292  2528  2858 I HidataAppQoeP: handleStateChanged reason=6
05-26 15:32:49.292  2528  2858 I BrowserChrP: handleStateChanged
05-26 15:32:49.331  2528  2858 I HidataAppQoeP: handleStateChanged reason=1
05-26 15:32:49.331  2528  2858 I HidataAppQoeP: process message REASON_RECEIVE_AP_INFO_TIMEOUT
05-26 15:32:49.331  2528  2858 I HidataAppQoeP: sendExperienceLevelToHidataAppQoe 3
05-26 15:32:49.371  1306  1329 I chatty  : uid=1000(system) android.ui expire 35 lines
05-26 15:32:50.808   754   754 V ActivityThread: Skipping new config:{1.0 460mcc2mnc [zh_CN_#Hans] ldltr sw360dp w360dp h616dp 480dpi nrml long port finger -keyb/v/h -nav/h winConfig={ mBounds=Rect(0, 0 - 0, 0) mAppBounds=Rect(0, 0 - 1080, 1920) mWindowingMode=fullscreen mActivityType=undefined} nonFullScreen=0 hwt:1 suim:1 s.48}, config:{1.0 460mcc2mnc [zh_CN_#Hans] ldltr sw360dp w360dp h616dp 480dpi nrml long port finger -keyb/v/h -nav/h winConfig={ mBounds=Rect(0, 0 - 0, 0) mAppBounds=Rect(0, 0 - 1080, 1920) mWindowingMode=fullscreen mActivityType=undefined} nonFullScreen=0 hwt:1 suim:1 s.48} for app:com.tencent.mm
05-26 15:32:50.811   754   754 V ActivityThread: callActivityOnCreate
05-26 15:32:50.908   754   754 D ActivityThread: add activity client record, r= ActivityRecord{3d83328 token=android.os.BinderProxy@59bdfbb {com.tencent.mm/com.tencent.mm.plugin.sns.ui.SnsTimeLineUI}} token= android.os.BinderProxy@59bdfbb
05-26 15:32:50.929  2528  2858 I HidataAppQoeP: receiveAPModuleData,dataTypeId=302
05-26 15:32:50.937  2528  2858 I HidataAppQoeP: receiveAPModuleData,dataTypeId=301
05-26 15:32:50.937  2528  2858 I HidataAppQoeP: HIDATA_START_CELLULAR_APP_QOE_MONITOR appUid=10178,time=3000
05-26 15:32:50.938  1306  2923 I chatty  : uid=1000(system) Binder:1306_A expire 3 lines
05-26 15:32:50.942  2340 20855 I CommandQueue: updateBarBgColor
05-26 15:32:50.942  2340 20855 D CommandQueue: CommandQueue, setBarBackgroundColor
05-26 15:32:51.012  1306  1339 I chatty  : uid=1000(system) android.display expire 1 line
05-26 15:32:53.939  2528  2858 I HidataAppQoeP: handleStateChanged reason=1
05-26 15:32:53.939  2528  2858 I HidataAppQoeP: process message REASON_RECEIVE_AP_INFO_TIMEOUT
05-26 15:32:53.939  2528  2858 I HidataAppQoeP: sendExperienceLevelToHidataAppQoe 3
05-26 15:32:54.321  1306  1329 I chatty  : uid=1000(system) android.ui expire 53 lines
05-26 15:32:55.073  1306  1489 I chatty  : uid=1000(system) InputDispatcher expire 10 lines
05-26 15:32:55.169  1306 10300 I chatty  : uid=1000(system) Binder:1306_1C expire 4 lines
05-26 15:32:55.188  1306  1326 I chatty  : uid=1000(system) HwActivityManag expire 6 lines
05-26 15:32:55.246  1306  1340 I chatty  : uid=1000(system) HwGameAssistant expire 2 lines
05-26 15:32:55.250  2528  2858 I HidataAppQoeP: receiveAPModuleData,dataTypeId=302
05-26 15:32:55.250  1306  4344 I chatty  : uid=1000(system) Binder:1306_10 expire 16 lines
05-26 15:32:55.251  1306  2206 I chatty  : uid=1000(system) NetdConnector expire 12 lines
05-26 15:32:55.257  2528  2858 I HidataAppQoeP: receiveAPModuleData,dataTypeId=301
05-26 15:32:55.257  2528  2858 I HidataAppQoeP: HIDATA_START_CELLULAR_APP_QOE_MONITOR appUid=10178,time=2000
05-26 15:32:55.258  1306  2923 I chatty  : uid=1000(system) Binder:1306_A expire 26 lines
05-26 15:32:55.263  2340  3132 I CommandQueue: updateBarBgColor
05-26 15:32:55.263  2340  3132 D CommandQueue: CommandQueue, setBarBackgroundColor
05-26 15:32:55.290  2528  2858 I HidataAppQoeP: handleStateChanged reason=6
05-26 15:32:55.290  2528  2858 I BrowserChrP: handleStateChanged
05-26 15:32:55.294  1306  1447 I chatty  : uid=1000(system) android.anim expire 26 lines
05-26 15:32:55.314  1306  1320 I chatty  : uid=1000(system) Binder:1306_2 expire 1 line
05-26 15:32:55.367  1306  2829 I chatty  : uid=1000(system) Binder:1306_7 expire 4 lines
05-26 15:32:55.855   754   754 D ActivityThread: Remove activity client record, r= ActivityRecord{3d83328 token=android.os.BinderProxy@59bdfbb {com.tencent.mm/com.tencent.mm.plugin.sns.ui.SnsTimeLineUI}} token= android.os.BinderProxy@59bdfbb
05-26 15:32:55.857  1306  9594 I chatty  : uid=1000(system) Binder:1306_19 expire 11 lines
05-26 15:32:56.410   754   754 W ViewRootImpl[LauncherUI]: hasFocus:false, stopped:false, isAmbientModefalse, pausedForTransitionfalse, flags:0
05-26 15:32:56.410   754   754 W ViewRootImpl[LauncherUI]: Cancelling event due to no window focus: KeyEvent { action=ACTION_UP, keyCode=KEYCODE_BACK, scanCode=0, metaState=0, flags=0x28, hwFlags=0x0, repeatCount=0, eventTime=47620487, downTime=47620445, deviceId=0, source=0x101 }
05-26 15:32:56.410   754   754 W ViewRootImpl[LauncherUI]: hasFocus:false, stopped:false, isAmbientModefalse, pausedForTransitionfalse, flags:0
05-26 15:32:56.410   754   754 W ViewRootImpl[LauncherUI]: Cancelling event due to no window focus: KeyEvent { action=ACTION_UP, keyCode=KEYCODE_BACK, scanCode=0, metaState=0, flags=0x28, hwFlags=0x0, repeatCount=0, eventTime=47620487, downTime=47620445, deviceId=0, source=0x101 }
05-26 15:32:56.410   754   754 W ViewRootImpl[LauncherUI]: hasFocus:false, stopped:false, isAmbientModefalse, pausedForTransitionfalse, flags:0
05-26 15:32:56.410   754   754 W ViewRootImpl[LauncherUI]: Cancelling event due to no window focus: KeyEvent { action=ACTION_UP, keyCode=KEYCODE_BACK, scanCode=0, metaState=0, flags=0x28, hwFlags=0x0, repeatCount=0, eventTime=47620487, downTime=47620445, deviceId=0, source=0x101 }
05-26 15:32:56.435   754   754 W ViewRootImpl[LauncherUI]: hasFocus:false, stopped:false, isAmbientModefalse, pausedForTransitionfalse, flags:0
05-26 15:32:56.435   754   754 W ViewRootImpl[LauncherUI]: Cancelling event due to no window focus: KeyEvent { action=ACTION_UP, keyCode=KEYCODE_BACK, scanCode=0, metaState=0, flags=0x28, hwFlags=0x0, repeatCount=0, eventTime=47620487, downTime=47620445, deviceId=0, source=0x101 }
05-26 15:32:56.435   754   754 W ViewRootImpl[LauncherUI]: hasFocus:false, stopped:false, isAmbientModefalse, pausedForTransitionfalse, flags:0
05-26 15:32:56.435   754   754 W ViewRootImpl[LauncherUI]: Cancelling event due to no window focus: KeyEvent { action=ACTION_UP, keyCode=KEYCODE_BACK, scanCode=0, metaState=0, flags=0x28, hwFlags=0x0, repeatCount=0, eventTime=47620487, downTime=47620445, deviceId=0, source=0x101 }
05-26 15:32:56.435   754   754 W ViewRootImpl[LauncherUI]: hasFocus:false, stopped:false, isAmbientModefalse, pausedForTransitionfalse, flags:0
05-26 15:32:56.435   754   754 W ViewRootImpl[LauncherUI]: Cancelling event due to no window focus: KeyEvent { action=ACTION_UP, keyCode=KEYCODE_BACK, scanCode=0, metaState=0, flags=0x28, hwFlags=0x0, repeatCount=0, eventTime=47620487, downTime=47620445, deviceId=0, source=0x101 }
05-26 15:32:56.436   754   754 W ViewRootImpl[LauncherUI]: hasFocus:false, stopped:false, isAmbientModefalse, pausedForTransitionfalse, flags:0
05-26 15:32:56.436   754   754 W ViewRootImpl[LauncherUI]: Cancelling event due to no window focus: KeyEvent { action=ACTION_UP, keyCode=KEYCODE_BACK, scanCode=0, metaState=0, flags=0x28, hwFlags=0x0, repeatCount=0, eventTime=47620487, downTime=47620445, deviceId=0, source=0x101 }
05-26 15:32:56.436   754   754 W ViewRootImpl[LauncherUI]: hasFocus:false, stopped:false, isAmbientModefalse, pausedForTransitionfalse, flags:0
05-26 15:32:56.436   754   754 W ViewRootImpl[LauncherUI]: Cancelling event due to no window focus: KeyEvent { action=ACTION_UP, keyCode=KEYCODE_BACK, scanCode=0, metaState=0, flags=0x28, hwFlags=0x0, repeatCount=0, eventTime=47620487, downTime=47620445, deviceId=0, source=0x101 }
05-26 15:32:56.436   754   754 W ViewRootImpl[LauncherUI]: hasFocus:false, stopped:false, isAmbientModefalse, pausedForTransitionfalse, flags:0
05-26 15:32:56.436   754   754 W ViewRootImpl[LauncherUI]: Cancelling event due to no window focus: KeyEvent { action=ACTION_UP, keyCode=KEYCODE_BACK, scanCode=0, metaState=0, flags=0x28, hwFlags=0x0, repeatCount=0, eventTime=47620487, downTime=47620445, deviceId=0, source=0x101 }
05-26 15:32:56.469  2528  2858 I HidataAppQoeP: receiveAPModuleData,dataTypeId=302
05-26 15:32:56.471  2528  7087 I BoosterSwitchP: notifyUidState do nothing
05-26 15:32:56.471  2528  7087 I DeepNoDisturbP: notifyUidState
05-26 15:32:56.471  2528  7087 I HidataAppQoeP: notifyUidState
05-26 15:32:56.471  2528  7087 I BrowserChrP: notifyUidState
05-26 15:32:56.477  1306  2211 I chatty  : uid=1000(system) tworkPolicy.uid expire 1 line
05-26 15:32:56.481 13635 13787 I HwNetworkPolicyManager: getHwUidPolicy uid = 10056 policy = 0
