06-12 22:46:59.398  1306  1337 D HwNetworkManagementService: onEvent receive Web Stat Report:661 ReportType 0 0 0 0 0 0 0 0 0 0 0 0 0 0 0 0 0 0 0 0 0 0 0 0 0 0 0 0 0 0 0 0 0 0 0 0 0 0 0 0 0 0 0 0 0 0 0 0 0 0 0 0 0 0 0 0 0 0 0 0 0 0 0 0 0 0 0 0 0 0 0 0 0 0 0 0 0 0 0 0 0 0 0 0 0 0 0 0 0 0 0 0 0 0 0 0 0 0 0 0 0 0 0 0 0 0 0 0 0 0 0 0 0 0 0 0 0 0 0 0 0 0 0 0 0 0 0 0 0 0 0 0 0 0 0 0 0 0 0 0 0 0 0 0 0 0 0 0 0 0 0 0 0 0 0 0 0 0 0 0 0 0 0 0 0 0 0 0 0 0 0 0 0 0 0 0 0 0 0 0 0 0 0 0 0 0 0 0 0 0 0 0 0 0 0 0 0 0 0 0 0 0 0 0 0 0 0 0 0 0 0 0 0 0 0 0 0 0 0 0 0 0 0 0 0 0 0 0 0 ReportType 0 0 0 0 0 1 1 0 0 0 0 0 0 0 0 0 0 0 0 0 0 0 0 0 0 0 0 0 0 0 0 0 0 0 0 0 0 0 0 0 0 0 0 0 0 0 0 0 0 0 0 0 0 0 0 0 0 0 0 0 0 0 0 0 0 0 0 0 0 0 0 0 0 0 0 0 0 0 0 0 0 0 0 0 0 0 0 0 0 0 0 0 0 0 0 0 0 0 0 0 0 0 0 0 0 0 0 0 0 0 0 0 0 0 0 0 0 0 0 0 0 0 0 0 0 0 0 0 0 0 0 0 0 0 0 0 0 0 0 0 0 0 0 0 0 0 0 0 0 0 0 0 0 0 0 0 0 0 0 0 0 0 0 0 0 0 0 0 0 0 0 0 0 0 0 0 0 0 0 0 0 0 0 0 0 0 0 0 0 0 0 0 0 0 0 0 0 0 0 0 0 0 0 0 0 0 0 0 0 0 0 0 0 0 0 0 0 0 0 0 0 0 0 0 0 0 0 0 0
06-12 22:46:59.524 11675 11872 I HiBoard_ChannelInstantAccess: unbindRecSysService start
06-12 22:46:59.534 11675 11872 I HiBoard_MainView: unRegisterRecSys
06-12 22:46:59.534 11675 11872 I HiBoard_MainView: unRegisterRecSys---delay---180000
06-12 22:47:00.004  1306  1306 V AlarmManager: Received TIME_TICK alarm; rescheduling
06-12 22:47:00.005  1306  1306 I HwAlarmManagerService: hwSetAlarm listenerTag: time_tick
06-12 22:47:00.051  2612  2612 I HwLauncher: Model  onReceive intent=Intent { act=android.intent.action.TIME_TICK flg=0x50200014 hwFlg=0x900 (has extras) }
06-12 22:47:00.051  2612  2612 I HwLauncher: Model  onReceive user=UserHandle{0}
06-12 22:47:00.095  1306  2916 V BroadcastQueue: Finished with ordered broadcast BroadcastRecord{18ad751 u-1 android.intent.action.TIME_TICK}
06-12 22:47:00.769   698   698 E Thermal-daemon: [flash_led] temp_new :34  temp_old :35
06-12 22:47:00.771   698   698 E Thermal-daemon: Report temperature: [flash_led] temp :34  report_threshold:1
06-12 22:47:00.774   698   698 E Thermal-daemon: [ap] temp_new :35  temp_old :34
06-12 22:47:00.775   698   698 E Thermal-daemon: Report temperature: [ap] temp :35  report_threshold:1
06-12 22:47:01.642   596   596 E WifiHAL : enter wifi_get_link_stats
06-12 22:47:02.080  2551  2860 D HwWifiStatStore: handleMessage : 200
06-12 22:47:02.194  1306  1454 D HwBatteryService: onUEvent fcpStatus = 0,scpStatus =0,ovpStatus=0
06-12 22:47:02.196  1306  1454 I HwBatteryService: quick charge status : 0
06-12 22:47:02.196  1306  1454 I HwBatteryService: handleWirelessTxStatus
06-12 22:47:02.196  1306  1454 I HwBatteryService: switch not open, return, mWirelessTxFlag : 0
06-12 22:47:02.197  1306  1454 I UsbDeviceManager: water_intrused state= 0
06-12 22:47:02.209  1306  1345 I BatteryService: normal charge status : 1
06-12 22:47:02.245 10511 10511 D TuringScreenReceiver: onReceiver action : android.intent.action.BATTERY_CHANGED
06-12 22:47:02.245 10511 10511 D Gallery2_Common_TuringState: setBattery:21
06-12 22:47:02.269  4935  4935 I [10.4.0.305]CloudAlbum.BatteryProcessor: checkLossLevel screen:true battery level while screen off:0 now:21
06-12 22:47:03.217   551   610 W SocketListener: sending broadcast to Pid = 1306, Uid = 1000 
06-12 22:47:03.220  1306  2206 D NetdConnector: RCV <- {613 IfaceClass active 1 1592589523658130 0}
06-12 22:47:03.224  1306  2206 D NetdConnector: RCV <- {613 IfaceClass active 1 1592589523658130 0}
06-12 22:47:03.226  1306  1337 D NetdConnector: RCV unsolicited event from native daemon, event = 613
06-12 22:47:03.701  1306  2289 I chatty  : uid=1000(system) HuaweiWifiWatch expire 16 lines
06-12 22:47:03.702  1306 11875 I chatty  : uid=1000 system_server expire 1 line
06-12 22:47:04.597  2340  2466 I chatty  : uid=10039(com.huawei.HwMultiScreenShot) SystemUI_subThr expire 18 lines
06-12 22:47:04.667   596   596 E WifiHAL : enter wifi_get_link_stats
06-12 22:47:05.090  2551  2860 D HwWifiStatStore: handleMessage : 200
06-12 22:47:05.420  1306  1454 D HwBatteryService: onUEvent fcpStatus = 0,scpStatus =0,ovpStatus=0
06-12 22:47:05.421  1306  1454 I HwBatteryService: quick charge status : 0
06-12 22:47:05.422  1306  1454 I HwBatteryService: handleWirelessTxStatus
06-12 22:47:05.422  1306  1454 I HwBatteryService: switch not open, return, mWirelessTxFlag : 0
06-12 22:47:05.423  1306  1454 I UsbDeviceManager: water_intrused state= 0
06-12 22:47:05.687 11877 11877 E JankService: child Thread receive to stop
06-12 22:47:05.776   698   698 E Thermal-daemon: [flash_led] temp_new :35  temp_old :34
06-12 22:47:05.778   698   698 E Thermal-daemon: Report temperature: [flash_led] temp :35  report_threshold:1
06-12 22:47:05.778   698   698 E Thermal-daemon: [battery] temp_new :32  temp_old :33
06-12 22:47:05.779   698   698 E Thermal-daemon: Report temperature: [battery] temp :32  report_threshold:1
06-12 22:47:05.828  2960  3093 E JankService: all data read ok
06-12 22:47:05.918  1306  2464 W Watchdog: hungtask: writing kick
06-12 22:47:05.920  1306  1337 I chatty  : uid=1000(system) android.fg expire 5 lines
06-12 22:47:07.694   596   596 E WifiHAL : enter wifi_get_link_stats
06-12 22:47:08.102  2551  2860 D HwWifiStatStore: handleMessage : 200
06-12 22:47:09.284  4896  4924 I AppLogManager: PrintWoker poll timeout , shutdown
06-12 22:47:09.324  2596  2596 I ImsResolver: getMmTelFeatureAndListen - slot: 2 callback: com.android.ims.MmTelFeatureConnection$1@bb0b74f
06-12 22:47:10.719   596   596 E WifiHAL : enter wifi_get_link_stats
06-12 22:47:10.865  2340  2340 D StatusBarIconController: setIconVisibility icon is null or visibility not change visibility=false
06-12 22:47:10.865  2340  2340 D NetWorkUtils: mVSimCurCardType is -1
06-12 22:47:10.865  2340  2340 E ndroid.systemu: Invalid ID 0x00000000.
06-12 22:47:10.865  2340  2340 E HwNotchUtils: setIconForView iconId is not found
06-12 22:47:11.112  2551  2860 D HwWifiStatStore: handleMessage : 200
06-12 22:47:11.707  1306 11878 I chatty  : uid=1000 system_server expire 1 line
06-12 22:47:13.605  2340  2340 I Net.207441NetworkSpeedM: mIsStop = false
06-12 22:47:13.605  2340  2466 I Net.207442NetworkSpeedM:  runInThread getTetherStats
06-12 22:47:13.612  2340  2340 I Net.207442NetworkSpeedM:  runInUI refreshSpeed
06-12 22:47:13.614  2340  2340 I Net.207442NetworkSpeedM: value=0.0speed = 0.00K/smIsShowLastSpeedValuefalse
06-12 22:47:13.614  2340  2340 I NetworkSpeedView: /update(), speed=0.00K/s
06-12 22:47:13.615  2340  2340 I chatty  : uid=10039(com.huawei.HwMultiScreenShot) com.android.systemui identical 51 lines
06-12 22:47:13.744   596   596 E WifiHAL : enter wifi_get_link_stats
06-12 22:47:13.763  1306  2213 I chatty  : uid=1000(system) WifiStateMachin expire 18 lines
06-12 22:47:13.836  1306 11879 I chatty  : uid=1000(system) are.mem.default expire 17 lines
06-12 22:47:13.840   704   732 I AwareLog: HibSTrategy::HibStrategySwapCandidateProcessAdd packagename com.huawei.bone
06-12 22:47:13.871   704  3598 I AwareLog: HibStrategy::HibStrategySwapCandidateProcessRemove packagename is com.huawei.bone
06-12 22:47:13.871   704  3598 I AwareLog: HiberManagerService::sendMessagetoHiberTask successful
06-12 22:47:13.887   704   732 I AwareLog: HibSTrategy::HibStrategySwapCandidateProcessAdd packagename com.baidu.input_huawei
06-12 22:47:13.915  2528  2858 I HidataAppQoeP: handleStateChanged reason=6
06-12 22:47:13.916  2528  2858 I BrowserChrP: handleStateChanged
06-12 22:47:14.122  2551  2860 D HwWifiStatStore: handleMessage : 200
06-12 22:47:14.209   704  3598 I AwareLog: HiberManagerService::do_reclaim ok, pid=11701, reclaimAll = 1
06-12 22:47:14.209   704  3598 I AwareLog: HiberManagerService::getReclaimResult:reclaim_kb=29904, swap_kb=28924, swap_us=289195
06-12 22:47:14.209   704  3598 I AwareLog: HibStrategy::HibStrategySwapCandidateProcessRemove packagename is com.baidu.input_huawei
06-12 22:47:14.209   704  3598 I AwareLog: HiberManagerService::sendMessagetoHiberTask successful
06-12 22:47:14.210   704   732 I AwareLog: HibSTrategy::HibStrategySwapCandidateProcessAdd packagename com.huawei.hiai
06-12 22:47:14.252   704  3598 I AwareLog: HibStrategy::HibStrategySwapCandidateProcessRemove packagename is com.huawei.hiai
06-12 22:47:14.252   704  3598 I AwareLog: HiberManagerService::sendMessagetoHiberTask successful
06-12 22:47:14.688   708   708 D SensorHub: Get acc data 0.909797, 0.019154, 9.624691
06-12 22:47:14.745  1306  2212 I chatty  : uid=1000(system) WifiService expire 47 lines
06-12 22:47:15.791   698   698 E Thermal-daemon: [ap] temp_new :34  temp_old :35
06-12 22:47:15.792   698   698 E Thermal-daemon: Report temperature: [ap] temp :34  report_threshold:1
06-12 22:47:16.235  6976  7344 I SmartThreadExecutor: handleMessage: start check 0
06-12 22:47:16.236  6976  7344 I SmartThreadExecutor: handleMessage: check end 0 -15 false
06-12 22:47:16.776   596   596 E WifiHAL : enter wifi_get_link_stats
06-12 22:47:17.133  2551  2860 D HwWifiStatStore: handleMessage : 200
06-12 22:47:18.626   704   732 I AwareLog: HibSTrategy::HibStrategySwapCandidateProcessAdd packagename com.google.android.gms
06-12 22:47:18.786  1306 10300 V BroadcastQueue: Finished with ordered broadcast BroadcastRecord{6dae024 u0 com.google.android.intent.action.GCM_RECONNECT}
06-12 22:47:18.837   704  3598 I AwareLog: HiberManagerService::do_reclaim ok, pid=12132, reclaimAll = 1
06-12 22:47:18.837   704  3598 I AwareLog: HiberManagerService::getReclaimResult:reclaim_kb=26544, swap_kb=18296, swap_us=189298
06-12 22:47:18.837   704  3598 I AwareLog: HibStrategy::HibStrategySwapCandidateProcessRemove packagename is com.google.android.gms
06-12 22:47:18.837   704  3598 I AwareLog: HiberManagerService::sendMessagetoHiberTask successful
06-12 22:47:18.839   704   732 I AwareLog: HibSTrategy::HibStrategySwapCandidateProcessAdd packagename com.tencent.mobileqq
06-12 22:47:19.213   704  3598 I AwareLog: HiberManagerService::do_reclaim ok, pid=6976, reclaimAll = 1
06-12 22:47:19.213   704  3598 I AwareLog: HiberManagerService::getReclaimResult:reclaim_kb=45400, swap_kb=34940, swap_us=305078
06-12 22:47:19.213   704  3598 I AwareLog: HibStrategy::HibStrategySwapCandidateProcessRemove packagename is com.tencent.mobileqq
06-12 22:47:19.213   704  3598 I AwareLog: HiberManagerService::sendMessagetoHiberTask successful
06-12 22:47:19.214   704   732 I AwareLog: HibSTrategy::HibStrategySwapCandidateProcessAdd packagename com.tencent.mobileqq
06-12 22:47:19.307   704  3598 I AwareLog: HiberManagerService::do_reclaim ok, pid=7031, reclaimAll = 1
06-12 22:47:19.307   704  3598 I AwareLog: HiberManagerService::getReclaimResult:reclaim_kb=16052, swap_kb=12348, swap_us=56036
06-12 22:47:19.307   704  3598 I AwareLog: HibStrategy::HibStrategySwapCandidateProcessRemove packagename is com.tencent.mobileqq
06-12 22:47:19.307   704  3598 I AwareLog: HiberManagerService::sendMessagetoHiberTask successful
06-12 22:47:19.720  1306 11883 I chatty  : uid=1000 system_server expire 1 line
06-12 22:47:19.726  1306  8220 I chatty  : uid=1000(system) MobileQosDetect expire 7 lines
06-12 22:47:19.802   596   596 E WifiHAL : enter wifi_get_link_stats
06-12 22:47:19.829  5016 11881 E WakeLock: GCM_HB_ALARM release without a matched acquire!
06-12 22:47:20.141  2551  2860 D HwWifiStatStore: handleMessage : 200
06-12 22:47:20.448  2583  3668 I chatty  : uid=1000(system) thermal-core-th expire 10 lines
06-12 22:47:20.794   698   698 E Thermal-daemon: [flash_led] temp_new :34  temp_old :35
06-12 22:47:20.795   698   698 E Thermal-daemon: Report temperature: [flash_led] temp :34  report_threshold:1
06-12 22:47:20.851  5016 11884 E WakeLock: GCM_HB_ALARM release without a matched acquire!
06-12 22:47:20.853  1306  2221 D ConnectivityService: reportNetworkConnectivity(542, false) by 10099
06-12 22:47:20.854  1306 11576 I chatty  : uid=1000(system) NetworkMonitorN expire 11 lines
06-12 22:47:20.919  1306  1306 I chatty  : uid=1000 system_server expire 14 lines
06-12 22:47:20.920  1306  2221 D ConnectivityService: NetworkAgentInfo [WIFI () - 542] validation passed
06-12 22:47:22.825   596   596 E WifiHAL : enter wifi_get_link_stats
06-12 22:47:23.150  2551  2860 D HwWifiStatStore: handleMessage : 200
06-12 22:47:23.981   704   732 I AwareLog: HibSTrategy::HibStrategySwapCandidateProcessAdd packagename com.eg.android.AlipayGphone
06-12 22:47:24.217   704  3598 I AwareLog: HiberManagerService::do_reclaim ok, pid=27208, reclaimAll = 1
06-12 22:47:24.218   704  3598 I AwareLog: HiberManagerService::getReclaimResult:reclaim_kb=15608, swap_kb=12960, swap_us=153403
06-12 22:47:24.218   704  3598 I AwareLog: HibStrategy::HibStrategySwapCandidateProcessRemove packagename is com.eg.android.AlipayGphone
06-12 22:47:24.218   704  3598 I AwareLog: HiberManagerService::sendMessagetoHiberTask successful
06-12 22:47:25.851   596   596 E WifiHAL : enter wifi_get_link_stats
06-12 22:47:26.162  2551  2860 D HwWifiStatStore: handleMessage : 200
06-12 22:47:27.725  1306 11888 I chatty  : uid=1000 system_server expire 1 line
06-12 22:47:28.616  2340  2340 I Net.207446NetworkSpeedM: mIsStop = false
06-12 22:47:28.617  2340  2466 I Net.207447NetworkSpeedM:  runInThread getTetherStats
06-12 22:47:28.625  2340  2340 I Net.207447NetworkSpeedM:  runInUI refreshSpeed
06-12 22:47:28.626  2340  2340 I Net.207447NetworkSpeedM: value=50.333332speed = 50.3B/smIsShowLastSpeedValuefalse
06-12 22:47:28.626  2340  2340 I NetworkSpeedView: /update(), speed=50.3B/s
06-12 22:47:28.628  2340  2340 I NetworkSpeedView: /update(), speed=50.3B/s
06-12 22:47:28.877   596   596 E WifiHAL : enter wifi_get_link_stats
06-12 22:47:28.907  2340  2340 D StatusBarIconController: setIconVisibility icon is null or visibility not change visibility=false
06-12 22:47:28.907  2340  2340 D NetWorkUtils: mVSimCurCardType is -1
06-12 22:47:28.908  2340  2340 D StatusBarIconController: setIconVisibility icon is null or visibility not change visibility=false
06-12 22:47:28.908  2340  2340 D NetWorkUtils: mVSimCurCardType is -1
06-12 22:47:28.909  2340  2340 D StatusBarIconController: setIconVisibility icon is null or visibility not change visibility=false
06-12 22:47:28.909  2340  2340 D NetWorkUtils: mVSimCurCardType is -1
06-12 22:47:28.935   704   732 I AwareLog: HibSTrategy::HibStrategySwapCandidateProcessAdd packagename com.huawei.hiai
06-12 22:47:29.134   704  3598 I AwareLog: HiberManagerService::do_reclaim ok, pid=21002, reclaimAll = 1
06-12 22:47:29.134   704  3598 I AwareLog: HiberManagerService::getReclaimResult:reclaim_kb=11496, swap_kb=11052, swap_us=129467
06-12 22:47:29.134   704  3598 I AwareLog: HibStrategy::HibStrategySwapCandidateProcessRemove packagename is com.huawei.hiai
06-12 22:47:29.134   704  3598 I AwareLog: HiberManagerService::sendMessagetoHiberTask successful
06-12 22:47:29.135   704   732 I AwareLog: HibSTrategy::HibStrategySwapCandidateProcessAdd packagename com.huawei.hicard
06-12 22:47:29.172  2551  2860 D HwWifiStatStore: handleMessage : 200
06-12 22:47:29.193   704  3598 I AwareLog: HibStrategy::HibStrategySwapCandidateProcessRemove packagename is com.huawei.hicard
06-12 22:47:29.193   704  3598 I AwareLog: HiberManagerService::sendMessagetoHiberTask successful
06-12 22:47:29.234   704   732 I AwareLog: HibSTrategy::HibStrategySwapCandidateProcessAdd packagename com.huawei.hwid
06-12 22:47:29.282  2528  2858 I HidataAppQoeP: handleStateChanged reason=6
06-12 22:47:29.282  2528  2858 I BrowserChrP: handleStateChanged
06-12 22:47:29.283  1306  4734 D HwNetworkManagementService: setNetBoosterRsrpRsrq,rsrp=-92,rsrq=-200
06-12 22:47:29.284  1306  4734 D NetdConnector: SND -> {71850 hwnb appQoe rsrp -92 -200}
06-12 22:47:29.285   551   623 E HwNetBoosterController: nb_send_nlmsg_to_kernel:socket not open
06-12 22:47:29.285  2340  2466 I HwMobileSignalController(0): subId:0 phoneType:1 networktype:13 targetClass:3 masterLevel:5 slaveLevel:-1
06-12 22:47:29.286  1306  2206 D NetdConnector: RCV <- {400 71850 appQoe rsrp cmd failed (Try again)}
06-12 22:47:29.288  1306  2206 D NetdConnector: RCV <- {400 71850 appQoe rsrp cmd failed (Try again)}
06-12 22:47:29.290  1306  4734 E HwNetworkManagementService: setNetBoosterRsrpRsrq:netd cmd execute failed
06-12 22:47:29.290  1306  4734 E HwNetworkManagementService: com.android.server.NativeDaemonConnector$NativeDaemonFailureException: command '71850 hwnb appQoe rsrp -92 -200' failed with '400 71850 appQoe rsrp cmd failed (Try again)'
06-12 22:47:29.290  1306  4734 E HwNetworkManagementService: 	at com.android.server.NativeDaemonConnector.executeForList(NativeDaemonConnector.java:633)
06-12 22:47:29.290  1306  4734 E HwNetworkManagementService: 	at com.android.server.NativeDaemonConnector.execute(NativeDaemonConnector.java:470)
06-12 22:47:29.290  1306  4734 E HwNetworkManagementService: 	at com.android.server.NativeDaemonConnector.execute(NativeDaemonConnector.java:465)
06-12 22:47:29.290  1306  4734 E HwNetworkManagementService: 	at com.android.server.HwNetworkManagementService.setNetBoosterRsrpRsrq(HwNetworkManagementService.java:1850)
06-12 22:47:29.290  1306  4734 E HwNetworkManagementService: 	at com.android.server.HwNetworkManagementService.access$900(HwNetworkManagementService.java:95)
06-12 22:47:29.290  1306  4734 E HwNetworkManagementService: 	at com.android.server.HwNetworkManagementService$2.callBack(HwNetworkManagementService.java:381)
06-12 22:47:29.290  1306  4734 E HwNetworkManagementService: 	at android.net.booster.IHwCommBoosterCallback$Stub.onTransact(IHwCommBoosterCallback.java:58)
06-12 22:47:29.290  1306  4734 E HwNetworkManagementService: 	at android.os.Binder.execTransact(Binder.java:739)
06-12 22:47:29.502   704  3598 I AwareLog: HiberManagerService::do_reclaim ok, pid=25015, reclaimAll = 1
06-12 22:47:29.502   704  3598 I AwareLog: HiberManagerService::getReclaimResult:reclaim_kb=21320, swap_kb=15664, swap_us=182690
06-12 22:47:29.502   704  3598 I AwareLog: HibStrategy::HibStrategySwapCandidateProcessRemove packagename is com.huawei.hwid
06-12 22:47:29.502   704  3598 I AwareLog: HiberManagerService::sendMessagetoHiberTask successful
06-12 22:47:29.910  2340  2340 D StatusBarIconController: setIconVisibility icon is null or visibility not change visibility=false
06-12 22:47:29.910  2340  2340 D NetWorkUtils: mVSimCurCardType is -1
06-12 22:47:29.911  2340  2340 E ndroid.systemu: Invalid ID 0x00000000.
06-12 22:47:29.911  2340  2340 E HwNotchUtils: setIconForView iconId is not found
06-12 22:47:29.911  2340  2340 D StatusBarIconController: setIconVisibility icon is null or visibility not change visibility=false
06-12 22:47:29.911  2340  2340 D NetWorkUtils: mVSimCurCardType is -1
06-12 22:47:29.911  2340  2340 E ndroid.systemu: Invalid ID 0x00000000.
06-12 22:47:29.912  2340  2340 E HwNotchUtils: setIconForView iconId is not found
06-12 22:47:29.912  2340  2340 D StatusBarIconController: setIconVisibility icon is null or visibility not change visibility=false
06-12 22:47:29.912  2340  2340 D NetWorkUtils: mVSimCurCardType is -1
06-12 22:47:29.912  2340  2340 E ndroid.systemu: Invalid ID 0x00000000.
06-12 22:47:29.912  2340  2340 E HwNotchUtils: setIconForView iconId is not found
06-12 22:47:30.980 11890 11890 E JankService: child Thread receive to stop
06-12 22:47:31.120  2960  3093 E JankService: all data read ok
06-12 22:47:31.618  2340  2340 I Net.207447NetworkSpeedM: mIsStop = false
06-12 22:47:31.619  2340  2466 I Net.207448NetworkSpeedM:  runInThread getTetherStats
06-12 22:47:31.623  2340  2340 I Net.207448NetworkSpeedM:  runInUI refreshSpeed
06-12 22:47:31.624  2340  2340 I Net.207448NetworkSpeedM: value=0.0speed = 0.00K/smIsShowLastSpeedValuefalse
06-12 22:47:31.624  2340  2340 I NetworkSpeedView: /update(), speed=0.00K/s
06-12 22:47:31.625  2340  2340 I chatty  : uid=10039(com.huawei.HwMultiScreenShot) com.android.systemui identical 62 lines
06-12 22:47:31.900   596   596 E WifiHAL : enter wifi_get_link_stats
06-12 22:47:32.179  2551  2860 D HwWifiStatStore: handleMessage : 200
06-12 22:47:32.781  1306  2212 I chatty  : uid=1000(system) WifiService expire 40 lines
06-12 22:47:34.356   704   732 I AwareLog: HibSTrategy::HibStrategySwapCandidateProcessAdd packagename com.huawei.health
06-12 22:47:34.521   704  3598 I AwareLog: HiberManagerService::do_reclaim ok, pid=25117, reclaimAll = 1
06-12 22:47:34.521   704  3598 I AwareLog: HiberManagerService::getReclaimResult:reclaim_kb=8820, swap_kb=7988, swap_us=105299
06-12 22:47:34.521   704  3598 I AwareLog: HibStrategy::HibStrategySwapCandidateProcessRemove packagename is com.huawei.health
06-12 22:47:34.521   704  3598 I AwareLog: HiberManagerService::sendMessagetoHiberTask successful
06-12 22:47:34.523   704   732 I AwareLog: HibSTrategy::HibStrategySwapCandidateProcessAdd packagename com.huawei.hwid
06-12 22:47:34.544  2583 23167 I chatty  : uid=1000(system) Binder:2583_D expire 10 lines
06-12 22:47:34.583   704  3598 I AwareLog: HibStrategy::HibStrategySwapCandidateProcessRemove packagename is com.huawei.hwid
06-12 22:47:34.583   704  3598 I AwareLog: HiberManagerService::sendMessagetoHiberTask successful
06-12 22:47:34.609   704   732 I AwareLog: HibSTrategy::HibStrategySwapCandidateProcessAdd packagename com.huawei.hicard
06-12 22:47:34.765   704  3598 I AwareLog: HiberManagerService::do_reclaim ok, pid=25633, reclaimAll = 1
06-12 22:47:34.765   704  3598 I AwareLog: HiberManagerService::getReclaimResult:reclaim_kb=5352, swap_kb=4884, swap_us=73421
06-12 22:47:34.765   704  3598 I AwareLog: HibStrategy::HibStrategySwapCandidateProcessRemove packagename is com.huawei.hicard
06-12 22:47:34.765   704  3598 I AwareLog: HiberManagerService::sendMessagetoHiberTask successful
06-12 22:47:34.832  2564  3746 I HwNaturalBase: [ServiceGuarder]: 48931Kb ram is used.
06-12 22:47:34.931   596   596 E WifiHAL : enter wifi_get_link_stats
06-12 22:47:35.190  2551  2860 D HwWifiStatStore: handleMessage : 200
06-12 22:47:35.719  1306  2213 I chatty  : uid=1000(system) WifiStateMachin expire 13 lines
06-12 22:47:35.730  1306 11892 I chatty  : uid=1000 system_server expire 1 line
06-12 22:47:35.922  1306  2464 W Watchdog: hungtask: writing kick
06-12 22:47:35.983   551   616 D         : Received kernel message payload: chr_event 9
06-12 22:47:35.983   551   616 I         : netd received web stat infomation,trigger chr report!
06-12 22:47:35.983   551   616 I         : netd received web stat infomation,trigger chr report!
06-12 22:47:35.983   551   616 I         : ReportType 0 0 0 0 0 0 0 0 0 0 0 0 0 0 0 0 0 0 0 0 0 0 0 0 0 0 0 0 0 0 0 0 0 0 0 0 0 0 0 0 0 0 0 0 0 0 0 0 0 0 0 0 0 0 0 0 0 0 0 0 0 0 0 0 0 0 0 0 0 0 0 0 0 0 0 0 0 0 0 0 0 0 0 0 0 0 0 0 0 0 0 0 0 0 0 0 0 0 0 0 0 0 0 0 0 0 0 0 0 0 0 0 0 0 0 0 0 0 0 0 0 0 0 0 0 0 0 0 0 0 0 0 0 0 0 0 0 0 0 0 0 0 0 0 0 0 0 0 0 0 0 0 0 0 0 0 0 0 0 0 0 0 0 0 0 0 0 0 0 0 0 0 0 0 0 0 0 0 0 0 0 0 0 0 0 0 0 0 0 0 0 0 0 0 0 0 0 0 0 0 0 0 0 0 0 0 0 0 0 0 0 0 0 0 0 0 0 0 0 0 0 0 0 0 0 0 0 0 0 ReportType 0 0 0 0 0 0 0 0 0 0 0 0 0 0 0 0 0 0 0 0 0 0 0 0 0 0 0 0 0 0 0 0 0 0 0 0 0 0 0 0 0 0 0 0 0 0 0 0 0 0 0 0 0 0 0 0 0 0 0 0 0 0 0 0 0 0 0 0 0 0 0 0 0 0 0 0 0 0 0 0 0 0 0 0 0 0 0 0 0 0 0 0 0 0 0 0 0 0 0 0 0 0 0 0 0 0 0 0 0 0 0 0 0 0 0 0 0 0 0 0 0 0 0 0 0 0 0 0 0 0 0 0 0 0 0 0 0 0 0 0 0 0 0 0 0 0 0 0 0 0 0 0 0 0 0 0 0 0 0 0 0 0 0 0 0 0 0 0 0 0 0 0 0 0 0 0 0 0 0 0 0 0 0 0 0 0 0 0 0 0 0 0 0 0 0 0 0 0 0 0 0 0 0 0 0 0 0 0 0 0 0 0 0 0 0 0 0 0 0 0 0 0 0 0 0 0 0 0 0
06-12 22:47:35.984   551   616 W SocketListener: sending broadcast to Pid = 1306, Uid = 1000 
06-12 22:47:35.988  1306  2206 D NetdConnector: RCV <- {661 ReportType 0 0 0 0 0 0 0 0 0 0 0 0 0 0 0 0 0 0 0 0 0 0 0 0 0 0 0 0 0 0 0 0 0 0 0 0 0 0 0 0 0 0 0 0 0 0 0 0 0 0 0 0 0 0 0 0 0 0 0 0 0 0 0 0 0 0 0 0 0 0 0 0 0 0 0 0 0 0 0 0 0 0 0 0 0 0 0 0 0 0 0 0 0 0 0 0 0 0 0 0 0 0 0 0 0 0 0 0 0 0 0 0 0 0 0 0 0 0 0 0 0 0 0 0 0 0 0 0 0 0 0 0 0 0 0 0 0 0 0 0 0 0 0 0 0 0 0 0 0 0 0 0 0 0 0 0 0 0 0 0 0 0 0 0 0 0 0 0 0 0 0 0 0 0 0 0 0 0 0 0 0 0 0 0 0 0 0 0 0 0 0 0 0 0 0 0 0 0 0 0 0 0 0 0 0 0 0 0 0 0 0 0 0 0 0 0 0 0 0 0 0 0 0 0 0 0 0 0 0 ReportType 0 0 0 0 0 0 0 0 0 0 0 0 0 0 0 0 0 0 0 0 0 0 0 0 0 0 0 0 0 0 0 0 0 0 0 0 0 0 0 0 0 0 0 0 0 0 0 0 0 0 0 0 0 0 0 0 0 0 0 0 0 0 0 0 0 0 0 0 0 0 0 0 0 0 0 0 0 0 0 0 0 0 0 0 0 0 0 0 0 0 0 0 0 0 0 0 0 0 0 0 0 0 0 0 0 0 0 0 0 0 0 0 0 0 0 0 0 0 0 0 0 0 0 0 0 0 0 0 0 0 0 0 0 0 0 0 0 0 0 0 0 0 0 0 0 0 0 0 0 0 0 0 0 0 0 0 0 0 0 0 0 0 0 0 0 0 0 0 0 0 0 0 0 0 0 0 0 0 0 0 0 0 0 0 0 0 0 0 0 0 0 0 0 0 0 0 0 0 0 0 0 0 0 0 0 0 0 0 0 0 0 0 0 0 0 0 0 0 0 0 0 0 0 0 0 0 0 0 0}
06-12 22:47:35.993  1306  2206 D NetdConnector: RCV <- {661 ReportType 0 0 0 0 0 0 0 0 0 0 0 0 0 0 0 0 0 0 0 0 0 0 0 0 0 0 0 0 0 0 0 0 0 0 0 0 0 0 0 0 0 0 0 0 0 0 0 0 0 0 0 0 0 0 0 0 0 0 0 0 0 0 0 0 0 0 0 0 0 0 0 0 0 0 0 0 0 0 0 0 0 0 0 0 0 0 0 0 0 0 0 0 0 0 0 0 0 0 0 0 0 0 0 0 0 0 0 0 0 0 0 0 0 0 0 0 0 0 0 0 0 0 0 0 0 0 0 0 0 0 0 0 0 0 0 0 0 0 0 0 0 0 0 0 0 0 0 0 0 0 0 0 0 0 0 0 0 0 0 0 0 0 0 0 0 0 0 0 0 0 0 0 0 0 0 0 0 0 0 0 0 0 0 0 0 0 0 0 0 0 0 0 0 0 0 0 0 0 0 0 0 0 0 0 0 0 0 0 0 0 0 0 0 0 0 0 0 0 0 0 0 0 0 0 0 0 0 0 0 ReportType 0 0 0 0 0 0 0 0 0 0 0 0 0 0 0 0 0 0 0 0 0 0 0 0 0 0 0 0 0 0 0 0 0 0 0 0 0 0 0 0 0 0 0 0 0 0 0 0 0 0 0 0 0 0 0 0 0 0 0 0 0 0 0 0 0 0 0 0 0 0 0 0 0 0 0 0 0 0 0 0 0 0 0 0 0 0 0 0 0 0 0 0 0 0 0 0 0 0 0 0 0 0 0 0 0 0 0 0 0 0 0 0 0 0 0 0 0 0 0 0 0 0 0 0 0 0 0 0 0 0 0 0 0 0 0 0 0 0 0 0 0 0 0 0 0 0 0 0 0 0 0 0 0 0 0 0 0 0 0 0 0 0 0 0 0 0 0 0 0 0 0 0 0 0 0 0 0 0 0 0 0 0 0 0 0 0 0 0 0 0 0 0 0 0 0 0 0 0 0 0 0 0 0 0 0 0 0 0 0 0 0 0 0 0 0 0 0 0 0 0 0 0 0 0 0 0 0 0 0}
06-12 22:47:35.996  1306  1337 D NetdConnector: RCV unsolicited event from native daemon, event = 661
06-12 22:47:36.009  1306  1337 D HwNetworkManagementService: onEvent receive Web Stat Report:661 ReportType 0 0 0 0 0 0 0 0 0 0 0 0 0 0 0 0 0 0 0 0 0 0 0 0 0 0 0 0 0 0 0 0 0 0 0 0 0 0 0 0 0 0 0 0 0 0 0 0 0 0 0 0 0 0 0 0 0 0 0 0 0 0 0 0 0 0 0 0 0 0 0 0 0 0 0 0 0 0 0 0 0 0 0 0 0 0 0 0 0 0 0 0 0 0 0 0 0 0 0 0 0 0 0 0 0 0 0 0 0 0 0 0 0 0 0 0 0 0 0 0 0 0 0 0 0 0 0 0 0 0 0 0 0 0 0 0 0 0 0 0 0 0 0 0 0 0 0 0 0 0 0 0 0 0 0 0 0 0 0 0 0 0 0 0 0 0 0 0 0 0 0 0 0 0 0 0 0 0 0 0 0 0 0 0 0 0 0 0 0 0 0 0 0 0 0 0 0 0 0 0 0 0 0 0 0 0 0 0 0 0 0 0 0 0 0 0 0 0 0 0 0 0 0 0 0 0 0 0 0 ReportType 0 0 0 0 0 0 0 0 0 0 0 0 0 0 0 0 0 0 0 0 0 0 0 0 0 0 0 0 0 0 0 0 0 0 0 0 0 0 0 0 0 0 0 0 0 0 0 0 0 0 0 0 0 0 0 0 0 0 0 0 0 0 0 0 0 0 0 0 0 0 0 0 0 0 0 0 0 0 0 0 0 0 0 0 0 0 0 0 0 0 0 0 0 0 0 0 0 0 0 0 0 0 0 0 0 0 0 0 0 0 0 0 0 0 0 0 0 0 0 0 0 0 0 0 0 0 0 0 0 0 0 0 0 0 0 0 0 0 0 0 0 0 0 0 0 0 0 0 0 0 0 0 0 0 0 0 0 0 0 0 0 0 0 0 0 0 0 0 0 0 0 0 0 0 0 0 0 0 0 0 0 0 0 0 0 0 0 0 0 0 0 0 0 0 0 0 0 0 0 0 0 0 0 0 0 0 0 0 0 0 0 0 0 0 0 0 0 0 0 0 0 0 0 0 0 0 0 0 0
06-12 22:47:36.139  1306  1454 D HwBatteryService: onUEvent fcpStatus = 0,scpStatus =0,ovpStatus=0
06-12 22:47:36.140  1306  1454 I HwBatteryService: quick charge status : 0
06-12 22:47:36.141  1306  1454 I HwBatteryService: handleWirelessTxStatus
06-12 22:47:36.141  1306  1454 I HwBatteryService: switch not open, return, mWirelessTxFlag : 0
06-12 22:47:36.143  1306  1454 I UsbDeviceManager: water_intrused state= 0
06-12 22:47:36.153   594   594 I Legacy PowerHAL: get_number_of_platform_modes
06-12 22:47:36.153   594   594 I Legacy PowerHAL: get_voter_list!
06-12 22:47:36.153   594   594 I Legacy PowerHAL: get_platform_low_power_stats update list
06-12 22:47:37.954   596   596 E WifiHAL : enter wifi_get_link_stats
06-12 22:47:38.200  2551  2860 D HwWifiStatStore: handleMessage : 200
06-12 22:47:39.684   704   732 I AwareLog: HibSTrategy::HibStrategySwapCandidateProcessAdd packagename com.huawei.search
06-12 22:47:39.746   704  3598 I AwareLog: HibStrategy::HibStrategySwapCandidateProcessRemove packagename is com.huawei.search
06-12 22:47:39.746   704  3598 I AwareLog: HiberManagerService::sendMessagetoHiberTask successful
06-12 22:47:39.788   704   732 I AwareLog: HibSTrategy::HibStrategySwapCandidateProcessAdd packagename com.huawei.vassistant
06-12 22:47:39.861   704  3598 I AwareLog: HibStrategy::HibStrategySwapCandidateProcessRemove packagename is com.huawei.vassistant
06-12 22:47:39.861   704  3598 I AwareLog: HiberManagerService::sendMessagetoHiberTask successful
06-12 22:47:39.888   704   732 I AwareLog: HibSTrategy::HibStrategySwapCandidateProcessAdd packagename com.huawei.vassistant
06-12 22:47:39.890   704  3598 I AwareLog: HibStrategy::HibStrategySwapCandidateProcessRemove packagename is com.huawei.vassistant
06-12 22:47:39.891   704  3598 I AwareLog: HiberManagerService::sendMessagetoHiberTask successful
06-12 22:47:40.979   596   596 E WifiHAL : enter wifi_get_link_stats
06-12 22:47:41.211  2551  2860 D HwWifiStatStore: handleMessage : 200
06-12 22:47:43.153   551   610 W SocketListener: sending broadcast to Pid = 1306, Uid = 1000 
06-12 22:47:43.157  1306  2206 D NetdConnector: RCV <- {613 IfaceClass idle 1 1592629459195624}
06-12 22:47:43.159  1306  2206 D NetdConnector: RCV <- {613 IfaceClass idle 1 1592629459195624}
06-12 22:47:43.161  1306  1337 D NetdConnector: RCV unsolicited event from native daemon, event = 613
06-12 22:47:43.744  1306 11893 I chatty  : uid=1000 system_server expire 1 line
06-12 22:47:44.002   596   596 E WifiHAL : enter wifi_get_link_stats
06-12 22:47:44.220  2551  2860 D HwWifiStatStore: handleMessage : 200
06-12 22:47:44.833  1306 11879 I chatty  : uid=1000(system) are.mem.default expire 12 lines
06-12 22:47:45.448  7031  7104 D WorkerThreadMonitor: Kill MSF check result[ senderSize:0,sendInterval:101065,receiveInterval=10768,addCmdCount=82
06-12 22:47:45.820   698   698 E Thermal-daemon: [ap] temp_new :35  temp_old :34
06-12 22:47:45.821   698   698 E Thermal-daemon: Report temperature: [ap] temp :35  report_threshold:1
06-12 22:47:46.324  6976  7344 I SmartThreadExecutor: handleMessage: start check 0
06-12 22:47:46.324  6976  7344 I SmartThreadExecutor: handleMessage: check end 0 -16 false
06-12 22:47:47.027   596   596 E WifiHAL : enter wifi_get_link_stats
06-12 22:47:47.231  2551  2860 D HwWifiStatStore: handleMessage : 200
06-12 22:47:48.013   551   610 W SocketListener: sending broadcast to Pid = 1306, Uid = 1000 
06-12 22:47:48.017  1306  2206 D NetdConnector: RCV <- {613 IfaceClass active 1 1592634319647186 0}
06-12 22:47:48.019  1306  2206 D NetdConnector: RCV <- {613 IfaceClass active 1 1592634319647186 0}
06-12 22:47:48.021  1306  1337 D NetdConnector: RCV unsolicited event from native daemon, event = 613
06-12 22:47:48.345  7031  7041 W System  : A resource failed to call end. 
06-12 22:47:50.054   596   596 E WifiHAL : enter wifi_get_link_stats
06-12 22:47:50.241  2551  2860 D HwWifiStatStore: handleMessage : 200
06-12 22:47:50.825   698   698 E Thermal-daemon: [ap] temp_new :34  temp_old :35
06-12 22:47:50.827   698   698 E Thermal-daemon: Report temperature: [ap] temp :34  report_threshold:1
06-12 22:47:51.393   697   781 I storaged: storaged_t::event: storage_info refreshed.
06-12 22:47:51.749  1306  2212 I chatty  : uid=1000(system) WifiService expire 22 lines
06-12 22:47:51.750  1306 11894 I chatty  : uid=1000 system_server expire 1 line
06-12 22:47:53.079   596   596 E WifiHAL : enter wifi_get_link_stats
06-12 22:47:53.099  1306  2213 I chatty  : uid=1000(system) WifiStateMachin expire 12 lines
06-12 22:47:53.250  2551  2860 D HwWifiStatStore: handleMessage : 200
06-12 22:47:54.581   704   732 I AwareLog: HibSTrategy::HibStrategySwapCandidateProcessAdd packagename com.huawei.intelligent
06-12 22:47:54.957   704  3598 I AwareLog: HiberManagerService::do_reclaim ok, pid=11675, reclaimAll = 1
06-12 22:47:54.957   704  3598 I AwareLog: HiberManagerService::getReclaimResult:reclaim_kb=56540, swap_kb=46388, swap_us=271993
06-12 22:47:54.957   704  3598 I AwareLog: HibStrategy::HibStrategySwapCandidateProcessRemove packagename is com.huawei.intelligent
06-12 22:47:54.957   704  3598 I AwareLog: HiberManagerService::sendMessagetoHiberTask successful
06-12 22:47:55.646  2340  2340 I chatty  : uid=10039(com.huawei.HwMultiScreenShot) com.android.systemui expire 38 lines
06-12 22:47:56.107   596   596 E WifiHAL : enter wifi_get_link_stats
06-12 22:47:56.257  2551  2860 D HwWifiStatStore: handleMessage : 200
06-12 22:47:56.267 11896 11896 E JankService: child Thread receive to stop
06-12 22:47:56.406  2960  3093 E JankService: all data read ok
06-12 22:47:57.463 11897 11897 W ls      : type=1400 audit(0.0:1080651): avc: denied { getattr } for path="/init.usb.configfs.rc" dev="dm-0" ino=67 scontext=u:r:shell:s0 tcontext=u:object_r:rootfs:s0 tclass=file permissive=0
06-12 22:47:57.463 11897 11897 W ls      : type=1400 audit(0.0:1080652): avc: denied { getattr } for path="/fstab.zram1024m" dev="dm-0" ino=19 scontext=u:r:shell:s0 tcontext=u:object_r:rootfs:s0 tclass=file permissive=0
06-12 22:47:57.463 11897 11897 W ls      : type=1400 audit(0.0:1080653): avc: denied { getattr } for path="/init.rc" dev="dm-0" ino=66 scontext=u:r:shell:s0 tcontext=u:object_r:rootfs:s0 tclass=file permissive=0
06-12 22:47:57.463 11897 11897 W ls      : type=1400 audit(0.0:1080654): avc: denied { getattr } for path="/init" dev="dm-0" ino=82 scontext=u:r:shell:s0 tcontext=u:object_r:init_exec:s0 tclass=file permissive=0
06-12 22:47:57.463 11897 11897 W ls      : type=1400 audit(0.0:1080655): avc: denied { getattr } for path="/fstab.zram768m" dev="dm-0" ino=68 scontext=u:r:shell:s0 tcontext=u:object_r:rootfs:s0 tclass=file permissive=0
06-12 22:47:57.463 11897 11897 W ls      : type=1400 audit(0.0:1080656): avc: denied { getattr } for path="/init.usb.rc" dev="dm-0" ino=81 scontext=u:r:shell:s0 tcontext=u:object_r:rootfs:s0 tclass=file permissive=0
06-12 22:47:57.463 11897 11897 W ls      : type=1400 audit(0.0:1080657): avc: denied { getattr } for path="/init.zygote32.rc" dev="dm-0" ino=77 scontext=u:r:shell:s0 tcontext=u:object_r:rootfs:s0 tclass=file permissive=0
06-12 22:47:57.463 11897 11897 W ls      : type=1400 audit(0.0:1080658): avc: denied { getattr } for path="/modem_log" dev="mmcblk0p11" ino=2 scontext=u:r:shell:s0 tcontext=u:object_r:modem_log_file:s0 tclass=dir permissive=0
06-12 22:47:57.463 11897 11897 W ls      : type=1400 audit(0.0:1080659): avc: denied { getattr } for path="/init.environ.rc" dev="dm-0" ino=76 scontext=u:r:shell:s0 tcontext=u:object_r:rootfs:s0 tclass=file permissive=0
06-12 22:47:57.463 11897 11897 W ls      : type=1400 audit(0.0:1080660): avc: denied { getattr } for path="/fstab.zram256m" dev="dm-0" ino=74 scontext=u:r:shell:s0 tcontext=u:object_r:rootfs:s0 tclass=file permissive=0
06-12 22:47:57.463 11897 11897 W ls      : type=1400 audit(0.0:1080661): avc: denied { getattr } for path="/init.zygote64_32.rc" dev="dm-0" ino=26 scontext=u:r:shell:s0 tcontext=u:object_r:rootfs:s0 tclass=file permissive=0
06-12 22:47:57.463 11897 11897 W ls      : type=1400 audit(0.0:1080662): avc: denied { getattr } for path="/fstab.zram2240m" dev="dm-0" ino=70 scontext=u:r:shell:s0 tcontext=u:object_r:rootfs:s0 tclass=file permissive=0
06-12 22:47:57.463 11897 11897 W ls      : type=1400 audit(0.0:1080663): avc: denied { getattr } for path="/sec_storage" dev="mmcblk0p10" ino=2 scontext=u:r:shell:s0 tcontext=u:object_r:teecd_data_file:s0 tclass=dir permissive=0
06-12 22:47:57.463 11897 11897 W ls      : type=1400 audit(0.0:1080664): avc: denied { getattr } for path="/fstab.zram4096m" dev="dm-0" ino=18 scontext=u:r:shell:s0 tcontext=u:object_r:rootfs:s0 tclass=file permissive=0
06-12 22:47:57.463 11897 11897 W ls      : type=1400 audit(0.0:1080665): avc: denied { getattr } for path="/fstab.zram1536m" dev="dm-0" ino=12 scontext=u:r:shell:s0 tcontext=u:object_r:rootfs:s0 tclass=file permissive=0
06-12 22:47:57.463 11897 11897 W ls      : type=1400 audit(0.0:1080666): avc: denied { getattr } for path="/resetFactory.cfg" dev="dm-0" ino=90 scontext=u:r:shell:s0 tcontext=u:object_r:rootfs:s0 tclass=file permissive=0
06-12 22:47:57.463 11897 11897 W ls      : type=1400 audit(0.0:1080667): avc: denied { getattr } for path="/fstab.zram1280m" dev="dm-0" ino=59 scontext=u:r:shell:s0 tcontext=u:object_r:rootfs:s0 tclass=file permissive=0
06-12 22:47:57.463 11897 11897 W ls      : type=1400 audit(0.0:1080668): avc: denied { getattr } for path="/fstab.zram512m" dev="dm-0" ino=60 scontext=u:r:shell:s0 tcontext=u:object_r:rootfs:s0 tclass=file permissive=0
06-12 22:47:57.463 11897 11897 W ls      : type=1400 audit(0.0:1080669): avc: denied { getattr } for path="/ueventd.rc" dev="dm-0" ino=72 scontext=u:r:shell:s0 tcontext=u:object_r:rootfs:s0 tclass=file permissive=0
06-12 22:47:57.463 11897 11897 W ls      : type=1400 audit(0.0:1080670): avc: denied { getattr } for path="/verity_key" dev="dm-0" ino=71 scontext=u:r:shell:s0 tcontext=u:object_r:rootfs:s0 tclass=file permissive=0
06-12 22:47:57.946  2960 26515 I subscribe: onTransact: received NATIVE_HIVIEW_UPLOADREADY, content = [uploadReadyParam=1560350887934;10000;2]
06-12 22:47:57.946  2960 26515 I subscribe: handle_client_upload_ready, into
06-12 22:47:57.946  2960 26515 E subscribe: deadline_time is 1560350887934
06-12 22:47:57.947  2960 26515 E subscribe: wait_time_len is 10000
06-12 22:47:57.947  2960 26515 E subscribe: special_tag is 2
06-12 22:47:57.948  2960 26515 I iMonitor: create: 902500004
06-12 22:47:57.951  2960 26515 I iMonitor: send: 902500004
06-12 22:47:57.952  2960 26515 I iMonitor: create: 902500004
06-12 22:47:57.952  2960 26515 I chatty  : uid=0(root) Binder:2960_9 identical 464 lines
06-12 22:47:57.952  2960 26515 I iMonitor: create: 902500004
06-12 22:47:57.954  2960 26515 I iMonitor: send: 902500004
06-12 22:47:57.954  2960 26515 I iMonitor: create: 902500004
06-12 22:47:57.954  2960 26515 I iMonitor: create: 902500004
06-12 22:47:57.955  2960 26515 I iMonitor: send: 902500004
06-12 22:47:57.956  2960 26515 I iMonitor: create: 902500004
06-12 22:47:57.956  2960 26515 I iMonitor: create: 902500004
06-12 22:47:57.957  2960 26515 I iMonitor: send: 902500004
06-12 22:47:57.957  2960 26515 I iMonitor: create: 902500004
06-12 22:47:57.957  2960 26515 I iMonitor: create: 902500004
06-12 22:47:57.959  2960 26515 I iMonitor: send: 902500004
06-12 22:47:57.959  2960 26515 I iMonitor: create: 902500004
06-12 22:47:57.959  2960 26515 I iMonitor: create: 902500004
06-12 22:47:57.960  2960 26515 I iMonitor: send: 902500004
06-12 22:47:57.960  2960 26515 I iMonitor: create: 902500004
06-12 22:47:57.960  2960 26515 I iMonitor: create: 902500004
06-12 22:47:57.961  2960 26515 I iMonitor: send: 902500004
06-12 22:47:57.961  2960 26515 I iMonitor: create: 902500004
06-12 22:47:57.961  2960 26515 I iMonitor: create: 902500004
06-12 22:47:57.962  2960 26515 I iMonitor: send: 902500004
06-12 22:47:57.963  2960 26515 I iMonitor: create: 902500004
06-12 22:47:57.965  2960 26515 I iMonitor: create: 902500004
06-12 22:47:57.966  2960 26515 I iMonitor: send: 902500004
06-12 22:47:57.968  2960 26515 I iMonitor: create: 902500004
06-12 22:47:57.970  2960 26515 I iMonitor: send: 902500004
06-12 22:47:57.972  2960 26515 I iMonitor: create: 902500004
06-12 22:47:57.975  2960 26515 I iMonitor: send: 902500004
06-12 22:47:57.977  2960 26515 I iMonitor: create: 902500004
06-12 22:47:57.979  2960 26515 I iMonitor: send: 902500004
06-12 22:47:57.981  2960 26515 I iMonitor: create: 902500004
06-12 22:47:57.982  2960 26515 I iMonitor: send: 902500004
06-12 22:47:57.984  2960 26515 I iMonitor: create: 902500001
06-12 22:47:57.986  2960 26515 I iMonitor: send: 902500001
06-12 22:47:57.988  2960 26515 I iMonitor: create: 902500001
06-12 22:47:57.989  2960 26515 I iMonitor: send: 902500001
06-12 22:47:57.990  2960 26515 I iMonitor: create: 902500004
06-12 22:47:57.990  2960 26515 I iMonitor: create: 902500004
06-12 22:47:57.991  2960 26515 I iMonitor: send: 902500004
06-12 22:47:57.991  2960 26515 I iMonitor: create: 902500004
06-12 22:47:57.993  2960 26515 I iMonitor: create: 902500004
06-12 22:47:57.995  2960 26515 I iMonitor: send: 902500004
06-12 22:47:57.997  2960 26515 I iMonitor: create: 902500004
06-12 22:47:57.999  2960 26515 I iMonitor: send: 902500004
06-12 22:47:58.001  2960 26515 I iMonitor: create: 902500004
06-12 22:47:58.002  2960 26515 I iMonitor: send: 902500004
06-12 22:47:58.005  2960 26515 I iMonitor: create: 902500004
06-12 22:47:58.006  2960 26515 I iMonitor: send: 902500004
06-12 22:47:58.012  2960 26515 I iMonitor: create: 902500004
06-12 22:47:58.014  2960 26515 I iMonitor: send: 902500004
06-12 22:47:58.016  2960 26515 I iMonitor: create: 902500003
06-12 22:47:58.018  2960 26515 I iMonitor: send: 902500003
06-12 22:47:58.020  2960 26515 I iMonitor: create: 902500003
06-12 22:47:58.021  2960 26515 I iMonitor: send: 902500003
06-12 22:47:58.022  2960 26515 I iMonitor: create: 902500004
06-12 22:47:58.022  2960 26515 I iMonitor: create: 902500004
06-12 22:47:58.023  2960 26515 I iMonitor: send: 902500004
06-12 22:47:58.023  2960 26515 I iMonitor: create: 902500004
06-12 22:47:58.024  2960 26515 I iMonitor: send: 902500004
06-12 22:47:58.024  2960 26515 I iMonitor: create: 902500004
06-12 22:47:58.024  2960 26515 I iMonitor: create: 902500004
06-12 22:47:58.025  2960 26515 I iMonitor: send: 902500004
06-12 22:47:58.025  2960 26515 I iMonitor: create: 902500004
06-12 22:47:58.031  2960 26515 I iMonitor: create: 902500004
06-12 22:47:58.031  2960  3661 I         : DPTEST  EventId is not need Hash
06-12 22:47:58.031  2960 26515 I iMonitor: create: 902500004
06-12 22:47:58.034  2960 26515 I iMonitor: create: 902500004
06-12 22:47:58.035  2960 26515 I iMonitor: send: 902500004
06-12 22:47:58.035  2960 26515 I iMonitor: create: 902500004
06-12 22:47:58.036  2960  3661 I         : DPTEST  EventId is not need Hash
06-12 22:47:58.037  2960 26515 I iMonitor: send: 902500004
06-12 22:47:58.037  2960 26515 I iMonitor: create: 902500004
06-12 22:47:58.038  2960 26515 I iMonitor: create: 902500004
06-12 22:47:58.043  2960  3661 I         : DPTEST  EventId is not need Hash
06-12 22:47:58.048  2960  3661 I         : DPTEST  EventId is not need Hash
06-12 22:47:58.050  2960 26515 I iMonitor: create: 902500004
06-12 22:47:58.052  2960 26515 I iMonitor: send: 902500004
06-12 22:47:58.052  2960 26515 I iMonitor: create: 902500004
06-12 22:47:58.052  2960 26515 I iMonitor: create: 902500004
06-12 22:47:58.053  2960 26515 I iMonitor: send: 902500004
06-12 22:47:58.053  2960 26515 I iMonitor: create: 902500004
06-12 22:47:58.054  2960  3661 I         : DPTEST  EventId is not need Hash
06-12 22:47:58.054  2960 26515 I iMonitor: send: 902500004
06-12 22:47:58.055  2960 26515 I iMonitor: create: 902500004
06-12 22:47:58.056  2960 26515 I iMonitor: send: 902500004
06-12 22:47:58.056  2960 26515 I iMonitor: create: 902500004
06-12 22:47:58.057  2960 26515 I iMonitor: send: 902500004
06-12 22:47:58.057  2960 26515 I iMonitor: create: 902500004
06-12 22:47:58.058  2960 26515 I iMonitor: send: 902500004
06-12 22:47:58.058  2960 26515 I iMonitor: create: 902500004
06-12 22:47:58.059  2960 26515 I iMonitor: send: 902500004
06-12 22:47:58.060  2960 26515 I iMonitor: create: 902500004
06-12 22:47:58.060  2960 26515 I iMonitor: send: 902500004
06-12 22:47:58.060  2960 26515 I iMonitor: create: 902500004
06-12 22:47:58.061  2960 26515 I iMonitor: send: 902500004
06-12 22:47:58.061  2960 26515 I iMonitor: create: 902500004
06-12 22:47:58.062  2960 26515 I iMonitor: send: 902500004
06-12 22:47:58.062  2960 26515 I iMonitor: create: 902500004
06-12 22:47:58.063  2960 26515 I iMonitor: send: 902500004
06-12 22:47:58.063  2960 26515 I iMonitor: create: 902500004
06-12 22:47:58.064  2960 26515 I iMonitor: create: 902500004
06-12 22:47:58.064  2960 26515 I iMonitor: send: 902500004
06-12 22:47:58.064  2960 26515 I iMonitor: create: 902500004
06-12 22:47:58.065  2960 26515 I iMonitor: send: 902500004
06-12 22:47:58.065  2960 26515 I iMonitor: create: 902500004
06-12 22:47:58.066  2960 26515 I iMonitor: send: 902500004
06-12 22:47:58.066  2960 26515 I iMonitor: create: 902500004
06-12 22:47:58.068  2960 26515 I iMonitor: send: 902500004
06-12 22:47:58.068  2960 26515 I iMonitor: create: 902500004
06-12 22:47:58.069  2960 26515 I iMonitor: send: 902500004
06-12 22:47:58.069  2960 26515 I iMonitor: create: 902500004
06-12 22:47:58.070  2960 26515 I iMonitor: send: 902500004
06-12 22:47:58.070  2960 26515 I iMonitor: create: 902500004
06-12 22:47:58.070  2960 26515 I iMonitor: create: 902500004
06-12 22:47:58.070  2960 26515 E JankService: JankFrequencyMonitor action return :0
06-12 22:47:58.070  2960 26515 I iMonitor: create: 902500008
06-12 22:47:58.071  2960 26515 I iMonitor: send: 902500008
06-12 22:47:58.073  2960 26515 I iMonitor: create: 902500004
06-12 22:47:58.073  2960 26515 I iMonitor: create: 902500004
06-12 22:47:58.076  2960 26515 E         : get_cfg_dir_list_type: cust_policy_dirs:/system/emui/base:/system/emui/china:/system/emui/china_honor:/vendor/etc:/odm/etc:/product/etc:/odm/hw_odm/STF-AL00:/product/region_comm/china:/product/hw_oem/STF-AL00:/preload/STF-AL00/all/cn:/cust/global:/cust/hw/cn:/version/cust/all/cn:/version/special_cust/STF-AL00/all/cn 
06-12 22:47:58.077  2960 26515 E         : get_cfg_dir_list_type: cust_policy_dirs:/system/emui/base:/system/emui/china:/system/emui/china_honor:/vendor/etc:/odm/etc:/product/etc:/odm/hw_odm/STF-AL00:/product/region_comm/china:/product/hw_oem/STF-AL00:/preload/STF-AL00/all/cn:/cust/global:/cust/hw/cn:/version/cust/all/cn:/version/special_cust/STF-AL00/all/cn 
06-12 22:47:58.078  2960  3661 I         : DPTEST  EventId is not need Hash
06-12 22:47:58.308  2960  3661 I chatty  : uid=0(root) E_L identical 39 lines
06-12 22:47:58.311  2960  3661 I         : DPTEST  EventId is not need Hash
06-12 22:47:58.968  2551 32676 D NcDft_ServiceImpl: notifyNcDftEvent domain is : 1 ;eventID is: 1121 ;bundle is Bundle[mParcelledData.dataSize=84]
06-12 22:47:58.968  2551  2796 D HwWifiCHRStateManager: handleMessage : 1121
06-12 22:47:58.968  2551  2796 E HwCHRWifiRSSIGroupSummery: updatArpSummery mRSSI:-1  HwCHRWifiRSSIGroup [rssi_index=4, rtt_tcp_packets=0, rtt_tcp_duration=0, rtt_lan_duration=77432, rtt_lan_failures=123, rtt_lan_succ=2171, rtt_lan_max=940, rtt_lan_min=1,same_area_frequency=0,adjacent_area_frequency=0]
06-12 22:47:59.014  2583  3458 I chatty  : uid=1000(system) actions handler expire 10 lines
06-12 22:47:59.134   596   596 E WifiHAL : enter wifi_get_link_stats
06-12 22:47:59.268  2551  2860 D HwWifiStatStore: handleMessage : 200
06-12 22:47:59.753  1306  2289 I chatty  : uid=1000(system) HuaweiWifiWatch expire 6 lines
06-12 22:47:59.753  1306 11903 I chatty  : uid=1000 system_server expire 1 line
06-12 22:48:00.004  1306  1306 V AlarmManager: Received TIME_TICK alarm; rescheduling
06-12 22:48:00.008  1306  1306 I HwAlarmManagerService: hwSetAlarm listenerTag: time_tick
06-12 22:48:00.065  2340  2503 I chatty  : uid=10039(com.huawei.HwMultiScreenShot) KG_Background_H expire 3 lines
06-12 22:48:00.070  2612  2612 I HwLauncher: Model  onReceive intent=Intent { act=android.intent.action.TIME_TICK flg=0x50200014 hwFlg=0x900 (has extras) }
06-12 22:48:00.070  2612  2612 I HwLauncher: Model  onReceive user=UserHandle{0}
06-12 22:48:00.112  1306  4734 V BroadcastQueue: Finished with ordered broadcast BroadcastRecord{8f7da90 u-1 android.intent.action.TIME_TICK}
06-12 22:48:00.832   698   698 E Thermal-daemon: [flash_led] temp_new :35  temp_old :34
06-12 22:48:00.836   698   698 E Thermal-daemon: Report temperature: [flash_led] temp :35  report_threshold:1
06-12 22:48:02.159   596   596 E WifiHAL : enter wifi_get_link_stats
06-12 22:48:02.272  4935  5006 I AppLogManager: PrintWoker poll timeout , shutdown
06-12 22:48:02.278  2551  2860 D HwWifiStatStore: handleMessage : 200
06-12 22:48:02.817  1306  2212 I chatty  : uid=1000(system) WifiService expire 24 lines
06-12 22:48:03.119   551   610 W SocketListener: sending broadcast to Pid = 1306, Uid = 1000 
06-12 22:48:03.121  1306  2206 D NetdConnector: RCV <- {613 IfaceClass idle 1 1592649426670621}
06-12 22:48:03.124  1306  2206 D NetdConnector: RCV <- {613 IfaceClass idle 1 1592649426670621}
06-12 22:48:03.127  1306  1337 D NetdConnector: RCV unsolicited event from native daemon, event = 613
06-12 22:48:03.755  2528  3608 I chatty  : uid=1000(system) DaemonClientRec expire 4 lines
06-12 22:48:03.819  2528  4340 I chatty  : uid=1000(system) SmartcareThread expire 6 lines
06-12 22:48:03.840  2960  3661 I         : DPTEST  EventId is not need Hash
06-12 22:48:04.656  2340  2466 I chatty  : uid=10039(com.huawei.HwMultiScreenShot) SystemUI_subThr expire 3 lines
06-12 22:48:05.184   596   596 E WifiHAL : enter wifi_get_link_stats
06-12 22:48:05.289  2551  2860 D HwWifiStatStore: handleMessage : 200
06-12 22:48:05.840   698   698 E Thermal-daemon: [flash_led] temp_new :34  temp_old :35
06-12 22:48:05.843   698   698 E Thermal-daemon: Report temperature: [flash_led] temp :34  report_threshold:1
06-12 22:48:05.846   698   698 E Thermal-daemon: [ap] temp_new :35  temp_old :34
06-12 22:48:05.848  2583 23167 I chatty  : uid=1000(system) Binder:2583_D expire 1 line
06-12 22:48:05.848   698   698 E Thermal-daemon: Report temperature: [ap] temp :35  report_threshold:1
06-12 22:48:05.926  1306  2464 W Watchdog: hungtask: writing kick
06-12 22:48:06.852  1306  1454 D HwBatteryService: onUEvent fcpStatus = 0,scpStatus =0,ovpStatus=0
06-12 22:48:06.854  1306  1454 I HwBatteryService: quick charge status : 0
06-12 22:48:06.854  1306  1454 I HwBatteryService: handleWirelessTxStatus
06-12 22:48:06.854  1306  1454 I HwBatteryService: switch not open, return, mWirelessTxFlag : 0
06-12 22:48:06.855  1306  1454 I UsbDeviceManager: water_intrused state= 0
06-12 22:48:07.229   551   610 W SocketListener: sending broadcast to Pid = 1306, Uid = 1000 
06-12 22:48:07.232  1306  2206 D NetdConnector: RCV <- {613 IfaceClass active 1 1592653536098225 10163}
06-12 22:48:07.234  1306  2206 D NetdConnector: RCV <- {613 IfaceClass active 1 1592653536098225 10163}
06-12 22:48:07.235  1306  1337 D NetdConnector: RCV unsolicited event from native daemon, event = 613
