05-26 15:38:57.195 17133 17151 W FileLogNode: backup the log file. mLogFile.length() + line.length(): 36653 LIMIT_FILE_SIZE :10485760false
05-26 15:38:57.195 17133 17151 W FileLogNode: backup the log file
05-26 15:38:57.196 17133 17151 W FileLogNode: nc log write success
05-26 15:38:57.204 17133 17154 I PushLog90001300: [Thread-2-3424]createChannelForTargetPackage success, target pkg is com.huawei.himovie(pushagent/PushNotification.java:394)
05-26 15:38:57.205 17133 17151 W FileLogNode: backup the log file. mLogFile.length() + line.length(): 36829 LIMIT_FILE_SIZE :10485760false
05-26 15:38:57.205 17133 17151 W FileLogNode: backup the log file
05-26 15:38:57.210 17133 17151 W FileLogNode: nc log write success
05-26 15:38:57.220  1306 10424 V HwNotificationManagerService: Notification Center targetPkg:com.huawei.himovie
05-26 15:38:57.222  1306 10424 I NotificationService: enqueueNotificationInternal: pkg=com.huawei.himovie id=-1428368649 notification=Notification(channel=com.huawei.android.pushagent pri=0 contentView=null vibrate=null sound=default tick defaults=0x1 flags=0x10 color=0x00000000 vis=PRIVATE)
05-26 15:38:57.222  1306 10424 I NotificationService: NC 10059 calling 10015
05-26 15:38:57.224  1306 10424 I NotificationService: enqueueNotificationInternal Channel Info : pkg=com.huawei.himovie id=-1428368649 importance =0
05-26 15:38:57.225  1306 10424 E NotificationService: Suppressing notification from package by user request. isFromPinNotification = false, isGroupBlocked = false, RankImportance = -1000, ChannelImportance = 0
05-26 15:38:57.233 17133 17154 I PushLog90001300: [Thread-2-3424] init NC BI reporter.(pushagent/BIReporter.java:51)
05-26 15:38:57.234 17133 17151 W FileLogNode: backup the log file. mLogFile.length() + line.length(): 36971 LIMIT_FILE_SIZE :10485760false
05-26 15:38:57.234 17133 17151 W FileLogNode: backup the log file
05-26 15:38:57.234 17133 17151 W FileLogNode: nc log write success
05-26 15:38:57.234 17133 17154 I HianalyticsSDK: [2019-05-26 15:38:57.234 I/hianalytics/HianalyticsSDK 17133:3424 null:19] Builder.setCollectURL(int type,String collectURL) is execute.TYPE : 0
05-26 15:38:57.236 17133 17154 I HianalyticsSDK: [2019-05-26 15:38:57.235 I/hianalytics/HianalyticsSDK 17133:3424 null:4] Builder.setChannel(String channel) is execute.
05-26 15:38:57.237 17133 17154 I HianalyticsSDK: [2019-05-26 15:38:57.236 I/hianalytics/HianalyticsSDK 17133:3424 null:16] Builder.create() is execute.
05-26 15:38:57.239 17133 17154 I HiAnalytics/event: [2019-05-26 15:38:57.238 I/hianalytics/HiAnalytics/event 17133:3424 null:21] HiAnalyticsInstanceImpl.setOperConf() is executed.TAG: _default_config_tag
05-26 15:38:57.240 17133 17154 I HiAnalytics/event: [2019-05-26 15:38:57.239 I/hianalytics/HiAnalytics/event 17133:3424 null:21] HiAnalyticsInstanceImpl.setMaintConf() is executed.TAG : _default_config_tag
05-26 15:38:57.240 17133 17154 I HiAnalytics/event: [2019-05-26 15:38:57.240 I/hianalytics/HiAnalytics/event 17133:3424 null:21] HiAnalyticsInstanceImpl.setDiffConf() is executed.TAG : _default_config_tag
05-26 15:38:57.242 17133 17154 I HiAnalytics/event: [2019-05-26 15:38:57.241 I/hianalytics/HiAnalytics/event 17133:3424 null:21] HiAnalyticsInstanceImpl.setPreInstallConf() is executed.TAG: _default_config_tag
05-26 15:38:57.243 17133 17154 W HianalyticsSDK: [2019-05-26 15:38:57.242 W/hianalytics/HianalyticsSDK 17133:3424 null:11] SDK has been initialized,But an instance can be registered!
05-26 15:38:57.244 17133 17154 I HianalyticsSDK: [2019-05-26 15:38:57.243 I/hianalytics/HianalyticsSDK 17133:3424 null:4] HiAnalyticsDataManager.setAppid(String appid) is execute.
05-26 15:38:57.245 17133 17154 W HianalyticsSDK: [2019-05-26 15:38:57.244 W/hianalytics/HianalyticsSDK 17133:3424 null:25] checkStrParameter() Parameter verification failure! Parameter:appID
05-26 15:38:57.246 17133 17154 I HianalyticsSDK: [2019-05-26 15:38:57.245 I/hianalytics/HianalyticsSDK 17133:3424 null:4] enableLogCollection() executed.
05-26 15:38:57.247 17133 17154 W HianalyticsSDK: [2019-05-26 15:38:57.246 W/hianalytics/HianalyticsSDK 17133:3424 null:53] enableLogCollection(): config or context is null, Log disabled.
05-26 15:38:57.249 17133 17154 I hianalytics: [2019-05-26 15:38:57.248 I/hianalytics/hianalytics 17133:3424 null:2]
05-26 15:38:57.249 17133 17154 I hianalytics:  
05-26 15:38:57.249 17133 17154 I hianalytics: ============================================================================
05-26 15:38:57.249 17133 17154 I hianalytics: ====== HiAnalytics-2.1.0.300
05-26 15:38:57.249 17133 17154 I hianalytics: ============================================================================
05-26 15:38:57.250 17133 17154 I PushLog90001300: [Thread-2-3424]Report BI event, cmd =cosa, msgid = 96762, eventId = 0,notifyId= -1428368649(pushagent/BIReporter.java:109)
05-26 15:38:57.252 17133 17151 W FileLogNode: backup the log file. mLogFile.length() + line.length(): 37149 LIMIT_FILE_SIZE :10485760false
05-26 15:38:57.252 17133 17151 W FileLogNode: backup the log file
05-26 15:38:57.252 17133 17151 W FileLogNode: nc log write success
05-26 15:38:57.255 17133 17154 I HiAnalytics/event: [2019-05-26 15:38:57.254 I/hianalytics/HiAnalytics/event 17133:3424 null:13] HiAnalyticsInstance.onEvent(int type, String eventId, Map<String, String> mapValue) is execute.TAG: _default_config_tag,TYPE: 0
05-26 15:38:57.258 17133 17154 I HiAnalytics/event: [2019-05-26 15:38:57.257 I/hianalytics/HiAnalytics/event 17133:3424 null:13] HiAnalyticsInstance.onReport() is execute.TAG: _default_config_tag,TYPE: -1
05-26 15:38:57.260 17133 17154 I HiAnalytics/event: [2019-05-26 15:38:57.259 I/hianalytics/HiAnalytics/event 17133:3424 null:11] onReport: Before calling runtaskhandler()
05-26 15:38:57.261 17133 17154 I PushLog90001300: [Thread-2-3424]report success(pushagent/BIReporter.java:138)
05-26 15:38:57.263 17133 17151 W FileLogNode: backup the log file. mLogFile.length() + line.length(): 37286 LIMIT_FILE_SIZE :10485760false
05-26 15:38:57.263 17133 17151 W FileLogNode: backup the log file
05-26 15:38:57.263 17133 17151 W FileLogNode: nc log write success
05-26 15:38:57.400 17133 17150 I HiAnalytics/event: [2019-05-26 15:38:57.400 I/hianalytics/HiAnalytics/event 17133:3420 null:13] run report.TAG : _default_config_tag,TYPE: allType
05-26 15:38:57.406 17133 17150 W ActionData: [2019-05-26 15:38:57.405 W/hianalytics/ActionData 17133:3420 null:15] No data from cache sp!
05-26 15:38:57.415 17133 17150 I HianalyticsSDK: [2019-05-26 15:38:57.415 I/hianalytics/HianalyticsSDK 17133:3420 null:19] getAndroidId(): to getConfigByType()
05-26 15:38:57.419 17133 17164 I HiAnalytics/event: [2019-05-26 15:38:57.418 I/hianalytics/HiAnalytics/event 17133:3432 null:13]  begin to send event data TYPE : oper, TAG : _default_config_tag
05-26 15:38:57.425 17133 17164 I HiAnalytics/event: [2019-05-26 15:38:57.425 I/hianalytics/HiAnalytics/event 17133:3432 null:13] sendData RequestId : c544873b3d54402dbbec3b4d1a09461f
05-26 15:38:58.064 17133 17164 I HiAnalytics/event: [2019-05-26 15:38:58.063 I/hianalytics/HiAnalytics/event 17133:3432 null:13] events PostRequest sendevent resultCode: 200
05-26 15:38:58.065 17133 17164 I HiAnalytics/event: [2019-05-26 15:38:58.064 I/hianalytics/HiAnalytics/event 17133:3432 null:13] data send result: true
05-26 15:38:58.625   705   743 D bastetd : [BastetDevice   ] indSocketSyncProp# proxyId=0x0000011D
05-26 15:39:00.007  1306  1306 V AlarmManager: Received TIME_TICK alarm; rescheduling
05-26 15:39:00.009  1306  1306 I HwAlarmManagerService: hwSetAlarm listenerTag: time_tick
05-26 15:39:00.056  2340  2503 I chatty  : uid=10039(com.huawei.HwMultiScreenShot) KG_Background_H expire 12 lines
05-26 15:39:00.059  2612  2612 I HwLauncher: Model  onReceive intent=Intent { act=android.intent.action.TIME_TICK flg=0x50200014 hwFlg=0x900 (has extras) }
05-26 15:39:00.059  2612  2612 I HwLauncher: Model  onReceive user=UserHandle{0}
05-26 15:39:00.109  1306 10424 V BroadcastQueue: Finished with ordered broadcast BroadcastRecord{592206a u-1 android.intent.action.TIME_TICK}
05-26 15:39:00.909 17167 17167 E JankService: child Thread receive to stop
05-26 15:39:01.043  2960  3093 E JankService: all data read ok
05-26 15:39:01.330  1306 11430 W ProcBatteryStats: timer is not running , not stop, name: android, uid: 1000, tag: dispatcher
05-26 15:39:01.562 17133 17133 D AwareBitmapCacher: handleInit disable com.huawei.android.pushagent
05-26 15:39:03.233  1306  8220 I chatty  : uid=1000(system) MobileQosDetect expire 12 lines
05-26 15:39:06.244  2551  2860 I chatty  : uid=1000(system) HwWifiStatStore expire 10 lines
05-26 15:39:08.322   551   610 W SocketListener: sending broadcast to Pid = 1306, Uid = 1000 
05-26 15:39:08.324  1306  2206 D NetdConnector: RCV <- {613 IfaceClass idle 0 98119790901572}
05-26 15:39:08.325  1306  2206 D NetdConnector: RCV <- {613 IfaceClass idle 0 98119790901572}
05-26 15:39:08.326  1306  1337 D NetdConnector: RCV unsolicited event from native daemon, event = 613
05-26 15:39:08.344  1306  1335 W BatteryExternalStatsWorker: modem info is invalid: ModemActivityInfo{ mTimestamp=0 mSleepTimeMs=0 mIdleTimeMs=0 mTxTimeMs[]=[0, 0, 0, 0, 0] mRxTimeMs=0 mEnergyUsed=0}
05-26 15:39:08.344  1306  1335 D KernelUidCpuTimeReader: Removing uids 99133-99133
05-26 15:39:08.370  2564  3746 I HwNaturalBase: [ServiceGuarder]: 26072Kb ram is used.
05-26 15:39:08.503   551   610 W SocketListener: sending broadcast to Pid = 1306, Uid = 1000 
05-26 15:39:08.505  1306  2206 D NetdConnector: RCV <- {613 IfaceClass active 0 98120192260945 0}
05-26 15:39:08.506  1306  2206 D NetdConnector: RCV <- {613 IfaceClass active 0 98120192260945 0}
05-26 15:39:08.508  1306  1337 D NetdConnector: RCV unsolicited event from native daemon, event = 613
05-26 15:39:08.811  2340  2340 I chatty  : uid=10039(com.huawei.HwMultiScreenShot) com.android.systemui expire 66 lines
05-26 15:39:09.804  2340  2706 I chatty  : uid=10039(com.huawei.HwMultiScreenShot) SysUiBg expire 12 lines
05-26 15:39:11.049  2340  2466 I chatty  : uid=10039(com.huawei.HwMultiScreenShot) SystemUI_subThr expire 12 lines
05-26 15:39:11.905   551   616 D         : Received kernel message payload: chr_event 9
05-26 15:39:11.905   551   616 I         : netd received web stat infomation,trigger chr report!
05-26 15:39:11.905   551   616 I         : netd received web stat infomation,trigger chr report!
05-26 15:39:11.906   551   616 I         : ReportType 0 346 0 0 0 0 0 3 0 0 0 0 0 0 0 2 0 0 1 0 0 0 0 0 0 0 0 0 0 0 0 0 0 0 0 0 0 0 0 0 0 0 0 0 0 0 0 0 0 0 0 0 0 0 0 0 0 0 0 0 0 0 0 0 0 0 0 0 0 0 0 0 0 0 0 0 0 0 0 0 0 0 0 0 0 0 0 0 0 0 0 0 0 0 0 0 0 0 0 0 0 0 0 0 0 0 0 0 0 0 0 0 0 0 0 0 0 0 0 0 0 0 0 0 0 0 0 0 0 0 0 0 0 0 0 0 0 0 0 0 0 0 0 0 0 0 0 0 0 0 0 0 0 0 0 0 0 0 0 0 0 0 0 0 0 0 0 0 0 0 0 0 0 0 0 0 0 0 0 0 0 0 0 0 0 0 0 0 0 0 0 0 0 0 0 0 0 0 0 0 0 0 0 0 0 0 0 0 0 0 0 0 216 54 216 0 0 0 0 0 0 0 0 0 0 0 0 0 0 ReportType 0 0 0 0 0 0 0 0 0 0 0 0 0 0 0 0 0 0 0 0 0 0 0 0 0 0 0 0 0 0 0 0 0 0 0 0 0 0 0 0 0 0 0 0 0 0 0 0 0 0 0 0 0 0 0 0 0 0 0 0 0 0 0 0 0 0 0 0 0 0 0 0 0 0 0 0 0 0 0 0 0 0 0 0 0 0 0 0 0 0 0 0 0 0 0 0 0 0 0 0 0 0 0 0 0 0 0 0 0 0 0 0 0 0 0 0 0 0 0 0 0 0 0 0 0 0 0 0 0 0 0 0 0 0 0 0 0 0 0 0 0 0 0 0 0 0 0 0 0 0 0 0 0 0 0 0 0 0 0 0 0 0 0 0 0 0 0 0 0 0 0 0 0 0 0 0 0 0 0 0 0 0 0 0 0 0 0 0 0 0 0 0 0 0 0 0 0 0 0 0 0 0 0 0 0 0 0 0 0 0 0 0 0 0 0 0 0 0 0 0 0 0 0 0 0 0 0 0 0
05-26 15:39:11.906   551   616 W SocketListener: sending broadcast to Pid = 1306, Uid = 1000 
05-26 15:39:11.910  1306  2206 D NetdConnector: RCV <- {661 ReportType 0 346 0 0 0 0 0 3 0 0 0 0 0 0 0 2 0 0 1 0 0 0 0 0 0 0 0 0 0 0 0 0 0 0 0 0 0 0 0 0 0 0 0 0 0 0 0 0 0 0 0 0 0 0 0 0 0 0 0 0 0 0 0 0 0 0 0 0 0 0 0 0 0 0 0 0 0 0 0 0 0 0 0 0 0 0 0 0 0 0 0 0 0 0 0 0 0 0 0 0 0 0 0 0 0 0 0 0 0 0 0 0 0 0 0 0 0 0 0 0 0 0 0 0 0 0 0 0 0 0 0 0 0 0 0 0 0 0 0 0 0 0 0 0 0 0 0 0 0 0 0 0 0 0 0 0 0 0 0 0 0 0 0 0 0 0 0 0 0 0 0 0 0 0 0 0 0 0 0 0 0 0 0 0 0 0 0 0 0 0 0 0 0 0 0 0 0 0 0 0 0 0 0 0 0 0 0 0 0 0 0 0 216 54 216 0 0 0 0 0 0 0 0 0 0 0 0 0 0 ReportType 0 0 0 0 0 0 0 0 0 0 0 0 0 0 0 0 0 0 0 0 0 0 0 0 0 0 0 0 0 0 0 0 0 0 0 0 0 0 0 0 0 0 0 0 0 0 0 0 0 0 0 0 0 0 0 0 0 0 0 0 0 0 0 0 0 0 0 0 0 0 0 0 0 0 0 0 0 0 0 0 0 0 0 0 0 0 0 0 0 0 0 0 0 0 0 0 0 0 0 0 0 0 0 0 0 0 0 0 0 0 0 0 0 0 0 0 0 0 0 0 0 0 0 0 0 0 0 0 0 0 0 0 0 0 0 0 0 0 0 0 0 0 0 0 0 0 0 0 0 0 0 0 0 0 0 0 0 0 0 0 0 0 0 0 0 0 0 0 0 0 0 0 0 0 0 0 0 0 0 0 0 0 0 0 0 0 0 0 0 0 0 0 0 0 0 0 0 0 0 0 0 0 0 0 0 0 0 0 0 0 0 0 0 0 0 0 0 0 0 0 0 0 0 0 0 0 0 0 0}
05-26 15:39:11.915  1306  2206 D NetdConnector: RCV <- {661 ReportType 0 346 0 0 0 0 0 3 0 0 0 0 0 0 0 2 0 0 1 0 0 0 0 0 0 0 0 0 0 0 0 0 0 0 0 0 0 0 0 0 0 0 0 0 0 0 0 0 0 0 0 0 0 0 0 0 0 0 0 0 0 0 0 0 0 0 0 0 0 0 0 0 0 0 0 0 0 0 0 0 0 0 0 0 0 0 0 0 0 0 0 0 0 0 0 0 0 0 0 0 0 0 0 0 0 0 0 0 0 0 0 0 0 0 0 0 0 0 0 0 0 0 0 0 0 0 0 0 0 0 0 0 0 0 0 0 0 0 0 0 0 0 0 0 0 0 0 0 0 0 0 0 0 0 0 0 0 0 0 0 0 0 0 0 0 0 0 0 0 0 0 0 0 0 0 0 0 0 0 0 0 0 0 0 0 0 0 0 0 0 0 0 0 0 0 0 0 0 0 0 0 0 0 0 0 0 0 0 0 0 0 0 216 54 216 0 0 0 0 0 0 0 0 0 0 0 0 0 0 ReportType 0 0 0 0 0 0 0 0 0 0 0 0 0 0 0 0 0 0 0 0 0 0 0 0 0 0 0 0 0 0 0 0 0 0 0 0 0 0 0 0 0 0 0 0 0 0 0 0 0 0 0 0 0 0 0 0 0 0 0 0 0 0 0 0 0 0 0 0 0 0 0 0 0 0 0 0 0 0 0 0 0 0 0 0 0 0 0 0 0 0 0 0 0 0 0 0 0 0 0 0 0 0 0 0 0 0 0 0 0 0 0 0 0 0 0 0 0 0 0 0 0 0 0 0 0 0 0 0 0 0 0 0 0 0 0 0 0 0 0 0 0 0 0 0 0 0 0 0 0 0 0 0 0 0 0 0 0 0 0 0 0 0 0 0 0 0 0 0 0 0 0 0 0 0 0 0 0 0 0 0 0 0 0 0 0 0 0 0 0 0 0 0 0 0 0 0 0 0 0 0 0 0 0 0 0 0 0 0 0 0 0 0 0 0 0 0 0 0 0 0 0 0 0 0 0 0 0 0 0}
05-26 15:39:11.918  1306  1337 D NetdConnector: RCV unsolicited event from native daemon, event = 661
05-26 15:39:11.930  1306  1337 D HwNetworkManagementService: onEvent receive Web Stat Report:661 ReportType 0 346 0 0 0 0 0 3 0 0 0 0 0 0 0 2 0 0 1 0 0 0 0 0 0 0 0 0 0 0 0 0 0 0 0 0 0 0 0 0 0 0 0 0 0 0 0 0 0 0 0 0 0 0 0 0 0 0 0 0 0 0 0 0 0 0 0 0 0 0 0 0 0 0 0 0 0 0 0 0 0 0 0 0 0 0 0 0 0 0 0 0 0 0 0 0 0 0 0 0 0 0 0 0 0 0 0 0 0 0 0 0 0 0 0 0 0 0 0 0 0 0 0 0 0 0 0 0 0 0 0 0 0 0 0 0 0 0 0 0 0 0 0 0 0 0 0 0 0 0 0 0 0 0 0 0 0 0 0 0 0 0 0 0 0 0 0 0 0 0 0 0 0 0 0 0 0 0 0 0 0 0 0 0 0 0 0 0 0 0 0 0 0 0 0 0 0 0 0 0 0 0 0 0 0 0 0 0 0 0 0 0 216 54 216 0 0 0 0 0 0 0 0 0 0 0 0 0 0 ReportType 0 0 0 0 0 0 0 0 0 0 0 0 0 0 0 0 0 0 0 0 0 0 0 0 0 0 0 0 0 0 0 0 0 0 0 0 0 0 0 0 0 0 0 0 0 0 0 0 0 0 0 0 0 0 0 0 0 0 0 0 0 0 0 0 0 0 0 0 0 0 0 0 0 0 0 0 0 0 0 0 0 0 0 0 0 0 0 0 0 0 0 0 0 0 0 0 0 0 0 0 0 0 0 0 0 0 0 0 0 0 0 0 0 0 0 0 0 0 0 0 0 0 0 0 0 0 0 0 0 0 0 0 0 0 0 0 0 0 0 0 0 0 0 0 0 0 0 0 0 0 0 0 0 0 0 0 0 0 0 0 0 0 0 0 0 0 0 0 0 0 0 0 0 0 0 0 0 0 0 0 0 0 0 0 0 0 0 0 0 0 0 0 0 0 0 0 0 0 0 0 0 0 0 0 0 0 0 0 0 0 0 0 0 0 0 0 0 0 0 0 0 0 0 0 0 0 0 0 0
05-26 15:39:11.933  1306  1337 W ContextImpl: Calling a method in the system process without a qualified user: android.app.ContextImpl.sendBroadcast:1172 com.android.server.HwNetworkManagementService.sendWebStatMessage:1070 com.android.server.HwServiceFactoryImpl$HwNetworkManagementServiceImpl.sendWebStatMessage:737 com.android.server.NetworkManagementService$NetdCallbackReceiver.onEvent:1095 com.android.server.NativeDaemonConnector.handleMessage:176 
05-26 15:39:15.545  1306 11430 V BroadcastQueue: Finished with ordered broadcast BroadcastRecord{ae4ead1 u0 null}
05-26 15:39:15.556  1306 10300 V BroadcastQueue: Finished with ordered broadcast BroadcastRecord{f5ca9a4 u0 null}
05-26 15:39:16.739  2596  2596 I ImsResolver: getMmTelFeatureAndListen - slot: 2 callback: com.android.ims.MmTelFeatureConnection$1@c8242a8
05-26 15:39:18.117  1306 10424 V BroadcastQueue: Finished with ordered broadcast BroadcastRecord{53088d3 u0 com.android.internal.telephony.data-stall}
05-26 15:39:18.562   551   610 W SocketListener: sending broadcast to Pid = 1306, Uid = 1000 
05-26 15:39:18.564  1306  2206 D NetdConnector: RCV <- {613 IfaceClass idle 0 98130250986985}
05-26 15:39:18.564  1306  2206 D NetdConnector: RCV <- {613 IfaceClass idle 0 98130250986985}
05-26 15:39:18.566  1306  1337 D NetdConnector: RCV unsolicited event from native daemon, event = 613
05-26 15:39:18.590  1306  1335 W BatteryExternalStatsWorker: modem info is invalid: ModemActivityInfo{ mTimestamp=0 mSleepTimeMs=0 mIdleTimeMs=0 mTxTimeMs[]=[0, 0, 0, 0, 0] mRxTimeMs=0 mEnergyUsed=0}
05-26 15:39:18.990  1306  1306 I chatty  : uid=1000 system_server expire 11 lines
05-26 15:39:19.007  2528  2858 I HidataAppQoeP: handleStateChanged reason=6
05-26 15:39:19.008  2528  2858 I BrowserChrP: handleStateChanged
05-26 15:39:19.492   697   781 I storaged: storaged_t::event: storage_info refreshed.
05-26 15:39:23.249  1306  8220 I chatty  : uid=1000(system) MobileQosDetect expire 12 lines
05-26 15:39:23.563  1306  1454 D HwBatteryService: onUEvent fcpStatus = 0,scpStatus =0,ovpStatus=0
05-26 15:39:23.565  1306  1454 I HwBatteryService: quick charge status : 0
05-26 15:39:23.565  1306  1454 I HwBatteryService: handleWirelessTxStatus
05-26 15:39:23.565  1306  1454 I HwBatteryService: switch not open, return, mWirelessTxFlag : 0
05-26 15:39:23.566  1306  1454 I UsbDeviceManager: water_intrused state= 0
05-26 15:39:26.187 17172 17172 E JankService: child Thread receive to stop
05-26 15:39:26.297  2960  3093 E JankService: all data read ok
05-26 15:39:26.927 15591 15967 D WorkerThreadMonitor: Kill MSF check result[ senderSize:0,sendInterval:166499,receiveInterval=24851,addCmdCount=722
05-26 15:39:27.149  1306  2464 W Watchdog: hungtask: writing kick
05-26 15:39:29.075   705   743 D bastetd : [BastetDevice   ] setTrafficFlowMuti# flowProp[0]: pid = 4222, tx = 40, rx = 0
05-26 15:39:29.082  2340  2340 I chatty  : uid=10039(com.huawei.HwMultiScreenShot) com.android.systemui expire 61 lines
05-26 15:39:31.110  1306  1454 D HwBatteryService: onUEvent fcpStatus = 0,scpStatus =0,ovpStatus=0
05-26 15:39:31.112  1306  1454 I HwBatteryService: quick charge status : 0
05-26 15:39:31.113  1306  1454 I HwBatteryService: handleWirelessTxStatus
05-26 15:39:31.113  1306  1454 I HwBatteryService: switch not open, return, mWirelessTxFlag : 0
05-26 15:39:31.115  1306  1454 I UsbDeviceManager: water_intrused state= 0
05-26 15:39:31.124  1306  1493 I BatteryService: normal charge status : 1
05-26 15:39:31.162  4167  4167 E Bth-hfp : HeadsetPhoneState:NETWORK_STATE_NOT_AVAILABLE
05-26 15:39:31.166 16635 16635 D TuringScreenReceiver: onReceiver action : android.intent.action.BATTERY_CHANGED
05-26 15:39:31.166 16635 16635 D Gallery2_Common_TuringState: setBattery:80
05-26 15:39:31.166 16635 16635 D Gallery2_Common_TuringState: Condition not ok! PowerConnect:true ScreenOff:false BatteryEnough:true
05-26 15:39:31.172  1306  1306 D JobScheduler: queuing all ready jobs for execution:
05-26 15:39:31.180   594   594 I Legacy PowerHAL: get_number_of_platform_modes
05-26 15:39:31.180   594   594 I Legacy PowerHAL: get_voter_list!
05-26 15:39:31.180   594   594 I Legacy PowerHAL: get_platform_low_power_stats update list
05-26 15:39:31.230  9888  9888 I [10.4.0.305]CloudAlbum.BatteryProcessor: checkLossLevel screen:true battery level while screen off:0 now:80
05-26 15:39:31.230  1306  1306 V BackupManagerService: Scheduling immediate backup pass
05-26 15:39:31.232  1306  1306 I JobScheduler.Time: onControllerStateChanged
05-26 15:39:31.232  1306  1306 W HwAlarmManagerService: isContainsAppUidInWorksource-->happend NameNotFoundException
05-26 15:39:31.232  1306  1306 W HwAlarmManagerService: isContainsAppUidInWorksource-->happend NameNotFoundException
05-26 15:39:31.235  1306  1306 I AlarmManager: adjustDeliveryTimeBasedOnStandbyBucketLocked alarm:Alarm{aa502b5 type 0 when 1558855611773 PendingIntent{3e69542: PendingIntentRecord{ed8b761 com.oppo.im broadcastIntent}}com.oppo.im}, standbyBucket:20, minElapsed:98341988
05-26 15:39:31.235  1306  1306 I AlarmManager: adjustDeliveryTimeBasedOnStandbyBucketLocked alarm:Alarm{c137d4a type 0 when 1558850866216 PendingIntent{13cb345: PendingIntentRecord{e9925df com.oppo.im broadcastIntent}}com.oppo.im}, standbyBucket:20, minElapsed:98341988
05-26 15:39:31.236  1306  1306 I AlarmManager: adjustDeliveryTimeBasedOnStandbyBucketLocked alarm:Alarm{e8968a4 type 2 when 92824099 PendingIntent{b92f131: PendingIntentRecord{9abb594 com.autonavi.minimap startService}}com.autonavi.minimap}, standbyBucket:40, minElapsed:99195918
05-26 15:39:31.237  1306  1306 I AlarmManager: adjustDeliveryTimeBasedOnStandbyBucketLocked alarm:Alarm{e7835c5 type 2 when 93025372 PendingIntent{13d69f5: PendingIntentRecord{1d0fcdb com.xunlei.downloadprovider startService}}com.xunlei.downloadprovider}, standbyBucket:40, minElapsed:100025113
05-26 15:39:31.238  1306  1306 I AlarmManager: adjustDeliveryTimeBasedOnStandbyBucketLocked alarm:Alarm{39ab48 type 2 when 99371103 PendingIntent{e8ed138: PendingIntentRecord{fde5511 com.taobao.taobao startService}}com.taobao.taobao}, standbyBucket:40, minElapsed:105186111
05-26 15:39:31.238  1306  1306 I AlarmManager: adjustDeliveryTimeBasedOnStandbyBucketLocked alarm:Alarm{a7b51eb type 1 when 1558858766786 PendingIntent{808e8: PendingIntentRecord{192ab01 com.baidu.BaiduMap startService}}com.baidu.BaiduMap}, standbyBucket:40, minElapsed:105186111
05-26 15:39:31.238  1306  1306 I AlarmManager: adjustDeliveryTimeBasedOnStandbyBucketLocked alarm:Alarm{88bd065 type 0 when 1558858774317 PendingIntent{d72d5ed: PendingIntentRecord{f39b0dd com.baidu.BaiduMap startService}}com.baidu.BaiduMap}, standbyBucket:40, minElapsed:105186111
05-26 15:39:31.238  1306  1306 I AlarmManager: adjustDeliveryTimeBasedOnStandbyBucketLocked alarm:Alarm{24b13a type 1 when 1558862366755 PendingIntent{ca24bc9: PendingIntentRecord{aa7b2ce com.baidu.BaiduMap startService}}com.baidu.BaiduMap}, standbyBucket:40, minElapsed:105186111
05-26 15:39:31.241  1306  1306 D SmartHeartBeat: isPendingPackage, false, pkg:com.android.deskclock, action:com.android.deskclock.ALARM_ALERT,not pending alarm with AlarmClockInfo
05-26 15:39:31.244  1306  1306 I HwAlarmManagerService: hwSetAlarm listenerTag: *job.delay*
05-26 15:39:31.245  1306  1306 I JobScheduler.Time: mNextDelayExpiredElapsedMillis: 98421397
05-26 15:39:31.246  1306  1306 W HwAlarmManagerService: isContainsAppUidInWorksource-->happend NameNotFoundException
05-26 15:39:31.246  1306  1306 W HwAlarmManagerService: isContainsAppUidInWorksource-->happend NameNotFoundException
05-26 15:39:31.248  1306  1306 I AlarmManager: adjustDeliveryTimeBasedOnStandbyBucketLocked alarm:Alarm{c137d4a type 0 when 1558850866216 PendingIntent{13cb345: PendingIntentRecord{e9925df com.oppo.im broadcastIntent}}com.oppo.im}, standbyBucket:20, minElapsed:98341988
05-26 15:39:31.248  1306  1306 I AlarmManager: adjustDeliveryTimeBasedOnStandbyBucketLocked alarm:Alarm{aa502b5 type 0 when 1558855611773 PendingIntent{3e69542: PendingIntentRecord{ed8b761 com.oppo.im broadcastIntent}}com.oppo.im}, standbyBucket:20, minElapsed:98341988
05-26 15:39:31.249  1306  1306 I AlarmManager: adjustDeliveryTimeBasedOnStandbyBucketLocked alarm:Alarm{e8968a4 type 2 when 92824099 PendingIntent{b92f131: PendingIntentRecord{9abb594 com.autonavi.minimap startService}}com.autonavi.minimap}, standbyBucket:40, minElapsed:99195918
05-26 15:39:31.250  1306  1306 I AlarmManager: adjustDeliveryTimeBasedOnStandbyBucketLocked alarm:Alarm{e7835c5 type 2 when 93025372 PendingIntent{13d69f5: PendingIntentRecord{1d0fcdb com.xunlei.downloadprovider startService}}com.xunlei.downloadprovider}, standbyBucket:40, minElapsed:100025113
05-26 15:39:31.250  1306  1306 I AlarmManager: adjustDeliveryTimeBasedOnStandbyBucketLocked alarm:Alarm{88bd065 type 0 when 1558858774317 PendingIntent{d72d5ed: PendingIntentRecord{f39b0dd com.baidu.BaiduMap startService}}com.baidu.BaiduMap}, standbyBucket:40, minElapsed:105186111
05-26 15:39:31.251  1306  1306 I AlarmManager: adjustDeliveryTimeBasedOnStandbyBucketLocked alarm:Alarm{24b13a type 1 when 1558862366755 PendingIntent{ca24bc9: PendingIntentRecord{aa7b2ce com.baidu.BaiduMap startService}}com.baidu.BaiduMap}, standbyBucket:40, minElapsed:105186111
05-26 15:39:31.251  1306  1306 I AlarmManager: adjustDeliveryTimeBasedOnStandbyBucketLocked alarm:Alarm{a7b51eb type 1 when 1558858766786 PendingIntent{808e8: PendingIntentRecord{192ab01 com.baidu.BaiduMap startService}}com.baidu.BaiduMap}, standbyBucket:40, minElapsed:105186111
05-26 15:39:31.251  1306  1306 I AlarmManager: adjustDeliveryTimeBasedOnStandbyBucketLocked alarm:Alarm{39ab48 type 2 when 99371103 PendingIntent{e8ed138: PendingIntentRecord{fde5511 com.taobao.taobao startService}}com.taobao.taobao}, standbyBucket:40, minElapsed:105186111
05-26 15:39:31.253  1306  1306 D SmartHeartBeat: isPendingPackage, false, pkg:com.android.deskclock, action:com.android.deskclock.ALARM_ALERT,not pending alarm with AlarmClockInfo
05-26 15:39:31.257  1306  1306 I HwAlarmManagerService: hwSetAlarm listenerTag: *job.deadline*
05-26 15:39:31.258  1306  1306 I JobScheduler.Time: mNextJobExpiredElapsedMillis: 98721397
05-26 15:39:31.263  1306  1306 D JobScheduler: Maybe queuing ready jobs...
05-26 15:39:31.287  1306  1306 V ActivityManager: startProcess: name=com.android.calendar app=null knownToBeDead=true thread=null pid=-1
05-26 15:39:31.288  1306  1306 D JobScheduler: queuing all ready jobs for execution:
05-26 15:39:31.302 15591 15591 D MSFAliveJobService: MSF_Alive_Log MSFAliveJobService onCreate 
05-26 15:39:31.319 15591 15591 D MSFAliveJobService: MSF_Alive_Log MSFAliveJobService onStartJob 
05-26 15:39:31.321 15591 15996 D MSF.C.ConfigManager: MSF_Alive_Log get config jobscheduler_enable=2
05-26 15:39:31.321 15591 15996 D MSFAliveManager: MSF_Alive_Log get job state = 2
05-26 15:39:31.321 15591 15996 D MSFAliveJobService: MSF_Alive_Log MSFAliveJobService handleMessage start service
05-26 15:39:31.322 15591 15996 D MSFAliveJobService: MSF_Alive_Log : isDeviceIdleMode=false, netWorkFailTime=0, enterIdle=0 levelIdle=0,netFailInterval=1558856371321
05-26 15:39:31.289  1306  1306 D JobScheduler: queuing all ready jobs for execution:
05-26 15:39:31.322  1306  1306 W BackupManagerService: Backup pass but e=false p=true
05-26 15:39:31.340  1306  1306 D JobScheduler: queuing all ready jobs for execution:
05-26 15:39:31.341  1306  1331 I ActivityManager: Start proc 17176:com.android.calendar/u0a12 for service com.android.calendar/.mycalendar.CalendarWidgetService
05-26 15:39:31.343  1306  2520 E ProcessInfoCollector: getProcessInfo: failed to find this proc 
05-26 15:39:31.349 17176 17176 I ndroid.calenda: Reinit property: dalvik.vm.checkjni= false
05-26 15:39:31.353 17176 17176 E ndroid.calenda: Not starting debugger since process cannot load the jdwp agent.
05-26 15:39:31.364 17176 17176 D ZrHung.AppEyeUiProbe: AppEyeUIP created.
05-26 15:39:31.367 17176 17176 D ActivityThread: Attach thread to application
05-26 15:39:31.386 17176 17190 I HwApiCacheMangerEx: apicache path=/storage/emulated/0 state=mounted key=com.android.calendar#10012#256
05-26 15:39:31.386 17176 17190 I HwApiCacheMangerEx: apicache path=/storage/3866-6630 state=mounted key=com.android.calendar#10012#256
05-26 15:39:31.387 17176 17190 I HwApiCacheMangerEx: apicache path=/storage/emulated/0 state=mounted key=com.android.calendar#10012#0
05-26 15:39:31.387 17176 17190 I HwApiCacheMangerEx: apicache path=/storage/3866-6630 state=mounted key=com.android.calendar#10012#0
05-26 15:39:31.398 17176 17190 I HwLogExceptionInner: Log blacklist 
05-26 15:39:31.398 17176 17176 I ndroid.calenda: The ClassLoaderContext is a special shared library.
05-26 15:39:31.480 17176 17176 I FLTAG.FL: hook version:1.0.4
05-26 15:39:31.487 17176 17191 I FLTAG.FL: Use the ApplicationInfoEx to reflect isDirectBootAware
05-26 15:39:31.492 17176 17191 I FLTAG.FL: getCachePath:/data/user/0/com.android.calendar/cache/feature
05-26 15:39:31.498 17176 17192 I FLTAG_FPI: FeatureFramework version:FeatureVersion: [package: com.huawei.featurelayer.featureframework] path: [] version: [1.0.303]
05-26 15:39:31.498 17176 17192 I FLTAG_AFM: Use the ApplicationInfoEx to reflect isDirectBootAware
05-26 15:39:31.499 17176 17191 I FLTAG.FL: copyAllFeaturesToCache cost millis:12
05-26 15:39:31.499 17176 17192 I FLTAG_AFM: getCachePath:/data/user/0/com.android.calendar/cache/feature
05-26 15:39:31.503 17176 17192 I FLTAG_VC: init cost in millis: 1
05-26 15:39:31.503 17176 17193 I FLTAG_VC: registerVersionReceiver for com.android.calendar
05-26 15:39:31.505 17176 17190 I AwareBitmapCacher: init processName:com.android.calendar pid=17176 uid=10012
05-26 15:39:31.506 17176 17193 I FLTAG_VC: deleteOldVersions in 2000
05-26 15:39:31.508 17176 17192 I FLTAG_UF: Use the ResourcesEx to reflect Resources
05-26 15:39:31.514 17176 17192 I FLTAG.FL: init for com.android.calendar success ? true
05-26 15:39:31.591 17176 17176 I ScreenUtils: calculateDeviceSize() sDeviceSize:5.2007338145504045
05-26 15:39:31.606 17176 17176 E Calendar: Log error:error:getLogField--NoSuchFieldExceptionLog
05-26 15:39:31.606 17176 17176 I Calendar: CalendarApplication info: getLauncherType return type=1
05-26 15:39:31.619   551   610 W SocketListener: sending broadcast to Pid = 1306, Uid = 1000 
05-26 15:39:31.623  1306  2206 D NetdConnector: RCV <- {613 IfaceClass active 0 98143307245317 0}
05-26 15:39:31.624  1306  2206 D NetdConnector: RCV <- {613 IfaceClass active 0 98143307245317 0}
05-26 15:39:31.625  1306  1337 D NetdConnector: RCV unsolicited event from native daemon, event = 613
05-26 15:39:31.636 17176 17196 I Calendar: CalendarApplication info: onTaskRunning msgId :0
05-26 15:39:31.637 17176 17190 E MemoryLeakMonitorManager: MemoryLeakMonitor.jar is not exist!
05-26 15:39:31.649 17176 17176 I Calendar: CalendarWidgetService info:CalendarWidgetService-onCreate()
05-26 15:39:31.663 17176 17176 I Calendar: CalendarWidgetService info: onStartJob - 107
05-26 15:39:31.670 17176 17176 I Calendar: CalendarUtils info:getTimeZone callback:null
05-26 15:39:31.670 17176 17176 I Calendar: CalendarUtils info:mTZCallbacks add callback:null
05-26 15:39:31.680 17176 17176 I Calendar: CalendarWidgetService info:jobFinish 107
05-26 15:39:31.682  1306 10282 W HwAlarmManagerService: isContainsAppUidInWorksource-->happend NameNotFoundException
05-26 15:39:31.683 13530 13544 I ctaifs  : <>[][com.android.calendar][queryInternal] :4
05-26 15:39:31.683 13530 13541 I ctaifs  : <>[][com.android.calendar][queryInternal] :28
05-26 15:39:31.682  1306 10282 W HwAlarmManagerService: isContainsAppUidInWorksource-->happend NameNotFoundException
05-26 15:39:31.683  1306 10282 I AlarmManager: adjustDeliveryTimeBasedOnStandbyBucketLocked alarm:Alarm{aa502b5 type 0 when 1558855611773 PendingIntent{3e69542: PendingIntentRecord{ed8b761 com.oppo.im broadcastIntent}}com.oppo.im}, standbyBucket:20, minElapsed:98341988
05-26 15:39:31.683  1306 10282 I AlarmManager: adjustDeliveryTimeBasedOnStandbyBucketLocked alarm:Alarm{c137d4a type 0 when 1558850866216 PendingIntent{13cb345: PendingIntentRecord{e9925df com.oppo.im broadcastIntent}}com.oppo.im}, standbyBucket:20, minElapsed:98341988
05-26 15:39:31.684  1306 10282 I AlarmManager: adjustDeliveryTimeBasedOnStandbyBucketLocked alarm:Alarm{e8968a4 type 2 when 92824099 PendingIntent{b92f131: PendingIntentRecord{9abb594 com.autonavi.minimap startService}}com.autonavi.minimap}, standbyBucket:40, minElapsed:99195918
05-26 15:39:31.684  1306 10282 I AlarmManager: adjustDeliveryTimeBasedOnStandbyBucketLocked alarm:Alarm{e7835c5 type 2 when 93025372 PendingIntent{13d69f5: PendingIntentRecord{1d0fcdb com.xunlei.downloadprovider startService}}com.xunlei.downloadprovider}, standbyBucket:40, minElapsed:100025113
05-26 15:39:31.685  1306 10282 I AlarmManager: adjustDeliveryTimeBasedOnStandbyBucketLocked alarm:Alarm{a7b51eb type 1 when 1558858766786 PendingIntent{808e8: PendingIntentRecord{192ab01 com.baidu.BaiduMap startService}}com.baidu.BaiduMap}, standbyBucket:40, minElapsed:105186111
05-26 15:39:31.685  1306 10282 I AlarmManager: adjustDeliveryTimeBasedOnStandbyBucketLocked alarm:Alarm{39ab48 type 2 when 99371103 PendingIntent{e8ed138: PendingIntentRecord{fde5511 com.taobao.taobao startService}}com.taobao.taobao}, standbyBucket:40, minElapsed:105186111
05-26 15:39:31.685  1306 10282 I AlarmManager: adjustDeliveryTimeBasedOnStandbyBucketLocked alarm:Alarm{24b13a type 1 when 1558862366755 PendingIntent{ca24bc9: PendingIntentRecord{aa7b2ce com.baidu.BaiduMap startService}}com.baidu.BaiduMap}, standbyBucket:40, minElapsed:105186111
05-26 15:39:31.685  1306 10282 I AlarmManager: adjustDeliveryTimeBasedOnStandbyBucketLocked alarm:Alarm{88bd065 type 0 when 1558858774317 PendingIntent{d72d5ed: PendingIntentRecord{f39b0dd com.baidu.BaiduMap startService}}com.baidu.BaiduMap}, standbyBucket:40, minElapsed:105186111
05-26 15:39:31.687  1306 10282 D SmartHeartBeat: isPendingPackage, false, pkg:com.android.deskclock, action:com.android.deskclock.ALARM_ALERT,not pending alarm with AlarmClockInfo
05-26 15:39:31.689  1306 10282 I HwAlarmManagerService: hwSetAlarm listenerTag: *job.deadline*
05-26 15:39:31.689  1306 10282 I JobScheduler.Time: mNextJobExpiredElapsedMillis: 98443371
05-26 15:39:31.689 17176 17176 I Calendar: CalendarWidgetService info:JOB  schedule next Time 
05-26 15:39:31.698 17176 17176 I Calendar: CalendarWidgetService info: onStopJob - 107
05-26 15:39:31.705  1306  1306 D JobScheduler: queuing all ready jobs for execution:
05-26 15:39:31.706 17176 17176 I Calendar: CalendarWidgetService info:CalendarWidgetService-onDestroy()107
05-26 15:39:31.712  1306  2332 I ActivityManager: Killing 9550:com.android.nfc:load/1027 (adj 906): empty #25
05-26 15:39:31.715 17176 17176 I Calendar: CalendarUtils info:mTZCallbacks clear!
05-26 15:39:31.715 17176 17176 I Calendar: CalendarApplication info: onTaskComplete msgId :0
05-26 15:39:31.737  1306  2332 D ActivityManager: cleanUpApplicationRecord app: ProcessRecord{34363c2 9550:com.android.nfc:load/1027}, app.bad: false, restarting: false, allowRestart: true
05-26 15:39:31.743  2528  2542 I chatty  : uid=1000(system) Binder:2528_2 expire 3 lines
05-26 15:39:31.744  2528 19440 I BoosterSwitchP: notifyUidState do nothing
05-26 15:39:31.744  2528 19440 I DeepNoDisturbP: notifyUidState
05-26 15:39:31.744  2528 19440 I HidataAppQoeP: notifyUidState
05-26 15:39:31.744  2528 19440 I BrowserChrP: notifyUidState
05-26 15:39:31.745  2528  3185 I chatty  : uid=1000(system) EmcomThread expire 3 lines
05-26 15:39:31.762   552   552 I Zygote  : Process 9550 exited due to signal (9)
05-26 15:39:31.880  2528  2858 I HidataAppQoeP: handleStateChanged reason=6
05-26 15:39:31.880  2528  2858 I BrowserChrP: handleStateChanged
05-26 15:39:32.240   578  1043 I audio_hw_primary: usb_ext_get_parameters: check show hires (false)
05-26 15:39:32.241   603  1283 I hash_map_utils: key: 'typec_need_show_hires' value: ''
05-26 15:39:32.242  1306  2234 I HwAudioServiceEx: check HiRes Icon false
05-26 15:39:33.509 17176 17193 I FLTAG_VC: deleteOldVersions
05-26 15:39:33.945  2583  3447 I chatty  : uid=1000(system) Binder:2583_4 expire 12 lines
05-26 15:39:34.848  2528  2858 I HidataAppQoeP: handleStateChanged reason=6
05-26 15:39:34.848  2528  2858 I BrowserChrP: handleStateChanged
05-26 15:39:36.344  2551  2860 I chatty  : uid=1000(system) HwWifiStatStore expire 10 lines
05-26 15:39:36.512 17176 17176 D AwareBitmapCacher: handleInit disable com.android.calendar
05-26 15:39:38.950   698   698 I chatty  : uid=1000(system) /system/bin/thermal-daemon expire 10 lines
05-26 15:39:40.697 15718 17204 W GAv4-SVC: Network compressed POST connection error: java.net.ConnectException: Failed to connect to ssl.google-analytics.com/0.0.0.0:443
05-26 15:39:41.016  2340  2340 I chatty  : uid=10039(com.huawei.HwMultiScreenShot) com.android.systemui expire 100 lines
05-26 15:39:41.075  2340  2466 I chatty  : uid=10039(com.huawei.HwMultiScreenShot) SystemUI_subThr expire 10 lines
05-26 15:39:41.750  1306 17208 I chatty  : uid=1000 system_server expire 11 lines
05-26 15:39:41.752   704   732 I AwareLog: HibSTrategy::HibStrategySwapCandidateProcessAdd packagename com.google.android.gms
05-26 15:39:41.886   704  3598 I AwareLog: HiberManagerService::do_reclaim ok, pid=16954, reclaimAll = 1
05-26 15:39:41.886   704  3598 I AwareLog: HiberManagerService::getReclaimResult:reclaim_kb=14160, swap_kb=5788, swap_us=91896
05-26 15:39:41.886   704  3598 I AwareLog: HibStrategy::HibStrategySwapCandidateProcessRemove packagename is com.google.android.gms
05-26 15:39:41.886   704  3598 I AwareLog: HiberManagerService::sendMessagetoHiberTask successful
05-26 15:39:41.887   704   732 I AwareLog: HibSTrategy::HibStrategySwapCandidateProcessAdd packagename com.huawei.parentcontrol
05-26 15:39:42.009   704  3598 I AwareLog: HiberManagerService::do_reclaim ok, pid=16994, reclaimAll = 1
05-26 15:39:42.009   704  3598 I AwareLog: HiberManagerService::getReclaimResult:reclaim_kb=4592, swap_kb=3868, swap_us=60253
05-26 15:39:42.009   704  3598 I AwareLog: HibStrategy::HibStrategySwapCandidateProcessRemove packagename is com.huawei.parentcontrol
05-26 15:39:42.009   704  3598 I AwareLog: HiberManagerService::sendMessagetoHiberTask successful
05-26 15:39:42.010   704   732 I AwareLog: HibSTrategy::HibStrategySwapCandidateProcessAdd packagename com.huawei.android.pushagent
05-26 15:39:42.048   704  3598 I AwareLog: HiberManagerService::do_reclaim ok, pid=17133, reclaimAll = 1
05-26 15:39:42.048   704  3598 I AwareLog: HiberManagerService::getReclaimResult:reclaim_kb=6756, swap_kb=5276, swap_us=36894
05-26 15:39:42.048   704  3598 I AwareLog: HibStrategy::HibStrategySwapCandidateProcessRemove packagename is com.huawei.android.pushagent
05-26 15:39:42.048   704  3598 I AwareLog: HiberManagerService::sendMessagetoHiberTask successful
05-26 15:39:42.091  1306  1315 I chatty  : uid=1000(system) HeapTaskDaemon expire 1 line
05-26 15:39:42.114  1306  1313 I chatty  : uid=1000(system) FinalizerDaemon expire 1 line
05-26 15:39:42.851  2528  2858 I HidataAppQoeP: handleStateChanged reason=6
05-26 15:39:42.851  2528  2858 I BrowserChrP: handleStateChanged
05-26 15:39:43.265  1306  8220 I chatty  : uid=1000(system) MobileQosDetect expire 12 lines
05-26 15:39:43.267  1306  2212 I chatty  : uid=1000(system) WifiService expire 10 lines
05-26 15:39:48.155   704   732 I AwareLog: HibSTrategy::HibStrategySwapCandidateProcessAdd packagename com.huawei.hwid
05-26 15:39:48.173  1306 10282 V BroadcastQueue: Finished with ordered broadcast BroadcastRecord{e621bca u0 com.android.internal.telephony.data-stall}
05-26 15:39:48.197   704  3598 I AwareLog: HibStrategy::HibStrategySwapCandidateProcessRemove packagename is com.huawei.hwid
05-26 15:39:48.198   704  3598 I AwareLog: HiberManagerService::sendMessagetoHiberTask successful
05-26 15:39:48.207   704   732 I AwareLog: HibSTrategy::HibStrategySwapCandidateProcessAdd packagename com.huawei.vassistant
05-26 15:39:48.293   704  3598 I AwareLog: HiberManagerService::do_reclaim ok, pid=14463, reclaimAll = 1
05-26 15:39:48.293   704  3598 I AwareLog: HiberManagerService::getReclaimResult:reclaim_kb=5436, swap_kb=5052, swap_us=81279
05-26 15:39:48.293   704  3598 I AwareLog: HibStrategy::HibStrategySwapCandidateProcessRemove packagename is com.huawei.vassistant
05-26 15:39:48.293   704  3598 I AwareLog: HiberManagerService::sendMessagetoHiberTask successful
05-26 15:39:48.295   704   732 I AwareLog: HibSTrategy::HibStrategySwapCandidateProcessAdd packagename com.android.calendar
05-26 15:39:48.439   704  3598 I AwareLog: HiberManagerService::do_reclaim ok, pid=17176, reclaimAll = 1
05-26 15:39:48.440   704  3598 I AwareLog: HiberManagerService::getReclaimResult:reclaim_kb=8044, swap_kb=4776, swap_us=78431
05-26 15:39:48.440   704  3598 I AwareLog: HibStrategy::HibStrategySwapCandidateProcessRemove packagename is com.android.calendar
05-26 15:39:48.440   704  3598 I AwareLog: HiberManagerService::sendMessagetoHiberTask successful
05-26 15:39:48.848  1306  1306 I chatty  : uid=1000 system_server expire 14 lines
05-26 15:39:48.852  2528  2858 I HidataAppQoeP: handleStateChanged reason=6
05-26 15:39:48.852  2528  2858 I BrowserChrP: handleStateChanged
05-26 15:39:51.434 17214 17214 E JankService: child Thread receive to stop
05-26 15:39:51.553  2960  3093 E JankService: all data read ok
05-26 15:39:51.846  9850  9909 I [10.4.0.305]HiCloud.CBObserverTimer: removeMessages isCharging.
05-26 15:39:53.093  2340  2340 I chatty  : uid=10039(com.huawei.HwMultiScreenShot) com.android.systemui expire 90 lines
05-26 15:39:54.294  1306  1454 D HwBatteryService: onUEvent fcpStatus = 0,scpStatus =0,ovpStatus=0
05-26 15:39:54.295  1306  1454 I HwBatteryService: quick charge status : 0
05-26 15:39:54.296  1306  1454 I HwBatteryService: handleWirelessTxStatus
05-26 15:39:54.296  1306  1454 I HwBatteryService: switch not open, return, mWirelessTxFlag : 0
05-26 15:39:54.297  1306  1454 I UsbDeviceManager: water_intrused state= 0
05-26 15:39:54.848   704   732 I AwareLog: HibSTrategy::HibStrategySwapCandidateProcessAdd packagename com.huawei.tips
05-26 15:39:54.855  2528  2858 I HidataAppQoeP: handleStateChanged reason=6
05-26 15:39:54.855  2528  2858 I BrowserChrP: handleStateChanged
05-26 15:39:54.953   704  3598 I AwareLog: HiberManagerService::do_reclaim ok, pid=17068, reclaimAll = 1
05-26 15:39:54.954   704  3598 I AwareLog: HiberManagerService::getReclaimResult:reclaim_kb=3608, swap_kb=3216, swap_us=62331
05-26 15:39:54.954   704  3598 I AwareLog: HibStrategy::HibStrategySwapCandidateProcessRemove packagename is com.huawei.tips
05-26 15:39:54.954   704  3598 I AwareLog: HiberManagerService::sendMessagetoHiberTask successful
05-26 15:39:55.705   754  1207 E memtrack: Couldn't load memtrack module
05-26 15:39:55.705   754  1207 W android.os.Debug: failed to get memory consumption info: -1
05-26 15:39:56.085  2340  2466 I chatty  : uid=10039(com.huawei.HwMultiScreenShot) SystemUI_subThr expire 23 lines
05-26 15:39:57.152  1306  2464 W Watchdog: hungtask: writing kick
05-26 15:40:00.006  1306  1306 V AlarmManager: Received TIME_TICK alarm; rescheduling
05-26 15:40:00.008  1306  1306 I HwAlarmManagerService: hwSetAlarm listenerTag: time_tick
05-26 15:40:00.058  2612  2612 I HwLauncher: Model  onReceive intent=Intent { act=android.intent.action.TIME_TICK flg=0x50200014 hwFlg=0x900 (has extras) }
05-26 15:40:00.058  2612  2612 I HwLauncher: Model  onReceive user=UserHandle{0}
05-26 15:40:00.103  1306  2460 V BroadcastQueue: Finished with ordered broadcast BroadcastRecord{8a50058 u-1 android.intent.action.TIME_TICK}
05-26 15:40:00.859  2528  2858 I HidataAppQoeP: handleStateChanged reason=6
05-26 15:40:00.859  2528  2858 I BrowserChrP: handleStateChanged
05-26 15:40:03.287  1306  8220 I chatty  : uid=1000(system) MobileQosDetect expire 12 lines
05-26 15:40:06.442  2551  2860 I chatty  : uid=1000(system) HwWifiStatStore expire 11 lines
05-26 15:40:06.906  2583  3668 I chatty  : uid=1000(system) thermal-core-th expire 10 lines
05-26 15:40:06.910  2583  3458 I chatty  : uid=1000(system) actions handler expire 15 lines
05-26 15:40:07.715   551   610 W SocketListener: sending broadcast to Pid = 1306, Uid = 1000 
05-26 15:40:07.720  1306  2206 D NetdConnector: RCV <- {613 IfaceClass idle 0 98179403097395}
05-26 15:40:07.722  1306  2206 D NetdConnector: RCV <- {613 IfaceClass idle 0 98179403097395}
05-26 15:40:07.723  1306  1337 D NetdConnector: RCV unsolicited event from native daemon, event = 613
05-26 15:40:07.747  1306  1335 W BatteryExternalStatsWorker: modem info is invalid: ModemActivityInfo{ mTimestamp=0 mSleepTimeMs=0 mIdleTimeMs=0 mTxTimeMs[]=[0, 0, 0, 0, 0] mRxTimeMs=0 mEnergyUsed=0}
05-26 15:40:08.502  2564  3746 I HwNaturalBase: [ServiceGuarder]: 26192Kb ram is used.
05-26 15:40:10.188  2528  2528 I chatty  : uid=1000(system) com.huawei.systemserver expire 10 lines
05-26 15:40:10.194  2528  2858 I HidataAppQoeP: handleStateChanged reason=6
05-26 15:40:10.195  2528  2858 I BrowserChrP: handleStateChanged
05-26 15:40:11.724  5409  5500 I FindCurApp:   CAWARENESS: getAppsRunningTotalTimes topkey = com.huawei.recsys_1:1;9,4,1
05-26 15:40:11.726  5409  5500 I FindCurApp:   CAWARENESS: getAppsRunningTotalTimes typeHashMap.isEmpty: true
05-26 15:40:11.726  5409  5500 I FindCurApp:   CAWARENESS: getAppsRunningTotalTimes cleanFlag: true
05-26 15:40:11.726  5409  5500 I FindCurApp:   CAWARENESS: is not in counting peroid!
05-26 15:40:11.726  5409  5500 I FindCurApp:   CAWARENESS: setStartTime:1558882800000	setEndTime:1558886400000	currentTime:1558856411726	allAppRunTotalTimes:0
05-26 15:40:14.109  1306 17208 I chatty  : uid=1000 system_server expire 4 lines
05-26 15:40:14.628   551   610 W SocketListener: sending broadcast to Pid = 1306, Uid = 1000 
05-26 15:40:14.632  1306  2206 D NetdConnector: RCV <- {613 IfaceClass active 0 98186315665623 0}
05-26 15:40:14.634  1306  2206 D NetdConnector: RCV <- {613 IfaceClass active 0 98186315665623 0}
05-26 15:40:14.636  1306  1337 D NetdConnector: RCV unsolicited event from native daemon, event = 613
05-26 15:40:14.807  2528  2858 I HidataAppQoeP: handleStateChanged reason=6
05-26 15:40:14.807  2528  2858 I BrowserChrP: handleStateChanged
05-26 15:40:15.571  1306 10282 V BroadcastQueue: Finished with ordered broadcast BroadcastRecord{ae60617 u0 null}
05-26 15:40:15.594  1306 10282 V BroadcastQueue: Finished with ordered broadcast BroadcastRecord{15a5a22 u0 null}
05-26 15:40:16.255  2340  2340 I chatty  : uid=10039(com.huawei.HwMultiScreenShot) com.android.systemui expire 59 lines
05-26 15:40:16.683 17215 17215 E JankService: child Thread receive to stop
05-26 15:40:16.807  2960  3093 E JankService: all data read ok
05-26 15:40:18.178  2528  2858 I HidataAppQoeP: handleStateChanged reason=6
05-26 15:40:18.179  2528  2858 I BrowserChrP: handleStateChanged
05-26 15:40:18.221  1306 10282 V BroadcastQueue: Finished with ordered broadcast BroadcastRecord{8b0d9e9 u0 com.android.internal.telephony.data-stall}
05-26 15:40:18.419  2528  2858 I HidataAppQoeP: handleStateChanged reason=6
05-26 15:40:18.419  2528  2858 I BrowserChrP: handleStateChanged
05-26 15:40:19.493   697   781 I storaged: storaged_t::event: storage_info refreshed.
05-26 15:40:20.744  2596  2596 I ImsResolver: getMmTelFeatureAndListen - slot: 2 callback: com.android.ims.MmTelFeatureConnection$1@9b5c1c1
05-26 15:40:21.190  1306 10282 D PowerManagerService: wakeLock.mDisabled:true, mDeviceIdleMode:false, mProcState:14
05-26 15:40:21.197  1306  1334 D PowerManagerService: wakeLock.mDisabled:false, mDeviceIdleMode:false, mProcState:10
05-26 15:40:21.214  1306 10282 V BroadcastQueue: Finished with ordered broadcast BroadcastRecord{eeda10f u0 ALARM_ACTION(32326)}
05-26 15:40:21.223  1306 10282 D PowerManagerService: wakeLock.mDisabled:true, mDeviceIdleMode:false, mProcState:14
05-26 15:40:21.223  1306 10282 D PowerManagerService: wakeLock.mDisabled:true, mDeviceIdleMode:false, mProcState:14
05-26 15:40:21.237  1306  2460 I AlarmManager: remove alarm:Alarm{1052f88 type 2 when 98402904 PendingIntent{ba10b7a: PendingIntentRecord{f6d3f2b com.tencent.mm broadcastIntent}}com.tencent.mm} according to operation:ee0dd21
05-26 15:40:21.239  1306  2460 I AlarmManager: adjustDeliveryTimeBasedOnStandbyBucketLocked alarm:Alarm{c137d4a type 0 when 1558850866216 PendingIntent{13cb345: PendingIntentRecord{e9925df com.oppo.im broadcastIntent}}com.oppo.im}, standbyBucket:20, minElapsed:98341988
05-26 15:40:21.239  1306  2460 I AlarmManager: adjustDeliveryTimeBasedOnStandbyBucketLocked alarm:Alarm{aa502b5 type 0 when 1558855611773 PendingIntent{3e69542: PendingIntentRecord{ed8b761 com.oppo.im broadcastIntent}}com.oppo.im}, standbyBucket:20, minElapsed:98341988
05-26 15:40:21.240  1306  2460 I AlarmManager: adjustDeliveryTimeBasedOnStandbyBucketLocked alarm:Alarm{e8968a4 type 2 when 92824099 PendingIntent{b92f131: PendingIntentRecord{9abb594 com.autonavi.minimap startService}}com.autonavi.minimap}, standbyBucket:40, minElapsed:99195918
05-26 15:40:21.240  1306  2460 I AlarmManager: adjustDeliveryTimeBasedOnStandbyBucketLocked alarm:Alarm{e7835c5 type 2 when 93025372 PendingIntent{13d69f5: PendingIntentRecord{1d0fcdb com.xunlei.downloadprovider startService}}com.xunlei.downloadprovider}, standbyBucket:40, minElapsed:100025113
05-26 15:40:21.241  1306  2460 I AlarmManager: adjustDeliveryTimeBasedOnStandbyBucketLocked alarm:Alarm{24b13a type 1 when 1558862366755 PendingIntent{ca24bc9: PendingIntentRecord{aa7b2ce com.baidu.BaiduMap startService}}com.baidu.BaiduMap}, standbyBucket:40, minElapsed:105186111
05-26 15:40:21.241  1306  2460 I AlarmManager: adjustDeliveryTimeBasedOnStandbyBucketLocked alarm:Alarm{88bd065 type 0 when 1558858774317 PendingIntent{d72d5ed: PendingIntentRecord{f39b0dd com.baidu.BaiduMap startService}}com.baidu.BaiduMap}, standbyBucket:40, minElapsed:105186111
05-26 15:40:21.241  1306  2460 I AlarmManager: adjustDeliveryTimeBasedOnStandbyBucketLocked alarm:Alarm{39ab48 type 2 when 99371103 PendingIntent{e8ed138: PendingIntentRecord{fde5511 com.taobao.taobao startService}}com.taobao.taobao}, standbyBucket:40, minElapsed:105186111
05-26 15:40:21.241  1306  2460 I AlarmManager: adjustDeliveryTimeBasedOnStandbyBucketLocked alarm:Alarm{a7b51eb type 1 when 1558858766786 PendingIntent{808e8: PendingIntentRecord{192ab01 com.baidu.BaiduMap startService}}com.baidu.BaiduMap}, standbyBucket:40, minElapsed:105186111
05-26 15:40:21.244  1306  2460 D SmartHeartBeat: isPendingPackage, false, pkg:com.android.deskclock, action:com.android.deskclock.ALARM_ALERT,not pending alarm with AlarmClockInfo
05-26 15:40:21.297  1306 10300 I AlarmManager: remove alarm:Alarm{781bc34 type 2 when 98200875 PendingIntent{2da559c: PendingIntentRecord{fb42ba5 com.tencent.mm broadcastIntent}}com.tencent.mm} according to operation:dcd2a5d
05-26 15:40:21.299  1306 10300 I AlarmManager: adjustDeliveryTimeBasedOnStandbyBucketLocked alarm:Alarm{aa502b5 type 0 when 1558855611773 PendingIntent{3e69542: PendingIntentRecord{ed8b761 com.oppo.im broadcastIntent}}com.oppo.im}, standbyBucket:20, minElapsed:98341988
