06-12 22:44:30.935 11772 11891 E HiBoard_WeatherServerImp: parseTempeData is null : current_temperature
06-12 22:44:30.935 11772 11891 E HiBoard_WeatherServerImp: parseTempeData is null : curr_hightemp
06-12 22:44:30.935 11772 11891 E HiBoard_WeatherServerImp: parseTempeData is null : curr_lowtemp
06-12 22:44:30.935 11772 11891 E HiBoard_WeatherServerImp: parseTempeData is null : night_current_temperature
06-12 22:44:30.936 11772 11891 E HiBoard_WeatherServerImp: parseTempeData is null : night_curr_hightemp
06-12 22:44:30.936 11772 11891 E HiBoard_WeatherServerImp: parseTempeData is null : night_curr_lowtemp
06-12 22:44:30.936 11772 25087 I HiBoard_IntelligentServiceManager: returnWeatherInfo get  dc880cdb-baaa-475f-a33c-399eb4b114e1
06-12 22:44:30.936 11772 25087 D HiBoard_o: gettingDestinationWeather onGetsuccess
06-12 22:44:30.936 11772 25087 I HiBoard_IntelligentProvider: query data
06-12 22:44:30.941 11772 25087 E HiBoard_WeatherInfo: parseGsonValue jsonValue is empty 
06-12 22:44:30.941 11772 25087 I HiBoard_t: show real departure time
06-12 22:44:30.943 11772 25087 I HiBoard_t: show real departure time
06-12 22:44:30.943 11772 25087 D HiBoard_o: onArriveCityWeathersGetted
06-12 22:44:30.944 11772 25087 I HiBoard_IntelligentProvider: update type:destination_weather
06-12 22:44:30.946 11772 25087 I HiBoard_IntelligentProvider: query data
06-12 22:44:30.954 11772 25087 D HiBoard_b: updateToDBIgnorDeleteFlag row count 1
06-12 22:44:31.120   596   596 E WifiHAL : enter wifi_get_link_stats
06-12 22:44:31.971 25573 11524 W TotemWeather: CityInfoUtils: updateCityInfoFromWeatherInfo mCityName is null, use weather's cityName
06-12 22:44:31.978 11772 11891 I HiBoard_WeatherServerImp: onRequestResult weatherJsonData 
06-12 22:44:31.978 11772 11891 I HiBoard_WeatherServerImp: parseCityWeather
06-12 22:44:31.979 11772 11891 E HiBoard_WeatherServerImp: parseTempeData is null : current_temperature
06-12 22:44:31.979 11772 11891 E HiBoard_WeatherServerImp: parseTempeData is null : curr_hightemp
06-12 22:44:31.979 11772 11891 E HiBoard_WeatherServerImp: parseTempeData is null : curr_lowtemp
06-12 22:44:31.979 11772 11891 E HiBoard_WeatherServerImp: parseTempeData is null : night_current_temperature
06-12 22:44:31.979 11772 11891 E HiBoard_WeatherServerImp: parseTempeData is null : night_curr_hightemp
06-12 22:44:31.979 11772 11891 E HiBoard_WeatherServerImp: parseTempeData is null : night_curr_lowtemp
06-12 22:44:31.980 11772 25087 I HiBoard_IntelligentServiceManager: returnWeatherInfo get  23f5a4a1-1ec2-41dc-a2b0-b38886f59c46
06-12 22:44:31.980 11772 25087 D HiBoard_o: gettingDestinationWeather onGetsuccess
06-12 22:44:31.980 11772 25087 I HiBoard_IntelligentProvider: query data
06-12 22:44:31.989 11772 25087 E HiBoard_WeatherInfo: parseGsonValue jsonValue is empty 
06-12 22:44:31.994 11772 25087 D HiBoard_o: onArriveCityWeathersGetted
06-12 22:44:31.996 11772 25087 I HiBoard_IntelligentProvider: update type:destination_weather
06-12 22:44:31.999 11772 25087 I HiBoard_IntelligentProvider: query data
06-12 22:44:32.014 11772 25087 D HiBoard_b: updateToDBIgnorDeleteFlag row count 1
06-12 22:44:32.251   551   599 W IptablesRestoreController: iptables-restore process 11177 terminated status=15
06-12 22:44:32.253   551   599 W IptablesRestoreController: iptables-restore process 11182 terminated status=15
06-12 22:44:33.459  5016 11537 E WakeLock: GCM_HB_ALARM release without a matched acquire!
06-12 22:44:33.515  4896  4924 I AppLogManager: PrintWoker poll timeout , shutdown
06-12 22:44:33.861  1306  2212 I chatty  : uid=1000(system) WifiService expire 80 lines
06-12 22:44:34.135   596   596 E WifiHAL : enter wifi_get_link_stats
06-12 22:44:34.163 11541 11541 E JankService: child Thread receive to stop
06-12 22:44:34.266  2960  3093 E JankService: all data read ok
06-12 22:44:34.450  2564  3746 I HwNaturalBase: [ServiceGuarder]: 48832Kb ram is used.
06-12 22:44:34.499  2340  2340 I chatty  : uid=10039(com.huawei.HwMultiScreenShot) com.android.systemui expire 79 lines
06-12 22:44:35.364  1306  2213 I chatty  : uid=1000(system) WifiStateMachin expire 13 lines
06-12 22:44:35.376  1306 11542 I chatty  : uid=1000 system_server expire 3 lines
06-12 22:44:35.569  5016 11539 E WakeLock: GCM_HB_ALARM release without a matched acquire!
06-12 22:44:35.573  1306  8936 I chatty  : uid=1000 system_server expire 11 lines
06-12 22:44:36.987  2551  2860 I chatty  : uid=1000(system) HwWifiStatStore expire 10 lines
06-12 22:44:37.160   596   596 E WifiHAL : enter wifi_get_link_stats
06-12 22:44:37.551  4935  5006 I AppLogManager: PrintWoker poll timeout , shutdown
06-12 22:44:40.186   596   596 E WifiHAL : enter wifi_get_link_stats
06-12 22:44:43.212   596   596 E WifiHAL : enter wifi_get_link_stats
06-12 22:44:43.382  1306  2289 I chatty  : uid=1000(system) HuaweiWifiWatch expire 12 lines
06-12 22:44:43.383  1306 11544 I chatty  : uid=1000 system_server expire 2 lines
06-12 22:44:45.433  7031  7104 I chatty  : uid=10173(com.tencent.mobileqq) MSF_StatReportT expire 2 lines
06-12 22:44:45.775  6976  7344 I chatty  : uid=10173(com.tencent.mobileqq) smart-check-thr expire 6 lines
06-12 22:44:46.240   596   596 E WifiHAL : enter wifi_get_link_stats
06-12 22:44:46.506  2340  2466 I chatty  : uid=10039(com.huawei.HwMultiScreenShot) SystemUI_subThr expire 10 lines
06-12 22:44:46.512  2340  2340 I chatty  : uid=10039(com.huawei.HwMultiScreenShot) com.android.systemui expire 54 lines
06-12 22:44:46.830  1306  2267 I chatty  : uid=1000(system) HwSelfCureEngin expire 15 lines
06-12 22:44:46.890  2551  2571 I chatty  : uid=1000(system) Binder:2551_3 expire 5 lines
06-12 22:44:46.891  2551  2796 I chatty  : uid=1000(system) HwWifiCHRStateM expire 10 lines
06-12 22:44:48.925  2583  3668 I chatty  : uid=1000(system) thermal-core-th expire 10 lines
06-12 22:44:48.928  2583  3458 I chatty  : uid=1000(system) actions handler expire 15 lines
06-12 22:44:49.120 10511 10511 D TuringScreenReceiver: onReceiver action : android.intent.action.BATTERY_CHANGED
06-12 22:44:49.120 10511 10511 D Gallery2_Common_TuringState: setBattery:20
06-12 22:44:49.136  4935  4935 I [10.4.0.305]CloudAlbum.BatteryProcessor: checkLossLevel screen:true battery level while screen off:0 now:20
06-12 22:44:49.205  2340  2503 I chatty  : uid=10039(com.huawei.HwMultiScreenShot) KG_Background_H expire 6 lines
06-12 22:44:49.264   596   596 E WifiHAL : enter wifi_get_link_stats
06-12 22:44:49.289   596   596 D WifiHAL : In DebugCommand::handleResponse
06-12 22:44:49.290   596   596 D WifiHAL : len = 4, expected len = 4
06-12 22:44:49.291   596   596 D WifiHAL : In DebugCommand::handleResponse
06-12 22:44:49.291   596   596 D WifiHAL : len = 4, expected len = 4
06-12 22:44:49.301  1306  2213 I chatty  : uid=1000(system) WifiStateMachin expire 72 lines
06-12 22:44:49.302   596   596 E WifiHAL : wifi_get_roaming_capabilities result 0, max_number_blacklist_bssids:32, max_number_of_white_listed_ssid:0
06-12 22:44:49.303   596   596 E WifiHAL : Failed to execute bssid blacklist request, result = -22
06-12 22:44:49.303   596   596 E WifiHAL : wifi_configure_roaming: Failed to configure blacklist bssids
06-12 22:44:49.317  1617  1617 D wpa_supp: nl80211: Drv Event 33 (NL80211_CMD_TRIGGER_SCAN) received for wlan0
06-12 22:44:49.317  1617  1617 D wpa_supp: wlan0: Event SCAN_STARTED (46) received
06-12 22:44:49.317  1617  1617 D wpa_supp: wlan0: External program started a scan
06-12 22:44:49.329   594   594 I Legacy PowerHAL: get_number_of_platform_modes
06-12 22:44:49.329   594   594 I Legacy PowerHAL: get_voter_list!
06-12 22:44:49.330   594   594 I Legacy PowerHAL: get_platform_low_power_stats update list
06-12 22:44:50.620   698   698 E Thermal-daemon: [battery] temp_new :32  temp_old :31
06-12 22:44:50.621  2583  2595 I chatty  : uid=1000(system) Binder:2583_2 expire 7 lines
06-12 22:44:50.622   698   698 E Thermal-daemon: Report temperature: [battery] temp :32  report_threshold:1
06-12 22:44:51.388  1306 11547 I chatty  : uid=1000 system_server expire 1 line
06-12 22:44:51.395  1306  8220 I chatty  : uid=1000(system) MobileQosDetect expire 10 lines
06-12 22:44:51.603  1617  1617 D wpa_supp: nl80211: Drv Event 34 (NL80211_CMD_NEW_SCAN_RESULTS) received for wlan0
06-12 22:44:51.604  1617  1617 D wpa_supp: nl80211: Scan probed for SSID ''
06-12 22:44:51.604  1617  1617 D wpa_supp: nl80211: Scan included frequencies: 2412 2417 2422 2427 2432 2437 2442 2447 2452 2457 2462 2467 2472 5180 5200 5220 5240 5260 5280 5300 5320 5745 5765 5785 5805 5825
06-12 22:44:51.604  1617  1617 D wpa_supp: wlan0: Event SCAN_RESULTS (3) received
06-12 22:44:51.605  1617  1617 D wpa_supp: nl80211: Scan results indicate BSS status with 14:**:**:**:06:f8 as associated
06-12 22:44:51.605  1617  1617 D wpa_supp: OKC-Native: Okc ie is valid
06-12 22:44:51.605  1617  1617 D wpa_supp: OKC-Native: Receive okc ie, bssid=90:**:**:**:ab:80 Target MAC=90:**:**:**:ab:80
06-12 22:44:51.606  1617  1617 D wpa_supp: wlan0: New scan results available (own=0 ext=1)
06-12 22:44:51.606  1617  1617 D wpa_supp: wlan0: Do not use results from externally requested scan operation for network selection
06-12 22:44:51.607  1617  1617 D wpa_supp: OKC-Native: Okc ie is valid
06-12 22:44:51.607  1617  1617 D wpa_supp: OKC-Native: Receive okc ie, bssid=90:**:**:**:ab:80 Target MAC=90:**:**:**:ab:80
06-12 22:44:51.608  1617  1617 D wpa_supp: p2p-dev-wlan0: New scan results available (own=0 ext=1)
06-12 22:44:51.608  1617  1617 D wpa_supp: p2p-dev-wlan0: Do not use results from externally requested scan operation for network selection
06-12 22:44:51.635  1306  2217 I chatty  : uid=1000(system) WifiScanningSer expire 14 lines
06-12 22:44:51.796  2340  2340 E ndroid.systemu: Invalid ID 0x00000000.
06-12 22:44:51.796  2340  2340 E HwNotchUtils: setIconForView iconId is not found
06-12 22:44:52.284   596   596 E WifiHAL : enter wifi_get_link_stats
06-12 22:44:52.509  2340  2340 I Net.207394NetworkSpeedM: mIsStop = false
06-12 22:44:52.510  2340  2466 I Net.207395NetworkSpeedM:  runInThread getTetherStats
06-12 22:44:52.515  2340  2340 I Net.207395NetworkSpeedM:  runInUI refreshSpeed
06-12 22:44:52.517  2340  2340 I Net.207395NetworkSpeedM: value=119.666664speed = 120B/smIsShowLastSpeedValuefalse
06-12 22:44:52.517  2340  2340 I NetworkSpeedView: /update(), speed=120B/s
06-12 22:44:52.518  2340  2340 I NetworkSpeedView: /update(), speed=120B/s
06-12 22:44:52.797  2340  2340 D StatusBarIconController: setIconVisibility icon is null or visibility not change visibility=false
06-12 22:44:52.798  2340  2340 D NetWorkUtils: mVSimCurCardType is -1
06-12 22:44:52.799  2340  2340 D StatusBarIconController: setIconVisibility icon is null or visibility not change visibility=false
06-12 22:44:52.799  2340  2340 D NetWorkUtils: mVSimCurCardType is -1
06-12 22:44:52.800  2340  2340 D StatusBarIconController: setIconVisibility icon is null or visibility not change visibility=false
06-12 22:44:52.800  2340  2340 D NetWorkUtils: mVSimCurCardType is -1
06-12 22:44:53.802  2340  2340 D StatusBarIconController: setIconVisibility icon is null or visibility not change visibility=false
06-12 22:44:53.802  2340  2340 D NetWorkUtils: mVSimCurCardType is -1
06-12 22:44:53.802  2340  2340 E ndroid.systemu: Invalid ID 0x00000000.
06-12 22:44:53.803  2340  2340 E HwNotchUtils: setIconForView iconId is not found
06-12 22:44:53.803  2340  2340 D StatusBarIconController: setIconVisibility icon is null or visibility not change visibility=false
06-12 22:44:53.803  2340  2340 D NetWorkUtils: mVSimCurCardType is -1
06-12 22:44:53.803  2340  2340 E ndroid.systemu: Invalid ID 0x00000000.
06-12 22:44:53.803  2340  2340 E HwNotchUtils: setIconForView iconId is not found
06-12 22:44:53.803  2340  2340 D StatusBarIconController: setIconVisibility icon is null or visibility not change visibility=false
06-12 22:44:53.803  2340  2340 D NetWorkUtils: mVSimCurCardType is -1
06-12 22:44:53.804  2340  2340 E ndroid.systemu: Invalid ID 0x00000000.
06-12 22:44:53.804  2340  2340 E HwNotchUtils: setIconForView iconId is not found
06-12 22:44:55.310   596   596 E WifiHAL : enter wifi_get_link_stats
06-12 22:44:55.512  2340  2340 I Net.207395NetworkSpeedM: mIsStop = false
06-12 22:44:55.512  2340  2466 I Net.207396NetworkSpeedM:  runInThread getTetherStats
06-12 22:44:55.514  2340  2340 I Net.207396NetworkSpeedM:  runInUI refreshSpeed
06-12 22:44:55.515  2340  2340 I Net.207396NetworkSpeedM: value=0.0speed = 0.00K/smIsShowLastSpeedValuefalse
06-12 22:44:55.515  2340  2340 I NetworkSpeedView: /update(), speed=0.00K/s
06-12 22:44:55.516  2340  2340 I NetworkSpeedView: /update(), speed=0.00K/s
06-12 22:44:56.811  2340  2340 D StatusBarIconController: setIconVisibility icon is null or visibility not change visibility=false
06-12 22:44:56.811  2340  2340 D NetWorkUtils: mVSimCurCardType is -1
06-12 22:44:56.811  2340  2340 D StatusBarIconController: setIconVisibility icon is null or visibility not change visibility=false
06-12 22:44:56.811  2340  2340 D NetWorkUtils: mVSimCurCardType is -1
06-12 22:44:56.812  2340  2340 D StatusBarIconController: setIconVisibility icon is null or visibility not change visibility=false
06-12 22:44:56.812  2340  2340 D NetWorkUtils: mVSimCurCardType is -1
06-12 22:44:57.446  6976  7028 I chatty  : uid=10173(com.tencent.mobileqq) MsfServiceTimeo expire 1 line
06-12 22:44:57.814  2340  2340 D StatusBarIconController: setIconVisibility icon is null or visibility not change visibility=false
06-12 22:44:57.814  2340  2340 D NetWorkUtils: mVSimCurCardType is -1
06-12 22:44:57.814  2340  2340 E ndroid.systemu: Invalid ID 0x00000000.
06-12 22:44:57.815  2340  2340 E HwNotchUtils: setIconForView iconId is not found
06-12 22:44:57.815  2340  2340 D StatusBarIconController: setIconVisibility icon is null or visibility not change visibility=false
06-12 22:44:57.815  2340  2340 D NetWorkUtils: mVSimCurCardType is -1
06-12 22:44:57.815  2340  2340 E ndroid.systemu: Invalid ID 0x00000000.
06-12 22:44:57.815  2340  2340 E HwNotchUtils: setIconForView iconId is not found
06-12 22:44:57.815  2340  2340 D StatusBarIconController: setIconVisibility icon is null or visibility not change visibility=false
06-12 22:44:57.815  2340  2340 D NetWorkUtils: mVSimCurCardType is -1
06-12 22:44:57.816  2340  2340 E ndroid.systemu: Invalid ID 0x00000000.
06-12 22:44:57.816  2340  2340 E HwNotchUtils: setIconForView iconId is not found
06-12 22:44:58.329   596   596 E WifiHAL : enter wifi_get_link_stats
06-12 22:44:58.514  2340  2340 I Net.207396NetworkSpeedM: mIsStop = false
06-12 22:44:58.515  2340  2466 I Net.207397NetworkSpeedM:  runInThread getTetherStats
06-12 22:44:58.520  2340  2340 I Net.207397NetworkSpeedM:  runInUI refreshSpeed
06-12 22:44:58.521  2340  2340 I Net.207397NetworkSpeedM: value=41.333332speed = 41.3B/smIsShowLastSpeedValuefalse
06-12 22:44:58.521  2340  2340 I NetworkSpeedView: /update(), speed=41.3B/s
06-12 22:44:58.524  2340  2340 I NetworkSpeedView: /update(), speed=41.3B/s
06-12 22:44:58.818  2340  2340 D StatusBarIconController: setIconVisibility icon is null or visibility not change visibility=false
06-12 22:44:58.819  2340  2340 D NetWorkUtils: mVSimCurCardType is -1
06-12 22:44:58.820  2340  2340 D StatusBarIconController: setIconVisibility icon is null or visibility not change visibility=false
06-12 22:44:58.820  2340  2340 D NetWorkUtils: mVSimCurCardType is -1
06-12 22:44:58.821  2340  2340 D StatusBarIconController: setIconVisibility icon is null or visibility not change visibility=false
06-12 22:44:58.821  2340  2340 D NetWorkUtils: mVSimCurCardType is -1
06-12 22:44:59.085 11772 25087 I HiBoard_WeatherServicesHandler: onTimeout : 0
06-12 22:44:59.085 11772 25087 D HiBoard_WeatherServerImp: doUnbind
06-12 22:44:59.094 11772 25087 I HiBoard_WeatherServicesHandler: onServerDisConnected : cur state is 2
06-12 22:44:59.392  1306 11549 I chatty  : uid=1000 system_server expire 1 line
06-12 22:44:59.404  1306  2285 I chatty  : uid=1000(system) WifiProStateMac expire 19 lines
06-12 22:44:59.404 11548 11548 E JankService: child Thread receive to stop
06-12 22:44:59.544  2960  3093 E JankService: all data read ok
06-12 22:44:59.582  1306  1306 I chatty  : uid=1000 system_server expire 58 lines
06-12 22:45:00.023  2340  2340 E DateView: DateView,mCurrentTime: 1560350700023
06-12 22:45:00.025  2340  2340 I EventCenter: EventCenter Get :android.intent.action.TIME_TICK
06-12 22:45:00.025  2340  2340 W ClockView1:  action android.intent.action.TIME_TICK
06-12 22:45:00.025  2340  2340 W ClockView1:  action android.intent.action.TIME_TICK
06-12 22:45:00.038  2340  2340 E ndroid.systemu: No package ID ff found for ID 0xffffffff.
06-12 22:45:00.039  2340  2340 I LocalCalendar: CalendarId: 0001LocalCalender On
06-12 22:45:00.041  2340  2340 E ndroid.systemu: No package ID ff found for ID 0xffffffff.
06-12 22:45:00.042  2340  2340 I LocalCalendar: CalendarId: 0001LocalCalender On
06-12 22:45:00.043  2340  2340 D KeyguardUpdateMonitor: received broadcast android.intent.action.TIME_TICK
06-12 22:45:00.044  2340  2340 D KeyguardUpdateMonitor: handleTimeUpdate
06-12 22:45:00.044  2340  2503 I KeyguardStatusView: Runnable for refresh
06-12 22:45:00.049  2612  2612 I HwLauncher: Model  onReceive intent=Intent { act=android.intent.action.TIME_TICK flg=0x50200014 hwFlg=0x900 (has extras) }
06-12 22:45:00.049  2612  2612 I HwLauncher: Model  onReceive user=UserHandle{0}
06-12 22:45:00.126  2340  2340 D DateTimeView: Change to single clock mode!
06-12 22:45:00.127  2340  2340 I ColorPickUitls: type = 2
06-12 22:45:00.127  2340  2340 D DateTimeView: Change to single clock mode!
06-12 22:45:00.128  2340  2340 I ColorPickUitls: type = 2
06-12 22:45:00.631   698   698 E Thermal-daemon: [charger_ic] temp_new :35  temp_old :36
06-12 22:45:00.634   698   698 E Thermal-daemon: Report temperature: [charger_ic] temp :35  report_threshold:1
06-12 22:45:00.824  2340  2340 D StatusBarIconController: setIconVisibility icon is null or visibility not change visibility=false
06-12 22:45:00.824  2340  2340 D NetWorkUtils: mVSimCurCardType is -1
06-12 22:45:00.824  2340  2340 E ndroid.systemu: Invalid ID 0x00000000.
06-12 22:45:00.825  2340  2340 E HwNotchUtils: setIconForView iconId is not found
06-12 22:45:00.825  2340  2340 D StatusBarIconController: setIconVisibility icon is null or visibility not change visibility=false
06-12 22:45:00.825  2340  2340 D NetWorkUtils: mVSimCurCardType is -1
06-12 22:45:00.825  2340  2340 E ndroid.systemu: Invalid ID 0x00000000.
06-12 22:45:00.825  2340  2340 E HwNotchUtils: setIconForView iconId is not found
06-12 22:45:00.825  2340  2340 D StatusBarIconController: setIconVisibility icon is null or visibility not change visibility=false
06-12 22:45:00.825  2340  2340 D NetWorkUtils: mVSimCurCardType is -1
06-12 22:45:00.825  2340  2340 E ndroid.systemu: Invalid ID 0x00000000.
06-12 22:45:00.826  2340  2340 E HwNotchUtils: setIconForView iconId is not found
06-12 22:45:00.964  1306 10177 I chatty  : uid=1000 system_server expire 4 lines
06-12 22:45:01.316  2596  2596 I ImsResolver: getMmTelFeatureAndListen - slot: 2 callback: com.android.ims.MmTelFeatureConnection$1@bb2f85f
06-12 22:45:01.356   596   596 E WifiHAL : enter wifi_get_link_stats
06-12 22:45:01.375  1306  2213 I chatty  : uid=1000(system) WifiStateMachin expire 16 lines
06-12 22:45:01.516  2340  2340 I Net.207397NetworkSpeedM: mIsStop = false
06-12 22:45:01.517  2340  2466 I Net.207398NetworkSpeedM:  runInThread getTetherStats
06-12 22:45:01.522  2340  2340 I Net.207398NetworkSpeedM:  runInUI refreshSpeed
06-12 22:45:01.524  2340  2340 I Net.207398NetworkSpeedM: value=530.6667speed = 531B/smIsShowLastSpeedValuefalse
06-12 22:45:01.524  2340  2340 I NetworkSpeedView: /update(), speed=531B/s
06-12 22:45:01.526  2340  2340 I NetworkSpeedView: /update(), speed=531B/s
06-12 22:45:02.315  2583  3458 I chatty  : uid=1000(system) actions handler expire 10 lines
06-12 22:45:02.908  1306  2212 I chatty  : uid=1000(system) WifiService expire 44 lines
06-12 22:45:04.384   596   596 E WifiHAL : enter wifi_get_link_stats
06-12 22:45:04.520  2340  2340 I Net.207398NetworkSpeedM: mIsStop = false
06-12 22:45:04.521  2340  2466 I Net.207399NetworkSpeedM:  runInThread getTetherStats
06-12 22:45:04.526  2340  2340 I Net.207399NetworkSpeedM:  runInUI refreshSpeed
06-12 22:45:04.528  2340  2340 I Net.207399NetworkSpeedM: value=106.666664speed = 107B/smIsShowLastSpeedValuefalse
06-12 22:45:04.528  2340  2340 I NetworkSpeedView: /update(), speed=107B/s
06-12 22:45:04.529  2340  2340 I NetworkSpeedView: /update(), speed=107B/s
06-12 22:45:04.835  2340  2340 D StatusBarIconController: setIconVisibility icon is null or visibility not change visibility=false
06-12 22:45:04.835  2340  2340 D NetWorkUtils: mVSimCurCardType is -1
06-12 22:45:04.836  2340  2340 D StatusBarIconController: setIconVisibility icon is null or visibility not change visibility=false
06-12 22:45:04.836  2340  2340 D NetWorkUtils: mVSimCurCardType is -1
06-12 22:45:04.836  2340  2340 D StatusBarIconController: setIconVisibility icon is null or visibility not change visibility=false
06-12 22:45:04.836  2340  2340 D NetWorkUtils: mVSimCurCardType is -1
06-12 22:45:05.839  2340  2340 D StatusBarIconController: setIconVisibility icon is null or visibility not change visibility=false
06-12 22:45:05.840  2340  2340 D NetWorkUtils: mVSimCurCardType is -1
06-12 22:45:05.840  2340  2340 E ndroid.systemu: Invalid ID 0x00000000.
06-12 22:45:05.840  2340  2340 E HwNotchUtils: setIconForView iconId is not found
06-12 22:45:05.841  2340  2340 D StatusBarIconController: setIconVisibility icon is null or visibility not change visibility=false
06-12 22:45:05.841  2340  2340 D NetWorkUtils: mVSimCurCardType is -1
06-12 22:45:05.841  2340  2340 E ndroid.systemu: Invalid ID 0x00000000.
06-12 22:45:05.841  2340  2340 E HwNotchUtils: setIconForView iconId is not found
06-12 22:45:05.841  2340  2340 D StatusBarIconController: setIconVisibility icon is null or visibility not change visibility=false
06-12 22:45:05.841  2340  2340 D NetWorkUtils: mVSimCurCardType is -1
06-12 22:45:05.841  2340  2340 E ndroid.systemu: Invalid ID 0x00000000.
06-12 22:45:05.842  2340  2340 E HwNotchUtils: setIconForView iconId is not found
06-12 22:45:07.074  2551  2860 I chatty  : uid=1000(system) HwWifiStatStore expire 10 lines
06-12 22:45:07.401  1306  2289 I chatty  : uid=1000(system) HuaweiWifiWatch expire 17 lines
06-12 22:45:07.401  1306 11553 I chatty  : uid=1000 system_server expire 1 line
06-12 22:45:07.409   596   596 E WifiHAL : enter wifi_get_link_stats
06-12 22:45:07.522  2340  2340 I Net.207399NetworkSpeedM: mIsStop = false
06-12 22:45:07.523  2340  2466 I Net.207400NetworkSpeedM:  runInThread getTetherStats
06-12 22:45:07.529  2340  2340 I Net.207400NetworkSpeedM:  runInUI refreshSpeed
06-12 22:45:07.530  2340  2340 I Net.207400NetworkSpeedM: value=13.333333speed = 13.3B/smIsShowLastSpeedValuefalse
06-12 22:45:07.530  2340  2340 I NetworkSpeedView: /update(), speed=13.3B/s
06-12 22:45:07.531  2340  2340 I chatty  : uid=10039(com.huawei.HwMultiScreenShot) com.android.systemui identical 103 lines
06-12 22:45:07.781  1306  1342 I chatty  : uid=1000(system) PowerManagerSer expire 1 line
06-12 22:45:09.638  1306  1467 I chatty  : uid=1000(system) AlarmManager expire 3 lines
06-12 22:45:10.422   596   596 E WifiHAL : enter wifi_get_link_stats
06-12 22:45:10.641   698   698 E Thermal-daemon: [battery] temp_new :31  temp_old :32
06-12 22:45:10.643   698   698 E Thermal-daemon: Report temperature: [battery] temp :31  report_threshold:1
06-12 22:45:13.448   596   596 E WifiHAL : enter wifi_get_link_stats
06-12 22:45:14.670   551   616 D         : Received kernel message payload: chr_event 9
06-12 22:45:14.671   551   616 I         : netd received web stat infomation,trigger chr report!
06-12 22:45:14.671   551   616 I         : netd received web stat infomation,trigger chr report!
06-12 22:45:14.671   551   616 I         : ReportType 0 0 0 0 0 0 0 0 0 0 0 0 0 0 0 0 0 0 0 0 0 0 0 0 0 0 0 0 0 0 0 0 0 0 0 0 0 0 0 0 0 0 0 0 0 0 0 0 0 0 0 0 0 0 0 0 0 0 0 0 0 0 0 0 0 0 0 0 0 0 0 0 0 0 0 0 0 0 0 0 0 0 0 0 0 0 0 0 0 0 0 0 0 0 0 0 0 0 0 0 0 0 0 0 0 0 0 0 0 0 0 0 0 0 0 0 0 0 0 0 0 0 0 0 0 0 0 0 0 0 0 0 0 0 0 0 0 0 0 0 0 0 0 0 0 0 0 0 0 0 0 0 0 0 0 0 0 0 0 0 0 0 0 0 0 0 0 0 0 0 0 0 0 0 0 0 0 0 0 0 0 0 0 0 0 0 0 0 0 0 0 0 0 0 0 0 0 0 0 0 0 0 0 0 0 0 0 0 0 0 0 0 0 0 0 0 0 0 0 0 0 0 0 0 0 0 0 0 0 ReportType 0 2109 108 1 0 0 1 17 1 0 0 0 0 0 0 10 3 1 3 1 0 0 0 0 0 0 0 0 0 0 0 0 0 0 0 0 0 0 0 0 0 0 0 0 0 0 0 0 0 0 0 0 0 0 0 0 0 0 0 0 56 0 0 0 0 0 1 0 0 0 0 0 0 0 0 1 0 0 0 0 0 0 0 0 0 0 0 0 0 0 0 0 0 0 0 0 0 0 0 0 0 0 0 0 0 0 0 0 0 0 0 0 0 0 0 0 0 0 0 0 0 0 0 0 0 0 0 0 0 0 0 0 0 0 0 0 0 0 0 0 0 0 0 0 0 0 0 0 0 0 0 0 0 0 0 0 0 0 0 0 0 0 0 0 0 0 0 0 0 0 0 0 0 0 0 0 0 0 0 0 0 0 0 0 0 0 0 0 0 0 0 0 0 0 0 0 0 0 0 0 0 0 0 0 0 0 0 0 0 0 0 0 267 54 54 108 108 108 0 0 0 0 0 0 0 0 52 0 1
06-12 22:45:15.413  1306 11554 I chatty  : uid=1000 system_server expire 3 lines
06-12 22:45:15.903 12132  9636 V NativeCrypto: SSL shutdown failed: ssl=0x73dbd37688: I/O error during system call, Software caused connection abort
06-12 22:45:16.467   596   596 E WifiHAL : enter wifi_get_link_stats
06-12 22:45:18.932  1306  2212 I chatty  : uid=1000(system) WifiService expire 46 lines
06-12 22:45:19.496   596   596 E WifiHAL : enter wifi_get_link_stats
06-12 22:45:19.515  1306  2213 I chatty  : uid=1000(system) WifiStateMachin expire 21 lines
06-12 22:45:19.535  2340  2340 I chatty  : uid=10039(com.huawei.HwMultiScreenShot) com.android.systemui expire 46 lines
06-12 22:45:20.651   698   698 E Thermal-daemon: [battery] temp_new :32  temp_old :31
06-12 22:45:20.653   698   698 E Thermal-daemon: Report temperature: [battery] temp :32  report_threshold:1
06-12 22:45:21.675  1306  2484 I chatty  : uid=1000(system) LocationThread expire 3 lines
06-12 22:45:21.839  2583  3668 I chatty  : uid=1000(system) thermal-core-th expire 6 lines
06-12 22:45:21.843  2583  3458 I chatty  : uid=1000(system) actions handler expire 12 lines
06-12 22:45:22.523   596   596 E WifiHAL : enter wifi_get_link_stats
06-12 22:45:23.420  1306 11556 I chatty  : uid=1000 system_server expire 2 lines
06-12 22:45:23.902  2340  2340 D StatusBarIconController: setIconVisibility icon is null or visibility not change visibility=false
06-12 22:45:23.902  2340  2340 D NetWorkUtils: mVSimCurCardType is -1
06-12 22:45:23.902  2340  2340 D StatusBarIconController: setIconVisibility icon is null or visibility not change visibility=false
06-12 22:45:23.902  2340  2340 D NetWorkUtils: mVSimCurCardType is -1
06-12 22:45:24.677 11557 11557 E JankService: child Thread receive to stop
06-12 22:45:24.803  2960  3093 E JankService: all data read ok
06-12 22:45:24.905  2340  2340 D StatusBarIconController: setIconVisibility icon is null or visibility not change visibility=false
06-12 22:45:24.905  2340  2340 D NetWorkUtils: mVSimCurCardType is -1
06-12 22:45:24.907  2340  2340 D StatusBarIconController: setIconVisibility icon is null or visibility not change visibility=false
06-12 22:45:24.907  2340  2340 D NetWorkUtils: mVSimCurCardType is -1
06-12 22:45:24.908  2340  2340 D StatusBarIconController: setIconVisibility icon is null or visibility not change visibility=false
06-12 22:45:24.908  2340  2340 D NetWorkUtils: mVSimCurCardType is -1
06-12 22:45:25.531  2340  2340 I Net.207405NetworkSpeedM: mIsStop = false
06-12 22:45:25.531  2340  2466 I Net.207406NetworkSpeedM:  runInThread getTetherStats
06-12 22:45:25.537  2340  2340 I Net.207406NetworkSpeedM:  runInUI refreshSpeed
06-12 22:45:25.538  2340  2340 I Net.207406NetworkSpeedM: value=69.333336speed = 69.3B/smIsShowLastSpeedValuefalse
06-12 22:45:25.538  2340  2340 I NetworkSpeedView: /update(), speed=69.3B/s
06-12 22:45:25.540  2340  2340 I NetworkSpeedView: /update(), speed=69.3B/s
06-12 22:45:25.552   596   596 E WifiHAL : enter wifi_get_link_stats
06-12 22:45:25.909  2340  2340 D StatusBarIconController: setIconVisibility icon is null or visibility not change visibility=false
06-12 22:45:25.909  2340  2340 D NetWorkUtils: mVSimCurCardType is -1
06-12 22:45:25.909  2340  2340 E ndroid.systemu: Invalid ID 0x00000000.
06-12 22:45:25.910  2340  2340 E HwNotchUtils: setIconForView iconId is not found
06-12 22:45:25.910  2340  2340 D StatusBarIconController: setIconVisibility icon is null or visibility not change visibility=false
06-12 22:45:25.910  2340  2340 D NetWorkUtils: mVSimCurCardType is -1
06-12 22:45:25.910  2340  2340 E ndroid.systemu: Invalid ID 0x00000000.
06-12 22:45:25.910  2340  2340 E HwNotchUtils: setIconForView iconId is not found
06-12 22:45:25.911  2340  2340 D StatusBarIconController: setIconVisibility icon is null or visibility not change visibility=false
06-12 22:45:25.911  2340  2340 D NetWorkUtils: mVSimCurCardType is -1
06-12 22:45:25.911  2340  2340 E ndroid.systemu: Invalid ID 0x00000000.
06-12 22:45:25.911  2340  2340 E HwNotchUtils: setIconForView iconId is not found
06-12 22:45:28.533  2340  2340 I Net.207406NetworkSpeedM: mIsStop = false
06-12 22:45:28.534  2340  2466 I Net.207407NetworkSpeedM:  runInThread getTetherStats
06-12 22:45:28.540  2340  2340 I Net.207407NetworkSpeedM:  runInUI refreshSpeed
06-12 22:45:28.541  2340  2340 I Net.207407NetworkSpeedM: value=0.0speed = 0.00K/smIsShowLastSpeedValuefalse
06-12 22:45:28.541  2340  2340 I NetworkSpeedView: /update(), speed=0.00K/s
06-12 22:45:28.543  2340  2340 I NetworkSpeedView: /update(), speed=0.00K/s
06-12 22:45:28.580   596   596 E WifiHAL : enter wifi_get_link_stats
06-12 22:45:29.325  1617  1617 D wpa_supp: nl80211: Drv Event 33 (NL80211_CMD_TRIGGER_SCAN) received for wlan0
06-12 22:45:29.326  1617  1617 D wpa_supp: wlan0: Event SCAN_STARTED (46) received
06-12 22:45:29.326  1617  1617 D wpa_supp: wlan0: External program started a scan
06-12 22:45:29.919  2340  2340 D StatusBarIconController: setIconVisibility icon is null or visibility not change visibility=false
06-12 22:45:29.919  2340  2340 D NetWorkUtils: mVSimCurCardType is -1
06-12 22:45:29.921  2340  2340 D StatusBarIconController: setIconVisibility icon is null or visibility not change visibility=false
06-12 22:45:29.921  2340  2340 D NetWorkUtils: mVSimCurCardType is -1
06-12 22:45:29.921  2340  2340 D StatusBarIconController: setIconVisibility icon is null or visibility not change visibility=false
06-12 22:45:29.921  2340  2340 D NetWorkUtils: mVSimCurCardType is -1
06-12 22:45:30.924  2340  2340 D StatusBarIconController: setIconVisibility icon is null or visibility not change visibility=false
06-12 22:45:30.925  2340  2340 D NetWorkUtils: mVSimCurCardType is -1
06-12 22:45:30.925  2340  2340 E ndroid.systemu: Invalid ID 0x00000000.
06-12 22:45:30.925  2340  2340 E HwNotchUtils: setIconForView iconId is not found
06-12 22:45:30.925  2340  2340 D StatusBarIconController: setIconVisibility icon is null or visibility not change visibility=false
06-12 22:45:30.925  2340  2340 D NetWorkUtils: mVSimCurCardType is -1
06-12 22:45:30.925  2340  2340 E ndroid.systemu: Invalid ID 0x00000000.
06-12 22:45:30.925  2340  2340 E HwNotchUtils: setIconForView iconId is not found
06-12 22:45:30.925  2340  2340 D StatusBarIconController: setIconVisibility icon is null or visibility not change visibility=false
06-12 22:45:30.925  2340  2340 D NetWorkUtils: mVSimCurCardType is -1
06-12 22:45:30.925  2340  2340 E ndroid.systemu: Invalid ID 0x00000000.
06-12 22:45:30.925  2340  2340 E HwNotchUtils: setIconForView iconId is not found
06-12 22:45:31.145  2551  2860 I chatty  : uid=1000(system) HwWifiStatStore expire 12 lines
06-12 22:45:31.440  1306 11558 I chatty  : uid=1000 system_server expire 1 line
06-12 22:45:31.535  2340  2340 I Net.207407NetworkSpeedM: mIsStop = false
06-12 22:45:31.535  2340  2466 I Net.207408NetworkSpeedM:  runInThread getTetherStats
06-12 22:45:31.541  2340  2340 I Net.207408NetworkSpeedM:  runInUI refreshSpeed
06-12 22:45:31.542  2340  2340 I Net.207408NetworkSpeedM: value=17.333334speed = 17.3B/smIsShowLastSpeedValuefalse
06-12 22:45:31.542  2340  2340 I NetworkSpeedView: /update(), speed=17.3B/s
06-12 22:45:31.544  2340  2340 I NetworkSpeedView: /update(), speed=17.3B/s
06-12 22:45:31.602   596   596 E WifiHAL : enter wifi_get_link_stats
06-12 22:45:31.614  1617  1617 D wpa_supp: nl80211: Drv Event 34 (NL80211_CMD_NEW_SCAN_RESULTS) received for wlan0
06-12 22:45:31.614  1617  1617 D wpa_supp: nl80211: Scan probed for SSID ''
06-12 22:45:31.614  1617  1617 D wpa_supp: nl80211: Scan included frequencies: 2412 2417 2422 2427 2432 2437 2442 2447 2452 2457 2462 2467 2472 5180 5200 5220 5240 5260 5280 5300 5320 5745 5765 5785 5805 5825
06-12 22:45:31.614  1617  1617 D wpa_supp: wlan0: Event SCAN_RESULTS (3) received
06-12 22:45:31.615  1617  1617 D wpa_supp: nl80211: Scan results indicate BSS status with 14:**:**:**:06:f8 as associated
06-12 22:45:31.615  1617  1617 D wpa_supp: wlan0: New scan results available (own=0 ext=1)
06-12 22:45:31.616  1617  1617 D wpa_supp: wlan0: Do not use results from externally requested scan operation for network selection
06-12 22:45:31.627  1617  1617 D wpa_supp: p2p-dev-wlan0: New scan results available (own=0 ext=1)
06-12 22:45:31.627  1617  1617 D wpa_supp: p2p-dev-wlan0: Do not use results from externally requested scan operation for network selection
06-12 22:45:31.648  1306  2217 I chatty  : uid=1000(system) WifiScanningSer expire 11 lines
06-12 22:45:34.033  2583  3458 I HardwareAdapter: isOnlyChargingType adaptor_detect=null
06-12 22:45:34.034  2583  3458 I HardwareAdapter: isOnlyChargingType chargerType=1
06-12 22:45:34.035  2583  3458 I hibernation: not only power charing.
06-12 22:45:34.539  2340  2340 I Net.207408NetworkSpeedM: mIsStop = false
06-12 22:45:34.540  2340  2466 I Net.207409NetworkSpeedM:  runInThread getTetherStats
06-12 22:45:34.544  2340  2340 I Net.207409NetworkSpeedM:  runInUI refreshSpeed
06-12 22:45:34.545  2340  2340 I Net.207409NetworkSpeedM: value=56.0speed = 56.0B/smIsShowLastSpeedValuefalse
06-12 22:45:34.545  2564  3746 I HwNaturalBase: [ServiceGuarder]: 48836Kb ram is used.
06-12 22:45:34.545  2340  2340 I NetworkSpeedView: /update(), speed=56.0B/s
06-12 22:45:34.546  2340  2340 I NetworkSpeedView: /update(), speed=56.0B/s
06-12 22:45:34.639   596   596 E WifiHAL : enter wifi_get_link_stats
06-12 22:45:34.937  2340  2340 D StatusBarIconController: setIconVisibility icon is null or visibility not change visibility=false
06-12 22:45:34.937  2340  2340 D NetWorkUtils: mVSimCurCardType is -1
06-12 22:45:34.939  2340  2340 D StatusBarIconController: setIconVisibility icon is null or visibility not change visibility=false
06-12 22:45:34.939  2340  2340 D NetWorkUtils: mVSimCurCardType is -1
06-12 22:45:34.940  2340  2340 D StatusBarIconController: setIconVisibility icon is null or visibility not change visibility=false
06-12 22:45:34.940  2340  2340 D NetWorkUtils: mVSimCurCardType is -1
06-12 22:45:35.941  2340  2340 D StatusBarIconController: setIconVisibility icon is null or visibility not change visibility=false
06-12 22:45:35.941  2340  2340 D NetWorkUtils: mVSimCurCardType is -1
06-12 22:45:35.941  2340  2340 E ndroid.systemu: Invalid ID 0x00000000.
06-12 22:45:35.942  2340  2340 E HwNotchUtils: setIconForView iconId is not found
06-12 22:45:35.942  2340  2340 D StatusBarIconController: setIconVisibility icon is null or visibility not change visibility=false
06-12 22:45:35.942  2340  2340 D NetWorkUtils: mVSimCurCardType is -1
06-12 22:45:35.942  2340  2340 E ndroid.systemu: Invalid ID 0x00000000.
06-12 22:45:35.942  2340  2340 E HwNotchUtils: setIconForView iconId is not found
06-12 22:45:35.942  2340  2340 D StatusBarIconController: setIconVisibility icon is null or visibility not change visibility=false
06-12 22:45:35.942  2340  2340 D NetWorkUtils: mVSimCurCardType is -1
06-12 22:45:35.943  2340  2340 E ndroid.systemu: Invalid ID 0x00000000.
06-12 22:45:35.943  2340  2340 E HwNotchUtils: setIconForView iconId is not found
06-12 22:45:36.959  1306  2212 I chatty  : uid=1000(system) WifiService expire 68 lines
06-12 22:45:37.542  2340  2340 I Net.207409NetworkSpeedM: mIsStop = false
06-12 22:45:37.543  2340  2466 I Net.207410NetworkSpeedM:  runInThread getTetherStats
06-12 22:45:37.549  2340  2340 I Net.207410NetworkSpeedM:  runInUI refreshSpeed
06-12 22:45:37.550  2340  2340 I Net.207410NetworkSpeedM: value=0.0speed = 0.00K/smIsShowLastSpeedValuefalse
06-12 22:45:37.550  2340  2340 I NetworkSpeedView: /update(), speed=0.00K/s
06-12 22:45:37.552  2340  2340 I NetworkSpeedView: /update(), speed=0.00K/s
06-12 22:45:37.667   596   596 E WifiHAL : enter wifi_get_link_stats
06-12 22:45:37.684  1306  2213 I chatty  : uid=1000(system) WifiStateMachin expire 20 lines
06-12 22:45:39.435  1306 11559 I chatty  : uid=1000 system_server expire 1 line
06-12 22:45:39.954  2340  2340 D StatusBarIconController: setIconVisibility icon is null or visibility not change visibility=false
06-12 22:45:39.954  2340  2340 D NetWorkUtils: mVSimCurCardType is -1
06-12 22:45:39.955  2340  2340 D StatusBarIconController: setIconVisibility icon is null or visibility not change visibility=false
06-12 22:45:39.956  2340  2340 D NetWorkUtils: mVSimCurCardType is -1
06-12 22:45:39.956  2340  2340 D StatusBarIconController: setIconVisibility icon is null or visibility not change visibility=false
06-12 22:45:39.956  2340  2340 D NetWorkUtils: mVSimCurCardType is -1
06-12 22:45:40.543  2340  2340 I Net.207410NetworkSpeedM: mIsStop = false
06-12 22:45:40.544  2340  2466 I Net.207411NetworkSpeedM:  runInThread getTetherStats
06-12 22:45:40.549  2340  2340 I Net.207411NetworkSpeedM:  runInUI refreshSpeed
06-12 22:45:40.551  2340  2340 I Net.207411NetworkSpeedM: value=13.333333speed = 13.3B/smIsShowLastSpeedValuefalse
06-12 22:45:40.551  2340  2340 I NetworkSpeedView: /update(), speed=13.3B/s
06-12 22:45:40.553  2340  2340 I NetworkSpeedView: /update(), speed=13.3B/s
06-12 22:45:40.692   596   596 E WifiHAL : enter wifi_get_link_stats
06-12 22:45:40.724  2340  2466 I HwMobileSignalController(0): subId:0 phoneType:1 networktype:13 targetClass:3 masterLevel:5 slaveLevel:-1
06-12 22:45:40.956  2340  2340 D StatusBarIconController: setIconVisibility icon is null or visibility not change visibility=false
06-12 22:45:40.957  2340  2340 D NetWorkUtils: mVSimCurCardType is -1
06-12 22:45:40.957  2340  2340 E ndroid.systemu: Invalid ID 0x00000000.
06-12 22:45:40.957  2340  2340 E HwNotchUtils: setIconForView iconId is not found
06-12 22:45:40.957  2340  2340 D StatusBarIconController: setIconVisibility icon is null or visibility not change visibility=false
06-12 22:45:40.957  2340  2340 D NetWorkUtils: mVSimCurCardType is -1
06-12 22:45:40.957  2340  2340 E ndroid.systemu: Invalid ID 0x00000000.
06-12 22:45:40.958  2340  2340 E HwNotchUtils: setIconForView iconId is not found
06-12 22:45:40.958  2340  2340 D StatusBarIconController: setIconVisibility icon is null or visibility not change visibility=false
06-12 22:45:40.958  2340  2340 D NetWorkUtils: mVSimCurCardType is -1
06-12 22:45:40.958  2340  2340 E ndroid.systemu: Invalid ID 0x00000000.
06-12 22:45:40.958  2340  2340 E HwNotchUtils: setIconForView iconId is not found
06-12 22:45:41.961  2340  2340 D StatusBarIconController: setIconVisibility icon is null or visibility not change visibility=false
06-12 22:45:41.961  2340  2340 D NetWorkUtils: mVSimCurCardType is -1
06-12 22:45:41.963  2340  2340 D StatusBarIconController: setIconVisibility icon is null or visibility not change visibility=false
06-12 22:45:41.963  2340  2340 D NetWorkUtils: mVSimCurCardType is -1
06-12 22:45:41.964  2340  2340 D StatusBarIconController: setIconVisibility icon is null or visibility not change visibility=false
06-12 22:45:41.964  2340  2340 D NetWorkUtils: mVSimCurCardType is -1
06-12 22:45:42.964  2340  2340 D StatusBarIconController: setIconVisibility icon is null or visibility not change visibility=false
06-12 22:45:42.965  2340  2340 D NetWorkUtils: mVSimCurCardType is -1
06-12 22:45:42.965  2340  2340 E ndroid.systemu: Invalid ID 0x00000000.
06-12 22:45:42.965  2340  2340 E HwNotchUtils: setIconForView iconId is not found
06-12 22:45:42.965  2340  2340 D StatusBarIconController: setIconVisibility icon is null or visibility not change visibility=false
06-12 22:45:42.966  2340  2340 D NetWorkUtils: mVSimCurCardType is -1
06-12 22:45:42.966  2340  2340 E ndroid.systemu: Invalid ID 0x00000000.
06-12 22:45:42.966  2340  2340 E HwNotchUtils: setIconForView iconId is not found
06-12 22:45:42.966  2340  2340 D StatusBarIconController: setIconVisibility icon is null or visibility not change visibility=false
06-12 22:45:42.966  2340  2340 D NetWorkUtils: mVSimCurCardType is -1
06-12 22:45:42.966  2340  2340 E ndroid.systemu: Invalid ID 0x00000000.
06-12 22:45:42.967  2340  2340 E HwNotchUtils: setIconForView iconId is not found
06-12 22:45:43.544  2340  2340 I Net.207411NetworkSpeedM: mIsStop = false
06-12 22:45:43.545  2340  2466 I Net.207412NetworkSpeedM:  runInThread getTetherStats
06-12 22:45:43.550  2340  2340 I Net.207412NetworkSpeedM:  runInUI refreshSpeed
06-12 22:45:43.552  2340  2340 I Net.207412NetworkSpeedM: value=56.0speed = 56.0B/smIsShowLastSpeedValuefalse
06-12 22:45:43.552  2340  2340 I NetworkSpeedView: /update(), speed=56.0B/s
06-12 22:45:43.553  2340  2340 I NetworkSpeedView: /update(), speed=56.0B/s
06-12 22:45:43.728   596   596 E WifiHAL : enter wifi_get_link_stats
06-12 22:45:44.971  2340  2340 D StatusBarIconController: setIconVisibility icon is null or visibility not change visibility=false
06-12 22:45:44.971  2340  2340 D NetWorkUtils: mVSimCurCardType is -1
06-12 22:45:44.973  2340  2340 D StatusBarIconController: setIconVisibility icon is null or visibility not change visibility=false
06-12 22:45:44.973  2340  2340 D NetWorkUtils: mVSimCurCardType is -1
06-12 22:45:44.974  2340  2340 D StatusBarIconController: setIconVisibility icon is null or visibility not change visibility=false
06-12 22:45:44.974  2340  2340 D NetWorkUtils: mVSimCurCardType is -1
06-12 22:45:45.677   698   698 E Thermal-daemon: [pa_0] temp_new :34  temp_old :33
06-12 22:45:45.678  2583  2595 I ThermalService: Receive temperature change, type: 1, temp: 34 from thermald
06-12 22:45:45.679   698   698 E Thermal-daemon: Report temperature: [pa_0] temp :34  report_threshold:1
06-12 22:45:45.977  2340  2340 D StatusBarIconController: setIconVisibility icon is null or visibility not change visibility=false
06-12 22:45:45.977  2340  2340 D NetWorkUtils: mVSimCurCardType is -1
06-12 22:45:45.977  2340  2340 E ndroid.systemu: Invalid ID 0x00000000.
06-12 22:45:45.977  2340  2340 E HwNotchUtils: setIconForView iconId is not found
06-12 22:45:45.978  2340  2340 D StatusBarIconController: setIconVisibility icon is null or visibility not change visibility=false
06-12 22:45:45.978  2340  2340 D NetWorkUtils: mVSimCurCardType is -1
06-12 22:45:45.978  2340  2340 E ndroid.systemu: Invalid ID 0x00000000.
06-12 22:45:45.978  2340  2340 E HwNotchUtils: setIconForView iconId is not found
06-12 22:45:45.979  2340  2340 D StatusBarIconController: setIconVisibility icon is null or visibility not change visibility=false
06-12 22:45:45.979  2340  2340 D NetWorkUtils: mVSimCurCardType is -1
06-12 22:45:45.979  2340  2340 E ndroid.systemu: Invalid ID 0x00000000.
06-12 22:45:45.979  2340  2340 E HwNotchUtils: setIconForView iconId is not found
06-12 22:45:46.545  2340  2340 I Net.207412NetworkSpeedM: mIsStop = false
06-12 22:45:46.546  2340  2466 I Net.207413NetworkSpeedM:  runInThread getTetherStats
06-12 22:45:46.550  2340  2340 I Net.207413NetworkSpeedM:  runInUI refreshSpeed
06-12 22:45:46.551  2340  2340 I Net.207413NetworkSpeedM: value=17.333334speed = 17.3B/smIsShowLastSpeedValuefalse
06-12 22:45:46.551  2340  2340 I NetworkSpeedView: /update(), speed=17.3B/s
06-12 22:45:46.552  2340  2340 I chatty  : uid=10039(com.huawei.HwMultiScreenShot) com.android.systemui identical 76 lines
06-12 22:45:46.727   551   623 E HwNetBoosterController: nb_send_nlmsg_to_kernel:socket not open
06-12 22:45:46.750   596   596 E WifiHAL : enter wifi_get_link_stats
06-12 22:45:46.912  1306  2267 I chatty  : uid=1000(system) HwSelfCureEngin expire 17 lines
06-12 22:45:47.446  1306  2289 I chatty  : uid=1000(system) HuaweiWifiWatch expire 46 lines
06-12 22:45:47.447  1306 11560 I chatty  : uid=1000 system_server expire 1 line
06-12 22:45:49.138  4935  5006 I AppLogManager: PrintWoker poll timeout , shutdown
06-12 22:45:49.773   596   596 E WifiHAL : enter wifi_get_link_stats
06-12 22:45:49.934 11561 11561 E JankService: child Thread receive to stop
06-12 22:45:50.074  2960  3093 E JankService: all data read ok
06-12 22:45:50.490  2583  2583 D PGApp   : monitor memory pss : 29986 Pid : 2583
06-12 22:45:52.798   596   596 E WifiHAL : enter wifi_get_link_stats
06-12 22:45:52.831  2528  3609 I chatty  : uid=1000(system) ConnectivityThr expire 6 lines
06-12 22:45:52.832  1306  2269 I chatty  : uid=1000(system) HwWifiConnectiv expire 5 lines
06-12 22:45:52.837  1306  2272 I chatty  : uid=1000(system) HwArbitrationSt expire 47 lines
06-12 22:45:52.856  1306  2285 I chatty  : uid=1000(system) WifiProStateMac expire 53 lines
06-12 22:45:52.857  2564 11433 D ARMoudle.HwActivityRecognition: getCurrentActivityExtend
06-12 22:45:52.859   560  3179 I ArHal   : (ar_data_get_state:1229):id[2]
06-12 22:45:52.862  2564 11433 D ARMoudle.HwActivityRecognition: hwActivityEvent:[ ActivityChangedExtendEvent:
06-12 22:45:52.862  2564 11433 D ARMoudle.HwActivityRecognition:     Activity='android.activity_recognition.still', EventType=1, TimestampNs=1592426085311606, Confidence=-1
06-12 22:45:52.862  2564 11433 D ARMoudle.HwActivityRecognition: ]
06-12 22:45:52.865  1306  1502 I chatty  : uid=1000(system) Binder:1306_4 expire 4 lines
06-12 22:45:52.867  2551  2575 I chatty  : uid=1000(system) Binder:2551_4 expire 5 lines
06-12 22:45:52.867 10313 10313 D HwInnerWifiManagerImpl: SupplicantState = COMPLETED
06-12 22:45:52.867 10313 10313 D HwInnerWifiManagerImpl: isPhoneAP = false
06-12 22:45:52.883  1617  1617 D wpa_supp: nl80211: Drv Event 33 (NL80211_CMD_TRIGGER_SCAN) received for wlan0
06-12 22:45:52.883  1617  1617 D wpa_supp: wlan0: Event SCAN_STARTED (46) received
06-12 22:45:52.883  1617  1617 D wpa_supp: wlan0: External program started a scan
06-12 22:45:55.161  1617  1617 D wpa_supp: nl80211: Drv Event 34 (NL80211_CMD_NEW_SCAN_RESULTS) received for wlan0
06-12 22:45:55.161  1617  1617 D wpa_supp: nl80211: Scan probed for SSID ''
06-12 22:45:55.162  1617  1617 D wpa_supp: nl80211: Scan included frequencies: 2412 2417 2422 2427 2432 2437 2442 2447 2452 2457 2462 2467 2472 5180 5200 5220 5240 5260 5280 5300 5320 5745 5765 5785 5805 5825
06-12 22:45:55.162  1617  1617 D wpa_supp: wlan0: Event SCAN_RESULTS (3) received
06-12 22:45:55.164  1617  1617 D wpa_supp: nl80211: Scan results indicate BSS status with 14:**:**:**:06:f8 as associated
06-12 22:45:55.164  1617  1617 D wpa_supp: OKC-Native: Okc ie is valid
06-12 22:45:55.164  1617  1617 D wpa_supp: OKC-Native: Receive okc ie, bssid=bc:**:**:**:eb:ac Target MAC=bc:**:**:**:eb:ac
06-12 22:45:55.165  1617  1617 D wpa_supp: wlan0: New scan results available (own=0 ext=1)
06-12 22:45:55.165  1617  1617 D wpa_supp: wlan0: Do not use results from externally requested scan operation for network selection
06-12 22:45:55.166  1617  1617 D wpa_supp: OKC-Native: Okc ie is valid
06-12 22:45:55.166  1617  1617 D wpa_supp: OKC-Native: Receive okc ie, bssid=bc:**:**:**:eb:ac Target MAC=bc:**:**:**:eb:ac
06-12 22:45:55.166  1617  1617 D wpa_supp: p2p-dev-wlan0: New scan results available (own=0 ext=1)
06-12 22:45:55.167  1617  1617 D wpa_supp: p2p-dev-wlan0: Do not use results from externally requested scan operation for network selection
06-12 22:45:55.190  1306  2217 I chatty  : uid=1000(system) WifiScanningSer expire 91 lines
06-12 22:45:55.207  2507  2507 D HwLBSService.HwNLPWifiScanManager: isScanned: true
06-12 22:45:55.210  1306  2288 I chatty  : uid=1000(system) HwIntelligenceS expire 6 lines
06-12 22:45:55.279  1617  1617 D wpa_supp: nl80211: Drv Event 33 (NL80211_CMD_TRIGGER_SCAN) received for wlan0
06-12 22:45:55.279  1617  1617 D wpa_supp: wlan0: Event SCAN_STARTED (46) received
06-12 22:45:55.279  1617  1617 D wpa_supp: wlan0: External program started a scan
06-12 22:45:55.450  1306 11563 I chatty  : uid=1000 system_server expire 1 line
06-12 22:45:55.686   698   698 E Thermal-daemon: [charger_ic] temp_new :36  temp_old :35
06-12 22:45:55.687  2583  2595 I ThermalService: Receive temperature change, type: 2, temp: 36 from thermald
06-12 22:45:55.688   698   698 E Thermal-daemon: Report temperature: [charger_ic] temp :36  report_threshold:1
06-12 22:45:55.827   596   596 E WifiHAL : enter wifi_get_link_stats
06-12 22:45:57.228  1306 11564 I chatty  : uid=1000(system) are.mem.default expire 1 line
06-12 22:45:57.232   704   732 I AwareLog: HibSTrategy::HibStrategySwapCandidateProcessAdd packagename com.android.systemui
06-12 22:45:57.247  2583  2595 I PGServer: getTopFrontApp. calling pkg: android
06-12 22:45:57.418   704  3598 I AwareLog: HiberManagerService::do_reclaim ok, pid=2340, reclaimAll = 1
06-12 22:45:57.418   704  3598 I AwareLog: HiberManagerService::getReclaimResult:reclaim_kb=9836, swap_kb=9836, swap_us=154303
06-12 22:45:57.418   704  3598 I AwareLog: HibStrategy::HibStrategySwapCandidateProcessRemove packagename is com.android.systemui
06-12 22:45:57.418   704  3598 I AwareLog: HiberManagerService::sendMessagetoHiberTask successful
06-12 22:45:57.419   704   732 I AwareLog: HibSTrategy::HibStrategySwapCandidateProcessAdd packagename com.google.android.gms
06-12 22:45:57.439  2583  2595 I PGServer: getTopFrontApp. calling pkg: android
06-12 22:45:57.563  1617  1617 D wpa_supp: nl80211: Drv Event 34 (NL80211_CMD_NEW_SCAN_RESULTS) received for wlan0
06-12 22:45:57.563  1617  1617 D wpa_supp: nl80211: Scan probed for SSID ''
