06-16 21:47:15.222  1296  1630 I chatty  : uid=1000(system) Binder:1296_5 expire 122 lines
06-16 21:47:15.233  1296  2129 I chatty  : uid=1000(system) Binder:1296_9 expire 6 lines
06-16 21:47:15.237  1296  2227 I chatty  : uid=1000(system) Binder:1296_B expire 15 lines
06-16 21:47:15.251  1296  1520 I chatty  : uid=1000(system) fingerprintServ expire 6 lines
06-16 21:47:15.256   493  1612 D vold    : begin lockScreenPrepare
06-16 21:47:15.256   493  1612 D vold    : e4crypt_lock_screen_prepare flag is: 1 user_id:0
06-16 21:47:15.312  1296  5041 I chatty  : uid=1000(system) HwBinder:1296_5 expire 2 lines
06-16 21:47:15.319  1639  1639 W FingerprintManager: Invalid acquired message: 6, 1001
06-16 21:47:15.490  1296  1325 I chatty  : uid=1000(system) android.display expire 2 lines
06-16 21:47:15.803  1296  1312 I chatty  : uid=1000(system) HwActivityManag expire 1 line
06-16 21:47:15.972  1639  1639 W KeyguardViewMediator: callback -> onShowingStateChanged.
06-16 21:47:15.974  1296  8175 I chatty  : uid=1000(system) Binder:1296_1B expire 10 lines
06-16 21:47:15.979  1296  1445 I chatty  : uid=1000(system) HeartBeatHandle expire 9 lines
06-16 21:47:16.068  1296  1314 I chatty  : uid=1000(system) ActivityManager expire 1 line
06-16 21:47:16.100   568   645 W SocketListener: sending broadcast to Pid = 1296, Uid = 1000 
06-16 21:47:16.153 31101 31101 V ActivityThread: Handle window ActivityRecord{30c761c token=android.os.BinderProxy@728a49f {com.qiyi.video/org.iqiyi.video.activity.PlayerActivity}} visibility: false
06-16 21:47:16.153  1296  1477 I chatty  : uid=1000(system) WifiP2pService expire 4 lines
06-16 21:47:16.161  1296  1474 I chatty  : uid=1000(system) WifiStateMachin expire 14 lines
06-16 21:47:16.166  1639  1639 V KeyguardStatusView: refresh statusview showing:true
06-16 21:47:16.174  1639  1639 V KeyguardDisplayManager: show
06-16 21:47:16.186  1593  2030 D FaceRecognizeService: daemon init result val = 0 package = com.android.systemui
06-16 21:47:16.189  1593  1607 D AntiBruteForceProcessor: RemainingAuthenticateNum = 5
06-16 21:47:16.190  1593  2030 D FaceRecognizeService: daemon init result val = 0 package = com.android.systemui
06-16 21:47:16.212  1593  1817 I BoosterGameP: handleStateChanged reason=2
06-16 21:47:16.212  1593  1817 E BoosterGameP: inValidCQI:-1
06-16 21:47:16.212  1593  1817 I BoosterVideoP: handleStateChanged reason=2
06-16 21:47:16.213  1593  1817 I BoosterVideoP: sendModemUnsolState false
06-16 21:47:16.213  1593  1817 I BoosterSwitchP: handleStateChanged reason=2
06-16 21:47:16.213  1593  1817 I DeepNoDisturbP: handleStateChanged reason=2
06-16 21:47:16.213  1593  1817 I DeepNoDisturbSM: setScreenState isScreenOn=false
06-16 21:47:16.213  1593  1817 I HidataAppQoeP: handleStateChanged reason=2
06-16 21:47:16.213  1593  1817 I BrowserChrP: handleStateChanged
06-16 21:47:16.213  1593  1593 I DeepNoDisturbSM: IdleState processMessage msg.what=EVENT_SCREEN_OFF
06-16 21:47:16.213  1593  1593 I DeepNoDisturbSM: IdleState: default msg.what=11
06-16 21:47:16.234  1296  7268 I chatty  : uid=1000(system) Binder:1296_15 expire 2 lines
06-16 21:47:16.236  1296  7866 I chatty  : uid=1000(system) Binder:1296_18 expire 1 line
06-16 21:47:16.249  1296  1306 I chatty  : uid=1000(system) Binder:1296_1 expire 1 line
06-16 21:47:16.250  1593  1820 E HwCommBoosterManager: handleOemHookSetResp end error, ret=-2
06-16 21:47:16.365  1296  1424 I chatty  : uid=1000(system) android.anim expire 1 line
06-16 21:47:16.491  1296  2747 I chatty  : uid=1000(system) HwDeviceUsageCo expire 1 line
06-16 21:47:16.627  3413  8044 W ContextImpl: Calling a method in the system process without a qualified user: android.app.ContextImpl.bindService:1840 android.content.ContextWrapper.bindService:698 com.huawei.nb.dataservice.dsclient.RemoteServiceConnection.open:90 com.huawei.nb.dataservice.dsclient.DataServiceProxy.connect:105 com.huawei.nb.dataservice.rsclient.internal.RemoteRuleService.start:27 
06-16 21:47:16.648  1296  7268 I chatty  : uid=1000(system) Binder:1296_15 expire 223 lines
06-16 21:47:16.794  1296  1314 I chatty  : uid=1000(system) ActivityManager expire 492 lines
06-16 21:47:17.014  1296  1630 I chatty  : uid=1000(system) Binder:1296_5 expire 635 lines
06-16 21:47:17.962  1593  1817 I HidataAppQoeP: handleStateChanged reason=6
06-16 21:47:17.962  1593  1817 I BrowserChrP: handleStateChanged
06-16 21:47:17.971  1296  1467 I chatty  : uid=1000(system) NetdConnector expire 6 lines
06-16 21:47:18.994  1296  1445 I chatty  : uid=1000(system) HeartBeatHandle expire 12 lines
06-16 21:47:20.783  1296  1319 I chatty  : uid=1000(system) ThirdAppHandler expire 3 lines
06-16 21:47:22.201 31864 32190 I ContentPermission: browser mPermissionType = 0
06-16 21:47:22.203  1296  1306 I chatty  : uid=1000(system) Binder:1296_1 expire 3 lines
06-16 21:47:26.083  1296  1432 I chatty  : uid=1000(system) UEventObserver expire 5 lines
06-16 21:47:26.092  1296  5041 I chatty  : uid=1000(system) HwBinder:1296_5 expire 1 line
06-16 21:47:27.373  1296  1761 I chatty  : uid=1000(system) watchdog expire 1 line
06-16 21:47:32.051   568   640 W SocketListener: sending broadcast to Pid = 1296, Uid = 1000 
06-16 21:47:32.052  1296  1311 I chatty  : uid=1000(system) android.bg expire 1 line
06-16 21:47:32.056  1296  1323 I chatty  : uid=1000(system) android.fg expire 2 lines
06-16 21:47:32.061  1296  1470 I chatty  : uid=1000(system) NetworkStats expire 5 lines
06-16 21:47:32.337  1296  7268 I chatty  : uid=1000(system) Binder:1296_15 expire 107 lines
06-16 21:47:44.063  1296  1296 I chatty  : uid=1000 system_server expire 290 lines
06-16 21:47:44.074  1296  1314 I chatty  : uid=1000(system) ActivityManager expire 47 lines
06-16 21:47:44.176  1296  8175 I chatty  : uid=1000(system) Binder:1296_1B expire 7 lines
06-16 21:47:44.223  1296  8135 I chatty  : uid=1000(system) Binder:1296_1A expire 310 lines
06-16 21:47:44.375  1296  7866 I chatty  : uid=1000(system) Binder:1296_18 expire 6 lines
06-16 21:47:44.481  1296  1630 I chatty  : uid=1000(system) Binder:1296_5 expire 77 lines
06-16 21:47:44.494  1296  2129 I chatty  : uid=1000(system) Binder:1296_9 expire 15 lines
06-16 21:48:04.148  1296  1630 I chatty  : uid=1000(system) Binder:1296_5 expire 218 lines
06-16 21:48:04.178  1296  7866 I chatty  : uid=1000(system) Binder:1296_18 expire 30 lines
06-16 21:48:04.347  1296  1307 I chatty  : uid=1000(system) Binder:1296_2 expire 68 lines
06-16 21:48:04.396  1296  1314 I chatty  : uid=1000(system) ActivityManager expire 248 lines
06-16 21:48:04.406  1296  1296 I chatty  : uid=1000 system_server expire 1 line
06-16 21:48:09.165  1296  8135 I chatty  : uid=1000(system) Binder:1296_1A expire 2 lines
06-16 21:48:09.253   568   645 W SocketListener: sending broadcast to Pid = 1296, Uid = 1000 
06-16 21:48:09.255  1296  1467 I chatty  : uid=1000(system) NetdConnector expire 6 lines
06-16 21:48:09.259  1296  1323 I chatty  : uid=1000(system) android.fg expire 4 lines
06-16 21:48:09.287  1593  1607 I BoosterSwitchP: notifyUidState do nothing
06-16 21:48:09.287  1593  1607 I DeepNoDisturbP: notifyUidState
06-16 21:48:09.287  1593  1607 I HidataAppQoeP: notifyUidState
06-16 21:48:09.287  1593  1607 I BrowserChrP: notifyUidState
06-16 21:48:09.335  1296  7268 I chatty  : uid=1000(system) Binder:1296_15 expire 2 lines
06-16 21:48:09.341  1296  1306 I chatty  : uid=1000(system) Binder:1296_1 expire 58 lines
06-16 21:48:09.782  1296  1495 I chatty  : uid=1000(system) Thread-41 expire 1 line
06-16 21:48:10.632  1296 14782 I chatty  : uid=1000(system) Binder:1296_1F expire 1 line
06-16 21:48:12.692   711   771 I storaged: storaged_t::event: storage_info refreshed.
06-16 21:48:32.063   568   638 W SocketListener: sending broadcast to Pid = 1296, Uid = 1000 
06-16 21:48:32.652  1296  1314 I chatty  : uid=1000(system) ActivityManager expire 28 lines
06-16 21:48:32.658  1296  1296 I chatty  : uid=1000 system_server expire 10 lines
06-16 21:48:32.664 31101 31101 E ActivityThread: Service com.iqiyi.im.core.service.PPMessageService has leaked ServiceConnection com.iqiyi.im.core.service.con@6343f8f that was originally bound here
06-16 21:48:32.664 31101 31101 E ActivityThread: android.app.ServiceConnectionLeaked: Service com.iqiyi.im.core.service.PPMessageService has leaked ServiceConnection com.iqiyi.im.core.service.con@6343f8f that was originally bound here
06-16 21:48:32.664 31101 31101 E ActivityThread: 	at android.app.LoadedApk$ServiceDispatcher.<init>(LoadedApk.java:1790)
06-16 21:48:32.664 31101 31101 E ActivityThread: 	at android.app.LoadedApk.getServiceDispatcher(LoadedApk.java:1682)
06-16 21:48:32.664 31101 31101 E ActivityThread: 	at android.app.ContextImpl.bindServiceCommon(ContextImpl.java:1888)
06-16 21:48:32.664 31101 31101 E ActivityThread: 	at android.app.ContextImpl.bindService(ContextImpl.java:1841)
06-16 21:48:32.664 31101 31101 E ActivityThread: 	at android.content.ContextWrapper.bindService(ContextWrapper.java:698)
06-16 21:48:32.664 31101 31101 E ActivityThread: 	at com.iqiyi.im.core.service.PPMessageService.onCreate(Unknown Source:96)
06-16 21:48:32.664 31101 31101 E ActivityThread: 	at android.app.ActivityThread.handleCreateService(ActivityThread.java:4074)
06-16 21:48:32.664 31101 31101 E ActivityThread: 	at android.app.ActivityThread.access$2200(ActivityThread.java:268)
06-16 21:48:32.664 31101 31101 E ActivityThread: 	at android.app.ActivityThread$H.handleMessage(ActivityThread.java:2011)
06-16 21:48:32.664 31101 31101 E ActivityThread: 	at android.os.Handler.dispatchMessage(Handler.java:109)
06-16 21:48:32.664 31101 31101 E ActivityThread: 	at android.os.Looper.loop(Looper.java:207)
06-16 21:48:32.664 31101 31101 E ActivityThread: 	at android.app.ActivityThread.main(ActivityThread.java:7539)
06-16 21:48:32.664 31101 31101 E ActivityThread: 	at java.lang.reflect.Method.invoke(Native Method)
06-16 21:48:32.664 31101 31101 E ActivityThread: 	at com.android.internal.os.RuntimeInit$MethodAndArgsCaller.run(RuntimeInit.java:524)
06-16 21:48:32.664 31101 31101 E ActivityThread: 	at com.android.internal.os.ZygoteInit.main(ZygoteInit.java:958)
06-16 21:48:33.095  1296  4571 I chatty  : uid=1000(system) IpClient.wlan0 expire 61 lines
06-16 21:48:33.215  1296  2129 I chatty  : uid=1000(system) Binder:1296_9 expire 292 lines
06-16 21:48:33.254  1296  1477 I chatty  : uid=1000(system) WifiP2pService expire 6 lines
06-16 21:48:33.260   568   638 W SocketListener: sending broadcast to Pid = 1296, Uid = 1000 
06-16 21:48:33.265  1296  1467 I chatty  : uid=1000(system) NetdConnector expire 10 lines
06-16 21:48:33.267  1296  1323 I chatty  : uid=1000(system) android.fg expire 5 lines
06-16 21:48:33.366  1296  1480 I chatty  : uid=1000(system) ConnectivitySer expire 14 lines
06-16 21:48:33.368  1296  1506 I chatty  : uid=1000(system) ConnectivityThr expire 9 lines
06-16 21:48:33.385  1296 14782 I chatty  : uid=1000(system) Binder:1296_1F expire 14 lines
06-16 21:48:33.389  1296  1307 I chatty  : uid=1000(system) Binder:1296_2 expire 5 lines
06-16 21:48:33.390  1296  1306 I chatty  : uid=1000(system) Binder:1296_1 expire 1 line
06-16 21:48:33.427  1296  1470 I chatty  : uid=1000(system) NetworkStats expire 6 lines
06-16 21:48:33.474  1296  1317 I chatty  : uid=1000(system) ActivityManager expire 2 lines
06-16 21:48:33.475  1296  1796 I chatty  : uid=1000(system) MultiTaskManage expire 2 lines
06-16 21:48:33.504 32346 32346 D ActivityThread: Attach thread to application
06-16 21:48:33.524  1296  1311 I chatty  : uid=1000(system) android.bg expire 2 lines
06-16 21:48:33.529 32361 32361 D ActivityThread: Attach thread to application
06-16 21:48:33.540  1296  7268 I chatty  : uid=1000(system) Binder:1296_15 expire 42 lines
06-16 21:49:18.049  1296  1761 I chatty  : uid=1000(system) watchdog expire 1 line
06-16 21:49:18.059   568   638 W SocketListener: sending broadcast to Pid = 1296, Uid = 1000 
06-16 21:49:18.086  1296  1314 I chatty  : uid=1000(system) ActivityManager expire 1 line
06-16 21:49:18.219  1296  2129 I chatty  : uid=1000(system) Binder:1296_9 expire 3 lines
06-16 21:49:19.238   568   638 W SocketListener: sending broadcast to Pid = 1296, Uid = 1000 
06-16 21:49:19.267  1296  1321 I chatty  : uid=1000(system) batterystats-wo expire 2 lines
06-16 21:49:21.033  1296 14782 I chatty  : uid=1000(system) Binder:1296_1F expire 17 lines
06-16 21:50:48.059   568   638 W SocketListener: sending broadcast to Pid = 1296, Uid = 1000 
06-16 21:50:48.061  1296  1467 I chatty  : uid=1000(system) NetdConnector expire 4 lines
06-16 21:50:48.102  1296  1445 I chatty  : uid=1000(system) HeartBeatHandle expire 10 lines
06-16 21:50:48.129   568   638 W SocketListener: sending broadcast to Pid = 1296, Uid = 1000 
06-16 21:50:58.277  1296  1630 I chatty  : uid=1000(system) Binder:1296_5 expire 30 lines
06-16 21:50:58.427  1296  7268 I chatty  : uid=1000(system) Binder:1296_15 expire 15 lines
06-16 21:50:58.468  4630  4667 W ContextImpl: Calling a method in the system process without a qualified user: android.app.ContextImpl.sendBroadcast:1151 android.content.ContextWrapper.sendBroadcast:444 com.huawei.android.pushagent.model.channel.entity.a.b.ty:474 com.huawei.android.pushagent.model.channel.entity.a.b.tk:440 com.huawei.android.pushagent.model.channel.entity.b.ul:51 
06-16 21:51:43.061   568   638 W SocketListener: sending broadcast to Pid = 1296, Uid = 1000 
06-16 21:51:43.063  1296  1467 I chatty  : uid=1000(system) NetdConnector expire 6 lines
06-16 21:51:43.064  1296  1323 I chatty  : uid=1000(system) android.fg expire 2 lines
06-16 21:51:43.703  1296  1314 I chatty  : uid=1000(system) ActivityManager expire 4 lines
06-16 21:51:43.723  1296  1320 I chatty  : uid=1000(system) keyAppHanderThr expire 1 line
06-16 21:51:43.728  1296  1311 I chatty  : uid=1000(system) android.bg expire 2 lines
06-16 21:51:43.730  1296  1296 I chatty  : uid=1000 system_server expire 7 lines
06-16 21:51:43.770  1296  1306 I chatty  : uid=1000(system) Binder:1296_1 expire 92 lines
06-16 21:51:43.846  1296  2129 I chatty  : uid=1000(system) Binder:1296_9 expire 25 lines
06-16 21:51:43.891  1296  1471 I chatty  : uid=1000(system) NetworkPolicy expire 4 lines
06-16 21:51:43.916  1296  1630 I chatty  : uid=1000(system) Binder:1296_5 expire 1 line
06-16 21:51:43.949  1296 14782 I chatty  : uid=1000(system) Binder:1296_1F expire 27 lines
06-16 21:51:43.961  1296  1307 I chatty  : uid=1000(system) Binder:1296_2 expire 32 lines
06-16 21:51:43.966   568   638 W SocketListener: sending broadcast to Pid = 1296, Uid = 1000 
06-16 21:51:43.986  1296  1321 I chatty  : uid=1000(system) batterystats-wo expire 2 lines
06-16 21:51:44.361  1296 14782 I chatty  : uid=1000(system) Binder:1296_1F expire 22 lines
06-16 21:51:58.565   568   645 W SocketListener: sending broadcast to Pid = 1296, Uid = 1000 
06-16 21:51:58.569  1296  1467 I chatty  : uid=1000(system) NetdConnector expire 10 lines
06-16 21:51:58.575  1296  1323 I chatty  : uid=1000(system) android.fg expire 10 lines
06-16 21:53:02.060   568   638 W SocketListener: sending broadcast to Pid = 1296, Uid = 1000 
06-16 21:53:02.944   568   638 W SocketListener: sending broadcast to Pid = 1296, Uid = 1000 
06-16 21:53:17.459   568   638 W SocketListener: sending broadcast to Pid = 1296, Uid = 1000 
06-16 21:53:44.067  1296  1296 I chatty  : uid=1000 system_server expire 8 lines
06-16 21:53:44.113  1296  1306 I chatty  : uid=1000(system) Binder:1296_1 expire 26 lines
06-16 21:53:44.137   568   638 W SocketListener: sending broadcast to Pid = 1296, Uid = 1000 
06-16 21:53:44.205  1296  1630 I chatty  : uid=1000(system) Binder:1296_5 expire 340 lines
06-16 21:53:44.283  1296  1307 I chatty  : uid=1000(system) Binder:1296_2 expire 15 lines
06-16 21:53:44.340  1296  1315 I chatty  : uid=1000(system) android.ui expire 1 line
06-16 21:53:44.349  1296 14782 I chatty  : uid=1000(system) Binder:1296_1F expire 15 lines
06-16 21:54:46.059   568   638 W SocketListener: sending broadcast to Pid = 1296, Uid = 1000 
06-16 21:54:46.061  1296  1467 I chatty  : uid=1000(system) NetdConnector expire 8 lines
06-16 21:54:46.101  1296 14782 I chatty  : uid=1000(system) Binder:1296_1F expire 60 lines
06-16 21:54:46.208  1296  1630 I chatty  : uid=1000(system) Binder:1296_5 expire 335 lines
06-16 21:54:46.315   568   638 W SocketListener: sending broadcast to Pid = 1296, Uid = 1000 
06-16 21:54:46.964  1296  1761 I chatty  : uid=1000(system) watchdog expire 1 line
06-16 21:54:47.899  1296  1306 I chatty  : uid=1000(system) Binder:1296_1 expire 46 lines
06-16 21:54:47.900  1296  1328 I chatty  : uid=1000(system) PowerManagerSer expire 1 line
06-16 21:54:54.158  1296  1320 I chatty  : uid=1000(system) keyAppHanderThr expire 9 lines
06-16 21:54:55.789  1296  1307 I chatty  : uid=1000(system) Binder:1296_2 expire 3 lines
06-16 21:54:58.212  1296  2129 I chatty  : uid=1000(system) Binder:1296_9 expire 1 line
06-16 21:55:27.058   568   638 W SocketListener: sending broadcast to Pid = 1296, Uid = 1000 
06-16 21:55:27.085   568   638 W SocketListener: sending broadcast to Pid = 1296, Uid = 1000 
06-16 21:55:27.089  1296  1323 I chatty  : uid=1000(system) android.fg expire 3 lines
06-16 21:55:44.057  1296  1296 I chatty  : uid=1000 system_server expire 60 lines
06-16 21:55:44.059   568   638 W SocketListener: sending broadcast to Pid = 1296, Uid = 1000 
06-16 21:55:44.061  1296  1467 I chatty  : uid=1000(system) NetdConnector expire 4 lines
06-16 21:55:44.066  1296  1314 I chatty  : uid=1000(system) ActivityManager expire 2 lines
06-16 21:55:44.142  1296  1577 I chatty  : uid=1000(system) SyncManager expire 41 lines
06-16 21:55:44.151  1296 14782 I chatty  : uid=1000(system) Binder:1296_1F expire 21 lines
06-16 21:55:44.177  1296  1307 I chatty  : uid=1000(system) Binder:1296_2 expire 4 lines
06-16 21:55:44.189  1296  1306 I chatty  : uid=1000(system) Binder:1296_1 expire 9 lines
06-16 21:55:44.220  1296  1630 I chatty  : uid=1000(system) Binder:1296_5 expire 354 lines
06-16 21:55:44.225   568   638 W SocketListener: sending broadcast to Pid = 1296, Uid = 1000 
06-16 21:55:44.256  1296  1321 I chatty  : uid=1000(system) batterystats-wo expire 1 line
06-16 21:55:44.340  1296  2129 I chatty  : uid=1000(system) Binder:1296_9 expire 32 lines
06-16 21:55:50.243  1296  1328 I chatty  : uid=1000(system) PowerManagerSer expire 11 lines
06-16 21:55:55.060  1296  1457 I chatty  : uid=1000(system) InputReader expire 10 lines
06-16 21:55:55.076  1639  1985 I PermissionManager: camera remind result:true
06-16 21:55:55.076  1639  1985 I BackgroundPermManager: pkgName: com.android.systemui,pid: 1639 ,uidOf3RdApk: 10039 ,permType: 0 ,permCfg: 1
06-16 21:55:55.077  1296  1296 I chatty  : uid=1000 system_server expire 24 lines
06-16 21:55:55.132  1296  2129 I chatty  : uid=1000(system) Binder:1296_9 expire 3 lines
06-16 21:55:55.149  1296  1630 I chatty  : uid=1000(system) Binder:1296_5 expire 3 lines
06-16 21:55:55.162  1296  5041 I chatty  : uid=1000(system) HwBinder:1296_5 expire 1 line
06-16 21:55:55.175  1296 14782 I chatty  : uid=1000(system) Binder:1296_1F expire 3 lines
06-16 21:55:55.201  1296  1445 I chatty  : uid=1000(system) HeartBeatHandle expire 12 lines
06-16 21:55:55.211  1296  1325 I chatty  : uid=1000(system) android.display expire 2 lines
06-16 21:55:55.216  1593  2030 D FaceRecognizeService: authenticate begin package = com.android.systemui
06-16 21:55:55.216  1593  2110 D FaceRecognizeService: authenticate running!
06-16 21:55:55.216  1593  2110 D FaceRecognizeService: startAuthentication(com.android.systemui)
06-16 21:55:55.217  1593  2110 D FaceRecognizeService: isMainUser in-userId = 0 currentUserId = 0
06-16 21:55:55.219  1296  8175 I chatty  : uid=1000(system) Binder:1296_1B expire 1 line
06-16 21:55:55.221  1639  1639 W KeyguardViewMediator: notifyDrawn as: ScreenTurningOn 
06-16 21:55:55.223  1593  2110 D FaceRecognizeService: startAuthentication errorCode = 0
06-16 21:55:55.223  1593  2110 D FaceRecognizeService: current cmd is NULL!
06-16 21:55:55.223  1593  2110 D FaceRecognizeService: start new cmd directly!!
06-16 21:55:55.225  1296  1464 I chatty  : uid=1000(system) StorageManagerS expire 36 lines
06-16 21:55:55.226  1593  2110 D FaceRecognizeAuthCmd: doStart daemon return value = 0 userId = 0
06-16 21:55:55.226  1593  2110 D FaceRecognizeAuthCmd: authenticate cmd dostart end error code =  success 
06-16 21:55:55.226  1593  2110 D FaceRecognizeBaseCmd: processHalReturnedResult ERROR CODE =  success 
06-16 21:55:55.237  1296  1315 I chatty  : uid=1000(system) android.ui expire 3 lines
06-16 21:55:55.238  1296  1424 I chatty  : uid=1000(system) android.anim expire 2 lines
06-16 21:55:55.265   493 32531 D vold    : idle maintenance stopped
06-16 21:55:55.268  1296  1477 I chatty  : uid=1000(system) WifiP2pService expire 5 lines
06-16 21:55:55.279  1296  1474 I chatty  : uid=1000(system) WifiStateMachin expire 1 line
06-16 21:55:55.282  1296  1296 I chatty  : uid=1000 system_server expire 87 lines
06-16 21:55:55.309  1296  1476 I chatty  : uid=1000(system) WifiScanningSer expire 1 line
06-16 21:55:55.321  1593  1817 I BoosterGameP: handleStateChanged reason=2
06-16 21:55:55.321  1593  1817 E BoosterGameP: inValidCQI:-1
06-16 21:55:55.321  1593  1817 I BoosterVideoP: handleStateChanged reason=2
06-16 21:55:55.321  1593  1817 I BoosterVideoP: sendModemUnsolState false
06-16 21:55:55.321  1593  1817 I BoosterSwitchP: handleStateChanged reason=2
06-16 21:55:55.321  1593  1817 I DeepNoDisturbP: handleStateChanged reason=2
06-16 21:55:55.321  1593  1817 I DeepNoDisturbSM: setScreenState isScreenOn=true
06-16 21:55:55.321  1593  1817 I HidataAppQoeP: handleStateChanged reason=2
06-16 21:55:55.321  1593  1817 I BrowserChrP: handleStateChanged
06-16 21:55:55.322  1593  1593 I DeepNoDisturbSM: IdleState processMessage msg.what=EVENT_SCREEN_ON
06-16 21:55:55.322  1296  2129 I chatty  : uid=1000(system) Binder:1296_9 expire 12 lines
06-16 21:55:55.324  1593  1593 I DeepNoDisturbSM: isWifiConnected = true
06-16 21:55:55.340  1593  1593 I DeepNoDisturbSM: isNetworkTypeSuitDeepNoDisturbMode networkType = 13
06-16 21:55:55.340  1593  1593 I DeepNoDisturbSM: isCorrectState=true mIsCallOn=false mGameStatus=0 defaultDataSubId=0 default4GSlotId=0 mIsDefaultDataOn=false mIsScreenOn=true deepNoDisturbModeProp=true isDeepNoDisturbSwitchOn=false isGameDndSwitchOn=false isNetworkTypeSuitDeepNoDisturbMode=true isAirplaneModeOn()=false
06-16 21:55:55.340  1593  1593 I DeepNoDisturbSM: isNeedEnterDeepNoDisturbMode false
06-16 21:55:55.343  1593  1820 E HwCommBoosterManager: handleOemHookSetResp end error, ret=-2
06-16 21:55:55.352  1296 14782 I chatty  : uid=1000(system) Binder:1296_1F expire 14 lines
06-16 21:55:55.444  1296  1314 I chatty  : uid=1000(system) ActivityManager expire 3 lines
06-16 21:55:55.513  1296  1311 I chatty  : uid=1000(system) android.bg expire 1 line
06-16 21:55:55.521  1296  1467 I chatty  : uid=1000(system) NetdConnector expire 2 lines
06-16 21:55:55.527  1593  1817 I HidataAppQoeP: handleStateChanged reason=6
06-16 21:55:55.527  1593  1817 I BrowserChrP: handleStateChanged
06-16 21:55:55.532  1593  1817 I HidataAppQoeP: handleStateChanged reason=6
06-16 21:55:55.532  1593  1817 I BrowserChrP: handleStateChanged
06-16 21:55:55.533  1296  1317 I chatty  : uid=1000(system) ActivityManager expire 2 lines
06-16 21:55:55.534  1296  1796 I chatty  : uid=1000(system) MultiTaskManage expire 2 lines
06-16 21:55:55.538  1593  1817 I HidataAppQoeP: handleStateChanged reason=6
06-16 21:55:55.538  1593  1817 I BrowserChrP: handleStateChanged
06-16 21:55:55.555  1296  1630 I chatty  : uid=1000(system) Binder:1296_5 expire 5 lines
06-16 21:55:55.570  1868  1868 I Telephony-PstnPhoneCapabilitiesNotifier: handleVideoCapabilitesChanged. Video capability - true
06-16 21:55:55.632  1296  1315 I chatty  : uid=1000(system) android.ui expire 37 lines
06-16 21:55:55.637 32545 32545 D ActivityThread: Attach thread to application
06-16 21:55:55.659  1296  1424 I chatty  : uid=1000(system) android.anim expire 1 line
06-16 21:55:55.677  1296  1450 I chatty  : uid=1000(system) hw_finger_unloc expire 1 line
06-16 21:55:55.683  1296  1569 I chatty  : uid=1000(system) PhotonicModulat expire 27 lines
06-16 21:55:55.683  1296  1328 I chatty  : uid=1000(system) PowerManagerSer expire 8 lines
06-16 21:55:55.703  1296  2225 I chatty  : uid=1000(system) Binder:1296_A expire 2 lines
06-16 21:55:55.761  1296  1480 I chatty  : uid=1000(system) ConnectivitySer expire 2 lines
06-16 21:55:55.782  1593  2030 I BoosterSwitchP: notifyUidState do nothing
06-16 21:55:55.782  1593  2030 I DeepNoDisturbP: notifyUidState
06-16 21:55:55.782  1593  2030 I HidataAppQoeP: notifyUidState
06-16 21:55:55.782  1593  2030 I BrowserChrP: notifyUidState
06-16 21:55:55.831  1593  2030 I BoosterSwitchP: notifyUidState do nothing
06-16 21:55:55.831  1593  2030 I DeepNoDisturbP: notifyUidState
06-16 21:55:55.831  1593  2030 I HidataAppQoeP: notifyUidState
06-16 21:55:55.831  1593  2030 I BrowserChrP: notifyUidState
06-16 21:55:55.864  1868  1868 W SettingsEx: SettingsEx.Systemex.getString deprecated use Settings.System.getString instead ;callers=com.android.internal.telephony.gsm.HwCustGsmServiceStateManagerImpl.isMccForShowNetname:206 com.android.internal.telephony.gsm.HwCustGsmServiceStateManagerImpl.isShowNetnameByMcc:197 com.android.internal.telephony.gsm.HwCustGsmServiceStateManagerImpl.setOnsDisplayCustomization:148 
06-16 21:55:55.879  1593  1817 I HidataAppQoeP: handleStateChanged reason=6
06-16 21:55:55.879  1593  1817 I BrowserChrP: handleStateChanged
06-16 21:55:55.953  1296  2327 I chatty  : uid=1000(system) Binder:1296_11 expire 2 lines
06-16 21:55:55.960  1593  2030 I BoosterSwitchP: notifyUidState do nothing
06-16 21:55:55.960  1593  2030 I DeepNoDisturbP: notifyUidState
06-16 21:55:55.960  1593  2030 I HidataAppQoeP: notifyUidState
06-16 21:55:55.960  1593  2030 I BrowserChrP: notifyUidState
06-16 21:55:55.964  1296  1306 I chatty  : uid=1000(system) Binder:1296_1 expire 2 lines
06-16 21:55:55.965  1593  1607 I BoosterSwitchP: notifyUidState do nothing
06-16 21:55:55.965  1593  1607 I DeepNoDisturbP: notifyUidState
06-16 21:55:55.965  1593  1607 I HidataAppQoeP: notifyUidState
06-16 21:55:55.965  1593  1607 I BrowserChrP: notifyUidState
06-16 21:55:55.967  1593  1607 I BoosterSwitchP: notifyUidState do nothing
06-16 21:55:55.967  1593  1607 I DeepNoDisturbP: notifyUidState
06-16 21:55:55.967  1593  1607 I HidataAppQoeP: notifyUidState
06-16 21:55:55.967  1593  1607 I BrowserChrP: notifyUidState
06-16 21:55:55.999  1296  2317 I chatty  : uid=1000(system) Binder:1296_C expire 12 lines
06-16 21:55:56.029  1593  8696 I BoosterSwitchP: notifyUidState do nothing
06-16 21:55:56.029  1593  8696 I DeepNoDisturbP: notifyUidState
06-16 21:55:56.029  1593  8696 I HidataAppQoeP: notifyUidState
06-16 21:55:56.029  1593  8696 I BrowserChrP: notifyUidState
06-16 21:55:56.231  1593  1909 D FaceRecognizeService: onAuthenticationAcquired acquiredInfo = 5
06-16 21:55:56.231  1593  2110 D FaceRecognizeAuthCmd: onMessage EVNET = authenticate acquire  para1= 5 para2 = 0
06-16 21:55:56.235  1593  2110 E FaceRecognizeService: handleMessage EVT = 4
06-16 21:55:56.285  1296  1495 I chatty  : uid=1000(system) Thread-41 expire 7 lines
06-16 21:55:56.387  1593  8696 I BoosterSwitchP: notifyUidState do nothing
06-16 21:55:56.387  1593  8696 I DeepNoDisturbP: notifyUidState
06-16 21:55:56.387  1593  8696 I HidataAppQoeP: notifyUidState
06-16 21:55:56.387  1593  8696 I BrowserChrP: notifyUidState
06-16 21:55:56.578  1593  1909 D FaceRecognizeService: onAuthenticationResult userId = 0 errorCode = 0
06-16 21:55:56.579  1593  2110 D FaceRecognizeAuthCmd: onMessage EVNET = authenticate result  para1= 0 para2 = 0
06-16 21:55:56.579  1593  2110 D FaceRecognizeAuthCmd: onAuthenticated userId = 0 errorcode is  success 
06-16 21:55:56.586  1593  2110 D FaceRecognizeAuthCmd: reportBigData {"callPkg":"com.android.systemui","sdkVersion":"1.0","callType":"0","result":"1","errorCode":"0","runTime":"1354","authAcquireInfo":"5","authLastAcquireInfo":"5"}
06-16 21:55:56.588  1593  2110 D FaceRecognizeAuthCmd: reportBigData {"4 face bad quality":"0","5 face not found":"1","20 image blur":"0","22 eye close":"0","30 darklight":"0"}
06-16 21:55:56.588  1593  2110 D FaceRecognizeAuthCmd: screen lighter is stop
06-16 21:55:56.588  1593  2110 D AntiBruteForceProcessor: Reset facerecognize lockout, clearAttemptCounter=true
06-16 21:55:56.604  1593  2110 D FaceRecognizeBaseCmd: onFinish errorCode =  canceled  mSendResult = true mActiveCancel = false
06-16 21:55:56.629  1296  8135 I chatty  : uid=1000(system) Binder:1296_1A expire 1 line
06-16 21:55:56.643  1593  8696 D FaceRecognizeService: resetTimeout begin!
06-16 21:55:56.643  1593  2110 E FaceRecognizeService: handleMessage EVT = 1002
06-16 21:55:56.643  1593  2110 D AntiBruteForceProcessor: Reset facerecognize lockout, clearAttemptCounter=true
06-16 21:55:56.646  1593  2110 D AntiBruteForceProcessor: resetTotalFailedTimes current total times = 0
06-16 21:55:56.745  1639  1985 I BackgroundPermManager: pkgName: com.android.systemui,pid: 1639 ,uidOf3RdApk: 10039 ,permType: 0 ,permCfg: 0
06-16 21:55:56.761  1296  7939 I chatty  : uid=1000(system) Binder:1296_19 expire 1 line
06-16 21:55:57.272  1296  1457 I chatty  : uid=1000(system) InputReader expire 3 lines
06-16 21:55:57.391   711   771 I storaged: storaged_t::event: storage_info refreshed.
06-16 21:55:57.478  1296  1328 I chatty  : uid=1000(system) PowerManagerSer expire 22 lines
06-16 21:55:57.482  1296  1569 I chatty  : uid=1000(system) PhotonicModulat expire 7 lines
06-16 21:55:57.485  1296  1296 I chatty  : uid=1000 system_server expire 877 lines
06-16 21:55:57.516   568   639 W SocketListener: sending broadcast to Pid = 1296, Uid = 1000 
06-16 21:55:57.517 32591 32591 D ActivityThread: Attach thread to application
06-16 21:55:57.521  1296  1467 I chatty  : uid=1000(system) NetdConnector expire 4 lines
06-16 21:55:57.522  1296  1323 I chatty  : uid=1000(system) android.fg expire 2 lines
06-16 21:55:57.534  1296  1476 I chatty  : uid=1000(system) WifiScanningSer expire 14 lines
06-16 21:55:57.575  1296 14782 I chatty  : uid=1000(system) Binder:1296_1F expire 101 lines
06-16 21:55:57.602  1296  2129 I chatty  : uid=1000(system) Binder:1296_9 expire 3 lines
06-16 21:55:57.642  1296  1306 I chatty  : uid=1000(system) Binder:1296_1 expire 2 lines
06-16 21:55:57.654  1593  2030 I BoosterSwitchP: notifyUidState do nothing
06-16 21:55:57.654  1593  2030 I DeepNoDisturbP: notifyUidState
06-16 21:55:57.654  1593  2030 I HidataAppQoeP: notifyUidState
06-16 21:55:57.654  1593  2030 I BrowserChrP: notifyUidState
06-16 21:55:57.658  1296  7268 I chatty  : uid=1000(system) Binder:1296_15 expire 3 lines
06-16 21:55:57.668  1593  1607 I BoosterSwitchP: notifyUidState do nothing
06-16 21:55:57.668  1593  1607 I DeepNoDisturbP: notifyUidState
06-16 21:55:57.668  1593  1607 I HidataAppQoeP: notifyUidState
06-16 21:55:57.668  1593  1607 I BrowserChrP: notifyUidState
06-16 21:55:57.749  1296  7939 I chatty  : uid=1000(system) Binder:1296_19 expire 45 lines
06-16 21:55:57.760   493  1612 D vold    : begin lockScreenPrepare
06-16 21:55:57.761   493  1612 D vold    : e4crypt_lock_screen_prepare flag is: 1 user_id:0
06-16 21:55:57.863  1296  5041 I chatty  : uid=1000(system) HwBinder:1296_5 expire 1 line
06-16 21:55:57.883  1296  1325 I chatty  : uid=1000(system) android.display expire 2 lines
06-16 21:55:57.897  1296  1315 I chatty  : uid=1000(system) android.ui expire 2 lines
06-16 21:55:57.918  3413  9163 W ContextImpl: Calling a method in the system process without a qualified user: android.app.ContextImpl.bindService:1840 android.content.ContextWrapper.bindService:698 com.huawei.nb.dataservice.dsclient.RemoteServiceConnection.open:90 com.huawei.nb.dataservice.dsclient.DataServiceProxy.connect:105 com.huawei.nb.dataservice.rsclient.internal.RemoteRuleService.start:27 
06-16 21:55:58.104  1296  7117 I chatty  : uid=1000(system) Binder:1296_14 expire 31 lines
06-16 21:55:58.160  1296  1495 I chatty  : uid=1000(system) Thread-41 expire 2 lines
06-16 21:55:58.227  1296  1314 I chatty  : uid=1000(system) ActivityManager expire 663 lines
06-16 21:55:58.312  1296  7939 I chatty  : uid=1000(system) Binder:1296_19 expire 475 lines
06-16 21:55:58.316  1296  1867 I chatty  : uid=1000(system) Binder:1296_7 expire 44 lines
06-16 21:55:58.440  1296  1315 I chatty  : uid=1000(system) android.ui expire 1 line
06-16 21:55:58.489  1296  1296 I chatty  : uid=1000 system_server expire 99 lines
06-16 21:55:58.493  1296  7117 I chatty  : uid=1000(system) Binder:1296_14 expire 266 lines
06-16 21:55:58.669  1296  1577 I chatty  : uid=1000(system) SyncManager expire 1 line
06-16 21:55:58.710  1296  1317 I chatty  : uid=1000(system) ActivityManager expire 2 lines
06-16 21:55:58.711  1296  1796 I chatty  : uid=1000(system) MultiTaskManage expire 2 lines
06-16 21:55:58.716   568   645 W SocketListener: sending broadcast to Pid = 1296, Uid = 1000 
06-16 21:55:58.719  1296  1467 I chatty  : uid=1000(system) NetdConnector expire 2 lines
06-16 21:55:58.722  1296  1323 I chatty  : uid=1000(system) android.fg expire 3 lines
06-16 21:55:58.729 32620 32620 D ActivityThread: Attach thread to application
06-16 21:55:59.060  1296  1306 I chatty  : uid=1000(system) Binder:1296_1 expire 5 lines
06-16 21:55:59.109 32647 32647 D ActivityThread: Attach thread to application
06-16 21:55:59.110  1296  2327 I chatty  : uid=1000(system) Binder:1296_11 expire 1 line
06-16 21:55:59.657  1296  1445 I chatty  : uid=1000(system) HeartBeatHandle expire 8 lines
06-16 21:55:59.747  1296  1474 I chatty  : uid=1000(system) WifiStateMachin expire 15 lines
06-16 21:55:59.753  1296  1477 I chatty  : uid=1000(system) WifiP2pService expire 4 lines
06-16 21:55:59.816  1593  1817 I BoosterGameP: handleStateChanged reason=2
06-16 21:55:59.818  1593  1817 E BoosterGameP: inValidCQI:-1
06-16 21:55:59.818  1593  1817 I BoosterVideoP: handleStateChanged reason=2
06-16 21:55:59.820  1593  1817 I BoosterVideoP: sendModemUnsolState false
06-16 21:55:59.820  1593  1817 I BoosterSwitchP: handleStateChanged reason=2
06-16 21:55:59.820  1593  1817 I DeepNoDisturbP: handleStateChanged reason=2
06-16 21:55:59.820  1593  1817 I DeepNoDisturbSM: setScreenState isScreenOn=false
06-16 21:55:59.820  1593  1817 I HidataAppQoeP: handleStateChanged reason=2
06-16 21:55:59.820  1593  1817 I BrowserChrP: handleStateChanged
06-16 21:55:59.823  1593  1593 I DeepNoDisturbSM: IdleState processMessage msg.what=EVENT_SCREEN_OFF
06-16 21:55:59.823  1593  1593 I DeepNoDisturbSM: IdleState: default msg.what=11
06-16 21:55:59.872  1593  1820 E HwCommBoosterManager: handleOemHookSetResp end error, ret=-2
06-16 21:56:00.035  1296  2747 I chatty  : uid=1000(system) HwDeviceUsageCo expire 1 line
06-16 21:56:00.220  1296  1457 I chatty  : uid=1000(system) InputReader expire 10 lines
06-16 21:56:00.224  1296  1328 I chatty  : uid=1000(system) PowerManagerSer expire 19 lines
06-16 21:56:00.235  3413  9178 W ContextImpl: Calling a method in the system process without a qualified user: android.app.ContextImpl.bindService:1840 android.content.ContextWrapper.bindService:698 com.huawei.nb.dataservice.dsclient.RemoteServiceConnection.open:90 com.huawei.nb.dataservice.dsclient.DataServiceProxy.connect:105 com.huawei.nb.dataservice.rsclient.internal.RemoteRuleService.start:27 
06-16 21:56:00.267  1639  1985 I PermissionManager: camera remind result:true
06-16 21:56:00.268  1639  1985 I BackgroundPermManager: pkgName: com.android.systemui,pid: 1639 ,uidOf3RdApk: 10039 ,permType: 0 ,permCfg: 1
06-16 21:56:00.285  1296  1296 I chatty  : uid=1000 system_server expire 34 lines
06-16 21:56:00.299  1296  2327 I chatty  : uid=1000(system) Binder:1296_11 expire 16 lines
06-16 21:56:00.301  1639  1639 W KeyguardViewMediator: notifyDrawn as: ScreenTurningOn 
06-16 21:56:00.302  1296 14782 I chatty  : uid=1000(system) Binder:1296_1F expire 24 lines
06-16 21:56:00.304  1296  1424 I chatty  : uid=1000(system) android.anim expire 5 lines
06-16 21:56:00.305  1296  1315 I chatty  : uid=1000(system) android.ui expire 18 lines
06-16 21:56:00.308  1296  1325 I chatty  : uid=1000(system) android.display expire 2 lines
06-16 21:56:00.324  1296  2318 I chatty  : uid=1000(system) Binder:1296_D expire 16 lines
06-16 21:56:00.331  1296  1610 I chatty  : uid=1000(system) Binder:1296_4 expire 5 lines
06-16 21:56:00.355  1296  1306 I chatty  : uid=1000(system) Binder:1296_1 expire 1 line
06-16 21:56:00.376  1593  2030 D FaceRecognizeService: authenticate begin package = com.android.systemui
06-16 21:56:00.376  1593  2110 D FaceRecognizeService: authenticate running!
06-16 21:56:00.376  1593  2110 D FaceRecognizeService: startAuthentication(com.android.systemui)
06-16 21:56:00.377  1593  2110 D FaceRecognizeService: isMainUser in-userId = 0 currentUserId = 0
06-16 21:56:00.388  1593  2110 D FaceRecognizeService: startAuthentication errorCode = 0
06-16 21:56:00.388  1593  2110 D FaceRecognizeService: current cmd is NULL!
06-16 21:56:00.388  1593  2110 D FaceRecognizeService: start new cmd directly!!
06-16 21:56:00.395  1593  2110 D FaceRecognizeAuthCmd: doStart daemon return value = 0 userId = 0
06-16 21:56:00.395  1593  2110 D FaceRecognizeAuthCmd: authenticate cmd dostart end error code =  success 
06-16 21:56:00.395  1593  2110 D FaceRecognizeBaseCmd: processHalReturnedResult ERROR CODE =  success 
06-16 21:56:00.407  1296  1450 I chatty  : uid=1000(system) hw_finger_unloc expire 1 line
06-16 21:56:00.486  1868  1868 I Telephony-PstnPhoneCapabilitiesNotifier: handleVideoCapabilitesChanged. Video capability - true
06-16 21:56:00.536  1296  1569 I chatty  : uid=1000(system) PhotonicModulat expire 18 lines
06-16 21:56:00.593  1868  1868 W SettingsEx: SettingsEx.Systemex.getString deprecated use Settings.System.getString instead ;callers=com.android.internal.telephony.gsm.HwCustGsmServiceStateManagerImpl.isMccForShowNetname:206 com.android.internal.telephony.gsm.HwCustGsmServiceStateManagerImpl.isShowNetnameByMcc:197 com.android.internal.telephony.gsm.HwCustGsmServiceStateManagerImpl.setOnsDisplayCustomization:148 
06-16 21:56:00.594  1868  1868 I Telephony-PstnPhoneCapabilitiesNotifier: handleVideoCapabilitesChanged. Video capability - true
06-16 21:56:00.613  1296  7939 I chatty  : uid=1000(system) Binder:1296_19 expire 3 lines
06-16 21:56:00.623  1868  1868 W SettingsEx: SettingsEx.Systemex.getString deprecated use Settings.System.getString instead ;callers=com.android.internal.telephony.gsm.HwCustGsmServiceStateManagerImpl.isMccForShowNetname:206 com.android.internal.telephony.gsm.HwCustGsmServiceStateManagerImpl.isShowNetnameByMcc:197 com.android.internal.telephony.gsm.HwCustGsmServiceStateManagerImpl.setOnsDisplayCustomization:148 
06-16 21:56:00.812  1296  1445 I chatty  : uid=1000(system) HeartBeatHandle expire 8 lines
06-16 21:56:00.829  1296  1464 I chatty  : uid=1000(system) StorageManagerS expire 38 lines
06-16 21:56:00.843   493 32739 D vold    : idle maintenance stopped
06-16 21:56:00.844  1296  1477 I chatty  : uid=1000(system) WifiP2pService expire 5 lines
06-16 21:56:00.846  1296 32590 I chatty  : uid=1000(system) are.mem.default expire 2 lines
06-16 21:56:00.847  1296  1474 I chatty  : uid=1000(system) WifiStateMachin expire 1 line
06-16 21:56:00.850  1296  1524 I chatty  : uid=1000(system) iaware.clean expire 5 lines
06-16 21:56:00.858  1593  2030 I BoosterSwitchP: notifyUidState do nothing
06-16 21:56:00.858  1593  2030 I DeepNoDisturbP: notifyUidState
06-16 21:56:00.858  1593  2030 I HidataAppQoeP: notifyUidState
06-16 21:56:00.858  1593  2030 I BrowserChrP: notifyUidState
06-16 21:56:00.861  1593  2030 I BoosterSwitchP: notifyUidState do nothing
06-16 21:56:00.861  1593  2030 I DeepNoDisturbP: notifyUidState
06-16 21:56:00.861  1593  2030 I HidataAppQoeP: notifyUidState
06-16 21:56:00.861  1593  2030 I BrowserChrP: notifyUidState
06-16 21:56:00.862  1296  1296 I chatty  : uid=1000 system_server expire 60 lines
06-16 21:56:00.864  1296  1569 I chatty  : uid=1000(system) PhotonicModulat expire 38 lines
06-16 21:56:00.865  1296  1610 I chatty  : uid=1000(system) Binder:1296_4 expire 61 lines
06-16 21:56:00.865  1296 32590 I chatty  : uid=1000(system) are.mem.default expire 3 lines
06-16 21:56:00.867  1296  1445 I chatty  : uid=1000(system) HeartBeatHandle expire 7 lines
06-16 21:56:00.867  1296  2318 I chatty  : uid=1000(system) Binder:1296_D expire 2 lines
06-16 21:56:00.868  1296  2327 I chatty  : uid=1000(system) Binder:1296_11 expire 1 line
06-16 21:56:00.869  1593  8696 I BoosterSwitchP: notifyUidState do nothing
06-16 21:56:00.869  1593  8696 I DeepNoDisturbP: notifyUidState
06-16 21:56:00.869  1593  8696 I HidataAppQoeP: notifyUidState
06-16 21:56:00.869  1593  8696 I BrowserChrP: notifyUidState
06-16 21:56:00.874  1296  1480 I chatty  : uid=1000(system) ConnectivitySer expire 1 line
06-16 21:56:00.879  1593  8696 I BoosterSwitchP: notifyUidState do nothing
06-16 21:56:00.879  1593  8696 I DeepNoDisturbP: notifyUidState
06-16 21:56:00.879  1593  8696 I HidataAppQoeP: notifyUidState
06-16 21:56:00.879  1593  8696 I BrowserChrP: notifyUidState
06-16 21:56:00.883  1593  8696 I BoosterSwitchP: notifyUidState do nothing
06-16 21:56:00.883  1593  8696 I DeepNoDisturbP: notifyUidState
06-16 21:56:00.883  1593  8696 I HidataAppQoeP: notifyUidState
06-16 21:56:00.883  1593  8696 I BrowserChrP: notifyUidState
06-16 21:56:00.884  1593  1909 D FaceRecognizeService: onAuthenticationAcquired acquiredInfo = 5
06-16 21:56:00.884  1593  2110 D FaceRecognizeAuthCmd: onMessage EVNET = authenticate acquire  para1= 5 para2 = 0
06-16 21:56:00.885  1593  2110 E FaceRecognizeService: handleMessage EVT = 4
06-16 21:56:00.899  1593  1817 I BoosterGameP: handleStateChanged reason=2
06-16 21:56:00.899  1593  1817 E BoosterGameP: inValidCQI:-1
06-16 21:56:00.899  1593  1817 I BoosterVideoP: handleStateChanged reason=2
06-16 21:56:00.899  1593  1817 I BoosterVideoP: sendModemUnsolState false
06-16 21:56:00.899  1593  1817 I BoosterSwitchP: handleStateChanged reason=2
06-16 21:56:00.899  1593  1817 I DeepNoDisturbP: handleStateChanged reason=2
06-16 21:56:00.899  1593  1817 I DeepNoDisturbSM: setScreenState isScreenOn=true
06-16 21:56:00.899  1593  1817 I HidataAppQoeP: handleStateChanged reason=2
06-16 21:56:00.899  1593  1817 I BrowserChrP: handleStateChanged
06-16 21:56:00.900  1593  1593 I DeepNoDisturbSM: IdleState processMessage msg.what=EVENT_SCREEN_ON
06-16 21:56:00.902  1593  1593 I DeepNoDisturbSM: isWifiConnected = true
06-16 21:56:00.906  1593  1820 E HwCommBoosterManager: handleOemHookSetResp end error, ret=-2
06-16 21:56:00.915  1593  1593 I DeepNoDisturbSM: isNetworkTypeSuitDeepNoDisturbMode networkType = 13
06-16 21:56:00.915  1593  1593 I DeepNoDisturbSM: isCorrectState=true mIsCallOn=false mGameStatus=0 defaultDataSubId=0 default4GSlotId=0 mIsDefaultDataOn=false mIsScreenOn=true deepNoDisturbModeProp=true isDeepNoDisturbSwitchOn=false isGameDndSwitchOn=false isNetworkTypeSuitDeepNoDisturbMode=true isAirplaneModeOn()=false
06-16 21:56:00.915  1593  1593 I DeepNoDisturbSM: isNeedEnterDeepNoDisturbMode false
06-16 21:56:00.927  1296  7939 I chatty  : uid=1000(system) Binder:1296_19 expire 25 lines
06-16 21:56:01.081  1593  1909 D FaceRecognizeService: onAuthenticationAcquired acquiredInfo = 5
06-16 21:56:01.081  1593  2110 D FaceRecognizeAuthCmd: onMessage EVNET = authenticate acquire  para1= 5 para2 = 0
06-16 21:56:01.082  1593  2110 E FaceRecognizeService: handleMessage EVT = 4
06-16 21:56:01.251  3413  9247 W ContextImpl: Calling a method in the system process without a qualified user: android.app.ContextImpl.bindService:1840 android.content.ContextWrapper.bindService:698 com.huawei.nb.dataservice.dsclient.RemoteServiceConnection.open:90 com.huawei.nb.dataservice.dsclient.DataServiceProxy.connect:105 com.huawei.nb.dataservice.rsclient.internal.RemoteRuleService.start:27 
06-16 21:56:01.353  1296  1495 I chatty  : uid=1000(system) Thread-41 expire 5 lines
06-16 21:56:01.361  1296  7117 I chatty  : uid=1000(system) Binder:1296_14 expire 16 lines
06-16 21:56:01.436  1593  1909 D FaceRecognizeService: onAuthenticationAcquired acquiredInfo = 5
06-16 21:56:01.437  1593  2110 D FaceRecognizeAuthCmd: onMessage EVNET = authenticate acquire  para1= 5 para2 = 0
06-16 21:56:01.438  1593  2110 E FaceRecognizeService: handleMessage EVT = 4
06-16 21:56:01.687  1593  8696 D FaceRecognizeService: FaceRecognizeService cancelAuthentication client uid = 10039, cancelAuthentication client pid = 1639 callingUserId = 0
06-16 21:56:01.688  1593  2110 D FaceRecognizeService: isMainUser in-userId = 0 currentUserId = 0
06-16 21:56:01.688  1593  2110 D FaceRecognizeService: stopCurrentCmd initByClient = true
06-16 21:56:01.689  1593  2110 D FaceRecognizeAuthCmd: doStop daemon return value = 0 userId = 0
06-16 21:56:01.689  1593  2110 D FaceRecognizeAuthCmd: authenticate cmd doStop end error code = 0
06-16 21:56:01.689  1593  2110 D FaceRecognizeBaseCmd: processHalReturnedResult ERROR CODE =  success 
06-16 21:56:01.689  1593  1909 D FaceRecognizeService: onAuthenticationResult userId = 0 errorCode = 2
06-16 21:56:01.689  1593  2110 D FaceRecognizeAuthCmd: onMessage EVNET = authenticate result  para1= 0 para2 = 2
06-16 21:56:01.689  1593  2110 D FaceRecognizeAuthCmd: onAuthenticated userId = 0 errorcode is  canceled 
06-16 21:56:01.690  1593  2110 D FaceRecognizeAuthCmd: reportBigData {"callPkg":"com.android.systemui","sdkVersion":"1.0","callType":"0","result":"0","errorCode":"2","runTime":"1294","authAcquireInfo":"5","authLastAcquireInfo":"5"}
06-16 21:56:01.690  1593  2110 D FaceRecognizeAuthCmd: screen lighter is stop
06-16 21:56:01.690  1593  2110 E FaceRecognizeService: handleMessage EVT = 3
06-16 21:56:01.691  1593  1909 D FaceRecognizeService: onCancel type = 2
06-16 21:56:01.691  1593  2110 D FaceRecognizeAuthCmd: onMessage EVNET = cancel result para1= 2 para2 = 0
06-16 21:56:01.691  1593  2110 D FaceRecognizeAuthCmd: Receive authenticate cancel ok message
06-16 21:56:01.691  1593  2110 D FaceRecognizeBaseCmd: onFinish errorCode =  canceled  mSendResult = false mActiveCancel = true
06-16 21:56:01.692  1593  2110 D FaceRecognizeAuthCmd: send auth CancelResult
06-16 21:56:01.721  1296  1328 I chatty  : uid=1000(system) PowerManagerSer expire 4 lines
06-16 21:56:01.723  1296 14782 I chatty  : uid=1000(system) Binder:1296_1F expire 4 lines
06-16 21:56:01.767  1296  1314 I chatty  : uid=1000(system) ActivityManager expire 1 line
06-16 21:56:01.774  1639  1985 I BackgroundPermManager: pkgName: com.android.systemui,pid: 1639 ,uidOf3RdApk: 10039 ,permType: 0 ,permCfg: 0
06-16 21:56:01.907  1593  1817 I HidataAppQoeP: handleStateChanged reason=6
06-16 21:56:01.916  1593  1817 I BrowserChrP: handleStateChanged
06-16 21:56:01.925  1296  1867 I chatty  : uid=1000(system) Binder:1296_7 expire 2 lines
06-16 21:56:01.933  1296  1467 I chatty  : uid=1000(system) NetdConnector expire 2 lines
06-16 21:56:01.938  1296  1569 I chatty  : uid=1000(system) PhotonicModulat expire 61 lines
06-16 21:56:01.940  1296  1867 I chatty  : uid=1000(system) Binder:1296_7 expire 4 lines
06-16 21:56:01.958  1296 14782 I chatty  : uid=1000(system) Binder:1296_1F expire 23 lines
06-16 21:56:01.960  1296  1296 I chatty  : uid=1000 system_server expire 946 lines
06-16 21:56:01.963  1296  1314 I chatty  : uid=1000(system) ActivityManager expire 1 line
06-16 21:56:02.019  1593  1817 I HidataAppQoeP: handleStateChanged reason=6
06-16 21:56:02.019  1593  1817 I BrowserChrP: handleStateChanged
06-16 21:56:02.927  1296  1610 I chatty  : uid=1000(system) Binder:1296_4 expire 17 lines
06-16 21:56:03.827  1296  1319 I chatty  : uid=1000(system) ThirdAppHandler expire 3 lines
06-16 21:56:03.887  1639  1985 I PermissionManager: camera remind result:true
06-16 21:56:03.888  1639  1985 I BackgroundPermManager: pkgName: com.android.systemui,pid: 1639 ,uidOf3RdApk: 10039 ,permType: 0 ,permCfg: 1
06-16 21:56:03.891  1296  1315 I chatty  : uid=1000(system) android.ui expire 5 lines
06-16 21:56:04.032  1593  8696 D FaceRecognizeService: authenticate begin package = com.android.systemui
06-16 21:56:04.032  1593  2110 D FaceRecognizeService: authenticate running!
06-16 21:56:04.032  1593  2110 D FaceRecognizeService: startAuthentication(com.android.systemui)
06-16 21:56:04.032  1593  2110 D FaceRecognizeService: isMainUser in-userId = 0 currentUserId = 0
06-16 21:56:04.034  1593  2110 D FaceRecognizeService: startAuthentication errorCode = 0
06-16 21:56:04.034  1593  2110 D FaceRecognizeService: current cmd is NULL!
06-16 21:56:04.034  1593  2110 D FaceRecognizeService: start new cmd directly!!
06-16 21:56:04.037  1593  2110 D FaceRecognizeAuthCmd: doStart daemon return value = 0 userId = 0
06-16 21:56:04.037  1593  2110 D FaceRecognizeAuthCmd: authenticate cmd dostart end error code =  success 
06-16 21:56:04.037  1593  2110 D FaceRecognizeBaseCmd: processHalReturnedResult ERROR CODE =  success 
06-16 21:56:04.194  1296  1328 I chatty  : uid=1000(system) PowerManagerSer expire 26 lines
06-16 21:56:04.373  1593  1909 D FaceRecognizeService: onAuthenticationAcquired acquiredInfo = 5
06-16 21:56:04.373  1593  2110 D FaceRecognizeAuthCmd: onMessage EVNET = authenticate acquire  para1= 5 para2 = 0
06-16 21:56:04.374  1593  2110 E FaceRecognizeService: handleMessage EVT = 4
06-16 21:56:04.590  1593  1909 D FaceRecognizeService: onAuthenticationAcquired acquiredInfo = 5
06-16 21:56:04.590  1593  2110 D FaceRecognizeAuthCmd: onMessage EVNET = authenticate acquire  para1= 5 para2 = 0
06-16 21:56:04.591  1593  2110 E FaceRecognizeService: handleMessage EVT = 4
06-16 21:56:04.881  1593  1909 D FaceRecognizeService: onAuthenticationAcquired acquiredInfo = 5
06-16 21:56:04.881  1593  2110 D FaceRecognizeAuthCmd: onMessage EVNET = authenticate acquire  para1= 5 para2 = 0
06-16 21:56:04.882  1593  2110 E FaceRecognizeService: handleMessage EVT = 4
