06-16 22:03:26.886  1296  1424 V WindowManager: Checking 1 opening apps (frozen=false timeout=false), Track:  performsurface
06-16 22:03:26.886  1296  1424 V WindowManager: Check opening app=AppWindowToken{fba1bc8 token=Token{bed346b ActivityRecord{b7e8dba u0 com.android.settings/.Settings$DevelopmentSettingsActivity t29289}}}: allDrawn=false startingDisplayed=true startingMoved=false isRelaunching()=false startingWindow=Window{c392c74 u0 Splash Screen com.android.settings}
06-16 22:03:26.886  1296  1424 I WindowManager: closing apps count = 1
06-16 22:03:26.896  1296  1315 I StatusBarDisable: setFlags what=0 which=1 pkg=Window{c392c74 u0 Splash Screen com.android.settings}
06-16 22:03:26.898  1296  7268 E UserRestrictionsUtils: Unknown restriction: null
06-16 22:03:26.899  1296  7268 E UserRestrictionsUtils: Unknown restriction: null
06-16 22:03:26.934  3829  3829 D ActivityThread: add activity client record, r= ActivityRecord{7d16055 token=android.os.BinderProxy@90d4f05 {com.android.settings/com.android.settings.Settings$DevelopmentSettingsActivity}} token= android.os.BinderProxy@90d4f05
06-16 22:03:26.949  1296  2321 D HwFingerprintService: CODE_IS_SUPPORT_DUAL_FINGERPRINT
06-16 22:03:26.955  1296  2321 D HwFingerprintService: pacel  packaged :HardwareType
06-16 22:03:26.956  1296  2321 D HwFingerprintService: fingerprintd HardwareType = 769
06-16 22:03:26.957  1296  7866 D HwFingerprintService: CODE_IS_SUPPORT_DUAL_FINGERPRINT
06-16 22:03:26.958  1296  7866 D HwFingerprintService: pacel  packaged :HardwareType
06-16 22:03:26.958  1296  7866 D HwFingerprintService: fingerprintd HardwareType = 769
06-16 22:03:26.981  1296  7268 I [SPMN]  : insert GLOBAL -- name = adb_enabled, package = com.android.settings, user = 0, value = 0
06-16 22:03:26.982  1296  1296 V SettingsProvider: Notifying for 0: content://settings/global/adb_enabled
06-16 22:03:26.991  1296  2321 V WindowManager: addWindow: Window{305444b u0 com.android.settings/com.android.settings.Settings$DevelopmentSettingsActivity}
06-16 22:03:26.993  1296  1326 D HwGameAssistantController: UPDATE: mCurFgPkg=com.android.settings, mCurFgPid=3829, mCurIsGame=false
06-16 22:03:26.993  1296  1312 W HwActivityManagerServiceEx: HwActivityNotifier end call for activityLifeState under user 0 cost 1
06-16 22:03:27.093  1296  1315 I StatusBarDisable: setFlags what=0 which=1 pkg=Window{c392c74 u0 Splash Screen com.android.settings}
06-16 22:03:27.095  1296  1315 I StatusBarDisable: setFlags what=0 which=1 pkg=Window{c392c74 u0 Splash Screen com.android.settings}
06-16 22:03:27.096  1296  7268 D PackageManager: resolve intent for uid:1000, matchs:3, res:ResolveInfo{8384e6 com.huawei.android.launcher/.unihome.UniHomeLauncher m=0x108000}
06-16 22:03:27.110  1296  1315 I StatusBarDisable: setFlags what=0 which=1 pkg=Window{c392c74 u0 Splash Screen com.android.settings}
06-16 22:03:27.115  1296  1315 I StatusBarDisable: setFlags what=0 which=1 pkg=Window{c392c74 u0 Splash Screen com.android.settings}
06-16 22:03:27.118  1296  2321 V HwPhoneWindowManager: updateSystemUiColorLw window=Window{305444b u0 com.android.settings/com.android.settings.Settings$DevelopmentSettingsActivity},EmuiStyle=1,StatusBarColor=0xfff8f8f8,NavigationBarColor=0xf2f8f8f8, mLastIsEmuiLightStyle=1, mForceNotchStatusBar=false
06-16 22:03:27.118  1639  2027 I CommandQueue: updateBarBgColor
06-16 22:03:27.118  1639  2027 D CommandQueue: CommandQueue, setBarBackgroundColor
06-16 22:03:27.119  1296  1315 I StatusBarDisable: setFlags what=0 which=1 pkg=Window{305444b u0 com.android.settings/com.android.settings.Settings$DevelopmentSettingsActivity}
06-16 22:03:27.187  1296  1315 I StatusBarDisable: setFlags what=0 which=1 pkg=Window{305444b u0 com.android.settings/com.android.settings.Settings$DevelopmentSettingsActivity}
06-16 22:03:27.190  1296  1424 V WindowManager_visibility: updateAllDrawn Add AppWindowToken{fba1bc8 token=Token{bed346b ActivityRecord{b7e8dba u0 com.android.settings/.Settings$DevelopmentSettingsActivity t29289}}}
06-16 22:03:27.190  1296  1315 I StatusBarDisable: setFlags what=0 which=1 pkg=Window{305444b u0 com.android.settings/com.android.settings.Settings$DevelopmentSettingsActivity}
06-16 22:03:27.190  1296  1424 V WindowManager_visibility: updateAllDrawn allDrawn=false interesting=1 drawn=1 relaunchCount=0 for AppWindowToken{fba1bc8 token=Token{bed346b ActivityRecord{b7e8dba u0 com.android.settings/.Settings$DevelopmentSettingsActivity t29289}}}
06-16 22:03:27.192  1296  1315 I StatusBarDisable: setFlags what=0 which=1 pkg=Window{305444b u0 com.android.settings/com.android.settings.Settings$DevelopmentSettingsActivity}
06-16 22:03:27.194  1296  1424 V WindowManager: removeIfPossible: Window{c392c74 u0 Splash Screen com.android.settings}
06-16 22:03:27.197  1296  1424 V WindowManager: Not removing Window{c392c74 u0 Splash Screen com.android.settings EXITING} due to exit animation 
06-16 22:03:27.198  1296  1315 I StatusBarDisable: setFlags what=0 which=1 pkg=Window{305444b u0 com.android.settings/com.android.settings.Settings$DevelopmentSettingsActivity}
06-16 22:03:27.199  1296  1325 D ActivityManager: EVENT_APP_ACTIVITY_DISPLAYED_FINISH reportData: com.android.settings/.Settings$DevelopmentSettingsActivity 3829 339
06-16 22:03:27.215  1296  7268 E HwActivityManagerServiceEx: invalid ActivityRecord, error.
06-16 22:03:27.215  1296  7268 E HwActivityManagerServiceEx: parse activity info error.
06-16 22:03:27.226  1296  1315 I StatusBarDisable: setFlags what=0 which=1 pkg=Window{305444b u0 com.android.settings/com.android.settings.Settings$DevelopmentSettingsActivity}
06-16 22:03:27.229  1296  7268 V WindowManager: notifyAppStopped: AppWindowToken{2dba896 token=Token{948dbb1 ActivityRecord{8cace58 u0 com.android.settings/.Settings$HwSystemDashboardActivity t29289}}}
06-16 22:03:27.229  1296  7268 E WindowManager: win=Window{a877acd u0 com.android.settings/com.android.settings.Settings$HwSystemDashboardActivity} destroySurfaces: appStopped=true win.mWindowRemovalAllowed=false win.mRemoveOnExit=false
06-16 22:03:27.311  1296  1424 V WindowManager: Exit animation finished in Window{c392c74 u0 Splash Screen com.android.settings EXITING}: remove=true
06-16 22:03:27.311  1296  1424 E WindowManager: win=Window{c392c74 u0 Splash Screen com.android.settings EXITING} destroySurfaces: appStopped=false win.mWindowRemovalAllowed=true win.mRemoveOnExit=true
06-16 22:03:27.312  1296  1424 V WindowManager: postWindowRemoveCleanupLocked: Window{c392c74 u0 Splash Screen com.android.settings}
06-16 22:03:27.312  1296  1424 V WindowManager: Removing Window{c392c74 u0 Splash Screen com.android.settings} from AppWindowToken{fba1bc8 token=Token{bed346b ActivityRecord{b7e8dba u0 com.android.settings/.Settings$DevelopmentSettingsActivity t29289}}}
06-16 22:03:27.313  1296  1315 I StatusBarDisable: setFlags what=0 which=1 pkg=Window{305444b u0 com.android.settings/com.android.settings.Settings$DevelopmentSettingsActivity}
06-16 22:03:27.330  1296  1315 I StatusBarDisable: setFlags what=0 which=1 pkg=Window{305444b u0 com.android.settings/com.android.settings.Settings$DevelopmentSettingsActivity}
06-16 22:03:31.505  1296  2321 V BroadcastQueue: Finished with ordered broadcast BroadcastRecord{aa6d34 u0 null}
06-16 22:03:31.513  1296  2321 V BroadcastQueue: Finished with ordered broadcast BroadcastRecord{a198da3 u0 null}
06-16 22:03:32.638  1296  7866 D HwSecurityService: find this Resident Plugin
06-16 22:03:32.648  1296  7866 D HwAntiMalPlugin: protect_type:0 launcher:
06-16 22:03:32.649  1296  7866 D HwAntiMalStatus: No need to restrict
06-16 22:03:32.706  1296  1315 I StatusBarDisable: setFlags what=0 which=1 pkg=Window{6cdf4f6 u0 com.android.settings/com.android.settings.Settings$DevelopmentSettingsActivity}
06-16 22:03:32.708  1296  7866 V WindowManager: addWindow: Window{6cdf4f6 u0 com.android.settings/com.android.settings.Settings$DevelopmentSettingsActivity}
06-16 22:03:32.779  1296  7866 D PackageManager: resolve intent for uid:1000, matchs:3, res:ResolveInfo{85c6a82 com.huawei.android.launcher/.unihome.UniHomeLauncher m=0x108000}
06-16 22:03:32.799  1296  1315 I StatusBarDisable: setFlags what=0 which=1 pkg=Window{6cdf4f6 u0 com.android.settings/com.android.settings.Settings$DevelopmentSettingsActivity}
06-16 22:03:32.800  1296  7866 V WindowManager_visibility: updateAllDrawn Add AppWindowToken{fba1bc8 token=Token{bed346b ActivityRecord{b7e8dba u0 com.android.settings/.Settings$DevelopmentSettingsActivity t29289}}}
06-16 22:03:32.802  1296  7866 V WindowManager_visibility: updateAllDrawn allDrawn=false interesting=1 drawn=1 relaunchCount=0 for AppWindowToken{fba1bc8 token=Token{bed346b ActivityRecord{b7e8dba u0 com.android.settings/.Settings$DevelopmentSettingsActivity t29289}}}
06-16 22:03:32.809  1296  1315 I StatusBarDisable: setFlags what=0 which=1 pkg=Window{6cdf4f6 u0 com.android.settings/com.android.settings.Settings$DevelopmentSettingsActivity}
06-16 22:03:32.866  1296  7866 V WindowManager_visibility: updateAllDrawn Add AppWindowToken{fba1bc8 token=Token{bed346b ActivityRecord{b7e8dba u0 com.android.settings/.Settings$DevelopmentSettingsActivity t29289}}}
06-16 22:03:32.866  1296  1315 I StatusBarDisable: setFlags what=0 which=1 pkg=Window{6cdf4f6 u0 com.android.settings/com.android.settings.Settings$DevelopmentSettingsActivity}
06-16 22:03:32.868  1296  7866 V WindowManager_visibility: updateAllDrawn allDrawn=false interesting=2 drawn=1 relaunchCount=0 for AppWindowToken{fba1bc8 token=Token{bed346b ActivityRecord{b7e8dba u0 com.android.settings/.Settings$DevelopmentSettingsActivity t29289}}}
06-16 22:03:32.907  1296  1315 I StatusBarDisable: setFlags what=0 which=1 pkg=Window{6cdf4f6 u0 com.android.settings/com.android.settings.Settings$DevelopmentSettingsActivity}
06-16 22:03:32.907  1296  1424 V WindowManager_visibility: updateAllDrawn Add AppWindowToken{fba1bc8 token=Token{bed346b ActivityRecord{b7e8dba u0 com.android.settings/.Settings$DevelopmentSettingsActivity t29289}}}
06-16 22:03:32.909  1296  1424 V WindowManager_visibility: updateAllDrawn allDrawn=false interesting=2 drawn=2 relaunchCount=0 for AppWindowToken{fba1bc8 token=Token{bed346b ActivityRecord{b7e8dba u0 com.android.settings/.Settings$DevelopmentSettingsActivity t29289}}}
06-16 22:03:32.921  1296  1315 I StatusBarDisable: setFlags what=0 which=1 pkg=Window{6cdf4f6 u0 com.android.settings/com.android.settings.Settings$DevelopmentSettingsActivity}
06-16 22:03:33.093  1296  1315 I chatty  : uid=1000(system) android.ui identical 2 lines
06-16 22:03:33.111  1296  1315 I StatusBarDisable: setFlags what=0 which=1 pkg=Window{6cdf4f6 u0 com.android.settings/com.android.settings.Settings$DevelopmentSettingsActivity}
06-16 22:03:33.764  1296  7268 I [SPMN]  : insert GLOBAL -- name = adb_enabled, package = com.android.settings, user = 0, value = 1
06-16 22:03:33.768  1296  1323 I UsbDeviceManager: add hdb is hisuite,mtp,mass_storage,adb,hdb
06-16 22:03:33.769  1296  1296 V SettingsProvider: Notifying for 0: content://settings/global/adb_enabled
06-16 22:03:33.786  1296  7866 V WindowManager: removeIfPossible: Window{6cdf4f6 u0 com.android.settings/com.android.settings.Settings$DevelopmentSettingsActivity}
06-16 22:03:33.786  1296  1323 I UsbDeviceManager: add hdb is hisuite,mtp,mass_storage,adb,hdb
06-16 22:03:33.786  1296  1323 I UsbDeviceManager: Setting USB config to hisuite,mtp,mass_storage,adb,hdb oemFunctions = hisuite,mtp,mass_storage,adb,hdb
06-16 22:03:33.794  1296  7866 V WindowManager: Not removing Window{6cdf4f6 u0 com.android.settings/com.android.settings.Settings$DevelopmentSettingsActivity EXITING} due to exit animation 
06-16 22:03:33.796  1296  7866 V HwPhoneWindowManager: updateSystemUiColorLw window=Window{305444b u0 com.android.settings/com.android.settings.Settings$DevelopmentSettingsActivity},EmuiStyle=1,StatusBarColor=0xfff8f8f8,NavigationBarColor=0xf2f8f8f8, mLastIsEmuiLightStyle=1, mForceNotchStatusBar=false
06-16 22:03:33.797  1639  2027 I CommandQueue: updateBarBgColor
06-16 22:03:33.797  1639  2027 D CommandQueue: CommandQueue, setBarBackgroundColor
06-16 22:03:33.798  1296  1315 I StatusBarDisable: setFlags what=0 which=1 pkg=Window{305444b u0 com.android.settings/com.android.settings.Settings$DevelopmentSettingsActivity}
06-16 22:03:33.806  1296  1315 I chatty  : uid=1000(system) android.ui identical 1 line
06-16 22:03:33.826  1296  1315 I StatusBarDisable: setFlags what=0 which=1 pkg=Window{305444b u0 com.android.settings/com.android.settings.Settings$DevelopmentSettingsActivity}
06-16 22:03:33.877  1296  2754 E HwUsbHDBManager: Wrong message: count=-1
06-16 22:03:33.968  1296  1424 V WindowManager: Exit animation finished in Window{6cdf4f6 u0 com.android.settings/com.android.settings.Settings$DevelopmentSettingsActivity EXITING}: remove=true
06-16 22:03:33.969  1296  1424 E WindowManager: win=Window{6cdf4f6 u0 com.android.settings/com.android.settings.Settings$DevelopmentSettingsActivity EXITING} destroySurfaces: appStopped=false win.mWindowRemovalAllowed=true win.mRemoveOnExit=true
06-16 22:03:33.971  1296  1424 V WindowManager: postWindowRemoveCleanupLocked: Window{6cdf4f6 u0 com.android.settings/com.android.settings.Settings$DevelopmentSettingsActivity}
06-16 22:03:33.971  1296  1424 V WindowManager: Removing Window{6cdf4f6 u0 com.android.settings/com.android.settings.Settings$DevelopmentSettingsActivity} from AppWindowToken{fba1bc8 token=Token{bed346b ActivityRecord{b7e8dba u0 com.android.settings/.Settings$DevelopmentSettingsActivity t29289}}}
06-16 22:03:33.977  1296  1315 I StatusBarDisable: setFlags what=0 which=1 pkg=Window{305444b u0 com.android.settings/com.android.settings.Settings$DevelopmentSettingsActivity}
06-16 22:03:33.993  1296  1315 I StatusBarDisable: setFlags what=0 which=1 pkg=Window{305444b u0 com.android.settings/com.android.settings.Settings$DevelopmentSettingsActivity}
06-16 22:03:34.031  3829  3829 W ContextImpl: Calling a method in the system process without a qualified user: android.app.ContextImpl.startService:1760 android.content.ContextWrapper.startService:664 android.content.ContextWrapper.startService:664 com.android.settings.deviceinfo.UsbReceiver.startUsbService:304 com.android.settings.deviceinfo.UsbReceiver.onUsbStateReceive:165 
06-16 22:03:34.040  3829  3829 W ContextImpl: Calling a method in the system process without a qualified user: android.app.ContextImpl.startService:1760 android.content.ContextWrapper.startService:664 android.content.ContextWrapper.startService:664 com.android.settings.deviceinfo.UsbReceiver.startUsbService:304 com.android.settings.deviceinfo.UsbReceiver.onUsbStateReceive:212 
06-16 22:03:34.054  1296  1314 V BroadcastQueue: Finished with ordered broadcast BroadcastRecord{3887832 u-1 android.hardware.usb.action.USB_STATE}
06-16 22:03:34.080  1296  7866 I NotificationService: enqueueNotificationInternal: pkg=com.android.settings id=1000002 notification=Notification(channel=SETTINGS_USB pri=1 contentView=null vibrate=null sound=null tick defaults=0x0 flags=0x2 color=0x00000000 vis=PRIVATE)
06-16 22:03:34.081  1296  7866 I NotificationService: enqueueNotificationInternal Channel Info : pkg=com.android.settings id=1000002 importance =1
06-16 22:03:34.405  1296  1323 I NotificationService: enqueueNotificationInternal: pkg=android id=26 notification=Notification(channel=DEVELOPER pri=0 contentView=null vibrate=null sound=null tick defaults=0x0 flags=0x2 color=0x00000000 vis=PUBLIC)
06-16 22:03:34.406  1296  1323 I NotificationService: enqueueNotificationInternal Channel Info : pkg=android id=26 importance =2
06-16 22:03:34.406  1296  1323 W Looper  : Slow dispatch took 638ms android.fg h=com.android.server.usb.UsbDeviceManager$UsbHandlerLegacy c=null m=1
06-16 22:03:34.596  1593  1817 I HidataAppQoeP: handleStateChanged reason=6
06-16 22:03:34.596  1593  1817 I BrowserChrP: handleStateChanged
06-16 22:03:34.703  3829  3829 W ContextImpl: Calling a method in the system process without a qualified user: android.app.ContextImpl.startService:1760 android.content.ContextWrapper.startService:664 android.content.ContextWrapper.startService:664 com.android.settings.deviceinfo.UsbReceiver.startUsbService:304 com.android.settings.deviceinfo.UsbReceiver.onUsbStateReceive:165 
06-16 22:03:34.708  3829  3829 W ContextImpl: Calling a method in the system process without a qualified user: android.app.ContextImpl.startService:1760 android.content.ContextWrapper.startService:664 android.content.ContextWrapper.startService:664 com.android.settings.deviceinfo.UsbReceiver.startUsbService:304 com.android.settings.deviceinfo.UsbReceiver.onUsbStateReceive:212 
06-16 22:03:34.718  1296  1314 V BroadcastQueue: Finished with ordered broadcast BroadcastRecord{f4b6aad u-1 android.hardware.usb.action.USB_STATE}
06-16 22:03:34.826  3829  3829 W ContextImpl: Calling a method in the system process without a qualified user: android.app.ContextImpl.startService:1760 android.content.ContextWrapper.startService:664 android.content.ContextWrapper.startService:664 com.android.settings.deviceinfo.UsbReceiver.startUsbService:304 com.android.settings.deviceinfo.UsbReceiver.onUsbStateReceive:165 
06-16 22:03:34.830  1296  1315 I WindowManager: onProposedRotationChanged, rotation=0
06-16 22:03:34.830  3829  3829 W ContextImpl: Calling a method in the system process without a qualified user: android.app.ContextImpl.startService:1760 android.content.ContextWrapper.startService:664 android.content.ContextWrapper.startService:664 com.android.settings.deviceinfo.UsbReceiver.startUsbService:304 com.android.settings.deviceinfo.UsbReceiver.onUsbStateReceive:212 
06-16 22:03:34.832  1296  1315 I WindowManager: MyOrientationListener: updateRotation.
06-16 22:03:34.841  1296  1315 V WindowManager: removeIfPossible: Window{53384d8 u0 android}
06-16 22:03:34.844  1296  1315 V WindowManager: postWindowRemoveCleanupLocked: Window{53384d8 u0 android}
06-16 22:03:34.844  1296  1315 V WindowManager: Removing Window{53384d8 u0 android} from WindowToken{4d557bb android.view.ViewRootImpl$W@c4eec4a}
06-16 22:03:34.854  1296  1314 V BroadcastQueue: Finished with ordered broadcast BroadcastRecord{c6b51e2 u-1 android.hardware.usb.action.USB_STATE}
06-16 22:03:34.886  1296  1315 V WindowManager: addWindow: Window{766a9cf u0 android}
06-16 22:03:34.887  1296  1315 I StatusBarDisable: setFlags what=0 which=1 pkg=Window{305444b u0 com.android.settings/com.android.settings.Settings$DevelopmentSettingsActivity}
06-16 22:03:34.899  1296  1315 I StatusBarDisable: setFlags what=0 which=1 pkg=Window{305444b u0 com.android.settings/com.android.settings.Settings$DevelopmentSettingsActivity}
06-16 22:03:35.141  1296  7268 V BroadcastQueue: Finished with ordered broadcast BroadcastRecord{21c4265 u0 com.google.android.intent.action.GCM_RECONNECT}
06-16 22:03:35.541  1296  7268 I NotificationService: enqueueNotificationInternal: pkg=com.android.settings id=1000002 notification=Notification(channel=SETTINGS_USB pri=1 contentView=null vibrate=null sound=null tick defaults=0x0 flags=0x2 color=0x00000000 vis=PRIVATE)
06-16 22:03:35.543  1296  7268 I NotificationService: enqueueNotificationInternal Channel Info : pkg=com.android.settings id=1000002 importance =1
06-16 22:03:37.211  1296  1480 D ConnectivityService: reportNetworkConnectivity(124, false) by 10099
06-16 22:03:37.755  1296  1480 D ConnectivityService: NetworkAgentInfo [WIFI () - 124] validation passed
06-16 22:03:39.644  1296  1480 D ConnectivityService: notifyType CALLBACK_CAP_CHANGED for NetworkAgentInfo [WIFI () - 124]
06-16 22:03:39.646  1296  1506 D ConnectivityService: ActiveNetwork is blocked, uid = 10175, ignoreBlocked = false
06-16 22:03:39.647  1296  1506 D ConnectivityService: ActiveNetwork is blocked, uid = 10175, ignoreBlocked = false
06-16 22:03:39.647  1296  1506 D ConnectivityService: ActiveNetwork is blocked, uid = 10169, ignoreBlocked = false
06-16 22:03:39.647  1296  1506 D ConnectivityService: ActiveNetwork is blocked, uid = 10136, ignoreBlocked = false
06-16 22:03:39.647  1296  1506 D ConnectivityService: ActiveNetwork is blocked, uid = 10149, ignoreBlocked = false
06-16 22:03:39.648  1296  1506 D ConnectivityService: ActiveNetwork is blocked, uid = 10169, ignoreBlocked = false
06-16 22:03:39.648  1296  1506 D ConnectivityService: ActiveNetwork is blocked, uid = 10023, ignoreBlocked = false
06-16 22:03:39.648  1296  1506 D ConnectivityService: ActiveNetwork is blocked, uid = 10175, ignoreBlocked = false
06-16 22:03:39.648  1296  1506 D ConnectivityService: ActiveNetwork is blocked, uid = 10107, ignoreBlocked = false
06-16 22:03:39.667  1296  7268 D ConnectivityService: Network is BLOCKED, uid = 10136
06-16 22:03:39.671  1296 14783 D ConnectivityService: Network is BLOCKED, uid = 10136
06-16 22:03:40.586  1593  1817 I HidataAppQoeP: handleStateChanged reason=6
06-16 22:03:40.586  1593  1817 I BrowserChrP: handleStateChanged
06-16 22:03:40.782   711   771 I storaged: storaged_t::event: storage_info refreshed.
06-16 22:03:42.675  1296  1480 D ConnectivityService: notifyType CALLBACK_CAP_CHANGED for NetworkAgentInfo [WIFI () - 124]
06-16 22:03:42.676  1296  1506 D ConnectivityService: ActiveNetwork is blocked, uid = 10175, ignoreBlocked = false
06-16 22:03:42.676  1296  1506 D ConnectivityService: ActiveNetwork is blocked, uid = 10175, ignoreBlocked = false
06-16 22:03:42.677  1296  1506 D ConnectivityService: ActiveNetwork is blocked, uid = 10169, ignoreBlocked = false
06-16 22:03:42.677  1296  1506 D ConnectivityService: ActiveNetwork is blocked, uid = 10136, ignoreBlocked = false
06-16 22:03:42.677  1296  1506 D ConnectivityService: ActiveNetwork is blocked, uid = 10149, ignoreBlocked = false
06-16 22:03:42.677  1296  1506 D ConnectivityService: ActiveNetwork is blocked, uid = 10169, ignoreBlocked = false
06-16 22:03:42.679  1296  1506 D ConnectivityService: ActiveNetwork is blocked, uid = 10023, ignoreBlocked = false
06-16 22:03:42.679  1296  1506 D ConnectivityService: ActiveNetwork is blocked, uid = 10175, ignoreBlocked = false
06-16 22:03:42.680  1296  1506 D ConnectivityService: ActiveNetwork is blocked, uid = 10107, ignoreBlocked = false
06-16 22:03:42.689  1296  1867 D ConnectivityService: Network is BLOCKED, uid = 10136
06-16 22:03:42.693  1296  1867 D ConnectivityService: Network is BLOCKED, uid = 10136
06-16 22:03:42.932   568   645 W SocketListener: sending broadcast to Pid = 1296, Uid = 1000 
06-16 22:03:42.934  1296  1467 D NetdConnector: RCV <- {661 ReportType 0 0 0 0 0 0 0 0 0 0 0 0 0 0 0 0 0 0 0 0 0 0 0 0 0 0 0 0 0 0 0 0 0 0 0 0 0 0 0 0 0 0 0 0 0 0 0 0 0 0 0 0 0 0 0 0 0 0 0 0 0 0 0 0 0 0 0 0 0 0 0 0 0 0 0 0 0 0 0 0 0 0 0 0 0 0 0 0 0 0 0 0 0 0 0 0 0 0 0 0 0 0 0 0 0 0 0 0 0 0 0 0 0 0 0 0 0 0 0 0 0 0 0 0 0 0 0 0 0 0 0 0 0 0 0 0 0 0 0 0 0 0 0 0 0 0 0 0 0 0 0 0 0 0 0 0 0 0 0 0 0 0 0 0 0 0 0 0 0 0 0 0 0 0 0 0 0 0 0 0 0 0 0 0 0 0 0 0 0 0 0 0 0 0 0 0 0 0 0 0 0 0 0 0 0 0 0 0 0 0 0 0 0 0 0 0 0 0 0 0 0 0 0 0 0 0 0 0 0 ReportType 0 68 0 0 0 1 1 1 0 0 0 0 0 0 0 1 0 0 0 0 0 0 0 0 0 0 0 0 0 0 0 0 0 0 0 0 0 0 0 0 0 0 0 0 0 0 0 0 0 0 0 0 0 0 0 0 0 0 0 0 68 0 0 0 0 0 1 0 0 0 0 0 0 0 0 1 0 0 0 0 0 0 0 0 0 0 0 0 0 0 0 0 0 0 0 0 0 0 0 0 0 0 0 0 0 0 0 0 0 0 0 0 0 0 0 0 0 0 0 0 0 0 0 0 0 0 0 0 0 0 0 0 0 0 0 0 0 0 0 0 0 0 0 0 0 0 0 0 0 0 0 0 0 0 0 0 0 0 0 0 0 0 0 0 0 0 0 0 0 0 0 0 0 0 0 0 0 0 0 0 0 0 0 0 0 0 0 0 0 0 0 0 0 0 0 0 0 0 0 0 0 0 0 0 0 0 0 0 0 0 0 0 68 68 68 0 0 0 0 0 0 0 0 0 0 0 0 0 0}
06-16 22:03:42.936  1296  1467 D NetdConnector: RCV <- {661 ReportType 0 0 0 0 0 0 0 0 0 0 0 0 0 0 0 0 0 0 0 0 0 0 0 0 0 0 0 0 0 0 0 0 0 0 0 0 0 0 0 0 0 0 0 0 0 0 0 0 0 0 0 0 0 0 0 0 0 0 0 0 0 0 0 0 0 0 0 0 0 0 0 0 0 0 0 0 0 0 0 0 0 0 0 0 0 0 0 0 0 0 0 0 0 0 0 0 0 0 0 0 0 0 0 0 0 0 0 0 0 0 0 0 0 0 0 0 0 0 0 0 0 0 0 0 0 0 0 0 0 0 0 0 0 0 0 0 0 0 0 0 0 0 0 0 0 0 0 0 0 0 0 0 0 0 0 0 0 0 0 0 0 0 0 0 0 0 0 0 0 0 0 0 0 0 0 0 0 0 0 0 0 0 0 0 0 0 0 0 0 0 0 0 0 0 0 0 0 0 0 0 0 0 0 0 0 0 0 0 0 0 0 0 0 0 0 0 0 0 0 0 0 0 0 0 0 0 0 0 0 ReportType 0 68 0 0 0 1 1 1 0 0 0 0 0 0 0 1 0 0 0 0 0 0 0 0 0 0 0 0 0 0 0 0 0 0 0 0 0 0 0 0 0 0 0 0 0 0 0 0 0 0 0 0 0 0 0 0 0 0 0 0 68 0 0 0 0 0 1 0 0 0 0 0 0 0 0 1 0 0 0 0 0 0 0 0 0 0 0 0 0 0 0 0 0 0 0 0 0 0 0 0 0 0 0 0 0 0 0 0 0 0 0 0 0 0 0 0 0 0 0 0 0 0 0 0 0 0 0 0 0 0 0 0 0 0 0 0 0 0 0 0 0 0 0 0 0 0 0 0 0 0 0 0 0 0 0 0 0 0 0 0 0 0 0 0 0 0 0 0 0 0 0 0 0 0 0 0 0 0 0 0 0 0 0 0 0 0 0 0 0 0 0 0 0 0 0 0 0 0 0 0 0 0 0 0 0 0 0 0 0 0 0 0 68 68 68 0 0 0 0 0 0 0 0 0 0 0 0 0 0}
06-16 22:03:42.937  1296  1323 D NetdConnector: RCV unsolicited event from native daemon, event = 661
06-16 22:03:42.943  1296  1323 D HwNetworkManagementService: onEvent receive Web Stat Report:661 ReportType 0 0 0 0 0 0 0 0 0 0 0 0 0 0 0 0 0 0 0 0 0 0 0 0 0 0 0 0 0 0 0 0 0 0 0 0 0 0 0 0 0 0 0 0 0 0 0 0 0 0 0 0 0 0 0 0 0 0 0 0 0 0 0 0 0 0 0 0 0 0 0 0 0 0 0 0 0 0 0 0 0 0 0 0 0 0 0 0 0 0 0 0 0 0 0 0 0 0 0 0 0 0 0 0 0 0 0 0 0 0 0 0 0 0 0 0 0 0 0 0 0 0 0 0 0 0 0 0 0 0 0 0 0 0 0 0 0 0 0 0 0 0 0 0 0 0 0 0 0 0 0 0 0 0 0 0 0 0 0 0 0 0 0 0 0 0 0 0 0 0 0 0 0 0 0 0 0 0 0 0 0 0 0 0 0 0 0 0 0 0 0 0 0 0 0 0 0 0 0 0 0 0 0 0 0 0 0 0 0 0 0 0 0 0 0 0 0 0 0 0 0 0 0 0 0 0 0 0 0 ReportType 0 68 0 0 0 1 1 1 0 0 0 0 0 0 0 1 0 0 0 0 0 0 0 0 0 0 0 0 0 0 0 0 0 0 0 0 0 0 0 0 0 0 0 0 0 0 0 0 0 0 0 0 0 0 0 0 0 0 0 0 68 0 0 0 0 0 1 0 0 0 0 0 0 0 0 1 0 0 0 0 0 0 0 0 0 0 0 0 0 0 0 0 0 0 0 0 0 0 0 0 0 0 0 0 0 0 0 0 0 0 0 0 0 0 0 0 0 0 0 0 0 0 0 0 0 0 0 0 0 0 0 0 0 0 0 0 0 0 0 0 0 0 0 0 0 0 0 0 0 0 0 0 0 0 0 0 0 0 0 0 0 0 0 0 0 0 0 0 0 0 0 0 0 0 0 0 0 0 0 0 0 0 0 0 0 0 0 0 0 0 0 0 0 0 0 0 0 0 0 0 0 0 0 0 0 0 0 0 0 0 0 0 68 68 68 0 0 0 0 0 0 0 0 0 0 0 0 0 0
--------- beginning of main
06-16 22:03:43.399  1639  1639 I NetworkSpeedView: /update(), speed=1.93K/s
06-16 22:03:43.673  1296  4216 I chatty  : uid=1000 system_server expire 1 line
06-16 22:03:43.794  4217  4217 E JankService: child Thread receive to stop
06-16 22:03:43.934   724   948 E JankService: all data read ok
06-16 22:03:44.093  1296  1432 D HwBatteryService: onUEvent fcpStatus = 0,scpStatus =0,ovpStatus=0
06-16 22:03:44.095  1296  1432 I HwBatteryService: quick charge status : 0
06-16 22:03:44.096  1296  1432 I HwBatteryService: handleWirelessTxStatus
06-16 22:03:44.096  1296  1432 I HwBatteryService: switch not open, return, mWirelessTxFlag : 0
06-16 22:03:44.097  1296  1432 I UsbDeviceManager: water_intrused state= 0
06-16 22:03:44.172  3194  3285 E LYNX_TT_WEBVIEW: can't get appInfo, try at 5 seconds later! 
06-16 22:03:44.198  1296  1446 I AlarmManager: adjustDeliveryTimeBasedOnStandbyBucketLocked alarm:Alarm{cc9591d type 0 when 1560693824108 PendingIntent{2edcfe7: PendingIntentRecord{8441794 com.huawei.hiai broadcastIntent}}com.huawei.hiai}, standbyBucket:40, minElapsed:100800536
06-16 22:03:44.227  1296 14783 V BroadcastQueue: Finished with ordered broadcast BroadcastRecord{3939fe1 u0 com.huawei.systemmanager.hsmmonitor.dially}
06-16 22:03:44.239  1639  1639 D StatusBarIconController: setIconVisibility icon is null or visibility not change visibility=false
06-16 22:03:44.239  1639  1639 D NetWorkUtils: mVSimCurCardType is -1
06-16 22:03:44.239  1639  1639 D StatusBarIconController: setIconVisibility icon is null or visibility not change visibility=false
06-16 22:03:44.239  1296  1867 V BroadcastQueue: Finished with ordered broadcast BroadcastRecord{8aa6df4 u0 com.tencent.mm.TrafficStatsReceiver}
06-16 22:03:44.240  1639  1639 D NetWorkUtils: mVSimCurCardType is -1
06-16 22:03:44.240  1639  1639 D StatusBarIconController: setIconVisibility icon is null or visibility not change visibility=false
06-16 22:03:44.240  1639  1639 D NetWorkUtils: mVSimCurCardType is -1
06-16 22:03:44.246  1296  8135 I NetworkStats: openSession, pid = 1930
06-16 22:03:44.247  1296  1867 V BroadcastQueue: Finished with ordered broadcast BroadcastRecord{44ff792 u0 com.huawei.hwsystemmanager.power.SCHEDULE_RECORD_REMAING_TIME_SCENE}
06-16 22:03:44.267  1296 14783 I NetworkStats: openSession, pid = 1930
06-16 22:03:44.350  1296  1315 I chatty  : uid=1000(system) android.ui expire 25 lines
06-16 22:03:44.350  1296  1315 I WindowManager: onProposedRotationChanged, rotation=0
06-16 22:03:44.354  1296  1315 I WindowManager: MyOrientationListener: updateRotation.
06-16 22:03:44.360  1296  1315 V WindowManager: removeIfPossible: Window{766a9cf u0 android}
06-16 22:03:44.363  1296  1315 V WindowManager: postWindowRemoveCleanupLocked: Window{766a9cf u0 android}
06-16 22:03:44.363  1296  1315 V WindowManager: Removing Window{766a9cf u0 android} from WindowToken{e70aa2e android.view.ViewRootImpl$W@a6104a9}
06-16 22:03:44.395 32591 32591 I HwHiAIEngine_AIEngineProvider: call method: ddk_report
06-16 22:03:44.400  1296  1315 V WindowManager: addWindow: Window{8bb8ed5 u0 android}
06-16 22:03:44.401  1296  1315 I StatusBarDisable: setFlags what=0 which=1 pkg=Window{305444b u0 com.android.settings/com.android.settings.Settings$DevelopmentSettingsActivity}
06-16 22:03:44.401  1296  1315 D PickUpWakeScreenManager: onDeviceDataChanged
06-16 22:03:44.401  1296  1315 D PickUpWakeScreenManager: screen on =true
06-16 22:03:44.402  1639 10745 D KeyguardService: Caller checkPermission fail
06-16 22:03:44.402  1639 10745 D KeyguardService: KGSvcCall doFaceRecognize.PICKUP:SC_ON
06-16 22:03:44.405  1639  1639 I HwKeyguardUpdateMonitor: face detect wakeupreason = PICKUP:SC_ON F-Enable<F> Finger<F>
06-16 22:03:44.405  1639  1639 I HwKeyguardUpdateMonitor: ??? faceDetectWithWakingUp skiped: false false
06-16 22:03:44.413  1296  1867 V BroadcastQueue: Finished with ordered broadcast BroadcastRecord{1fa7560 u0 com.huawei.com.ddk.report.action}
06-16 22:03:44.428  1296  1315 I StatusBarDisable: setFlags what=0 which=1 pkg=Window{305444b u0 com.android.settings/com.android.settings.Settings$DevelopmentSettingsActivity}
06-16 22:03:44.463 32591  4218 E HwHiAIEngine_DDKCore: WARNING: could not load library jni_ddk_report! ule:java.lang.UnsatisfiedLinkError: dlopen failed: library "libai_client.so" not found.
06-16 22:03:44.601  1296  1305 I chatty  : uid=1000(system) HeapTaskDaemon expire 2 lines
06-16 22:03:44.631  1852  2624 I chatty  : uid=1000(system) thermal-core-th expire 11 lines
06-16 22:03:44.690  1296  1315 D PickUpWakeScreenManager: onDeviceDataChanged
06-16 22:03:44.690  1296  1315 D PickUpWakeScreenManager: screen on =true
06-16 22:03:44.691  1639 10745 D KeyguardService: Caller checkPermission fail
06-16 22:03:44.691  1639 10745 D KeyguardService: KGSvcCall doFaceRecognize.PICKUP:SC_ON
06-16 22:03:44.691  1639  1639 I HwKeyguardUpdateMonitor: face detect wakeupreason = PICKUP:SC_ON F-Enable<F> Finger<F>
06-16 22:03:44.691  1639  1639 I HwKeyguardUpdateMonitor: ??? faceDetectWithWakingUp skiped: false false
06-16 22:03:44.828  1296  1454 I chatty  : uid=1000(system) HWExtMotionServ expire 30 lines
06-16 22:03:44.829  1296  1315 I WindowManager: onProposedRotationChanged, rotation=0
06-16 22:03:44.830  1296  1315 I WindowManager: MyOrientationListener: updateRotation.
06-16 22:03:44.834  1296  1315 V WindowManager: removeIfPossible: Window{8bb8ed5 u0 android}
06-16 22:03:44.837  1296  1315 V WindowManager: postWindowRemoveCleanupLocked: Window{8bb8ed5 u0 android}
06-16 22:03:44.838  1296  1315 V WindowManager: Removing Window{8bb8ed5 u0 android} from WindowToken{881878c android.view.ViewRootImpl$W@b2ba4bf}
06-16 22:03:44.873  1296  1315 V WindowManager: addWindow: Window{d7c87b6 u0 android}
06-16 22:03:44.873  1296  1315 I StatusBarDisable: setFlags what=0 which=1 pkg=Window{305444b u0 com.android.settings/com.android.settings.Settings$DevelopmentSettingsActivity}
06-16 22:03:44.888  1296  1315 I StatusBarDisable: setFlags what=0 which=1 pkg=Window{305444b u0 com.android.settings/com.android.settings.Settings$DevelopmentSettingsActivity}
06-16 22:03:44.899  1296  8135 I NetworkStats: getSummaryForAllPid stats size= 725
06-16 22:03:45.134  1639  4219 I ndroid.systemu: Explicit concurrent copying GC freed 62428(3MB) AllocSpace objects, 3(124KB) LOS objects, 49% free, 11MB/22MB, paused 90us total 56.613ms
06-16 22:03:45.201  1639  4219 I ndroid.systemu: Explicit concurrent copying GC freed 2708(140KB) AllocSpace objects, 0(0B) LOS objects, 50% free, 11MB/22MB, paused 50us total 53.039ms
06-16 22:03:45.384  1816  2023 D HwWifiStatStore: handleMessage : 200
06-16 22:03:45.618   592  1505 E android.hardware.usb@1.0-service: uevent received SUBSYSTEM=dual_role_usb
06-16 22:03:45.625   592   592 W usb@1.0-service: type=1400 audit(0.0:64869): avc: denied { dac_override } for capability=1 scontext=u:r:hal_usb_default:s0 tcontext=u:r:hal_usb_default:s0 tclass=capability permissive=0
06-16 22:03:45.625   592   592 W usb@1.0-service: type=1400 audit(0.0:64870): avc: denied { dac_override } for capability=1 scontext=u:r:hal_usb_default:s0 tcontext=u:r:hal_usb_default:s0 tclass=capability permissive=0
06-16 22:03:45.626   592  1505 I android.hardware.usb@1.0-service: otg_default
06-16 22:03:45.629   592  1505 I android.hardware.usb@1.0-service: canChangeMode: 1 canChagedata: 0 canChangePower:0
06-16 22:03:45.633  1296  5041 I UsbPortManager: ClientCallback: otg_default
06-16 22:03:45.633  1296  1323 I UsbPortManager: USB port changed: port=UsbPort{id=otg_default, supportedModes=dual}, status=UsbPortStatus{connected=false, currentMode=none, currentPowerRole=no-power, currentDataRole=no-data, supportedRoleCombinations=[no-power:no-data]}, canChangeMode=true, canChangePowerRole=false, canChangeDataRole=false
06-16 22:03:45.640  1593  1593 I chatty  : uid=1000(system) com.huawei.systemserver expire 8 lines
06-16 22:03:45.657  3829  3829 I chatty  : uid=1000(system) com.android.settings expire 64 lines
06-16 22:03:45.659  1296 14783 V BroadcastQueue: Finished with ordered broadcast BroadcastRecord{c236cb7 u-1 android.hardware.usb.action.USB_PORT_CHANGED}
06-16 22:03:45.674  1930  2183 E HSM_Install_BG: DataFlowDetector:package name is empty , uid = 1021
06-16 22:03:45.674  1930  2183 E HSM_Install_BG: DataFlowDetector:package name is empty , uid = 1051
06-16 22:03:45.674  1930  2183 E HSM_Install_BG: DataFlowDetector:package name is empty , uid = 0
06-16 22:03:45.683   612   612 E WifiHAL : enter wifi_get_link_stats
06-16 22:03:45.688   865  4187 E MtpServer: request read returned -1, errno: 5
06-16 22:03:45.688   865  4187 I HwMtpServerExJNI: cleanup MtpServerEx
06-16 22:03:45.688   865  4187 V MtpServerEx: destructor
06-16 22:03:45.688   865  4187 V HwMtpServerExJNI: finalize
06-16 22:03:45.689   865  4187 I StagefrightMediaScannerEx: StagefrightMediaScanner destructor
06-16 22:03:45.693  4173  4182 E adbd    : aio: got error event on read total bufs 1: Cannot send after transport endpoint shutdown
06-16 22:03:45.694  4173  4180 E adbd    : aio: got error event on write total bufs 1: Cannot send after transport endpoint shutdown
06-16 22:03:45.695  4173  4173 I adbd    : closing functionfs transport
06-16 22:03:45.704  1296  1432 D HwBatteryService: onUEvent fcpStatus = 0,scpStatus =0,ovpStatus=0
06-16 22:03:45.705  1296  1432 I HwBatteryService: quick charge status : 0
06-16 22:03:45.705  1296  1432 I HwBatteryService: handleWirelessTxStatus
06-16 22:03:45.705  1296  1432 I HwBatteryService: switch not open, return, mWirelessTxFlag : 0
06-16 22:03:45.705  1296  5041 I BatteryService: normal charge status : 1
06-16 22:03:45.705  1296  1432 I UsbDeviceManager: water_intrused state= 0
06-16 22:03:45.706   606   606 D lights  : set_light_battery colorRGB=00000000, onMS=0, offMS=0 
06-16 22:03:45.709  1296  1430 I chatty  : uid=1000(system) HwBatteryServic expire 66 lines
06-16 22:03:45.710  1593  2154 I chatty  : uid=1000(system) UEventObserver expire 11 lines
06-16 22:03:45.710  1593  1606 I chatty  : uid=1000(system) Binder:1593_1 expire 12 lines
06-16 22:03:45.723   709 23038 D NuPlayerDriver: reset(0xf2494780) at state 6
06-16 22:03:45.731  1639  1639 W PowerUI : unknown intent: Intent { act=android.intent.action.ACTION_POWER_DISCONNECTED flg=0x4000010 (has extras) }
06-16 22:03:45.732  1816  2103 I OPCollectLog: PowerDisConnectedAction:onReceive action: android.intent.action.ACTION_POWER_DISCONNECTED
06-16 22:03:45.742 29302 29302 I [10.4.0.305]HiCloud.SyncObserverService: action power disconnected.
06-16 22:03:45.744   711  1336 I storaged: uid_monitor::update_curr_io_stats_locked: last_uid_io_stats_ size is 100
06-16 22:03:45.744   711  1336 I storaged: uid_monitor::update_curr_io_stats_locked: curr_io_stats_ size is 100
06-16 22:03:45.745   709 23038 I GenericSource: GenericSource::disconnect begin
06-16 22:03:45.745   709 23038 I GenericSource: GenericSource::disconnect end
06-16 22:03:45.745   709 23038 D NuPlayer: NuPlayer::resetAsync() post kWhatReset
06-16 22:03:45.746   709  1198 I NuPlayer: kWhatReset
06-16 22:03:45.746   709  1198 I NuPlayer: updatePlaybackTimer(stop)  time                    0 (kWhatReset)
06-16 22:03:45.746   709  1198 I NuPlayer: updateRebufferingTimer(stop)  time                    0 (exiting 1)
06-16 22:03:45.746   709  1198 I NuPlayer: performDecoderFlush audio=2, video=2
06-16 22:03:45.746   709  1198 I NuPlayer: [audio] flushDecoder needShutdown=1
06-16 22:03:45.746   709  1198 I NuPlayer: postponing action mFlushingAudio=2, mFlushingVideo=0
06-16 22:03:45.746  3322  3322 W HiAction_IntelligentReceiver: TraceFlow.ruleManagerFlow: IntelligentReceiver:android.intent.action.ACTION_POWER_DISCONNECTED
06-16 22:03:45.747  1296  1314 I ActivityManager: App 10081/com.android.browser targets O+, restricted
06-16 22:03:45.748  1296  1314 W BroadcastQueue: Background execution not allowed: receiving Intent { act=android.intent.action.ACTION_POWER_DISCONNECTED flg=0x4000010 (has extras) } to com.android.browser/com.tencent.mtt.browser.push.service.ConnectivityReceiver
06-16 22:03:45.749  3322  3322 W HiAction_RuleManager: ResouceUtil: getResourceSwitchStatus: true
06-16 22:03:45.752   865   865 D AutoCache: onReceive intent=Intent { act=android.intent.action.ACTION_POWER_DISCONNECTED flg=0x4000010 (has extras) } action=android.intent.action.ACTION_POWER_DISCONNECTED
06-16 22:03:45.753   709  1198 I NuPlayer: decoder audio flush completed
06-16 22:03:45.753   709  1198 I NuPlayer: renderer audio flush completed.
06-16 22:03:45.753   709  1198 I NuPlayer: initiating audio decoder shutdown
06-16 22:03:45.754   709  1212 W ACodec  : forcing OMX state to Idle when received shutdown in ExecutingState
06-16 22:03:45.754   716  1239 W SimpleSoftOMXComponent: onChangeState mState= 3, mTargetState = 3, state = 2
06-16 22:03:45.758   716  1239 W SimpleSoftOMXComponent: onChangeState mState= 2, mTargetState = 2, state = 1
06-16 22:03:45.758   716  1239 W SimpleSoftOMXComponent: checkTransitions port buf count is not zero
06-16 22:03:45.758   716   835 W SimpleSoftOMXComponent: checkTransitions port buf count is not zero
06-16 22:03:45.758   716  7097 W SimpleSoftOMXComponent: checkTransitions port buf count is not zero
06-16 22:03:45.759   716   835 W SimpleSoftOMXComponent: checkTransitions mState = 2, mTargetState = 1
06-16 22:03:45.759  3322  3322 W HiAction_IntelligentReceiver: TraceFlow.ruleManagerFlow: agreement is ok, then check intellgentUpdate conditions
06-16 22:03:45.760   716   835 I OMXNodeInstance: change state and then freeNode, handle = 0xed59e0e0
06-16 22:03:45.760  3322  3322 I HiAction_RuleManager: IntelligentReceiver: registListener, listener is already exits
06-16 22:03:45.762  1816  2103 I OPCollectLog: Action:PowerDisConnectedAction executed successfully
06-16 22:03:45.763   716   835 I OMXNodeInstance: OMXNodeInstance going away.
06-16 22:03:45.764 31864 31864 I chatty  : uid=10122 com.qiyi.video:downloader expire 5 lines
06-16 22:03:45.765 31864 31956 I chatty  : uid=10122(com.qiyi.video) DownloadEngine expire 2 lines
06-16 22:03:45.765 21796 21796 I iu.Environment: update battery state; isPlugged? false*
06-16 22:03:45.765 31864 31945 I chatty  : uid=10122(com.qiyi.video) Cube expire 1 line
06-16 22:03:45.774  1296  1328 D PickUpWakeScreenManager: isPickupSensorSupport isSensorSupport = true
06-16 22:03:45.777  1639  1639 D KeyguardUpdateMonitor: received broadcast android.intent.action.BATTERY_CHANGED
06-16 22:03:45.777  1639  1639 W KeyguardUpdateMonitor: ACTION_BATTERY_CHANGED AMP: 0; Volt: 0
06-16 22:03:45.778  1639  1639 W ChargingAnimController: Remove charging skip as not exist
06-16 22:03:45.778  1639  1639 I KgBattery: (last-new)Status: 1 -> null, chargeState=0 * branch=3
06-16 22:03:45.778  1639  1639 V KeyguardUpdateMonitor: RefreshBatteryInfo isBatteryLow: 53
06-16 22:03:45.778  1639  1639 W KeyguardUpdateMonitor: ChargingSpeed  Wattage: -1 ST: 5000000 --> 7500000
06-16 22:03:45.778  1639  1639 I KgBattery: BatteryInfo updated:  3lpc-1
06-16 22:03:45.778  1639  1639 W AppHandler: sendMessage with obj100
06-16 22:03:45.778  1639  1639 D KeyguardUpdateMonitor: handleBatteryUpdate
06-16 22:03:45.778  1639  1639 I ColorPickUitls: type = 2
06-16 22:03:45.778  1639  1639 W KG_FDT  : isFaceUnlockEnabled 1
06-16 22:03:45.778  1639  1639 V KeyguardUpdateMonitor: RefreshBatteryInfo isBatteryLow: 53
06-16 22:03:45.778  1639  1639 V KeyguardUpdateMonitor: RefreshBatteryInfo isBatteryLow: 53
06-16 22:03:45.778  1639  1639 W HwKgdBArea_BTY: updateBatteryInfo : false  false
06-16 22:03:45.778  1639  1639 W HwKeyguardUpdateMonitor: ChangingStat onDataChanged
06-16 22:03:45.779  1639  1639 W HwLockScreenPanel: refreshBatteryInfo: null
06-16 22:03:45.779  1639  1639 W HwLockScreenPanel: Handle message: 100
06-16 22:03:45.779  1639  1639 W HwKgdBArea_BTY: updateBatteryInfo : false  false
06-16 22:03:45.779 21796  4222 D WorkSource: Insert in WorkSource{} @ 0 uid 10099 name com.google.android.gms
06-16 22:03:45.782  1296  1867 I chatty  : uid=1000(system) Binder:1296_7 expire 4 lines
06-16 22:03:45.784  1816  2104 I OPCollectLog: OdmfHelper:insert dsCollectEncrypt success 
06-16 22:03:45.786  4173  4178 I adbd    : initializing functionfs
06-16 22:03:45.786  4173  4178 E adbd    : cannot open bulk-out endpoint /dev/usb-ffs/adb/ep1: No such file or directory
06-16 22:03:45.792   709  1198 I NuPlayer: audio shutdown completed
06-16 22:03:45.793   709  1198 I NuPlayer: both audio and video are flushed now.
06-16 22:03:45.793   709  1198 D NuPlayer: closeAudioSink
06-16 22:03:45.796   612   612 E WifiHAL : enter wifi_get_link_stats
06-16 22:03:45.798   614 18989 D AudioFlinger: event 163 
06-16 22:03:45.800   709  1198 D NuPlayer: performReset
06-16 22:03:45.800   709  1198 I NuPlayer: updatePlaybackTimer(stop)  time                    0 (performReset)
06-16 22:03:45.800   709  1198 I NuPlayer: updateRebufferingTimer(stop)  time                    0 (exiting 1)
06-16 22:03:45.800   709  1198 I NuPlayerRenderer: This video has played 0 frames
06-16 22:03:45.800   709  1198 D GenericSource: ~GenericSource
06-16 22:03:45.801   709  1198 I GenericSource: resetDataSource
06-16 22:03:45.801  1852  2232 I chatty  : uid=1000(system) HookHub expire 5 lines
06-16 22:03:45.802   709  1198 D NuPlayerDriver: notifyResetComplete(0xf2494780)
06-16 22:03:45.802   614  1134 I AudioMixer: Pid:614 deleteTrackName(1)
06-16 22:03:45.802   709 23038 E MediaPlayerService: getDuration returned -2147483648
06-16 22:03:45.802   709 23038 D NuPlayerDriver: reset(0xf2494780) at state 0
06-16 22:03:45.803   709 23038 I NuPlayer: updateInternalTimers()
06-16 22:03:45.803   709 23038 I NuPlayer: updatePlaybackTimer(snap)  time                    0 (updateInternalTimers)
06-16 22:03:45.803   709 23038 I NuPlayer: updateRebufferingTimer(snap)  time                    0 (exiting 0)
06-16 22:03:45.803   709 23038 W AMessage: failed to post message as target looper for handler 0 is gone.
06-16 22:03:45.805  1639  1925 W ExHandler: KG_Background_Handle_Thread running too long, use 23  { when=-26ms callback=com.android.keyguard.hwlockscreen.magazine.MagazineDetailView$3 target=com.huawei.keyguard.basetype.ExHandler }
06-16 22:03:45.808   614 18989 D AudioFlinger: event 163 
06-16 22:03:45.809  1578  1595 V AudioManager: mPlaybackCallbackList.size:1
06-16 22:03:45.809  1578  2386 D AudioManager: dispatching onPlaybackConfigChanged()
06-16 22:03:45.809  1296  1296 I chatty  : uid=1000 system_server expire 35 lines
06-16 22:03:45.819  1296  1296 I Telecom-ChargingStatusManager: onChargingStatusChanged, mIsCharging: true -> false
06-16 22:03:45.825  1578  1595 I bt_btif bt interface: read_energy_info
06-16 22:03:45.830  1639  1639 I KeyguardUtils: fpPath=sys/class/hw_power/charger/charge_data/chargerType, value=5
06-16 22:03:45.835  1639  1639 I KeyguardUtils: fpPath=sys/class/hw_power/charger/charge_data/chargerType, value=5
06-16 22:03:45.854  3194  3194 W System.err: java.lang.ClassNotFoundException: com.ss.android.common.businessinterface.feedback.IFeedbackService__ServiceProxy
06-16 22:03:45.865  1930  2261 E HSM_Install_BG: ChargeInfo: doRecordsChargeInfo chargeTime =93506986 plugType = 2 chargeType =1
06-16 22:03:45.865  1930  2261 E HSM_Install_BG: ChargeInfo: doRecordsChargeInfo lastCapacityRm =1541 capacityRm = 1557 mTimes = 95245 chargeBattery =16
06-16 22:03:45.865  1930  2261 E HSM_Install_BG: ChargeInfo: doRecordsChargeInfo BATTERY_PLUGGED_USB chargeBattery =16
06-16 22:03:45.872  3382  4229 D WorkSource: Insert in WorkSource{} @ 0 uid 10099 name com.google.android.gms
06-16 22:03:45.880   610   610 I Legacy PowerHAL: get_number_of_platform_modes
06-16 22:03:45.880   610   610 I Legacy PowerHAL: get_voter_list!
06-16 22:03:45.880   610   610 I Legacy PowerHAL: get_platform_low_power_stats update list
06-16 22:03:45.886  1296  1321 W BatteryExternalStatsWorker: modem info is invalid: ModemActivityInfo{ mTimestamp=0 mSleepTimeMs=0 mIdleTimeMs=0 mTxTimeMs[]=[0, 0, 0, 0, 0] mRxTimeMs=0 mEnergyUsed=0}
06-16 22:03:45.893  4000  4000 I HwOUC   : [main-1]onReceive action=android.intent.action.ACTION_POWER_DISCONNECTED(PowerConnectedReceiver.java:27)
06-16 22:03:45.930 21796 25064 I iu.UploadsManager: num queued entries: 0
06-16 22:03:45.952  3194  3194 W System.err: 	at java.lang.Class.classForName(Native Method)
06-16 22:03:45.953  3194  3194 W System.err: 	at java.lang.Class.forName(Class.java:453)
06-16 22:03:45.953  3194  3194 W System.err: 	at java.lang.Class.forName(Class.java:378)
06-16 22:03:45.953  3194  3194 W System.err: 	at com.bytedance.news.common.service.manager.ServiceManager.tryGetByReflect(SourceFile:110)
06-16 22:03:45.953  3194  3194 W System.err: 	at com.bytedance.news.common.service.manager.ServiceManager.getService(SourceFile:47)
06-16 22:03:45.953  3194  3194 W System.err: 	at com.bytedance.frameworks.runtime.decouplingframework.ServiceManager.getService(SourceFile:20)
06-16 22:03:45.953  3194  3194 W System.err: 	at com.ss.android.module.manager.ModuleManager.getModuleOrNull(SourceFile:59)
06-16 22:03:45.953  3194  3194 W System.err: 	at com.ss.android.module.manager.ModuleManager.getModule(SourceFile:100)
06-16 22:03:45.953  3194  3194 W System.err: 	at com.ss.android.article.news.d.a.d.run(SourceFile:19)
06-16 22:03:45.953  3194  3194 W System.err: 	at com.ss.android.article.base.feature.main.task.o$1.queueIdle(SourceFile:36)
06-16 22:03:45.953  3194  3194 W System.err: 	at com.ss.android.article.base.feature.main.task.e.queueIdle(SourceFile:55)
06-16 22:03:45.953  3194  3194 W System.err: 	at android.os.MessageQueue.next(MessageQueue.java:494)
06-16 22:03:45.953  3194  3194 W System.err: 	at android.os.Looper.loop(Looper.java:169)
06-16 22:03:45.953  3194  3194 W System.err: 	at android.app.ActivityThread.main(ActivityThread.java:7539)
06-16 22:03:45.953  3194  3194 W System.err: 	at java.lang.reflect.Method.invoke(Native Method)
06-16 22:03:45.953  3194  3194 W System.err: 	at com.android.internal.os.RuntimeInit$MethodAndArgsCaller.run(RuntimeInit.java:524)
06-16 22:03:45.953  3194  3194 W System.err: 	at com.android.internal.os.ZygoteInit.main(ZygoteInit.java:958)
06-16 22:03:45.953  3194  3194 W System.err: Caused by: java.lang.ClassNotFoundException: Didn't find class "com.ss.android.common.businessinterface.feedback.IFeedbackService__ServiceProxy" on path: DexPathList[[zip file "/data/user/0/com.ss.android.article.news/files/webview_bytedance/465a7208089cd578ae3769274e1dd40c_md5/libbytedanceweb.apk", dex file "/data/user/0/com.ss.android.article.news/files/webview_bytedance/465a7208089cd578ae3769274e1dd40c_md5/classes.dex", zip file "/system/framework/org.apache.http.legacy.boot.jar", zip file "/data/app/com.ss.android.article.news-B9PRImayyLdfa5UaK9u4DA==/base.apk"],nativeLibraryDirectories=[/data/app/com.ss.android.article.news-B9PRImayyLdfa5UaK9u4DA==/lib/arm, /data/app/com.ss.android.article.news-B9PRImayyLdfa5UaK9u4DA==/base.apk!/lib/armeabi, /system/lib, /product/lib]]
06-16 22:03:45.953  3194  3194 W System.err: 	at dalvik.system.BaseDexClassLoader.findClass(BaseDexClassLoader.java:134)
06-16 22:03:45.953  3194  3194 W System.err: 	at java.lang.ClassLoader.loadClass(ClassLoader.java:379)
06-16 22:03:45.953  3194  3194 W System.err: 	at java.lang.ClassLoader.loadClass(ClassLoader.java:312)
06-16 22:03:45.953  3194  3194 W System.err: 	... 17 more
06-16 22:03:45.956  3194  3194 W System.err: java.lang.ClassNotFoundException: com.ss.android.common.businessinterface.feedback.IFeedbackService__ServiceProxy
06-16 22:03:45.958  3194  3194 W System.err: 	at java.lang.Class.classForName(Native Method)
06-16 22:03:45.958  3194  3194 W System.err: 	at java.lang.Class.forName(Class.java:453)
06-16 22:03:45.958  3194  3194 W System.err: 	at java.lang.Class.forName(Class.java:378)
06-16 22:03:45.958  3194  3194 W System.err: 	at com.bytedance.news.common.service.manager.ServiceManager.tryGetByReflect(SourceFile:110)
06-16 22:03:45.958  3194  3194 W System.err: 	at com.bytedance.news.common.service.manager.ServiceManager.getService(SourceFile:47)
06-16 22:03:45.959  3194  3194 W System.err: 	at com.bytedance.frameworks.runtime.decouplingframework.ServiceManager.getService(SourceFile:20)
06-16 22:03:45.959  3194  3194 W System.err: 	at com.ss.android.module.manager.ModuleManager.registerModule(SourceFile:146)
