05-26 15:36:57.802 16764 16783 D Gallery2_Common_HwColorPickerUtil: screenWidth = 1080, screenHeight = 1920
05-26 15:36:57.803 16764 16782 I com.fyusion.sdk.common: 2019-05-26T15:36:57.802+0800 [Auth]: Fyuse SDK version: 1.02.24-rel7 | '4dd9b23ea' | 2017-08-08T21:21:58-07:00 | Vislib: A-SDK-1.03-01 | cc0bb74a3 | 1.0.5
05-26 15:36:57.809 16764 16785 D Gallery2_Search_SearchService: handleMessage start
05-26 15:36:57.811 16764 16779 D DE I -de: native_init:66: Loading algorithms
05-26 15:36:57.811 16764 16779 D DE I -de: initLogSwitch:24: isProductDebuggable=0, isDebugLogOn=0
05-26 15:36:57.813 16635 16759 D Gallery2_Geo: total 203 should process.
05-26 15:36:57.817 16764 16785 D Gallery2_Search_SearchService: locked false
05-26 15:36:57.825 16764 16779 I Gallery2_Common_DisplayEngine: init() getCapability mEnable=true, mWideColorGamutSupported=true
05-26 15:36:57.825 16764 16779 D Gallery2_Search_SearchPolicy: getSearchFeatureInstance begin:
05-26 15:36:57.825 16764 16779 I AppFeatureLoader: loadFeature entryClazz:com.huawei.gallery.featurelayer.feature.dynamic.SearchFeatureEntry clazz:com.huawei.gallery.feature.search.ISearchFeature
05-26 15:36:57.829 16764 16783 I HwApiCacheMangerEx: apicache path=/storage/emulated/0 state=mounted key=com.android.gallery3d#10017#512
05-26 15:36:57.829 16764 16783 I HwApiCacheMangerEx: apicache path=/storage/3866-6630 state=mounted key=com.android.gallery3d#10017#512
05-26 15:36:57.831 15718 16352 I iu.SyncManager: NEXT; no task
05-26 15:36:57.837 16764 16777 I AwareBitmapCacher: init processName:com.android.gallery3d:search pid=16764 uid=10017
05-26 15:36:57.838 16764 16779 D Gallery2_Search_SearchPolicy: Load search feature success? true
05-26 15:36:57.838 16764 16779 D Gallery2_Search_SearchPolicy: getSearchFeatureInstance begin:
05-26 15:36:57.838 16764 16783 D GalleryStorageManager: updateOuterGalleryStorageList innerGalleryStorage:Path:/storage/emulated/0, mounted:true, name:, galleryStorageList:[Path:/storage/3866-6630, mounted:true, name:SanDisk?, index:1]
05-26 15:36:57.840 16764 16777 E MemoryLeakMonitorManager: MemoryLeakMonitor.jar is not exist!
05-26 15:36:57.841 16764 16783 I AppFeatureLoader: loadFeature entryClazz:com.huawei.gallery.featurelayer.feature.dynamic.PhotoRectifyFeatureEntry clazz:com.huawei.gallery.feature.photorectify.IPhotoRectifyFeature
05-26 15:36:57.841 16764 16779 I Gallery2_cloud_PhotoShareUtils: storage size: 52G
05-26 15:36:57.849 16764 16783 E FontFamily: Error mapping font file /system/fonts/slim.ttf
05-26 15:36:57.853 16764 16783 W Gallery2_Common_GalleryUtils: the font Slim is not exist!
05-26 15:36:57.854 16635 16759 D Gallery2_Geo: chinese version forbid net work or Network is not Available.
05-26 15:36:57.854 16635 16759 D Gallery2_Geo: updateGeoCode set SEARCH_DATA_STATUS to :2
05-26 15:36:57.854 16764 16779 E Gallery2_Common_TouchForceManager: NoSuchMethodException com.huawei.android.app.Activity failed
05-26 15:36:57.858 16764 16784 D OpenGLRenderer: Skia GL Pipeline
05-26 15:36:57.859 16764 16779 D Gallery2_Common_HwCustUtilsWrapper: start init HwCustUtils
05-26 15:36:57.859 16764 16784 I Gallery2_Common_GalleryAppImpl: app start with version 9.0.15.359(190015359)
05-26 15:36:57.859 16764 16779 D Gallery2_Common_HwCustUtilsWrapper: init HwCustUtils success !!!
05-26 15:36:57.865 16764 16779 D Gallery2_Common_HwCustUtilsWrapper: method find result public static java.lang.Object com.huawei.cust.HwCustUtils.createObj(java.lang.Class,java.lang.Object[])
05-26 15:36:57.866 16764 16779 E libscanner: >>>Version:  WB_v363_CC_r<<<
05-26 15:36:57.877 16764 16783 D Gallery2_Common_HwCustUtilsWrapper: method find result public static java.lang.Object com.huawei.cust.HwCustUtils.createObj(java.lang.Class,java.lang.Object[])
05-26 15:36:57.878 16764 16783 W HwCust  : CUST VERSION = true, use class = class com.android.gallery3d.util.HwCustBlackList
05-26 15:36:57.880 16764 16783 D MediaSetUtils: innerGalleryStorage:Path:/storage/emulated/0, mounted:true, name:, outerGalleryStorageList:[Path:/storage/3866-6630, mounted:true, name:SanDisk?, index:1]
05-26 15:36:57.889 16635 16706 D Gallery2_Common_StorageService: precess pre check storage info.
05-26 15:36:57.890 16764 16783 V Gallery2_cloud_PhotoShareUtils: com.huawei.hidisk result = true
05-26 15:36:57.944 16764 16785 D Gallery2_Search_SearchService: clear invalid index. batch count 0
05-26 15:36:57.952 16764 16785 D Gallery2_Search_SearchService: clear invalid index, count: 0
05-26 15:36:57.971 16764 16785 D Gallery2_Search_SearchService: upgrade  0 item for null 
05-26 15:36:57.971 16764 16785 D Gallery2_Search_SearchService: clearInvalidIndex done.
05-26 15:36:57.984 16764 16785 D Gallery2_Search_SearchService: total 0 changed local language to zh
05-26 15:36:57.989 16764 16785 D Gallery2_Search_SearchService: Index info: version 1, last language zh
05-26 15:36:57.991 16764 16785 D Gallery2_Search_SearchService: update local language done.
05-26 15:36:58.006 16764 16785 D Gallery2_Search_SearchService: total 0 file should be analyzed for search.
05-26 15:36:58.019 16764 16785 D Gallery2_Search_SearchService: local language  zh
05-26 15:36:58.019  1306 10282 I chatty  : uid=1000(system) Binder:1306_1B expire 3 lines
05-26 15:36:58.019 16764 16785 D Gallery2_Search_SearchService: network is unvaliable, may be lat-lng should resolve, stop update index address.
05-26 15:36:58.019 16764 16785 D Gallery2_Search_SearchService: update index done (0)address update to local language.
05-26 15:36:58.019  2528  3175 D HighSpeedDevicesManager: HighSpeedDevicesObserver onUEvent.
05-26 15:36:58.019  2528  3175 D HighSpeedDevicesManager: DP_STATE: null; USB3_STATE: null; ANA_STATE: null; USBPC_STATE: DISCONNECTED.
05-26 15:36:58.019  2528  3175 D HighSpeedDevicesManager: onUSBPCConnectedChanged, mIsUSBPCConnected: true -> false
05-26 15:36:58.020 16764 16785 D Gallery2_Search_SearchService: updateIndex done.
05-26 15:36:58.023  2528  3175 D HighSpeedDevicesManager: DPManager notifyDeviceState CONNECTED_DEVICE_STATE_OUT.
05-26 15:36:58.025 16764 16785 D Gallery2_Search_SearchService: searchService stop self 1
05-26 15:36:58.026 16764 16764 D Gallery2_Search_SearchService: stop service
05-26 15:36:58.032   704   732 D AwareLog: iawared:  compress gpu mem, pid:21685
05-26 15:36:58.035  1306 15345 I chatty  : uid=1000 system_server expire 15 lines
05-26 15:36:58.036   704   732 I AwareLog: HibSTrategy::HibStrategySwapCandidateProcessAdd packagename com.google.android.gsf
05-26 15:36:58.061  2583  4735 I chatty  : uid=1000(system) Binder:2583_7 expire 9 lines
05-26 15:36:58.094  5219  5219 D MediaScanner: setStorageEjectFlag flag = 0
05-26 15:36:58.099  5219  5219 I MtpService: Couldn't get control FD!
05-26 15:36:58.099  5219  5219 I HWSERVICES: hwnative_get_component_mtpServer  comes...
05-26 15:36:58.108  5219  5219 V MtpServerEx: constructor
05-26 15:36:58.108  5219  5219 I HwMtpServerExJNI: set MtpServerEx 0x73dd6bc800
05-26 15:36:58.108  5219  5219 I HwMtpServerExJNI: Finish to setup MtpServer
05-26 15:36:58.110  2528  3175 I chatty  : uid=1000(system) UEventObserver expire 10 lines
05-26 15:36:58.117   704  3598 I AwareLog: HiberManagerService::do_reclaim ok, pid=16569, reclaimAll = 1
05-26 15:36:58.117   704  3598 I AwareLog: HiberManagerService::getReclaimResult:reclaim_kb=4984, swap_kb=4092, swap_us=47580
05-26 15:36:58.117   704  3598 I AwareLog: HibStrategy::HibStrategySwapCandidateProcessRemove packagename is com.google.android.gsf
05-26 15:36:58.117   704  3598 I AwareLog: HiberManagerService::sendMessagetoHiberTask successful
05-26 15:36:58.118   704   732 I AwareLog: HibSTrategy::HibStrategySwapCandidateProcessAdd packagename com.tencent.mobileqq
05-26 15:36:58.119  5219  5219 D MtpReceiver: Debug MTP:ACTION_USB_STATE 
05-26 15:36:58.120  5219  5219 D MtpReceiver: handleUsbState startService
05-26 15:36:58.120  5219  5219 D MtpReceiver: Debug MTP:srart MTP service 
05-26 15:36:58.120  5219  5262 D MediaProvider: fixParentIdIfNeeded called
05-26 15:36:58.121  2583  2583 I chatty  : uid=1000(system) com.huawei.powergenie expire 8 lines
05-26 15:36:58.121 14453 14453 I chatty  : uid=1000(system) com.android.settings expire 29 lines
05-26 15:36:58.123  2583  3669 I chatty  : uid=1000(system) ThermalTraceThr expire 6 lines
05-26 15:36:58.125  5219 16801 D MediaScannerService: run MediaScannerService
05-26 15:36:58.131  5219  5219 D MediaScannerService: onStartCommand startId 1
05-26 15:36:58.131  5219 16802 D MediaScannerService: run SingleFileScannerService
05-26 15:36:58.136 14453 14453 W ContextImpl: Calling a method in the system process without a qualified user: android.app.ContextImpl.startService:1760 android.content.ContextWrapper.startService:664 android.content.ContextWrapper.startService:664 com.android.settings.deviceinfo.UsbReceiver.startUsbService:304 com.android.settings.deviceinfo.UsbReceiver.onUsbStateReceive:165 
05-26 15:36:58.140 14453 14453 W ContextImpl: Calling a method in the system process without a qualified user: android.app.ContextImpl.startService:1760 android.content.ContextWrapper.startService:664 android.content.ContextWrapper.startService:664 com.android.settings.deviceinfo.UsbReceiver.startUsbService:304 com.android.settings.deviceinfo.UsbReceiver.onUsbStateReceive:212 
05-26 15:36:58.164   544   548 I iMonitor: create: 940001000
05-26 15:36:58.165   544   548 I iMonitor: send: 940001000
05-26 15:36:58.165   544   548 I HISEC   : [ENGINE      ] upload threat succeed: name:usb-debug,stat:RISK,cred:Y,seq:169,table: 0 0 0 2,errno:#1y,detail:"CONFIGURED"
05-26 15:36:58.165   544   549 I HISEC   : [STATIC      ] static check started
05-26 15:36:58.174  2960  3661 I         : DPTEST  EventId is not need Hash
05-26 15:36:58.177   704  3598 I AwareLog: HibStrategy::HibStrategySwapCandidateProcessRemove packagename is com.tencent.mobileqq
05-26 15:36:58.177   704  3598 I AwareLog: HiberManagerService::sendMessagetoHiberTask successful
05-26 15:36:58.178   704   732 I AwareLog: HibSTrategy::HibStrategySwapCandidateProcessAdd packagename com.tencent.mobileqq
05-26 15:36:58.179  2583  2594 I chatty  : uid=1000(system) Binder:2583_1 expire 11 lines
05-26 15:36:58.212  5219 16800 D MtpServer: doOpenSession ok
05-26 15:36:58.232  5219  5219 D MediaScannerService: folder scan, startId :1
05-26 15:36:58.232  5219 16801 D MediaScannerService: handleMessage msg.arg1: 1
05-26 15:36:58.232  5219 16801 I HWSERVICES: hwnative_get_component:libstagefright,Scanner
05-26 15:36:58.234  5219  5219 D MtpService: Cannot launch second MTP server.
05-26 15:36:58.236  5219  5219 D AutoCache: onReceive intent=Intent { act=android.intent.action.ACTION_POWER_CONNECTED flg=0x4000010 cmp=com.android.providers.media/com.huawei.media.autocachethumbnail.PowerStateReceiver (has extras) } action=android.intent.action.ACTION_POWER_CONNECTED
05-26 15:36:58.238  5219 16801 I StagefrightMediaScannerEx: StagefrightMediaScanner Constructor
05-26 15:36:58.241   704  3598 I AwareLog: HiberManagerService::do_reclaim ok, pid=21685, reclaimAll = 1
05-26 15:36:58.242   704  3598 I AwareLog: HiberManagerService::getReclaimResult:reclaim_kb=1528, swap_kb=1528, swap_us=20797
05-26 15:36:58.242   704  3598 I AwareLog: HibStrategy::HibStrategySwapCandidateProcessRemove packagename is com.tencent.mobileqq
05-26 15:36:58.242   704  3598 I AwareLog: HiberManagerService::sendMessagetoHiberTask successful
05-26 15:36:58.242  5219  5219 V AutoCache: registerPowerBroadcastReceiver: sPowerRegisterState is true, cxt is android.app.Application@d1e819b
05-26 15:36:58.249  5219  5219 V AutoCache: registerBatteryBroadcastReceiver: sBatteryRegisterState is true, cxt is android.app.Application@d1e819b
05-26 15:36:58.250  5219  5219 D MtpReceiver: Debug MTP:ACTION_USB_STATE 
05-26 15:36:58.252  5219  5219 D MtpReceiver: handleUsbState startService
05-26 15:36:58.252  5219  5219 D MtpReceiver: Debug MTP:srart MTP service 
05-26 15:36:58.272  5219  5219 V AutoCache: unRegisterBatteryBroadcastReceiver: sBatteryRegisterState is false, cxt is android.app.Application@d1e819b
05-26 15:36:58.279 14453 14453 W ContextImpl: Calling a method in the system process without a qualified user: android.app.ContextImpl.startService:1760 android.content.ContextWrapper.startService:664 android.content.ContextWrapper.startService:664 com.android.settings.deviceinfo.UsbReceiver.startUsbService:304 com.android.settings.deviceinfo.UsbReceiver.onUsbStateReceive:165 
05-26 15:36:58.289  5219  5219 D MtpService: Cannot launch second MTP server.
05-26 15:36:58.289 14453 14453 W ContextImpl: Calling a method in the system process without a qualified user: android.app.ContextImpl.startService:1760 android.content.ContextWrapper.startService:664 android.content.ContextWrapper.startService:664 com.android.settings.deviceinfo.UsbReceiver.startUsbService:304 com.android.settings.deviceinfo.UsbReceiver.onUsbStateReceive:212 
05-26 15:36:58.356  5219  5262 D MediaProvider: fixParentIdIfNeeded called
05-26 15:36:58.453  3352  3352 D InCall - InCallPresenter: onDeviceOrientationChange: orientation= 90
05-26 15:36:58.480  1306 10282 I chatty  : uid=1000(system) Binder:1306_1B expire 13 lines
05-26 15:36:58.483  5219 16801 D MediaScanner: setStorageEjectFlag flag = 0
05-26 15:36:58.533  5219 16801 D MediaScannerService: stopSelfIfNecessary startId:1, startIds size 0
05-26 15:36:58.536  5219  5219 D MediaScannerService: onDestroy
05-26 15:36:58.536  5219  5219 D MediaScannerService: onDestroy before looper quit
05-26 15:36:58.573  9767  9767 I HwOUC   : [main-1]onReceive action=android.intent.action.ACTION_POWER_CONNECTED(PowerConnectedReceiver.java:27)
05-26 15:36:58.604  9767  9767 W Settings: Setting device_provisioned has moved from android.provider.Settings.Secure to android.provider.Settings.Global.
05-26 15:36:58.612  9767  9767 I HwOUC   : [main-1]isAutoDownloadAvailable isFeatureSupport is true;isRootedByUser is false(HwOucUtility.java:5638)
05-26 15:36:58.613 14094 14094 D PowerConnectionReceiver: PowerConnectionReceiver
05-26 15:36:58.623 14094 14094 W ContextImpl: Calling a method in the system process without a qualified user: android.app.ContextImpl.startService:1760 android.content.ContextWrapper.startService:664 android.content.ContextWrapper.startService:664 com.huawei.hwdetectrepair.smartnotify.eventlistener.PowerConnectionReceiver.onReceive:30 android.app.ActivityThread.handleReceiver:3920 
05-26 15:36:58.628 14094 14094 D SmartNotifyService: onStratCommand
05-26 15:36:58.633  9767  9767 I HwOUC   : [main-1]isHotaUpdate cursor is null,return false(GDPRUtils.java:540)
05-26 15:36:58.633 14094 14196 D DateUtils: dayDiff 98
05-26 15:36:58.635 14094 14196 D TriggerEventManager: update_config_record: frequency limit
05-26 15:36:58.637 14094 14196 E XmlSAXParser: SAX analysis ERROR
05-26 15:36:58.642  9767  9767 I HwOUC   : [main-1]isHotaUpdate cursor is null,return false(GDPRUtils.java:540)
05-26 15:36:58.643  9767  9767 I chatty  : uid=10055(com.huawei.android.hwouc) identical 1 line
05-26 15:36:58.644  9767  9767 I HwOUC   : [main-1]isHotaUpdate cursor is null,return false(GDPRUtils.java:540)
05-26 15:36:58.675 14094 14196 D NotifyConfigParserHandler: ["820001084"]
05-26 15:36:58.678 14094 14196 D NotifyConfigParserHandler: ["820001085"]
05-26 15:36:58.680 14094 14196 D NotifyConfigParserHandler: ["838001003", "838001004", "838001005", "838001006", "838001009", "838001010", "838001011", "838001012"]
05-26 15:36:58.686 15718 16523 I SystemUpdate: [Installation,ReceiverIntentOperation] Received intent: Intent { act=android.intent.action.ACTION_POWER_CONNECTED flg=0x4000010 cmp=com.google.android.gms/.chimera.GmsIntentOperationService (has extras) }.
05-26 15:36:58.691 14094 14196 D NotifyConfigParserHandler: ["838001001", "838001002"]
05-26 15:36:58.693 14094 14196 D NotifyConfigParserHandler: ["843001002"]
05-26 15:36:58.695 14094 14196 D NotifyConfigParserHandler: ["843001003"]
05-26 15:36:58.699 14094 14196 I SmartNotifyService: notify name: Charge_Battery_Decay
05-26 15:36:58.701 14094 14196 I SmartNotifyService: notify name: Charge_Battery_Aging
05-26 15:36:58.702 14094 14196 I SmartNotifyService: notify name: Security_security_root
05-26 15:36:58.703 14094 14196 I SmartNotifyService: notify name: Security_security_illegal_system
05-26 15:36:58.705 14094 14196 I SmartNotifyService: notify name: Storage_Internal_Aging
05-26 15:36:58.706 14094 14196 I SmartNotifyService: notify name: Storage_Internal_Aging
05-26 15:36:58.721  9767  9767 E HwOUC   : [main-1]getVersionIds--components is null(HotaUpdateAuthAction.java:99)
05-26 15:36:58.754 15718 16805 I SystemUpdate: [Execution,InstallationEventIntentOperation] Handling event of type 9.
05-26 15:36:58.772   698   698 I chatty  : uid=1000(system) /system/bin/thermal-daemon expire 16 lines
05-26 15:36:58.779 14094 14196 E DetectCommandManager: cursor null, can not get notify state
05-26 15:36:58.785 15718 16545 I SystemUpdate: [Execution,InstallationIntentOperation] Received intent: Intent { act=com.google.android.gms.update.INSTALL_UPDATE cat=[targeted_intent_op_prefix:.update.execution.InstallationIntentOperation] cmp=com.google.android.gms/.chimera.GmsIntentOperationService }.
05-26 15:36:58.791 14094 14196 D DateUtils: dayDiff 109
05-26 15:36:58.792 14094 14196 D DetectCommandManager: 820001084: frequency limit
05-26 15:36:58.793  9767  9767 E HwOUC   : [main-1]getDevicePolicyTypeAttempt to invoke virtual method 'int android.app.admin.SystemUpdatePolicy.getPolicyType()' on a null object reference(CDDUtils.java:77)
05-26 15:36:58.796 15718 16545 I SystemUpdate: [Execution,ExecutionManager] Action finished-execution executed for 0.00 seconds.
05-26 15:36:58.811 14094 14196 E DetectCommandManager: cursor null, can not get notify state
05-26 15:36:58.823 14094 14196 D DateUtils: dayDiff 398
05-26 15:36:58.824 14094 14196 D DetectCommandManager: 820001085: frequency limit
05-26 15:36:58.825 14094 14196 I DetectCommandManager: 838001003: switch off
05-26 15:36:58.826 14094 14196 I DetectCommandManager: 838001001: switch off
05-26 15:36:58.835 15718 16806 D WorkSource: Insert in WorkSource{} @ 0 uid 10099 name com.google.android.gms
05-26 15:36:58.842 14094 14196 E DetectCommandManager: cursor null, can not get notify state
05-26 15:36:58.845 14094 14196 D DateUtils: dayDiff 169
05-26 15:36:58.851 14094 14196 D DetectCommandManager: 843001002: frequency limit
05-26 15:36:58.855 16635 16759 D Gallery2_Geo: resolve local address
05-26 15:36:58.855 16635 16759 D Gallery2_Geo: chinese version forbid net work or Network is not Available.
05-26 15:36:58.855 16635 16759 D Gallery2_Geo: --schedule-- work done, stop GeoService
05-26 15:36:58.858 16635 16759 D Gallery2_Search_SearchPolicy: getSearchFeatureInstance begin:
05-26 15:36:58.858 16635 16759 D Gallery2_Search: startServiceDelay from :com.huawei.gallery.media.GeoService@108468e
05-26 15:36:58.858 16635 16759 D Gallery2_Search_SearchService: start search service delay
05-26 15:36:58.859 16635 16635 D Gallery2_Geo: --schedule-- GeoService onDestroy
05-26 15:36:58.861 16635 16759 D Gallery2_Geo: resolve address cost: 1238
05-26 15:36:58.861 16635 16759 D Gallery2_Geo: done resolve 
05-26 15:36:58.863 14094 14196 E DetectCommandManager: cursor null, can not get notify state
05-26 15:36:58.871 14094 14196 D DateUtils: dayDiff 169
05-26 15:36:58.872 14094 14196 D DetectCommandManager: 843001003: frequency limit
05-26 15:36:58.875  9767  9767 I HwOUC   : [main-1]getDevicePolicyType policyType : -1(CDDUtils.java:104)
05-26 15:36:58.876  9767  9767 I HwOUC   : [main-1]isHotaUpdate cursor is null,return false(GDPRUtils.java:540)
05-26 15:36:58.876  9767  9767 I HwOUC   : [main-1]isHotaUpdate cursor is null,return false(GDPRUtils.java:540)
05-26 15:36:58.878  9767  9767 E HwOUC   : [main-1]getVersionIds--components is null(HotaUpdateAuthAction.java:99)
05-26 15:36:58.908  2340  3413 I chatty  : uid=10039(com.huawei.HwMultiScreenShot) SystemUIThreadF expire 9 lines
05-26 15:36:58.918  9767  9767 I HwOUC   : [main-1]ForcibleUpgrade--isContinuedAfterCheckCDD, isAutoDownload is false, inForeground is false, isOpenWifi is false, devicePolicyType is -1(AutoInstallUtils.java:782)
05-26 15:36:58.922 14094 14196 W SmartNotifyService: mDetectList null or size = 0
05-26 15:36:58.936  9767  9767 I HwOUC   : [main-1]getWifiType->isMeteredWifi is false(LogControl.java:105)
05-26 15:36:58.937  9767  9767 I HwOUC   : [main-1]onCreate->isAutoDownloadAvailable is true, isOpenWifi = false, isDownload = true, isSupportAutoDownload = true(WifiAutoDownloadManageService.java:45)
05-26 15:36:58.939  9767  9767 I HwOUC   : [main-1]isHotaUpdate cursor is null,return false(GDPRUtils.java:540)
05-26 15:36:58.939 15718 16552 W gle.android.gm: resources.arsc in APK '/data/app/com.sankuai.meituan-iLFdeILsv4UZteOUPL6RJg==/base.apk' is compressed.
05-26 15:36:58.939  9767  9767 I HwOUC   : [main-1]isHotaUpdate cursor is null,return false(GDPRUtils.java:540)
05-26 15:36:58.940  9767  9767 E HwOUC   : [main-1]getVersionIds--components is null(HotaUpdateAuthAction.java:99)
05-26 15:36:58.941  9767  9767 E HwOUC   : [main-1]getDevicePolicyTypeAttempt to invoke virtual method 'int android.app.admin.SystemUpdatePolicy.getPolicyType()' on a null object reference(CDDUtils.java:77)
05-26 15:36:58.942  9767  9767 I HwOUC   : [main-1]getDevicePolicyType policyType : -1(CDDUtils.java:104)
05-26 15:36:58.995  2340  2340 I chatty  : uid=10039(com.huawei.HwMultiScreenShot) com.android.systemui expire 92 lines
05-26 15:36:59.050 15718 16822 W ChimeraUtils: Non Chimera context
05-26 15:36:59.051 15718 16822 W ChimeraUtils: Non Chimera context
05-26 15:36:59.052 16823 16823 I .huawei.fastap: Reinit property: dalvik.vm.checkjni= false
05-26 15:36:59.054 15718 16822 I Authzen : [AuthZenEventHandler] Handling event: com.google.android.gms.auth.authzen.CHECK_REGISTRATION
05-26 15:36:59.055 16823 16823 E .huawei.fastap: Not starting debugger since process cannot load the jdwp agent.
05-26 15:36:59.058 15718 16822 D WorkSource: Insert in WorkSource{} @ 0 uid 10099 name com.google.android.gms
05-26 15:36:59.064 16823 16823 D ZrHung.AppEyeUiProbe: AppEyeUIP created.
05-26 15:36:59.066 16823 16823 D ActivityThread: Attach thread to application
05-26 15:36:59.091 16823 16837 I HwApiCacheMangerEx: apicache path=/storage/emulated/0 state=mounted key=com.huawei.fastapp#10146#256
05-26 15:36:59.091 16823 16837 I HwApiCacheMangerEx: apicache path=/storage/3866-6630 state=mounted key=com.huawei.fastapp#10146#256
05-26 15:36:59.092 16823 16837 I HwApiCacheMangerEx: apicache path=/storage/emulated/0 state=mounted key=com.huawei.fastapp#10146#0
05-26 15:36:59.092 16823 16837 I HwApiCacheMangerEx: apicache path=/storage/3866-6630 state=mounted key=com.huawei.fastapp#10146#0
05-26 15:36:59.093 16823 16823 I .huawei.fastap: The ClassLoaderContext is a special shared library.
05-26 15:36:59.095 16823 16823 I .huawei.fastap: The ClassLoaderContext is a special shared library.
05-26 15:36:59.098 16823 16837 I HwLogExceptionInner: Log blacklist 
05-26 15:36:59.101 16823 16823 I .huawei.fastap: The ClassLoaderContext is a special shared library.
05-26 15:36:59.190 16823 16823 I MultiDex: VM with version 2.1.0 has multidex support
05-26 15:36:59.191 16823 16823 I MultiDex: Installing application
05-26 15:36:59.191 16823 16823 I MultiDex: VM has multidex support, MultiDex support library is disabled.
05-26 15:36:59.196 16823 16837 I AwareBitmapCacher: init processName:com.huawei.fastapp pid=16823 uid=10146
05-26 15:36:59.209 16823 16841 E AwareLog: AtomicFileUtils: readFileLines file not exist: android.util.AtomicFile@6822bd9
05-26 15:36:59.292  2551  2889 I chatty  : uid=1000(system) BD.BDRecorder expire 12 lines
05-26 15:36:59.382 16823 16823 E HbsFramework: Register PrefetchClient not in a service process!
05-26 15:36:59.384 16635 16635 D AwareBitmapCacher: handleInit disable com.android.gallery3d
05-26 15:36:59.385   494   494 I HisiKeyMaster: hisi_km_get_key_characteristics start
05-26 15:36:59.385   494   494 I HisiKeyMaster: Disable the enhanced crypto!
05-26 15:36:59.385   494   494 E teec_app_load: realpath open file erro(No such file or directory), path=/vendor/bin/07070707-0707-0707-0707-070707070707.sec
05-26 15:36:59.397   494   494 I HisiKeyMaster: hisi_km_get_key_characteristics success
05-26 15:36:59.399 16823 16823 E DeltaCore: [WXLogUtils] ClassNotFoundException
05-26 15:36:59.402 16823 16823 I chatty  : uid=10146(com.huawei.fastapp) identical 1 line
05-26 15:36:59.403 16823 16823 E DeltaCore: [WXLogUtils] ClassNotFoundException
05-26 15:36:59.404   494   494 I HisiKeyMaster: hisi_km_get_key_characteristics start
05-26 15:36:59.404   494   494 I HisiKeyMaster: Disable the enhanced crypto!
05-26 15:36:59.404   494   494 E teec_app_load: realpath open file erro(No such file or directory), path=/vendor/bin/07070707-0707-0707-0707-070707070707.sec
05-26 15:36:59.409 16823 16823 E DeltaCore: hbs core initialize...
05-26 15:36:59.414 16823 16823 W DeltaCore: run mode: NORMAL
05-26 15:36:59.416   494   494 I HisiKeyMaster: hisi_km_get_key_characteristics success
05-26 15:36:59.419   494   494 I HisiKeyMaster: hisi_km_begin start
05-26 15:36:59.419   494   494 I HisiKeyMaster: Disable the enhanced crypto!
05-26 15:36:59.419   494   494 E teec_app_load: realpath open file erro(No such file or directory), path=/vendor/bin/07070707-0707-0707-0707-070707070707.sec
05-26 15:36:59.432   494   494 I HisiKeyMaster: out_params_buffer_len = 4096
05-26 15:36:59.433   494   494 I HisiKeyMaster: hisi_km_begin success
05-26 15:36:59.438   494   494 I HisiKeyMaster: Disable the enhanced crypto!
05-26 15:36:59.438   494   494 E teec_app_load: realpath open file erro(No such file or directory), path=/vendor/bin/07070707-0707-0707-0707-070707070707.sec
05-26 15:36:59.445 16823 16843 W SoLoader: Cannot get nativeLoad method
05-26 15:36:59.445 16823 16843 W SoLoader: java.lang.NoSuchMethodException: nativeLoad [class java.lang.String, class java.lang.ClassLoader, class java.lang.String]
05-26 15:36:59.445 16823 16843 W SoLoader: 	at java.lang.Class.getMethod(Class.java:2068)
05-26 15:36:59.445 16823 16843 W SoLoader: 	at java.lang.Class.getDeclaredMethod(Class.java:2047)
05-26 15:36:59.445 16823 16843 W SoLoader: 	at com.facebook.soloader.SoLoader.getNativeLoadRuntimeMethod(SoLoader.java:382)
05-26 15:36:59.445 16823 16843 W SoLoader: 	at com.facebook.soloader.SoLoader.initSoLoader(SoLoader.java:300)
05-26 15:36:59.445 16823 16843 W SoLoader: 	at com.facebook.soloader.SoLoader.init(SoLoader.java:169)
05-26 15:36:59.445 16823 16843 W SoLoader: 	at com.facebook.soloader.SoLoader.init(SoLoader.java:153)
05-26 15:36:59.445 16823 16843 W SoLoader: 	at com.facebook.soloader.SoLoader.init(SoLoader.java:179)
05-26 15:36:59.445 16823 16843 W SoLoader: 	at com.huawei.fastapp.commons.adapter.O000000000.initLoader(FastSoLoaderAdapter.java:16)
05-26 15:36:59.445 16823 16843 W SoLoader: 	at com.taobao.weex.utils.i.a(WXSoInstallMgrSdk.java:92)
05-26 15:36:59.445 16823 16843 W SoLoader: 	at com.taobao.weex.WXSDKEngine$1.run(WXSDKEngine.java:215)
05-26 15:36:59.445 16823 16843 W SoLoader: 	at com.taobao.weex.common.WXThread$b.run(WXThread.java:52)
05-26 15:36:59.445 16823 16843 W SoLoader: 	at android.os.Handler.handleCallback(Handler.java:891)
05-26 15:36:59.445 16823 16843 W SoLoader: 	at android.os.Handler.dispatchMessage(Handler.java:102)
05-26 15:36:59.445 16823 16843 W SoLoader: 	at android.os.Looper.loop(Looper.java:207)
05-26 15:36:59.445 16823 16843 W SoLoader: 	at android.os.HandlerThread.run(HandlerThread.java:65)
05-26 15:36:59.446 16823 16843 D SoLoader: init start
05-26 15:36:59.446 16823 16843 D SoLoader: adding system library source: /vendor/lib
05-26 15:36:59.446 16823 16843 D SoLoader: adding system library source: /system/lib
05-26 15:36:59.447 16823 16843 D SoLoader: adding application source: com.facebook.soloader.DirectorySoSource[root = /data/app/com.huawei.fastapp-3IcOYevX1FktzXFcpNsFxg==/lib/arm64 flags = 0]
05-26 15:36:59.454 16823 16843 D SoLoader: adding backup  source: com.facebook.soloader.ApkSoSource[root = /data/data/com.huawei.fastapp/lib-main flags = 1]
05-26 15:36:59.454 16823 16843 D SoLoader: Preparing SO source: com.facebook.soloader.DirectorySoSource[root = /system/lib flags = 2]
05-26 15:36:59.454 16823 16843 D SoLoader: Preparing SO source: com.facebook.soloader.DirectorySoSource[root = /vendor/lib flags = 2]
05-26 15:36:59.454 16823 16843 D SoLoader: Preparing SO source: com.facebook.soloader.DirectorySoSource[root = /data/app/com.huawei.fastapp-3IcOYevX1FktzXFcpNsFxg==/lib/arm64 flags = 0]
05-26 15:36:59.454 16823 16843 D SoLoader: Preparing SO source: com.facebook.soloader.ApkSoSource[root = /data/data/com.huawei.fastapp/lib-main flags = 1]
05-26 15:36:59.455   494   494 I HisiKeyMaster: hisi_km_finish start
05-26 15:36:59.455   494   494 I HisiKeyMaster: Disable the enhanced crypto!
05-26 15:36:59.455   494   494 E teec_app_load: realpath open file erro(No such file or directory), path=/vendor/bin/07070707-0707-0707-0707-070707070707.sec
05-26 15:36:59.456 16823 16843 V fb-UnpackingSoSource: locked dso store /data/user/0/com.huawei.fastapp/lib-main
05-26 15:36:59.457 16823 16823 W DeltaCore: batch flush use batch async
05-26 15:36:59.459 16823 16823 E DeltaCore: hbs core initialize end
05-26 15:36:59.460 16823 16843 I fb-UnpackingSoSource: dso store is up-to-date: /data/user/0/com.huawei.fastapp/lib-main
05-26 15:36:59.460 16823 16843 V fb-UnpackingSoSource: releasing dso store lock for /data/user/0/com.huawei.fastapp/lib-main
05-26 15:36:59.460 16823 16843 D SoLoader: init finish: 4 SO sources prepared
05-26 15:36:59.460 16823 16843 D SoLoader: init exiting
05-26 15:36:59.460 16823 16843 D SoLoader: Prepending to SO sources: com.facebook.soloader.DirectorySoSource[root = /data/app/com.huawei.fastapp-3IcOYevX1FktzXFcpNsFxg==/lib/arm64 flags = 1]
05-26 15:36:59.461 16823 16843 D SoLoader: Prepended to SO sources: com.facebook.soloader.DirectorySoSource[root = /data/app/com.huawei.fastapp-3IcOYevX1FktzXFcpNsFxg==/lib/arm64 flags = 1]
05-26 15:36:59.462   494   494 I HisiKeyMaster: output data size=0
05-26 15:36:59.462   494   494 I HisiKeyMaster: hisi_km_finish success
05-26 15:36:59.463 16823 16845 W DeltaCore: batch flush all UI&APIs begin
05-26 15:36:59.491 16823 16823 W SoLoader: Cannot get nativeLoad method
05-26 15:36:59.491 16823 16823 W SoLoader: java.lang.NoSuchMethodException: nativeLoad [class java.lang.String, class java.lang.ClassLoader, class java.lang.String]
05-26 15:36:59.491 16823 16823 W SoLoader: 	at java.lang.Class.getMethod(Class.java:2068)
05-26 15:36:59.491 16823 16823 W SoLoader: 	at java.lang.Class.getDeclaredMethod(Class.java:2047)
05-26 15:36:59.491 16823 16823 W SoLoader: 	at com.facebook.soloader.SoLoader.getNativeLoadRuntimeMethod(SoLoader.java:382)
05-26 15:36:59.491 16823 16823 W SoLoader: 	at com.facebook.soloader.SoLoader.initSoLoader(SoLoader.java:300)
05-26 15:36:59.491 16823 16823 W SoLoader: 	at com.facebook.soloader.SoLoader.init(SoLoader.java:169)
05-26 15:36:59.491 16823 16823 W SoLoader: 	at com.facebook.soloader.SoLoader.init(SoLoader.java:153)
05-26 15:36:59.491 16823 16823 W SoLoader: 	at com.facebook.drawee.backends.pipeline.Fresco.initialize(Fresco.java:63)
05-26 15:36:59.491 16823 16823 W SoLoader: 	at com.huawei.fastsdk.FrescoUtils.initialize(FrescoUtils.java:75)
05-26 15:36:59.491 16823 16823 W SoLoader: 	at com.huawei.fastapp.FastApplication.onCreate(FastApplication.java:187)
05-26 15:36:59.491 16823 16823 W SoLoader: 	at android.app.Instrumentation.callApplicationOnCreate(Instrumentation.java:1162)
05-26 15:36:59.491 16823 16823 W SoLoader: 	at android.app.ActivityThread.handleBindApplication(ActivityThread.java:6636)
05-26 15:36:59.491 16823 16823 W SoLoader: 	at android.app.ActivityThread.access$2000(ActivityThread.java:268)
05-26 15:36:59.491 16823 16823 W SoLoader: 	at android.app.ActivityThread$H.handleMessage(ActivityThread.java:1995)
05-26 15:36:59.491 16823 16823 W SoLoader: 	at android.os.Handler.dispatchMessage(Handler.java:109)
05-26 15:36:59.491 16823 16823 W SoLoader: 	at android.os.Looper.loop(Looper.java:207)
05-26 15:36:59.491 16823 16823 W SoLoader: 	at android.app.ActivityThread.main(ActivityThread.java:7539)
05-26 15:36:59.491 16823 16823 W SoLoader: 	at java.lang.reflect.Method.invoke(Native Method)
05-26 15:36:59.491 16823 16823 W SoLoader: 	at com.android.internal.os.RuntimeInit$MethodAndArgsCaller.run(RuntimeInit.java:524)
05-26 15:36:59.491 16823 16823 W SoLoader: 	at com.android.internal.os.ZygoteInit.main(ZygoteInit.java:958)
05-26 15:36:59.491 16823 16823 D SoLoader: init exiting
05-26 15:36:59.511 16823 16837 E MemoryLeakMonitorManager: MemoryLeakMonitor.jar is not exist!
05-26 15:36:59.638   494   494 I HisiKeyMaster: hisi_km_get_key_characteristics start
05-26 15:36:59.638   494   494 I HisiKeyMaster: Disable the enhanced crypto!
05-26 15:36:59.638   494   494 E teec_app_load: realpath open file erro(No such file or directory), path=/vendor/bin/07070707-0707-0707-0707-070707070707.sec
05-26 15:36:59.645   494   494 I HisiKeyMaster: hisi_km_get_key_characteristics success
05-26 15:36:59.647   494   494 I HisiKeyMaster: hisi_km_get_key_characteristics start
05-26 15:36:59.647   494   494 I HisiKeyMaster: Disable the enhanced crypto!
05-26 15:36:59.647   494   494 E teec_app_load: realpath open file erro(No such file or directory), path=/vendor/bin/07070707-0707-0707-0707-070707070707.sec
05-26 15:36:59.655   494   494 I HisiKeyMaster: hisi_km_get_key_characteristics success
05-26 15:36:59.657   494   494 I HisiKeyMaster: hisi_km_begin start
05-26 15:36:59.657   494   494 I HisiKeyMaster: Disable the enhanced crypto!
05-26 15:36:59.657   494   494 E teec_app_load: realpath open file erro(No such file or directory), path=/vendor/bin/07070707-0707-0707-0707-070707070707.sec
05-26 15:36:59.664   494   494 I HisiKeyMaster: out_params_buffer_len = 4096
05-26 15:36:59.664   494   494 I HisiKeyMaster: hisi_km_begin success
05-26 15:36:59.664   494   494 I HisiKeyMaster: Disable the enhanced crypto!
05-26 15:36:59.664   494   494 E teec_app_load: realpath open file erro(No such file or directory), path=/vendor/bin/07070707-0707-0707-0707-070707070707.sec
05-26 15:36:59.670   494   494 I HisiKeyMaster: hisi_km_finish start
05-26 15:36:59.670   494   494 I HisiKeyMaster: Disable the enhanced crypto!
05-26 15:36:59.670   494   494 E teec_app_load: realpath open file erro(No such file or directory), path=/vendor/bin/07070707-0707-0707-0707-070707070707.sec
05-26 15:36:59.676   494   494 I HisiKeyMaster: output data size=0
05-26 15:36:59.676   494   494 I HisiKeyMaster: hisi_km_finish success
05-26 15:36:59.682 16823 16845 D NetworkSecurityConfig: No Network Security Config specified, using platform default
05-26 15:36:59.708 16823 16845 W DeltaCore: batch flush all UI&APIs finish
05-26 15:36:59.736 16823 16847 E HbsWebViewDataManager: deleteFile: the file is null or not exist!
05-26 15:36:59.736 16823 16847 E HbsWebViewDataManager: delete separate WebViewDir failed, AppName:com.izuche.fastapp
05-26 15:36:59.737 16823 16847 E HbsWebViewDataManager: deleteFile: the file is null or not exist!
05-26 15:36:59.737 16823 16847 E HbsWebViewDataManager: delete separate TexturesDir failed, AppName:com.izuche.fastapp
05-26 15:36:59.873  2551  2860 I chatty  : uid=1000(system) HwWifiStatStore expire 18 lines
05-26 15:36:59.907  5016 16819 E WakeLock: GCM_HB_ALARM release without a matched acquire!
05-26 15:36:59.908  1306  1502 I chatty  : uid=1000(system) Binder:1306_4 expire 2 lines
05-26 15:36:59.932  2340  2706 I chatty  : uid=10039(com.huawei.HwMultiScreenShot) SysUiBg expire 12 lines
05-26 15:37:00.043  2340  2503 I chatty  : uid=10039(com.huawei.HwMultiScreenShot) KG_Background_H expire 9 lines
05-26 15:37:00.044  2612  2612 I HwLauncher: Model  onReceive intent=Intent { act=android.intent.action.TIME_TICK flg=0x50200014 hwFlg=0x900 (has extras) }
05-26 15:37:00.044  2612  2612 I HwLauncher: Model  onReceive user=UserHandle{0}
05-26 15:37:00.049  2612  2834 E HwLauncher: SettingsEx , no such field.
05-26 15:37:00.049  2612  2834 W HwLauncher: Clock getDataFormat the getSystemString failed.
05-26 15:37:00.257 15718 16552 W gle.android.gm: resources.arsc in APK '/data/app/com.eg.android.AlipayGphone-s9RAQXuUubEuUxxqt2WWyQ==/base.apk' is compressed.
05-26 15:37:00.449 15718 16552 I Icing   : Usage reports ok 33, Failed Usage reports 0, indexed 0, rejected 0, imm upload false
05-26 15:37:00.523 15718 32664 W gle.android.gm: resources.arsc in APK '/data/app/com.android.browser-nuvNyf8o6LhNA7nRHRYl7Q==/base.apk' is compressed.
05-26 15:37:00.531 15718 16552 I Icing   : Usage reports ok 0, Failed Usage reports 0, indexed 0, rejected 0, imm upload false
05-26 15:37:00.532 15718 16552 I Icing   : Performing maintenance.
05-26 15:37:00.566  1306 10300 I chatty  : uid=1000(system) Binder:1306_1C expire 5 lines
05-26 15:37:00.633 16764 16854 D Gallery2_Search_SearchService: handleMessage start
05-26 15:37:00.633 16764 16854 D Gallery2_Search_SearchService: wait to Join thread.
05-26 15:37:00.633 16764 16854 D Gallery2_Search_SearchService: Join thread done. cost time: 0
05-26 15:37:00.633 16764 16854 D Gallery2_Search_SearchService: locked false
05-26 15:37:00.650 15718 16552 I Icing   : updateResources: need to parse aakz{com.google.android.gms}
05-26 15:37:00.670 16764 16854 D Gallery2_Search_SearchService: clear invalid index. batch count 0
05-26 15:37:00.675 16764 16854 D Gallery2_Search_SearchService: clear invalid index, count: 0
05-26 15:37:00.696 16764 16854 D Gallery2_Search_SearchService: upgrade  0 item for null 
05-26 15:37:00.697 16764 16854 D Gallery2_Search_SearchService: clearInvalidIndex done.
05-26 15:37:00.698 16764 16854 E Gallery2_Search_SearchService: local language doesn't change. no need localize.
05-26 15:37:00.698 16764 16854 D Gallery2_Search_SearchService: update local language done.
05-26 15:37:00.771 16764 16854 D Gallery2_Search_SearchService: total 0 file should be analyzed for search.
05-26 15:37:00.782 16764 16781 D Gallery2_Common_HwCustUtilsWrapper: method find result public static java.lang.Object com.huawei.cust.HwCustUtils.createObj(java.lang.Class,java.lang.Object[])
05-26 15:37:00.790 16764 16854 D Gallery2_Search_SearchService: local language  zh
05-26 15:37:00.791 16764 16854 D Gallery2_Search_SearchService: network is unvaliable, may be lat-lng should resolve, stop update index address.
05-26 15:37:00.791 16764 16854 D Gallery2_Search_SearchService: update index done (0)address update to local language.
05-26 15:37:00.793 16764 16854 D Gallery2_Search_SearchService: updateIndex done.
05-26 15:37:00.795 16764 16854 D Gallery2_Search_SearchService: searchService stop self 1
05-26 15:37:00.795 16764 16764 D Gallery2_Search_SearchService: stop service
05-26 15:37:00.949  9767  9767 I HwOUC   : [main-1] ServiceHandler stop service(WifiAutoDownloadManageService.java:154)
05-26 15:37:00.954  9767  9767 I HwOUC   : [main-1], onDestroy(WifiAutoDownloadManageService.java:142)
05-26 15:37:00.964  5016 16852 E WakeLock: GCM_HB_ALARM release without a matched acquire!
05-26 15:37:00.964 15718 16552 W Icing   : isOptedInForAppHistory: empty Account Name encountered
05-26 15:37:00.966  1306  2221 I chatty  : uid=1000(system) ConnectivitySer expire 2 lines
05-26 15:37:00.967  1306  6437 I chatty  : uid=1000(system) NetworkMonitorN expire 6 lines
05-26 15:37:01.044 15718 16552 I Icing   : Performing maintenance usage 6734741 budget 7232080330 free 99.907% index free 97.815% purge? false target 215790179
05-26 15:37:01.165  2528  2528 I chatty  : uid=1000(system) com.huawei.systemserver expire 10 lines
05-26 15:37:01.166  2528  2858 I HidataAppQoeP: handleStateChanged reason=6
05-26 15:37:01.166  2528  2858 I BrowserChrP: handleStateChanged
05-26 15:37:01.193 15718 16552 W native  : model-utils.cc:21 No CRC32, most likely an old model; skip CRC32 check
05-26 15:37:01.205 15718 16552 I native  : model-api.cc:44 Registered model under key tmp-segmentation-model
05-26 15:37:01.241  2528  2858 I HidataAppQoeP: handleStateChanged reason=6
05-26 15:37:01.241  2528  2858 I BrowserChrP: handleStateChanged
05-26 15:37:01.333 15718 16552 W native  : transportation-annotator.cc:95 transportation_script_path is empty
05-26 15:37:01.337 15718 16552 I native  : permission-checker.cc:74 Creating PermissionChecker based on ACL with config_version 1 having 5 permissions defined.
05-26 15:37:01.345 15718 16552 W native  : words-map.cc:29 generic::invalid_argument: Empty URI
05-26 15:37:01.345 15718 16552 W native  : words-map.cc:33 WordsMap was not properly initialized
05-26 15:37:01.347 15718 16552 I native  : native-index-impl.cc:483 Rebuilding index.
05-26 15:37:01.749 15718 32664 W gle.android.gm: resources.arsc in APK '/data/app/cn.wps.moffice_eng-i-nrXvi9L7ghyPN6f4-uBg==/base.apk' is compressed.
05-26 15:37:01.829 15718 32664 W gle.android.gm: resources.arsc in APK '/data/app/com.Qunar-vQ9LZ_c_1XBGeeRkG3P0mA==/base.apk' is compressed.
05-26 15:37:01.873 16764 16855 D Gallery2_Search_SearchService: handleMessage start
05-26 15:37:01.873 16764 16855 D Gallery2_Search_SearchService: wait to Join thread.
05-26 15:37:01.873 16764 16855 D Gallery2_Search_SearchService: Join thread done. cost time: 0
05-26 15:37:01.873 16764 16855 D Gallery2_Search_SearchService: locked false
05-26 15:37:01.894 15718 32664 W gle.android.gm: resources.arsc in APK '/data/app/com.UCMobile--9XpVmvZorvHING50PT7vQ==/base.apk' is compressed.
05-26 15:37:01.932 16764 16855 D Gallery2_Search_SearchService: clear invalid index. batch count 0
05-26 15:37:01.938 16764 16855 D Gallery2_Search_SearchService: clear invalid index, count: 0
05-26 15:37:01.961 15718 32664 W gle.android.gm: resources.arsc in APK '/data/app/com.alibaba.android.rimet-AXLuPnPE9sKDSBn5xfvxPA==/base.apk' is compressed.
05-26 15:37:01.970 16764 16855 D Gallery2_Search_SearchService: upgrade  0 item for null 
05-26 15:37:01.971 16764 16855 D Gallery2_Search_SearchService: clearInvalidIndex done.
05-26 15:37:01.972 16764 16855 E Gallery2_Search_SearchService: local language doesn't change. no need localize.
05-26 15:37:01.972 16764 16855 D Gallery2_Search_SearchService: update local language done.
05-26 15:37:02.053 16764 16855 D Gallery2_Search_SearchService: total 0 file should be analyzed for search.
05-26 15:37:02.079 16764 16855 D Gallery2_Search_SearchService: local language  zh
05-26 15:37:02.081 16764 16855 D Gallery2_Search_SearchService: network is unvaliable, may be lat-lng should resolve, stop update index address.
05-26 15:37:02.081 16764 16855 D Gallery2_Search_SearchService: update index done (0)address update to local language.
05-26 15:37:02.082 16764 16855 D Gallery2_Search_SearchService: updateIndex done.
05-26 15:37:02.085 16764 16855 D Gallery2_Search_SearchService: searchService stop self 1
05-26 15:37:02.085 16764 16764 D Gallery2_Search_SearchService: stop service
05-26 15:37:02.185  1306  1325 I chatty  : uid=1000(system) android.bg expire 2 lines
05-26 15:37:02.269 15718 32664 W gle.android.gm: resources.arsc in APK '/data/app/com.baosight.carsharing-I5eJo9eUPmy9OxNRnErPCw==/base.apk' is compressed.
05-26 15:37:02.660 15718 32664 W gle.android.gm: resources.arsc in APK '/data/app/com.jingdong.app.mall-gVXFI-dj0ahdUUHOi0krtw==/base.apk' is compressed.
05-26 15:37:02.748 15718 16552 I native  : document-store.cc:1756 Scored 12938 usage reports, missing_corpora 0 update_failed 1569
05-26 15:37:02.769 16764 16778 I allery3d:searc: Waiting for a blocking GC ProfileSaver
05-26 15:37:02.802 16764 16778 I allery3d:searc: WaitForGcToComplete blocked ProfileSaver on AddRemoveAppImageSpace for 32.422ms
05-26 15:37:02.825 15718 32664 W gle.android.gm: resources.arsc in APK '/data/app/com.netease.cloudmusic-uRCiEkcWJJA5KNXb1h4nkg==/base.apk' is compressed.
05-26 15:37:02.839 16764 16764 D AwareBitmapCacher: handleInit disable com.android.gallery3d:search
05-26 15:37:02.875 15718 32664 W gle.android.gm: resources.arsc in APK '/data/app/com.qiyi.video-gFzModNn7TXDIzg1fGBX1g==/base.apk' is compressed.
05-26 15:37:02.900   708   806 D SensorHub: batch called handle:3 sample_ns:300000000 latency_ns:0
05-26 15:37:02.900   708   806 D SensorHub: in batch, handle = 3, flags = 0, period_ns = 300000000, timeout = 0
05-26 15:37:03.036 15718 32664 W gle.android.gm: resources.arsc in APK '/data/app/com.sgcc.cs-hYLwkkqk8ciYsu9xVqcMTQ==/base.apk' is compressed.
05-26 15:37:03.080 15718 32664 W gle.android.gm: resources.arsc in APK '/data/app/com.ss.android.article.news-3KYhPZpI_wnT0Ma0MUpoJA==/base.apk' is compressed.
05-26 15:37:03.121  1306  8220 I chatty  : uid=1000(system) MobileQosDetect expire 12 lines
05-26 15:37:03.123  1306  2212 I chatty  : uid=1000(system) WifiService expire 12 lines
05-26 15:37:03.752 15718 32664 W gle.android.gm: resources.arsc in APK '/data/app/ctrip.android.view-3sAILP-Hk37L2n-AYnekiA==/base.apk' is compressed.
05-26 15:37:03.801  2596  3745 I SmsApplication: updatedNeeded = false for userId = 0
05-26 15:37:03.988  2340  2781 I chatty  : uid=10039(com.huawei.HwMultiScreenShot) QSTileHost expire 3 lines
05-26 15:37:03.992  2596  3577 D PhoneInterfaceManager: [PhoneIntfMgr] isUserDataEnabled: subId=0 phoneId=0
05-26 15:37:03.995  2596  3577 D PhoneInterfaceManager: [PhoneIntfMgr] isUserDataEnabled: subId=0 retVal=true
05-26 15:37:04.026  2596  3745 I SmsApplication: updatedNeeded = false for userId = 0
05-26 15:37:04.199  2596  3745 I SmsApplication: updatedNeeded = false for userId = 0
05-26 15:37:04.201 16823 16823 D AwareBitmapCacher: handleInit disable com.huawei.fastapp
05-26 15:37:04.296  2596  3745 I SmsApplication: updatedNeeded = false for userId = 0
05-26 15:37:04.378  2596  3745 I chatty  : uid=1001(radio) Binder:2596_10 identical 1 line
05-26 15:37:04.450  2596  3745 I SmsApplication: updatedNeeded = false for userId = 0
05-26 15:37:04.477  5016  5638 E Uploader: Clearcut transport failed to make network request.
05-26 15:37:04.477  5016  5638 E Uploader: java.net.ConnectException: Failed to connect to play.googleapis.com/216.58.200.10:443
05-26 15:37:04.477  5016  5638 E Uploader: 	at com.android.okhttp.internal.io.RealConnection.connectSocket(RealConnection.java:143)
05-26 15:37:04.477  5016  5638 E Uploader: 	at com.android.okhttp.internal.io.RealConnection.connect(RealConnection.java:112)
05-26 15:37:04.477  5016  5638 E Uploader: 	at com.android.okhttp.internal.http.StreamAllocation.findConnection(StreamAllocation.java:184)
05-26 15:37:04.477  5016  5638 E Uploader: 	at com.android.okhttp.internal.http.StreamAllocation.findHealthyConnection(StreamAllocation.java:126)
05-26 15:37:04.477  5016  5638 E Uploader: 	at com.android.okhttp.internal.http.StreamAllocation.newStream(StreamAllocation.java:95)
05-26 15:37:04.477  5016  5638 E Uploader: 	at com.android.okhttp.internal.http.HttpEngine.connect(HttpEngine.java:281)
05-26 15:37:04.477  5016  5638 E Uploader: 	at com.android.okhttp.internal.http.HttpEngine.sendRequest(HttpEngine.java:224)
05-26 15:37:04.477  5016  5638 E Uploader: 	at com.android.okhttp.internal.huc.HttpURLConnectionImpl.execute(HttpURLConnectionImpl.java:461)
05-26 15:37:04.477  5016  5638 E Uploader: 	at com.android.okhttp.internal.huc.HttpURLConnectionImpl.connect(HttpURLConnectionImpl.java:127)
05-26 15:37:04.477  5016  5638 E Uploader: 	at com.android.okhttp.internal.huc.HttpURLConnectionImpl.getOutputStream(HttpURLConnectionImpl.java:258)
05-26 15:37:04.477  5016  5638 E Uploader: 	at com.android.okhttp.internal.huc.DelegatingHttpsURLConnection.getOutputStream(DelegatingHttpsURLConnection.java:218)
05-26 15:37:04.477  5016  5638 E Uploader: 	at com.android.okhttp.internal.huc.HttpsURLConnectionImpl.getOutputStream(HttpsURLConnectionImpl.java:26)
05-26 15:37:04.477  5016  5638 E Uploader: 	at zyc.a(:com.google.android.gms@14799037@14.7.99 (100400-223214910):37)
05-26 15:37:04.477  5016  5638 E Uploader: 	at zyc.execute(:com.google.android.gms@14799037@14.7.99 (100400-223214910):8)
05-26 15:37:04.477  5016  5638 E Uploader: 	at zyc.execute(:com.google.android.gms@14799037@14.7.99 (100400-223214910):7)
05-26 15:37:04.477  5016  5638 E Uploader: 	at pjz.a(:com.google.android.gms@14799037@14.7.99 (100400-223214910):10)
05-26 15:37:04.477  5016  5638 E Uploader: 	at pjz.a(:com.google.android.gms@14799037@14.7.99 (100400-223214910):54)
05-26 15:37:04.477  5016  5638 E Uploader: 	at pko.a(:com.google.android.gms@14799037@14.7.99 (100400-223214910):159)
05-26 15:37:04.477  5016  5638 E Uploader: 	at pko.a(:com.google.android.gms@14799037@14.7.99 (100400-223214910):231)
05-26 15:37:04.477  5016  5638 E Uploader: 	at com.google.android.gms.clearcut.uploader.QosUploaderChimeraService.c(:com.google.android.gms@14799037@14.7.99 (100400-223214910):29)
05-26 15:37:04.477  5016  5638 E Uploader: 	at com.google.android.gms.clearcut.uploader.QosUploaderChimeraService.a(:com.google.android.gms@14799037@14.7.99 (100400-223214910):14)
05-26 15:37:04.477  5016  5638 E Uploader: 	at com.google.android.gms.clearcut.uploader.QosUploaderChimeraService.a(:com.google.android.gms@14799037@14.7.99 (100400-223214910):6)
05-26 15:37:04.477  5016  5638 E Uploader: 	at ynh.run(:com.google.android.gms@14799037@14.7.99 (100400-223214910):5)
05-26 15:37:04.477  5016  5638 E Uploader: 	at qwc.run(:com.google.android.gms@14799037@14.7.99 (100400-223214910):21)
05-26 15:37:04.477  5016  5638 E Uploader: 	at java.util.concurrent.ThreadPoolExecutor.runWorker(ThreadPoolExecutor.java:1167)
05-26 15:37:04.477  5016  5638 E Uploader: 	at java.util.concurrent.ThreadPoolExecutor$Worker.run(ThreadPoolExecutor.java:641)
05-26 15:37:04.477  5016  5638 E Uploader: 	at rbx.run(Unknown Source:7)
05-26 15:37:04.477  5016  5638 E Uploader: 	at java.lang.Thread.run(Thread.java:784)
05-26 15:37:04.494  2596  3745 I SmsApplication: updatedNeeded = false for userId = 0
05-26 15:37:04.555  2596  3745 I SmsApplication: updatedNeeded = false for userId = 0
