05-26 15:16:00.080  2507 14600 D HwLBSService.HwNLPDBManager:  refreshLocToCellTable start
05-26 15:16:00.080  2507 14600 I HwLBSService.HwNLPDBManager: isCellIdExist 54239885 , mCurrentAreaCode : 9363
05-26 15:16:00.081  2507 14600 I HwLBSService.HwNLPDBManager: is Not CellIdExist 
05-26 15:16:00.082  2507 14600 I HwLBSService.HwNLPDBManager: tb_network count is 1
05-26 15:16:00.082  2507 14600 D HwLBSService.HwNLPDBManager: cellid is not Exist, insert cellinfo to DB MAX_COLUMN : 1000,  dbsize : 1
05-26 15:16:00.082  1306  2484 I chatty  : uid=1000(system) LocationThread expire 8 lines
05-26 15:16:00.149  1306 14601 I chatty  : uid=1000 system_server expire 2 lines
05-26 15:16:00.191  1306  6484 I chatty  : uid=1000(system) Binder:1306_16 expire 1 line
05-26 15:16:00.200   707   707 D libgps  : proxy_gps_inject_location: called.
05-26 15:16:00.200  1306  2332 I chatty  : uid=1000(system) Binder:1306_5 expire 18 lines
05-26 15:16:00.319  1306 14608 I chatty  : uid=1000 system_server expire 2 lines
05-26 15:16:00.349   707   707 D libgps  : proxy_gps_inject_location: called.
05-26 15:16:05.659   697   781 I storaged: storaged_t::event: storage_info refreshed.
05-26 15:16:06.296  2528  2858 I HidataAppQoeP: handleStateChanged reason=6
05-26 15:16:06.296  2528  2858 I BrowserChrP: handleStateChanged
05-26 15:16:09.247  1306 11434 I chatty  : uid=1000(system) Binder:1306_1F expire 5 lines
05-26 15:16:09.662  1306  1334 I chatty  : uid=1000(system) keyAppHanderThr expire 1 line
05-26 15:16:09.727  1306  2888 I chatty  : uid=1000(system) Binder:1306_8 expire 15 lines
05-26 15:16:09.912  1306 11434 I chatty  : uid=1000(system) Binder:1306_1F expire 14 lines
05-26 15:16:12.306  2528  2858 I HidataAppQoeP: handleStateChanged reason=6
05-26 15:16:12.306  2528  2858 I BrowserChrP: handleStateChanged
05-26 15:16:13.567  2528  2858 I HidataAppQoeP: handleStateChanged reason=6
05-26 15:16:13.567  2528  2858 I BrowserChrP: handleStateChanged
05-26 15:16:13.727  2528  2858 I HidataAppQoeP: handleStateChanged reason=6
05-26 15:16:13.727  2528  2858 I BrowserChrP: handleStateChanged
05-26 15:16:14.634   551   616 W SocketListener: sending broadcast to Pid = 1306, Uid = 1000 
05-26 15:16:14.636  1306  2206 I chatty  : uid=1000(system) NetdConnector expire 10 lines
05-26 15:16:14.641  1306  1337 I chatty  : uid=1000(system) android.fg expire 11 lines
05-26 15:16:16.428  1306  2464 I chatty  : uid=1000(system) watchdog expire 5 lines
05-26 15:16:23.672  2528  2858 I HidataAppQoeP: handleStateChanged reason=6
05-26 15:16:23.672  2528  2858 I BrowserChrP: handleStateChanged
05-26 15:16:23.813  2528  2858 I HidataAppQoeP: handleStateChanged reason=6
05-26 15:16:23.813  2528  2858 I BrowserChrP: handleStateChanged
05-26 15:16:24.046  2528  2858 I HidataAppQoeP: handleStateChanged reason=6
05-26 15:16:24.046  2528  2858 I BrowserChrP: handleStateChanged
05-26 15:16:24.296  2528  2858 I HidataAppQoeP: handleStateChanged reason=6
05-26 15:16:24.296  2528  2858 I BrowserChrP: handleStateChanged
05-26 15:16:24.615  2528  2858 I HidataAppQoeP: handleStateChanged reason=6
05-26 15:16:24.615  2528  2858 I BrowserChrP: handleStateChanged
05-26 15:16:25.176  2528  2858 I HidataAppQoeP: handleStateChanged reason=6
05-26 15:16:25.176  2528  2858 I BrowserChrP: handleStateChanged
05-26 15:16:30.367  2528  2858 I HidataAppQoeP: handleStateChanged reason=6
05-26 15:16:30.367  2528  2858 I BrowserChrP: handleStateChanged
05-26 15:16:30.527  2528  2858 I HidataAppQoeP: handleStateChanged reason=6
05-26 15:16:30.527  2528  2858 I BrowserChrP: handleStateChanged
05-26 15:16:33.571  2528  2858 I HidataAppQoeP: handleStateChanged reason=6
05-26 15:16:33.572  2528  2858 I BrowserChrP: handleStateChanged
05-26 15:16:33.967  2528  2858 I HidataAppQoeP: handleStateChanged reason=6
05-26 15:16:33.967  2528  2858 I BrowserChrP: handleStateChanged
05-26 15:16:38.650  1306  2888 I chatty  : uid=1000(system) Binder:1306_8 expire 6 lines
05-26 15:16:39.762  1306  1306 I chatty  : uid=1000 system_server expire 11 lines
05-26 15:16:39.991  2528  2858 I HidataAppQoeP: handleStateChanged reason=6
05-26 15:16:39.991  2528  2858 I BrowserChrP: handleStateChanged
05-26 15:16:41.253  2528  2858 I HidataAppQoeP: handleStateChanged reason=6
05-26 15:16:41.253  2528  2858 I BrowserChrP: handleStateChanged
05-26 15:16:41.417  2528  2858 I HidataAppQoeP: handleStateChanged reason=6
05-26 15:16:41.417  2528  2858 I BrowserChrP: handleStateChanged
05-26 15:16:41.501  2528  2858 I HidataAppQoeP: handleStateChanged reason=6
05-26 15:16:41.502  2528  2858 I BrowserChrP: handleStateChanged
05-26 15:16:43.267  2528  2858 I HidataAppQoeP: handleStateChanged reason=6
05-26 15:16:43.267  2528  2858 I BrowserChrP: handleStateChanged
05-26 15:16:43.726  2528  2858 I HidataAppQoeP: handleStateChanged reason=6
05-26 15:16:43.726  2528  2858 I BrowserChrP: handleStateChanged
05-26 15:16:52.133  2528  2858 I HidataAppQoeP: handleStateChanged reason=6
05-26 15:16:52.133  2528  2858 I BrowserChrP: handleStateChanged
05-26 15:16:52.702  2528  2858 I HidataAppQoeP: handleStateChanged reason=6
05-26 15:16:52.702  2528  2858 I BrowserChrP: handleStateChanged
05-26 15:16:53.181  2528  2858 I HidataAppQoeP: handleStateChanged reason=6
05-26 15:16:53.182  2528  2858 I BrowserChrP: handleStateChanged
05-26 15:16:53.256  2528  2858 I HidataAppQoeP: handleStateChanged reason=6
05-26 15:16:53.256  2528  2858 I BrowserChrP: handleStateChanged
05-26 15:16:53.907  2528  2858 I HidataAppQoeP: handleStateChanged reason=6
05-26 15:16:53.907  2528  2858 I BrowserChrP: handleStateChanged
05-26 15:16:54.672  1306  1329 I chatty  : uid=1000(system) android.ui expire 20 lines
05-26 15:16:59.908  2528  2858 I HidataAppQoeP: handleStateChanged reason=6
05-26 15:16:59.909  2528  2858 I BrowserChrP: handleStateChanged
05-26 15:17:00.105  1306 11434 I chatty  : uid=1000(system) Binder:1306_1F expire 11 lines
05-26 15:17:00.210  2528  2858 I HidataAppQoeP: handleStateChanged reason=6
05-26 15:17:00.210  2528  2858 I BrowserChrP: handleStateChanged
05-26 15:17:01.018  2528  2858 I HidataAppQoeP: handleStateChanged reason=6
05-26 15:17:01.018  2528  2858 I BrowserChrP: handleStateChanged
05-26 15:17:05.661   697   781 I storaged: storaged_t::event: storage_info refreshed.
05-26 15:17:05.692  2596  2596 W SettingsEx: SettingsEx.Systemex.getString deprecated use Settings.System.getString instead ;callers=com.android.internal.telephony.gsm.HwCustGsmServiceStateManagerImpl.isMccForShowNetname:206 com.android.internal.telephony.gsm.HwCustGsmServiceStateManagerImpl.isShowNetnameByMcc:197 com.android.internal.telephony.gsm.HwCustGsmServiceStateManagerImpl.setOnsDisplayCustomization:148 
05-26 15:17:05.724  1306  4954 I chatty  : uid=1000(system) Binder:1306_14 expire 13 lines
05-26 15:17:05.731  1306  1329 I chatty  : uid=1000(system) android.ui expire 20 lines
05-26 15:17:05.770  1306  1328 I chatty  : uid=1000(system) ActivityManager expire 1 line
05-26 15:17:05.787  1306  1325 I chatty  : uid=1000(system) android.bg expire 1 line
05-26 15:17:05.793  1306  4179 I chatty  : uid=1000(system) Binder:1306_F expire 10 lines
05-26 15:17:05.796 13635 13635 I HwNetworkPolicyManager: forceUpdatePolicy isRoaming = false
05-26 15:17:05.831  2596  2596 D Telephony-TelecomAccountRegistry: onServiceStateChanged0 newState : 0, mServiceState : 0
05-26 15:17:07.019  2528  2858 I HidataAppQoeP: handleStateChanged reason=6
05-26 15:17:07.019  2528  2858 I BrowserChrP: handleStateChanged
05-26 15:17:11.023  1306  2916 I chatty  : uid=1000(system) Binder:1306_9 expire 2 lines
05-26 15:17:11.053  1306  1334 I chatty  : uid=1000(system) keyAppHanderThr expire 1 line
05-26 15:17:13.024  2528  2858 I HidataAppQoeP: handleStateChanged reason=6
05-26 15:17:13.024  2528  2858 I BrowserChrP: handleStateChanged
05-26 15:17:16.362  1306  1489 I chatty  : uid=1000(system) InputDispatcher expire 4 lines
05-26 15:17:19.031  2528  2858 I HidataAppQoeP: handleStateChanged reason=6
05-26 15:17:19.031  2528  2858 I BrowserChrP: handleStateChanged
05-26 15:17:19.642  2528  2858 I HidataAppQoeP: handleStateChanged reason=6
05-26 15:17:19.642  2528  2858 I BrowserChrP: handleStateChanged
05-26 15:17:19.809  2528  2858 I HidataAppQoeP: handleStateChanged reason=6
05-26 15:17:19.809  2528  2858 I BrowserChrP: handleStateChanged
05-26 15:17:19.956  2528  2858 I HidataAppQoeP: handleStateChanged reason=6
05-26 15:17:19.956  2528  2858 I BrowserChrP: handleStateChanged
05-26 15:17:25.962  2528  2858 I HidataAppQoeP: handleStateChanged reason=6
05-26 15:17:25.962  2528  2858 I BrowserChrP: handleStateChanged
05-26 15:17:28.849   551   612 W SocketListener: sending broadcast to Pid = 1306, Uid = 1000 
05-26 15:17:28.855  1306  2209 I chatty  : uid=1000(system) NetworkStats expire 5 lines
05-26 15:17:36.298   551   616 W SocketListener: sending broadcast to Pid = 1306, Uid = 1000 
05-26 15:17:36.303  1306  2206 I chatty  : uid=1000(system) NetdConnector expire 6 lines
05-26 15:17:38.039  2528  2858 I HidataAppQoeP: handleStateChanged reason=6
05-26 15:17:38.040  2528  2858 I BrowserChrP: handleStateChanged
05-26 15:17:38.194  1306  1329 I chatty  : uid=1000(system) android.ui expire 22 lines
05-26 15:17:38.321  1306  1326 I chatty  : uid=1000(system) HwActivityManag expire 4 lines
05-26 15:17:38.399  1306  1340 I chatty  : uid=1000(system) HwGameAssistant expire 2 lines
05-26 15:17:38.459  1306  1447 I chatty  : uid=1000(system) android.anim expire 10 lines
05-26 15:17:38.540 13840 13840 D ActivityThread: Remove activity client record, r= ActivityRecord{272411d token=android.os.BinderProxy@b6a52ad {com.zhihu.android/com.zhihu.android.app.ui.activity.HostActivity}} token= android.os.BinderProxy@b6a52ad
05-26 15:17:38.547  1306  2221 I chatty  : uid=1000(system) ConnectivitySer expire 30 lines
05-26 15:17:38.588  2528 19084 I BoosterSwitchP: notifyUidState do nothing
05-26 15:17:38.588  2528 19084 I DeepNoDisturbP: notifyUidState
05-26 15:17:38.588  2528 19084 I HidataAppQoeP: notifyUidState
05-26 15:17:38.588  2528 19084 I BrowserChrP: notifyUidState
05-26 15:17:38.652  1306  9567 I chatty  : uid=1000(system) Binder:1306_17 expire 10 lines
05-26 15:17:39.092  1306  2234 I chatty  : uid=1000(system) Thread-39 expire 1 line
05-26 15:17:44.050  2528  2858 I HidataAppQoeP: handleStateChanged reason=6
05-26 15:17:44.050  2528  2858 I BrowserChrP: handleStateChanged
05-26 15:17:50.055  2528  2858 I HidataAppQoeP: handleStateChanged reason=6
05-26 15:17:50.055  2528  2858 I BrowserChrP: handleStateChanged
05-26 15:17:57.323  2528  2858 I HidataAppQoeP: handleStateChanged reason=6
05-26 15:17:57.323  2528  2858 I BrowserChrP: handleStateChanged
05-26 15:17:57.800  1306  1329 I chatty  : uid=1000(system) android.ui expire 11 lines
05-26 15:17:57.846  1306 11430 I chatty  : uid=1000(system) Binder:1306_1E expire 4 lines
05-26 15:17:57.859 13840 13840 V ActivityThread: Skipping new config:{1.0 460mcc2mnc [zh_CN_#Hans] ldltr sw360dp w360dp h616dp 480dpi nrml long port finger -keyb/v/h -nav/h winConfig={ mBounds=Rect(0, 0 - 0, 0) mAppBounds=Rect(0, 0 - 1080, 1920) mWindowingMode=fullscreen mActivityType=undefined} nonFullScreen=0 hwt:1 suim:1 s.48}, config:{1.0 460mcc2mnc [zh_CN_#Hans] ldltr sw360dp w360dp h616dp 480dpi nrml long port finger -keyb/v/h -nav/h winConfig={ mBounds=Rect(0, 0 - 0, 0) mAppBounds=Rect(0, 0 - 1080, 1920) mWindowingMode=fullscreen mActivityType=undefined} nonFullScreen=0 hwt:1 suim:1 s.48} for app:com.zhihu.android
05-26 15:17:57.861 13840 13840 V ActivityThread: callActivityOnCreate
05-26 15:17:57.872 13840 13840 D ActivityThread: add activity client record, r= ActivityRecord{69170bb token=android.os.BinderProxy@6cf3ecb {com.zhihu.android/com.zhihu.android.app.ui.activity.HostActivity}} token= android.os.BinderProxy@6cf3ecb
05-26 15:17:57.962  1306  1331 I chatty  : uid=1000(system) ActivityManager expire 1 line
05-26 15:17:57.962  1306  2520 I chatty  : uid=1000(system) MultiTaskManage expire 1 line
05-26 15:17:57.984 14688 14688 D ActivityThread: Attach thread to application
05-26 15:17:57.990  1306 11434 I chatty  : uid=1000(system) Binder:1306_1F expire 4 lines
05-26 15:17:58.035  1306  1339 I chatty  : uid=1000(system) android.display expire 1 line
05-26 15:18:03.324  2528  2858 I HidataAppQoeP: handleStateChanged reason=6
05-26 15:18:03.325  2528  2858 I BrowserChrP: handleStateChanged
05-26 15:18:05.661   697   781 I storaged: storaged_t::event: storage_info refreshed.
05-26 15:18:07.530   551   616 W SocketListener: sending broadcast to Pid = 1306, Uid = 1000 
05-26 15:18:24.360  2528  2858 I HidataAppQoeP: handleStateChanged reason=6
05-26 15:18:24.360  2528  2858 I BrowserChrP: handleStateChanged
05-26 15:18:26.476  1306  1454 I chatty  : uid=1000(system) UEventObserver expire 5 lines
05-26 15:18:26.484  1306  1493 I chatty  : uid=1000(system) HwBinder:1306_3 expire 1 line
05-26 15:18:28.824   551   612 W SocketListener: sending broadcast to Pid = 1306, Uid = 1000 
05-26 15:18:28.828  1306  1337 I chatty  : uid=1000(system) android.fg expire 9 lines
05-26 15:18:28.832  1306  2209 I chatty  : uid=1000(system) NetworkStats expire 10 lines
05-26 15:18:28.929  1306  2206 I chatty  : uid=1000(system) NetdConnector expire 12 lines
05-26 15:18:29.159  1306 11430 I chatty  : uid=1000(system) Binder:1306_1E expire 14 lines
05-26 15:18:30.367  2528  2858 I HidataAppQoeP: handleStateChanged reason=6
05-26 15:18:30.367  2528  2858 I BrowserChrP: handleStateChanged
05-26 15:18:30.516  2528  2858 I HidataAppQoeP: handleStateChanged reason=6
05-26 15:18:30.516  2528  2858 I BrowserChrP: handleStateChanged
05-26 15:18:30.675  2528  2858 I HidataAppQoeP: handleStateChanged reason=6
05-26 15:18:30.676  2528  2858 I BrowserChrP: handleStateChanged
05-26 15:18:31.881  2528  2858 I HidataAppQoeP: handleStateChanged reason=6
05-26 15:18:31.882  2528  2858 I BrowserChrP: handleStateChanged
05-26 15:18:32.036  2528  2858 I HidataAppQoeP: handleStateChanged reason=6
05-26 15:18:32.036  2528  2858 I BrowserChrP: handleStateChanged
05-26 15:18:32.213  2528  2858 I HidataAppQoeP: handleStateChanged reason=6
05-26 15:18:32.213  2528  2858 I BrowserChrP: handleStateChanged
05-26 15:18:32.764  2528  2858 I HidataAppQoeP: handleStateChanged reason=6
05-26 15:18:32.764  2528  2858 I BrowserChrP: handleStateChanged
05-26 15:18:32.923  2528  2858 I HidataAppQoeP: handleStateChanged reason=6
05-26 15:18:32.923  2528  2858 I BrowserChrP: handleStateChanged
05-26 15:18:33.799  2528  2858 I HidataAppQoeP: handleStateChanged reason=6
05-26 15:18:33.800  2528  2858 I BrowserChrP: handleStateChanged
05-26 15:18:34.289  2528  2858 I HidataAppQoeP: handleStateChanged reason=6
05-26 15:18:34.289  2528  2858 I BrowserChrP: handleStateChanged
05-26 15:18:34.461  1306  1329 I chatty  : uid=1000(system) android.ui expire 12 lines
05-26 15:18:38.667  1306  2888 I chatty  : uid=1000(system) Binder:1306_8 expire 25 lines
05-26 15:18:38.692  1306 11434 I chatty  : uid=1000(system) Binder:1306_1F expire 25 lines
05-26 15:18:39.203  1306  1306 I chatty  : uid=1000 system_server expire 19 lines
05-26 15:18:40.287  2528  2858 I HidataAppQoeP: handleStateChanged reason=6
05-26 15:18:40.287  2528  2858 I BrowserChrP: handleStateChanged
05-26 15:18:44.692   551   612 W SocketListener: sending broadcast to Pid = 1306, Uid = 1000 
05-26 15:18:45.921  1306  9567 I chatty  : uid=1000(system) Binder:1306_17 expire 17 lines
05-26 15:18:46.294  2528  2858 I HidataAppQoeP: handleStateChanged reason=6
05-26 15:18:46.294  2528  2858 I BrowserChrP: handleStateChanged
05-26 15:18:46.447  1306  2464 I chatty  : uid=1000(system) watchdog expire 2 lines
05-26 15:18:48.314  1306  1328 I chatty  : uid=1000(system) ActivityManager expire 3 lines
05-26 15:18:48.417  1306  4179 I chatty  : uid=1000(system) Binder:1306_F expire 21 lines
05-26 15:18:48.518  1306  2295 I chatty  : uid=1000(system) SyncManager expire 3 lines
05-26 15:18:51.306   551   616 W SocketListener: sending broadcast to Pid = 1306, Uid = 1000 
05-26 15:18:51.634  1306  2888 I chatty  : uid=1000(system) Binder:1306_8 expire 1 line
05-26 15:18:51.720  1306  1306 I chatty  : uid=1000 system_server expire 8 lines
05-26 15:18:53.809  1306  2332 I chatty  : uid=1000(system) Binder:1306_5 expire 7 lines
05-26 15:18:53.830 14094 14094 W ContextImpl: Calling a method in the system process without a qualified user: android.app.ContextImpl.startService:1760 android.content.ContextWrapper.startService:664 android.content.ContextWrapper.startService:664 com.huawei.hwdetectrepair.smartnotify.eventlistener.InstantMessageReceiver.invokeSmartNotifyService:55 com.huawei.hwdetectrepair.smartnotify.eventlistener.InstantMessageReceiver.onReceive:43 
05-26 15:18:58.072   551   612 W SocketListener: sending broadcast to Pid = 1306, Uid = 1000 
05-26 15:18:58.075  1306  2209 I chatty  : uid=1000(system) NetworkStats expire 5 lines
05-26 15:18:58.301  1306 11430 I chatty  : uid=1000(system) Binder:1306_1E expire 23 lines
05-26 15:18:58.967  1306  9567 I chatty  : uid=1000(system) Binder:1306_17 expire 9 lines
05-26 15:19:00.017  1306  2484 I chatty  : uid=1000(system) LocationThread expire 7 lines
05-26 15:19:00.018  2507 14855 I HwLBSService.HwNLPDBManager: refreshLocToCellTable cellid 54239905 , mCurrentAreaCode : 9363
05-26 15:19:00.018  2507 14855 D HwLBSService.HwNLPDBManager:  refreshLocToCellTable start
05-26 15:19:00.018  2507 14855 I HwLBSService.HwNLPDBManager: isCellIdExist 54239905 , mCurrentAreaCode : 9363
05-26 15:19:00.018  2507 14855 I HwLBSService.HwNLPDBManager: is Not CellIdExist 
05-26 15:19:00.018  2507 14855 I HwLBSService.HwNLPDBManager: tb_network count is 1
05-26 15:19:00.018  2507 14855 D HwLBSService.HwNLPDBManager: cellid is not Exist, insert cellinfo to DB MAX_COLUMN : 1000,  dbsize : 1
05-26 15:19:00.022  1306 14856 I chatty  : uid=1000 system_server expire 2 lines
05-26 15:19:00.089  1306 11434 I chatty  : uid=1000(system) Binder:1306_1F expire 2 lines
05-26 15:19:00.105   707   707 D libgps  : proxy_gps_inject_location: called.
05-26 15:19:00.118  1306 14862 I chatty  : uid=1000 system_server expire 2 lines
05-26 15:19:00.120   707   707 D libgps  : proxy_gps_inject_location: called.
05-26 15:19:05.662   697   781 I storaged: storaged_t::event: storage_info refreshed.
05-26 15:19:16.574  1306  1335 I chatty  : uid=1000(system) batterystats-wo expire 2 lines
05-26 15:19:18.534  1306  4179 I chatty  : uid=1000(system) Binder:1306_F expire 35 lines
05-26 15:19:18.549  1306  1306 I chatty  : uid=1000 system_server expire 9 lines
05-26 15:19:19.948   551   612 W SocketListener: sending broadcast to Pid = 1306, Uid = 1000 
05-26 15:19:19.955  1306  2206 I chatty  : uid=1000(system) NetdConnector expire 12 lines
05-26 15:19:19.959  1306  1337 I chatty  : uid=1000(system) android.fg expire 6 lines
05-26 15:19:19.964  1306  2209 I chatty  : uid=1000(system) NetworkStats expire 10 lines
05-26 15:19:20.441  1306  2888 I chatty  : uid=1000(system) Binder:1306_8 expire 21 lines
05-26 15:19:21.210  1306 11430 I chatty  : uid=1000(system) Binder:1306_1E expire 4 lines
05-26 15:19:39.759  1306  1334 I chatty  : uid=1000(system) keyAppHanderThr expire 1 line
05-26 15:19:40.060  1306 11434 I chatty  : uid=1000(system) Binder:1306_1F expire 8 lines
05-26 15:19:43.387   551   612 W SocketListener: sending broadcast to Pid = 1306, Uid = 1000 
05-26 15:19:46.459  1306  2464 I chatty  : uid=1000(system) watchdog expire 2 lines
05-26 15:20:00.127  1306  4179 I chatty  : uid=1000(system) Binder:1306_F expire 11 lines
05-26 15:20:05.665   697   781 I storaged: storaged_t::event: DSM updated and published.
05-26 15:20:05.686   697   781 E storaged: open file /data/storaged/storaged.txt failed!2
05-26 15:20:05.686   697   781 E storaged: write(append)  diskstat data failed!ts:1558855205,read bytes:0, write bytes: 0
05-26 15:20:05.686   697   781 I storaged: storaged_t::event: Uidm reported.
05-26 15:20:05.743   697   781 I storaged: uid_monitor::update_curr_io_stats_locked: last_uid_io_stats_ size is 317
05-26 15:20:05.743   697   781 I storaged: uid_monitor::update_curr_io_stats_locked: curr_io_stats_ size is 317
05-26 15:20:05.744   697   781 E storaged: curr_io_stats:  size: 317
05-26 15:20:05.759   697   781 E storaged: open file /data/storaged/storaged.txt failed!2
05-26 15:20:05.759   697   781 E storaged: write(append)  uid data failed!
05-26 15:20:05.760   697   781 I storaged: uid_monitor::update_uid_io_proto: io_history_ size is 1141
05-26 15:20:05.764   697   781 I storaged: storaged_t::event: storage_info refreshed.
05-26 15:20:05.764   697   781 I storaged: storaged_t::event: proto flushed.
05-26 15:20:05.774  1306  1329 I chatty  : uid=1000(system) android.ui expire 110 lines
05-26 15:20:08.909   697   781 I storaged: storaged_t::event: Pidm reported.
05-26 15:20:08.909   697   781 E storaged: pid_info get_pids failed
05-26 15:20:09.230   551   612 W SocketListener: sending broadcast to Pid = 1306, Uid = 1000 
05-26 15:20:09.242  1306  2209 I chatty  : uid=1000(system) NetworkStats expire 5 lines
05-26 15:20:30.607  2528  2858 I HidataAppQoeP: handleStateChanged reason=6
05-26 15:20:30.608  2528  2858 I BrowserChrP: handleStateChanged
05-26 15:20:31.071  1306  1329 I chatty  : uid=1000(system) android.ui expire 47 lines
05-26 15:20:32.367  2528  2858 I HidataAppQoeP: handleStateChanged reason=6
05-26 15:20:32.367  2528  2858 I BrowserChrP: handleStateChanged
05-26 15:20:33.031  2596  2596 W SettingsEx: SettingsEx.Systemex.getString deprecated use Settings.System.getString instead ;callers=com.android.internal.telephony.gsm.HwCustGsmServiceStateManagerImpl.isMccForShowNetname:206 com.android.internal.telephony.gsm.HwCustGsmServiceStateManagerImpl.isShowNetnameByMcc:197 com.android.internal.telephony.gsm.HwCustGsmServiceStateManagerImpl.setOnsDisplayCustomization:148 
05-26 15:20:33.085  1306  2206 I chatty  : uid=1000(system) NetdConnector expire 2 lines
05-26 15:20:33.093 13635 13635 I HwNetworkPolicyManager: forceUpdatePolicy isRoaming = false
05-26 15:20:33.111  1306  1325 I chatty  : uid=1000(system) android.bg expire 1 line
05-26 15:20:33.113  1306  1328 I chatty  : uid=1000(system) ActivityManager expire 1 line
05-26 15:20:33.187  2596  2596 D Telephony-TelecomAccountRegistry: onServiceStateChanged0 newState : 0, mServiceState : 0
05-26 15:20:38.378  2528  2858 I HidataAppQoeP: handleStateChanged reason=6
05-26 15:20:38.378  2528  2858 I BrowserChrP: handleStateChanged
05-26 15:20:38.695  1306  4179 I chatty  : uid=1000(system) Binder:1306_F expire 1 line
05-26 15:20:38.735  1306  2888 I chatty  : uid=1000(system) Binder:1306_8 expire 10 lines
05-26 15:20:39.350  1306  1329 I chatty  : uid=1000(system) android.ui expire 33 lines
05-26 15:20:39.635   551   612 W SocketListener: sending broadcast to Pid = 1306, Uid = 1000 
05-26 15:20:39.636  1306  2206 I chatty  : uid=1000(system) NetdConnector expire 12 lines
05-26 15:20:39.638  1306  1337 I chatty  : uid=1000(system) android.fg expire 11 lines
05-26 15:20:39.642  1306  2209 I chatty  : uid=1000(system) NetworkStats expire 10 lines
05-26 15:20:39.674  1306 11434 I chatty  : uid=1000(system) Binder:1306_1F expire 15 lines
05-26 15:20:39.688  1306  1306 I chatty  : uid=1000 system_server expire 12 lines
05-26 15:20:40.882  1306  4179 I chatty  : uid=1000(system) Binder:1306_F expire 12 lines
05-26 15:20:44.390  2528  2858 I HidataAppQoeP: handleStateChanged reason=6
05-26 15:20:44.391  2528  2858 I BrowserChrP: handleStateChanged
05-26 15:20:45.542  2528  2858 I HidataAppQoeP: handleStateChanged reason=6
05-26 15:20:45.542  2528  2858 I BrowserChrP: handleStateChanged
05-26 15:20:45.618  2528  2858 I HidataAppQoeP: handleStateChanged reason=6
05-26 15:20:45.618  2528  2858 I BrowserChrP: handleStateChanged
05-26 15:20:45.697  2528  2858 I HidataAppQoeP: handleStateChanged reason=6
05-26 15:20:45.697  2528  2858 I BrowserChrP: handleStateChanged
05-26 15:20:46.024  2528  2858 I HidataAppQoeP: handleStateChanged reason=6
05-26 15:20:46.025  2528  2858 I BrowserChrP: handleStateChanged
05-26 15:20:46.099  2528  2858 I HidataAppQoeP: handleStateChanged reason=6
05-26 15:20:46.099  2528  2858 I BrowserChrP: handleStateChanged
05-26 15:20:46.180  2528  2858 I HidataAppQoeP: handleStateChanged reason=6
05-26 15:20:46.180  2528  2858 I BrowserChrP: handleStateChanged
05-26 15:20:46.259  2528  2858 I HidataAppQoeP: handleStateChanged reason=6
05-26 15:20:46.259  2528  2858 I BrowserChrP: handleStateChanged
05-26 15:20:46.333  2528  2858 I HidataAppQoeP: handleStateChanged reason=6
05-26 15:20:46.334  2528  2858 I BrowserChrP: handleStateChanged
05-26 15:20:46.465  1306  2464 I chatty  : uid=1000(system) watchdog expire 5 lines
05-26 15:20:46.586  2528  2858 I HidataAppQoeP: handleStateChanged reason=6
05-26 15:20:46.586  2528  2858 I BrowserChrP: handleStateChanged
05-26 15:20:46.903  2528  2858 I HidataAppQoeP: handleStateChanged reason=6
05-26 15:20:46.903  2528  2858 I BrowserChrP: handleStateChanged
05-26 15:20:46.979  2528  2858 I HidataAppQoeP: handleStateChanged reason=6
05-26 15:20:46.979  2528  2858 I BrowserChrP: handleStateChanged
05-26 15:20:47.145  2528  2858 I HidataAppQoeP: handleStateChanged reason=6
05-26 15:20:47.145  2528  2858 I BrowserChrP: handleStateChanged
05-26 15:20:47.550  2528  2858 I HidataAppQoeP: handleStateChanged reason=6
05-26 15:20:47.550  2528  2858 I BrowserChrP: handleStateChanged
05-26 15:20:53.558  2528  2858 I HidataAppQoeP: handleStateChanged reason=6
05-26 15:20:53.558  2528  2858 I BrowserChrP: handleStateChanged
05-26 15:20:57.153  2528  2858 I HidataAppQoeP: handleStateChanged reason=6
05-26 15:20:57.153  2528  2858 I BrowserChrP: handleStateChanged
05-26 15:21:03.149  2528  2858 I HidataAppQoeP: handleStateChanged reason=6
05-26 15:21:03.149  2528  2858 I BrowserChrP: handleStateChanged
05-26 15:21:03.899   551   612 W SocketListener: sending broadcast to Pid = 1306, Uid = 1000 
05-26 15:21:08.912   697   781 I storaged: storaged_t::event: storage_info refreshed.
05-26 15:21:20.186  2528  2858 I HidataAppQoeP: handleStateChanged reason=6
05-26 15:21:20.186  2528  2858 I BrowserChrP: handleStateChanged
05-26 15:21:20.258  2528  2858 I HidataAppQoeP: handleStateChanged reason=6
05-26 15:21:20.258  2528  2858 I BrowserChrP: handleStateChanged
05-26 15:21:27.857   551   612 W SocketListener: sending broadcast to Pid = 1306, Uid = 1000 
05-26 15:21:27.868  1306  2209 I chatty  : uid=1000(system) NetworkStats expire 10 lines
05-26 15:21:28.341  1306 11430 I chatty  : uid=1000(system) Binder:1306_1E expire 17 lines
05-26 15:21:49.158  2528  2858 I HidataAppQoeP: handleStateChanged reason=6
05-26 15:21:49.158  2528  2858 I BrowserChrP: handleStateChanged
05-26 15:21:49.532  2528  2858 I HidataAppQoeP: handleStateChanged reason=6
05-26 15:21:49.532  2528  2858 I BrowserChrP: handleStateChanged
05-26 15:21:50.437  2528  2858 I HidataAppQoeP: handleStateChanged reason=6
05-26 15:21:50.437  2528  2858 I BrowserChrP: handleStateChanged
05-26 15:21:50.588  2528  2858 I HidataAppQoeP: handleStateChanged reason=6
05-26 15:21:50.588  2528  2858 I BrowserChrP: handleStateChanged
05-26 15:21:50.657  2528  2858 I HidataAppQoeP: handleStateChanged reason=6
05-26 15:21:50.657  2528  2858 I BrowserChrP: handleStateChanged
05-26 15:21:50.738  2528  2858 I HidataAppQoeP: handleStateChanged reason=6
05-26 15:21:50.738  2528  2858 I BrowserChrP: handleStateChanged
05-26 15:21:53.470  2528  2858 I HidataAppQoeP: handleStateChanged reason=6
05-26 15:21:53.470  2528  2858 I BrowserChrP: handleStateChanged
05-26 15:21:53.475  2528  2858 I HidataAppQoeP: handleStateChanged reason=6
05-26 15:21:53.476  2528  2858 I BrowserChrP: handleStateChanged
05-26 15:21:53.620  2528  2858 I HidataAppQoeP: handleStateChanged reason=6
05-26 15:21:53.620  2528  2858 I BrowserChrP: handleStateChanged
05-26 15:21:53.834 14094 14094 W ContextImpl: Calling a method in the system process without a qualified user: android.app.ContextImpl.startService:1760 android.content.ContextWrapper.startService:664 android.content.ContextWrapper.startService:664 com.huawei.hwdetectrepair.smartnotify.eventlistener.InstantMessageReceiver.invokeSmartNotifyService:55 com.huawei.hwdetectrepair.smartnotify.eventlistener.InstantMessageReceiver.onReceive:43 
05-26 15:21:54.031  1306  4179 I chatty  : uid=1000(system) Binder:1306_F expire 7 lines
05-26 15:21:59.105  1306  2332 I chatty  : uid=1000(system) Binder:1306_5 expire 7 lines
05-26 15:21:59.621  2528  2858 I HidataAppQoeP: handleStateChanged reason=6
05-26 15:21:59.621  2528  2858 I BrowserChrP: handleStateChanged
05-26 15:22:00.049  1306 11430 I chatty  : uid=1000(system) Binder:1306_1E expire 1 line
05-26 15:22:00.071  1306  9567 I chatty  : uid=1000(system) Binder:1306_17 expire 4 lines
05-26 15:22:01.141  2507 14918 I HwLBSService.HwNLPDBManager: refreshLocToCellTable cellid 54239885 , mCurrentAreaCode : 9363
05-26 15:22:01.141  2507 14918 D HwLBSService.HwNLPDBManager:  refreshLocToCellTable start
05-26 15:22:01.141  2507 14918 I HwLBSService.HwNLPDBManager: isCellIdExist 54239885 , mCurrentAreaCode : 9363
05-26 15:22:01.143  1306  2484 I chatty  : uid=1000(system) LocationThread expire 10 lines
05-26 15:22:01.144  2507 14918 I HwLBSService.HwNLPDBManager: is Not CellIdExist 
05-26 15:22:01.145  2507 14918 I HwLBSService.HwNLPDBManager: tb_network count is 1
05-26 15:22:01.145  2507 14918 D HwLBSService.HwNLPDBManager: cellid is not Exist, insert cellinfo to DB MAX_COLUMN : 1000,  dbsize : 1
05-26 15:22:01.146  1306 14919 I chatty  : uid=1000 system_server expire 2 lines
05-26 15:22:01.226   707   707 D libgps  : proxy_gps_inject_location: called.
05-26 15:22:01.365  1306 14928 I chatty  : uid=1000 system_server expire 2 lines
05-26 15:22:01.398   707   707 D libgps  : proxy_gps_inject_location: called.
05-26 15:22:01.610  1306  6484 I chatty  : uid=1000(system) Binder:1306_16 expire 10 lines
05-26 15:22:03.776   551   612 W SocketListener: sending broadcast to Pid = 1306, Uid = 1000 
05-26 15:22:03.777  1306  2206 I chatty  : uid=1000(system) NetdConnector expire 6 lines
05-26 15:22:05.036  1306  2888 I chatty  : uid=1000(system) Binder:1306_8 expire 4 lines
05-26 15:22:08.431  2528  2858 I HidataAppQoeP: handleStateChanged reason=6
05-26 15:22:08.431  2528  2858 I BrowserChrP: handleStateChanged
05-26 15:22:08.493  2528  2858 I HidataAppQoeP: handleStateChanged reason=6
05-26 15:22:08.493  2528  2858 I BrowserChrP: handleStateChanged
05-26 15:22:08.664  2528  2858 I HidataAppQoeP: handleStateChanged reason=6
05-26 15:22:08.664  2528  2858 I BrowserChrP: handleStateChanged
05-26 15:22:08.739  2528  2858 I HidataAppQoeP: handleStateChanged reason=6
05-26 15:22:08.739  2528  2858 I BrowserChrP: handleStateChanged
05-26 15:22:08.913   697   781 I storaged: storaged_t::event: storage_info refreshed.
05-26 15:22:09.063  2528  2858 I HidataAppQoeP: handleStateChanged reason=6
05-26 15:22:09.063  2528  2858 I BrowserChrP: handleStateChanged
05-26 15:22:09.143  2528  2858 I HidataAppQoeP: handleStateChanged reason=6
05-26 15:22:09.143  2528  2858 I BrowserChrP: handleStateChanged
05-26 15:22:10.900  2528  2858 I HidataAppQoeP: handleStateChanged reason=6
05-26 15:22:10.900  2528  2858 I BrowserChrP: handleStateChanged
05-26 15:22:14.570   551   616 W SocketListener: sending broadcast to Pid = 1306, Uid = 1000 
05-26 15:22:16.904  2528  2858 I HidataAppQoeP: handleStateChanged reason=6
05-26 15:22:16.904  2528  2858 I BrowserChrP: handleStateChanged
05-26 15:22:19.709  2528  2858 I HidataAppQoeP: handleStateChanged reason=6
05-26 15:22:19.709  2528  2858 I BrowserChrP: handleStateChanged
05-26 15:22:19.780  2528  2858 I HidataAppQoeP: handleStateChanged reason=6
05-26 15:22:19.780  2528  2858 I BrowserChrP: handleStateChanged
05-26 15:22:20.344  2528  2858 I HidataAppQoeP: handleStateChanged reason=6
05-26 15:22:20.344  2528  2858 I BrowserChrP: handleStateChanged
05-26 15:22:20.420  2528  2858 I HidataAppQoeP: handleStateChanged reason=6
05-26 15:22:20.421  2528  2858 I BrowserChrP: handleStateChanged
05-26 15:22:20.575  2528  2858 I HidataAppQoeP: handleStateChanged reason=6
05-26 15:22:20.575  2528  2858 I BrowserChrP: handleStateChanged
05-26 15:22:20.739  2528  2858 I HidataAppQoeP: handleStateChanged reason=6
05-26 15:22:20.739  2528  2858 I BrowserChrP: handleStateChanged
05-26 15:22:22.003  1306  1454 I chatty  : uid=1000(system) UEventObserver expire 5 lines
05-26 15:22:22.008  1306  1493 I chatty  : uid=1000(system) HwBinder:1306_3 expire 1 line
05-26 15:22:23.146  2528  2858 I HidataAppQoeP: handleStateChanged reason=6
05-26 15:22:23.146  2528  2858 I BrowserChrP: handleStateChanged
05-26 15:22:23.226  2528  2858 I HidataAppQoeP: handleStateChanged reason=6
05-26 15:22:23.226  2528  2858 I BrowserChrP: handleStateChanged
05-26 15:22:25.147  2528  2858 I HidataAppQoeP: handleStateChanged reason=6
05-26 15:22:25.147  2528  2858 I BrowserChrP: handleStateChanged
05-26 15:22:25.219  2528  2858 I HidataAppQoeP: handleStateChanged reason=6
05-26 15:22:25.219  2528  2858 I BrowserChrP: handleStateChanged
05-26 15:22:25.297  2528  2858 I HidataAppQoeP: handleStateChanged reason=6
05-26 15:22:25.297  2528  2858 I BrowserChrP: handleStateChanged
05-26 15:22:25.539  2528  2858 I HidataAppQoeP: handleStateChanged reason=6
05-26 15:22:25.539  2528  2858 I BrowserChrP: handleStateChanged
05-26 15:22:26.346  2528  2858 I HidataAppQoeP: handleStateChanged reason=6
05-26 15:22:26.346  2528  2858 I BrowserChrP: handleStateChanged
05-26 15:22:26.423  2528  2858 I HidataAppQoeP: handleStateChanged reason=6
05-26 15:22:26.423  2528  2858 I BrowserChrP: handleStateChanged
05-26 15:22:27.139  2528  2858 I HidataAppQoeP: handleStateChanged reason=6
05-26 15:22:27.140  2528  2858 I BrowserChrP: handleStateChanged
05-26 15:22:27.220  2528  2858 I HidataAppQoeP: handleStateChanged reason=6
05-26 15:22:27.221  2528  2858 I BrowserChrP: handleStateChanged
05-26 15:22:27.298  2528  2858 I HidataAppQoeP: handleStateChanged reason=6
05-26 15:22:27.298  2528  2858 I BrowserChrP: handleStateChanged
05-26 15:22:27.378  2528  2858 I HidataAppQoeP: handleStateChanged reason=6
05-26 15:22:27.378  2528  2858 I BrowserChrP: handleStateChanged
05-26 15:22:27.785  2528  2858 I HidataAppQoeP: handleStateChanged reason=6
05-26 15:22:27.785  2528  2858 I BrowserChrP: handleStateChanged
05-26 15:22:27.859  2528  2858 I HidataAppQoeP: handleStateChanged reason=6
05-26 15:22:27.859  2528  2858 I BrowserChrP: handleStateChanged
05-26 15:22:28.017  2528  2858 I HidataAppQoeP: handleStateChanged reason=6
05-26 15:22:28.018  2528  2858 I BrowserChrP: handleStateChanged
05-26 15:22:28.096  2528  2858 I HidataAppQoeP: handleStateChanged reason=6
05-26 15:22:28.096  2528  2858 I BrowserChrP: handleStateChanged
05-26 15:22:28.816  2528  2858 I HidataAppQoeP: handleStateChanged reason=6
05-26 15:22:28.816  2528  2858 I BrowserChrP: handleStateChanged
05-26 15:22:28.893  2528  2858 I HidataAppQoeP: handleStateChanged reason=6
05-26 15:22:28.893  2528  2858 I BrowserChrP: handleStateChanged
05-26 15:22:29.141  2528  2858 I HidataAppQoeP: handleStateChanged reason=6
05-26 15:22:29.141  2528  2858 I BrowserChrP: handleStateChanged
05-26 15:22:29.464  2528  2858 I HidataAppQoeP: handleStateChanged reason=6
05-26 15:22:29.464  2528  2858 I BrowserChrP: handleStateChanged
05-26 15:22:29.540  2528  2858 I HidataAppQoeP: handleStateChanged reason=6
05-26 15:22:29.540  2528  2858 I BrowserChrP: handleStateChanged
05-26 15:22:32.271  2528  2858 I HidataAppQoeP: handleStateChanged reason=6
05-26 15:22:32.271  2528  2858 I BrowserChrP: handleStateChanged
05-26 15:22:32.420  2528  2858 I HidataAppQoeP: handleStateChanged reason=6
05-26 15:22:32.420  2528  2858 I BrowserChrP: handleStateChanged
05-26 15:22:32.503  2528  2858 I HidataAppQoeP: handleStateChanged reason=6
05-26 15:22:32.504  2528  2858 I BrowserChrP: handleStateChanged
05-26 15:22:32.742  2528  2858 I HidataAppQoeP: handleStateChanged reason=6
05-26 15:22:32.742  2528  2858 I BrowserChrP: handleStateChanged
05-26 15:22:33.310  2528  2858 I HidataAppQoeP: handleStateChanged reason=6
05-26 15:22:33.310  2528  2858 I BrowserChrP: handleStateChanged
05-26 15:22:33.386  2528  2858 I HidataAppQoeP: handleStateChanged reason=6
05-26 15:22:33.386  2528  2858 I BrowserChrP: handleStateChanged
05-26 15:22:33.538  2528  2858 I HidataAppQoeP: handleStateChanged reason=6
05-26 15:22:33.538  2528  2858 I BrowserChrP: handleStateChanged
05-26 15:22:33.613  2528  2858 I HidataAppQoeP: handleStateChanged reason=6
05-26 15:22:33.613  2528  2858 I BrowserChrP: handleStateChanged
05-26 15:22:33.691  2528  2858 I HidataAppQoeP: handleStateChanged reason=6
05-26 15:22:33.691  2528  2858 I BrowserChrP: handleStateChanged
05-26 15:22:34.266  2528  2858 I HidataAppQoeP: handleStateChanged reason=6
05-26 15:22:34.266  2528  2858 I BrowserChrP: handleStateChanged
05-26 15:22:34.421  2528  2858 I HidataAppQoeP: handleStateChanged reason=6
05-26 15:22:34.421  2528  2858 I BrowserChrP: handleStateChanged
05-26 15:22:34.582  2528  2858 I HidataAppQoeP: handleStateChanged reason=6
05-26 15:22:34.582  2528  2858 I BrowserChrP: handleStateChanged
05-26 15:22:34.665  2528  2858 I HidataAppQoeP: handleStateChanged reason=6
05-26 15:22:34.665  2528  2858 I BrowserChrP: handleStateChanged
05-26 15:22:34.895  2528  2858 I HidataAppQoeP: handleStateChanged reason=6
05-26 15:22:34.895  2528  2858 I BrowserChrP: handleStateChanged
05-26 15:22:34.978  2528  2858 I HidataAppQoeP: handleStateChanged reason=6
05-26 15:22:34.978  2528  2858 I BrowserChrP: handleStateChanged
05-26 15:22:35.139  2528  2858 I HidataAppQoeP: handleStateChanged reason=6
05-26 15:22:35.139  2528  2858 I BrowserChrP: handleStateChanged
05-26 15:22:35.218  2528  2858 I HidataAppQoeP: handleStateChanged reason=6
05-26 15:22:35.218  2528  2858 I BrowserChrP: handleStateChanged
05-26 15:22:35.298  2528  2858 I HidataAppQoeP: handleStateChanged reason=6
05-26 15:22:35.298  2528  2858 I BrowserChrP: handleStateChanged
05-26 15:22:35.379  2528  2858 I HidataAppQoeP: handleStateChanged reason=6
05-26 15:22:35.379  2528  2858 I BrowserChrP: handleStateChanged
05-26 15:22:35.775  1306  1325 I chatty  : uid=1000(system) android.bg expire 2 lines
05-26 15:22:38.734  1306  1328 I chatty  : uid=1000(system) ActivityManager expire 1 line
05-26 15:22:38.822  1306  6210 I chatty  : uid=1000(system) Binder:1306_15 expire 2 lines
05-26 15:22:38.838  2528  3084 I BoosterSwitchP: notifyUidState do nothing
05-26 15:22:38.839  2528  3084 I DeepNoDisturbP: notifyUidState
05-26 15:22:38.839  2528  3084 I HidataAppQoeP: notifyUidState
05-26 15:22:38.839  2528  3084 I BrowserChrP: notifyUidState
05-26 15:22:38.923  1306  4439 I chatty  : uid=1000(system) Binder:1306_11 expire 11 lines
05-26 15:22:39.200  1306  6484 I chatty  : uid=1000(system) Binder:1306_16 expire 13 lines
05-26 15:22:39.327  1306  2234 I chatty  : uid=1000(system) Thread-39 expire 1 line
05-26 15:22:45.943  2528  2858 I HidataAppQoeP: handleStateChanged reason=6
05-26 15:22:45.944  2528  2858 I BrowserChrP: handleStateChanged
05-26 15:22:46.261  2528  2858 I HidataAppQoeP: handleStateChanged reason=6
05-26 15:22:46.261  2528  2858 I BrowserChrP: handleStateChanged
05-26 15:22:46.420  2528  2858 I HidataAppQoeP: handleStateChanged reason=6
05-26 15:22:46.420  2528  2858 I BrowserChrP: handleStateChanged
05-26 15:22:46.494  2528  2858 I HidataAppQoeP: handleStateChanged reason=6
05-26 15:22:46.494  2528  2858 I BrowserChrP: handleStateChanged
05-26 15:22:49.309  2528  2858 I HidataAppQoeP: handleStateChanged reason=6
05-26 15:22:49.309  2528  2858 I BrowserChrP: handleStateChanged
05-26 15:22:52.744  1306 11434 I chatty  : uid=1000(system) Binder:1306_1F expire 7 lines
05-26 15:22:53.149  1306  3131 I chatty  : uid=1000(system) Binder:1306_D expire 7 lines
05-26 15:22:55.255  1306 12658 I chatty  : uid=1000(system) Binder:1306_20 expire 7 lines
05-26 15:22:55.311  2528  2858 I HidataAppQoeP: handleStateChanged reason=6
05-26 15:22:55.311  2528  2858 I BrowserChrP: handleStateChanged
05-26 15:22:55.413  1306 14969 I chatty  : uid=1000 system_server expire 2 lines
05-26 15:22:55.452   707   707 D libgps  : proxy_gps_inject_location: called.
05-26 15:22:55.453  1306  2484 I chatty  : uid=1000(system) LocationThread expire 8 lines
05-26 15:22:55.641  1306 11434 I chatty  : uid=1000(system) Binder:1306_1F expire 25 lines
05-26 15:22:56.315   551   612 W SocketListener: sending broadcast to Pid = 1306, Uid = 1000 
05-26 15:22:56.316  1306  2206 I chatty  : uid=1000(system) NetdConnector expire 12 lines
05-26 15:22:56.319  1306  1337 I chatty  : uid=1000(system) android.fg expire 10 lines
05-26 15:22:56.323  1306  2209 I chatty  : uid=1000(system) NetworkStats expire 10 lines
05-26 15:22:56.363  1306  6484 I chatty  : uid=1000(system) Binder:1306_16 expire 12 lines
05-26 15:22:57.065  1306 12658 I chatty  : uid=1000(system) Binder:1306_20 expire 21 lines
05-26 15:22:57.692  1306  9567 I chatty  : uid=1000(system) Binder:1306_17 expire 14 lines
05-26 15:22:59.716  2528  2858 I HidataAppQoeP: handleStateChanged reason=6
05-26 15:22:59.716  2528  2858 I BrowserChrP: handleStateChanged
05-26 15:23:00.005  1306  1306 I chatty  : uid=1000 system_server expire 16 lines
05-26 15:23:01.353  2507 14978 I HwLBSService.HwNLPDBManager: refreshLocToCellTable cellid 54239885 , mCurrentAreaCode : 9363
05-26 15:23:01.353  2507 14978 D HwLBSService.HwNLPDBManager:  refreshLocToCellTable start
05-26 15:23:01.353  2507 14978 I HwLBSService.HwNLPDBManager: isCellIdExist 54239885 , mCurrentAreaCode : 9363
05-26 15:23:01.356  2507 14978 I HwLBSService.HwNLPDBManager: is Not CellIdExist 
05-26 15:23:01.357  2507 14978 I HwLBSService.HwNLPDBManager: tb_network count is 1
05-26 15:23:01.357  2507 14978 D HwLBSService.HwNLPDBManager: cellid is not Exist, insert cellinfo to DB MAX_COLUMN : 1000,  dbsize : 1
05-26 15:23:01.359  1306 14979 I chatty  : uid=1000 system_server expire 2 lines
05-26 15:23:01.406   707   707 D libgps  : proxy_gps_inject_location: called.
05-26 15:23:02.855  2507 14980 I HwLBSService.HwNLPDBManager: refreshLocToCellTable cellid 54239885 , mCurrentAreaCode : 9363
05-26 15:23:02.856  2507 14980 D HwLBSService.HwNLPDBManager:  refreshLocToCellTable start
05-26 15:23:02.856  2507 14980 I HwLBSService.HwNLPDBManager: isCellIdExist 54239885 , mCurrentAreaCode : 9363
05-26 15:23:02.857  2507 14980 I HwLBSService.HwNLPDBManager: is Not CellIdExist 
05-26 15:23:02.857  2507 14980 I HwLBSService.HwNLPDBManager: tb_network count is 1
05-26 15:23:02.857  2507 14980 D HwLBSService.HwNLPDBManager: cellid is not Exist, insert cellinfo to DB MAX_COLUMN : 1000,  dbsize : 1
05-26 15:23:02.909   707   707 D libgps  : proxy_gps_inject_location: called.
05-26 15:23:05.714  2528  2858 I HidataAppQoeP: handleStateChanged reason=6
05-26 15:23:05.714  2528  2858 I BrowserChrP: handleStateChanged
05-26 15:23:08.914   697   781 I storaged: storaged_t::event: storage_info refreshed.
05-26 15:23:09.380  2528  2858 I HidataAppQoeP: handleStateChanged reason=6
05-26 15:23:09.380  2528  2858 I BrowserChrP: handleStateChanged
05-26 15:23:09.461  2528  2858 I HidataAppQoeP: handleStateChanged reason=6
05-26 15:23:09.461  2528  2858 I BrowserChrP: handleStateChanged
05-26 15:23:09.624  2528  2858 I HidataAppQoeP: handleStateChanged reason=6
05-26 15:23:09.624  2528  2858 I BrowserChrP: handleStateChanged
05-26 15:23:09.866   551   616 W SocketListener: sending broadcast to Pid = 1306, Uid = 1000 
05-26 15:23:09.897  1306  6484 I chatty  : uid=1000(system) Binder:1306_16 expire 11 lines
05-26 15:23:10.931  1306  1329 I chatty  : uid=1000(system) android.ui expire 10 lines
05-26 15:23:11.944  2528  2858 I HidataAppQoeP: handleStateChanged reason=6
05-26 15:23:11.944  2528  2858 I BrowserChrP: handleStateChanged
05-26 15:23:11.945  1306  9567 I chatty  : uid=1000(system) Binder:1306_17 expire 22 lines
05-26 15:23:16.482  1306  2464 I chatty  : uid=1000(system) watchdog expire 3 lines
05-26 15:23:48.315  1306  1328 I chatty  : uid=1000(system) ActivityManager expire 2 lines
05-26 15:23:53.854   551   612 W SocketListener: sending broadcast to Pid = 1306, Uid = 1000 
05-26 15:23:54.550  1306 11434 I chatty  : uid=1000(system) Binder:1306_1F expire 3 lines
05-26 15:24:00.004  1306  1306 I chatty  : uid=1000 system_server expire 7 lines
05-26 15:24:08.241  1306 12658 I chatty  : uid=1000(system) Binder:1306_20 expire 10 lines
05-26 15:24:08.431  1306  1329 I chatty  : uid=1000(system) android.ui expire 31 lines
05-26 15:24:08.747  2528  2858 I HidataAppQoeP: handleStateChanged reason=6
05-26 15:24:08.747  2528  2858 I BrowserChrP: handleStateChanged
05-26 15:24:08.915   697   781 I storaged: storaged_t::event: storage_info refreshed.
05-26 15:24:09.765  1306  9567 I chatty  : uid=1000(system) Binder:1306_17 expire 13 lines
05-26 15:24:14.000  1306  6484 I chatty  : uid=1000(system) Binder:1306_16 expire 3 lines
05-26 15:24:14.744  2528  2858 I HidataAppQoeP: handleStateChanged reason=6
05-26 15:24:14.744  2528  2858 I BrowserChrP: handleStateChanged
05-26 15:24:20.745  2528  2858 I HidataAppQoeP: handleStateChanged reason=6
05-26 15:24:20.745  2528  2858 I BrowserChrP: handleStateChanged
05-26 15:24:20.748  1306 12658 I chatty  : uid=1000(system) Binder:1306_20 expire 11 lines
05-26 15:24:21.802   551   616 W SocketListener: sending broadcast to Pid = 1306, Uid = 1000 
05-26 15:24:21.804  1306  2206 I chatty  : uid=1000(system) NetdConnector expire 2 lines
05-26 15:24:22.064  1306  3131 I chatty  : uid=1000(system) Binder:1306_D expire 10 lines
05-26 15:24:22.103  1306  1306 I chatty  : uid=1000 system_server expire 10 lines
05-26 15:24:22.160  1306 11434 I chatty  : uid=1000(system) Binder:1306_1F expire 10 lines
05-26 15:24:22.459  1306  6484 I chatty  : uid=1000(system) Binder:1306_16 expire 16 lines
05-26 15:24:22.573  1306  9567 I chatty  : uid=1000(system) Binder:1306_17 expire 14 lines
05-26 15:24:24.286  1306  1329 I chatty  : uid=1000(system) android.ui expire 21 lines
05-26 15:24:26.747  2528  2858 I HidataAppQoeP: handleStateChanged reason=6
05-26 15:24:26.747  2528  2858 I BrowserChrP: handleStateChanged
05-26 15:24:42.368   551   612 W SocketListener: sending broadcast to Pid = 1306, Uid = 1000 
05-26 15:24:42.370  1306  2206 I chatty  : uid=1000(system) NetdConnector expire 10 lines
05-26 15:24:42.371  1306  1337 I chatty  : uid=1000(system) android.fg expire 11 lines
05-26 15:24:42.376  1306  2209 I chatty  : uid=1000(system) NetworkStats expire 10 lines
05-26 15:24:42.545  1306  3131 I chatty  : uid=1000(system) Binder:1306_D expire 10 lines
05-26 15:24:45.788  2528  2858 I HidataAppQoeP: handleStateChanged reason=6
05-26 15:24:45.788  2528  2858 I BrowserChrP: handleStateChanged
05-26 15:24:45.861  2528  2858 I HidataAppQoeP: handleStateChanged reason=6
05-26 15:24:45.861  2528  2858 I BrowserChrP: handleStateChanged
05-26 15:24:45.944  2528  2858 I HidataAppQoeP: handleStateChanged reason=6
05-26 15:24:45.944  2528  2858 I BrowserChrP: handleStateChanged
05-26 15:24:46.019  2528  2858 I HidataAppQoeP: handleStateChanged reason=6
05-26 15:24:46.020  2528  2858 I BrowserChrP: handleStateChanged
05-26 15:24:46.498  1306  2464 I chatty  : uid=1000(system) watchdog expire 5 lines
05-26 15:24:46.912  2528  2858 I HidataAppQoeP: handleStateChanged reason=6
05-26 15:24:46.912  2528  2858 I BrowserChrP: handleStateChanged
05-26 15:24:46.977  2528  2858 I HidataAppQoeP: handleStateChanged reason=6
05-26 15:24:46.977  2528  2858 I BrowserChrP: handleStateChanged
05-26 15:24:47.309  2528  2858 I HidataAppQoeP: handleStateChanged reason=6
05-26 15:24:47.310  2528  2858 I BrowserChrP: handleStateChanged
05-26 15:24:47.381  2528  2858 I HidataAppQoeP: handleStateChanged reason=6
05-26 15:24:47.381  2528  2858 I BrowserChrP: handleStateChanged
05-26 15:24:53.869 14094 14094 W ContextImpl: Calling a method in the system process without a qualified user: android.app.ContextImpl.startService:1760 android.content.ContextWrapper.startService:664 android.content.ContextWrapper.startService:664 com.huawei.hwdetectrepair.smartnotify.eventlistener.InstantMessageReceiver.invokeSmartNotifyService:55 com.huawei.hwdetectrepair.smartnotify.eventlistener.InstantMessageReceiver.onReceive:43 
05-26 15:24:53.873  1306 12658 I chatty  : uid=1000(system) Binder:1306_20 expire 8 lines
05-26 15:24:53.881  1306  6484 I chatty  : uid=1000(system) Binder:1306_16 expire 10 lines
05-26 15:24:54.430  1306  3131 I chatty  : uid=1000(system) Binder:1306_D expire 6 lines
05-26 15:24:54.948  1306  4179 I chatty  : uid=1000(system) Binder:1306_F expire 8 lines
05-26 15:24:55.073  1306 10282 I chatty  : uid=1000(system) Binder:1306_1B expire 3 lines
05-26 15:24:57.642   551   616 W SocketListener: sending broadcast to Pid = 1306, Uid = 1000 
05-26 15:24:59.515  1306  9567 I chatty  : uid=1000(system) Binder:1306_17 expire 8 lines
05-26 15:25:00.309  2507 15052 I HwLBSService.HwNLPDBManager: refreshLocToCellTable cellid 54239885 , mCurrentAreaCode : 9363
05-26 15:25:00.309  2507 15052 D HwLBSService.HwNLPDBManager:  refreshLocToCellTable start
05-26 15:25:00.309  2507 15052 I HwLBSService.HwNLPDBManager: isCellIdExist 54239885 , mCurrentAreaCode : 9363
05-26 15:25:00.311  2507 15052 I HwLBSService.HwNLPDBManager: is Not CellIdExist 
05-26 15:25:00.312  2507 15052 I HwLBSService.HwNLPDBManager: tb_network count is 1
05-26 15:25:00.312  2507 15052 D HwLBSService.HwNLPDBManager: cellid is not Exist, insert cellinfo to DB MAX_COLUMN : 1000,  dbsize : 1
05-26 15:25:00.313  1306  2484 I chatty  : uid=1000(system) LocationThread expire 5 lines
05-26 15:25:00.351  1306  2888 I chatty  : uid=1000(system) Binder:1306_8 expire 6 lines
05-26 15:25:00.355  1306 11434 I chatty  : uid=1000(system) Binder:1306_1F expire 14 lines
05-26 15:25:00.356   707   707 D libgps  : proxy_gps_inject_location: called.
05-26 15:25:00.471   707   707 D libgps  : proxy_gps_inject_location: called.
