06-16 22:03:45.959  3194  3194 W System.err: 	at com.ss.android.module.manager.ModuleManager.getModuleOrNull(SourceFile:73)
06-16 22:03:45.959  3194  3194 W System.err: 	at com.ss.android.module.manager.ModuleManager.getModule(SourceFile:100)
06-16 22:03:45.959  3194  3194 W System.err: 	at com.ss.android.article.news.d.a.d.run(SourceFile:19)
06-16 22:03:45.959  3194  3194 W System.err: 	at com.ss.android.article.base.feature.main.task.o$1.queueIdle(SourceFile:36)
06-16 22:03:45.959  3194  3194 W System.err: 	at com.ss.android.article.base.feature.main.task.e.queueIdle(SourceFile:55)
06-16 22:03:45.959  3194  3194 W System.err: 	at android.os.MessageQueue.next(MessageQueue.java:494)
06-16 22:03:45.959  3194  3194 W System.err: 	at android.os.Looper.loop(Looper.java:169)
06-16 22:03:45.959  3194  3194 W System.err: 	at android.app.ActivityThread.main(ActivityThread.java:7539)
06-16 22:03:45.959  3194  3194 W System.err: 	at java.lang.reflect.Method.invoke(Native Method)
06-16 22:03:45.959  3194  3194 W System.err: 	at com.android.internal.os.RuntimeInit$MethodAndArgsCaller.run(RuntimeInit.java:524)
06-16 22:03:45.959  3194  3194 W System.err: 	at com.android.internal.os.ZygoteInit.main(ZygoteInit.java:958)
06-16 22:03:45.960  3194  3194 W System.err: Caused by: java.lang.ClassNotFoundException: Didn't find class "com.ss.android.common.businessinterface.feedback.IFeedbackService__ServiceProxy" on path: DexPathList[[zip file "/data/user/0/com.ss.android.article.news/files/webview_bytedance/465a7208089cd578ae3769274e1dd40c_md5/libbytedanceweb.apk", dex file "/data/user/0/com.ss.android.article.news/files/webview_bytedance/465a7208089cd578ae3769274e1dd40c_md5/classes.dex", zip file "/system/framework/org.apache.http.legacy.boot.jar", zip file "/data/app/com.ss.android.article.news-B9PRImayyLdfa5UaK9u4DA==/base.apk"],nativeLibraryDirectories=[/data/app/com.ss.android.article.news-B9PRImayyLdfa5UaK9u4DA==/lib/arm, /data/app/com.ss.android.article.news-B9PRImayyLdfa5UaK9u4DA==/base.apk!/lib/armeabi, /system/lib, /product/lib]]
06-16 22:03:45.960  3194  3194 W System.err: 	at dalvik.system.BaseDexClassLoader.findClass(BaseDexClassLoader.java:134)
06-16 22:03:45.960  3194  3194 W System.err: 	at java.lang.ClassLoader.loadClass(ClassLoader.java:379)
06-16 22:03:45.960  3194  3194 W System.err: 	at java.lang.ClassLoader.loadClass(ClassLoader.java:312)
06-16 22:03:45.960  3194  3194 W System.err: 	... 18 more
06-16 22:03:45.965   701   785 I dubaid  : [BatteryHandler.cpp] onBatteryChanged# Battery charge state: 0, type: 0
06-16 22:03:45.974   865   865 V AutoCache: unRegisterPowerBroadcastReceiver: sPowerRegisterState is false, cxt is android.app.Application@f291a05
06-16 22:03:45.994 21796 25064 I iu.UploadsManager: num updated entries: 0
06-16 22:03:45.998  4000  4000 I HwOUC   : [main-1]isSelfUpdateInstalling cacheContents is null or empty..(SelfUpdateUtility.java:91)
06-16 22:03:45.999  4000  4000 I HwOUC   : [main-1]isHotaUpdate cursor is null,return false(GDPRUtils.java:540)
06-16 22:03:46.003  4000  4000 I HwOUC   : [main-1]isHotaUpdate cursor is null,return false(GDPRUtils.java:540)
06-16 22:03:46.011   917   917 I hisync-findmyphone.LowPowerReport: BatteryLowBroadcastReceiver action:android.intent.action.ACTION_POWER_DISCONNECTED;isLastLocReportSwitchOpen:true
06-16 22:03:46.016   917   917 I hisync-findmyphone.LowPowerReport: ACTION_POWER_DISCONNECTED initLowBatteryReport
06-16 22:03:46.021  4000  4000 I HwOUC   : [main-1]ThirdAppCheckedUtils isProgressDialogShow not show(ThirdAppCheckedUtils.java:249)
06-16 22:03:46.028  4000  4000 I HwOUC   : [main-1]no dialog is isShowing(HwOucUtilityEx.java:941)
06-16 22:03:46.029  4000  4000 I HwOUC   : [main-1]isHotaUpdate cursor is null,return false(GDPRUtils.java:540)
06-16 22:03:46.033   917   917 I hisync-findmyphone.LowPowerReport: LowPowerReport init...
06-16 22:03:46.036  4000  4000 I HwOUC   : [main-1]onReceive nextInstallRemindTime is -1 or nextSwitchABSystemRemindTime is -1 not AllFirmwareVerifySuccess and not AllFirmwareInstallSuccessUnderAB, do noting(PowerConnectedReceiver.java:60)
06-16 22:03:46.061 21796 25064 I iu.SyncManager: NEXT; no task
06-16 22:03:46.067  1296  8135 I ActivityManager: App 10169/cn.etouch.ecalendar targets O+, restricted
06-16 22:03:46.068  1296  8135 W BroadcastQueue: Background execution not allowed: receiving Intent { act=android.intent.action.ACTION_POWER_DISCONNECTED flg=0x4000010 (has extras) } to cn.etouch.ecalendar/.service.WatchmenReceiver
06-16 22:03:46.069   917   917 I hisync-findmyphone.LowPowerReport: LowPowerReport action...android.intent.action.BATTERY_CHANGED
06-16 22:03:46.070 29302 29302 I [10.4.0.305]HiCloud.ICBServiceProtocol: ICBService connected
06-16 22:03:46.070   917   917 I hisync-findmyphone.AntiTheftInf: AntiTheftManagerEx getEnable = true from cache
06-16 22:03:46.073  1296  1314 I ActivityManager: App 10169/cn.etouch.ecalendar targets O+, restricted
06-16 22:03:46.073  1296  1314 W BroadcastQueue: Background execution not allowed: receiving Intent { act=android.intent.action.ACTION_POWER_DISCONNECTED flg=0x4000010 (has extras) } to cn.etouch.ecalendar/com.igexin.sdk.PushReceiver
06-16 22:03:46.077   917  2245 I [10.4.0.305]HiCloud.ICBService: do abort. type = 2
06-16 22:03:46.080  1296  1314 I ActivityManager: App 10267/com.gvsoft.gofun targets O+, restricted
06-16 22:03:46.080  1296  1314 W BroadcastQueue: Background execution not allowed: receiving Intent { act=android.intent.action.ACTION_POWER_DISCONNECTED flg=0x4000010 (has extras) } to com.gvsoft.gofun/com.igexin.sdk.PushReceiver
06-16 22:03:46.082  1296  1314 I ActivityManager: App 10246/com.oppo.im targets O+, restricted
06-16 22:03:46.082  1296  1314 W BroadcastQueue: Background execution not allowed: receiving Intent { act=android.intent.action.ACTION_POWER_DISCONNECTED flg=0x4000010 (has extras) } to com.oppo.im/com.igexin.sdk.PushReceiver
06-16 22:03:46.083  1296  1314 I ActivityManager: App 10126/com.sdu.didi.psnger targets O+, restricted
06-16 22:03:46.084  1296  1314 W BroadcastQueue: Background execution not allowed: receiving Intent { act=android.intent.action.ACTION_POWER_DISCONNECTED flg=0x4000010 (has extras) } to com.sdu.didi.psnger/com.igexin.sdk.PushReceiver
06-16 22:03:46.084  1296  1314 I ActivityManager: App 10136/com.ss.android.article.news targets O+, restricted
06-16 22:03:46.084  1296  1314 W BroadcastQueue: Background execution not allowed: receiving Intent { act=android.intent.action.ACTION_POWER_DISCONNECTED flg=0x4000010 (has extras) } to com.ss.android.article.news/com.ss.android.message.MessageReceiver
06-16 22:03:46.087  1296  1314 I ActivityManager: App 10166/com.zhaopin.social targets O+, restricted
06-16 22:03:46.087  1296  1314 W BroadcastQueue: Background execution not allowed: receiving Intent { act=android.intent.action.ACTION_POWER_DISCONNECTED flg=0x4000010 (has extras) } to com.zhaopin.social/com.igexin.sdk.PushReceiver
06-16 22:03:46.088  1296  1314 I ActivityManager: App 10166/com.zhaopin.social targets O+, restricted
06-16 22:03:46.088  1296  1314 W BroadcastQueue: Background execution not allowed: receiving Intent { act=android.intent.action.ACTION_POWER_DISCONNECTED flg=0x4000010 (has extras) } to com.zhaopin.social/com.xdandroid.hellodaemon.WakeUpReceiver
06-16 22:03:46.088  1296  1314 V BroadcastQueue: Finished with ordered broadcast BroadcastRecord{2bf3c24 u-1 android.intent.action.ACTION_POWER_DISCONNECTED}
06-16 22:03:46.090   917   917 I hisync-findmyphone.LowPowerReport: LowPowerReport perLevel:53LowPowerReport mLowBatteryWarningLevel:25
06-16 22:03:46.094   917   917 I hisync-findmyphone.LowPowerReport: LowPowerReport release...
06-16 22:03:46.105  1593  1817 I HidataAppQoeP: handleStateChanged reason=6
06-16 22:03:46.105  1593  1817 I BrowserChrP: handleStateChanged
06-16 22:03:46.109  1639  1873 I HwMobileSignalController(0): subId:0 phoneType:1 networktype:13 targetClass:3 masterLevel:5 slaveLevel:-1
06-16 22:03:46.372  1296  1867 I NotificationService: enqueueNotificationInternal: pkg=com.android.settings id=1000002 notification=Notification(channel=SETTINGS_USB pri=1 contentView=null vibrate=null sound=null tick defaults=0x0 flags=0x2 color=0x00000000 vis=PRIVATE)
06-16 22:03:46.373  1296  1867 I NotificationService: enqueueNotificationInternal Channel Info : pkg=com.android.settings id=1000002 importance =1
06-16 22:03:46.390  1639  1639 I Net.20891NetworkSpeedMa: mIsStop = false
06-16 22:03:46.390  1639  1639 D NotificationEntryMgr: updateNotification(StatusBarNotification(pkg=com.android.settings user=UserHandle{0} id=1000002 tag=null key=0|com.android.settings|1000002|null|1000: Notification(channel=SETTINGS_USB pri=1 contentView=null vibrate=null sound=null tick defaults=0x0 flags=0x2 color=0x00000000 vis=PRIVATE)))
06-16 22:03:46.391  1639  1873 I Net.20892NetworkSpeedMa:  runInThread getTetherStats
06-16 22:03:46.398  1639  1639 I NotificationInflation2: start: entry=150392872
06-16 22:03:46.399  1639  2778 I GlobalContext: Runnable for SerialExecutor
06-16 22:03:46.399  1639  2778 I NotificationInflation4: doInBackground is begin
06-16 22:03:46.401  1639  1639 W NotificationViewHierarchyManager: updateNotificationShade activeNotificationSize=4;hasFaceDT: true; Detected:false
06-16 22:03:46.405  1639  1873 D ReporterUtil:  e id:344 type:{pkg:com.android.settings,hw_type:null,hw_btw:false,onGoing:true,importance:1}
06-16 22:03:46.405  1639  1639 I Net.20892NetworkSpeedMa:  runInUI refreshSpeed
06-16 22:03:46.406  1639  1639 I Net.20892NetworkSpeedMa: value=2353.6667speed = 2.30K/smIsShowLastSpeedValuefalse
06-16 22:03:46.406  1639  1639 I NetworkSpeedView: /update(), speed=2.30K/s
06-16 22:03:46.407  1639  1639 I NetworkSpeedView: /update(), speed=2.30K/s
06-16 22:03:46.412  1639  2778 I NotificationInflation5: doInBackground is end
06-16 22:03:46.413  1639  1639 I NotificationInflation2: finish: entry=150392872
06-16 22:03:46.413  1639  1639 I NotificationInflation3: start: entry=150392872
06-16 22:03:46.445  1639  1639 I NotificationInflation3: finish: entry=150392872
06-16 22:03:46.490  1296  1315 I WindowManager: onProposedRotationChanged, rotation=0
06-16 22:03:46.491  1296  1315 I WindowManager: MyOrientationListener: updateRotation.
06-16 22:03:46.494  1296  1315 V WindowManager: removeIfPossible: Window{d7c87b6 u0 android}
06-16 22:03:46.497  1296  1315 V WindowManager: postWindowRemoveCleanupLocked: Window{d7c87b6 u0 android}
06-16 22:03:46.497  1296  1315 V WindowManager: Removing Window{d7c87b6 u0 android} from WindowToken{5b34351 android.view.ViewRootImpl$W@e859078}
06-16 22:03:46.513  1296  1775 I chatty  : uid=1000(system) RenderThread expire 12 lines
06-16 22:03:46.534  1296  1315 V WindowManager: addWindow: Window{7144a66 u0 android}
06-16 22:03:46.535  1296  1315 I StatusBarDisable: setFlags what=0 which=1 pkg=Window{305444b u0 com.android.settings/com.android.settings.Settings$DevelopmentSettingsActivity}
06-16 22:03:46.553  1296  1315 I StatusBarDisable: setFlags what=0 which=1 pkg=Window{305444b u0 com.android.settings/com.android.settings.Settings$DevelopmentSettingsActivity}
06-16 22:03:46.666  1816  2089 E BDLog   : BD.FilterImpl:com.android.systemui 344 times= 200 over threshold
06-16 22:03:46.667  1816  2089 E BDLog   : BD.FilterImpl:com.android.systemui 344 is illLegal
06-16 22:03:46.719  1296  1323 I UsbDeviceManager: add hdb is hisuite,mtp,mass_storage,adb,hdb
06-16 22:03:46.719  1296  1323 I UsbDeviceManager: Setting USB config to hisuite,mtp,mass_storage,adb,hdb oemFunctions = hisuite,mtp,mass_storage,adb,hdb
06-16 22:03:46.723  1639  1639 I FloatNotificationManager: removeNotification: key =-1|android|26|null|1000;mKey=null
06-16 22:03:46.724  1639  1639 W NotificationViewHierarchyManager: updateNotificationShade activeNotificationSize=3;hasFaceDT: true; Detected:false
06-16 22:03:46.725  1852  1981 I chatty  : uid=1000(system) core expire 35 lines
06-16 22:03:46.735 31864 31864 I chatty  : uid=10122 com.qiyi.video:downloader expire 5 lines
06-16 22:03:46.736 31864 31956 I chatty  : uid=10122(com.qiyi.video) DownloadEngine expire 2 lines
06-16 22:03:46.738 31864 31945 I chatty  : uid=10122(com.qiyi.video) Cube expire 1 line
06-16 22:03:46.738   865   865 D MtpReceiver: Debug MTP:ACTION_USB_STATE 
06-16 22:03:46.740   865   865 D MtpReceiver: Debug MTP:stop MTP service 
06-16 22:03:46.742   865   865 D MtpReceiver: handleUsbState stopService status=true
06-16 22:03:46.747  1296  2754 E HwUsbHDBManager: Wrong message: count=-1
06-16 22:03:46.772  1852  2185 I chatty  : uid=1000(system) actions handler expire 143 lines
06-16 22:03:46.773   592   592 W usb@1.0-service: type=1400 audit(0.0:64872): avc: denied { dac_override } for capability=1 scontext=u:r:hal_usb_default:s0 tcontext=u:r:hal_usb_default:s0 tclass=capability permissive=0
06-16 22:03:46.773   592   592 W usb@1.0-service: type=1400 audit(0.0:64873): avc: denied { dac_override } for capability=1 scontext=u:r:hal_usb_default:s0 tcontext=u:r:hal_usb_default:s0 tclass=capability permissive=0
06-16 22:03:46.773   592  1505 E android.hardware.usb@1.0-service: uevent received SUBSYSTEM=dual_role_usb
06-16 22:03:46.773   592  1505 I android.hardware.usb@1.0-service: otg_default
06-16 22:03:46.777   592  1505 I android.hardware.usb@1.0-service: canChangeMode: 1 canChagedata: 0 canChangePower:0
06-16 22:03:46.777  1296  5041 I UsbPortManager: ClientCallback: otg_default
06-16 22:03:46.783  1296  1610 D NetdConnector: SND -> {3542 firewall set_uid_rule standby 10122 deny}
06-16 22:03:46.789 31864 31864 I chatty  : uid=10122 com.qiyi.video:downloader expire 5 lines
06-16 22:03:46.790 31864 31956 I chatty  : uid=10122(com.qiyi.video) DownloadEngine expire 2 lines
06-16 22:03:46.790 31864 31945 I chatty  : uid=10122(com.qiyi.video) Cube expire 1 line
06-16 22:03:46.797  4232  4235 I adbd    : initializing functionfs
06-16 22:03:46.797  4232  4235 I adbd    : opening control endpoint /dev/usb-ffs/adb/ep0
06-16 22:03:46.800  4232  4235 I adbd    : functionfs successfully initialized
06-16 22:03:46.800  4232  4235 I adbd    : registering usb transport
06-16 22:03:46.809  4233  4233 E         : iptables cmd:iptables-restore
06-16 22:03:46.827  4243  4243 E         : iptables cmd:ip6tables-restore
06-16 22:03:46.830  1296  1467 D NetdConnector: RCV <- {200 3542 Firewall command succeeded}
06-16 22:03:46.830  1296  1467 D NetdConnector: RCV <- {200 3542 Firewall command succeeded}
06-16 22:03:46.834  1296  1323 W Looper  : Slow dispatch took 120ms android.fg h=com.android.server.usb.UsbDeviceManager$UsbHandlerLegacy c=null m=0
06-16 22:03:46.835  1296  1323 I UsbPortManager: USB port changed: port=UsbPort{id=otg_default, supportedModes=dual}, status=UsbPortStatus{connected=true, currentMode=ufp, currentPowerRole=sink, currentDataRole=device, supportedRoleCombinations=[source:host, sink:device]}, canChangeMode=true, canChangePowerRole=false, canChangeDataRole=false
06-16 22:03:46.836   568 28016 I Netd    : Destroyed 4 sockets for UidRanges{ 10122 } skip={} in 1.9 ms
06-16 22:03:46.862  1296  7866 D SmartHeartBeat: setAlarmsPending ...
06-16 22:03:46.866  1296  1314 V BroadcastQueue: Finished with ordered broadcast BroadcastRecord{332f1a7 u-1 android.hardware.usb.action.USB_STATE}
06-16 22:03:46.876   865   865 D MtpReceiver: Debug MTP:ACTION_USB_STATE 
06-16 22:03:46.878   865   865 D MtpReceiver: Debug MTP:stop MTP service 
06-16 22:03:46.879   865   865 D MtpReceiver: handleUsbState stopService status=false
06-16 22:03:46.880  1296  7866 D SmartHeartBeat: setAlarmsPending ...
06-16 22:03:46.910  1296  2321 I chatty  : uid=1000(system) Binder:1296_F expire 9 lines
06-16 22:03:46.996 31101  4101 I chatty  : uid=10122(com.qiyi.video) nexus-reader-5 expire 8 lines
06-16 22:03:47.006  1296  1432 D HwBatteryService: onUEvent fcpStatus = 0,scpStatus =0,ovpStatus=0
06-16 22:03:47.007  1296  1314 V BroadcastQueue: Finished with ordered broadcast BroadcastRecord{7bf654 u-1 android.hardware.usb.action.USB_STATE}
06-16 22:03:47.007  1296  1432 I HwBatteryService: quick charge status : 0
06-16 22:03:47.008  1296  1432 I HwBatteryService: handleWirelessTxStatus
06-16 22:03:47.008  1296  1432 I HwBatteryService: switch not open, return, mWirelessTxFlag : 0
06-16 22:03:47.009  1296  1432 I UsbDeviceManager: water_intrused state= 0
06-16 22:03:47.009 31101 31480 I chatty  : uid=10122(com.qiyi.video) nexus-writer expire 1 line
06-16 22:03:47.012   732   732 D         : [D/basp_control] basp executing
06-16 22:03:47.016   732   732 E         : [E/basp_control] input param invalid!
06-16 22:03:47.019  1296  2321 V BroadcastQueue: Finished with ordered broadcast BroadcastRecord{2cda9fd u-1 android.hardware.usb.action.USB_PORT_CHANGED}
06-16 22:03:47.022 31101 31496 I chatty  : uid=10122(com.qiyi.video) pool-22-thread- expire 5 lines
06-16 22:03:47.022 31101  4101 I chatty  : uid=10122(com.qiyi.video) nexus-reader-5 expire 19 lines
06-16 22:03:47.029 31101 31496 I chatty  : uid=10122(com.qiyi.video) pool-22-thread- expire 3 lines
06-16 22:03:47.052   612   612 E WifiHAL : enter wifi_get_link_stats
06-16 22:03:47.063   711  1336 I storaged: uid_monitor::update_curr_io_stats_locked: last_uid_io_stats_ size is 100
06-16 22:03:47.063   711  1336 I storaged: uid_monitor::update_curr_io_stats_locked: curr_io_stats_ size is 100
06-16 22:03:47.070  1578  1595 I bt_btif bt interface: read_energy_info
06-16 22:03:47.077  1296  5041 D BatteryService: power connected, isWirelessCharge:false
06-16 22:03:47.078  1296  5041 I HwInnerVibratorService: isSupportHwVibrator type:haptic.battery.charging, isSupport:-1
06-16 22:03:47.080  1296  5041 I BatteryService: normal charge status : 1
06-16 22:03:47.087   724   950 W JankService: processEntry, not beta version or commercial log off
06-16 22:03:47.088  1296  1324 I EntropyMixer: Writing entropy...
06-16 22:03:47.093   606   606 D lights  : set_light_battery colorRGB=FFFFFF00, onMS=0, offMS=0 
06-16 22:03:47.096  1816  2103 I OPCollectLog: PowerConnectedAction:onReceive action: android.intent.action.ACTION_POWER_CONNECTED
06-16 22:03:47.096  1639  1639 W PowerUI : unknown intent: Intent { act=android.intent.action.ACTION_POWER_CONNECTED flg=0x4000010 (has extras) }
06-16 22:03:47.106  1852  2185 I hibernation: unproxy service com.ss.android.article.news
06-16 22:03:47.106  1852  2185 I ash_trans: com.ss.android.article.news { doze duration=205 Uptime=204 } transition to: end, reason:stop_ash
06-16 22:03:47.106   610   610 I Legacy PowerHAL: get_number_of_platform_modes
06-16 22:03:47.106  1852  2185 I ash_trans: com.tencent.mobileqq { doze duration=192 Uptime=191 } transition to: end, reason:stop_ash
06-16 22:03:47.106  1852  2185 I hibernation: clear_nap unpending alarm : com.google.android.gms
06-16 22:03:47.106   610   610 I Legacy PowerHAL: get_voter_list!
06-16 22:03:47.106   610   610 I Legacy PowerHAL: get_platform_low_power_stats update list
06-16 22:03:47.107  1296  1610 D SmartHeartBeat: setAlarmsPending ...
06-16 22:03:47.107  1852  2185 I hibernation: Unpending com.google.android.gms alarm OK !
06-16 22:03:47.108  1852  2185 I hibernation: clear_nap unproxy gps : com.google.android.gms
06-16 22:03:47.109  1852  2185 I hibernation: unproxy gps:com.google.android.gms,uid:10099,result:true
06-16 22:03:47.109  1852  2185 I ash_trans: com.google.android.gms { doze duration=251 Uptime=252 } transition to: end, reason:stop_ash
06-16 22:03:47.109  1852  2185 I ash_trans: com.huawei.hiai { running duration=340 Uptime=341 } transition to: end, reason:stop_ash
06-16 22:03:47.110  1852  2185 I ash_trans: com.huawei.hwid { running duration=343 Uptime=344 } transition to: end, reason:stop_ash
06-16 22:03:47.110  1852  2185 I hibernation: clear_nap unproxy gps : com.baidu.input_huawei
06-16 22:03:47.111  1852  2185 I hibernation: unproxy gps:com.baidu.input_huawei,uid:10053,result:true
06-16 22:03:47.112  1852  2185 I ash_trans: com.baidu.input_huawei { doze duration=269 Uptime=269 } transition to: end, reason:stop_ash
06-16 22:03:47.112  1852  2185 I ash_trans: com.huawei.hiaction { running duration=340 Uptime=339 } transition to: end, reason:stop_ash
06-16 22:03:47.112  1852  2185 I hibernation: clear_nap unproxy gps : com.qiyi.video
06-16 22:03:47.112  1852  2185 I AppAct  : cannot unproxy : com.qiyi.video
06-16 22:03:47.112  1852  2185 I hibernation: unproxy gps:com.qiyi.video,uid:10122,result:false
06-16 22:03:47.112  1852  2185 I hibernation: clear_doze remove restrict net, pkg: com.qiyi.video
06-16 22:03:47.113  1296  1321 W BatteryExternalStatsWorker: modem info is invalid: ModemActivityInfo{ mTimestamp=0 mSleepTimeMs=0 mIdleTimeMs=0 mTxTimeMs[]=[0, 0, 0, 0, 0] mRxTimeMs=0 mEnergyUsed=0}
06-16 22:03:47.114  1296  1610 D NetdConnector: SND -> {3543 firewall set_uid_rule standby 10122 allow}
06-16 22:03:47.115 29302 29302 I [10.4.0.305]HiCloud.SyncObserverService: ACTION_POWER_CONNECTED
06-16 22:03:47.116  3322  3322 W HiAction_IntelligentReceiver: TraceFlow.ruleManagerFlow: IntelligentReceiver:android.intent.action.ACTION_POWER_CONNECTED
06-16 22:03:47.117  3322  3322 W HiAction_RuleManager: ResouceUtil: getResourceSwitchStatus: true
06-16 22:03:47.119 31864 31864 I chatty  : uid=10122 com.qiyi.video:downloader expire 5 lines
06-16 22:03:47.120 31864 31945 I chatty  : uid=10122(com.qiyi.video) Cube expire 1 line
06-16 22:03:47.125  1296  1467 D NetdConnector: RCV <- {200 3543 Firewall command succeeded}
06-16 22:03:47.126 31864 31956 I chatty  : uid=10122(com.qiyi.video) DownloadEngine expire 2 lines
06-16 22:03:47.126  1296  2747 E HwOEMInfoAdapter: writeByteArrayToOeminfo has run 
06-16 22:03:47.126  1296  1467 D NetdConnector: RCV <- {200 3543 Firewall command succeeded}
06-16 22:03:47.127  1852  2185 I hibernation: removeAppNetworkRestrict >> com.qiyi.video, uids : [10122]
06-16 22:03:47.127  1852  2185 I ash_trans: com.qiyi.video { doze duration=351 Uptime=350 } transition to: end, reason:stop_ash
06-16 22:03:47.127  1852  2185 I ash_trans: com.huawei.android.totemweather { running duration=374 Uptime=373 } transition to: end, reason:stop_ash
06-16 22:03:47.127  1852  2185 I hibernation: clear_nap unproxy gps : com.huawei.tips
06-16 22:03:47.128  1296  7866 I chatty  : uid=1000(system) Binder:1296_18 expire 10 lines
06-16 22:03:47.128  1816  2103 I OPCollectLog: Action:PowerConnectedAction executed successfully
06-16 22:03:47.129  1296  1328 D PickUpWakeScreenManager: isPickupSensorSupport isSensorSupport = true
06-16 22:03:47.129  1852  2185 I hibernation: unproxy gps:com.huawei.tips,uid:10141,result:true
06-16 22:03:47.129  1852  2185 I ash_trans: com.huawei.tips { doze duration=260 Uptime=259 } transition to: end, reason:stop_ash
06-16 22:03:47.129  1852  2185 I hibernation: clear_nap unpending alarm : com.google.android.gsf
06-16 22:03:47.129  1296  7866 D SmartHeartBeat: setAlarmsPending ...
06-16 22:03:47.130  1639  1639 D KeyguardUpdateMonitor: received broadcast android.intent.action.BATTERY_CHANGED
06-16 22:03:47.130  1852  2185 I hibernation: Unpending com.google.android.gsf alarm OK !
06-16 22:03:47.130  1852  2185 I hibernation: clear_nap unproxy gps : com.google.android.gsf
06-16 22:03:47.130  1639  1639 W KeyguardUpdateMonitor: ACTION_BATTERY_CHANGED AMP: 1400000; Volt: 4931000
06-16 22:03:47.130  1639  1639 I KgBattery: (last-new)Status: null -> 1, chargeState=1 * branch=1
06-16 22:03:47.130  1639  1639 V KeyguardUpdateMonitor: RefreshBatteryInfo isBatteryLow: 53
06-16 22:03:47.130  1639  1639 W KeyguardUpdateMonitor: ChargingSpeed  Wattage: 6903400 ST: 5000000 --> 7500000
06-16 22:03:47.130  1639  1639 I KgBattery: BatteryInfo updated:  2lPc1
06-16 22:03:47.130  1639  1639 W AppHandler: sendMessage with obj100
06-16 22:03:47.130  1639  1639 D KeyguardUpdateMonitor: handleBatteryUpdate
06-16 22:03:47.130  1639  1639 I ColorPickUitls: type = 2
06-16 22:03:47.131  1639  1639 W KG_FDT  : isFaceUnlockEnabled 1
06-16 22:03:47.131  1639  1639 V KeyguardUpdateMonitor: RefreshBatteryInfo isBatteryLow: 53
06-16 22:03:47.131  1852  2185 I hibernation: unproxy gps:com.google.android.gsf,uid:10099,result:true
06-16 22:03:47.131  1852  2185 I ash_trans: com.google.android.gsf { doze duration=252 Uptime=251 } transition to: end, reason:stop_ash
06-16 22:03:47.133  1639  1639 I KeyguardUtils: fpPath=sys/class/hw_power/charger/charge_data/chargerType, value=1
06-16 22:03:47.133  1639  1639 W HwKgdBArea_BTY: updateBatteryInfo : false  true
06-16 22:03:47.133  1639  1639 W HwKeyguardUpdateMonitor: ChangingStat onDataChanged
06-16 22:03:47.136  1816  2104 I OPCollectLog: OdmfHelper:insert dsCollectEncrypt success 
06-16 22:03:47.138  1639  1639 W ChargingAnimController: Add charging view is skiped as occluded or not showing.
06-16 22:03:47.138  1639  1639 W HwLockScreenPanel: refreshBatteryInfo: null
06-16 22:03:47.139  1639  1639 W HwLockScreenPanel: Handle message: 100
06-16 22:03:47.139  1639  1639 W HwKgdBArea_BTY: updateBatteryInfo : false  true
06-16 22:03:47.143  1639  1925 I KeyguardUtils: fpPath=sys/class/hw_power/charger/charge_data/chargerType, value=1
06-16 22:03:47.146  1852  1852 I MsgReceiver: intent action: android.intent.action.BATTERY_CHANGED
06-16 22:03:47.157 21796  4222 D WorkSource: Insert in WorkSource{} @ 0 uid 10099 name com.google.android.gms
06-16 22:03:47.158  1852  2626 I ThermalTraceTool: file:sys/class/hw_power/charger/direct_charger/direct_charge_succ,fileExists:false,fileCanRead:false
06-16 22:03:47.162 21796 21796 I iu.Environment: update battery state; isPlugged? true*
06-16 22:03:47.163  1296  1472 I chatty  : uid=1000(system) tworkPolicy.uid expire 6 lines
06-16 22:03:47.179  1639  1639 I chatty  : uid=10039(com.huawei.HwMultiScreenShot) com.android.systemui expire 90 lines
06-16 22:03:47.190  1296  1315 W Looper  : Slow dispatch took 109ms android.ui h=com.android.server.am.ActivityManagerService$UiHandler c=null m=53
06-16 22:03:47.200   701   785 I dubaid  : [BatteryHandler.cpp] onBatteryChanged# Battery charge state: 1, type: 2
06-16 22:03:47.201 29302 29302 I [10.4.0.305]HiCloud.SyncObserverService: registerObserverReceiver
06-16 22:03:47.205 21796 21796 D WorkSource: Insert in WorkSource{} @ 0 uid 10099 name com.google.android.gms
06-16 22:03:47.213  1296  1296 I Telecom-ChargingStatusManager: onChargingStatusChanged, mIsCharging: false -> true
06-16 22:03:47.213 21796  4251 I iu.FingerprintManager: Start processing all media
06-16 22:03:47.218  3322  3322 W HiAction_IntelligentReceiver: TraceFlow.ruleManagerFlow: agreement is ok, then check intellgentUpdate conditions
06-16 22:03:47.238  3382  4229 D WorkSource: Insert in WorkSource{} @ 0 uid 10099 name com.google.android.gms
06-16 22:03:47.239   802  4252 D HwInnerWifiManagerImpl: SupplicantState = COMPLETED
06-16 22:03:47.239   802  4252 D HwInnerWifiManagerImpl: isPhoneAP = false
06-16 22:03:47.246  3322  3322 I HiAction_RuleManager: IntelligentReceiver: registListener, listener is already exits
06-16 22:03:47.246  1296  1432 D HwBatteryService: onUEvent fcpStatus = 0,scpStatus =0,ovpStatus=0
06-16 22:03:47.247  1296  1432 I HwBatteryService: quick charge status : 0
06-16 22:03:47.247  1296  1432 I HwBatteryService: handleWirelessTxStatus
06-16 22:03:47.247  1296  1432 I HwBatteryService: switch not open, return, mWirelessTxFlag : 0
06-16 22:03:47.248  1296  1432 I UsbDeviceManager: water_intrused state= 0
06-16 22:03:47.249  1852  1981 I BroadcastAdapter: send bg power warning: com.huawei.intent.action.RESET_BG_POWER, pkg: com.huawei.appmarket
06-16 22:03:47.264   917   917 I hisync-findmyphone.LowPowerReport: BatteryLowBroadcastReceiver action:android.intent.action.ACTION_POWER_CONNECTED;isLastLocReportSwitchOpen:true
06-16 22:03:47.264   917   917 I hisync-findmyphone.LowPowerReport: ACTION_POWER_CONNECTED releaseLowBatteryBec
06-16 22:03:47.264  1296  1867 I ActivityManager: App 10081/com.android.browser targets O+, restricted
06-16 22:03:47.264   917   917 I hisync-findmyphone.LowPowerReport: mBatteryChangeBroadcastReceiver is null
06-16 22:03:47.264  1296  1867 W BroadcastQueue: Background execution not allowed: receiving Intent { act=android.intent.action.ACTION_POWER_CONNECTED flg=0x4000010 (has extras) } to com.android.browser/com.tencent.mtt.browser.push.service.ConnectivityReceiver
06-16 22:03:47.266  1930  2261 E HSM_Install_BG: ChargeInfo: doRecordsChargeInfo POWER_LEVEL_CONNECTED_USB_SET POWER_CHARGE_TIME =93603628 POWER_LEVEL_LAST_CAPACITY_RM = 1557 chargeType =0
06-16 22:03:47.277  1296  5041 I BatteryService: normal charge status : 1
06-16 22:03:47.310  1296  7295 I AlarmManager: adjustDeliveryTimeBasedOnStandbyBucketLocked alarm:Alarm{2d979bb type 0 when 1560687371655 PendingIntent{df4454c: PendingIntentRecord{24b427b com.UCMobile startService}}com.UCMobile}, standbyBucket:40, minElapsed:93754348
06-16 22:03:47.310  1296  7295 I AlarmManager: adjustDeliveryTimeBasedOnStandbyBucketLocked alarm:Alarm{126564a type 2 when 89060961 PendingIntent{8ba4a8e: PendingIntentRecord{8c2f71c com.UCMobile startService}}com.UCMobile}, standbyBucket:40, minElapsed:93754348
06-16 22:03:47.313  1296  7295 I AlarmManager: adjustDeliveryTimeBasedOnStandbyBucketLocked alarm:Alarm{5d152d2 type 3 when 87320417 PendingIntent{1c86fa3: PendingIntentRecord{f6d62a0 com.huawei.hiaction startService}}com.huawei.hiaction}, standbyBucket:40, minElapsed:93941254
06-16 22:03:47.322  1296  1323 I NotificationService: enqueueNotificationInternal: pkg=android id=26 notification=Notification(channel=DEVELOPER pri=0 contentView=null vibrate=null sound=null tick defaults=0x0 flags=0x2 color=0x00000000 vis=PUBLIC)
06-16 22:03:47.323  1296  1323 I NotificationService: enqueueNotificationInternal Channel Info : pkg=android id=26 importance =2
06-16 22:03:47.336  1852  1852 I MsgReceiver: intent action: android.intent.action.BATTERY_CHANGED
06-16 22:03:47.337  1296  7295 I AlarmManager: adjustDeliveryTimeBasedOnStandbyBucketLocked alarm:Alarm{97d1d95 type 2 when 94125951 PendingIntent{3d12f11: PendingIntentRecord{ae6ce87 com.ss.android.article.news startService}}com.ss.android.article.news}, standbyBucket:40, minElapsed:99551650
06-16 22:03:47.338  1296  7295 I AlarmManager: adjustDeliveryTimeBasedOnStandbyBucketLocked alarm:Alarm{2ac597 type 1 when 1560695558872 PendingIntent{4345384: PendingIntentRecord{84db5f2 com.ss.android.article.news broadcastIntent}}com.ss.android.article.news}, standbyBucket:40, minElapsed:99551650
06-16 22:03:47.340  1296  7295 I AlarmManager: adjustDeliveryTimeBasedOnStandbyBucketLocked alarm:Alarm{4ede1df type 2 when 93526758 PendingIntent{e52fdb3: PendingIntentRecord{e14bf70 com.wudaokou.hippo startService}}com.wudaokou.hippo}, standbyBucket:40, minElapsed:100706862
06-16 22:03:47.340  1296  7295 I AlarmManager: adjustDeliveryTimeBasedOnStandbyBucketLocked alarm:Alarm{60c2dd7 type 2 when 95682134 PendingIntent{f31f653: PendingIntentRecord{8855b90 com.autonavi.minimap startService}}com.autonavi.minimap}, standbyBucket:40, minElapsed:100706906
06-16 22:03:47.342  1296  7295 I AlarmManager: adjustDeliveryTimeBasedOnStandbyBucketLocked alarm:Alarm{cc9591d type 0 when 1560693824108 PendingIntent{2edcfe7: PendingIntentRecord{8441794 com.huawei.hiai broadcastIntent}}com.huawei.hiai}, standbyBucket:40, minElapsed:100800536
06-16 22:03:47.344  1296  1314 I chatty  : uid=1000(system) ActivityManager expire 1 line
06-16 22:03:47.344  1296  7295 D SmartHeartBeat: isPendingPackage, false, pkg:com.android.deskclock, action:com.android.deskclock.ALARM_ALERT,not pending alarm with AlarmClockInfo
06-16 22:03:47.345  1296  1314 V ActivityManager: startProcess: name=com.android.gallery3d app=null knownToBeDead=true thread=null pid=-1
06-16 22:03:47.350   614 18989 D AudioFlinger: event 162 
06-16 22:03:47.362  1852  1852 I MsgReceiver: intent action: android.hardware.usb.action.USB_STATE
06-16 22:03:47.362 31864 31864 E cube_taskex: HCDN_LOG: [2019-06-16 22:03:47.362][T:31864]Java_com_qiyi_hcdndownloader_HCDNDownloaderTask_SetParamNative 330: taskptr = 0xe52cc5d4,szparamname = device_state,szparamvalue = {"model":"STF-AL00","cpu":-1,"mem":-1,"tmem":-1,"wifi":1,"power":1,"battery":5,"lockScreen":0}

06-16 22:03:47.362   865   865 D MtpReceiver: Debug MTP:ACTION_USB_STATE 
06-16 22:03:47.363 31864 31864 E cube    : HCDN_LOG: [2019-06-16 22:03:47.363][T:31864][func:SetParam],[line:780],[oper:set param],[param_name:device_state],[param_value:{"model":"STF-AL00","cpu":-1,"mem":-1,"tmem":-1,"wifi":1,"power":1,"battery":5,"lockScreen":0}]
06-16 22:03:47.363 31864 31864 E cube    : HCDN_LOG: [2019-06-16 22:03:47.363][T:31864][func:SetParam],[line:363],[oper:set param],[key:device_state],[value:{"model":"STF-AL00","cpu":-1,"mem":-1,"tmem":-1,"wifi":1,"power":1,"battery":5,"lockScreen":0}]
06-16 22:03:47.363 31864 31864 E cube    : HCDN_LOG: [2019-06-16 22:03:47.363][T:31864][func:SetParam],[line:212],[oper:hcdn client set param],[key:device_state],[value:{"model":"STF-AL00","cpu":-1,"mem":-1,"tmem":-1,"wifi":1,"power":1,"battery":5,"lockScreen":0}]
06-16 22:03:47.363 31864 31864 E p2pfile : HCDN_LOG: [2019-06-16 22:03:47.363][T:31864][func:SetParam],[line:2219],[oper: SetParam message ParamName(device_state), ParamValue({"model":"STF-AL00","cpu":-1,"mem":-1,"tmem":-1,"wifi":1,"power":1,"battery":5,"lockScreen":0}), isGlobal(true), m_dwTaskID(0)]
06-16 22:03:47.363 31864 31956 E hcdn_downloadengine: HCDN_LOG: [2019-06-16 22:03:47.363][T:31956]OnRecvSetParam,1782     task_id : 0,SetParam : device_state,{"model":"STF-AL00","cpu":-1,"mem":-1,"tmem":-1,"wifi":1,"power":1,"battery":5,"lockScreen":0} 
06-16 22:03:47.364 31864 31956 E hcdn_downloadengine: HCDN_LOG: [2019-06-16 22:03:47.364][T:31956]ParserDeviceState,3689     device_state {"model":"STF-AL00","cpu":-1,"mem":-1,"tmem":-1,"wifi":1,"power":1,"battery":5,"lockScreen":0} 
06-16 22:03:47.364 31864 31945 E cube    : HCDN_LOG: [2019-06-16 22:03:47.364][T:31945][func:DealSetParam],[line:956],[oper:deal set param by self thread],[param_name:device_state],[param_value:{"model":"STF-AL00","cpu":-1,"mem":-1,"tmem":-1,"wifi":1,"power":1,"battery":5,"lockScreen":0}]
06-16 22:03:47.372 21796  4223 I SystemUpdate: [Installation,ReceiverIntentOperation] Received intent: Intent { act=android.intent.action.ACTION_POWER_CONNECTED flg=0x4000010 cmp=com.google.android.gms/.chimera.GmsIntentOperationService (has extras) }.
06-16 22:03:47.372   614 18989 D AudioFlinger: event 162 
06-16 22:03:47.379  1639  2755 I chatty  : uid=10039(com.huawei.HwMultiScreenShot) Thread-6 expire 1 line
06-16 22:03:47.380  1816  2089 E BDLog   : BD.FilterImpl:com.android.systemui 344 times= 200 over threshold
06-16 22:03:47.380  1816  2089 E BDLog   : BD.FilterImpl:com.android.systemui 344 is illLegal
06-16 22:03:47.381  1639  2778 I chatty  : uid=10039(com.huawei.HwMultiScreenShot) SystemUIThreadF expire 6 lines
06-16 22:03:47.391   865  1353 I ctaifs  : <Android >[Android ][android]:[openFile] 
06-16 22:03:47.405   709 23038 D NuPlayer: hw fadein is disabled!
06-16 22:03:47.405   709 23038 D NuPlayerDriver: NuPlayerDriver(0xf2494880) created, clientPid(1296)
06-16 22:03:47.410  1639  4201 I chatty  : uid=10039(com.huawei.HwMultiScreenShot) InflaterThread expire 14 lines
06-16 22:03:47.410   709  4269 I NuPlayer: kWhatSetAudioSink
06-16 22:03:47.411 31864 31864 E cube_taskex: HCDN_LOG: [2019-06-16 22:03:47.411][T:31864]Java_com_qiyi_hcdndownloader_HCDNDownloaderTask_SetParamNative 330: taskptr = 0xe52cc5d4,szparamname = device_state,szparamvalue = {"model":"STF-AL00","cpu":-1,"mem":-1,"tmem":-1,"wifi":1,"power":1,"battery":5,"lockScreen":0}

06-16 22:03:47.411 31864 31864 E cube    : HCDN_LOG: [2019-06-16 22:03:47.411][T:31864][func:SetParam],[line:780],[oper:set param],[param_name:device_state],[param_value:{"model":"STF-AL00","cpu":-1,"mem":-1,"tmem":-1,"wifi":1,"power":1,"battery":5,"lockScreen":0}]
06-16 22:03:47.411 31864 31864 E cube    : HCDN_LOG: [2019-06-16 22:03:47.411][T:31864][func:SetParam],[line:363],[oper:set param],[key:device_state],[value:{"model":"STF-AL00","cpu":-1,"mem":-1,"tmem":-1,"wifi":1,"power":1,"battery":5,"lockScreen":0}]
06-16 22:03:47.411 31864 31864 E cube    : HCDN_LOG: [2019-06-16 22:03:47.411][T:31864][func:SetParam],[line:212],[oper:hcdn client set param],[key:device_state],[value:{"model":"STF-AL00","cpu":-1,"mem":-1,"tmem":-1,"wifi":1,"power":1,"battery":5,"lockScreen":0}]
06-16 22:03:47.411 31864 31864 E p2pfile : HCDN_LOG: [2019-06-16 22:03:47.411][T:31864][func:SetParam],[line:2219],[oper: SetParam message ParamName(device_state), ParamValue({"model":"STF-AL00","cpu":-1,"mem":-1,"tmem":-1,"wifi":1,"power":1,"battery":5,"lockScreen":0}), isGlobal(true), m_dwTaskID(0)]
06-16 22:03:47.411  1852  1852 I MsgReceiver: intent action: android.hardware.usb.action.USB_STATE
06-16 22:03:47.411 31864 31956 E hcdn_downloadengine: HCDN_LOG: [2019-06-16 22:03:47.411][T:31956]OnRecvSetParam,1782     task_id : 0,SetParam : device_state,{"model":"STF-AL00","cpu":-1,"mem":-1,"tmem":-1,"wifi":1,"power":1,"battery":5,"lockScreen":0} 
06-16 22:03:47.411 31864 31956 E hcdn_downloadengine: HCDN_LOG: [2019-06-16 22:03:47.411][T:31956]ParserDeviceState,3689     device_state {"model":"STF-AL00","cpu":-1,"mem":-1,"tmem":-1,"wifi":1,"power":1,"battery":5,"lockScreen":0} 
06-16 22:03:47.412 31864 31945 E cube    : HCDN_LOG: [2019-06-16 22:03:47.412][T:31945][func:DealSetParam],[line:956],[oper:deal set param by self thread],[param_name:device_state],[param_value:{"model":"STF-AL00","cpu":-1,"mem":-1,"tmem":-1,"wifi":1,"power":1,"battery":5,"lockScreen":0}]
06-16 22:03:47.413   709 23038 D GenericSource: GenericSource
06-16 22:03:47.413   709 23038 I GenericSource: resetDataSource
06-16 22:03:47.413   709 23038 I NuPlayer: setDataSourceAsync fd 29/0/25784 source: 0xee54a340
06-16 22:03:47.413   709 23038 I GenericSource: setDataSource 29/0/25784
06-16 22:03:47.413   709 23038 I GenericSource: resetDataSource
06-16 22:03:47.414   802  4259 W VSimApiWrapper: isPlatformSupportVsim, no such method.
06-16 22:03:47.414   802  4259 W VSimApiWrapper: getVSimSubId, no such method.
06-16 22:03:47.415   802  4259 W VSimApiWrapper: disableVSim, no such method.
06-16 22:03:47.415   802  4259 W VSimApiWrapper: getSimMode, no such method.
06-16 22:03:47.415   802  4259 W VSimApiWrapper: getRegPlmn, no such method.
06-16 22:03:47.415   802  4259 W VSimApiWrapper: getCellLocation, no such method.
06-16 22:03:47.416   802  4259 W VSimApiWrapper: getTrafficData, no such method.
06-16 22:03:47.416   802  4259 W VSimApiWrapper: clearTrafficData, no such method.
06-16 22:03:47.416   802  4259 W VSimApiWrapper: getSimStateViaSysinfoEx, no such method.
06-16 22:03:47.416   802  4259 W VSimApiWrapper: getCpserr, no such method.
06-16 22:03:47.416   802  4259 W VSimApiWrapper: getVsimAvailableNetworks, no such method.
06-16 22:03:47.416   802  4259 W VSimApiWrapper: getDevSubMode, no such method.
06-16 22:03:47.416   802  4259 W VSimApiWrapper: getPreferredNetworkTypeForVSim, no such method.
06-16 22:03:47.416   802  4259 W VSimApiWrapper: getUserReservedSubId, no such method.
06-16 22:03:47.417   802  4259 W VSimApiWrapper: hasIccCardForVSim, no such method.
06-16 22:03:47.417   802  4259 W VSimApiWrapper: hasHardIccCardForVSim, no such method.
06-16 22:03:47.418   802  4259 W VSimApiWrapper: getNetworkCountryIso, no such method.
06-16 22:03:47.418   802  4259 W VSimApiWrapper: dsFlowCfg, no such method.
06-16 22:03:47.418   802  4259 W VSimApiWrapper: isCDMASimCard, no such method.
06-16 22:03:47.419   802  4259 W VSimApiWrapper: getDeviceNetworkCountryIso, no such method.
06-16 22:03:47.420  1852  2626 I ThermalTraceTool: file:sys/class/hw_power/charger/direct_charger/direct_charge_succ,fileExists:false,fileCanRead:false
06-16 22:03:47.420   802  4259 W VSimApiWrapper: getNetworkOperator, no such method.
06-16 22:03:47.423   802  4259 W VSimApiWrapper: getNetworkOperatorName, no such method.
06-16 22:03:47.424  1639  4200 I chatty  : uid=10039(com.huawei.HwMultiScreenShot) InflaterThread expire 7 lines
06-16 22:03:47.424   540   544 I HISEC   : [STATIC      ] static check started
06-16 22:03:47.424   540   543 I iMonitor: create: 940001000
06-16 22:03:47.425   540   543 I iMonitor: send: 940001000
06-16 22:03:47.425   540   543 I HISEC   : [ENGINE      ] upload threat succeed: name:usb-debug,stat:RISK,cred:Y,seq:67,table: 0 0 0 2,errno:#1y,detail:"CONFIGURED"
06-16 22:03:47.426   802  4259 W VSimApiWrapper: getNetworkType, no such method.
06-16 22:03:47.426   724  1173 I         : DPTEST  EventId is not need Hash
06-16 22:03:47.428   802  4259 W VSimApiWrapper: scanVsimAvailableNetworks, no such method.
06-16 22:03:47.429   802  4259 W VSimApiWrapper: getSubscriberId, no such method.
06-16 22:03:47.432   802  4259 W VSimApiWrapper: getNetworkCountryIso, no such method.
06-16 22:03:47.433 21796  4264 I SystemUpdate: [Execution,InstallationEventIntentOperation] Handling event of type 9.
06-16 22:03:47.435   802  4259 W VSimApiWrapper: isNetworkRoaming, no such method.
06-16 22:03:47.436   802  4259 W VSimApiWrapper: getOperatorWithDeviceCustomed, no such method.
06-16 22:03:47.437   802  4259 W VSimApiWrapper: getSubState(), no such method.
06-16 22:03:47.438   802  4259 W VSimApiWrapper: getSimState(), no such method.
06-16 22:03:47.439   802  4259 W VSimApiWrapper: isTrustedEMUI(), no such method.
06-16 22:03:47.439   802  4259 W VSimApiWrapper: isMultiSimEnabled, no such method.
06-16 22:03:47.439   802  4259 W VSimApiWrapper: getVSimSubId, no such method.
06-16 22:03:47.439   802  4259 W VSimApiWrapper: disableVSim, no such method.
06-16 22:03:47.439   802  4259 W VSimApiWrapper: getSimMode, no such method.
06-16 22:03:47.439   802  4259 W VSimApiWrapper: getRegPlmn, no such method.
06-16 22:03:47.439   802  4259 W VSimApiWrapper: getTrafficData, no such method.
06-16 22:03:47.439   802  4259 W VSimApiWrapper: clearTrafficData, no such method.
06-16 22:03:47.439   802  4259 W VSimApiWrapper: getSimStateViaSysinfoEx, no such method.
06-16 22:03:47.439   802  4259 W VSimApiWrapper: getCpserr, no such method.
06-16 22:03:47.439   802  4259 W VSimApiWrapper: getDevSubMode, no such method.
06-16 22:03:47.440   802  4259 W VSimApiWrapper: getPreferredNetworkTypeForVSim, no such method.
06-16 22:03:47.440   802  4259 W VSimApiWrapper: getUserReservedSubId, no such method.
06-16 22:03:47.440   802  4259 W VSimApiWrapper: hasIccCardForVSim, no such method.
06-16 22:03:47.440   802  4259 W VSimApiWrapper: dsFlowCfg, no such method.
06-16 22:03:47.440   802  4259 W VSimApiWrapper: getDeviceNetworkCountryIso, no such method.
06-16 22:03:47.440 21796  4251 I iu.FingerprintManager: Start processing media store URI: content://media/external/images/media
06-16 22:03:47.446  1639  4199 I chatty  : uid=10039(com.huawei.HwMultiScreenShot) InflaterThread expire 7 lines
06-16 22:03:47.448  3382  6017 D WorkSource: Insert in WorkSource{} @ 0 uid 10099 name com.google.android.gms
06-16 22:03:47.449  3382  6017 D WorkSource: Insert in WorkSource{} @ 0 uid 10099 name com.google.android.gms
06-16 22:03:47.449   709  4269 I NuPlayer: kWhatSetDataSource
06-16 22:03:47.452  1578  1595 V AudioManager: mPlaybackCallbackList.size:1
06-16 22:03:47.452  1578  2386 D AudioManager: dispatching onPlaybackConfigChanged()
06-16 22:03:47.452   709 23038 I NuPlayer: prepareAsync
06-16 22:03:47.454  1852  1981 I PGAudioState: receive session 1817 loop : false
06-16 22:03:47.454  1852  1981 I PGAudioState: audio loop can not find session 1817
06-16 22:03:47.455   709  4269 I NuPlayer: onMessageReceived kWhatPrepare
06-16 22:03:47.456   709  4270 I GenericSource: onPrepareAsync: mDataSource: 0
06-16 22:03:47.457  1852  2626 I ThermalTraceTool: file:sys/class/hw_power/charger/direct_charger/direct_charge_succ,fileExists:false,fileCanRead:false
06-16 22:03:47.458   709  4270 D GenericSource: FileSource remote
06-16 22:03:47.458  3382  6017 D WorkSource: Insert in WorkSource{} @ 0 uid 10099 name com.google.android.gms
06-16 22:03:47.459  1296  1307 W HwAlarmManagerService: isContainsAppUidInWorksource-->happend NameNotFoundException
06-16 22:03:47.459  1296  1307 W HwAlarmManagerService: isContainsAppUidInWorksource-->happend NameNotFoundException
06-16 22:03:47.461   709  4270 I GenericSource: IDataSource(FileSource): 0xee514640 30 0 25784
06-16 22:03:47.462 21796  4255 I SystemUpdate: [Execution,InstallationIntentOperation] Received intent: Intent { act=com.google.android.gms.update.INSTALL_UPDATE cat=[targeted_intent_op_prefix:.update.execution.InstallationIntentOperation] cmp=com.google.android.gms/.chimera.GmsIntentOperationService }.
06-16 22:03:47.466  3829  3829 W ContextImpl: Calling a method in the system process without a qualified user: android.app.ContextImpl.startService:1760 android.content.ContextWrapper.startService:664 android.content.ContextWrapper.startService:664 com.android.settings.deviceinfo.UsbReceiver.startUsbService:304 com.android.settings.deviceinfo.UsbReceiver.onUsbStateReceive:165 
06-16 22:03:47.468  3829  3829 W ContextImpl: Calling a method in the system process without a qualified user: android.app.ContextImpl.startService:1760 android.content.ContextWrapper.startService:664 android.content.ContextWrapper.startService:664 com.android.settings.deviceinfo.UsbReceiver.startUsbService:304 com.android.settings.deviceinfo.UsbReceiver.onUsbStateReceive:212 
06-16 22:03:47.474  1296  7295 I chatty  : uid=1000(system) Binder:1296_16 expire 12 lines
06-16 22:03:47.475   802  4259 D HwInnerWifiManagerImpl: SupplicantState = COMPLETED
06-16 22:03:47.475   802  4259 D HwInnerWifiManagerImpl: isPhoneAP = false
06-16 22:03:47.479   707 13455 D MediaExtractorFactory: MediaExtractorFactory::CreateFromService  mime:(null)  uid:1013
06-16 22:03:47.482   802  1708 W HiApp.StoreUrlInterrupter: RepTaskHandler{2510} <<< WARN >>> invokeStore(ResponseBean) Fail,will try GrsProcesser asynchronous again, because of url is empty,targetServer=server.store,method=client.getPushContent
06-16 22:03:47.483   707 13455 D MediaExtractorFactory: Created an extractor 'OggExtractor' with confidence 0.20
06-16 22:03:47.483   707 13455 I MediaExtractorService: extractor service created name = OggExtractor,  mime = (null),  uid = 1013 
06-16 22:03:47.483  1296  1314 V BroadcastQueue: Finished with ordered broadcast BroadcastRecord{b88f3c6 u-1 android.hardware.usb.action.USB_STATE}
06-16 22:03:47.483 21796  4255 I SystemUpdate: [Execution,ExecutionManager] Action finished-execution executed for 0.01 seconds.
06-16 22:03:47.484   709  4270 I GenericSource: initFromDataSource track[0]: audio/vorbis
06-16 22:03:47.484   709  4270 I GenericSource: initFromDataSource mSources.size(): 1  mIsSecure: 0  mime[0]: audio/vorbis
06-16 22:03:47.484   709  4270 I GenericSource: checkDrmInfo: No PSSH
06-16 22:03:47.484   709  4270 I GenericSource: finishPrepareAsync
06-16 22:03:47.484   709  4269 I NuPlayer: onSourceNotify() kWhatFlagsChanged  FLAG_CAN_PAUSE: 1  FLAG_CAN_SEEK_BACKWARD: 1 
06-16 22:03:47.484   709  4269 I NuPlayer: 				 FLAG_CAN_SEEK_FORWARD: 1  FLAG_CAN_SEEK: 1  FLAG_DYNAMIC_DURATION: 0 
06-16 22:03:47.484   709  4269 I NuPlayer: 				 FLAG_SECURE: 0  FLAG_PROTECTED: 0
06-16 22:03:47.484   709  4270 I NuPlayer: Source::notifyPrepared 0
06-16 22:03:47.484   709  4270 I GenericSource: onPrepareAsync: Done
06-16 22:03:47.484   709  4269 I NuPlayer: NuPlayer::onSourceNotify Source::kWhatPrepared source: 0xee54a340
06-16 22:03:47.486   865   865 D MtpReceiver: Debug MTP:ACTION_USB_STATE 
06-16 22:03:47.486  1593  2236 I chatty  : uid=1000(system) Binder:1593_4 expire 27 lines
06-16 22:03:47.487   709 23038 D NuPlayerDriver: reset(0xf2494880) at state 4
06-16 22:03:47.487   709 23038 I GenericSource: GenericSource::disconnect begin
06-16 22:03:47.487   709 23038 I GenericSource: GenericSource::disconnect end
06-16 22:03:47.487   709 23038 D NuPlayer: NuPlayer::resetAsync() post kWhatReset
06-16 22:03:47.487   709  4269 I NuPlayer: kWhatReset
06-16 22:03:47.487   709  4269 I NuPlayer: updatePlaybackTimer(stop)  time                    0 (kWhatReset)
06-16 22:03:47.487   709  4269 I NuPlayer: updateRebufferingTimer(stop)  time                    0 (exiting 1)
06-16 22:03:47.487   709  4269 I NuPlayer: performDecoderFlush audio=2, video=2
06-16 22:03:47.487   709  4269 D NuPlayer: closeAudioSink
06-16 22:03:47.487   709  4269 W AMessage: failed to post message as target looper for handler 0 is gone.
06-16 22:03:47.487   709  4269 D NuPlayer: performReset
06-16 22:03:47.487   709  4269 I NuPlayer: updatePlaybackTimer(stop)  time                    0 (performReset)
06-16 22:03:47.487   709  4269 I NuPlayer: updateRebufferingTimer(stop)  time                    0 (exiting 1)
06-16 22:03:47.487   709  4269 D NuPlayerDriver: notifyResetComplete(0xf2494880)
06-16 22:03:47.487   709 23038 D GenericSource: ~GenericSource
06-16 22:03:47.487   802  4271 I grs     : getGrsUrls 
06-16 22:03:47.487   709 23038 I GenericSource: resetDataSource
06-16 22:03:47.487   802  4271 I grs     : writeLog
06-16 22:03:47.487   802  4271 I grs     : retStr getGrsUrls serviceName-->com.huawei.appmarketV04
06-16 22:03:47.488   709 23038 E MediaPlayerService: getDuration returned -2147483648
06-16 22:03:47.488   709 23038 D NuPlayerDriver: reset(0xf2494880) at state 0
06-16 22:03:47.488   709 23038 I NuPlayer: updateInternalTimers()
06-16 22:03:47.488   709 23038 I NuPlayer: updatePlaybackTimer(snap)  time                    0 (updateInternalTimers)
06-16 22:03:47.488   709 23038 I NuPlayer: updateRebufferingTimer(snap)  time                    0 (exiting 0)
06-16 22:03:47.488  1296 14783 I AlarmManager: adjustDeliveryTimeBasedOnStandbyBucketLocked alarm:Alarm{126564a type 2 when 89060961 PendingIntent{8ba4a8e: PendingIntentRecord{8c2f71c com.UCMobile startService}}com.UCMobile}, standbyBucket:40, minElapsed:93754348
