05-26 15:31:58.337  2528  2858 I HidataAppQoeP: handleStateChanged reason=6
05-26 15:31:58.337  2528  2858 I BrowserChrP: handleStateChanged
05-26 15:31:59.145  2528  2858 I HidataAppQoeP: handleStateChanged reason=6
05-26 15:31:59.145  2528  2858 I BrowserChrP: handleStateChanged
05-26 15:31:59.296  2528  2858 I HidataAppQoeP: handleStateChanged reason=6
05-26 15:31:59.296  2528  2858 I BrowserChrP: handleStateChanged
05-26 15:32:00.830  2528  2858 I HidataAppQoeP: handleStateChanged reason=6
05-26 15:32:00.831  2528  2858 I BrowserChrP: handleStateChanged
05-26 15:32:00.911  1306  1329 I chatty  : uid=1000(system) android.ui expire 10 lines
05-26 15:32:01.977  2596  2596 W SettingsEx: SettingsEx.Systemex.getString deprecated use Settings.System.getString instead ;callers=com.android.internal.telephony.gsm.HwCustGsmServiceStateManagerImpl.isMccForShowNetname:206 com.android.internal.telephony.gsm.HwCustGsmServiceStateManagerImpl.isShowNetnameByMcc:197 com.android.internal.telephony.gsm.HwCustGsmServiceStateManagerImpl.setOnsDisplayCustomization:148 
05-26 15:32:02.007  1306  1325 I chatty  : uid=1000(system) android.bg expire 2 lines
05-26 15:32:02.015  1306  2829 I chatty  : uid=1000(system) Binder:1306_7 expire 12 lines
05-26 15:32:02.016 13635 13635 I HwNetworkPolicyManager: forceUpdatePolicy isRoaming = false
05-26 15:32:02.026  1306  1328 I chatty  : uid=1000(system) ActivityManager expire 2 lines
05-26 15:32:02.053  1306  1320 I chatty  : uid=1000(system) Binder:1306_2 expire 1 line
05-26 15:32:02.098  2596  2596 D Telephony-TelecomAccountRegistry: onServiceStateChanged0 newState : 0, mServiceState : 0
05-26 15:32:02.134  1306  2206 I chatty  : uid=1000(system) NetdConnector expire 10 lines
05-26 15:32:06.834  2528  2858 I HidataAppQoeP: handleStateChanged reason=6
05-26 15:32:06.835  2528  2858 I BrowserChrP: handleStateChanged
05-26 15:32:08.383  2528  2858 I HidataAppQoeP: handleStateChanged reason=6
05-26 15:32:08.384  2528  2858 I BrowserChrP: handleStateChanged
05-26 15:32:08.403  2528  2858 I HidataAppQoeP: handleStateChanged reason=6
05-26 15:32:08.404  2528  2858 I BrowserChrP: handleStateChanged
05-26 15:32:08.783  2528  2858 I HidataAppQoeP: handleStateChanged reason=6
05-26 15:32:08.783  2528  2858 I BrowserChrP: handleStateChanged
05-26 15:32:08.924   697   781 I storaged: storaged_t::event: storage_info refreshed.
05-26 15:32:14.794  2528  2858 I HidataAppQoeP: handleStateChanged reason=6
05-26 15:32:14.794  2528  2858 I BrowserChrP: handleStateChanged
05-26 15:32:15.195  2528  2858 I HidataAppQoeP: handleStateChanged reason=6
05-26 15:32:15.195  2528  2858 I BrowserChrP: handleStateChanged
05-26 15:32:17.418  2528  2858 I HidataAppQoeP: handleStateChanged reason=6
05-26 15:32:17.418  2528  2858 I BrowserChrP: handleStateChanged
05-26 15:32:17.439  2528  2858 I HidataAppQoeP: handleStateChanged reason=6
05-26 15:32:17.439  2528  2858 I BrowserChrP: handleStateChanged
05-26 15:32:18.146  2528  2858 I HidataAppQoeP: handleStateChanged reason=6
05-26 15:32:18.146  2528  2858 I BrowserChrP: handleStateChanged
05-26 15:32:18.215  1306  2829 I chatty  : uid=1000(system) Binder:1306_7 expire 6 lines
05-26 15:32:19.911  2528  2858 I HidataAppQoeP: handleStateChanged reason=6
05-26 15:32:19.911  2528  2858 I BrowserChrP: handleStateChanged
05-26 15:32:20.011  1306  1329 I chatty  : uid=1000(system) android.ui expire 61 lines
05-26 15:32:21.589   551   612 W SocketListener: sending broadcast to Pid = 1306, Uid = 1000 
05-26 15:32:21.593  1306  1337 I chatty  : uid=1000(system) android.fg expire 2 lines
05-26 15:32:21.598  1306  2209 I chatty  : uid=1000(system) NetworkStats expire 5 lines
05-26 15:32:22.073  1306 10300 I chatty  : uid=1000(system) Binder:1306_1C expire 14 lines
05-26 15:32:25.678  1306  2923 I chatty  : uid=1000(system) Binder:1306_A expire 12 lines
05-26 15:32:25.864  2596  2596 W SettingsEx: SettingsEx.Systemex.getString deprecated use Settings.System.getString instead ;callers=com.android.internal.telephony.gsm.HwCustGsmServiceStateManagerImpl.isMccForShowNetname:206 com.android.internal.telephony.gsm.HwCustGsmServiceStateManagerImpl.isShowNetnameByMcc:197 com.android.internal.telephony.gsm.HwCustGsmServiceStateManagerImpl.setOnsDisplayCustomization:148 
05-26 15:32:25.918 13635 13635 I HwNetworkPolicyManager: forceUpdatePolicy isRoaming = false
05-26 15:32:25.984  2596  2596 D Telephony-TelecomAccountRegistry: onServiceStateChanged0 newState : 0, mServiceState : 0
05-26 15:32:26.007  1306  1489 I chatty  : uid=1000(system) InputDispatcher expire 11 lines
05-26 15:32:26.022  2528  2858 I HidataAppQoeP: handleStateChanged reason=6
05-26 15:32:26.022  2528  2858 I BrowserChrP: handleStateChanged
05-26 15:32:26.214  2340 20855 I CommandQueue: updateBarBgColor
05-26 15:32:26.214  2340 20855 D CommandQueue: CommandQueue, setBarBackgroundColor
05-26 15:32:27.903  1306  2924 I chatty  : uid=1000(system) Binder:1306_B expire 14 lines
05-26 15:32:27.913  1306  1326 I chatty  : uid=1000(system) HwActivityManag expire 5 lines
05-26 15:32:27.954  1306  1340 I chatty  : uid=1000(system) HwGameAssistant expire 1 line
05-26 15:32:27.970  2340 20170 I CommandQueue: updateBarBgColor
05-26 15:32:27.971  2340 20170 D CommandQueue: CommandQueue, setBarBackgroundColor
05-26 15:32:28.017  1306  1447 I chatty  : uid=1000(system) android.anim expire 5 lines
05-26 15:32:28.083 13840 13840 D ActivityThread: Remove activity client record, r= ActivityRecord{69170bb token=android.os.BinderProxy@6cf3ecb {com.zhihu.android/com.zhihu.android.app.ui.activity.HostActivity}} token= android.os.BinderProxy@6cf3ecb
05-26 15:32:28.093  1306  2221 I chatty  : uid=1000(system) ConnectivitySer expire 3 lines
05-26 15:32:28.122  2528 19084 I BoosterSwitchP: notifyUidState do nothing
05-26 15:32:28.122  2528 19084 I DeepNoDisturbP: notifyUidState
05-26 15:32:28.122  2528 19084 I HidataAppQoeP: notifyUidState
05-26 15:32:28.122  2528 19084 I BrowserChrP: notifyUidState
05-26 15:32:28.857  2528 19084 W ContextImpl: Calling a method in the system process without a qualified user: android.app.ContextImpl.startService:1760 android.content.ContextWrapper.startService:664 com.huawei.appgallery.assistant.service.AppGalleryAssistantService.startHMSService:419 com.huawei.appgallery.assistant.service.AppGalleryAssistantService.notifyHMSBackgroundEvent:405 com.huawei.appgallery.assistant.service.AppGalleryAssistantService.backgroundEvent:392 
05-26 15:32:29.029  2528 19084 I BoosterSwitchP: notifyUidState do nothing
05-26 15:32:29.029  2528 19084 I DeepNoDisturbP: notifyUidState
05-26 15:32:29.030  2528 19084 I HidataAppQoeP: notifyUidState
05-26 15:32:29.030  2528 19084 I BrowserChrP: notifyUidState
05-26 15:32:29.054  1306  2211 I chatty  : uid=1000(system) tworkPolicy.uid expire 1 line
05-26 15:32:29.067  1306  2206 I chatty  : uid=1000(system) NetdConnector expire 2 lines
05-26 15:32:29.121  1306  4344 I chatty  : uid=1000(system) Binder:1306_10 expire 1 line
05-26 15:32:29.121 13635 13787 I HwNetworkPolicyManager: getHwUidPolicy uid = 10056 policy = 0
05-26 15:32:29.122  1306  1340 I chatty  : uid=1000(system) HwGameAssistant expire 1 line
05-26 15:32:29.123  1306  1326 I chatty  : uid=1000(system) HwActivityManag expire 1 line
05-26 15:32:29.126  1306  1329 I chatty  : uid=1000(system) android.ui expire 1 line
05-26 15:32:29.127  1306  4344 I chatty  : uid=1000(system) Binder:1306_10 expire 3 lines
05-26 15:32:29.130  1306  1329 I chatty  : uid=1000(system) android.ui expire 2 lines
05-26 15:32:29.142  1306  1489 I chatty  : uid=1000(system) InputDispatcher expire 7 lines
05-26 15:32:29.143  1306  1447 I chatty  : uid=1000(system) android.anim expire 24 lines
05-26 15:32:29.148  1306  1329 I chatty  : uid=1000(system) android.ui expire 56 lines
05-26 15:32:29.231  2340 20855 I CommandQueue: updateBarBgColor
05-26 15:32:29.231  2340 20855 D CommandQueue: CommandQueue, setBarBackgroundColor
05-26 15:32:29.292  1306  1331 I chatty  : uid=1000(system) ActivityManager expire 1 line
05-26 15:32:29.292  1306  2520 I chatty  : uid=1000(system) MultiTaskManage expire 1 line
05-26 15:32:29.304 15372 15372 D ActivityThread: Attach thread to application
05-26 15:32:29.318  1306  2923 I chatty  : uid=1000(system) Binder:1306_A expire 4 lines
05-26 15:32:29.424  1306  4344 I chatty  : uid=1000(system) Binder:1306_10 expire 2 lines
05-26 15:32:29.705  2528  7087 I BoosterSwitchP: notifyUidState do nothing
05-26 15:32:29.705  2528  7087 I DeepNoDisturbP: notifyUidState
05-26 15:32:29.705  2528  7087 I HidataAppQoeP: notifyUidState
05-26 15:32:29.705  2528  7087 I BrowserChrP: notifyUidState
05-26 15:32:29.707  1306  1502 I chatty  : uid=1000(system) Binder:1306_4 expire 31 lines
05-26 15:32:30.029  1306  1306 I chatty  : uid=1000 system_server expire 2 lines
05-26 15:32:30.954  1306  1326 I chatty  : uid=1000(system) HwActivityManag expire 4 lines
05-26 15:32:31.003  1306  1320 I chatty  : uid=1000(system) Binder:1306_2 expire 7 lines
05-26 15:32:31.018  2528  7087 I BoosterSwitchP: notifyUidState do nothing
05-26 15:32:31.018  2528  7087 I DeepNoDisturbP: notifyUidState
05-26 15:32:31.018  2528  7087 I HidataAppQoeP: notifyUidState
05-26 15:32:31.018  2528  7087 I BrowserChrP: notifyUidState
05-26 15:32:31.025 13635 13787 I HwNetworkPolicyManager: getHwUidPolicy uid = 10178 policy = 0
05-26 15:32:31.183  1306 10300 I chatty  : uid=1000(system) Binder:1306_1C expire 4 lines
05-26 15:32:31.188  1306  1340 I chatty  : uid=1000(system) HwGameAssistant expire 1 line
05-26 15:32:31.199  2528  2858 I HidataAppQoeP: receiveAPModuleData,dataTypeId=301
05-26 15:32:31.199  2528  2858 I HidataAppQoeP: HIDATA_START_CELLULAR_APP_QOE_MONITOR appUid=10178,time=2000
05-26 15:32:31.199  1306  2924 I chatty  : uid=1000(system) Binder:1306_B expire 5 lines
05-26 15:32:31.201  2340 20855 I CommandQueue: updateBarBgColor
05-26 15:32:31.201  2340 20855 D CommandQueue: CommandQueue, setBarBackgroundColor
05-26 15:32:31.202  1306  2206 I chatty  : uid=1000(system) NetdConnector expire 4 lines
05-26 15:32:31.393  1306  2211 I chatty  : uid=1000(system) tworkPolicy.uid expire 1 line
05-26 15:32:31.417  2528  2543 I BoosterSwitchP: notifyUidState do nothing
05-26 15:32:31.417  2528  2543 I DeepNoDisturbP: notifyUidState
05-26 15:32:31.417  2528  2543 I HidataAppQoeP: notifyUidState
05-26 15:32:31.417  2528  2543 I BrowserChrP: notifyUidState
05-26 15:32:32.018  2528  2858 I HidataAppQoeP: handleStateChanged reason=6
05-26 15:32:32.018  2528  2858 I BrowserChrP: handleStateChanged
05-26 15:32:32.163  1306  1306 I chatty  : uid=1000 system_server expire 3 lines
05-26 15:32:32.239  1306  1502 I chatty  : uid=1000(system) Binder:1306_4 expire 21 lines
05-26 15:32:32.279  1306  1329 I chatty  : uid=1000(system) android.ui expire 28 lines
05-26 15:32:32.600  1306 10424 I chatty  : uid=1000(system) Binder:1306_1D expire 14 lines
05-26 15:32:33.199  2528  2858 I HidataAppQoeP: handleStateChanged reason=1
05-26 15:32:33.199  2528  2858 I HidataAppQoeP: process message REASON_RECEIVE_AP_INFO_TIMEOUT
05-26 15:32:33.199  2528  2858 I HidataAppQoeP: sendExperienceLevelToHidataAppQoe 3
05-26 15:32:33.798  1306  2924 I chatty  : uid=1000(system) Binder:1306_B expire 12 lines
05-26 15:32:33.870  1306  4344 I chatty  : uid=1000(system) Binder:1306_10 expire 2 lines
05-26 15:32:33.909  1306  1334 I chatty  : uid=1000(system) keyAppHanderThr expire 2 lines
05-26 15:32:33.942  1306  1331 I chatty  : uid=1000(system) ActivityManager expire 1 line
05-26 15:32:33.943  1306  2520 I chatty  : uid=1000(system) MultiTaskManage expire 1 line
05-26 15:32:33.969 15464 15464 D ActivityThread: Attach thread to application
05-26 15:32:34.665  1306 10300 I chatty  : uid=1000(system) Binder:1306_1C expire 5 lines
05-26 15:32:34.784  1306  2923 I chatty  : uid=1000(system) Binder:1306_A expire 15 lines
05-26 15:32:34.828  1306  1326 I chatty  : uid=1000(system) HwActivityManag expire 2 lines
05-26 15:32:34.832   754   754 V ActivityThread: Skipping new config:{1.0 460mcc2mnc [zh_CN_#Hans] ldltr sw360dp w360dp h616dp 480dpi nrml long port finger -keyb/v/h -nav/h winConfig={ mBounds=Rect(0, 0 - 0, 0) mAppBounds=Rect(0, 0 - 1080, 1920) mWindowingMode=fullscreen mActivityType=undefined} nonFullScreen=0 hwt:1 suim:1 s.48}, config:{1.0 460mcc2mnc [zh_CN_#Hans] ldltr sw360dp w360dp h616dp 480dpi nrml long port finger -keyb/v/h -nav/h winConfig={ mBounds=Rect(0, 0 - 0, 0) mAppBounds=Rect(0, 0 - 1080, 1920) mWindowingMode=fullscreen mActivityType=undefined} nonFullScreen=0 hwt:1 suim:1 s.48} for app:com.tencent.mm
05-26 15:32:34.840   754   754 V ActivityThread: callActivityOnCreate
05-26 15:32:34.886  1306  1447 I chatty  : uid=1000(system) android.anim expire 7 lines
05-26 15:32:35.007   754   754 D ActivityThread: add activity client record, r= ActivityRecord{c236d token=android.os.BinderProxy@5d3599c {com.tencent.mm/com.tencent.mm.plugin.sns.ui.SnsTimeLineUI}} token= android.os.BinderProxy@5d3599c
05-26 15:32:35.029  1306  1340 I chatty  : uid=1000(system) HwGameAssistant expire 1 line
05-26 15:32:35.030  2528  2858 I HidataAppQoeP: receiveAPModuleData,dataTypeId=302
05-26 15:32:35.032  1306  2206 I chatty  : uid=1000(system) NetdConnector expire 4 lines
05-26 15:32:35.037  2528  2858 I HidataAppQoeP: receiveAPModuleData,dataTypeId=301
05-26 15:32:35.037  2528  2858 I HidataAppQoeP: HIDATA_START_CELLULAR_APP_QOE_MONITOR appUid=10178,time=3000
05-26 15:32:35.043  2340 20855 I CommandQueue: updateBarBgColor
05-26 15:32:35.043  2340 20855 D CommandQueue: CommandQueue, setBarBackgroundColor
05-26 15:32:35.150  1306  1339 I chatty  : uid=1000(system) android.display expire 1 line
05-26 15:32:36.176 15464 15464 E ActivityThread: Failed to find provider info for com.tencent.mm.coolassist.debugprovider
05-26 15:32:36.915  2528  2858 I HidataAppQoeP: handleStateChanged reason=6
05-26 15:32:36.915  2528  2858 I BrowserChrP: handleStateChanged
05-26 15:32:38.038  2528  2858 I HidataAppQoeP: handleStateChanged reason=1
05-26 15:32:38.038  2528  2858 I HidataAppQoeP: process message REASON_RECEIVE_AP_INFO_TIMEOUT
05-26 15:32:38.038  2528  2858 I HidataAppQoeP: sendExperienceLevelToHidataAppQoe 3
05-26 15:32:38.777  1306  2221 I chatty  : uid=1000(system) ConnectivitySer expire 22 lines
05-26 15:32:39.167  1306  1329 I chatty  : uid=1000(system) android.ui expire 50 lines
05-26 15:32:39.173  1306  2923 I chatty  : uid=1000(system) Binder:1306_A expire 11 lines
05-26 15:32:39.188  1306  1331 I chatty  : uid=1000(system) ActivityManager expire 1 line
05-26 15:32:39.189  1306  2520 I chatty  : uid=1000(system) MultiTaskManage expire 1 line
05-26 15:32:39.204 15652 15652 D ActivityThread: Attach thread to application
05-26 15:32:39.362  1306  1502 I chatty  : uid=1000(system) Binder:1306_4 expire 6 lines
05-26 15:32:39.437  1306  2924 I chatty  : uid=1000(system) Binder:1306_B expire 2 lines
05-26 15:32:39.857 15652 15652 E ActivityThread: Failed to find provider info for com.tencent.mm.coolassist.debugprovider
05-26 15:32:40.133  1306  1306 I chatty  : uid=1000 system_server expire 1 line
05-26 15:32:40.977   551   612 W SocketListener: sending broadcast to Pid = 1306, Uid = 1000 
05-26 15:32:40.979  1306  2206 I chatty  : uid=1000(system) NetdConnector expire 14 lines
05-26 15:32:40.980  1306  1337 I chatty  : uid=1000(system) android.fg expire 5 lines
05-26 15:32:40.982  1306  2209 I chatty  : uid=1000(system) NetworkStats expire 5 lines
05-26 15:32:41.199  1306  1320 I chatty  : uid=1000(system) Binder:1306_2 expire 21 lines
05-26 15:32:41.514   551   616 W SocketListener: sending broadcast to Pid = 1306, Uid = 1000 
05-26 15:32:41.561  1306  4344 I chatty  : uid=1000(system) Binder:1306_10 expire 16 lines
05-26 15:32:42.920  2528  2858 I HidataAppQoeP: handleStateChanged reason=6
05-26 15:32:42.920  2528  2858 I BrowserChrP: handleStateChanged
05-26 15:32:44.742  1306  2829 I chatty  : uid=1000(system) Binder:1306_7 expire 15 lines
05-26 15:32:46.567  1306  2464 I chatty  : uid=1000(system) watchdog expire 1 line
05-26 15:32:46.825  1306 10300 I chatty  : uid=1000(system) Binder:1306_1C expire 13 lines
05-26 15:32:47.205  1306  1489 I chatty  : uid=1000(system) InputDispatcher expire 2 lines
05-26 15:32:47.266  1306  1326 I chatty  : uid=1000(system) HwActivityManag expire 4 lines
05-26 15:32:47.323  1306  1340 I chatty  : uid=1000(system) HwGameAssistant expire 2 lines
05-26 15:32:47.326  2528  2858 I HidataAppQoeP: receiveAPModuleData,dataTypeId=302
05-26 15:32:47.331  2340  3132 I CommandQueue: updateBarBgColor
05-26 15:32:47.331  2340  3132 D CommandQueue: CommandQueue, setBarBackgroundColor
05-26 15:32:47.331  2528  2858 I HidataAppQoeP: receiveAPModuleData,dataTypeId=301
05-26 15:32:47.331  2528  2858 I HidataAppQoeP: HIDATA_START_CELLULAR_APP_QOE_MONITOR appUid=10178,time=2000
05-26 15:32:47.379  1306  1447 I chatty  : uid=1000(system) android.anim expire 12 lines
05-26 15:32:47.881   754   754 D ActivityThread: Remove activity client record, r= ActivityRecord{c236d token=android.os.BinderProxy@5d3599c {com.tencent.mm/com.tencent.mm.plugin.sns.ui.SnsTimeLineUI}} token= android.os.BinderProxy@5d3599c
05-26 15:32:48.916  2528  2858 I HidataAppQoeP: handleStateChanged reason=6
05-26 15:32:48.916  2528  2858 I BrowserChrP: handleStateChanged
05-26 15:32:49.292  2528  2858 I HidataAppQoeP: handleStateChanged reason=6
05-26 15:32:49.292  2528  2858 I BrowserChrP: handleStateChanged
05-26 15:32:49.331  2528  2858 I HidataAppQoeP: handleStateChanged reason=1
05-26 15:32:49.331  2528  2858 I HidataAppQoeP: process message REASON_RECEIVE_AP_INFO_TIMEOUT
05-26 15:32:49.331  2528  2858 I HidataAppQoeP: sendExperienceLevelToHidataAppQoe 3
05-26 15:32:49.371  1306  1329 I chatty  : uid=1000(system) android.ui expire 35 lines
05-26 15:32:50.808   754   754 V ActivityThread: Skipping new config:{1.0 460mcc2mnc [zh_CN_#Hans] ldltr sw360dp w360dp h616dp 480dpi nrml long port finger -keyb/v/h -nav/h winConfig={ mBounds=Rect(0, 0 - 0, 0) mAppBounds=Rect(0, 0 - 1080, 1920) mWindowingMode=fullscreen mActivityType=undefined} nonFullScreen=0 hwt:1 suim:1 s.48}, config:{1.0 460mcc2mnc [zh_CN_#Hans] ldltr sw360dp w360dp h616dp 480dpi nrml long port finger -keyb/v/h -nav/h winConfig={ mBounds=Rect(0, 0 - 0, 0) mAppBounds=Rect(0, 0 - 1080, 1920) mWindowingMode=fullscreen mActivityType=undefined} nonFullScreen=0 hwt:1 suim:1 s.48} for app:com.tencent.mm
05-26 15:32:50.811   754   754 V ActivityThread: callActivityOnCreate
05-26 15:32:50.908   754   754 D ActivityThread: add activity client record, r= ActivityRecord{3d83328 token=android.os.BinderProxy@59bdfbb {com.tencent.mm/com.tencent.mm.plugin.sns.ui.SnsTimeLineUI}} token= android.os.BinderProxy@59bdfbb
05-26 15:32:50.929  2528  2858 I HidataAppQoeP: receiveAPModuleData,dataTypeId=302
05-26 15:32:50.937  2528  2858 I HidataAppQoeP: receiveAPModuleData,dataTypeId=301
05-26 15:32:50.937  2528  2858 I HidataAppQoeP: HIDATA_START_CELLULAR_APP_QOE_MONITOR appUid=10178,time=3000
05-26 15:32:50.938  1306  2923 I chatty  : uid=1000(system) Binder:1306_A expire 3 lines
05-26 15:32:50.942  2340 20855 I CommandQueue: updateBarBgColor
05-26 15:32:50.942  2340 20855 D CommandQueue: CommandQueue, setBarBackgroundColor
05-26 15:32:51.012  1306  1339 I chatty  : uid=1000(system) android.display expire 1 line
05-26 15:32:53.939  2528  2858 I HidataAppQoeP: handleStateChanged reason=1
05-26 15:32:53.939  2528  2858 I HidataAppQoeP: process message REASON_RECEIVE_AP_INFO_TIMEOUT
05-26 15:32:53.939  2528  2858 I HidataAppQoeP: sendExperienceLevelToHidataAppQoe 3
05-26 15:32:54.321  1306  1329 I chatty  : uid=1000(system) android.ui expire 53 lines
05-26 15:32:55.073  1306  1489 I chatty  : uid=1000(system) InputDispatcher expire 10 lines
05-26 15:32:55.169  1306 10300 I chatty  : uid=1000(system) Binder:1306_1C expire 4 lines
05-26 15:32:55.188  1306  1326 I chatty  : uid=1000(system) HwActivityManag expire 6 lines
05-26 15:32:55.246  1306  1340 I chatty  : uid=1000(system) HwGameAssistant expire 2 lines
05-26 15:32:55.250  2528  2858 I HidataAppQoeP: receiveAPModuleData,dataTypeId=302
05-26 15:32:55.250  1306  4344 I chatty  : uid=1000(system) Binder:1306_10 expire 16 lines
05-26 15:32:55.251  1306  2206 I chatty  : uid=1000(system) NetdConnector expire 12 lines
05-26 15:32:55.257  2528  2858 I HidataAppQoeP: receiveAPModuleData,dataTypeId=301
05-26 15:32:55.257  2528  2858 I HidataAppQoeP: HIDATA_START_CELLULAR_APP_QOE_MONITOR appUid=10178,time=2000
05-26 15:32:55.258  1306  2923 I chatty  : uid=1000(system) Binder:1306_A expire 26 lines
05-26 15:32:55.263  2340  3132 I CommandQueue: updateBarBgColor
05-26 15:32:55.263  2340  3132 D CommandQueue: CommandQueue, setBarBackgroundColor
05-26 15:32:55.290  2528  2858 I HidataAppQoeP: handleStateChanged reason=6
05-26 15:32:55.290  2528  2858 I BrowserChrP: handleStateChanged
05-26 15:32:55.294  1306  1447 I chatty  : uid=1000(system) android.anim expire 26 lines
05-26 15:32:55.314  1306  1320 I chatty  : uid=1000(system) Binder:1306_2 expire 1 line
05-26 15:32:55.367  1306  2829 I chatty  : uid=1000(system) Binder:1306_7 expire 4 lines
05-26 15:32:55.855   754   754 D ActivityThread: Remove activity client record, r= ActivityRecord{3d83328 token=android.os.BinderProxy@59bdfbb {com.tencent.mm/com.tencent.mm.plugin.sns.ui.SnsTimeLineUI}} token= android.os.BinderProxy@59bdfbb
05-26 15:32:55.857  1306  9594 I chatty  : uid=1000(system) Binder:1306_19 expire 11 lines
05-26 15:32:56.410   754   754 W ViewRootImpl[LauncherUI]: hasFocus:false, stopped:false, isAmbientModefalse, pausedForTransitionfalse, flags:0
05-26 15:32:56.410   754   754 W ViewRootImpl[LauncherUI]: Cancelling event due to no window focus: KeyEvent { action=ACTION_UP, keyCode=KEYCODE_BACK, scanCode=0, metaState=0, flags=0x28, hwFlags=0x0, repeatCount=0, eventTime=47620487, downTime=47620445, deviceId=0, source=0x101 }
05-26 15:32:56.410   754   754 W ViewRootImpl[LauncherUI]: hasFocus:false, stopped:false, isAmbientModefalse, pausedForTransitionfalse, flags:0
05-26 15:32:56.410   754   754 W ViewRootImpl[LauncherUI]: Cancelling event due to no window focus: KeyEvent { action=ACTION_UP, keyCode=KEYCODE_BACK, scanCode=0, metaState=0, flags=0x28, hwFlags=0x0, repeatCount=0, eventTime=47620487, downTime=47620445, deviceId=0, source=0x101 }
05-26 15:32:56.410   754   754 W ViewRootImpl[LauncherUI]: hasFocus:false, stopped:false, isAmbientModefalse, pausedForTransitionfalse, flags:0
05-26 15:32:56.410   754   754 W ViewRootImpl[LauncherUI]: Cancelling event due to no window focus: KeyEvent { action=ACTION_UP, keyCode=KEYCODE_BACK, scanCode=0, metaState=0, flags=0x28, hwFlags=0x0, repeatCount=0, eventTime=47620487, downTime=47620445, deviceId=0, source=0x101 }
05-26 15:32:56.435   754   754 W ViewRootImpl[LauncherUI]: hasFocus:false, stopped:false, isAmbientModefalse, pausedForTransitionfalse, flags:0
05-26 15:32:56.435   754   754 W ViewRootImpl[LauncherUI]: Cancelling event due to no window focus: KeyEvent { action=ACTION_UP, keyCode=KEYCODE_BACK, scanCode=0, metaState=0, flags=0x28, hwFlags=0x0, repeatCount=0, eventTime=47620487, downTime=47620445, deviceId=0, source=0x101 }
05-26 15:32:56.435   754   754 W ViewRootImpl[LauncherUI]: hasFocus:false, stopped:false, isAmbientModefalse, pausedForTransitionfalse, flags:0
05-26 15:32:56.435   754   754 W ViewRootImpl[LauncherUI]: Cancelling event due to no window focus: KeyEvent { action=ACTION_UP, keyCode=KEYCODE_BACK, scanCode=0, metaState=0, flags=0x28, hwFlags=0x0, repeatCount=0, eventTime=47620487, downTime=47620445, deviceId=0, source=0x101 }
05-26 15:32:56.435   754   754 W ViewRootImpl[LauncherUI]: hasFocus:false, stopped:false, isAmbientModefalse, pausedForTransitionfalse, flags:0
05-26 15:32:56.435   754   754 W ViewRootImpl[LauncherUI]: Cancelling event due to no window focus: KeyEvent { action=ACTION_UP, keyCode=KEYCODE_BACK, scanCode=0, metaState=0, flags=0x28, hwFlags=0x0, repeatCount=0, eventTime=47620487, downTime=47620445, deviceId=0, source=0x101 }
05-26 15:32:56.436   754   754 W ViewRootImpl[LauncherUI]: hasFocus:false, stopped:false, isAmbientModefalse, pausedForTransitionfalse, flags:0
05-26 15:32:56.436   754   754 W ViewRootImpl[LauncherUI]: Cancelling event due to no window focus: KeyEvent { action=ACTION_UP, keyCode=KEYCODE_BACK, scanCode=0, metaState=0, flags=0x28, hwFlags=0x0, repeatCount=0, eventTime=47620487, downTime=47620445, deviceId=0, source=0x101 }
05-26 15:32:56.436   754   754 W ViewRootImpl[LauncherUI]: hasFocus:false, stopped:false, isAmbientModefalse, pausedForTransitionfalse, flags:0
05-26 15:32:56.436   754   754 W ViewRootImpl[LauncherUI]: Cancelling event due to no window focus: KeyEvent { action=ACTION_UP, keyCode=KEYCODE_BACK, scanCode=0, metaState=0, flags=0x28, hwFlags=0x0, repeatCount=0, eventTime=47620487, downTime=47620445, deviceId=0, source=0x101 }
05-26 15:32:56.436   754   754 W ViewRootImpl[LauncherUI]: hasFocus:false, stopped:false, isAmbientModefalse, pausedForTransitionfalse, flags:0
05-26 15:32:56.436   754   754 W ViewRootImpl[LauncherUI]: Cancelling event due to no window focus: KeyEvent { action=ACTION_UP, keyCode=KEYCODE_BACK, scanCode=0, metaState=0, flags=0x28, hwFlags=0x0, repeatCount=0, eventTime=47620487, downTime=47620445, deviceId=0, source=0x101 }
05-26 15:32:56.469  2528  2858 I HidataAppQoeP: receiveAPModuleData,dataTypeId=302
05-26 15:32:56.471  2528  7087 I BoosterSwitchP: notifyUidState do nothing
05-26 15:32:56.471  2528  7087 I DeepNoDisturbP: notifyUidState
05-26 15:32:56.471  2528  7087 I HidataAppQoeP: notifyUidState
05-26 15:32:56.471  2528  7087 I BrowserChrP: notifyUidState
05-26 15:32:56.477  1306  2211 I chatty  : uid=1000(system) tworkPolicy.uid expire 1 line
05-26 15:32:56.481 13635 13787 I HwNetworkPolicyManager: getHwUidPolicy uid = 10056 policy = 0
05-26 15:32:56.524  2340 20855 I CommandQueue: updateBarBgColor
05-26 15:32:56.524  2340 20855 D CommandQueue: CommandQueue, setBarBackgroundColor
05-26 15:32:56.555  2528  2543 I BoosterSwitchP: notifyUidState do nothing
05-26 15:32:56.555  2528  2543 I DeepNoDisturbP: notifyUidState
05-26 15:32:56.555  2528  2543 I HidataAppQoeP: notifyUidState
05-26 15:32:56.555  2528  2543 I BrowserChrP: notifyUidState
05-26 15:32:57.205   551   612 W SocketListener: sending broadcast to Pid = 1306, Uid = 1000 
05-26 15:32:57.208  1306  1337 I chatty  : uid=1000(system) android.fg expire 2 lines
05-26 15:32:57.213  1306  2209 I chatty  : uid=1000(system) NetworkStats expire 5 lines
05-26 15:32:57.597  1306 10424 I chatty  : uid=1000(system) Binder:1306_1D expire 5 lines
05-26 15:32:59.462  1306  1490 I chatty  : uid=1000(system) InputReader expire 3 lines
05-26 15:32:59.607  1306  1306 I chatty  : uid=1000 system_server expire 641 lines
05-26 15:32:59.610  1306  1342 I chatty  : uid=1000(system) PowerManagerSer expire 199 lines
05-26 15:32:59.710  2528  2543 I BoosterSwitchP: notifyUidState do nothing
05-26 15:32:59.710  2528  2543 I DeepNoDisturbP: notifyUidState
05-26 15:32:59.710  2528  2543 I HidataAppQoeP: notifyUidState
05-26 15:32:59.710  2528  2543 I BrowserChrP: notifyUidState
05-26 15:32:59.764  1306  4344 I chatty  : uid=1000(system) Binder:1306_10 expire 39 lines
05-26 15:32:59.802  1306  4439 I chatty  : uid=1000(system) Binder:1306_11 expire 1 line
05-26 15:32:59.804  1306  2923 I chatty  : uid=1000(system) Binder:1306_A expire 4 lines
05-26 15:32:59.812   497   540 D vold    : begin lockScreenPrepare
05-26 15:32:59.812   497   540 D vold    : e4crypt_lock_screen_prepare flag is: 1 user_id:0
05-26 15:32:59.813  1306  2256 I chatty  : uid=1000(system) fingerprintServ expire 6 lines
05-26 15:32:59.868  1306  1493 I chatty  : uid=1000(system) HwBinder:1306_3 expire 2 lines
05-26 15:32:59.872  2340  2340 W FingerprintManager: Invalid acquired message: 6, 1001
05-26 15:32:59.905  1306  1306 I chatty  : uid=1000 system_server expire 9 lines
05-26 15:32:59.917  1306  2284 I chatty  : uid=1000(system) PhotonicModulat expire 1 line
05-26 15:33:00.010  1306  1326 I chatty  : uid=1000(system) HwActivityManag expire 1 line
05-26 15:33:00.020  1306  1339 I chatty  : uid=1000(system) android.display expire 2 lines
05-26 15:33:00.058  1306  2829 I chatty  : uid=1000(system) Binder:1306_7 expire 255 lines
05-26 15:33:00.059  1306  9594 I chatty  : uid=1000(system) Binder:1306_19 expire 40 lines
05-26 15:33:00.074  1306  1329 I chatty  : uid=1000(system) android.ui expire 9 lines
05-26 15:33:00.076  1306  2211 I chatty  : uid=1000(system) tworkPolicy.uid expire 1 line
05-26 15:33:00.087  1306  2206 I chatty  : uid=1000(system) NetdConnector expire 2 lines
05-26 15:33:00.114  1306  4064 I chatty  : uid=1000(system) Binder:1306_E expire 348 lines
05-26 15:33:00.210  1306  2234 I chatty  : uid=1000(system) Thread-39 expire 1 line
05-26 15:33:00.446  1306  1466 I chatty  : uid=1000(system) HeartBeatHandle expire 11 lines
05-26 15:33:00.454  2340  2340 W KeyguardViewMediator: callback -> onShowingStateChanged.
05-26 15:33:00.460  1306  2924 I chatty  : uid=1000(system) Binder:1306_B expire 438 lines
05-26 15:33:00.488  2612  2612 V ActivityThread: Handle window ActivityRecord{de51528 token=android.os.BinderProxy@7349167 {com.huawei.android.launcher/com.huawei.android.launcher.unihome.UniHomeLauncher}} visibility: false
05-26 15:33:00.500  1306  1328 I chatty  : uid=1000(system) ActivityManager expire 177 lines
05-26 15:33:00.510  1306  1337 I chatty  : uid=1000(system) android.fg expire 1 line
05-26 15:33:00.554  1306  2218 I chatty  : uid=1000(system) WifiP2pService expire 2 lines
05-26 15:33:00.629  2340  2340 V KeyguardStatusView: refresh statusview showing:true
05-26 15:33:00.635  2340  2340 V KeyguardDisplayManager: show
05-26 15:33:00.644  2528 19440 D FaceRecognizeService: daemon init result val = 0 package = com.android.systemui
05-26 15:33:00.646  2528 19440 D AntiBruteForceProcessor: RemainingAuthenticateNum = 5
05-26 15:33:00.648  2528 23168 D FaceRecognizeService: daemon init result val = 0 package = com.android.systemui
05-26 15:33:00.855  1306  1447 I chatty  : uid=1000(system) android.anim expire 1 line
05-26 15:33:00.911  2528  2858 I BoosterGameP: handleStateChanged reason=2
05-26 15:33:00.916  2528  2858 E BoosterGameP: inValidCQI:-1
05-26 15:33:00.916  2528  2858 I BoosterVideoP: handleStateChanged reason=2
05-26 15:33:00.916  2528  2858 I BoosterVideoP: sendModemUnsolState false
05-26 15:33:00.916  2528  2858 I BoosterSwitchP: handleStateChanged reason=2
05-26 15:33:00.916  2528  2858 I DeepNoDisturbP: handleStateChanged reason=2
05-26 15:33:00.916  2528  2858 I DeepNoDisturbSM: setScreenState isScreenOn=false
05-26 15:33:00.916  2528  2858 I HidataAppQoeP: handleStateChanged reason=2
05-26 15:33:00.916  2528  2858 I BrowserChrP: handleStateChanged
05-26 15:33:00.918  2528  2528 I DeepNoDisturbSM: IdleState processMessage msg.what=EVENT_SCREEN_OFF
05-26 15:33:00.918  2528  2528 I DeepNoDisturbSM: IdleState: default msg.what=11
05-26 15:33:00.941  2528  2859 E HwCommBoosterManager: handleOemHookSetResp end error, ret=-2
05-26 15:33:01.034  1306  3404 I chatty  : uid=1000(system) HwDeviceUsageCo expire 1 line
05-26 15:33:01.297  5346 22747 W ContextImpl: Calling a method in the system process without a qualified user: android.app.ContextImpl.bindService:1840 android.content.ContextWrapper.bindService:698 com.huawei.nb.dataservice.dsclient.RemoteServiceConnection.open:90 com.huawei.nb.dataservice.dsclient.DataServiceProxy.connect:105 com.huawei.nb.dataservice.rsclient.internal.RemoteRuleService.start:27 
05-26 15:33:01.778  1306 10424 I chatty  : uid=1000(system) Binder:1306_1D expire 389 lines
05-26 15:33:03.470  1306  2520 I chatty  : uid=1000(system) MultiTaskManage expire 26 lines
05-26 15:33:03.484  2528 19440 I BoosterSwitchP: notifyUidState do nothing
05-26 15:33:03.484  2528 19440 I DeepNoDisturbP: notifyUidState
05-26 15:33:03.484  2528 19440 I HidataAppQoeP: notifyUidState
05-26 15:33:03.484  2528 19440 I BrowserChrP: notifyUidState
05-26 15:33:03.507  1306  1466 I chatty  : uid=1000(system) HeartBeatHandle expire 5 lines
05-26 15:33:03.521  2528 19440 I BoosterSwitchP: notifyUidState do nothing
05-26 15:33:03.521  2528 19440 I DeepNoDisturbP: notifyUidState
05-26 15:33:03.521  2528 19440 I HidataAppQoeP: notifyUidState
05-26 15:33:03.521  2528 19440 I BrowserChrP: notifyUidState
05-26 15:33:03.548  1306  1328 I chatty  : uid=1000(system) ActivityManager expire 19 lines
05-26 15:33:03.604  2528  2528 I HwCoreAppHelperService: LocalReceiver receives:android.intent.action.PACKAGE_RESTARTED,pkg:com.zhihu.android,uid:10164
05-26 15:33:03.615  1306  1329 I chatty  : uid=1000(system) android.ui expire 19 lines
05-26 15:33:03.618  1306 10281 I chatty  : uid=1000(system) Binder:1306_1A expire 4 lines
05-26 15:33:03.620  2528 19440 I BoosterSwitchP: notifyUidState do nothing
05-26 15:33:03.620  2528 19440 I DeepNoDisturbP: notifyUidState
05-26 15:33:03.620  2528 19440 I HidataAppQoeP: notifyUidState
05-26 15:33:03.620  2528 19440 I BrowserChrP: notifyUidState
05-26 15:33:03.621  1306  1306 I chatty  : uid=1000 system_server expire 85 lines
05-26 15:33:03.730  1306 11430 I chatty  : uid=1000(system) Binder:1306_1E expire 1 line
05-26 15:33:03.731  1306  1339 I chatty  : uid=1000(system) android.display expire 3 lines
05-26 15:33:03.734  1306  2221 I chatty  : uid=1000(system) ConnectivitySer expire 3 lines
05-26 15:33:03.745  1306  1325 I chatty  : uid=1000(system) android.bg expire 2 lines
05-26 15:33:03.978  1306  2234 I chatty  : uid=1000(system) Thread-39 expire 3 lines
05-26 15:33:05.524  1306  1342 I chatty  : uid=1000(system) PowerManagerSer expire 8 lines
05-26 15:33:05.553  1306  1493 I chatty  : uid=1000(system) HwBinder:1306_3 expire 1 line
05-26 15:33:05.569  2340  2645 I PermissionManager: camera remind result:true
05-26 15:33:05.570  2340  2645 I BackgroundPermManager: pkgName: com.android.systemui,pid: 2340 ,uidOf3RdApk: 10039 ,permType: 0 ,permCfg: 1
05-26 15:33:05.692  2340  2340 W KeyguardViewMediator: notifyDrawn as: ScreenTurningOn 
05-26 15:33:05.698  1306  2888 I chatty  : uid=1000(system) Binder:1306_8 expire 1 line
05-26 15:33:05.718  1306  2332 I chatty  : uid=1000(system) Binder:1306_5 expire 1 line
05-26 15:33:05.721  1306  1447 I chatty  : uid=1000(system) android.anim expire 2 lines
05-26 15:33:05.723  1306  1319 I chatty  : uid=1000(system) Binder:1306_1 expire 2 lines
05-26 15:33:05.734  1306  1501 I chatty  : uid=1000(system) Binder:1306_3 expire 1 line
05-26 15:33:05.766  1306  2218 I chatty  : uid=1000(system) WifiP2pService expire 3 lines
05-26 15:33:05.767  2528 19440 D FaceRecognizeService: authenticate begin package = com.android.systemui
05-26 15:33:05.767  2528  3118 D FaceRecognizeService: authenticate running!
05-26 15:33:05.767  2528  3118 D FaceRecognizeService: startAuthentication(com.android.systemui)
05-26 15:33:05.770  2528  3118 D FaceRecognizeService: isMainUser in-userId = 0 currentUserId = 0
05-26 15:33:05.772  2528  3118 D FaceRecognizeService: startAuthentication errorCode = 0
05-26 15:33:05.772  2528  3118 D FaceRecognizeService: current cmd is NULL!
05-26 15:33:05.772  2528  3118 D FaceRecognizeService: start new cmd directly!!
05-26 15:33:05.774  2528  3118 D FaceRecognizeAuthCmd: doStart daemon return value = 0 userId = 0
05-26 15:33:05.774  2528  3118 D FaceRecognizeAuthCmd: authenticate cmd dostart end error code =  success 
05-26 15:33:05.774  2528  3118 D FaceRecognizeBaseCmd: processHalReturnedResult ERROR CODE =  success 
05-26 15:33:05.776   497 15897 D vold    : idle maintenance stopped
05-26 15:33:05.810  1306  6484 I chatty  : uid=1000(system) Binder:1306_16 expire 11 lines
05-26 15:33:05.811  1306  1306 I chatty  : uid=1000 system_server expire 38 lines
05-26 15:33:05.825  1306  2332 I chatty  : uid=1000(system) Binder:1306_5 expire 10 lines
05-26 15:33:05.932  2528  2858 I HidataAppQoeP: handleStateChanged reason=6
05-26 15:33:05.932  2528  2858 I BrowserChrP: handleStateChanged
05-26 15:33:05.955  1306  1342 I chatty  : uid=1000(system) PowerManagerSer expire 13 lines
05-26 15:33:05.958  2596  2596 I Telephony-PstnPhoneCapabilitiesNotifier: handleVideoCapabilitesChanged. Video capability - true
05-26 15:33:05.966  1306  1447 I chatty  : uid=1000(system) android.anim expire 1 line
05-26 15:33:05.966  1306  1329 I chatty  : uid=1000(system) android.ui expire 43 lines
05-26 15:33:05.967  1306  1478 I chatty  : uid=1000(system) hw_finger_unloc expire 1 line
05-26 15:33:05.972  2528  2858 I BoosterGameP: handleStateChanged reason=2
05-26 15:33:05.972  2528  2858 E BoosterGameP: inValidCQI:-1
05-26 15:33:05.972  2528  2858 I BoosterVideoP: handleStateChanged reason=2
05-26 15:33:05.972  2528  2858 I BoosterVideoP: sendModemUnsolState true
05-26 15:33:05.972  2528  2858 I BoosterSwitchP: handleStateChanged reason=2
05-26 15:33:05.974  2528  2858 I DeepNoDisturbP: handleStateChanged reason=2
05-26 15:33:05.974  2528  2858 I DeepNoDisturbSM: setScreenState isScreenOn=true
05-26 15:33:05.974  2528  2858 I HidataAppQoeP: handleStateChanged reason=2
05-26 15:33:05.974  2528  2858 I BrowserChrP: handleStateChanged
05-26 15:33:05.974  2528  2528 I DeepNoDisturbSM: IdleState processMessage msg.what=EVENT_SCREEN_ON
05-26 15:33:05.975  1306  2284 I chatty  : uid=1000(system) PhotonicModulat expire 68 lines
05-26 15:33:05.996  2528  2859 E HwCommBoosterManager: handleOemHookSetResp end error, ret=-2
05-26 15:33:05.998  2528  2528 I DeepNoDisturbSM: isNetworkTypeSuitDeepNoDisturbMode networkType = 13
05-26 15:33:05.998  2528  2528 I DeepNoDisturbSM: isCorrectState=true mIsCallOn=false mGameStatus=0 defaultDataSubId=0 default4GSlotId=0 mIsDefaultDataOn=true mIsScreenOn=true deepNoDisturbModeProp=true isDeepNoDisturbSwitchOn=false isGameDndSwitchOn=false isNetworkTypeSuitDeepNoDisturbMode=true isAirplaneModeOn()=false
05-26 15:33:05.998  2528  2528 I DeepNoDisturbSM: isNeedEnterDeepNoDisturbMode false
05-26 15:33:06.029  1306  1319 I chatty  : uid=1000(system) Binder:1306_1 expire 37 lines
05-26 15:33:06.174  2596  2596 W SettingsEx: SettingsEx.Systemex.getString deprecated use Settings.System.getString instead ;callers=com.android.internal.telephony.gsm.HwCustGsmServiceStateManagerImpl.isMccForShowNetname:206 com.android.internal.telephony.gsm.HwCustGsmServiceStateManagerImpl.isShowNetnameByMcc:197 com.android.internal.telephony.gsm.HwCustGsmServiceStateManagerImpl.setOnsDisplayCustomization:148 
05-26 15:33:06.181  1306  1501 I chatty  : uid=1000(system) Binder:1306_3 expire 14 lines
05-26 15:33:06.342  5346 23152 W ContextImpl: Calling a method in the system process without a qualified user: android.app.ContextImpl.bindService:1840 android.content.ContextWrapper.bindService:698 com.huawei.nb.dataservice.dsclient.RemoteServiceConnection.open:90 com.huawei.nb.dataservice.dsclient.DataServiceProxy.connect:105 com.huawei.nb.dataservice.rsclient.internal.RemoteRuleService.start:27 
05-26 15:33:06.387  1306  4767 I chatty  : uid=1000(system) Binder:1306_13 expire 6 lines
05-26 15:33:06.499  2528  2896 D FaceRecognizeService: onAuthenticationAcquired acquiredInfo = 5
05-26 15:33:06.499  2528  3118 D FaceRecognizeAuthCmd: onMessage EVNET = authenticate acquire  para1= 5 para2 = 0
05-26 15:33:06.502  2528  3118 E FaceRecognizeService: handleMessage EVT = 4
05-26 15:33:06.768  2528  2896 D FaceRecognizeService: onAuthenticationAcquired acquiredInfo = 5
05-26 15:33:06.768  2528  3118 D FaceRecognizeAuthCmd: onMessage EVNET = authenticate acquire  para1= 5 para2 = 0
05-26 15:33:06.769  2528  3118 E FaceRecognizeService: handleMessage EVT = 4
05-26 15:33:07.112  2528  2896 D FaceRecognizeService: onAuthenticationAcquired acquiredInfo = 5
05-26 15:33:07.112  2528  3118 D FaceRecognizeAuthCmd: onMessage EVNET = authenticate acquire  para1= 5 para2 = 0
05-26 15:33:07.113  2528  3118 E FaceRecognizeService: handleMessage EVT = 4
05-26 15:33:07.469  2528  2896 D FaceRecognizeService: onAuthenticationAcquired acquiredInfo = 5
05-26 15:33:07.470  2528  3118 D FaceRecognizeAuthCmd: onMessage EVNET = authenticate acquire  para1= 5 para2 = 0
05-26 15:33:07.471  2528  3118 E FaceRecognizeService: handleMessage EVT = 4
05-26 15:33:07.777  2528  2896 D FaceRecognizeService: onAuthenticationAcquired acquiredInfo = 5
05-26 15:33:07.777  2528  3118 D FaceRecognizeAuthCmd: onMessage EVNET = authenticate acquire  para1= 5 para2 = 0
05-26 15:33:07.779  2528  3118 E FaceRecognizeService: handleMessage EVT = 4
05-26 15:33:08.083  2528  2896 D FaceRecognizeService: onAuthenticationAcquired acquiredInfo = 5
05-26 15:33:08.083  2528  3118 D FaceRecognizeAuthCmd: onMessage EVNET = authenticate acquire  para1= 5 para2 = 0
05-26 15:33:08.084  2528  3118 E FaceRecognizeService: handleMessage EVT = 4
05-26 15:33:08.408  2528  2896 D FaceRecognizeService: onAuthenticationAcquired acquiredInfo = 5
05-26 15:33:08.408  2528  3118 D FaceRecognizeAuthCmd: onMessage EVNET = authenticate acquire  para1= 5 para2 = 0
05-26 15:33:08.412  2528  3118 E FaceRecognizeService: handleMessage EVT = 4
05-26 15:33:08.744  2528  2896 D FaceRecognizeService: onAuthenticationAcquired acquiredInfo = 5
05-26 15:33:08.744  2528  3118 D FaceRecognizeAuthCmd: onMessage EVNET = authenticate acquire  para1= 5 para2 = 0
05-26 15:33:08.745  2528  3118 E FaceRecognizeService: handleMessage EVT = 4
05-26 15:33:08.826  2528  2896 D FaceRecognizeService: onAuthenticationResult userId = 0 errorCode = 4
05-26 15:33:08.827  2528  3118 D FaceRecognizeAuthCmd: onMessage EVNET = authenticate result  para1= 0 para2 = 4
05-26 15:33:08.827  2528  3118 D FaceRecognizeAuthCmd: onAuthenticated userId = 0 errorcode is  timeout 
05-26 15:33:08.837  2528  3118 D FaceRecognizeAuthCmd: reportBigData {"callPkg":"com.android.systemui","sdkVersion":"1.0","callType":"0","result":"0","errorCode":"4","runTime":"3053","authAcquireInfo":"5","authLastAcquireInfo":"5"}
05-26 15:33:08.837  2528  3118 D FaceRecognizeAuthCmd: screen lighter is stop
05-26 15:33:08.838  2528  3118 D FaceRecognizeBaseCmd: onFinish errorCode =  canceled  mSendResult = true mActiveCancel = false
05-26 15:33:08.924   697   781 I storaged: storaged_t::event: storage_info refreshed.
05-26 15:33:08.997  2340  2645 I BackgroundPermManager: pkgName: com.android.systemui,pid: 2340 ,uidOf3RdApk: 10039 ,permType: 0 ,permCfg: 0
05-26 15:33:11.725   551   616 W SocketListener: sending broadcast to Pid = 1306, Uid = 1000 
05-26 15:33:11.729  1306  2206 I chatty  : uid=1000(system) NetdConnector expire 6 lines
05-26 15:33:11.737  1306  1337 I chatty  : uid=1000(system) android.fg expire 4 lines
05-26 15:33:11.939  2528  2858 I HidataAppQoeP: handleStateChanged reason=6
05-26 15:33:11.939  2528  2858 I BrowserChrP: handleStateChanged
05-26 15:33:16.570  1306  2464 I chatty  : uid=1000(system) watchdog expire 1 line
05-26 15:33:17.938  2528  2858 I HidataAppQoeP: handleStateChanged reason=6
05-26 15:33:17.938  2528  2858 I BrowserChrP: handleStateChanged
05-26 15:33:19.870  1306  1319 I chatty  : uid=1000(system) Binder:1306_1 expire 2 lines
05-26 15:33:19.915   551   610 W SocketListener: sending broadcast to Pid = 1306, Uid = 1000 
05-26 15:33:19.936  1306  1335 I chatty  : uid=1000(system) batterystats-wo expire 1 line
05-26 15:33:23.946  2528  2858 I HidataAppQoeP: handleStateChanged reason=6
05-26 15:33:23.946  2528  2858 I BrowserChrP: handleStateChanged
05-26 15:33:26.053  1306  1329 I chatty  : uid=1000(system) android.ui expire 10 lines
05-26 15:33:27.182  1306  2459 I chatty  : uid=1000(system) HwBinder:1306_4 expire 3 lines
05-26 15:33:27.183  1306  2256 I chatty  : uid=1000(system) fingerprintServ expire 10 lines
05-26 15:33:27.192  2340  2340 W FingerprintManager: Invalid acquired message: 6, 1002
05-26 15:33:27.364  1306  1306 I chatty  : uid=1000 system_server expire 2 lines
05-26 15:33:27.381  2528 19973 D FaceRecognizeService: resetTimeout begin!
05-26 15:33:27.381  2528  3118 E FaceRecognizeService: handleMessage EVT = 1002
05-26 15:33:27.381  2528  3118 D AntiBruteForceProcessor: Reset facerecognize lockout, clearAttemptCounter=true
05-26 15:33:27.382  1306  2332 I chatty  : uid=1000(system) Binder:1306_5 expire 9 lines
05-26 15:33:27.382  2528  3118 D AntiBruteForceProcessor: resetTotalFailedTimes current total times = 0
05-26 15:33:27.383  2340  2340 W KeyguardViewMediator: kgsvc callback -> .keyguardGoingAway 4 false false
05-26 15:33:27.396  1306  1319 I chatty  : uid=1000(system) Binder:1306_1 expire 12 lines
05-26 15:33:27.402  1306  1501 I chatty  : uid=1000(system) Binder:1306_3 expire 26 lines
05-26 15:33:27.404  1306  4767 I chatty  : uid=1000(system) Binder:1306_13 expire 27 lines
05-26 15:33:27.436  1306  1329 I chatty  : uid=1000(system) android.ui expire 54 lines
05-26 15:33:27.440  1306  2211 I chatty  : uid=1000(system) tworkPolicy.uid expire 1 line
05-26 15:33:27.440  1306  1447 I chatty  : uid=1000(system) android.anim expire 13 lines
05-26 15:33:27.441  1306  1340 I chatty  : uid=1000(system) HwGameAssistant expire 2 lines
05-26 15:33:27.442  1306  1326 I chatty  : uid=1000(system) HwActivityManag expire 5 lines
05-26 15:33:27.442  1306  2206 I chatty  : uid=1000(system) NetdConnector expire 6 lines
05-26 15:33:27.443  1306  6484 I chatty  : uid=1000(system) Binder:1306_16 expire 4 lines
05-26 15:33:27.492  2340  2340 V KeyguardDisplayManager: hide
05-26 15:33:27.496  2340  2340 W KeyguardViewMediator: callback -> onShowingStateChanged.
05-26 15:33:27.528  1306  1306 I chatty  : uid=1000 system_server expire 12 lines
05-26 15:33:27.531  1306  6210 I chatty  : uid=1000(system) Binder:1306_15 expire 27 lines
05-26 15:33:27.540  1306  1328 I chatty  : uid=1000(system) ActivityManager expire 8 lines
05-26 15:33:27.559  1306  1466 I chatty  : uid=1000(system) HeartBeatHandle expire 29 lines
05-26 15:33:27.880  1306  2218 I chatty  : uid=1000(system) WifiP2pService expire 3 lines
05-26 15:33:29.943  2528  2858 I HidataAppQoeP: handleStateChanged reason=6
05-26 15:33:29.943  2528  2858 I BrowserChrP: handleStateChanged
05-26 15:33:30.062  1306 15998 I chatty  : uid=1000 system_server expire 1 line
05-26 15:33:30.069  1306  1331 I chatty  : uid=1000(system) ActivityManager expire 2 lines
05-26 15:33:30.069  1306  2520 I chatty  : uid=1000(system) MultiTaskManage expire 2 lines
05-26 15:33:30.115 15999 15999 D ActivityThread: Attach thread to application
05-26 15:33:30.131  2528 23168 I BoosterSwitchP: notifyUidState do nothing
05-26 15:33:30.131  2528 23168 I DeepNoDisturbP: notifyUidState
05-26 15:33:30.131  2528 23168 I HidataAppQoeP: notifyUidState
05-26 15:33:30.131  2528 23168 I BrowserChrP: notifyUidState
05-26 15:33:30.185 13635 13787 I HwNetworkPolicyManager: getHwUidPolicy uid = 10165 policy = 0
05-26 15:33:30.434   551   610 W SocketListener: sending broadcast to Pid = 1306, Uid = 1000 
05-26 15:33:30.436  1306  1337 I chatty  : uid=1000(system) android.fg expire 1 line
05-26 15:33:30.468 15999 15999 V ActivityThread: Skipping new config:{1.0 460mcc2mnc [zh_CN_#Hans] ldltr sw360dp w360dp h616dp 480dpi nrml long port finger -keyb/v/h -nav/h winConfig={ mBounds=Rect(0, 0 - 0, 0) mAppBounds=Rect(0, 0 - 1080, 1920) mWindowingMode=fullscreen mActivityType=undefined} nonFullScreen=0 hwt:1 suim:1 s.48}, config:{1.0 460mcc2mnc [zh_CN_#Hans] ldltr sw360dp w360dp h616dp 480dpi nrml long port finger -keyb/v/h -nav/h winConfig={ mBounds=Rect(0, 0 - 0, 0) mAppBounds=Rect(0, 0 - 1080, 1920) mWindowingMode=fullscreen mActivityType=undefined} nonFullScreen=0 hwt:1 suim:1 s.48} for app:com.zhihu.daily.android
05-26 15:33:30.483 15999 15999 V ActivityThread: callActivityOnCreate
05-26 15:33:30.564 16087 16087 D ActivityThread: Attach thread to application
05-26 15:33:30.650 15999 15999 D ActivityThread: add activity client record, r= ActivityRecord{96ba5e0 token=android.os.BinderProxy@1fc3556 {com.zhihu.daily.android/com.zhihu.daily.android.activity.MainActivity_}} token= android.os.BinderProxy@1fc3556
05-26 15:33:30.681  2528  2858 I HidataAppQoeP: handleStateChanged reason=6
05-26 15:33:30.681  2528  2858 I BrowserChrP: handleStateChanged
05-26 15:33:30.704  1306  2221 I chatty  : uid=1000(system) ConnectivitySer expire 20 lines
05-26 15:33:30.710  1306 16134 I chatty  : uid=1000 system_server expire 8 lines
05-26 15:33:30.711  1306  2221 I chatty  : uid=1000(system) ConnectivitySer expire 7 lines
05-26 15:33:30.720  1306  1319 I chatty  : uid=1000(system) Binder:1306_1 expire 11 lines
05-26 15:33:30.723  1306  1329 I chatty  : uid=1000(system) android.ui expire 78 lines
05-26 15:33:30.727  2340  2747 I CommandQueue: updateBarBgColor
05-26 15:33:30.727  2340  2747 D CommandQueue: CommandQueue, setBarBackgroundColor
05-26 15:33:30.780  1306  1447 I chatty  : uid=1000(system) android.anim expire 21 lines
05-26 15:33:30.790  1306  1339 I chatty  : uid=1000(system) android.display expire 1 line
05-26 15:33:30.936  1306  2211 I chatty  : uid=1000(system) tworkPolicy.uid expire 2 lines
05-26 15:33:30.939  1306  2206 I chatty  : uid=1000(system) NetdConnector expire 6 lines
05-26 15:33:30.940  1306  3131 I chatty  : uid=1000(system) Binder:1306_D expire 5 lines
05-26 15:33:30.943  2528 23168 I BoosterSwitchP: notifyUidState do nothing
05-26 15:33:30.943  2528 23168 I DeepNoDisturbP: notifyUidState
05-26 15:33:30.943  2528 23168 I HidataAppQoeP: notifyUidState
05-26 15:33:30.943  2528 23168 I BrowserChrP: notifyUidState
05-26 15:33:31.568  2528  2858 I HidataAppQoeP: handleStateChanged reason=6
05-26 15:33:31.568  2528  2858 I BrowserChrP: handleStateChanged
05-26 15:33:35.480  1306  1466 I chatty  : uid=1000(system) HeartBeatHandle expire 9 lines
05-26 15:33:37.573  2528  2858 I HidataAppQoeP: handleStateChanged reason=6
05-26 15:33:37.573  2528  2858 I BrowserChrP: handleStateChanged
05-26 15:33:39.063  1306  4767 I chatty  : uid=1000(system) Binder:1306_13 expire 13 lines
05-26 15:33:43.574  2528  2858 I HidataAppQoeP: handleStateChanged reason=6
05-26 15:33:43.574  2528  2858 I BrowserChrP: handleStateChanged
05-26 15:33:43.602  1306  1489 I chatty  : uid=1000(system) InputDispatcher expire 26 lines
